Building for debugging...
[0/1] Write swift-version--58304C5D6DBC2206.txt
error: emit-module command failed with exit code 1 (use -v to see invocation)
[2/134] Emitting module Shared
/Users/danielstevens/github-projects/tools-automation/MomentumFinance/Shared/Animations/AnimationManager.swift:267:10: [1;31merror: [1;39mmethod 'body(content:)' must be declared public because it matches a requirement in public protocol 'ViewModifier'[0;0m
[0;36m265 |[0;0m     /// <#Description#>
[0;36m266 |[0;0m     /// - Returns: <#description#>
[0;36m267 |[0;0m     func body(content: Content) -> some View {
    [0;36m|[0;0m          |- [1;31merror: [1;39mmethod 'body(content:)' must be declared public because it matches a requirement in public protocol 'ViewModifier'[0;0m
    [0;36m|[0;0m          `- [1;39mnote: [1;39mmark the instance method as 'public' to satisfy the requirement[0;0m
[0;36m268 |[0;0m         content
[0;36m269 |[0;0m             .rotation3DEffect(

/Users/danielstevens/github-projects/tools-automation/MomentumFinance/Shared/Animations/AnimationManager.swift:287:9: [1;31merror: [1;39mproperty 'body' must be declared public because it matches a requirement in public protocol 'View'[0;0m
[0;36m285 |[0;0m     }
[0;36m286 |[0;0m 
[0;36m287 |[0;0m     var body: some View {
    [0;36m|[0;0m         |- [1;31merror: [1;39mproperty 'body' must be declared public because it matches a requirement in public protocol 'View'[0;0m
    [0;36m|[0;0m         `- [1;39mnote: [1;39mmark the property as 'public' to satisfy the requirement[0;0m
[0;36m288 |[0;0m         Group {
[0;36m289 |[0;0m             switch self.style {

/Users/danielstevens/github-projects/tools-automation/MomentumFinance/Shared/Animations/AnimationManager.swift:345:9: [1;31merror: [1;39mproperty 'body' must be declared public because it matches a requirement in public protocol 'View'[0;0m
[0;36m343 |[0;0m     @State private var animatedProgress: Double = 0
[0;36m344 |[0;0m 
[0;36m345 |[0;0m     var body: some View {
    [0;36m|[0;0m         |- [1;31merror: [1;39mproperty 'body' must be declared public because it matches a requirement in public protocol 'View'[0;0m
    [0;36m|[0;0m         `- [1;39mnote: [1;39mmark the property as 'public' to satisfy the requirement[0;0m
[0;36m346 |[0;0m         GeometryReader { geometry in
[0;36m347 |[0;0m             ZStack(alignment: .leading) {

/Users/danielstevens/github-projects/tools-automation/MomentumFinance/Shared/Animations/AnimationManager.swift:376:13: [1;31merror: [1;39mvar 'objectPool' is not concurrency-safe because it is nonisolated global shared mutable state[0;0m [#]8;;https://docs.swift.org/compiler/documentation/diagnostics/mutable-global-variable\MutableGlobalVariable]8;;\]
[0;36m374 |[0;0m 
[0;36m375 |[0;0m /// Object pool for performance optimization
[0;36m376 |[0;0m private var objectPool: [Any] = []
    [0;36m|[0;0m             |- [1;31merror: [1;39mvar 'objectPool' is not concurrency-safe because it is nonisolated global shared mutable state[0;0m [#]8;;https://docs.swift.org/compiler/documentation/diagnostics/mutable-global-variable\MutableGlobalVariable]8;;\]
    [0;36m|[0;0m             |- [1;39mnote: [1;39mconvert 'objectPool' to a 'let' constant to make 'Sendable' shared state immutable[0;0m
    [0;36m|[0;0m             |- [1;39mnote: [1;39madd '@MainActor' to make var 'objectPool' part of global actor 'MainActor'[0;0m
    [0;36m|[0;0m             `- [1;39mnote: [1;39mdisable concurrency-safety checks if accesses are protected by an external synchronization mechanism[0;0m
[0;36m377 |[0;0m private let maxPoolSize = 50
[0;36m378 |[0;0m 

/Users/danielstevens/github-projects/tools-automation/MomentumFinance/Shared/Components/AccountDetailComponents.swift:547:36: [1;31merror: [1;39m'AccountType' is not a member type of class 'MomentumFinanceCore.FinancialAccount'[0;0m
[0;36m545 |[0;0m     struct AccountEditModel {
[0;36m546 |[0;0m         var name: String
[0;36m547 |[0;0m         var type: [4;39mFinancialAccount[0;0m.AccountType
    [0;36m|[0;0m                                    `- [1;31merror: [1;39m'AccountType' is not a member type of class 'MomentumFinanceCore.FinancialAccount'[0;0m
[0;36m548 |[0;0m         var balance: Double
[0;36m549 |[0;0m         var currencyCode: String

/Users/danielstevens/github-projects/tools-automation/MomentumFinance/Sources/MomentumFinanceCore/Models.swift:93:20: [1;39mnote: [1;39m'FinancialAccount' declared here[0;0m
 [0;36m91 |[0;0m 
 [0;36m92 |[0;0m @Model
 [0;36m93 |[0;0m public final class FinancialAccount: Hashable, Encodable {
    [0;36m|[0;0m                    `- [1;39mnote: [1;39m'FinancialAccount' declared here[0;0m
 [0;36m94 |[0;0m     enum CodingKeys: String, CodingKey {
 [0;36m95 |[0;0m         case name, balance, iconName, createdDate, accountType, currencyCode, creditLimit

/Users/danielstevens/github-projects/tools-automation/MomentumFinance/Shared/Components/Dashboard/DashboardUIComponents.swift:42:15: [1;31merror: [1;39minvalid redeclaration of 'DashboardAccountsSummary'[0;0m
 [0;36m40 |[0;0m // MARK: - Dashboard Accounts Summary
 [0;36m41 |[0;0m 
 [0;36m42 |[0;0m public struct DashboardAccountsSummary: View {
    [0;36m|[0;0m               `- [1;31merror: [1;39minvalid redeclaration of 'DashboardAccountsSummary'[0;0m
 [0;36m43 |[0;0m     public let accounts: [FinancialAccount]
 [0;36m44 |[0;0m     public let onAccountTap: (UUID) -> Void

/Users/danielstevens/github-projects/tools-automation/MomentumFinance/Shared/Components/Dashboard/DashboardUIComponents.swift:203:14: [1;31merror: [1;39minvalid redeclaration of 'formatCurrency'[0;0m
[0;36m201 |[0;0m // MARK: - Helper Functions
[0;36m202 |[0;0m 
[0;36m203 |[0;0m private func formatCurrency(_ amount: Double) -> String {
    [0;36m|[0;0m              `- [1;31merror: [1;39minvalid redeclaration of 'formatCurrency'[0;0m
[0;36m204 |[0;0m     let formatter = NumberFormatter()
[0;36m205 |[0;0m     formatter.numberStyle = .currency

/Users/danielstevens/github-projects/tools-automation/MomentumFinance/Shared/Components/Settings/AccessibilitySettingsSection.swift:7:9: [1;31merror: [1;39mproperty 'body' must be declared public because it matches a requirement in public protocol 'View'[0;0m
 [0;36m5 |[0;0m     @Binding var reducedMotion: Bool
 [0;36m6 |[0;0m 
 [0;36m7 |[0;0m     var body: some View {
   [0;36m|[0;0m         |- [1;31merror: [1;39mproperty 'body' must be declared public because it matches a requirement in public protocol 'View'[0;0m
   [0;36m|[0;0m         `- [1;39mnote: [1;39mmark the property as 'public' to satisfy the requirement[0;0m
 [0;36m8 |[0;0m         Section(header: Text("Accessibility")) {
 [0;36m9 |[0;0m             Toggle("Haptic Feedback", isOn: self.$hapticFeedbackEnabled)

/Users/danielstevens/github-projects/tools-automation/MomentumFinance/Shared/Components/Settings/AppearanceSettingsSection.swift:6:9: [1;31merror: [1;39mproperty 'body' must be declared public because it matches a requirement in public protocol 'View'[0;0m
 [0;36m4 |[0;0m     var darkModePreference: DarkModePreference
 [0;36m5 |[0;0m 
 [0;36m6 |[0;0m     var body: some View {
   [0;36m|[0;0m         |- [1;31merror: [1;39mproperty 'body' must be declared public because it matches a requirement in public protocol 'View'[0;0m
   [0;36m|[0;0m         `- [1;39mnote: [1;39mmark the property as 'public' to satisfy the requirement[0;0m
 [0;36m7 |[0;0m         Section(header: Text("Appearance")) {
 [0;36m8 |[0;0m             Picker("Theme", selection: .constant(self.darkModePreference)) {

/Users/danielstevens/github-projects/tools-automation/MomentumFinance/Shared/Components/UIThemeDemoComponents.swift:6:15: [1;31merror: [1;39minvalid redeclaration of 'ThemeSelectorCard'[0;0m
  [0;36m4 |[0;0m // MARK: - Theme Demo Components
  [0;36m5 |[0;0m 
  [0;36m6 |[0;0m public struct ThemeSelectorCard: View {
    [0;36m|[0;0m               `- [1;31merror: [1;39minvalid redeclaration of 'ThemeSelectorCard'[0;0m
  [0;36m7 |[0;0m     @Binding public var selectedThemeMode: ThemeMode
  [0;36m8 |[0;0m     public let theme: Any?

/Users/danielstevens/github-projects/tools-automation/MomentumFinance/Shared/Components/UIThemeDemoComponents.swift:61:15: [1;31merror: [1;39minvalid redeclaration of 'ThemeFinancialSummaryCard'[0;0m
 [0;36m59 |[0;0m }
 [0;36m60 |[0;0m 
 [0;36m61 |[0;0m public struct ThemeFinancialSummaryCard: View {
    [0;36m|[0;0m               `- [1;31merror: [1;39minvalid redeclaration of 'ThemeFinancialSummaryCard'[0;0m
 [0;36m62 |[0;0m     public var body: some View {
 [0;36m63 |[0;0m         VStack(alignment: .leading, spacing: 12) {

/Users/danielstevens/github-projects/tools-automation/MomentumFinance/Shared/Components/UIThemeDemoComponents.swift:113:15: [1;31merror: [1;39minvalid redeclaration of 'ThemeAccountsList'[0;0m
[0;36m111 |[0;0m }
[0;36m112 |[0;0m 
[0;36m113 |[0;0m public struct ThemeAccountsList: View {
    [0;36m|[0;0m               `- [1;31merror: [1;39minvalid redeclaration of 'ThemeAccountsList'[0;0m
[0;36m114 |[0;0m     public var body: some View {
[0;36m115 |[0;0m         VStack(alignment: .leading, spacing: 12) {

/Users/danielstevens/github-projects/tools-automation/MomentumFinance/Shared/Components/UITransactionComponents.swift:7:15: [1;31merror: [1;39minvalid redeclaration of 'TransactionEmptyStateView'[0;0m
  [0;36m5 |[0;0m // Import transaction types removed
  [0;36m6 |[0;0m 
  [0;36m7 |[0;0m public struct TransactionEmptyStateView: View {
    [0;36m|[0;0m               `- [1;31merror: [1;39minvalid redeclaration of 'TransactionEmptyStateView'[0;0m
  [0;36m8 |[0;0m     public let searchText: String
  [0;36m9 |[0;0m     public let onAddTransaction: () -> Void

/Users/danielstevens/github-projects/tools-automation/MomentumFinance/Shared/Components/UITransactionComponents.swift:48:15: [1;31merror: [1;39minvalid redeclaration of 'TransactionListView'[0;0m
 [0;36m46 |[0;0m }
 [0;36m47 |[0;0m 
 [0;36m48 |[0;0m public struct TransactionListView: View {
    [0;36m|[0;0m               `- [1;31merror: [1;39minvalid redeclaration of 'TransactionListView'[0;0m
 [0;36m49 |[0;0m     public let transactions: [FinancialTransaction]
 [0;36m50 |[0;0m     public let onTransactionTapped: (FinancialTransaction) -> Void

/Users/danielstevens/github-projects/tools-automation/MomentumFinance/Shared/Components/UITransactionComponents.swift:77:15: [1;31merror: [1;39minvalid redeclaration of 'TransactionRowView'[0;0m
 [0;36m75 |[0;0m }
 [0;36m76 |[0;0m 
 [0;36m77 |[0;0m public struct TransactionRowView: View {
    [0;36m|[0;0m               `- [1;31merror: [1;39minvalid redeclaration of 'TransactionRowView'[0;0m
 [0;36m78 |[0;0m     public let transaction: FinancialTransaction
 [0;36m79 |[0;0m     public let onTap: () -> Void

/Users/danielstevens/github-projects/tools-automation/MomentumFinance/Shared/Components/UITransactionComponents.swift:127:15: [1;31merror: [1;39minvalid redeclaration of 'AddTransactionView'[0;0m
[0;36m125 |[0;0m }
[0;36m126 |[0;0m 
[0;36m127 |[0;0m public struct AddTransactionView: View {
    [0;36m|[0;0m               `- [1;31merror: [1;39minvalid redeclaration of 'AddTransactionView'[0;0m
[0;36m128 |[0;0m     public let categories: [Any]
[0;36m129 |[0;0m     public let accounts: [Any]

/Users/danielstevens/github-projects/tools-automation/MomentumFinance/Shared/Components/UITransactionComponents.swift:176:15: [1;31merror: [1;39minvalid redeclaration of 'TransactionDetailView'[0;0m
[0;36m174 |[0;0m }
[0;36m175 |[0;0m 
[0;36m176 |[0;0m public struct TransactionDetailView: View {
    [0;36m|[0;0m               `- [1;31merror: [1;39minvalid redeclaration of 'TransactionDetailView'[0;0m
[0;36m177 |[0;0m     public let transaction: Any
[0;36m178 |[0;0m     @Environment(\.dismiss) private var dismiss

/Users/danielstevens/github-projects/tools-automation/MomentumFinance/Shared/Components/UITransactionComponents.swift:241:15: [1;31merror: [1;39minvalid redeclaration of 'TransactionStatsCard'[0;0m
[0;36m239 |[0;0m }
[0;36m240 |[0;0m 
[0;36m241 |[0;0m public struct TransactionStatsCard: View {
    [0;36m|[0;0m               `- [1;31merror: [1;39minvalid redeclaration of 'TransactionStatsCard'[0;0m
[0;36m242 |[0;0m     public let transactions: [Any]
[0;36m243 |[0;0m 

/Users/danielstevens/github-projects/tools-automation/MomentumFinance/Shared/Components/UITransactionComponents.swift:282:15: [1;31merror: [1;39minvalid redeclaration of 'SearchAndFilterSection'[0;0m
[0;36m280 |[0;0m }
[0;36m281 |[0;0m 
[0;36m282 |[0;0m public struct SearchAndFilterSection: View {
    [0;36m|[0;0m               `- [1;31merror: [1;39minvalid redeclaration of 'SearchAndFilterSection'[0;0m
[0;36m283 |[0;0m     @Binding public var searchText: String
[0;36m284 |[0;0m     @Binding public var selectedFilter: TransactionFilter

/Users/danielstevens/github-projects/tools-automation/MomentumFinance/Shared/Features/Dashboard/InsightsSummaryWidget.swift:41:9: [1;31merror: [1;39mproperty 'body' must be declared public because it matches a requirement in public protocol 'View'[0;0m
 [0;36m39 |[0;0m     @State private var isLoading = true
 [0;36m40 |[0;0m 
 [0;36m41 |[0;0m     var body: some View {
    [0;36m|[0;0m         |- [1;31merror: [1;39mproperty 'body' must be declared public because it matches a requirement in public protocol 'View'[0;0m
    [0;36m|[0;0m         `- [1;39mnote: [1;39mmark the property as 'public' to satisfy the requirement[0;0m
 [0;36m42 |[0;0m         VStack(alignment: .leading, spacing: 10) {
 [0;36m43 |[0;0m             HStack {

/Users/danielstevens/github-projects/tools-automation/MomentumFinance/Shared/Features/Dashboard/InsightsView.swift:20:9: [1;31merror: [1;39mproperty 'body' must be declared public because it matches a requirement in public protocol 'View'[0;0m
 [0;36m18 |[0;0m     @State private var filterType: InsightType?
 [0;36m19 |[0;0m 
 [0;36m20 |[0;0m     var body: some View {
    [0;36m|[0;0m         |- [1;31merror: [1;39mproperty 'body' must be declared public because it matches a requirement in public protocol 'View'[0;0m
    [0;36m|[0;0m         `- [1;39mnote: [1;39mmark the property as 'public' to satisfy the requirement[0;0m
 [0;36m21 |[0;0m         Group {
 [0;36m22 |[0;0m             #if os(macOS)

/Users/danielstevens/github-projects/tools-automation/MomentumFinance/Shared/Features/Dashboard/InsightsWidget.swift:23:9: [1;31merror: [1;39mproperty 'body' must be declared public because it matches a requirement in public protocol 'View'[0;0m
 [0;36m21 |[0;0m     }
 [0;36m22 |[0;0m 
 [0;36m23 |[0;0m     var body: some View {
    [0;36m|[0;0m         |- [1;31merror: [1;39mproperty 'body' must be declared public because it matches a requirement in public protocol 'View'[0;0m
    [0;36m|[0;0m         `- [1;39mnote: [1;39mmark the property as 'public' to satisfy the requirement[0;0m
 [0;36m24 |[0;0m         VStack(alignment: .leading, spacing: 16) {
 [0;36m25 |[0;0m             // Header

/Users/danielstevens/github-projects/tools-automation/MomentumFinance/Shared/Features/Dashboard/InsightsWidget.swift:144:9: [1;31merror: [1;39mproperty 'body' must be declared public because it matches a requirement in public protocol 'View'[0;0m
[0;36m142 |[0;0m     @State private var showDetail = false
[0;36m143 |[0;0m 
[0;36m144 |[0;0m     var body: some View {
    [0;36m|[0;0m         |- [1;31merror: [1;39mproperty 'body' must be declared public because it matches a requirement in public protocol 'View'[0;0m
    [0;36m|[0;0m         `- [1;39mnote: [1;39mmark the property as 'public' to satisfy the requirement[0;0m
[0;36m145 |[0;0m         Button(action: { self.showDetail = true }).accessibilityLabel("Button") {
[0;36m146 |[0;0m             HStack(spacing: 12) {

/Users/danielstevens/github-projects/tools-automation/MomentumFinance/Shared/Features/Dashboard/SimpleDashboardView.swift:33:9: [1;31merror: [1;39mproperty 'body' must be declared public because it matches a requirement in public protocol 'View'[0;0m
 [0;36m31 |[0;0m     #endif
 [0;36m32 |[0;0m 
 [0;36m33 |[0;0m     var body: some View {
    [0;36m|[0;0m         |- [1;31merror: [1;39mproperty 'body' must be declared public because it matches a requirement in public protocol 'View'[0;0m
    [0;36m|[0;0m         `- [1;39mnote: [1;39mmark the property as 'public' to satisfy the requirement[0;0m
 [0;36m34 |[0;0m         NavigationStack {
 [0;36m35 |[0;0m             ScrollView {

/Users/danielstevens/github-projects/tools-automation/MomentumFinance/Shared/Features/GlobalSearch/FeatureGlobalSearchView.swift:169:9: [1;31merror: [1;39mproperty 'body' must be declared public because it matches a requirement in public protocol 'View'[0;0m
[0;36m167 |[0;0m     let result: SearchResult
[0;36m168 |[0;0m 
[0;36m169 |[0;0m     var body: some View {
    [0;36m|[0;0m         |- [1;31merror: [1;39mproperty 'body' must be declared public because it matches a requirement in public protocol 'View'[0;0m
    [0;36m|[0;0m         `- [1;39mnote: [1;39mmark the property as 'public' to satisfy the requirement[0;0m
[0;36m170 |[0;0m         HStack(spacing: 12) {
[0;36m171 |[0;0m             // Icon

/Users/danielstevens/github-projects/tools-automation/MomentumFinance/Shared/Features/GlobalSearch/FeatureGlobalSearchView.swift:232:9: [1;31merror: [1;39mproperty 'body' must be declared public because it matches a requirement in public protocol 'View'[0;0m
[0;36m230 |[0;0m     @Environment(\.dismiss) private var dismiss
[0;36m231 |[0;0m 
[0;36m232 |[0;0m     var body: some View {
    [0;36m|[0;0m         |- [1;31merror: [1;39mproperty 'body' must be declared public because it matches a requirement in public protocol 'View'[0;0m
    [0;36m|[0;0m         `- [1;39mnote: [1;39mmark the property as 'public' to satisfy the requirement[0;0m
[0;36m233 |[0;0m         NavigationView {
[0;36m234 |[0;0m             VStack(spacing: 20) {

/Users/danielstevens/github-projects/tools-automation/MomentumFinance/Shared/Features/GlobalSearch/FeatureGlobalSearchView.swift:309:9: [1;31merror: [1;39mproperty 'body' must be declared public because it matches a requirement in public protocol 'View'[0;0m
[0;36m307 |[0;0m     let value: String
[0;36m308 |[0;0m 
[0;36m309 |[0;0m     var body: some View {
    [0;36m|[0;0m         |- [1;31merror: [1;39mproperty 'body' must be declared public because it matches a requirement in public protocol 'View'[0;0m
    [0;36m|[0;0m         `- [1;39mnote: [1;39mmark the property as 'public' to satisfy the requirement[0;0m
[0;36m310 |[0;0m         VStack(alignment: .leading, spacing: 4) {
[0;36m311 |[0;0m             Text(self.label)

/Users/danielstevens/github-projects/tools-automation/MomentumFinance/Shared/Features/NotificationCenterView.swift:37:9: [1;31merror: [1;39mproperty 'body' must be declared public because it matches a requirement in public protocol 'View'[0;0m
 [0;36m35 |[0;0m     #endif
 [0;36m36 |[0;0m 
 [0;36m37 |[0;0m     var body: some View {
    [0;36m|[0;0m         |- [1;31merror: [1;39mproperty 'body' must be declared public because it matches a requirement in public protocol 'View'[0;0m
    [0;36m|[0;0m         `- [1;39mnote: [1;39mmark the property as 'public' to satisfy the requirement[0;0m
 [0;36m38 |[0;0m         NavigationView {
 [0;36m39 |[0;0m             VStack(spacing: 0) {

/Users/danielstevens/github-projects/tools-automation/MomentumFinance/Shared/Features/NotificationCenterView.swift:101:9: [1;31merror: [1;39mproperty 'body' must be declared public because it matches a requirement in public protocol 'View'[0;0m
 [0;36m99 |[0;0m 
[0;36m100 |[0;0m public struct EmptyNotificationsView: View {
[0;36m101 |[0;0m     var body: some View {
    [0;36m|[0;0m         |- [1;31merror: [1;39mproperty 'body' must be declared public because it matches a requirement in public protocol 'View'[0;0m
    [0;36m|[0;0m         `- [1;39mnote: [1;39mmark the property as 'public' to satisfy the requirement[0;0m
[0;36m102 |[0;0m         VStack(spacing: 20) {
[0;36m103 |[0;0m             Image(systemName: "bell.slash")

/Users/danielstevens/github-projects/tools-automation/MomentumFinance/Shared/Features/NotificationCenterView.swift:127:9: [1;31merror: [1;39mproperty 'body' must be declared public because it matches a requirement in public protocol 'View'[0;0m
[0;36m125 |[0;0m     let onDismiss: () -> Void
[0;36m126 |[0;0m 
[0;36m127 |[0;0m     var body: some View {
    [0;36m|[0;0m         |- [1;31merror: [1;39mproperty 'body' must be declared public because it matches a requirement in public protocol 'View'[0;0m
    [0;36m|[0;0m         `- [1;39mnote: [1;39mmark the property as 'public' to satisfy the requirement[0;0m
[0;36m128 |[0;0m         HStack(spacing: 12) {
[0;36m129 |[0;0m             // Notification Type Icon

/Users/danielstevens/github-projects/tools-automation/MomentumFinance/Shared/Features/NotificationsView.swift:23:9: [1;31merror: [1;39mproperty 'body' must be declared public because it matches a requirement in public protocol 'View'[0;0m
 [0;36m21 |[0;0m     @State private var isLoading = true
 [0;36m22 |[0;0m 
 [0;36m23 |[0;0m     var body: some View {
    [0;36m|[0;0m         |- [1;31merror: [1;39mproperty 'body' must be declared public because it matches a requirement in public protocol 'View'[0;0m
    [0;36m|[0;0m         `- [1;39mnote: [1;39mmark the property as 'public' to satisfy the requirement[0;0m
 [0;36m24 |[0;0m         NavigationView {
 [0;36m25 |[0;0m             VStack(spacing: 0) {

/Users/danielstevens/github-projects/tools-automation/MomentumFinance/Shared/Intelligence/AdvancedFinancialIntelligence.swift:20:5: [1;31merror: [1;39mexpected declaration[0;0m
 [0;36m15 |[0;0m /// Provides predictive analytics, risk assessment, and smart recommendations
 [0;36m16 |[0;0m @MainActor
 [0;36m17 |[0;0m public class AdvancedFinancialIntelligence: ObservableObject {
    [0;36m|[0;0m              `- [1;39mnote: [1;39min declaration of 'AdvancedFinancialIntelligence'[0;0m
 [0;36m18 |[0;0m     // MARK: - Published Properties
 [0;36m19 |[0;0m 
 [0;36m20 |[0;0m     @Published public var insights: [EnhancedFinancialInsight] = []
    [0;36m|[0;0m     `- [1;31merror: [1;39mexpected declaration[0;0m
 [0;36m21 |[0;0m     @Published public var riskAssessment: RiskAssessment?
 [0;36m22 |[0;0m     @Published public var predictiveAnalytics: PredictiveAnalytics?

/Users/danielstevens/github-projects/tools-automation/MomentumFinance/Shared/Intelligence/AdvancedFinancialIntelligence.swift:20:5: [1;31merror: [1;39mexpected '}' in class[0;0m
 [0;36m15 |[0;0m /// Provides predictive analytics, risk assessment, and smart recommendations
 [0;36m16 |[0;0m @MainActor
 [0;36m17 |[0;0m public class AdvancedFinancialIntelligence: ObservableObject {
    [0;36m|[0;0m                                                              `- [1;39mnote: [1;39mto match this opening '{'[0;0m
 [0;36m18 |[0;0m     // MARK: - Published Properties
 [0;36m19 |[0;0m 
 [0;36m20 |[0;0m     @Published public var insights: [EnhancedFinancialInsight] = []
    [0;36m|[0;0m     `- [1;31merror: [1;39mexpected '}' in class[0;0m
 [0;36m21 |[0;0m     @Published public var riskAssessment: RiskAssessment?
 [0;36m22 |[0;0m     @Published public var predictiveAnalytics: PredictiveAnalytics?

/Users/danielstevens/github-projects/tools-automation/MomentumFinance/Shared/Theme/ThemeDemoView.swift:39:9: [1;31merror: [1;39mproperty 'body' must be declared public because it matches a requirement in public protocol 'View'[0;0m
 [0;36m37 |[0;0m     ]
 [0;36m38 |[0;0m 
 [0;36m39 |[0;0m     var body: some View {
    [0;36m|[0;0m         |- [1;31merror: [1;39mproperty 'body' must be declared public because it matches a requirement in public protocol 'View'[0;0m
    [0;36m|[0;0m         `- [1;39mnote: [1;39mmark the property as 'public' to satisfy the requirement[0;0m
 [0;36m40 |[0;0m         NavigationStack {
 [0;36m41 |[0;0m             ScrollView {

/Users/danielstevens/github-projects/tools-automation/MomentumFinance/Shared/Theme/ThemeManager.swift:154:13: [1;31merror: [1;39mvar 'objectPool' is not concurrency-safe because it is nonisolated global shared mutable state[0;0m [#]8;;https://docs.swift.org/compiler/documentation/diagnostics/mutable-global-variable\MutableGlobalVariable]8;;\]
[0;36m152 |[0;0m 
[0;36m153 |[0;0m /// Object pool for performance optimization
[0;36m154 |[0;0m private var objectPool: [Any] = []
    [0;36m|[0;0m             |- [1;31merror: [1;39mvar 'objectPool' is not concurrency-safe because it is nonisolated global shared mutable state[0;0m [#]8;;https://docs.swift.org/compiler/documentation/diagnostics/mutable-global-variable\MutableGlobalVariable]8;;\]
    [0;36m|[0;0m             |- [1;39mnote: [1;39mconvert 'objectPool' to a 'let' constant to make 'Sendable' shared state immutable[0;0m
    [0;36m|[0;0m             |- [1;39mnote: [1;39madd '@MainActor' to make var 'objectPool' part of global actor 'MainActor'[0;0m
    [0;36m|[0;0m             `- [1;39mnote: [1;39mdisable concurrency-safety checks if accesses are protected by an external synchronization mechanism[0;0m
[0;36m155 |[0;0m private let maxPoolSize = 50
[0;36m156 |[0;0m 

[#MutableGlobalVariable]: <https://docs.swift.org/compiler/documentation/diagnostics/mutable-global-variable>
[3/134] Compiling Shared SearchEngineService.swift
/Users/danielstevens/github-projects/tools-automation/MomentumFinance/Shared/Features/GlobalSearch/SearchEngineService.swift:90:42: [1;31merror: [1;39m'Subscription' is ambiguous for type lookup in this context[0;0m
 [0;36m88 |[0;0m 
 [0;36m89 |[0;0m     private func searchSubscriptions(_ query: String) -> [SearchResult] {
 [0;36m90 |[0;0m         let descriptor = FetchDescriptor<[4;39mSubscription[0;0m>()
    [0;36m|[0;0m                                          `- [1;31merror: [1;39m'Subscription' is ambiguous for type lookup in this context[0;0m
 [0;36m91 |[0;0m         guard let subscriptions = try? modelContext.fetch(descriptor) else { return [] }
 [0;36m92 |[0;0m 

Combine.Subscription:2:17: [1;39mnote: [1;39mfound this candidate[0;0m
[0;36m1 |[0;0m @available(macOS 10.15, iOS 13.0, tvOS 13.0, watchOS 6.0, *)
[0;36m2 |[0;0m public protocol Subscription : Cancellable, CustomCombineIdentifierConvertible {
  [0;36m|[0;0m                 `- [1;39mnote: [1;39mfound this candidate[0;0m
[0;36m3 |[0;0m     func request(_ demand: Subscribers.Demand)
[0;36m4 |[0;0m }

/Users/danielstevens/github-projects/tools-automation/MomentumFinance/Sources/MomentumFinanceCore/Models.swift:278:20: [1;39mnote: [1;39mfound this candidate[0;0m
[0;36m276 |[0;0m 
[0;36m277 |[0;0m @Model
[0;36m278 |[0;0m public final class Subscription: Encodable {
    [0;36m|[0;0m                    `- [1;39mnote: [1;39mfound this candidate[0;0m
[0;36m279 |[0;0m     enum CodingKeys: String, CodingKey {
[0;36m280 |[0;0m         case id, name, provider, amount, currencyCode, billingCycle, startDate, nextDueDate, notes,

/Users/danielstevens/github-projects/tools-automation/MomentumFinance/Shared/Features/GlobalSearch/SearchEngineService.swift:91:53: [1;31merror: [1;39mgeneric parameter 'T' could not be inferred[0;0m
 [0;36m89 |[0;0m     private func searchSubscriptions(_ query: String) -> [SearchResult] {
 [0;36m90 |[0;0m         let descriptor = FetchDescriptor<Subscription>()
 [0;36m91 |[0;0m         guard let subscriptions = try? modelContext.fetch(descriptor) else { return [] }
    [0;36m|[0;0m                                                     `- [1;31merror: [1;39mgeneric parameter 'T' could not be inferred[0;0m
 [0;36m92 |[0;0m 
 [0;36m93 |[0;0m         return subscriptions.compactMap { subscription in

SwiftData.ModelContext.fetch:2:13: [1;39mnote: [1;39min call to function 'fetch'[0;0m
[0;36m1 |[0;0m class ModelContext {
[0;36m2 |[0;0m public func fetch<T>(_ descriptor: FetchDescriptor<T>) throws -> [T] where T : PersistentModel}
  [0;36m|[0;0m             `- [1;39mnote: [1;39min call to function 'fetch'[0;0m
[0;36m3 |[0;0m 

/Users/danielstevens/github-projects/tools-automation/MomentumFinance/Shared/Features/GlobalSearch/SearchEngineService.swift:108:20: [1;31merror: [1;39m'nil' is not compatible with closure result type 'SearchResult'[0;0m
[0;36m106 |[0;0m                 )
[0;36m107 |[0;0m             }
[0;36m108 |[0;0m             return nil
    [0;36m|[0;0m                    `- [1;31merror: [1;39m'nil' is not compatible with closure result type 'SearchResult'[0;0m
[0;36m109 |[0;0m         }
[0;36m110 |[0;0m     }

/Users/danielstevens/github-projects/tools-automation/MomentumFinance/Shared/Features/GlobalSearch/SearchHeaderComponent.swift:27:22: [1;33mwarning: [1;39m'onChange(of:perform:)' was deprecated in macOS 14.0: Use `onChange` with a two or zero parameter action closure instead.[0;0m [#]8;;https://docs.swift.org/compiler/documentation/diagnostics/deprecated-declaration\DeprecatedDeclaration]8;;\]
[0;36m25 |[0;0m                     .accessibilityLabel("Text Field")
[0;36m26 |[0;0m                     .textFieldStyle(.plain)
[0;36m27 |[0;0m                     .onChange(of: self.searchText) { _ in
   [0;36m|[0;0m                      `- [1;33mwarning: [1;39m'onChange(of:perform:)' was deprecated in macOS 14.0: Use `onChange` with a two or zero parameter action closure instead.[0;0m [#]8;;https://docs.swift.org/compiler/documentation/diagnostics/deprecated-declaration\DeprecatedDeclaration]8;;\]
[0;36m28 |[0;0m                         self.onSearchChanged?()
[0;36m29 |[0;0m                     }

/Users/danielstevens/github-projects/tools-automation/MomentumFinance/Shared/Features/GoalsAndReports/GoalsAndReportsViewModel.swift:76:25: [1;31merror: [1;39mvalue of optional type 'Date?' must be unwrapped to a value of type 'Date'[0;0m
 [0;36m74 |[0;0m             name: name,
 [0;36m75 |[0;0m             targetAmount: targetAmount,
 [0;36m76 |[0;0m             targetDate: targetDate,
    [0;36m|[0;0m                         |- [1;31merror: [1;39mvalue of optional type 'Date?' must be unwrapped to a value of type 'Date'[0;0m
    [0;36m|[0;0m                         |- [1;39mnote: [1;39mcoalesce using '??' to provide a default when the optional value contains 'nil'[0;0m
    [0;36m|[0;0m                         `- [1;39mnote: [1;39mforce-unwrap using '!' to abort execution if the optional value contains 'nil'[0;0m
 [0;36m77 |[0;0m             notes: notes
 [0;36m78 |[0;0m         )

/Users/danielstevens/github-projects/tools-automation/MomentumFinance/Shared/Features/GoalsAndReports/GoalsAndReportsViewModel.swift:106:14: [1;31merror: [1;39mvalue of type 'SavingsGoal' has no member 'removeFunds'[0;0m
[0;36m104 |[0;0m     /// - Returns: <#description#>
[0;36m105 |[0;0m     func removeFundsFromGoal(_ goal: SavingsGoal, amount: Double) {
[0;36m106 |[0;0m         [4;39mgoal[0;0m.[4;39mremoveFunds[0;0m(amount)
    [0;36m|[0;0m              `- [1;31merror: [1;39mvalue of type 'SavingsGoal' has no member 'removeFunds'[0;0m
[0;36m107 |[0;0m 
[0;36m108 |[0;0m         do {

/Users/danielstevens/github-projects/tools-automation/MomentumFinance/Shared/Features/NotificationCenterView.swift:37:9: [1;31merror: [1;39mproperty 'body' must be declared public because it matches a requirement in public protocol 'View'[0;0m
 [0;36m35 |[0;0m     #endif
 [0;36m36 |[0;0m 
 [0;36m37 |[0;0m     var body: some View {
    [0;36m|[0;0m         |- [1;31merror: [1;39mproperty 'body' must be declared public because it matches a requirement in public protocol 'View'[0;0m
    [0;36m|[0;0m         `- [1;39mnote: [1;39mmark the property as 'public' to satisfy the requirement[0;0m
 [0;36m38 |[0;0m         NavigationView {
 [0;36m39 |[0;0m             VStack(spacing: 0) {

/Users/danielstevens/github-projects/tools-automation/MomentumFinance/Shared/Features/NotificationCenterView.swift:101:9: [1;31merror: [1;39mproperty 'body' must be declared public because it matches a requirement in public protocol 'View'[0;0m
 [0;36m99 |[0;0m 
[0;36m100 |[0;0m public struct EmptyNotificationsView: View {
[0;36m101 |[0;0m     var body: some View {
    [0;36m|[0;0m         |- [1;31merror: [1;39mproperty 'body' must be declared public because it matches a requirement in public protocol 'View'[0;0m
    [0;36m|[0;0m         `- [1;39mnote: [1;39mmark the property as 'public' to satisfy the requirement[0;0m
[0;36m102 |[0;0m         VStack(spacing: 20) {
[0;36m103 |[0;0m             Image(systemName: "bell.slash")

/Users/danielstevens/github-projects/tools-automation/MomentumFinance/Shared/Features/NotificationCenterView.swift:127:9: [1;31merror: [1;39mproperty 'body' must be declared public because it matches a requirement in public protocol 'View'[0;0m
[0;36m125 |[0;0m     let onDismiss: () -> Void
[0;36m126 |[0;0m 
[0;36m127 |[0;0m     var body: some View {
    [0;36m|[0;0m         |- [1;31merror: [1;39mproperty 'body' must be declared public because it matches a requirement in public protocol 'View'[0;0m
    [0;36m|[0;0m         `- [1;39mnote: [1;39mmark the property as 'public' to satisfy the requirement[0;0m
[0;36m128 |[0;0m         HStack(spacing: 12) {
[0;36m129 |[0;0m             // Notification Type Icon

/Users/danielstevens/github-projects/tools-automation/MomentumFinance/Shared/Features/NotificationCenterView.swift:47:22: [1;31merror: [1;39mtrailing closure passed to parameter of type 'Visibility' that does not accept a closure[0;0m
 [0;36m45 |[0;0m             }
 [0;36m46 |[0;0m             .navigationTitle("Notifications")
 [0;36m47 |[0;0m             .toolbar [4;39m{[0;0m
    [0;36m|[0;0m                      `- [1;31merror: [1;39mtrailing closure passed to parameter of type 'Visibility' that does not accept a closure[0;0m
 [0;36m48 |[0;0m                 ToolbarItem(placement: .automatic) {
 [0;36m49 |[0;0m                     Button("Done").accessibilityLabel("Button") {

SwiftUI.View.toolbar:6:27: [1;39mnote: [1;39m'toolbar(_:for:)' declared here[0;0m
[0;36m4 |[0;0m   @available(tvOS, introduced: 16.0, deprecated: 100000.0, renamed: "toolbarVisibility(_:for:)")
[0;36m5 |[0;0m   @available(watchOS, introduced: 9.0, deprecated: 100000.0, renamed: "toolbarVisibility(_:for:)")
[0;36m6 |[0;0m   nonisolated public func toolbar(_ visibility: Visibility, for bars: ToolbarPlacement...) -> some View
  [0;36m|[0;0m                           `- [1;39mnote: [1;39m'toolbar(_:for:)' declared here[0;0m
[0;36m7 |[0;0m   }
[0;36m8 |[0;0m 

/Users/danielstevens/github-projects/tools-automation/MomentumFinance/Shared/Features/NotificationCenterView.swift:162:20: [1;31merror: [1;39mmissing argument for parameter #1 in call[0;0m
[0;36m160 |[0;0m 
[0;36m161 |[0;0m             // Dismiss Button
[0;36m162 |[0;0m             Button(action: self.onDismiss).accessibilityLabel("Button") {
    [0;36m|[0;0m                    `- [1;31merror: [1;39mmissing argument for parameter #1 in call[0;0m
[0;36m163 |[0;0m                 Image(systemName: "xmark.circle.fill")
[0;36m164 |[0;0m                     .font(.title3)

SwiftUI.Button.init:2:36: [1;39mnote: [1;39m'init(_:action:)' declared here[0;0m
[0;36m1 |[0;0m generic struct Button {
[0;36m2 |[0;0m @preconcurrency nonisolated public init(_ titleKey: LocalizedStringKey, action: @escaping @MainActor () -> Void)}
  [0;36m|[0;0m                                    `- [1;39mnote: [1;39m'init(_:action:)' declared here[0;0m
[0;36m3 |[0;0m 

/Users/danielstevens/github-projects/tools-automation/MomentumFinance/Shared/Features/NotificationCenterView.swift:162:73: [1;31merror: [1;39mtype '_' cannot be used as a boolean; test for '!= 0' instead[0;0m
[0;36m160 |[0;0m 
[0;36m161 |[0;0m             // Dismiss Button
[0;36m162 |[0;0m             Button(action: self.onDismiss).accessibilityLabel("Button") {
    [0;36m|[0;0m                                                                         `- [1;31merror: [1;39mtype '_' cannot be used as a boolean; test for '!= 0' instead[0;0m
[0;36m163 |[0;0m                 Image(systemName: "xmark.circle.fill")
[0;36m164 |[0;0m                     .font(.title3)

[#DeprecatedDeclaration]: <https://docs.swift.org/compiler/documentation/diagnostics/deprecated-declaration>
[4/134] Compiling Shared SearchHeaderComponent.swift
/Users/danielstevens/github-projects/tools-automation/MomentumFinance/Shared/Features/GlobalSearch/SearchEngineService.swift:90:42: [1;31merror: [1;39m'Subscription' is ambiguous for type lookup in this context[0;0m
 [0;36m88 |[0;0m 
 [0;36m89 |[0;0m     private func searchSubscriptions(_ query: String) -> [SearchResult] {
 [0;36m90 |[0;0m         let descriptor = FetchDescriptor<[4;39mSubscription[0;0m>()
    [0;36m|[0;0m                                          `- [1;31merror: [1;39m'Subscription' is ambiguous for type lookup in this context[0;0m
 [0;36m91 |[0;0m         guard let subscriptions = try? modelContext.fetch(descriptor) else { return [] }
 [0;36m92 |[0;0m 

Combine.Subscription:2:17: [1;39mnote: [1;39mfound this candidate[0;0m
[0;36m1 |[0;0m @available(macOS 10.15, iOS 13.0, tvOS 13.0, watchOS 6.0, *)
[0;36m2 |[0;0m public protocol Subscription : Cancellable, CustomCombineIdentifierConvertible {
  [0;36m|[0;0m                 `- [1;39mnote: [1;39mfound this candidate[0;0m
[0;36m3 |[0;0m     func request(_ demand: Subscribers.Demand)
[0;36m4 |[0;0m }

/Users/danielstevens/github-projects/tools-automation/MomentumFinance/Sources/MomentumFinanceCore/Models.swift:278:20: [1;39mnote: [1;39mfound this candidate[0;0m
[0;36m276 |[0;0m 
[0;36m277 |[0;0m @Model
[0;36m278 |[0;0m public final class Subscription: Encodable {
    [0;36m|[0;0m                    `- [1;39mnote: [1;39mfound this candidate[0;0m
[0;36m279 |[0;0m     enum CodingKeys: String, CodingKey {
[0;36m280 |[0;0m         case id, name, provider, amount, currencyCode, billingCycle, startDate, nextDueDate, notes,

/Users/danielstevens/github-projects/tools-automation/MomentumFinance/Shared/Features/GlobalSearch/SearchEngineService.swift:91:53: [1;31merror: [1;39mgeneric parameter 'T' could not be inferred[0;0m
 [0;36m89 |[0;0m     private func searchSubscriptions(_ query: String) -> [SearchResult] {
 [0;36m90 |[0;0m         let descriptor = FetchDescriptor<Subscription>()
 [0;36m91 |[0;0m         guard let subscriptions = try? modelContext.fetch(descriptor) else { return [] }
    [0;36m|[0;0m                                                     `- [1;31merror: [1;39mgeneric parameter 'T' could not be inferred[0;0m
 [0;36m92 |[0;0m 
 [0;36m93 |[0;0m         return subscriptions.compactMap { subscription in

SwiftData.ModelContext.fetch:2:13: [1;39mnote: [1;39min call to function 'fetch'[0;0m
[0;36m1 |[0;0m class ModelContext {
[0;36m2 |[0;0m public func fetch<T>(_ descriptor: FetchDescriptor<T>) throws -> [T] where T : PersistentModel}
  [0;36m|[0;0m             `- [1;39mnote: [1;39min call to function 'fetch'[0;0m
[0;36m3 |[0;0m 

/Users/danielstevens/github-projects/tools-automation/MomentumFinance/Shared/Features/GlobalSearch/SearchEngineService.swift:108:20: [1;31merror: [1;39m'nil' is not compatible with closure result type 'SearchResult'[0;0m
[0;36m106 |[0;0m                 )
[0;36m107 |[0;0m             }
[0;36m108 |[0;0m             return nil
    [0;36m|[0;0m                    `- [1;31merror: [1;39m'nil' is not compatible with closure result type 'SearchResult'[0;0m
[0;36m109 |[0;0m         }
[0;36m110 |[0;0m     }

/Users/danielstevens/github-projects/tools-automation/MomentumFinance/Shared/Features/GlobalSearch/SearchHeaderComponent.swift:27:22: [1;33mwarning: [1;39m'onChange(of:perform:)' was deprecated in macOS 14.0: Use `onChange` with a two or zero parameter action closure instead.[0;0m [#]8;;https://docs.swift.org/compiler/documentation/diagnostics/deprecated-declaration\DeprecatedDeclaration]8;;\]
[0;36m25 |[0;0m                     .accessibilityLabel("Text Field")
[0;36m26 |[0;0m                     .textFieldStyle(.plain)
[0;36m27 |[0;0m                     .onChange(of: self.searchText) { _ in
   [0;36m|[0;0m                      `- [1;33mwarning: [1;39m'onChange(of:perform:)' was deprecated in macOS 14.0: Use `onChange` with a two or zero parameter action closure instead.[0;0m [#]8;;https://docs.swift.org/compiler/documentation/diagnostics/deprecated-declaration\DeprecatedDeclaration]8;;\]
[0;36m28 |[0;0m                         self.onSearchChanged?()
[0;36m29 |[0;0m                     }

/Users/danielstevens/github-projects/tools-automation/MomentumFinance/Shared/Features/GoalsAndReports/GoalsAndReportsViewModel.swift:76:25: [1;31merror: [1;39mvalue of optional type 'Date?' must be unwrapped to a value of type 'Date'[0;0m
 [0;36m74 |[0;0m             name: name,
 [0;36m75 |[0;0m             targetAmount: targetAmount,
 [0;36m76 |[0;0m             targetDate: targetDate,
    [0;36m|[0;0m                         |- [1;31merror: [1;39mvalue of optional type 'Date?' must be unwrapped to a value of type 'Date'[0;0m
    [0;36m|[0;0m                         |- [1;39mnote: [1;39mcoalesce using '??' to provide a default when the optional value contains 'nil'[0;0m
    [0;36m|[0;0m                         `- [1;39mnote: [1;39mforce-unwrap using '!' to abort execution if the optional value contains 'nil'[0;0m
 [0;36m77 |[0;0m             notes: notes
 [0;36m78 |[0;0m         )

/Users/danielstevens/github-projects/tools-automation/MomentumFinance/Shared/Features/GoalsAndReports/GoalsAndReportsViewModel.swift:106:14: [1;31merror: [1;39mvalue of type 'SavingsGoal' has no member 'removeFunds'[0;0m
[0;36m104 |[0;0m     /// - Returns: <#description#>
[0;36m105 |[0;0m     func removeFundsFromGoal(_ goal: SavingsGoal, amount: Double) {
[0;36m106 |[0;0m         [4;39mgoal[0;0m.[4;39mremoveFunds[0;0m(amount)
    [0;36m|[0;0m              `- [1;31merror: [1;39mvalue of type 'SavingsGoal' has no member 'removeFunds'[0;0m
[0;36m107 |[0;0m 
[0;36m108 |[0;0m         do {

/Users/danielstevens/github-projects/tools-automation/MomentumFinance/Shared/Features/NotificationCenterView.swift:37:9: [1;31merror: [1;39mproperty 'body' must be declared public because it matches a requirement in public protocol 'View'[0;0m
 [0;36m35 |[0;0m     #endif
 [0;36m36 |[0;0m 
 [0;36m37 |[0;0m     var body: some View {
    [0;36m|[0;0m         |- [1;31merror: [1;39mproperty 'body' must be declared public because it matches a requirement in public protocol 'View'[0;0m
    [0;36m|[0;0m         `- [1;39mnote: [1;39mmark the property as 'public' to satisfy the requirement[0;0m
 [0;36m38 |[0;0m         NavigationView {
 [0;36m39 |[0;0m             VStack(spacing: 0) {

/Users/danielstevens/github-projects/tools-automation/MomentumFinance/Shared/Features/NotificationCenterView.swift:101:9: [1;31merror: [1;39mproperty 'body' must be declared public because it matches a requirement in public protocol 'View'[0;0m
 [0;36m99 |[0;0m 
[0;36m100 |[0;0m public struct EmptyNotificationsView: View {
[0;36m101 |[0;0m     var body: some View {
    [0;36m|[0;0m         |- [1;31merror: [1;39mproperty 'body' must be declared public because it matches a requirement in public protocol 'View'[0;0m
    [0;36m|[0;0m         `- [1;39mnote: [1;39mmark the property as 'public' to satisfy the requirement[0;0m
[0;36m102 |[0;0m         VStack(spacing: 20) {
[0;36m103 |[0;0m             Image(systemName: "bell.slash")

/Users/danielstevens/github-projects/tools-automation/MomentumFinance/Shared/Features/NotificationCenterView.swift:127:9: [1;31merror: [1;39mproperty 'body' must be declared public because it matches a requirement in public protocol 'View'[0;0m
[0;36m125 |[0;0m     let onDismiss: () -> Void
[0;36m126 |[0;0m 
[0;36m127 |[0;0m     var body: some View {
    [0;36m|[0;0m         |- [1;31merror: [1;39mproperty 'body' must be declared public because it matches a requirement in public protocol 'View'[0;0m
    [0;36m|[0;0m         `- [1;39mnote: [1;39mmark the property as 'public' to satisfy the requirement[0;0m
[0;36m128 |[0;0m         HStack(spacing: 12) {
[0;36m129 |[0;0m             // Notification Type Icon

/Users/danielstevens/github-projects/tools-automation/MomentumFinance/Shared/Features/NotificationCenterView.swift:47:22: [1;31merror: [1;39mtrailing closure passed to parameter of type 'Visibility' that does not accept a closure[0;0m
 [0;36m45 |[0;0m             }
 [0;36m46 |[0;0m             .navigationTitle("Notifications")
 [0;36m47 |[0;0m             .toolbar [4;39m{[0;0m
    [0;36m|[0;0m                      `- [1;31merror: [1;39mtrailing closure passed to parameter of type 'Visibility' that does not accept a closure[0;0m
 [0;36m48 |[0;0m                 ToolbarItem(placement: .automatic) {
 [0;36m49 |[0;0m                     Button("Done").accessibilityLabel("Button") {

SwiftUI.View.toolbar:6:27: [1;39mnote: [1;39m'toolbar(_:for:)' declared here[0;0m
[0;36m4 |[0;0m   @available(tvOS, introduced: 16.0, deprecated: 100000.0, renamed: "toolbarVisibility(_:for:)")
[0;36m5 |[0;0m   @available(watchOS, introduced: 9.0, deprecated: 100000.0, renamed: "toolbarVisibility(_:for:)")
[0;36m6 |[0;0m   nonisolated public func toolbar(_ visibility: Visibility, for bars: ToolbarPlacement...) -> some View
  [0;36m|[0;0m                           `- [1;39mnote: [1;39m'toolbar(_:for:)' declared here[0;0m
[0;36m7 |[0;0m   }
[0;36m8 |[0;0m 

/Users/danielstevens/github-projects/tools-automation/MomentumFinance/Shared/Features/NotificationCenterView.swift:162:20: [1;31merror: [1;39mmissing argument for parameter #1 in call[0;0m
[0;36m160 |[0;0m 
[0;36m161 |[0;0m             // Dismiss Button
[0;36m162 |[0;0m             Button(action: self.onDismiss).accessibilityLabel("Button") {
    [0;36m|[0;0m                    `- [1;31merror: [1;39mmissing argument for parameter #1 in call[0;0m
[0;36m163 |[0;0m                 Image(systemName: "xmark.circle.fill")
[0;36m164 |[0;0m                     .font(.title3)

SwiftUI.Button.init:2:36: [1;39mnote: [1;39m'init(_:action:)' declared here[0;0m
[0;36m1 |[0;0m generic struct Button {
[0;36m2 |[0;0m @preconcurrency nonisolated public init(_ titleKey: LocalizedStringKey, action: @escaping @MainActor () -> Void)}
  [0;36m|[0;0m                                    `- [1;39mnote: [1;39m'init(_:action:)' declared here[0;0m
[0;36m3 |[0;0m 

/Users/danielstevens/github-projects/tools-automation/MomentumFinance/Shared/Features/NotificationCenterView.swift:162:73: [1;31merror: [1;39mtype '_' cannot be used as a boolean; test for '!= 0' instead[0;0m
[0;36m160 |[0;0m 
[0;36m161 |[0;0m             // Dismiss Button
[0;36m162 |[0;0m             Button(action: self.onDismiss).accessibilityLabel("Button") {
    [0;36m|[0;0m                                                                         `- [1;31merror: [1;39mtype '_' cannot be used as a boolean; test for '!= 0' instead[0;0m
[0;36m163 |[0;0m                 Image(systemName: "xmark.circle.fill")
[0;36m164 |[0;0m                     .font(.title3)

[#DeprecatedDeclaration]: <https://docs.swift.org/compiler/documentation/diagnostics/deprecated-declaration>
[5/134] Compiling Shared GlobalSearchView.swift
/Users/danielstevens/github-projects/tools-automation/MomentumFinance/Shared/Features/GlobalSearch/SearchEngineService.swift:90:42: [1;31merror: [1;39m'Subscription' is ambiguous for type lookup in this context[0;0m
 [0;36m88 |[0;0m 
 [0;36m89 |[0;0m     private func searchSubscriptions(_ query: String) -> [SearchResult] {
 [0;36m90 |[0;0m         let descriptor = FetchDescriptor<[4;39mSubscription[0;0m>()
    [0;36m|[0;0m                                          `- [1;31merror: [1;39m'Subscription' is ambiguous for type lookup in this context[0;0m
 [0;36m91 |[0;0m         guard let subscriptions = try? modelContext.fetch(descriptor) else { return [] }
 [0;36m92 |[0;0m 

Combine.Subscription:2:17: [1;39mnote: [1;39mfound this candidate[0;0m
[0;36m1 |[0;0m @available(macOS 10.15, iOS 13.0, tvOS 13.0, watchOS 6.0, *)
[0;36m2 |[0;0m public protocol Subscription : Cancellable, CustomCombineIdentifierConvertible {
  [0;36m|[0;0m                 `- [1;39mnote: [1;39mfound this candidate[0;0m
[0;36m3 |[0;0m     func request(_ demand: Subscribers.Demand)
[0;36m4 |[0;0m }

/Users/danielstevens/github-projects/tools-automation/MomentumFinance/Sources/MomentumFinanceCore/Models.swift:278:20: [1;39mnote: [1;39mfound this candidate[0;0m
[0;36m276 |[0;0m 
[0;36m277 |[0;0m @Model
[0;36m278 |[0;0m public final class Subscription: Encodable {
    [0;36m|[0;0m                    `- [1;39mnote: [1;39mfound this candidate[0;0m
[0;36m279 |[0;0m     enum CodingKeys: String, CodingKey {
[0;36m280 |[0;0m         case id, name, provider, amount, currencyCode, billingCycle, startDate, nextDueDate, notes,

/Users/danielstevens/github-projects/tools-automation/MomentumFinance/Shared/Features/GlobalSearch/SearchEngineService.swift:91:53: [1;31merror: [1;39mgeneric parameter 'T' could not be inferred[0;0m
 [0;36m89 |[0;0m     private func searchSubscriptions(_ query: String) -> [SearchResult] {
 [0;36m90 |[0;0m         let descriptor = FetchDescriptor<Subscription>()
 [0;36m91 |[0;0m         guard let subscriptions = try? modelContext.fetch(descriptor) else { return [] }
    [0;36m|[0;0m                                                     `- [1;31merror: [1;39mgeneric parameter 'T' could not be inferred[0;0m
 [0;36m92 |[0;0m 
 [0;36m93 |[0;0m         return subscriptions.compactMap { subscription in

SwiftData.ModelContext.fetch:2:13: [1;39mnote: [1;39min call to function 'fetch'[0;0m
[0;36m1 |[0;0m class ModelContext {
[0;36m2 |[0;0m public func fetch<T>(_ descriptor: FetchDescriptor<T>) throws -> [T] where T : PersistentModel}
  [0;36m|[0;0m             `- [1;39mnote: [1;39min call to function 'fetch'[0;0m
[0;36m3 |[0;0m 

/Users/danielstevens/github-projects/tools-automation/MomentumFinance/Shared/Features/GlobalSearch/SearchEngineService.swift:108:20: [1;31merror: [1;39m'nil' is not compatible with closure result type 'SearchResult'[0;0m
[0;36m106 |[0;0m                 )
[0;36m107 |[0;0m             }
[0;36m108 |[0;0m             return nil
    [0;36m|[0;0m                    `- [1;31merror: [1;39m'nil' is not compatible with closure result type 'SearchResult'[0;0m
[0;36m109 |[0;0m         }
[0;36m110 |[0;0m     }

/Users/danielstevens/github-projects/tools-automation/MomentumFinance/Shared/Features/GlobalSearch/SearchHeaderComponent.swift:27:22: [1;33mwarning: [1;39m'onChange(of:perform:)' was deprecated in macOS 14.0: Use `onChange` with a two or zero parameter action closure instead.[0;0m [#]8;;https://docs.swift.org/compiler/documentation/diagnostics/deprecated-declaration\DeprecatedDeclaration]8;;\]
[0;36m25 |[0;0m                     .accessibilityLabel("Text Field")
[0;36m26 |[0;0m                     .textFieldStyle(.plain)
[0;36m27 |[0;0m                     .onChange(of: self.searchText) { _ in
   [0;36m|[0;0m                      `- [1;33mwarning: [1;39m'onChange(of:perform:)' was deprecated in macOS 14.0: Use `onChange` with a two or zero parameter action closure instead.[0;0m [#]8;;https://docs.swift.org/compiler/documentation/diagnostics/deprecated-declaration\DeprecatedDeclaration]8;;\]
[0;36m28 |[0;0m                         self.onSearchChanged?()
[0;36m29 |[0;0m                     }

/Users/danielstevens/github-projects/tools-automation/MomentumFinance/Shared/Features/GoalsAndReports/GoalsAndReportsViewModel.swift:76:25: [1;31merror: [1;39mvalue of optional type 'Date?' must be unwrapped to a value of type 'Date'[0;0m
 [0;36m74 |[0;0m             name: name,
 [0;36m75 |[0;0m             targetAmount: targetAmount,
 [0;36m76 |[0;0m             targetDate: targetDate,
    [0;36m|[0;0m                         |- [1;31merror: [1;39mvalue of optional type 'Date?' must be unwrapped to a value of type 'Date'[0;0m
    [0;36m|[0;0m                         |- [1;39mnote: [1;39mcoalesce using '??' to provide a default when the optional value contains 'nil'[0;0m
    [0;36m|[0;0m                         `- [1;39mnote: [1;39mforce-unwrap using '!' to abort execution if the optional value contains 'nil'[0;0m
 [0;36m77 |[0;0m             notes: notes
 [0;36m78 |[0;0m         )

/Users/danielstevens/github-projects/tools-automation/MomentumFinance/Shared/Features/GoalsAndReports/GoalsAndReportsViewModel.swift:106:14: [1;31merror: [1;39mvalue of type 'SavingsGoal' has no member 'removeFunds'[0;0m
[0;36m104 |[0;0m     /// - Returns: <#description#>
[0;36m105 |[0;0m     func removeFundsFromGoal(_ goal: SavingsGoal, amount: Double) {
[0;36m106 |[0;0m         [4;39mgoal[0;0m.[4;39mremoveFunds[0;0m(amount)
    [0;36m|[0;0m              `- [1;31merror: [1;39mvalue of type 'SavingsGoal' has no member 'removeFunds'[0;0m
[0;36m107 |[0;0m 
[0;36m108 |[0;0m         do {

/Users/danielstevens/github-projects/tools-automation/MomentumFinance/Shared/Features/NotificationCenterView.swift:37:9: [1;31merror: [1;39mproperty 'body' must be declared public because it matches a requirement in public protocol 'View'[0;0m
 [0;36m35 |[0;0m     #endif
 [0;36m36 |[0;0m 
 [0;36m37 |[0;0m     var body: some View {
    [0;36m|[0;0m         |- [1;31merror: [1;39mproperty 'body' must be declared public because it matches a requirement in public protocol 'View'[0;0m
    [0;36m|[0;0m         `- [1;39mnote: [1;39mmark the property as 'public' to satisfy the requirement[0;0m
 [0;36m38 |[0;0m         NavigationView {
 [0;36m39 |[0;0m             VStack(spacing: 0) {

/Users/danielstevens/github-projects/tools-automation/MomentumFinance/Shared/Features/NotificationCenterView.swift:101:9: [1;31merror: [1;39mproperty 'body' must be declared public because it matches a requirement in public protocol 'View'[0;0m
 [0;36m99 |[0;0m 
[0;36m100 |[0;0m public struct EmptyNotificationsView: View {
[0;36m101 |[0;0m     var body: some View {
    [0;36m|[0;0m         |- [1;31merror: [1;39mproperty 'body' must be declared public because it matches a requirement in public protocol 'View'[0;0m
    [0;36m|[0;0m         `- [1;39mnote: [1;39mmark the property as 'public' to satisfy the requirement[0;0m
[0;36m102 |[0;0m         VStack(spacing: 20) {
[0;36m103 |[0;0m             Image(systemName: "bell.slash")

/Users/danielstevens/github-projects/tools-automation/MomentumFinance/Shared/Features/NotificationCenterView.swift:127:9: [1;31merror: [1;39mproperty 'body' must be declared public because it matches a requirement in public protocol 'View'[0;0m
[0;36m125 |[0;0m     let onDismiss: () -> Void
[0;36m126 |[0;0m 
[0;36m127 |[0;0m     var body: some View {
    [0;36m|[0;0m         |- [1;31merror: [1;39mproperty 'body' must be declared public because it matches a requirement in public protocol 'View'[0;0m
    [0;36m|[0;0m         `- [1;39mnote: [1;39mmark the property as 'public' to satisfy the requirement[0;0m
[0;36m128 |[0;0m         HStack(spacing: 12) {
[0;36m129 |[0;0m             // Notification Type Icon

/Users/danielstevens/github-projects/tools-automation/MomentumFinance/Shared/Features/NotificationCenterView.swift:47:22: [1;31merror: [1;39mtrailing closure passed to parameter of type 'Visibility' that does not accept a closure[0;0m
 [0;36m45 |[0;0m             }
 [0;36m46 |[0;0m             .navigationTitle("Notifications")
 [0;36m47 |[0;0m             .toolbar [4;39m{[0;0m
    [0;36m|[0;0m                      `- [1;31merror: [1;39mtrailing closure passed to parameter of type 'Visibility' that does not accept a closure[0;0m
 [0;36m48 |[0;0m                 ToolbarItem(placement: .automatic) {
 [0;36m49 |[0;0m                     Button("Done").accessibilityLabel("Button") {

SwiftUI.View.toolbar:6:27: [1;39mnote: [1;39m'toolbar(_:for:)' declared here[0;0m
[0;36m4 |[0;0m   @available(tvOS, introduced: 16.0, deprecated: 100000.0, renamed: "toolbarVisibility(_:for:)")
[0;36m5 |[0;0m   @available(watchOS, introduced: 9.0, deprecated: 100000.0, renamed: "toolbarVisibility(_:for:)")
[0;36m6 |[0;0m   nonisolated public func toolbar(_ visibility: Visibility, for bars: ToolbarPlacement...) -> some View
  [0;36m|[0;0m                           `- [1;39mnote: [1;39m'toolbar(_:for:)' declared here[0;0m
[0;36m7 |[0;0m   }
[0;36m8 |[0;0m 

/Users/danielstevens/github-projects/tools-automation/MomentumFinance/Shared/Features/NotificationCenterView.swift:162:20: [1;31merror: [1;39mmissing argument for parameter #1 in call[0;0m
[0;36m160 |[0;0m 
[0;36m161 |[0;0m             // Dismiss Button
[0;36m162 |[0;0m             Button(action: self.onDismiss).accessibilityLabel("Button") {
    [0;36m|[0;0m                    `- [1;31merror: [1;39mmissing argument for parameter #1 in call[0;0m
[0;36m163 |[0;0m                 Image(systemName: "xmark.circle.fill")
[0;36m164 |[0;0m                     .font(.title3)

SwiftUI.Button.init:2:36: [1;39mnote: [1;39m'init(_:action:)' declared here[0;0m
[0;36m1 |[0;0m generic struct Button {
[0;36m2 |[0;0m @preconcurrency nonisolated public init(_ titleKey: LocalizedStringKey, action: @escaping @MainActor () -> Void)}
  [0;36m|[0;0m                                    `- [1;39mnote: [1;39m'init(_:action:)' declared here[0;0m
[0;36m3 |[0;0m 

/Users/danielstevens/github-projects/tools-automation/MomentumFinance/Shared/Features/NotificationCenterView.swift:162:73: [1;31merror: [1;39mtype '_' cannot be used as a boolean; test for '!= 0' instead[0;0m
[0;36m160 |[0;0m 
[0;36m161 |[0;0m             // Dismiss Button
[0;36m162 |[0;0m             Button(action: self.onDismiss).accessibilityLabel("Button") {
    [0;36m|[0;0m                                                                         `- [1;31merror: [1;39mtype '_' cannot be used as a boolean; test for '!= 0' instead[0;0m
[0;36m163 |[0;0m                 Image(systemName: "xmark.circle.fill")
[0;36m164 |[0;0m                     .font(.title3)

[#DeprecatedDeclaration]: <https://docs.swift.org/compiler/documentation/diagnostics/deprecated-declaration>
[6/134] Compiling Shared EnhancedGoalsSectionViews.swift
/Users/danielstevens/github-projects/tools-automation/MomentumFinance/Shared/Features/GlobalSearch/SearchEngineService.swift:90:42: [1;31merror: [1;39m'Subscription' is ambiguous for type lookup in this context[0;0m
 [0;36m88 |[0;0m 
 [0;36m89 |[0;0m     private func searchSubscriptions(_ query: String) -> [SearchResult] {
 [0;36m90 |[0;0m         let descriptor = FetchDescriptor<[4;39mSubscription[0;0m>()
    [0;36m|[0;0m                                          `- [1;31merror: [1;39m'Subscription' is ambiguous for type lookup in this context[0;0m
 [0;36m91 |[0;0m         guard let subscriptions = try? modelContext.fetch(descriptor) else { return [] }
 [0;36m92 |[0;0m 

Combine.Subscription:2:17: [1;39mnote: [1;39mfound this candidate[0;0m
[0;36m1 |[0;0m @available(macOS 10.15, iOS 13.0, tvOS 13.0, watchOS 6.0, *)
[0;36m2 |[0;0m public protocol Subscription : Cancellable, CustomCombineIdentifierConvertible {
  [0;36m|[0;0m                 `- [1;39mnote: [1;39mfound this candidate[0;0m
[0;36m3 |[0;0m     func request(_ demand: Subscribers.Demand)
[0;36m4 |[0;0m }

/Users/danielstevens/github-projects/tools-automation/MomentumFinance/Sources/MomentumFinanceCore/Models.swift:278:20: [1;39mnote: [1;39mfound this candidate[0;0m
[0;36m276 |[0;0m 
[0;36m277 |[0;0m @Model
[0;36m278 |[0;0m public final class Subscription: Encodable {
    [0;36m|[0;0m                    `- [1;39mnote: [1;39mfound this candidate[0;0m
[0;36m279 |[0;0m     enum CodingKeys: String, CodingKey {
[0;36m280 |[0;0m         case id, name, provider, amount, currencyCode, billingCycle, startDate, nextDueDate, notes,

/Users/danielstevens/github-projects/tools-automation/MomentumFinance/Shared/Features/GlobalSearch/SearchEngineService.swift:91:53: [1;31merror: [1;39mgeneric parameter 'T' could not be inferred[0;0m
 [0;36m89 |[0;0m     private func searchSubscriptions(_ query: String) -> [SearchResult] {
 [0;36m90 |[0;0m         let descriptor = FetchDescriptor<Subscription>()
 [0;36m91 |[0;0m         guard let subscriptions = try? modelContext.fetch(descriptor) else { return [] }
    [0;36m|[0;0m                                                     `- [1;31merror: [1;39mgeneric parameter 'T' could not be inferred[0;0m
 [0;36m92 |[0;0m 
 [0;36m93 |[0;0m         return subscriptions.compactMap { subscription in

SwiftData.ModelContext.fetch:2:13: [1;39mnote: [1;39min call to function 'fetch'[0;0m
[0;36m1 |[0;0m class ModelContext {
[0;36m2 |[0;0m public func fetch<T>(_ descriptor: FetchDescriptor<T>) throws -> [T] where T : PersistentModel}
  [0;36m|[0;0m             `- [1;39mnote: [1;39min call to function 'fetch'[0;0m
[0;36m3 |[0;0m 

/Users/danielstevens/github-projects/tools-automation/MomentumFinance/Shared/Features/GlobalSearch/SearchEngineService.swift:108:20: [1;31merror: [1;39m'nil' is not compatible with closure result type 'SearchResult'[0;0m
[0;36m106 |[0;0m                 )
[0;36m107 |[0;0m             }
[0;36m108 |[0;0m             return nil
    [0;36m|[0;0m                    `- [1;31merror: [1;39m'nil' is not compatible with closure result type 'SearchResult'[0;0m
[0;36m109 |[0;0m         }
[0;36m110 |[0;0m     }

/Users/danielstevens/github-projects/tools-automation/MomentumFinance/Shared/Features/GlobalSearch/SearchHeaderComponent.swift:27:22: [1;33mwarning: [1;39m'onChange(of:perform:)' was deprecated in macOS 14.0: Use `onChange` with a two or zero parameter action closure instead.[0;0m [#]8;;https://docs.swift.org/compiler/documentation/diagnostics/deprecated-declaration\DeprecatedDeclaration]8;;\]
[0;36m25 |[0;0m                     .accessibilityLabel("Text Field")
[0;36m26 |[0;0m                     .textFieldStyle(.plain)
[0;36m27 |[0;0m                     .onChange(of: self.searchText) { _ in
   [0;36m|[0;0m                      `- [1;33mwarning: [1;39m'onChange(of:perform:)' was deprecated in macOS 14.0: Use `onChange` with a two or zero parameter action closure instead.[0;0m [#]8;;https://docs.swift.org/compiler/documentation/diagnostics/deprecated-declaration\DeprecatedDeclaration]8;;\]
[0;36m28 |[0;0m                         self.onSearchChanged?()
[0;36m29 |[0;0m                     }

/Users/danielstevens/github-projects/tools-automation/MomentumFinance/Shared/Features/GoalsAndReports/GoalsAndReportsViewModel.swift:76:25: [1;31merror: [1;39mvalue of optional type 'Date?' must be unwrapped to a value of type 'Date'[0;0m
 [0;36m74 |[0;0m             name: name,
 [0;36m75 |[0;0m             targetAmount: targetAmount,
 [0;36m76 |[0;0m             targetDate: targetDate,
    [0;36m|[0;0m                         |- [1;31merror: [1;39mvalue of optional type 'Date?' must be unwrapped to a value of type 'Date'[0;0m
    [0;36m|[0;0m                         |- [1;39mnote: [1;39mcoalesce using '??' to provide a default when the optional value contains 'nil'[0;0m
    [0;36m|[0;0m                         `- [1;39mnote: [1;39mforce-unwrap using '!' to abort execution if the optional value contains 'nil'[0;0m
 [0;36m77 |[0;0m             notes: notes
 [0;36m78 |[0;0m         )

/Users/danielstevens/github-projects/tools-automation/MomentumFinance/Shared/Features/GoalsAndReports/GoalsAndReportsViewModel.swift:106:14: [1;31merror: [1;39mvalue of type 'SavingsGoal' has no member 'removeFunds'[0;0m
[0;36m104 |[0;0m     /// - Returns: <#description#>
[0;36m105 |[0;0m     func removeFundsFromGoal(_ goal: SavingsGoal, amount: Double) {
[0;36m106 |[0;0m         [4;39mgoal[0;0m.[4;39mremoveFunds[0;0m(amount)
    [0;36m|[0;0m              `- [1;31merror: [1;39mvalue of type 'SavingsGoal' has no member 'removeFunds'[0;0m
[0;36m107 |[0;0m 
[0;36m108 |[0;0m         do {

/Users/danielstevens/github-projects/tools-automation/MomentumFinance/Shared/Features/NotificationCenterView.swift:37:9: [1;31merror: [1;39mproperty 'body' must be declared public because it matches a requirement in public protocol 'View'[0;0m
 [0;36m35 |[0;0m     #endif
 [0;36m36 |[0;0m 
 [0;36m37 |[0;0m     var body: some View {
    [0;36m|[0;0m         |- [1;31merror: [1;39mproperty 'body' must be declared public because it matches a requirement in public protocol 'View'[0;0m
    [0;36m|[0;0m         `- [1;39mnote: [1;39mmark the property as 'public' to satisfy the requirement[0;0m
 [0;36m38 |[0;0m         NavigationView {
 [0;36m39 |[0;0m             VStack(spacing: 0) {

/Users/danielstevens/github-projects/tools-automation/MomentumFinance/Shared/Features/NotificationCenterView.swift:101:9: [1;31merror: [1;39mproperty 'body' must be declared public because it matches a requirement in public protocol 'View'[0;0m
 [0;36m99 |[0;0m 
[0;36m100 |[0;0m public struct EmptyNotificationsView: View {
[0;36m101 |[0;0m     var body: some View {
    [0;36m|[0;0m         |- [1;31merror: [1;39mproperty 'body' must be declared public because it matches a requirement in public protocol 'View'[0;0m
    [0;36m|[0;0m         `- [1;39mnote: [1;39mmark the property as 'public' to satisfy the requirement[0;0m
[0;36m102 |[0;0m         VStack(spacing: 20) {
[0;36m103 |[0;0m             Image(systemName: "bell.slash")

/Users/danielstevens/github-projects/tools-automation/MomentumFinance/Shared/Features/NotificationCenterView.swift:127:9: [1;31merror: [1;39mproperty 'body' must be declared public because it matches a requirement in public protocol 'View'[0;0m
[0;36m125 |[0;0m     let onDismiss: () -> Void
[0;36m126 |[0;0m 
[0;36m127 |[0;0m     var body: some View {
    [0;36m|[0;0m         |- [1;31merror: [1;39mproperty 'body' must be declared public because it matches a requirement in public protocol 'View'[0;0m
    [0;36m|[0;0m         `- [1;39mnote: [1;39mmark the property as 'public' to satisfy the requirement[0;0m
[0;36m128 |[0;0m         HStack(spacing: 12) {
[0;36m129 |[0;0m             // Notification Type Icon

/Users/danielstevens/github-projects/tools-automation/MomentumFinance/Shared/Features/NotificationCenterView.swift:47:22: [1;31merror: [1;39mtrailing closure passed to parameter of type 'Visibility' that does not accept a closure[0;0m
 [0;36m45 |[0;0m             }
 [0;36m46 |[0;0m             .navigationTitle("Notifications")
 [0;36m47 |[0;0m             .toolbar [4;39m{[0;0m
    [0;36m|[0;0m                      `- [1;31merror: [1;39mtrailing closure passed to parameter of type 'Visibility' that does not accept a closure[0;0m
 [0;36m48 |[0;0m                 ToolbarItem(placement: .automatic) {
 [0;36m49 |[0;0m                     Button("Done").accessibilityLabel("Button") {

SwiftUI.View.toolbar:6:27: [1;39mnote: [1;39m'toolbar(_:for:)' declared here[0;0m
[0;36m4 |[0;0m   @available(tvOS, introduced: 16.0, deprecated: 100000.0, renamed: "toolbarVisibility(_:for:)")
[0;36m5 |[0;0m   @available(watchOS, introduced: 9.0, deprecated: 100000.0, renamed: "toolbarVisibility(_:for:)")
[0;36m6 |[0;0m   nonisolated public func toolbar(_ visibility: Visibility, for bars: ToolbarPlacement...) -> some View
  [0;36m|[0;0m                           `- [1;39mnote: [1;39m'toolbar(_:for:)' declared here[0;0m
[0;36m7 |[0;0m   }
[0;36m8 |[0;0m 

/Users/danielstevens/github-projects/tools-automation/MomentumFinance/Shared/Features/NotificationCenterView.swift:162:20: [1;31merror: [1;39mmissing argument for parameter #1 in call[0;0m
[0;36m160 |[0;0m 
[0;36m161 |[0;0m             // Dismiss Button
[0;36m162 |[0;0m             Button(action: self.onDismiss).accessibilityLabel("Button") {
    [0;36m|[0;0m                    `- [1;31merror: [1;39mmissing argument for parameter #1 in call[0;0m
[0;36m163 |[0;0m                 Image(systemName: "xmark.circle.fill")
[0;36m164 |[0;0m                     .font(.title3)

SwiftUI.Button.init:2:36: [1;39mnote: [1;39m'init(_:action:)' declared here[0;0m
[0;36m1 |[0;0m generic struct Button {
[0;36m2 |[0;0m @preconcurrency nonisolated public init(_ titleKey: LocalizedStringKey, action: @escaping @MainActor () -> Void)}
  [0;36m|[0;0m                                    `- [1;39mnote: [1;39m'init(_:action:)' declared here[0;0m
[0;36m3 |[0;0m 

/Users/danielstevens/github-projects/tools-automation/MomentumFinance/Shared/Features/NotificationCenterView.swift:162:73: [1;31merror: [1;39mtype '_' cannot be used as a boolean; test for '!= 0' instead[0;0m
[0;36m160 |[0;0m 
[0;36m161 |[0;0m             // Dismiss Button
[0;36m162 |[0;0m             Button(action: self.onDismiss).accessibilityLabel("Button") {
    [0;36m|[0;0m                                                                         `- [1;31merror: [1;39mtype '_' cannot be used as a boolean; test for '!= 0' instead[0;0m
[0;36m163 |[0;0m                 Image(systemName: "xmark.circle.fill")
[0;36m164 |[0;0m                     .font(.title3)

[#DeprecatedDeclaration]: <https://docs.swift.org/compiler/documentation/diagnostics/deprecated-declaration>
[7/134] Compiling Shared EnhancedReportsSectionViews.swift
/Users/danielstevens/github-projects/tools-automation/MomentumFinance/Shared/Features/GlobalSearch/SearchEngineService.swift:90:42: [1;31merror: [1;39m'Subscription' is ambiguous for type lookup in this context[0;0m
 [0;36m88 |[0;0m 
 [0;36m89 |[0;0m     private func searchSubscriptions(_ query: String) -> [SearchResult] {
 [0;36m90 |[0;0m         let descriptor = FetchDescriptor<[4;39mSubscription[0;0m>()
    [0;36m|[0;0m                                          `- [1;31merror: [1;39m'Subscription' is ambiguous for type lookup in this context[0;0m
 [0;36m91 |[0;0m         guard let subscriptions = try? modelContext.fetch(descriptor) else { return [] }
 [0;36m92 |[0;0m 

Combine.Subscription:2:17: [1;39mnote: [1;39mfound this candidate[0;0m
[0;36m1 |[0;0m @available(macOS 10.15, iOS 13.0, tvOS 13.0, watchOS 6.0, *)
[0;36m2 |[0;0m public protocol Subscription : Cancellable, CustomCombineIdentifierConvertible {
  [0;36m|[0;0m                 `- [1;39mnote: [1;39mfound this candidate[0;0m
[0;36m3 |[0;0m     func request(_ demand: Subscribers.Demand)
[0;36m4 |[0;0m }

/Users/danielstevens/github-projects/tools-automation/MomentumFinance/Sources/MomentumFinanceCore/Models.swift:278:20: [1;39mnote: [1;39mfound this candidate[0;0m
[0;36m276 |[0;0m 
[0;36m277 |[0;0m @Model
[0;36m278 |[0;0m public final class Subscription: Encodable {
    [0;36m|[0;0m                    `- [1;39mnote: [1;39mfound this candidate[0;0m
[0;36m279 |[0;0m     enum CodingKeys: String, CodingKey {
[0;36m280 |[0;0m         case id, name, provider, amount, currencyCode, billingCycle, startDate, nextDueDate, notes,

/Users/danielstevens/github-projects/tools-automation/MomentumFinance/Shared/Features/GlobalSearch/SearchEngineService.swift:91:53: [1;31merror: [1;39mgeneric parameter 'T' could not be inferred[0;0m
 [0;36m89 |[0;0m     private func searchSubscriptions(_ query: String) -> [SearchResult] {
 [0;36m90 |[0;0m         let descriptor = FetchDescriptor<Subscription>()
 [0;36m91 |[0;0m         guard let subscriptions = try? modelContext.fetch(descriptor) else { return [] }
    [0;36m|[0;0m                                                     `- [1;31merror: [1;39mgeneric parameter 'T' could not be inferred[0;0m
 [0;36m92 |[0;0m 
 [0;36m93 |[0;0m         return subscriptions.compactMap { subscription in

SwiftData.ModelContext.fetch:2:13: [1;39mnote: [1;39min call to function 'fetch'[0;0m
[0;36m1 |[0;0m class ModelContext {
[0;36m2 |[0;0m public func fetch<T>(_ descriptor: FetchDescriptor<T>) throws -> [T] where T : PersistentModel}
  [0;36m|[0;0m             `- [1;39mnote: [1;39min call to function 'fetch'[0;0m
[0;36m3 |[0;0m 

/Users/danielstevens/github-projects/tools-automation/MomentumFinance/Shared/Features/GlobalSearch/SearchEngineService.swift:108:20: [1;31merror: [1;39m'nil' is not compatible with closure result type 'SearchResult'[0;0m
[0;36m106 |[0;0m                 )
[0;36m107 |[0;0m             }
[0;36m108 |[0;0m             return nil
    [0;36m|[0;0m                    `- [1;31merror: [1;39m'nil' is not compatible with closure result type 'SearchResult'[0;0m
[0;36m109 |[0;0m         }
[0;36m110 |[0;0m     }

/Users/danielstevens/github-projects/tools-automation/MomentumFinance/Shared/Features/GlobalSearch/SearchHeaderComponent.swift:27:22: [1;33mwarning: [1;39m'onChange(of:perform:)' was deprecated in macOS 14.0: Use `onChange` with a two or zero parameter action closure instead.[0;0m [#]8;;https://docs.swift.org/compiler/documentation/diagnostics/deprecated-declaration\DeprecatedDeclaration]8;;\]
[0;36m25 |[0;0m                     .accessibilityLabel("Text Field")
[0;36m26 |[0;0m                     .textFieldStyle(.plain)
[0;36m27 |[0;0m                     .onChange(of: self.searchText) { _ in
   [0;36m|[0;0m                      `- [1;33mwarning: [1;39m'onChange(of:perform:)' was deprecated in macOS 14.0: Use `onChange` with a two or zero parameter action closure instead.[0;0m [#]8;;https://docs.swift.org/compiler/documentation/diagnostics/deprecated-declaration\DeprecatedDeclaration]8;;\]
[0;36m28 |[0;0m                         self.onSearchChanged?()
[0;36m29 |[0;0m                     }

/Users/danielstevens/github-projects/tools-automation/MomentumFinance/Shared/Features/GoalsAndReports/GoalsAndReportsViewModel.swift:76:25: [1;31merror: [1;39mvalue of optional type 'Date?' must be unwrapped to a value of type 'Date'[0;0m
 [0;36m74 |[0;0m             name: name,
 [0;36m75 |[0;0m             targetAmount: targetAmount,
 [0;36m76 |[0;0m             targetDate: targetDate,
    [0;36m|[0;0m                         |- [1;31merror: [1;39mvalue of optional type 'Date?' must be unwrapped to a value of type 'Date'[0;0m
    [0;36m|[0;0m                         |- [1;39mnote: [1;39mcoalesce using '??' to provide a default when the optional value contains 'nil'[0;0m
    [0;36m|[0;0m                         `- [1;39mnote: [1;39mforce-unwrap using '!' to abort execution if the optional value contains 'nil'[0;0m
 [0;36m77 |[0;0m             notes: notes
 [0;36m78 |[0;0m         )

/Users/danielstevens/github-projects/tools-automation/MomentumFinance/Shared/Features/GoalsAndReports/GoalsAndReportsViewModel.swift:106:14: [1;31merror: [1;39mvalue of type 'SavingsGoal' has no member 'removeFunds'[0;0m
[0;36m104 |[0;0m     /// - Returns: <#description#>
[0;36m105 |[0;0m     func removeFundsFromGoal(_ goal: SavingsGoal, amount: Double) {
[0;36m106 |[0;0m         [4;39mgoal[0;0m.[4;39mremoveFunds[0;0m(amount)
    [0;36m|[0;0m              `- [1;31merror: [1;39mvalue of type 'SavingsGoal' has no member 'removeFunds'[0;0m
[0;36m107 |[0;0m 
[0;36m108 |[0;0m         do {

/Users/danielstevens/github-projects/tools-automation/MomentumFinance/Shared/Features/NotificationCenterView.swift:37:9: [1;31merror: [1;39mproperty 'body' must be declared public because it matches a requirement in public protocol 'View'[0;0m
 [0;36m35 |[0;0m     #endif
 [0;36m36 |[0;0m 
 [0;36m37 |[0;0m     var body: some View {
    [0;36m|[0;0m         |- [1;31merror: [1;39mproperty 'body' must be declared public because it matches a requirement in public protocol 'View'[0;0m
    [0;36m|[0;0m         `- [1;39mnote: [1;39mmark the property as 'public' to satisfy the requirement[0;0m
 [0;36m38 |[0;0m         NavigationView {
 [0;36m39 |[0;0m             VStack(spacing: 0) {

/Users/danielstevens/github-projects/tools-automation/MomentumFinance/Shared/Features/NotificationCenterView.swift:101:9: [1;31merror: [1;39mproperty 'body' must be declared public because it matches a requirement in public protocol 'View'[0;0m
 [0;36m99 |[0;0m 
[0;36m100 |[0;0m public struct EmptyNotificationsView: View {
[0;36m101 |[0;0m     var body: some View {
    [0;36m|[0;0m         |- [1;31merror: [1;39mproperty 'body' must be declared public because it matches a requirement in public protocol 'View'[0;0m
    [0;36m|[0;0m         `- [1;39mnote: [1;39mmark the property as 'public' to satisfy the requirement[0;0m
[0;36m102 |[0;0m         VStack(spacing: 20) {
[0;36m103 |[0;0m             Image(systemName: "bell.slash")

/Users/danielstevens/github-projects/tools-automation/MomentumFinance/Shared/Features/NotificationCenterView.swift:127:9: [1;31merror: [1;39mproperty 'body' must be declared public because it matches a requirement in public protocol 'View'[0;0m
[0;36m125 |[0;0m     let onDismiss: () -> Void
[0;36m126 |[0;0m 
[0;36m127 |[0;0m     var body: some View {
    [0;36m|[0;0m         |- [1;31merror: [1;39mproperty 'body' must be declared public because it matches a requirement in public protocol 'View'[0;0m
    [0;36m|[0;0m         `- [1;39mnote: [1;39mmark the property as 'public' to satisfy the requirement[0;0m
[0;36m128 |[0;0m         HStack(spacing: 12) {
[0;36m129 |[0;0m             // Notification Type Icon

/Users/danielstevens/github-projects/tools-automation/MomentumFinance/Shared/Features/NotificationCenterView.swift:47:22: [1;31merror: [1;39mtrailing closure passed to parameter of type 'Visibility' that does not accept a closure[0;0m
 [0;36m45 |[0;0m             }
 [0;36m46 |[0;0m             .navigationTitle("Notifications")
 [0;36m47 |[0;0m             .toolbar [4;39m{[0;0m
    [0;36m|[0;0m                      `- [1;31merror: [1;39mtrailing closure passed to parameter of type 'Visibility' that does not accept a closure[0;0m
 [0;36m48 |[0;0m                 ToolbarItem(placement: .automatic) {
 [0;36m49 |[0;0m                     Button("Done").accessibilityLabel("Button") {

SwiftUI.View.toolbar:6:27: [1;39mnote: [1;39m'toolbar(_:for:)' declared here[0;0m
[0;36m4 |[0;0m   @available(tvOS, introduced: 16.0, deprecated: 100000.0, renamed: "toolbarVisibility(_:for:)")
[0;36m5 |[0;0m   @available(watchOS, introduced: 9.0, deprecated: 100000.0, renamed: "toolbarVisibility(_:for:)")
[0;36m6 |[0;0m   nonisolated public func toolbar(_ visibility: Visibility, for bars: ToolbarPlacement...) -> some View
  [0;36m|[0;0m                           `- [1;39mnote: [1;39m'toolbar(_:for:)' declared here[0;0m
[0;36m7 |[0;0m   }
[0;36m8 |[0;0m 

/Users/danielstevens/github-projects/tools-automation/MomentumFinance/Shared/Features/NotificationCenterView.swift:162:20: [1;31merror: [1;39mmissing argument for parameter #1 in call[0;0m
[0;36m160 |[0;0m 
[0;36m161 |[0;0m             // Dismiss Button
[0;36m162 |[0;0m             Button(action: self.onDismiss).accessibilityLabel("Button") {
    [0;36m|[0;0m                    `- [1;31merror: [1;39mmissing argument for parameter #1 in call[0;0m
[0;36m163 |[0;0m                 Image(systemName: "xmark.circle.fill")
[0;36m164 |[0;0m                     .font(.title3)

SwiftUI.Button.init:2:36: [1;39mnote: [1;39m'init(_:action:)' declared here[0;0m
[0;36m1 |[0;0m generic struct Button {
[0;36m2 |[0;0m @preconcurrency nonisolated public init(_ titleKey: LocalizedStringKey, action: @escaping @MainActor () -> Void)}
  [0;36m|[0;0m                                    `- [1;39mnote: [1;39m'init(_:action:)' declared here[0;0m
[0;36m3 |[0;0m 

/Users/danielstevens/github-projects/tools-automation/MomentumFinance/Shared/Features/NotificationCenterView.swift:162:73: [1;31merror: [1;39mtype '_' cannot be used as a boolean; test for '!= 0' instead[0;0m
[0;36m160 |[0;0m 
[0;36m161 |[0;0m             // Dismiss Button
[0;36m162 |[0;0m             Button(action: self.onDismiss).accessibilityLabel("Button") {
    [0;36m|[0;0m                                                                         `- [1;31merror: [1;39mtype '_' cannot be used as a boolean; test for '!= 0' instead[0;0m
[0;36m163 |[0;0m                 Image(systemName: "xmark.circle.fill")
[0;36m164 |[0;0m                     .font(.title3)

[#DeprecatedDeclaration]: <https://docs.swift.org/compiler/documentation/diagnostics/deprecated-declaration>
[8/134] Compiling Shared GoalUtilityViews.swift
/Users/danielstevens/github-projects/tools-automation/MomentumFinance/Shared/Features/GlobalSearch/SearchEngineService.swift:90:42: [1;31merror: [1;39m'Subscription' is ambiguous for type lookup in this context[0;0m
 [0;36m88 |[0;0m 
 [0;36m89 |[0;0m     private func searchSubscriptions(_ query: String) -> [SearchResult] {
 [0;36m90 |[0;0m         let descriptor = FetchDescriptor<[4;39mSubscription[0;0m>()
    [0;36m|[0;0m                                          `- [1;31merror: [1;39m'Subscription' is ambiguous for type lookup in this context[0;0m
 [0;36m91 |[0;0m         guard let subscriptions = try? modelContext.fetch(descriptor) else { return [] }
 [0;36m92 |[0;0m 

Combine.Subscription:2:17: [1;39mnote: [1;39mfound this candidate[0;0m
[0;36m1 |[0;0m @available(macOS 10.15, iOS 13.0, tvOS 13.0, watchOS 6.0, *)
[0;36m2 |[0;0m public protocol Subscription : Cancellable, CustomCombineIdentifierConvertible {
  [0;36m|[0;0m                 `- [1;39mnote: [1;39mfound this candidate[0;0m
[0;36m3 |[0;0m     func request(_ demand: Subscribers.Demand)
[0;36m4 |[0;0m }

/Users/danielstevens/github-projects/tools-automation/MomentumFinance/Sources/MomentumFinanceCore/Models.swift:278:20: [1;39mnote: [1;39mfound this candidate[0;0m
[0;36m276 |[0;0m 
[0;36m277 |[0;0m @Model
[0;36m278 |[0;0m public final class Subscription: Encodable {
    [0;36m|[0;0m                    `- [1;39mnote: [1;39mfound this candidate[0;0m
[0;36m279 |[0;0m     enum CodingKeys: String, CodingKey {
[0;36m280 |[0;0m         case id, name, provider, amount, currencyCode, billingCycle, startDate, nextDueDate, notes,

/Users/danielstevens/github-projects/tools-automation/MomentumFinance/Shared/Features/GlobalSearch/SearchEngineService.swift:91:53: [1;31merror: [1;39mgeneric parameter 'T' could not be inferred[0;0m
 [0;36m89 |[0;0m     private func searchSubscriptions(_ query: String) -> [SearchResult] {
 [0;36m90 |[0;0m         let descriptor = FetchDescriptor<Subscription>()
 [0;36m91 |[0;0m         guard let subscriptions = try? modelContext.fetch(descriptor) else { return [] }
    [0;36m|[0;0m                                                     `- [1;31merror: [1;39mgeneric parameter 'T' could not be inferred[0;0m
 [0;36m92 |[0;0m 
 [0;36m93 |[0;0m         return subscriptions.compactMap { subscription in

SwiftData.ModelContext.fetch:2:13: [1;39mnote: [1;39min call to function 'fetch'[0;0m
[0;36m1 |[0;0m class ModelContext {
[0;36m2 |[0;0m public func fetch<T>(_ descriptor: FetchDescriptor<T>) throws -> [T] where T : PersistentModel}
  [0;36m|[0;0m             `- [1;39mnote: [1;39min call to function 'fetch'[0;0m
[0;36m3 |[0;0m 

/Users/danielstevens/github-projects/tools-automation/MomentumFinance/Shared/Features/GlobalSearch/SearchEngineService.swift:108:20: [1;31merror: [1;39m'nil' is not compatible with closure result type 'SearchResult'[0;0m
[0;36m106 |[0;0m                 )
[0;36m107 |[0;0m             }
[0;36m108 |[0;0m             return nil
    [0;36m|[0;0m                    `- [1;31merror: [1;39m'nil' is not compatible with closure result type 'SearchResult'[0;0m
[0;36m109 |[0;0m         }
[0;36m110 |[0;0m     }

/Users/danielstevens/github-projects/tools-automation/MomentumFinance/Shared/Features/GlobalSearch/SearchHeaderComponent.swift:27:22: [1;33mwarning: [1;39m'onChange(of:perform:)' was deprecated in macOS 14.0: Use `onChange` with a two or zero parameter action closure instead.[0;0m [#]8;;https://docs.swift.org/compiler/documentation/diagnostics/deprecated-declaration\DeprecatedDeclaration]8;;\]
[0;36m25 |[0;0m                     .accessibilityLabel("Text Field")
[0;36m26 |[0;0m                     .textFieldStyle(.plain)
[0;36m27 |[0;0m                     .onChange(of: self.searchText) { _ in
   [0;36m|[0;0m                      `- [1;33mwarning: [1;39m'onChange(of:perform:)' was deprecated in macOS 14.0: Use `onChange` with a two or zero parameter action closure instead.[0;0m [#]8;;https://docs.swift.org/compiler/documentation/diagnostics/deprecated-declaration\DeprecatedDeclaration]8;;\]
[0;36m28 |[0;0m                         self.onSearchChanged?()
[0;36m29 |[0;0m                     }

/Users/danielstevens/github-projects/tools-automation/MomentumFinance/Shared/Features/GoalsAndReports/GoalsAndReportsViewModel.swift:76:25: [1;31merror: [1;39mvalue of optional type 'Date?' must be unwrapped to a value of type 'Date'[0;0m
 [0;36m74 |[0;0m             name: name,
 [0;36m75 |[0;0m             targetAmount: targetAmount,
 [0;36m76 |[0;0m             targetDate: targetDate,
    [0;36m|[0;0m                         |- [1;31merror: [1;39mvalue of optional type 'Date?' must be unwrapped to a value of type 'Date'[0;0m
    [0;36m|[0;0m                         |- [1;39mnote: [1;39mcoalesce using '??' to provide a default when the optional value contains 'nil'[0;0m
    [0;36m|[0;0m                         `- [1;39mnote: [1;39mforce-unwrap using '!' to abort execution if the optional value contains 'nil'[0;0m
 [0;36m77 |[0;0m             notes: notes
 [0;36m78 |[0;0m         )

/Users/danielstevens/github-projects/tools-automation/MomentumFinance/Shared/Features/GoalsAndReports/GoalsAndReportsViewModel.swift:106:14: [1;31merror: [1;39mvalue of type 'SavingsGoal' has no member 'removeFunds'[0;0m
[0;36m104 |[0;0m     /// - Returns: <#description#>
[0;36m105 |[0;0m     func removeFundsFromGoal(_ goal: SavingsGoal, amount: Double) {
[0;36m106 |[0;0m         [4;39mgoal[0;0m.[4;39mremoveFunds[0;0m(amount)
    [0;36m|[0;0m              `- [1;31merror: [1;39mvalue of type 'SavingsGoal' has no member 'removeFunds'[0;0m
[0;36m107 |[0;0m 
[0;36m108 |[0;0m         do {

/Users/danielstevens/github-projects/tools-automation/MomentumFinance/Shared/Features/NotificationCenterView.swift:37:9: [1;31merror: [1;39mproperty 'body' must be declared public because it matches a requirement in public protocol 'View'[0;0m
 [0;36m35 |[0;0m     #endif
 [0;36m36 |[0;0m 
 [0;36m37 |[0;0m     var body: some View {
    [0;36m|[0;0m         |- [1;31merror: [1;39mproperty 'body' must be declared public because it matches a requirement in public protocol 'View'[0;0m
    [0;36m|[0;0m         `- [1;39mnote: [1;39mmark the property as 'public' to satisfy the requirement[0;0m
 [0;36m38 |[0;0m         NavigationView {
 [0;36m39 |[0;0m             VStack(spacing: 0) {

/Users/danielstevens/github-projects/tools-automation/MomentumFinance/Shared/Features/NotificationCenterView.swift:101:9: [1;31merror: [1;39mproperty 'body' must be declared public because it matches a requirement in public protocol 'View'[0;0m
 [0;36m99 |[0;0m 
[0;36m100 |[0;0m public struct EmptyNotificationsView: View {
[0;36m101 |[0;0m     var body: some View {
    [0;36m|[0;0m         |- [1;31merror: [1;39mproperty 'body' must be declared public because it matches a requirement in public protocol 'View'[0;0m
    [0;36m|[0;0m         `- [1;39mnote: [1;39mmark the property as 'public' to satisfy the requirement[0;0m
[0;36m102 |[0;0m         VStack(spacing: 20) {
[0;36m103 |[0;0m             Image(systemName: "bell.slash")

/Users/danielstevens/github-projects/tools-automation/MomentumFinance/Shared/Features/NotificationCenterView.swift:127:9: [1;31merror: [1;39mproperty 'body' must be declared public because it matches a requirement in public protocol 'View'[0;0m
[0;36m125 |[0;0m     let onDismiss: () -> Void
[0;36m126 |[0;0m 
[0;36m127 |[0;0m     var body: some View {
    [0;36m|[0;0m         |- [1;31merror: [1;39mproperty 'body' must be declared public because it matches a requirement in public protocol 'View'[0;0m
    [0;36m|[0;0m         `- [1;39mnote: [1;39mmark the property as 'public' to satisfy the requirement[0;0m
[0;36m128 |[0;0m         HStack(spacing: 12) {
[0;36m129 |[0;0m             // Notification Type Icon

/Users/danielstevens/github-projects/tools-automation/MomentumFinance/Shared/Features/NotificationCenterView.swift:47:22: [1;31merror: [1;39mtrailing closure passed to parameter of type 'Visibility' that does not accept a closure[0;0m
 [0;36m45 |[0;0m             }
 [0;36m46 |[0;0m             .navigationTitle("Notifications")
 [0;36m47 |[0;0m             .toolbar [4;39m{[0;0m
    [0;36m|[0;0m                      `- [1;31merror: [1;39mtrailing closure passed to parameter of type 'Visibility' that does not accept a closure[0;0m
 [0;36m48 |[0;0m                 ToolbarItem(placement: .automatic) {
 [0;36m49 |[0;0m                     Button("Done").accessibilityLabel("Button") {

SwiftUI.View.toolbar:6:27: [1;39mnote: [1;39m'toolbar(_:for:)' declared here[0;0m
[0;36m4 |[0;0m   @available(tvOS, introduced: 16.0, deprecated: 100000.0, renamed: "toolbarVisibility(_:for:)")
[0;36m5 |[0;0m   @available(watchOS, introduced: 9.0, deprecated: 100000.0, renamed: "toolbarVisibility(_:for:)")
[0;36m6 |[0;0m   nonisolated public func toolbar(_ visibility: Visibility, for bars: ToolbarPlacement...) -> some View
  [0;36m|[0;0m                           `- [1;39mnote: [1;39m'toolbar(_:for:)' declared here[0;0m
[0;36m7 |[0;0m   }
[0;36m8 |[0;0m 

/Users/danielstevens/github-projects/tools-automation/MomentumFinance/Shared/Features/NotificationCenterView.swift:162:20: [1;31merror: [1;39mmissing argument for parameter #1 in call[0;0m
[0;36m160 |[0;0m 
[0;36m161 |[0;0m             // Dismiss Button
[0;36m162 |[0;0m             Button(action: self.onDismiss).accessibilityLabel("Button") {
    [0;36m|[0;0m                    `- [1;31merror: [1;39mmissing argument for parameter #1 in call[0;0m
[0;36m163 |[0;0m                 Image(systemName: "xmark.circle.fill")
[0;36m164 |[0;0m                     .font(.title3)

SwiftUI.Button.init:2:36: [1;39mnote: [1;39m'init(_:action:)' declared here[0;0m
[0;36m1 |[0;0m generic struct Button {
[0;36m2 |[0;0m @preconcurrency nonisolated public init(_ titleKey: LocalizedStringKey, action: @escaping @MainActor () -> Void)}
  [0;36m|[0;0m                                    `- [1;39mnote: [1;39m'init(_:action:)' declared here[0;0m
[0;36m3 |[0;0m 

/Users/danielstevens/github-projects/tools-automation/MomentumFinance/Shared/Features/NotificationCenterView.swift:162:73: [1;31merror: [1;39mtype '_' cannot be used as a boolean; test for '!= 0' instead[0;0m
[0;36m160 |[0;0m 
[0;36m161 |[0;0m             // Dismiss Button
[0;36m162 |[0;0m             Button(action: self.onDismiss).accessibilityLabel("Button") {
    [0;36m|[0;0m                                                                         `- [1;31merror: [1;39mtype '_' cannot be used as a boolean; test for '!= 0' instead[0;0m
[0;36m163 |[0;0m                 Image(systemName: "xmark.circle.fill")
[0;36m164 |[0;0m                     .font(.title3)

[#DeprecatedDeclaration]: <https://docs.swift.org/compiler/documentation/diagnostics/deprecated-declaration>
[9/134] Compiling Shared GoalsAndReportsView.swift
/Users/danielstevens/github-projects/tools-automation/MomentumFinance/Shared/Features/GlobalSearch/SearchEngineService.swift:90:42: [1;31merror: [1;39m'Subscription' is ambiguous for type lookup in this context[0;0m
 [0;36m88 |[0;0m 
 [0;36m89 |[0;0m     private func searchSubscriptions(_ query: String) -> [SearchResult] {
 [0;36m90 |[0;0m         let descriptor = FetchDescriptor<[4;39mSubscription[0;0m>()
    [0;36m|[0;0m                                          `- [1;31merror: [1;39m'Subscription' is ambiguous for type lookup in this context[0;0m
 [0;36m91 |[0;0m         guard let subscriptions = try? modelContext.fetch(descriptor) else { return [] }
 [0;36m92 |[0;0m 

Combine.Subscription:2:17: [1;39mnote: [1;39mfound this candidate[0;0m
[0;36m1 |[0;0m @available(macOS 10.15, iOS 13.0, tvOS 13.0, watchOS 6.0, *)
[0;36m2 |[0;0m public protocol Subscription : Cancellable, CustomCombineIdentifierConvertible {
  [0;36m|[0;0m                 `- [1;39mnote: [1;39mfound this candidate[0;0m
[0;36m3 |[0;0m     func request(_ demand: Subscribers.Demand)
[0;36m4 |[0;0m }

/Users/danielstevens/github-projects/tools-automation/MomentumFinance/Sources/MomentumFinanceCore/Models.swift:278:20: [1;39mnote: [1;39mfound this candidate[0;0m
[0;36m276 |[0;0m 
[0;36m277 |[0;0m @Model
[0;36m278 |[0;0m public final class Subscription: Encodable {
    [0;36m|[0;0m                    `- [1;39mnote: [1;39mfound this candidate[0;0m
[0;36m279 |[0;0m     enum CodingKeys: String, CodingKey {
[0;36m280 |[0;0m         case id, name, provider, amount, currencyCode, billingCycle, startDate, nextDueDate, notes,

/Users/danielstevens/github-projects/tools-automation/MomentumFinance/Shared/Features/GlobalSearch/SearchEngineService.swift:91:53: [1;31merror: [1;39mgeneric parameter 'T' could not be inferred[0;0m
 [0;36m89 |[0;0m     private func searchSubscriptions(_ query: String) -> [SearchResult] {
 [0;36m90 |[0;0m         let descriptor = FetchDescriptor<Subscription>()
 [0;36m91 |[0;0m         guard let subscriptions = try? modelContext.fetch(descriptor) else { return [] }
    [0;36m|[0;0m                                                     `- [1;31merror: [1;39mgeneric parameter 'T' could not be inferred[0;0m
 [0;36m92 |[0;0m 
 [0;36m93 |[0;0m         return subscriptions.compactMap { subscription in

SwiftData.ModelContext.fetch:2:13: [1;39mnote: [1;39min call to function 'fetch'[0;0m
[0;36m1 |[0;0m class ModelContext {
[0;36m2 |[0;0m public func fetch<T>(_ descriptor: FetchDescriptor<T>) throws -> [T] where T : PersistentModel}
  [0;36m|[0;0m             `- [1;39mnote: [1;39min call to function 'fetch'[0;0m
[0;36m3 |[0;0m 

/Users/danielstevens/github-projects/tools-automation/MomentumFinance/Shared/Features/GlobalSearch/SearchEngineService.swift:108:20: [1;31merror: [1;39m'nil' is not compatible with closure result type 'SearchResult'[0;0m
[0;36m106 |[0;0m                 )
[0;36m107 |[0;0m             }
[0;36m108 |[0;0m             return nil
    [0;36m|[0;0m                    `- [1;31merror: [1;39m'nil' is not compatible with closure result type 'SearchResult'[0;0m
[0;36m109 |[0;0m         }
[0;36m110 |[0;0m     }

/Users/danielstevens/github-projects/tools-automation/MomentumFinance/Shared/Features/GlobalSearch/SearchHeaderComponent.swift:27:22: [1;33mwarning: [1;39m'onChange(of:perform:)' was deprecated in macOS 14.0: Use `onChange` with a two or zero parameter action closure instead.[0;0m [#]8;;https://docs.swift.org/compiler/documentation/diagnostics/deprecated-declaration\DeprecatedDeclaration]8;;\]
[0;36m25 |[0;0m                     .accessibilityLabel("Text Field")
[0;36m26 |[0;0m                     .textFieldStyle(.plain)
[0;36m27 |[0;0m                     .onChange(of: self.searchText) { _ in
   [0;36m|[0;0m                      `- [1;33mwarning: [1;39m'onChange(of:perform:)' was deprecated in macOS 14.0: Use `onChange` with a two or zero parameter action closure instead.[0;0m [#]8;;https://docs.swift.org/compiler/documentation/diagnostics/deprecated-declaration\DeprecatedDeclaration]8;;\]
[0;36m28 |[0;0m                         self.onSearchChanged?()
[0;36m29 |[0;0m                     }

/Users/danielstevens/github-projects/tools-automation/MomentumFinance/Shared/Features/GoalsAndReports/GoalsAndReportsViewModel.swift:76:25: [1;31merror: [1;39mvalue of optional type 'Date?' must be unwrapped to a value of type 'Date'[0;0m
 [0;36m74 |[0;0m             name: name,
 [0;36m75 |[0;0m             targetAmount: targetAmount,
 [0;36m76 |[0;0m             targetDate: targetDate,
    [0;36m|[0;0m                         |- [1;31merror: [1;39mvalue of optional type 'Date?' must be unwrapped to a value of type 'Date'[0;0m
    [0;36m|[0;0m                         |- [1;39mnote: [1;39mcoalesce using '??' to provide a default when the optional value contains 'nil'[0;0m
    [0;36m|[0;0m                         `- [1;39mnote: [1;39mforce-unwrap using '!' to abort execution if the optional value contains 'nil'[0;0m
 [0;36m77 |[0;0m             notes: notes
 [0;36m78 |[0;0m         )

/Users/danielstevens/github-projects/tools-automation/MomentumFinance/Shared/Features/GoalsAndReports/GoalsAndReportsViewModel.swift:106:14: [1;31merror: [1;39mvalue of type 'SavingsGoal' has no member 'removeFunds'[0;0m
[0;36m104 |[0;0m     /// - Returns: <#description#>
[0;36m105 |[0;0m     func removeFundsFromGoal(_ goal: SavingsGoal, amount: Double) {
[0;36m106 |[0;0m         [4;39mgoal[0;0m.[4;39mremoveFunds[0;0m(amount)
    [0;36m|[0;0m              `- [1;31merror: [1;39mvalue of type 'SavingsGoal' has no member 'removeFunds'[0;0m
[0;36m107 |[0;0m 
[0;36m108 |[0;0m         do {

/Users/danielstevens/github-projects/tools-automation/MomentumFinance/Shared/Features/NotificationCenterView.swift:37:9: [1;31merror: [1;39mproperty 'body' must be declared public because it matches a requirement in public protocol 'View'[0;0m
 [0;36m35 |[0;0m     #endif
 [0;36m36 |[0;0m 
 [0;36m37 |[0;0m     var body: some View {
    [0;36m|[0;0m         |- [1;31merror: [1;39mproperty 'body' must be declared public because it matches a requirement in public protocol 'View'[0;0m
    [0;36m|[0;0m         `- [1;39mnote: [1;39mmark the property as 'public' to satisfy the requirement[0;0m
 [0;36m38 |[0;0m         NavigationView {
 [0;36m39 |[0;0m             VStack(spacing: 0) {

/Users/danielstevens/github-projects/tools-automation/MomentumFinance/Shared/Features/NotificationCenterView.swift:101:9: [1;31merror: [1;39mproperty 'body' must be declared public because it matches a requirement in public protocol 'View'[0;0m
 [0;36m99 |[0;0m 
[0;36m100 |[0;0m public struct EmptyNotificationsView: View {
[0;36m101 |[0;0m     var body: some View {
    [0;36m|[0;0m         |- [1;31merror: [1;39mproperty 'body' must be declared public because it matches a requirement in public protocol 'View'[0;0m
    [0;36m|[0;0m         `- [1;39mnote: [1;39mmark the property as 'public' to satisfy the requirement[0;0m
[0;36m102 |[0;0m         VStack(spacing: 20) {
[0;36m103 |[0;0m             Image(systemName: "bell.slash")

/Users/danielstevens/github-projects/tools-automation/MomentumFinance/Shared/Features/NotificationCenterView.swift:127:9: [1;31merror: [1;39mproperty 'body' must be declared public because it matches a requirement in public protocol 'View'[0;0m
[0;36m125 |[0;0m     let onDismiss: () -> Void
[0;36m126 |[0;0m 
[0;36m127 |[0;0m     var body: some View {
    [0;36m|[0;0m         |- [1;31merror: [1;39mproperty 'body' must be declared public because it matches a requirement in public protocol 'View'[0;0m
    [0;36m|[0;0m         `- [1;39mnote: [1;39mmark the property as 'public' to satisfy the requirement[0;0m
[0;36m128 |[0;0m         HStack(spacing: 12) {
[0;36m129 |[0;0m             // Notification Type Icon

/Users/danielstevens/github-projects/tools-automation/MomentumFinance/Shared/Features/NotificationCenterView.swift:47:22: [1;31merror: [1;39mtrailing closure passed to parameter of type 'Visibility' that does not accept a closure[0;0m
 [0;36m45 |[0;0m             }
 [0;36m46 |[0;0m             .navigationTitle("Notifications")
 [0;36m47 |[0;0m             .toolbar [4;39m{[0;0m
    [0;36m|[0;0m                      `- [1;31merror: [1;39mtrailing closure passed to parameter of type 'Visibility' that does not accept a closure[0;0m
 [0;36m48 |[0;0m                 ToolbarItem(placement: .automatic) {
 [0;36m49 |[0;0m                     Button("Done").accessibilityLabel("Button") {

SwiftUI.View.toolbar:6:27: [1;39mnote: [1;39m'toolbar(_:for:)' declared here[0;0m
[0;36m4 |[0;0m   @available(tvOS, introduced: 16.0, deprecated: 100000.0, renamed: "toolbarVisibility(_:for:)")
[0;36m5 |[0;0m   @available(watchOS, introduced: 9.0, deprecated: 100000.0, renamed: "toolbarVisibility(_:for:)")
[0;36m6 |[0;0m   nonisolated public func toolbar(_ visibility: Visibility, for bars: ToolbarPlacement...) -> some View
  [0;36m|[0;0m                           `- [1;39mnote: [1;39m'toolbar(_:for:)' declared here[0;0m
[0;36m7 |[0;0m   }
[0;36m8 |[0;0m 

/Users/danielstevens/github-projects/tools-automation/MomentumFinance/Shared/Features/NotificationCenterView.swift:162:20: [1;31merror: [1;39mmissing argument for parameter #1 in call[0;0m
[0;36m160 |[0;0m 
[0;36m161 |[0;0m             // Dismiss Button
[0;36m162 |[0;0m             Button(action: self.onDismiss).accessibilityLabel("Button") {
    [0;36m|[0;0m                    `- [1;31merror: [1;39mmissing argument for parameter #1 in call[0;0m
[0;36m163 |[0;0m                 Image(systemName: "xmark.circle.fill")
[0;36m164 |[0;0m                     .font(.title3)

SwiftUI.Button.init:2:36: [1;39mnote: [1;39m'init(_:action:)' declared here[0;0m
[0;36m1 |[0;0m generic struct Button {
[0;36m2 |[0;0m @preconcurrency nonisolated public init(_ titleKey: LocalizedStringKey, action: @escaping @MainActor () -> Void)}
  [0;36m|[0;0m                                    `- [1;39mnote: [1;39m'init(_:action:)' declared here[0;0m
[0;36m3 |[0;0m 

/Users/danielstevens/github-projects/tools-automation/MomentumFinance/Shared/Features/NotificationCenterView.swift:162:73: [1;31merror: [1;39mtype '_' cannot be used as a boolean; test for '!= 0' instead[0;0m
[0;36m160 |[0;0m 
[0;36m161 |[0;0m             // Dismiss Button
[0;36m162 |[0;0m             Button(action: self.onDismiss).accessibilityLabel("Button") {
    [0;36m|[0;0m                                                                         `- [1;31merror: [1;39mtype '_' cannot be used as a boolean; test for '!= 0' instead[0;0m
[0;36m163 |[0;0m                 Image(systemName: "xmark.circle.fill")
[0;36m164 |[0;0m                     .font(.title3)

[#DeprecatedDeclaration]: <https://docs.swift.org/compiler/documentation/diagnostics/deprecated-declaration>
[10/134] Compiling Shared GoalsAndReportsViewModel.swift
/Users/danielstevens/github-projects/tools-automation/MomentumFinance/Shared/Features/GlobalSearch/SearchEngineService.swift:90:42: [1;31merror: [1;39m'Subscription' is ambiguous for type lookup in this context[0;0m
 [0;36m88 |[0;0m 
 [0;36m89 |[0;0m     private func searchSubscriptions(_ query: String) -> [SearchResult] {
 [0;36m90 |[0;0m         let descriptor = FetchDescriptor<[4;39mSubscription[0;0m>()
    [0;36m|[0;0m                                          `- [1;31merror: [1;39m'Subscription' is ambiguous for type lookup in this context[0;0m
 [0;36m91 |[0;0m         guard let subscriptions = try? modelContext.fetch(descriptor) else { return [] }
 [0;36m92 |[0;0m 

Combine.Subscription:2:17: [1;39mnote: [1;39mfound this candidate[0;0m
[0;36m1 |[0;0m @available(macOS 10.15, iOS 13.0, tvOS 13.0, watchOS 6.0, *)
[0;36m2 |[0;0m public protocol Subscription : Cancellable, CustomCombineIdentifierConvertible {
  [0;36m|[0;0m                 `- [1;39mnote: [1;39mfound this candidate[0;0m
[0;36m3 |[0;0m     func request(_ demand: Subscribers.Demand)
[0;36m4 |[0;0m }

/Users/danielstevens/github-projects/tools-automation/MomentumFinance/Sources/MomentumFinanceCore/Models.swift:278:20: [1;39mnote: [1;39mfound this candidate[0;0m
[0;36m276 |[0;0m 
[0;36m277 |[0;0m @Model
[0;36m278 |[0;0m public final class Subscription: Encodable {
    [0;36m|[0;0m                    `- [1;39mnote: [1;39mfound this candidate[0;0m
[0;36m279 |[0;0m     enum CodingKeys: String, CodingKey {
[0;36m280 |[0;0m         case id, name, provider, amount, currencyCode, billingCycle, startDate, nextDueDate, notes,

/Users/danielstevens/github-projects/tools-automation/MomentumFinance/Shared/Features/GlobalSearch/SearchEngineService.swift:91:53: [1;31merror: [1;39mgeneric parameter 'T' could not be inferred[0;0m
 [0;36m89 |[0;0m     private func searchSubscriptions(_ query: String) -> [SearchResult] {
 [0;36m90 |[0;0m         let descriptor = FetchDescriptor<Subscription>()
 [0;36m91 |[0;0m         guard let subscriptions = try? modelContext.fetch(descriptor) else { return [] }
    [0;36m|[0;0m                                                     `- [1;31merror: [1;39mgeneric parameter 'T' could not be inferred[0;0m
 [0;36m92 |[0;0m 
 [0;36m93 |[0;0m         return subscriptions.compactMap { subscription in

SwiftData.ModelContext.fetch:2:13: [1;39mnote: [1;39min call to function 'fetch'[0;0m
[0;36m1 |[0;0m class ModelContext {
[0;36m2 |[0;0m public func fetch<T>(_ descriptor: FetchDescriptor<T>) throws -> [T] where T : PersistentModel}
  [0;36m|[0;0m             `- [1;39mnote: [1;39min call to function 'fetch'[0;0m
[0;36m3 |[0;0m 

/Users/danielstevens/github-projects/tools-automation/MomentumFinance/Shared/Features/GlobalSearch/SearchEngineService.swift:108:20: [1;31merror: [1;39m'nil' is not compatible with closure result type 'SearchResult'[0;0m
[0;36m106 |[0;0m                 )
[0;36m107 |[0;0m             }
[0;36m108 |[0;0m             return nil
    [0;36m|[0;0m                    `- [1;31merror: [1;39m'nil' is not compatible with closure result type 'SearchResult'[0;0m
[0;36m109 |[0;0m         }
[0;36m110 |[0;0m     }

/Users/danielstevens/github-projects/tools-automation/MomentumFinance/Shared/Features/GlobalSearch/SearchHeaderComponent.swift:27:22: [1;33mwarning: [1;39m'onChange(of:perform:)' was deprecated in macOS 14.0: Use `onChange` with a two or zero parameter action closure instead.[0;0m [#]8;;https://docs.swift.org/compiler/documentation/diagnostics/deprecated-declaration\DeprecatedDeclaration]8;;\]
[0;36m25 |[0;0m                     .accessibilityLabel("Text Field")
[0;36m26 |[0;0m                     .textFieldStyle(.plain)
[0;36m27 |[0;0m                     .onChange(of: self.searchText) { _ in
   [0;36m|[0;0m                      `- [1;33mwarning: [1;39m'onChange(of:perform:)' was deprecated in macOS 14.0: Use `onChange` with a two or zero parameter action closure instead.[0;0m [#]8;;https://docs.swift.org/compiler/documentation/diagnostics/deprecated-declaration\DeprecatedDeclaration]8;;\]
[0;36m28 |[0;0m                         self.onSearchChanged?()
[0;36m29 |[0;0m                     }

/Users/danielstevens/github-projects/tools-automation/MomentumFinance/Shared/Features/GoalsAndReports/GoalsAndReportsViewModel.swift:76:25: [1;31merror: [1;39mvalue of optional type 'Date?' must be unwrapped to a value of type 'Date'[0;0m
 [0;36m74 |[0;0m             name: name,
 [0;36m75 |[0;0m             targetAmount: targetAmount,
 [0;36m76 |[0;0m             targetDate: targetDate,
    [0;36m|[0;0m                         |- [1;31merror: [1;39mvalue of optional type 'Date?' must be unwrapped to a value of type 'Date'[0;0m
    [0;36m|[0;0m                         |- [1;39mnote: [1;39mcoalesce using '??' to provide a default when the optional value contains 'nil'[0;0m
    [0;36m|[0;0m                         `- [1;39mnote: [1;39mforce-unwrap using '!' to abort execution if the optional value contains 'nil'[0;0m
 [0;36m77 |[0;0m             notes: notes
 [0;36m78 |[0;0m         )

/Users/danielstevens/github-projects/tools-automation/MomentumFinance/Shared/Features/GoalsAndReports/GoalsAndReportsViewModel.swift:106:14: [1;31merror: [1;39mvalue of type 'SavingsGoal' has no member 'removeFunds'[0;0m
[0;36m104 |[0;0m     /// - Returns: <#description#>
[0;36m105 |[0;0m     func removeFundsFromGoal(_ goal: SavingsGoal, amount: Double) {
[0;36m106 |[0;0m         [4;39mgoal[0;0m.[4;39mremoveFunds[0;0m(amount)
    [0;36m|[0;0m              `- [1;31merror: [1;39mvalue of type 'SavingsGoal' has no member 'removeFunds'[0;0m
[0;36m107 |[0;0m 
[0;36m108 |[0;0m         do {

/Users/danielstevens/github-projects/tools-automation/MomentumFinance/Shared/Features/NotificationCenterView.swift:37:9: [1;31merror: [1;39mproperty 'body' must be declared public because it matches a requirement in public protocol 'View'[0;0m
 [0;36m35 |[0;0m     #endif
 [0;36m36 |[0;0m 
 [0;36m37 |[0;0m     var body: some View {
    [0;36m|[0;0m         |- [1;31merror: [1;39mproperty 'body' must be declared public because it matches a requirement in public protocol 'View'[0;0m
    [0;36m|[0;0m         `- [1;39mnote: [1;39mmark the property as 'public' to satisfy the requirement[0;0m
 [0;36m38 |[0;0m         NavigationView {
 [0;36m39 |[0;0m             VStack(spacing: 0) {

/Users/danielstevens/github-projects/tools-automation/MomentumFinance/Shared/Features/NotificationCenterView.swift:101:9: [1;31merror: [1;39mproperty 'body' must be declared public because it matches a requirement in public protocol 'View'[0;0m
 [0;36m99 |[0;0m 
[0;36m100 |[0;0m public struct EmptyNotificationsView: View {
[0;36m101 |[0;0m     var body: some View {
    [0;36m|[0;0m         |- [1;31merror: [1;39mproperty 'body' must be declared public because it matches a requirement in public protocol 'View'[0;0m
    [0;36m|[0;0m         `- [1;39mnote: [1;39mmark the property as 'public' to satisfy the requirement[0;0m
[0;36m102 |[0;0m         VStack(spacing: 20) {
[0;36m103 |[0;0m             Image(systemName: "bell.slash")

/Users/danielstevens/github-projects/tools-automation/MomentumFinance/Shared/Features/NotificationCenterView.swift:127:9: [1;31merror: [1;39mproperty 'body' must be declared public because it matches a requirement in public protocol 'View'[0;0m
[0;36m125 |[0;0m     let onDismiss: () -> Void
[0;36m126 |[0;0m 
[0;36m127 |[0;0m     var body: some View {
    [0;36m|[0;0m         |- [1;31merror: [1;39mproperty 'body' must be declared public because it matches a requirement in public protocol 'View'[0;0m
    [0;36m|[0;0m         `- [1;39mnote: [1;39mmark the property as 'public' to satisfy the requirement[0;0m
[0;36m128 |[0;0m         HStack(spacing: 12) {
[0;36m129 |[0;0m             // Notification Type Icon

/Users/danielstevens/github-projects/tools-automation/MomentumFinance/Shared/Features/NotificationCenterView.swift:47:22: [1;31merror: [1;39mtrailing closure passed to parameter of type 'Visibility' that does not accept a closure[0;0m
 [0;36m45 |[0;0m             }
 [0;36m46 |[0;0m             .navigationTitle("Notifications")
 [0;36m47 |[0;0m             .toolbar [4;39m{[0;0m
    [0;36m|[0;0m                      `- [1;31merror: [1;39mtrailing closure passed to parameter of type 'Visibility' that does not accept a closure[0;0m
 [0;36m48 |[0;0m                 ToolbarItem(placement: .automatic) {
 [0;36m49 |[0;0m                     Button("Done").accessibilityLabel("Button") {

SwiftUI.View.toolbar:6:27: [1;39mnote: [1;39m'toolbar(_:for:)' declared here[0;0m
[0;36m4 |[0;0m   @available(tvOS, introduced: 16.0, deprecated: 100000.0, renamed: "toolbarVisibility(_:for:)")
[0;36m5 |[0;0m   @available(watchOS, introduced: 9.0, deprecated: 100000.0, renamed: "toolbarVisibility(_:for:)")
[0;36m6 |[0;0m   nonisolated public func toolbar(_ visibility: Visibility, for bars: ToolbarPlacement...) -> some View
  [0;36m|[0;0m                           `- [1;39mnote: [1;39m'toolbar(_:for:)' declared here[0;0m
[0;36m7 |[0;0m   }
[0;36m8 |[0;0m 

/Users/danielstevens/github-projects/tools-automation/MomentumFinance/Shared/Features/NotificationCenterView.swift:162:20: [1;31merror: [1;39mmissing argument for parameter #1 in call[0;0m
[0;36m160 |[0;0m 
[0;36m161 |[0;0m             // Dismiss Button
[0;36m162 |[0;0m             Button(action: self.onDismiss).accessibilityLabel("Button") {
    [0;36m|[0;0m                    `- [1;31merror: [1;39mmissing argument for parameter #1 in call[0;0m
[0;36m163 |[0;0m                 Image(systemName: "xmark.circle.fill")
[0;36m164 |[0;0m                     .font(.title3)

SwiftUI.Button.init:2:36: [1;39mnote: [1;39m'init(_:action:)' declared here[0;0m
[0;36m1 |[0;0m generic struct Button {
[0;36m2 |[0;0m @preconcurrency nonisolated public init(_ titleKey: LocalizedStringKey, action: @escaping @MainActor () -> Void)}
  [0;36m|[0;0m                                    `- [1;39mnote: [1;39m'init(_:action:)' declared here[0;0m
[0;36m3 |[0;0m 

/Users/danielstevens/github-projects/tools-automation/MomentumFinance/Shared/Features/NotificationCenterView.swift:162:73: [1;31merror: [1;39mtype '_' cannot be used as a boolean; test for '!= 0' instead[0;0m
[0;36m160 |[0;0m 
[0;36m161 |[0;0m             // Dismiss Button
[0;36m162 |[0;0m             Button(action: self.onDismiss).accessibilityLabel("Button") {
    [0;36m|[0;0m                                                                         `- [1;31merror: [1;39mtype '_' cannot be used as a boolean; test for '!= 0' instead[0;0m
[0;36m163 |[0;0m                 Image(systemName: "xmark.circle.fill")
[0;36m164 |[0;0m                     .font(.title3)

[#DeprecatedDeclaration]: <https://docs.swift.org/compiler/documentation/diagnostics/deprecated-declaration>
[11/134] Compiling Shared GoalsAndReportsView_New.swift
/Users/danielstevens/github-projects/tools-automation/MomentumFinance/Shared/Features/GlobalSearch/SearchEngineService.swift:90:42: [1;31merror: [1;39m'Subscription' is ambiguous for type lookup in this context[0;0m
 [0;36m88 |[0;0m 
 [0;36m89 |[0;0m     private func searchSubscriptions(_ query: String) -> [SearchResult] {
 [0;36m90 |[0;0m         let descriptor = FetchDescriptor<[4;39mSubscription[0;0m>()
    [0;36m|[0;0m                                          `- [1;31merror: [1;39m'Subscription' is ambiguous for type lookup in this context[0;0m
 [0;36m91 |[0;0m         guard let subscriptions = try? modelContext.fetch(descriptor) else { return [] }
 [0;36m92 |[0;0m 

Combine.Subscription:2:17: [1;39mnote: [1;39mfound this candidate[0;0m
[0;36m1 |[0;0m @available(macOS 10.15, iOS 13.0, tvOS 13.0, watchOS 6.0, *)
[0;36m2 |[0;0m public protocol Subscription : Cancellable, CustomCombineIdentifierConvertible {
  [0;36m|[0;0m                 `- [1;39mnote: [1;39mfound this candidate[0;0m
[0;36m3 |[0;0m     func request(_ demand: Subscribers.Demand)
[0;36m4 |[0;0m }

/Users/danielstevens/github-projects/tools-automation/MomentumFinance/Sources/MomentumFinanceCore/Models.swift:278:20: [1;39mnote: [1;39mfound this candidate[0;0m
[0;36m276 |[0;0m 
[0;36m277 |[0;0m @Model
[0;36m278 |[0;0m public final class Subscription: Encodable {
    [0;36m|[0;0m                    `- [1;39mnote: [1;39mfound this candidate[0;0m
[0;36m279 |[0;0m     enum CodingKeys: String, CodingKey {
[0;36m280 |[0;0m         case id, name, provider, amount, currencyCode, billingCycle, startDate, nextDueDate, notes,

/Users/danielstevens/github-projects/tools-automation/MomentumFinance/Shared/Features/GlobalSearch/SearchEngineService.swift:91:53: [1;31merror: [1;39mgeneric parameter 'T' could not be inferred[0;0m
 [0;36m89 |[0;0m     private func searchSubscriptions(_ query: String) -> [SearchResult] {
 [0;36m90 |[0;0m         let descriptor = FetchDescriptor<Subscription>()
 [0;36m91 |[0;0m         guard let subscriptions = try? modelContext.fetch(descriptor) else { return [] }
    [0;36m|[0;0m                                                     `- [1;31merror: [1;39mgeneric parameter 'T' could not be inferred[0;0m
 [0;36m92 |[0;0m 
 [0;36m93 |[0;0m         return subscriptions.compactMap { subscription in

SwiftData.ModelContext.fetch:2:13: [1;39mnote: [1;39min call to function 'fetch'[0;0m
[0;36m1 |[0;0m class ModelContext {
[0;36m2 |[0;0m public func fetch<T>(_ descriptor: FetchDescriptor<T>) throws -> [T] where T : PersistentModel}
  [0;36m|[0;0m             `- [1;39mnote: [1;39min call to function 'fetch'[0;0m
[0;36m3 |[0;0m 

/Users/danielstevens/github-projects/tools-automation/MomentumFinance/Shared/Features/GlobalSearch/SearchEngineService.swift:108:20: [1;31merror: [1;39m'nil' is not compatible with closure result type 'SearchResult'[0;0m
[0;36m106 |[0;0m                 )
[0;36m107 |[0;0m             }
[0;36m108 |[0;0m             return nil
    [0;36m|[0;0m                    `- [1;31merror: [1;39m'nil' is not compatible with closure result type 'SearchResult'[0;0m
[0;36m109 |[0;0m         }
[0;36m110 |[0;0m     }

/Users/danielstevens/github-projects/tools-automation/MomentumFinance/Shared/Features/GlobalSearch/SearchHeaderComponent.swift:27:22: [1;33mwarning: [1;39m'onChange(of:perform:)' was deprecated in macOS 14.0: Use `onChange` with a two or zero parameter action closure instead.[0;0m [#]8;;https://docs.swift.org/compiler/documentation/diagnostics/deprecated-declaration\DeprecatedDeclaration]8;;\]
[0;36m25 |[0;0m                     .accessibilityLabel("Text Field")
[0;36m26 |[0;0m                     .textFieldStyle(.plain)
[0;36m27 |[0;0m                     .onChange(of: self.searchText) { _ in
   [0;36m|[0;0m                      `- [1;33mwarning: [1;39m'onChange(of:perform:)' was deprecated in macOS 14.0: Use `onChange` with a two or zero parameter action closure instead.[0;0m [#]8;;https://docs.swift.org/compiler/documentation/diagnostics/deprecated-declaration\DeprecatedDeclaration]8;;\]
[0;36m28 |[0;0m                         self.onSearchChanged?()
[0;36m29 |[0;0m                     }

/Users/danielstevens/github-projects/tools-automation/MomentumFinance/Shared/Features/GoalsAndReports/GoalsAndReportsViewModel.swift:76:25: [1;31merror: [1;39mvalue of optional type 'Date?' must be unwrapped to a value of type 'Date'[0;0m
 [0;36m74 |[0;0m             name: name,
 [0;36m75 |[0;0m             targetAmount: targetAmount,
 [0;36m76 |[0;0m             targetDate: targetDate,
    [0;36m|[0;0m                         |- [1;31merror: [1;39mvalue of optional type 'Date?' must be unwrapped to a value of type 'Date'[0;0m
    [0;36m|[0;0m                         |- [1;39mnote: [1;39mcoalesce using '??' to provide a default when the optional value contains 'nil'[0;0m
    [0;36m|[0;0m                         `- [1;39mnote: [1;39mforce-unwrap using '!' to abort execution if the optional value contains 'nil'[0;0m
 [0;36m77 |[0;0m             notes: notes
 [0;36m78 |[0;0m         )

/Users/danielstevens/github-projects/tools-automation/MomentumFinance/Shared/Features/GoalsAndReports/GoalsAndReportsViewModel.swift:106:14: [1;31merror: [1;39mvalue of type 'SavingsGoal' has no member 'removeFunds'[0;0m
[0;36m104 |[0;0m     /// - Returns: <#description#>
[0;36m105 |[0;0m     func removeFundsFromGoal(_ goal: SavingsGoal, amount: Double) {
[0;36m106 |[0;0m         [4;39mgoal[0;0m.[4;39mremoveFunds[0;0m(amount)
    [0;36m|[0;0m              `- [1;31merror: [1;39mvalue of type 'SavingsGoal' has no member 'removeFunds'[0;0m
[0;36m107 |[0;0m 
[0;36m108 |[0;0m         do {

/Users/danielstevens/github-projects/tools-automation/MomentumFinance/Shared/Features/NotificationCenterView.swift:37:9: [1;31merror: [1;39mproperty 'body' must be declared public because it matches a requirement in public protocol 'View'[0;0m
 [0;36m35 |[0;0m     #endif
 [0;36m36 |[0;0m 
 [0;36m37 |[0;0m     var body: some View {
    [0;36m|[0;0m         |- [1;31merror: [1;39mproperty 'body' must be declared public because it matches a requirement in public protocol 'View'[0;0m
    [0;36m|[0;0m         `- [1;39mnote: [1;39mmark the property as 'public' to satisfy the requirement[0;0m
 [0;36m38 |[0;0m         NavigationView {
 [0;36m39 |[0;0m             VStack(spacing: 0) {

/Users/danielstevens/github-projects/tools-automation/MomentumFinance/Shared/Features/NotificationCenterView.swift:101:9: [1;31merror: [1;39mproperty 'body' must be declared public because it matches a requirement in public protocol 'View'[0;0m
 [0;36m99 |[0;0m 
[0;36m100 |[0;0m public struct EmptyNotificationsView: View {
[0;36m101 |[0;0m     var body: some View {
    [0;36m|[0;0m         |- [1;31merror: [1;39mproperty 'body' must be declared public because it matches a requirement in public protocol 'View'[0;0m
    [0;36m|[0;0m         `- [1;39mnote: [1;39mmark the property as 'public' to satisfy the requirement[0;0m
[0;36m102 |[0;0m         VStack(spacing: 20) {
[0;36m103 |[0;0m             Image(systemName: "bell.slash")

/Users/danielstevens/github-projects/tools-automation/MomentumFinance/Shared/Features/NotificationCenterView.swift:127:9: [1;31merror: [1;39mproperty 'body' must be declared public because it matches a requirement in public protocol 'View'[0;0m
[0;36m125 |[0;0m     let onDismiss: () -> Void
[0;36m126 |[0;0m 
[0;36m127 |[0;0m     var body: some View {
    [0;36m|[0;0m         |- [1;31merror: [1;39mproperty 'body' must be declared public because it matches a requirement in public protocol 'View'[0;0m
    [0;36m|[0;0m         `- [1;39mnote: [1;39mmark the property as 'public' to satisfy the requirement[0;0m
[0;36m128 |[0;0m         HStack(spacing: 12) {
[0;36m129 |[0;0m             // Notification Type Icon

/Users/danielstevens/github-projects/tools-automation/MomentumFinance/Shared/Features/NotificationCenterView.swift:47:22: [1;31merror: [1;39mtrailing closure passed to parameter of type 'Visibility' that does not accept a closure[0;0m
 [0;36m45 |[0;0m             }
 [0;36m46 |[0;0m             .navigationTitle("Notifications")
 [0;36m47 |[0;0m             .toolbar [4;39m{[0;0m
    [0;36m|[0;0m                      `- [1;31merror: [1;39mtrailing closure passed to parameter of type 'Visibility' that does not accept a closure[0;0m
 [0;36m48 |[0;0m                 ToolbarItem(placement: .automatic) {
 [0;36m49 |[0;0m                     Button("Done").accessibilityLabel("Button") {

SwiftUI.View.toolbar:6:27: [1;39mnote: [1;39m'toolbar(_:for:)' declared here[0;0m
[0;36m4 |[0;0m   @available(tvOS, introduced: 16.0, deprecated: 100000.0, renamed: "toolbarVisibility(_:for:)")
[0;36m5 |[0;0m   @available(watchOS, introduced: 9.0, deprecated: 100000.0, renamed: "toolbarVisibility(_:for:)")
[0;36m6 |[0;0m   nonisolated public func toolbar(_ visibility: Visibility, for bars: ToolbarPlacement...) -> some View
  [0;36m|[0;0m                           `- [1;39mnote: [1;39m'toolbar(_:for:)' declared here[0;0m
[0;36m7 |[0;0m   }
[0;36m8 |[0;0m 

/Users/danielstevens/github-projects/tools-automation/MomentumFinance/Shared/Features/NotificationCenterView.swift:162:20: [1;31merror: [1;39mmissing argument for parameter #1 in call[0;0m
[0;36m160 |[0;0m 
[0;36m161 |[0;0m             // Dismiss Button
[0;36m162 |[0;0m             Button(action: self.onDismiss).accessibilityLabel("Button") {
    [0;36m|[0;0m                    `- [1;31merror: [1;39mmissing argument for parameter #1 in call[0;0m
[0;36m163 |[0;0m                 Image(systemName: "xmark.circle.fill")
[0;36m164 |[0;0m                     .font(.title3)

SwiftUI.Button.init:2:36: [1;39mnote: [1;39m'init(_:action:)' declared here[0;0m
[0;36m1 |[0;0m generic struct Button {
[0;36m2 |[0;0m @preconcurrency nonisolated public init(_ titleKey: LocalizedStringKey, action: @escaping @MainActor () -> Void)}
  [0;36m|[0;0m                                    `- [1;39mnote: [1;39m'init(_:action:)' declared here[0;0m
[0;36m3 |[0;0m 

/Users/danielstevens/github-projects/tools-automation/MomentumFinance/Shared/Features/NotificationCenterView.swift:162:73: [1;31merror: [1;39mtype '_' cannot be used as a boolean; test for '!= 0' instead[0;0m
[0;36m160 |[0;0m 
[0;36m161 |[0;0m             // Dismiss Button
[0;36m162 |[0;0m             Button(action: self.onDismiss).accessibilityLabel("Button") {
    [0;36m|[0;0m                                                                         `- [1;31merror: [1;39mtype '_' cannot be used as a boolean; test for '!= 0' instead[0;0m
[0;36m163 |[0;0m                 Image(systemName: "xmark.circle.fill")
[0;36m164 |[0;0m                     .font(.title3)

[#DeprecatedDeclaration]: <https://docs.swift.org/compiler/documentation/diagnostics/deprecated-declaration>
[12/134] Compiling Shared ReportsViews.swift
/Users/danielstevens/github-projects/tools-automation/MomentumFinance/Shared/Features/GlobalSearch/SearchEngineService.swift:90:42: [1;31merror: [1;39m'Subscription' is ambiguous for type lookup in this context[0;0m
 [0;36m88 |[0;0m 
 [0;36m89 |[0;0m     private func searchSubscriptions(_ query: String) -> [SearchResult] {
 [0;36m90 |[0;0m         let descriptor = FetchDescriptor<[4;39mSubscription[0;0m>()
    [0;36m|[0;0m                                          `- [1;31merror: [1;39m'Subscription' is ambiguous for type lookup in this context[0;0m
 [0;36m91 |[0;0m         guard let subscriptions = try? modelContext.fetch(descriptor) else { return [] }
 [0;36m92 |[0;0m 

Combine.Subscription:2:17: [1;39mnote: [1;39mfound this candidate[0;0m
[0;36m1 |[0;0m @available(macOS 10.15, iOS 13.0, tvOS 13.0, watchOS 6.0, *)
[0;36m2 |[0;0m public protocol Subscription : Cancellable, CustomCombineIdentifierConvertible {
  [0;36m|[0;0m                 `- [1;39mnote: [1;39mfound this candidate[0;0m
[0;36m3 |[0;0m     func request(_ demand: Subscribers.Demand)
[0;36m4 |[0;0m }

/Users/danielstevens/github-projects/tools-automation/MomentumFinance/Sources/MomentumFinanceCore/Models.swift:278:20: [1;39mnote: [1;39mfound this candidate[0;0m
[0;36m276 |[0;0m 
[0;36m277 |[0;0m @Model
[0;36m278 |[0;0m public final class Subscription: Encodable {
    [0;36m|[0;0m                    `- [1;39mnote: [1;39mfound this candidate[0;0m
[0;36m279 |[0;0m     enum CodingKeys: String, CodingKey {
[0;36m280 |[0;0m         case id, name, provider, amount, currencyCode, billingCycle, startDate, nextDueDate, notes,

/Users/danielstevens/github-projects/tools-automation/MomentumFinance/Shared/Features/GlobalSearch/SearchEngineService.swift:91:53: [1;31merror: [1;39mgeneric parameter 'T' could not be inferred[0;0m
 [0;36m89 |[0;0m     private func searchSubscriptions(_ query: String) -> [SearchResult] {
 [0;36m90 |[0;0m         let descriptor = FetchDescriptor<Subscription>()
 [0;36m91 |[0;0m         guard let subscriptions = try? modelContext.fetch(descriptor) else { return [] }
    [0;36m|[0;0m                                                     `- [1;31merror: [1;39mgeneric parameter 'T' could not be inferred[0;0m
 [0;36m92 |[0;0m 
 [0;36m93 |[0;0m         return subscriptions.compactMap { subscription in

SwiftData.ModelContext.fetch:2:13: [1;39mnote: [1;39min call to function 'fetch'[0;0m
[0;36m1 |[0;0m class ModelContext {
[0;36m2 |[0;0m public func fetch<T>(_ descriptor: FetchDescriptor<T>) throws -> [T] where T : PersistentModel}
  [0;36m|[0;0m             `- [1;39mnote: [1;39min call to function 'fetch'[0;0m
[0;36m3 |[0;0m 

/Users/danielstevens/github-projects/tools-automation/MomentumFinance/Shared/Features/GlobalSearch/SearchEngineService.swift:108:20: [1;31merror: [1;39m'nil' is not compatible with closure result type 'SearchResult'[0;0m
[0;36m106 |[0;0m                 )
[0;36m107 |[0;0m             }
[0;36m108 |[0;0m             return nil
    [0;36m|[0;0m                    `- [1;31merror: [1;39m'nil' is not compatible with closure result type 'SearchResult'[0;0m
[0;36m109 |[0;0m         }
[0;36m110 |[0;0m     }

/Users/danielstevens/github-projects/tools-automation/MomentumFinance/Shared/Features/GlobalSearch/SearchHeaderComponent.swift:27:22: [1;33mwarning: [1;39m'onChange(of:perform:)' was deprecated in macOS 14.0: Use `onChange` with a two or zero parameter action closure instead.[0;0m [#]8;;https://docs.swift.org/compiler/documentation/diagnostics/deprecated-declaration\DeprecatedDeclaration]8;;\]
[0;36m25 |[0;0m                     .accessibilityLabel("Text Field")
[0;36m26 |[0;0m                     .textFieldStyle(.plain)
[0;36m27 |[0;0m                     .onChange(of: self.searchText) { _ in
   [0;36m|[0;0m                      `- [1;33mwarning: [1;39m'onChange(of:perform:)' was deprecated in macOS 14.0: Use `onChange` with a two or zero parameter action closure instead.[0;0m [#]8;;https://docs.swift.org/compiler/documentation/diagnostics/deprecated-declaration\DeprecatedDeclaration]8;;\]
[0;36m28 |[0;0m                         self.onSearchChanged?()
[0;36m29 |[0;0m                     }

/Users/danielstevens/github-projects/tools-automation/MomentumFinance/Shared/Features/GoalsAndReports/GoalsAndReportsViewModel.swift:76:25: [1;31merror: [1;39mvalue of optional type 'Date?' must be unwrapped to a value of type 'Date'[0;0m
 [0;36m74 |[0;0m             name: name,
 [0;36m75 |[0;0m             targetAmount: targetAmount,
 [0;36m76 |[0;0m             targetDate: targetDate,
    [0;36m|[0;0m                         |- [1;31merror: [1;39mvalue of optional type 'Date?' must be unwrapped to a value of type 'Date'[0;0m
    [0;36m|[0;0m                         |- [1;39mnote: [1;39mcoalesce using '??' to provide a default when the optional value contains 'nil'[0;0m
    [0;36m|[0;0m                         `- [1;39mnote: [1;39mforce-unwrap using '!' to abort execution if the optional value contains 'nil'[0;0m
 [0;36m77 |[0;0m             notes: notes
 [0;36m78 |[0;0m         )

/Users/danielstevens/github-projects/tools-automation/MomentumFinance/Shared/Features/GoalsAndReports/GoalsAndReportsViewModel.swift:106:14: [1;31merror: [1;39mvalue of type 'SavingsGoal' has no member 'removeFunds'[0;0m
[0;36m104 |[0;0m     /// - Returns: <#description#>
[0;36m105 |[0;0m     func removeFundsFromGoal(_ goal: SavingsGoal, amount: Double) {
[0;36m106 |[0;0m         [4;39mgoal[0;0m.[4;39mremoveFunds[0;0m(amount)
    [0;36m|[0;0m              `- [1;31merror: [1;39mvalue of type 'SavingsGoal' has no member 'removeFunds'[0;0m
[0;36m107 |[0;0m 
[0;36m108 |[0;0m         do {

/Users/danielstevens/github-projects/tools-automation/MomentumFinance/Shared/Features/NotificationCenterView.swift:37:9: [1;31merror: [1;39mproperty 'body' must be declared public because it matches a requirement in public protocol 'View'[0;0m
 [0;36m35 |[0;0m     #endif
 [0;36m36 |[0;0m 
 [0;36m37 |[0;0m     var body: some View {
    [0;36m|[0;0m         |- [1;31merror: [1;39mproperty 'body' must be declared public because it matches a requirement in public protocol 'View'[0;0m
    [0;36m|[0;0m         `- [1;39mnote: [1;39mmark the property as 'public' to satisfy the requirement[0;0m
 [0;36m38 |[0;0m         NavigationView {
 [0;36m39 |[0;0m             VStack(spacing: 0) {

/Users/danielstevens/github-projects/tools-automation/MomentumFinance/Shared/Features/NotificationCenterView.swift:101:9: [1;31merror: [1;39mproperty 'body' must be declared public because it matches a requirement in public protocol 'View'[0;0m
 [0;36m99 |[0;0m 
[0;36m100 |[0;0m public struct EmptyNotificationsView: View {
[0;36m101 |[0;0m     var body: some View {
    [0;36m|[0;0m         |- [1;31merror: [1;39mproperty 'body' must be declared public because it matches a requirement in public protocol 'View'[0;0m
    [0;36m|[0;0m         `- [1;39mnote: [1;39mmark the property as 'public' to satisfy the requirement[0;0m
[0;36m102 |[0;0m         VStack(spacing: 20) {
[0;36m103 |[0;0m             Image(systemName: "bell.slash")

/Users/danielstevens/github-projects/tools-automation/MomentumFinance/Shared/Features/NotificationCenterView.swift:127:9: [1;31merror: [1;39mproperty 'body' must be declared public because it matches a requirement in public protocol 'View'[0;0m
[0;36m125 |[0;0m     let onDismiss: () -> Void
[0;36m126 |[0;0m 
[0;36m127 |[0;0m     var body: some View {
    [0;36m|[0;0m         |- [1;31merror: [1;39mproperty 'body' must be declared public because it matches a requirement in public protocol 'View'[0;0m
    [0;36m|[0;0m         `- [1;39mnote: [1;39mmark the property as 'public' to satisfy the requirement[0;0m
[0;36m128 |[0;0m         HStack(spacing: 12) {
[0;36m129 |[0;0m             // Notification Type Icon

/Users/danielstevens/github-projects/tools-automation/MomentumFinance/Shared/Features/NotificationCenterView.swift:47:22: [1;31merror: [1;39mtrailing closure passed to parameter of type 'Visibility' that does not accept a closure[0;0m
 [0;36m45 |[0;0m             }
 [0;36m46 |[0;0m             .navigationTitle("Notifications")
 [0;36m47 |[0;0m             .toolbar [4;39m{[0;0m
    [0;36m|[0;0m                      `- [1;31merror: [1;39mtrailing closure passed to parameter of type 'Visibility' that does not accept a closure[0;0m
 [0;36m48 |[0;0m                 ToolbarItem(placement: .automatic) {
 [0;36m49 |[0;0m                     Button("Done").accessibilityLabel("Button") {

SwiftUI.View.toolbar:6:27: [1;39mnote: [1;39m'toolbar(_:for:)' declared here[0;0m
[0;36m4 |[0;0m   @available(tvOS, introduced: 16.0, deprecated: 100000.0, renamed: "toolbarVisibility(_:for:)")
[0;36m5 |[0;0m   @available(watchOS, introduced: 9.0, deprecated: 100000.0, renamed: "toolbarVisibility(_:for:)")
[0;36m6 |[0;0m   nonisolated public func toolbar(_ visibility: Visibility, for bars: ToolbarPlacement...) -> some View
  [0;36m|[0;0m                           `- [1;39mnote: [1;39m'toolbar(_:for:)' declared here[0;0m
[0;36m7 |[0;0m   }
[0;36m8 |[0;0m 

/Users/danielstevens/github-projects/tools-automation/MomentumFinance/Shared/Features/NotificationCenterView.swift:162:20: [1;31merror: [1;39mmissing argument for parameter #1 in call[0;0m
[0;36m160 |[0;0m 
[0;36m161 |[0;0m             // Dismiss Button
[0;36m162 |[0;0m             Button(action: self.onDismiss).accessibilityLabel("Button") {
    [0;36m|[0;0m                    `- [1;31merror: [1;39mmissing argument for parameter #1 in call[0;0m
[0;36m163 |[0;0m                 Image(systemName: "xmark.circle.fill")
[0;36m164 |[0;0m                     .font(.title3)

SwiftUI.Button.init:2:36: [1;39mnote: [1;39m'init(_:action:)' declared here[0;0m
[0;36m1 |[0;0m generic struct Button {
[0;36m2 |[0;0m @preconcurrency nonisolated public init(_ titleKey: LocalizedStringKey, action: @escaping @MainActor () -> Void)}
  [0;36m|[0;0m                                    `- [1;39mnote: [1;39m'init(_:action:)' declared here[0;0m
[0;36m3 |[0;0m 

/Users/danielstevens/github-projects/tools-automation/MomentumFinance/Shared/Features/NotificationCenterView.swift:162:73: [1;31merror: [1;39mtype '_' cannot be used as a boolean; test for '!= 0' instead[0;0m
[0;36m160 |[0;0m 
[0;36m161 |[0;0m             // Dismiss Button
[0;36m162 |[0;0m             Button(action: self.onDismiss).accessibilityLabel("Button") {
    [0;36m|[0;0m                                                                         `- [1;31merror: [1;39mtype '_' cannot be used as a boolean; test for '!= 0' instead[0;0m
[0;36m163 |[0;0m                 Image(systemName: "xmark.circle.fill")
[0;36m164 |[0;0m                     .font(.title3)

[#DeprecatedDeclaration]: <https://docs.swift.org/compiler/documentation/diagnostics/deprecated-declaration>
[13/134] Compiling Shared SavingsGoalManagementViews.swift
/Users/danielstevens/github-projects/tools-automation/MomentumFinance/Shared/Features/GlobalSearch/SearchEngineService.swift:90:42: [1;31merror: [1;39m'Subscription' is ambiguous for type lookup in this context[0;0m
 [0;36m88 |[0;0m 
 [0;36m89 |[0;0m     private func searchSubscriptions(_ query: String) -> [SearchResult] {
 [0;36m90 |[0;0m         let descriptor = FetchDescriptor<[4;39mSubscription[0;0m>()
    [0;36m|[0;0m                                          `- [1;31merror: [1;39m'Subscription' is ambiguous for type lookup in this context[0;0m
 [0;36m91 |[0;0m         guard let subscriptions = try? modelContext.fetch(descriptor) else { return [] }
 [0;36m92 |[0;0m 

Combine.Subscription:2:17: [1;39mnote: [1;39mfound this candidate[0;0m
[0;36m1 |[0;0m @available(macOS 10.15, iOS 13.0, tvOS 13.0, watchOS 6.0, *)
[0;36m2 |[0;0m public protocol Subscription : Cancellable, CustomCombineIdentifierConvertible {
  [0;36m|[0;0m                 `- [1;39mnote: [1;39mfound this candidate[0;0m
[0;36m3 |[0;0m     func request(_ demand: Subscribers.Demand)
[0;36m4 |[0;0m }

/Users/danielstevens/github-projects/tools-automation/MomentumFinance/Sources/MomentumFinanceCore/Models.swift:278:20: [1;39mnote: [1;39mfound this candidate[0;0m
[0;36m276 |[0;0m 
[0;36m277 |[0;0m @Model
[0;36m278 |[0;0m public final class Subscription: Encodable {
    [0;36m|[0;0m                    `- [1;39mnote: [1;39mfound this candidate[0;0m
[0;36m279 |[0;0m     enum CodingKeys: String, CodingKey {
[0;36m280 |[0;0m         case id, name, provider, amount, currencyCode, billingCycle, startDate, nextDueDate, notes,

/Users/danielstevens/github-projects/tools-automation/MomentumFinance/Shared/Features/GlobalSearch/SearchEngineService.swift:91:53: [1;31merror: [1;39mgeneric parameter 'T' could not be inferred[0;0m
 [0;36m89 |[0;0m     private func searchSubscriptions(_ query: String) -> [SearchResult] {
 [0;36m90 |[0;0m         let descriptor = FetchDescriptor<Subscription>()
 [0;36m91 |[0;0m         guard let subscriptions = try? modelContext.fetch(descriptor) else { return [] }
    [0;36m|[0;0m                                                     `- [1;31merror: [1;39mgeneric parameter 'T' could not be inferred[0;0m
 [0;36m92 |[0;0m 
 [0;36m93 |[0;0m         return subscriptions.compactMap { subscription in

SwiftData.ModelContext.fetch:2:13: [1;39mnote: [1;39min call to function 'fetch'[0;0m
[0;36m1 |[0;0m class ModelContext {
[0;36m2 |[0;0m public func fetch<T>(_ descriptor: FetchDescriptor<T>) throws -> [T] where T : PersistentModel}
  [0;36m|[0;0m             `- [1;39mnote: [1;39min call to function 'fetch'[0;0m
[0;36m3 |[0;0m 

/Users/danielstevens/github-projects/tools-automation/MomentumFinance/Shared/Features/GlobalSearch/SearchEngineService.swift:108:20: [1;31merror: [1;39m'nil' is not compatible with closure result type 'SearchResult'[0;0m
[0;36m106 |[0;0m                 )
[0;36m107 |[0;0m             }
[0;36m108 |[0;0m             return nil
    [0;36m|[0;0m                    `- [1;31merror: [1;39m'nil' is not compatible with closure result type 'SearchResult'[0;0m
[0;36m109 |[0;0m         }
[0;36m110 |[0;0m     }

/Users/danielstevens/github-projects/tools-automation/MomentumFinance/Shared/Features/GlobalSearch/SearchHeaderComponent.swift:27:22: [1;33mwarning: [1;39m'onChange(of:perform:)' was deprecated in macOS 14.0: Use `onChange` with a two or zero parameter action closure instead.[0;0m [#]8;;https://docs.swift.org/compiler/documentation/diagnostics/deprecated-declaration\DeprecatedDeclaration]8;;\]
[0;36m25 |[0;0m                     .accessibilityLabel("Text Field")
[0;36m26 |[0;0m                     .textFieldStyle(.plain)
[0;36m27 |[0;0m                     .onChange(of: self.searchText) { _ in
   [0;36m|[0;0m                      `- [1;33mwarning: [1;39m'onChange(of:perform:)' was deprecated in macOS 14.0: Use `onChange` with a two or zero parameter action closure instead.[0;0m [#]8;;https://docs.swift.org/compiler/documentation/diagnostics/deprecated-declaration\DeprecatedDeclaration]8;;\]
[0;36m28 |[0;0m                         self.onSearchChanged?()
[0;36m29 |[0;0m                     }

/Users/danielstevens/github-projects/tools-automation/MomentumFinance/Shared/Features/GoalsAndReports/GoalsAndReportsViewModel.swift:76:25: [1;31merror: [1;39mvalue of optional type 'Date?' must be unwrapped to a value of type 'Date'[0;0m
 [0;36m74 |[0;0m             name: name,
 [0;36m75 |[0;0m             targetAmount: targetAmount,
 [0;36m76 |[0;0m             targetDate: targetDate,
    [0;36m|[0;0m                         |- [1;31merror: [1;39mvalue of optional type 'Date?' must be unwrapped to a value of type 'Date'[0;0m
    [0;36m|[0;0m                         |- [1;39mnote: [1;39mcoalesce using '??' to provide a default when the optional value contains 'nil'[0;0m
    [0;36m|[0;0m                         `- [1;39mnote: [1;39mforce-unwrap using '!' to abort execution if the optional value contains 'nil'[0;0m
 [0;36m77 |[0;0m             notes: notes
 [0;36m78 |[0;0m         )

/Users/danielstevens/github-projects/tools-automation/MomentumFinance/Shared/Features/GoalsAndReports/GoalsAndReportsViewModel.swift:106:14: [1;31merror: [1;39mvalue of type 'SavingsGoal' has no member 'removeFunds'[0;0m
[0;36m104 |[0;0m     /// - Returns: <#description#>
[0;36m105 |[0;0m     func removeFundsFromGoal(_ goal: SavingsGoal, amount: Double) {
[0;36m106 |[0;0m         [4;39mgoal[0;0m.[4;39mremoveFunds[0;0m(amount)
    [0;36m|[0;0m              `- [1;31merror: [1;39mvalue of type 'SavingsGoal' has no member 'removeFunds'[0;0m
[0;36m107 |[0;0m 
[0;36m108 |[0;0m         do {

/Users/danielstevens/github-projects/tools-automation/MomentumFinance/Shared/Features/NotificationCenterView.swift:37:9: [1;31merror: [1;39mproperty 'body' must be declared public because it matches a requirement in public protocol 'View'[0;0m
 [0;36m35 |[0;0m     #endif
 [0;36m36 |[0;0m 
 [0;36m37 |[0;0m     var body: some View {
    [0;36m|[0;0m         |- [1;31merror: [1;39mproperty 'body' must be declared public because it matches a requirement in public protocol 'View'[0;0m
    [0;36m|[0;0m         `- [1;39mnote: [1;39mmark the property as 'public' to satisfy the requirement[0;0m
 [0;36m38 |[0;0m         NavigationView {
 [0;36m39 |[0;0m             VStack(spacing: 0) {

/Users/danielstevens/github-projects/tools-automation/MomentumFinance/Shared/Features/NotificationCenterView.swift:101:9: [1;31merror: [1;39mproperty 'body' must be declared public because it matches a requirement in public protocol 'View'[0;0m
 [0;36m99 |[0;0m 
[0;36m100 |[0;0m public struct EmptyNotificationsView: View {
[0;36m101 |[0;0m     var body: some View {
    [0;36m|[0;0m         |- [1;31merror: [1;39mproperty 'body' must be declared public because it matches a requirement in public protocol 'View'[0;0m
    [0;36m|[0;0m         `- [1;39mnote: [1;39mmark the property as 'public' to satisfy the requirement[0;0m
[0;36m102 |[0;0m         VStack(spacing: 20) {
[0;36m103 |[0;0m             Image(systemName: "bell.slash")

/Users/danielstevens/github-projects/tools-automation/MomentumFinance/Shared/Features/NotificationCenterView.swift:127:9: [1;31merror: [1;39mproperty 'body' must be declared public because it matches a requirement in public protocol 'View'[0;0m
[0;36m125 |[0;0m     let onDismiss: () -> Void
[0;36m126 |[0;0m 
[0;36m127 |[0;0m     var body: some View {
    [0;36m|[0;0m         |- [1;31merror: [1;39mproperty 'body' must be declared public because it matches a requirement in public protocol 'View'[0;0m
    [0;36m|[0;0m         `- [1;39mnote: [1;39mmark the property as 'public' to satisfy the requirement[0;0m
[0;36m128 |[0;0m         HStack(spacing: 12) {
[0;36m129 |[0;0m             // Notification Type Icon

/Users/danielstevens/github-projects/tools-automation/MomentumFinance/Shared/Features/NotificationCenterView.swift:47:22: [1;31merror: [1;39mtrailing closure passed to parameter of type 'Visibility' that does not accept a closure[0;0m
 [0;36m45 |[0;0m             }
 [0;36m46 |[0;0m             .navigationTitle("Notifications")
 [0;36m47 |[0;0m             .toolbar [4;39m{[0;0m
    [0;36m|[0;0m                      `- [1;31merror: [1;39mtrailing closure passed to parameter of type 'Visibility' that does not accept a closure[0;0m
 [0;36m48 |[0;0m                 ToolbarItem(placement: .automatic) {
 [0;36m49 |[0;0m                     Button("Done").accessibilityLabel("Button") {

SwiftUI.View.toolbar:6:27: [1;39mnote: [1;39m'toolbar(_:for:)' declared here[0;0m
[0;36m4 |[0;0m   @available(tvOS, introduced: 16.0, deprecated: 100000.0, renamed: "toolbarVisibility(_:for:)")
[0;36m5 |[0;0m   @available(watchOS, introduced: 9.0, deprecated: 100000.0, renamed: "toolbarVisibility(_:for:)")
[0;36m6 |[0;0m   nonisolated public func toolbar(_ visibility: Visibility, for bars: ToolbarPlacement...) -> some View
  [0;36m|[0;0m                           `- [1;39mnote: [1;39m'toolbar(_:for:)' declared here[0;0m
[0;36m7 |[0;0m   }
[0;36m8 |[0;0m 

/Users/danielstevens/github-projects/tools-automation/MomentumFinance/Shared/Features/NotificationCenterView.swift:162:20: [1;31merror: [1;39mmissing argument for parameter #1 in call[0;0m
[0;36m160 |[0;0m 
[0;36m161 |[0;0m             // Dismiss Button
[0;36m162 |[0;0m             Button(action: self.onDismiss).accessibilityLabel("Button") {
    [0;36m|[0;0m                    `- [1;31merror: [1;39mmissing argument for parameter #1 in call[0;0m
[0;36m163 |[0;0m                 Image(systemName: "xmark.circle.fill")
[0;36m164 |[0;0m                     .font(.title3)

SwiftUI.Button.init:2:36: [1;39mnote: [1;39m'init(_:action:)' declared here[0;0m
[0;36m1 |[0;0m generic struct Button {
[0;36m2 |[0;0m @preconcurrency nonisolated public init(_ titleKey: LocalizedStringKey, action: @escaping @MainActor () -> Void)}
  [0;36m|[0;0m                                    `- [1;39mnote: [1;39m'init(_:action:)' declared here[0;0m
[0;36m3 |[0;0m 

/Users/danielstevens/github-projects/tools-automation/MomentumFinance/Shared/Features/NotificationCenterView.swift:162:73: [1;31merror: [1;39mtype '_' cannot be used as a boolean; test for '!= 0' instead[0;0m
[0;36m160 |[0;0m 
[0;36m161 |[0;0m             // Dismiss Button
[0;36m162 |[0;0m             Button(action: self.onDismiss).accessibilityLabel("Button") {
    [0;36m|[0;0m                                                                         `- [1;31merror: [1;39mtype '_' cannot be used as a boolean; test for '!= 0' instead[0;0m
[0;36m163 |[0;0m                 Image(systemName: "xmark.circle.fill")
[0;36m164 |[0;0m                     .font(.title3)

[#DeprecatedDeclaration]: <https://docs.swift.org/compiler/documentation/diagnostics/deprecated-declaration>
[14/134] Compiling Shared SavingsGoalViews.swift
/Users/danielstevens/github-projects/tools-automation/MomentumFinance/Shared/Features/GlobalSearch/SearchEngineService.swift:90:42: [1;31merror: [1;39m'Subscription' is ambiguous for type lookup in this context[0;0m
 [0;36m88 |[0;0m 
 [0;36m89 |[0;0m     private func searchSubscriptions(_ query: String) -> [SearchResult] {
 [0;36m90 |[0;0m         let descriptor = FetchDescriptor<[4;39mSubscription[0;0m>()
    [0;36m|[0;0m                                          `- [1;31merror: [1;39m'Subscription' is ambiguous for type lookup in this context[0;0m
 [0;36m91 |[0;0m         guard let subscriptions = try? modelContext.fetch(descriptor) else { return [] }
 [0;36m92 |[0;0m 

Combine.Subscription:2:17: [1;39mnote: [1;39mfound this candidate[0;0m
[0;36m1 |[0;0m @available(macOS 10.15, iOS 13.0, tvOS 13.0, watchOS 6.0, *)
[0;36m2 |[0;0m public protocol Subscription : Cancellable, CustomCombineIdentifierConvertible {
  [0;36m|[0;0m                 `- [1;39mnote: [1;39mfound this candidate[0;0m
[0;36m3 |[0;0m     func request(_ demand: Subscribers.Demand)
[0;36m4 |[0;0m }

/Users/danielstevens/github-projects/tools-automation/MomentumFinance/Sources/MomentumFinanceCore/Models.swift:278:20: [1;39mnote: [1;39mfound this candidate[0;0m
[0;36m276 |[0;0m 
[0;36m277 |[0;0m @Model
[0;36m278 |[0;0m public final class Subscription: Encodable {
    [0;36m|[0;0m                    `- [1;39mnote: [1;39mfound this candidate[0;0m
[0;36m279 |[0;0m     enum CodingKeys: String, CodingKey {
[0;36m280 |[0;0m         case id, name, provider, amount, currencyCode, billingCycle, startDate, nextDueDate, notes,

/Users/danielstevens/github-projects/tools-automation/MomentumFinance/Shared/Features/GlobalSearch/SearchEngineService.swift:91:53: [1;31merror: [1;39mgeneric parameter 'T' could not be inferred[0;0m
 [0;36m89 |[0;0m     private func searchSubscriptions(_ query: String) -> [SearchResult] {
 [0;36m90 |[0;0m         let descriptor = FetchDescriptor<Subscription>()
 [0;36m91 |[0;0m         guard let subscriptions = try? modelContext.fetch(descriptor) else { return [] }
    [0;36m|[0;0m                                                     `- [1;31merror: [1;39mgeneric parameter 'T' could not be inferred[0;0m
 [0;36m92 |[0;0m 
 [0;36m93 |[0;0m         return subscriptions.compactMap { subscription in

SwiftData.ModelContext.fetch:2:13: [1;39mnote: [1;39min call to function 'fetch'[0;0m
[0;36m1 |[0;0m class ModelContext {
[0;36m2 |[0;0m public func fetch<T>(_ descriptor: FetchDescriptor<T>) throws -> [T] where T : PersistentModel}
  [0;36m|[0;0m             `- [1;39mnote: [1;39min call to function 'fetch'[0;0m
[0;36m3 |[0;0m 

/Users/danielstevens/github-projects/tools-automation/MomentumFinance/Shared/Features/GlobalSearch/SearchEngineService.swift:108:20: [1;31merror: [1;39m'nil' is not compatible with closure result type 'SearchResult'[0;0m
[0;36m106 |[0;0m                 )
[0;36m107 |[0;0m             }
[0;36m108 |[0;0m             return nil
    [0;36m|[0;0m                    `- [1;31merror: [1;39m'nil' is not compatible with closure result type 'SearchResult'[0;0m
[0;36m109 |[0;0m         }
[0;36m110 |[0;0m     }

/Users/danielstevens/github-projects/tools-automation/MomentumFinance/Shared/Features/GlobalSearch/SearchHeaderComponent.swift:27:22: [1;33mwarning: [1;39m'onChange(of:perform:)' was deprecated in macOS 14.0: Use `onChange` with a two or zero parameter action closure instead.[0;0m [#]8;;https://docs.swift.org/compiler/documentation/diagnostics/deprecated-declaration\DeprecatedDeclaration]8;;\]
[0;36m25 |[0;0m                     .accessibilityLabel("Text Field")
[0;36m26 |[0;0m                     .textFieldStyle(.plain)
[0;36m27 |[0;0m                     .onChange(of: self.searchText) { _ in
   [0;36m|[0;0m                      `- [1;33mwarning: [1;39m'onChange(of:perform:)' was deprecated in macOS 14.0: Use `onChange` with a two or zero parameter action closure instead.[0;0m [#]8;;https://docs.swift.org/compiler/documentation/diagnostics/deprecated-declaration\DeprecatedDeclaration]8;;\]
[0;36m28 |[0;0m                         self.onSearchChanged?()
[0;36m29 |[0;0m                     }

/Users/danielstevens/github-projects/tools-automation/MomentumFinance/Shared/Features/GoalsAndReports/GoalsAndReportsViewModel.swift:76:25: [1;31merror: [1;39mvalue of optional type 'Date?' must be unwrapped to a value of type 'Date'[0;0m
 [0;36m74 |[0;0m             name: name,
 [0;36m75 |[0;0m             targetAmount: targetAmount,
 [0;36m76 |[0;0m             targetDate: targetDate,
    [0;36m|[0;0m                         |- [1;31merror: [1;39mvalue of optional type 'Date?' must be unwrapped to a value of type 'Date'[0;0m
    [0;36m|[0;0m                         |- [1;39mnote: [1;39mcoalesce using '??' to provide a default when the optional value contains 'nil'[0;0m
    [0;36m|[0;0m                         `- [1;39mnote: [1;39mforce-unwrap using '!' to abort execution if the optional value contains 'nil'[0;0m
 [0;36m77 |[0;0m             notes: notes
 [0;36m78 |[0;0m         )

/Users/danielstevens/github-projects/tools-automation/MomentumFinance/Shared/Features/GoalsAndReports/GoalsAndReportsViewModel.swift:106:14: [1;31merror: [1;39mvalue of type 'SavingsGoal' has no member 'removeFunds'[0;0m
[0;36m104 |[0;0m     /// - Returns: <#description#>
[0;36m105 |[0;0m     func removeFundsFromGoal(_ goal: SavingsGoal, amount: Double) {
[0;36m106 |[0;0m         [4;39mgoal[0;0m.[4;39mremoveFunds[0;0m(amount)
    [0;36m|[0;0m              `- [1;31merror: [1;39mvalue of type 'SavingsGoal' has no member 'removeFunds'[0;0m
[0;36m107 |[0;0m 
[0;36m108 |[0;0m         do {

/Users/danielstevens/github-projects/tools-automation/MomentumFinance/Shared/Features/NotificationCenterView.swift:37:9: [1;31merror: [1;39mproperty 'body' must be declared public because it matches a requirement in public protocol 'View'[0;0m
 [0;36m35 |[0;0m     #endif
 [0;36m36 |[0;0m 
 [0;36m37 |[0;0m     var body: some View {
    [0;36m|[0;0m         |- [1;31merror: [1;39mproperty 'body' must be declared public because it matches a requirement in public protocol 'View'[0;0m
    [0;36m|[0;0m         `- [1;39mnote: [1;39mmark the property as 'public' to satisfy the requirement[0;0m
 [0;36m38 |[0;0m         NavigationView {
 [0;36m39 |[0;0m             VStack(spacing: 0) {

/Users/danielstevens/github-projects/tools-automation/MomentumFinance/Shared/Features/NotificationCenterView.swift:101:9: [1;31merror: [1;39mproperty 'body' must be declared public because it matches a requirement in public protocol 'View'[0;0m
 [0;36m99 |[0;0m 
[0;36m100 |[0;0m public struct EmptyNotificationsView: View {
[0;36m101 |[0;0m     var body: some View {
    [0;36m|[0;0m         |- [1;31merror: [1;39mproperty 'body' must be declared public because it matches a requirement in public protocol 'View'[0;0m
    [0;36m|[0;0m         `- [1;39mnote: [1;39mmark the property as 'public' to satisfy the requirement[0;0m
[0;36m102 |[0;0m         VStack(spacing: 20) {
[0;36m103 |[0;0m             Image(systemName: "bell.slash")

/Users/danielstevens/github-projects/tools-automation/MomentumFinance/Shared/Features/NotificationCenterView.swift:127:9: [1;31merror: [1;39mproperty 'body' must be declared public because it matches a requirement in public protocol 'View'[0;0m
[0;36m125 |[0;0m     let onDismiss: () -> Void
[0;36m126 |[0;0m 
[0;36m127 |[0;0m     var body: some View {
    [0;36m|[0;0m         |- [1;31merror: [1;39mproperty 'body' must be declared public because it matches a requirement in public protocol 'View'[0;0m
    [0;36m|[0;0m         `- [1;39mnote: [1;39mmark the property as 'public' to satisfy the requirement[0;0m
[0;36m128 |[0;0m         HStack(spacing: 12) {
[0;36m129 |[0;0m             // Notification Type Icon

/Users/danielstevens/github-projects/tools-automation/MomentumFinance/Shared/Features/NotificationCenterView.swift:47:22: [1;31merror: [1;39mtrailing closure passed to parameter of type 'Visibility' that does not accept a closure[0;0m
 [0;36m45 |[0;0m             }
 [0;36m46 |[0;0m             .navigationTitle("Notifications")
 [0;36m47 |[0;0m             .toolbar [4;39m{[0;0m
    [0;36m|[0;0m                      `- [1;31merror: [1;39mtrailing closure passed to parameter of type 'Visibility' that does not accept a closure[0;0m
 [0;36m48 |[0;0m                 ToolbarItem(placement: .automatic) {
 [0;36m49 |[0;0m                     Button("Done").accessibilityLabel("Button") {

SwiftUI.View.toolbar:6:27: [1;39mnote: [1;39m'toolbar(_:for:)' declared here[0;0m
[0;36m4 |[0;0m   @available(tvOS, introduced: 16.0, deprecated: 100000.0, renamed: "toolbarVisibility(_:for:)")
[0;36m5 |[0;0m   @available(watchOS, introduced: 9.0, deprecated: 100000.0, renamed: "toolbarVisibility(_:for:)")
[0;36m6 |[0;0m   nonisolated public func toolbar(_ visibility: Visibility, for bars: ToolbarPlacement...) -> some View
  [0;36m|[0;0m                           `- [1;39mnote: [1;39m'toolbar(_:for:)' declared here[0;0m
[0;36m7 |[0;0m   }
[0;36m8 |[0;0m 

/Users/danielstevens/github-projects/tools-automation/MomentumFinance/Shared/Features/NotificationCenterView.swift:162:20: [1;31merror: [1;39mmissing argument for parameter #1 in call[0;0m
[0;36m160 |[0;0m 
[0;36m161 |[0;0m             // Dismiss Button
[0;36m162 |[0;0m             Button(action: self.onDismiss).accessibilityLabel("Button") {
    [0;36m|[0;0m                    `- [1;31merror: [1;39mmissing argument for parameter #1 in call[0;0m
[0;36m163 |[0;0m                 Image(systemName: "xmark.circle.fill")
[0;36m164 |[0;0m                     .font(.title3)

SwiftUI.Button.init:2:36: [1;39mnote: [1;39m'init(_:action:)' declared here[0;0m
[0;36m1 |[0;0m generic struct Button {
[0;36m2 |[0;0m @preconcurrency nonisolated public init(_ titleKey: LocalizedStringKey, action: @escaping @MainActor () -> Void)}
  [0;36m|[0;0m                                    `- [1;39mnote: [1;39m'init(_:action:)' declared here[0;0m
[0;36m3 |[0;0m 

/Users/danielstevens/github-projects/tools-automation/MomentumFinance/Shared/Features/NotificationCenterView.swift:162:73: [1;31merror: [1;39mtype '_' cannot be used as a boolean; test for '!= 0' instead[0;0m
[0;36m160 |[0;0m 
[0;36m161 |[0;0m             // Dismiss Button
[0;36m162 |[0;0m             Button(action: self.onDismiss).accessibilityLabel("Button") {
    [0;36m|[0;0m                                                                         `- [1;31merror: [1;39mtype '_' cannot be used as a boolean; test for '!= 0' instead[0;0m
[0;36m163 |[0;0m                 Image(systemName: "xmark.circle.fill")
[0;36m164 |[0;0m                     .font(.title3)

[#DeprecatedDeclaration]: <https://docs.swift.org/compiler/documentation/diagnostics/deprecated-declaration>
[15/134] Compiling Shared InsightUIStubs.swift
/Users/danielstevens/github-projects/tools-automation/MomentumFinance/Shared/Features/GlobalSearch/SearchEngineService.swift:90:42: [1;31merror: [1;39m'Subscription' is ambiguous for type lookup in this context[0;0m
 [0;36m88 |[0;0m 
 [0;36m89 |[0;0m     private func searchSubscriptions(_ query: String) -> [SearchResult] {
 [0;36m90 |[0;0m         let descriptor = FetchDescriptor<[4;39mSubscription[0;0m>()
    [0;36m|[0;0m                                          `- [1;31merror: [1;39m'Subscription' is ambiguous for type lookup in this context[0;0m
 [0;36m91 |[0;0m         guard let subscriptions = try? modelContext.fetch(descriptor) else { return [] }
 [0;36m92 |[0;0m 

Combine.Subscription:2:17: [1;39mnote: [1;39mfound this candidate[0;0m
[0;36m1 |[0;0m @available(macOS 10.15, iOS 13.0, tvOS 13.0, watchOS 6.0, *)
[0;36m2 |[0;0m public protocol Subscription : Cancellable, CustomCombineIdentifierConvertible {
  [0;36m|[0;0m                 `- [1;39mnote: [1;39mfound this candidate[0;0m
[0;36m3 |[0;0m     func request(_ demand: Subscribers.Demand)
[0;36m4 |[0;0m }

/Users/danielstevens/github-projects/tools-automation/MomentumFinance/Sources/MomentumFinanceCore/Models.swift:278:20: [1;39mnote: [1;39mfound this candidate[0;0m
[0;36m276 |[0;0m 
[0;36m277 |[0;0m @Model
[0;36m278 |[0;0m public final class Subscription: Encodable {
    [0;36m|[0;0m                    `- [1;39mnote: [1;39mfound this candidate[0;0m
[0;36m279 |[0;0m     enum CodingKeys: String, CodingKey {
[0;36m280 |[0;0m         case id, name, provider, amount, currencyCode, billingCycle, startDate, nextDueDate, notes,

/Users/danielstevens/github-projects/tools-automation/MomentumFinance/Shared/Features/GlobalSearch/SearchEngineService.swift:91:53: [1;31merror: [1;39mgeneric parameter 'T' could not be inferred[0;0m
 [0;36m89 |[0;0m     private func searchSubscriptions(_ query: String) -> [SearchResult] {
 [0;36m90 |[0;0m         let descriptor = FetchDescriptor<Subscription>()
 [0;36m91 |[0;0m         guard let subscriptions = try? modelContext.fetch(descriptor) else { return [] }
    [0;36m|[0;0m                                                     `- [1;31merror: [1;39mgeneric parameter 'T' could not be inferred[0;0m
 [0;36m92 |[0;0m 
 [0;36m93 |[0;0m         return subscriptions.compactMap { subscription in

SwiftData.ModelContext.fetch:2:13: [1;39mnote: [1;39min call to function 'fetch'[0;0m
[0;36m1 |[0;0m class ModelContext {
[0;36m2 |[0;0m public func fetch<T>(_ descriptor: FetchDescriptor<T>) throws -> [T] where T : PersistentModel}
  [0;36m|[0;0m             `- [1;39mnote: [1;39min call to function 'fetch'[0;0m
[0;36m3 |[0;0m 

/Users/danielstevens/github-projects/tools-automation/MomentumFinance/Shared/Features/GlobalSearch/SearchEngineService.swift:108:20: [1;31merror: [1;39m'nil' is not compatible with closure result type 'SearchResult'[0;0m
[0;36m106 |[0;0m                 )
[0;36m107 |[0;0m             }
[0;36m108 |[0;0m             return nil
    [0;36m|[0;0m                    `- [1;31merror: [1;39m'nil' is not compatible with closure result type 'SearchResult'[0;0m
[0;36m109 |[0;0m         }
[0;36m110 |[0;0m     }

/Users/danielstevens/github-projects/tools-automation/MomentumFinance/Shared/Features/GlobalSearch/SearchHeaderComponent.swift:27:22: [1;33mwarning: [1;39m'onChange(of:perform:)' was deprecated in macOS 14.0: Use `onChange` with a two or zero parameter action closure instead.[0;0m [#]8;;https://docs.swift.org/compiler/documentation/diagnostics/deprecated-declaration\DeprecatedDeclaration]8;;\]
[0;36m25 |[0;0m                     .accessibilityLabel("Text Field")
[0;36m26 |[0;0m                     .textFieldStyle(.plain)
[0;36m27 |[0;0m                     .onChange(of: self.searchText) { _ in
   [0;36m|[0;0m                      `- [1;33mwarning: [1;39m'onChange(of:perform:)' was deprecated in macOS 14.0: Use `onChange` with a two or zero parameter action closure instead.[0;0m [#]8;;https://docs.swift.org/compiler/documentation/diagnostics/deprecated-declaration\DeprecatedDeclaration]8;;\]
[0;36m28 |[0;0m                         self.onSearchChanged?()
[0;36m29 |[0;0m                     }

/Users/danielstevens/github-projects/tools-automation/MomentumFinance/Shared/Features/GoalsAndReports/GoalsAndReportsViewModel.swift:76:25: [1;31merror: [1;39mvalue of optional type 'Date?' must be unwrapped to a value of type 'Date'[0;0m
 [0;36m74 |[0;0m             name: name,
 [0;36m75 |[0;0m             targetAmount: targetAmount,
 [0;36m76 |[0;0m             targetDate: targetDate,
    [0;36m|[0;0m                         |- [1;31merror: [1;39mvalue of optional type 'Date?' must be unwrapped to a value of type 'Date'[0;0m
    [0;36m|[0;0m                         |- [1;39mnote: [1;39mcoalesce using '??' to provide a default when the optional value contains 'nil'[0;0m
    [0;36m|[0;0m                         `- [1;39mnote: [1;39mforce-unwrap using '!' to abort execution if the optional value contains 'nil'[0;0m
 [0;36m77 |[0;0m             notes: notes
 [0;36m78 |[0;0m         )

/Users/danielstevens/github-projects/tools-automation/MomentumFinance/Shared/Features/GoalsAndReports/GoalsAndReportsViewModel.swift:106:14: [1;31merror: [1;39mvalue of type 'SavingsGoal' has no member 'removeFunds'[0;0m
[0;36m104 |[0;0m     /// - Returns: <#description#>
[0;36m105 |[0;0m     func removeFundsFromGoal(_ goal: SavingsGoal, amount: Double) {
[0;36m106 |[0;0m         [4;39mgoal[0;0m.[4;39mremoveFunds[0;0m(amount)
    [0;36m|[0;0m              `- [1;31merror: [1;39mvalue of type 'SavingsGoal' has no member 'removeFunds'[0;0m
[0;36m107 |[0;0m 
[0;36m108 |[0;0m         do {

/Users/danielstevens/github-projects/tools-automation/MomentumFinance/Shared/Features/NotificationCenterView.swift:37:9: [1;31merror: [1;39mproperty 'body' must be declared public because it matches a requirement in public protocol 'View'[0;0m
 [0;36m35 |[0;0m     #endif
 [0;36m36 |[0;0m 
 [0;36m37 |[0;0m     var body: some View {
    [0;36m|[0;0m         |- [1;31merror: [1;39mproperty 'body' must be declared public because it matches a requirement in public protocol 'View'[0;0m
    [0;36m|[0;0m         `- [1;39mnote: [1;39mmark the property as 'public' to satisfy the requirement[0;0m
 [0;36m38 |[0;0m         NavigationView {
 [0;36m39 |[0;0m             VStack(spacing: 0) {

/Users/danielstevens/github-projects/tools-automation/MomentumFinance/Shared/Features/NotificationCenterView.swift:101:9: [1;31merror: [1;39mproperty 'body' must be declared public because it matches a requirement in public protocol 'View'[0;0m
 [0;36m99 |[0;0m 
[0;36m100 |[0;0m public struct EmptyNotificationsView: View {
[0;36m101 |[0;0m     var body: some View {
    [0;36m|[0;0m         |- [1;31merror: [1;39mproperty 'body' must be declared public because it matches a requirement in public protocol 'View'[0;0m
    [0;36m|[0;0m         `- [1;39mnote: [1;39mmark the property as 'public' to satisfy the requirement[0;0m
[0;36m102 |[0;0m         VStack(spacing: 20) {
[0;36m103 |[0;0m             Image(systemName: "bell.slash")

/Users/danielstevens/github-projects/tools-automation/MomentumFinance/Shared/Features/NotificationCenterView.swift:127:9: [1;31merror: [1;39mproperty 'body' must be declared public because it matches a requirement in public protocol 'View'[0;0m
[0;36m125 |[0;0m     let onDismiss: () -> Void
[0;36m126 |[0;0m 
[0;36m127 |[0;0m     var body: some View {
    [0;36m|[0;0m         |- [1;31merror: [1;39mproperty 'body' must be declared public because it matches a requirement in public protocol 'View'[0;0m
    [0;36m|[0;0m         `- [1;39mnote: [1;39mmark the property as 'public' to satisfy the requirement[0;0m
[0;36m128 |[0;0m         HStack(spacing: 12) {
[0;36m129 |[0;0m             // Notification Type Icon

/Users/danielstevens/github-projects/tools-automation/MomentumFinance/Shared/Features/NotificationCenterView.swift:47:22: [1;31merror: [1;39mtrailing closure passed to parameter of type 'Visibility' that does not accept a closure[0;0m
 [0;36m45 |[0;0m             }
 [0;36m46 |[0;0m             .navigationTitle("Notifications")
 [0;36m47 |[0;0m             .toolbar [4;39m{[0;0m
    [0;36m|[0;0m                      `- [1;31merror: [1;39mtrailing closure passed to parameter of type 'Visibility' that does not accept a closure[0;0m
 [0;36m48 |[0;0m                 ToolbarItem(placement: .automatic) {
 [0;36m49 |[0;0m                     Button("Done").accessibilityLabel("Button") {

SwiftUI.View.toolbar:6:27: [1;39mnote: [1;39m'toolbar(_:for:)' declared here[0;0m
[0;36m4 |[0;0m   @available(tvOS, introduced: 16.0, deprecated: 100000.0, renamed: "toolbarVisibility(_:for:)")
[0;36m5 |[0;0m   @available(watchOS, introduced: 9.0, deprecated: 100000.0, renamed: "toolbarVisibility(_:for:)")
[0;36m6 |[0;0m   nonisolated public func toolbar(_ visibility: Visibility, for bars: ToolbarPlacement...) -> some View
  [0;36m|[0;0m                           `- [1;39mnote: [1;39m'toolbar(_:for:)' declared here[0;0m
[0;36m7 |[0;0m   }
[0;36m8 |[0;0m 

/Users/danielstevens/github-projects/tools-automation/MomentumFinance/Shared/Features/NotificationCenterView.swift:162:20: [1;31merror: [1;39mmissing argument for parameter #1 in call[0;0m
[0;36m160 |[0;0m 
[0;36m161 |[0;0m             // Dismiss Button
[0;36m162 |[0;0m             Button(action: self.onDismiss).accessibilityLabel("Button") {
    [0;36m|[0;0m                    `- [1;31merror: [1;39mmissing argument for parameter #1 in call[0;0m
[0;36m163 |[0;0m                 Image(systemName: "xmark.circle.fill")
[0;36m164 |[0;0m                     .font(.title3)

SwiftUI.Button.init:2:36: [1;39mnote: [1;39m'init(_:action:)' declared here[0;0m
[0;36m1 |[0;0m generic struct Button {
[0;36m2 |[0;0m @preconcurrency nonisolated public init(_ titleKey: LocalizedStringKey, action: @escaping @MainActor () -> Void)}
  [0;36m|[0;0m                                    `- [1;39mnote: [1;39m'init(_:action:)' declared here[0;0m
[0;36m3 |[0;0m 

/Users/danielstevens/github-projects/tools-automation/MomentumFinance/Shared/Features/NotificationCenterView.swift:162:73: [1;31merror: [1;39mtype '_' cannot be used as a boolean; test for '!= 0' instead[0;0m
[0;36m160 |[0;0m 
[0;36m161 |[0;0m             // Dismiss Button
[0;36m162 |[0;0m             Button(action: self.onDismiss).accessibilityLabel("Button") {
    [0;36m|[0;0m                                                                         `- [1;31merror: [1;39mtype '_' cannot be used as a boolean; test for '!= 0' instead[0;0m
[0;36m163 |[0;0m                 Image(systemName: "xmark.circle.fill")
[0;36m164 |[0;0m                     .font(.title3)

[#DeprecatedDeclaration]: <https://docs.swift.org/compiler/documentation/diagnostics/deprecated-declaration>
[16/134] Compiling Shared InsightsFilterBar.swift
/Users/danielstevens/github-projects/tools-automation/MomentumFinance/Shared/Features/GlobalSearch/SearchEngineService.swift:90:42: [1;31merror: [1;39m'Subscription' is ambiguous for type lookup in this context[0;0m
 [0;36m88 |[0;0m 
 [0;36m89 |[0;0m     private func searchSubscriptions(_ query: String) -> [SearchResult] {
 [0;36m90 |[0;0m         let descriptor = FetchDescriptor<[4;39mSubscription[0;0m>()
    [0;36m|[0;0m                                          `- [1;31merror: [1;39m'Subscription' is ambiguous for type lookup in this context[0;0m
 [0;36m91 |[0;0m         guard let subscriptions = try? modelContext.fetch(descriptor) else { return [] }
 [0;36m92 |[0;0m 

Combine.Subscription:2:17: [1;39mnote: [1;39mfound this candidate[0;0m
[0;36m1 |[0;0m @available(macOS 10.15, iOS 13.0, tvOS 13.0, watchOS 6.0, *)
[0;36m2 |[0;0m public protocol Subscription : Cancellable, CustomCombineIdentifierConvertible {
  [0;36m|[0;0m                 `- [1;39mnote: [1;39mfound this candidate[0;0m
[0;36m3 |[0;0m     func request(_ demand: Subscribers.Demand)
[0;36m4 |[0;0m }

/Users/danielstevens/github-projects/tools-automation/MomentumFinance/Sources/MomentumFinanceCore/Models.swift:278:20: [1;39mnote: [1;39mfound this candidate[0;0m
[0;36m276 |[0;0m 
[0;36m277 |[0;0m @Model
[0;36m278 |[0;0m public final class Subscription: Encodable {
    [0;36m|[0;0m                    `- [1;39mnote: [1;39mfound this candidate[0;0m
[0;36m279 |[0;0m     enum CodingKeys: String, CodingKey {
[0;36m280 |[0;0m         case id, name, provider, amount, currencyCode, billingCycle, startDate, nextDueDate, notes,

/Users/danielstevens/github-projects/tools-automation/MomentumFinance/Shared/Features/GlobalSearch/SearchEngineService.swift:91:53: [1;31merror: [1;39mgeneric parameter 'T' could not be inferred[0;0m
 [0;36m89 |[0;0m     private func searchSubscriptions(_ query: String) -> [SearchResult] {
 [0;36m90 |[0;0m         let descriptor = FetchDescriptor<Subscription>()
 [0;36m91 |[0;0m         guard let subscriptions = try? modelContext.fetch(descriptor) else { return [] }
    [0;36m|[0;0m                                                     `- [1;31merror: [1;39mgeneric parameter 'T' could not be inferred[0;0m
 [0;36m92 |[0;0m 
 [0;36m93 |[0;0m         return subscriptions.compactMap { subscription in

SwiftData.ModelContext.fetch:2:13: [1;39mnote: [1;39min call to function 'fetch'[0;0m
[0;36m1 |[0;0m class ModelContext {
[0;36m2 |[0;0m public func fetch<T>(_ descriptor: FetchDescriptor<T>) throws -> [T] where T : PersistentModel}
  [0;36m|[0;0m             `- [1;39mnote: [1;39min call to function 'fetch'[0;0m
[0;36m3 |[0;0m 

/Users/danielstevens/github-projects/tools-automation/MomentumFinance/Shared/Features/GlobalSearch/SearchEngineService.swift:108:20: [1;31merror: [1;39m'nil' is not compatible with closure result type 'SearchResult'[0;0m
[0;36m106 |[0;0m                 )
[0;36m107 |[0;0m             }
[0;36m108 |[0;0m             return nil
    [0;36m|[0;0m                    `- [1;31merror: [1;39m'nil' is not compatible with closure result type 'SearchResult'[0;0m
[0;36m109 |[0;0m         }
[0;36m110 |[0;0m     }

/Users/danielstevens/github-projects/tools-automation/MomentumFinance/Shared/Features/GlobalSearch/SearchHeaderComponent.swift:27:22: [1;33mwarning: [1;39m'onChange(of:perform:)' was deprecated in macOS 14.0: Use `onChange` with a two or zero parameter action closure instead.[0;0m [#]8;;https://docs.swift.org/compiler/documentation/diagnostics/deprecated-declaration\DeprecatedDeclaration]8;;\]
[0;36m25 |[0;0m                     .accessibilityLabel("Text Field")
[0;36m26 |[0;0m                     .textFieldStyle(.plain)
[0;36m27 |[0;0m                     .onChange(of: self.searchText) { _ in
   [0;36m|[0;0m                      `- [1;33mwarning: [1;39m'onChange(of:perform:)' was deprecated in macOS 14.0: Use `onChange` with a two or zero parameter action closure instead.[0;0m [#]8;;https://docs.swift.org/compiler/documentation/diagnostics/deprecated-declaration\DeprecatedDeclaration]8;;\]
[0;36m28 |[0;0m                         self.onSearchChanged?()
[0;36m29 |[0;0m                     }

/Users/danielstevens/github-projects/tools-automation/MomentumFinance/Shared/Features/GoalsAndReports/GoalsAndReportsViewModel.swift:76:25: [1;31merror: [1;39mvalue of optional type 'Date?' must be unwrapped to a value of type 'Date'[0;0m
 [0;36m74 |[0;0m             name: name,
 [0;36m75 |[0;0m             targetAmount: targetAmount,
 [0;36m76 |[0;0m             targetDate: targetDate,
    [0;36m|[0;0m                         |- [1;31merror: [1;39mvalue of optional type 'Date?' must be unwrapped to a value of type 'Date'[0;0m
    [0;36m|[0;0m                         |- [1;39mnote: [1;39mcoalesce using '??' to provide a default when the optional value contains 'nil'[0;0m
    [0;36m|[0;0m                         `- [1;39mnote: [1;39mforce-unwrap using '!' to abort execution if the optional value contains 'nil'[0;0m
 [0;36m77 |[0;0m             notes: notes
 [0;36m78 |[0;0m         )

/Users/danielstevens/github-projects/tools-automation/MomentumFinance/Shared/Features/GoalsAndReports/GoalsAndReportsViewModel.swift:106:14: [1;31merror: [1;39mvalue of type 'SavingsGoal' has no member 'removeFunds'[0;0m
[0;36m104 |[0;0m     /// - Returns: <#description#>
[0;36m105 |[0;0m     func removeFundsFromGoal(_ goal: SavingsGoal, amount: Double) {
[0;36m106 |[0;0m         [4;39mgoal[0;0m.[4;39mremoveFunds[0;0m(amount)
    [0;36m|[0;0m              `- [1;31merror: [1;39mvalue of type 'SavingsGoal' has no member 'removeFunds'[0;0m
[0;36m107 |[0;0m 
[0;36m108 |[0;0m         do {

/Users/danielstevens/github-projects/tools-automation/MomentumFinance/Shared/Features/NotificationCenterView.swift:37:9: [1;31merror: [1;39mproperty 'body' must be declared public because it matches a requirement in public protocol 'View'[0;0m
 [0;36m35 |[0;0m     #endif
 [0;36m36 |[0;0m 
 [0;36m37 |[0;0m     var body: some View {
    [0;36m|[0;0m         |- [1;31merror: [1;39mproperty 'body' must be declared public because it matches a requirement in public protocol 'View'[0;0m
    [0;36m|[0;0m         `- [1;39mnote: [1;39mmark the property as 'public' to satisfy the requirement[0;0m
 [0;36m38 |[0;0m         NavigationView {
 [0;36m39 |[0;0m             VStack(spacing: 0) {

/Users/danielstevens/github-projects/tools-automation/MomentumFinance/Shared/Features/NotificationCenterView.swift:101:9: [1;31merror: [1;39mproperty 'body' must be declared public because it matches a requirement in public protocol 'View'[0;0m
 [0;36m99 |[0;0m 
[0;36m100 |[0;0m public struct EmptyNotificationsView: View {
[0;36m101 |[0;0m     var body: some View {
    [0;36m|[0;0m         |- [1;31merror: [1;39mproperty 'body' must be declared public because it matches a requirement in public protocol 'View'[0;0m
    [0;36m|[0;0m         `- [1;39mnote: [1;39mmark the property as 'public' to satisfy the requirement[0;0m
[0;36m102 |[0;0m         VStack(spacing: 20) {
[0;36m103 |[0;0m             Image(systemName: "bell.slash")

/Users/danielstevens/github-projects/tools-automation/MomentumFinance/Shared/Features/NotificationCenterView.swift:127:9: [1;31merror: [1;39mproperty 'body' must be declared public because it matches a requirement in public protocol 'View'[0;0m
[0;36m125 |[0;0m     let onDismiss: () -> Void
[0;36m126 |[0;0m 
[0;36m127 |[0;0m     var body: some View {
    [0;36m|[0;0m         |- [1;31merror: [1;39mproperty 'body' must be declared public because it matches a requirement in public protocol 'View'[0;0m
    [0;36m|[0;0m         `- [1;39mnote: [1;39mmark the property as 'public' to satisfy the requirement[0;0m
[0;36m128 |[0;0m         HStack(spacing: 12) {
[0;36m129 |[0;0m             // Notification Type Icon

/Users/danielstevens/github-projects/tools-automation/MomentumFinance/Shared/Features/NotificationCenterView.swift:47:22: [1;31merror: [1;39mtrailing closure passed to parameter of type 'Visibility' that does not accept a closure[0;0m
 [0;36m45 |[0;0m             }
 [0;36m46 |[0;0m             .navigationTitle("Notifications")
 [0;36m47 |[0;0m             .toolbar [4;39m{[0;0m
    [0;36m|[0;0m                      `- [1;31merror: [1;39mtrailing closure passed to parameter of type 'Visibility' that does not accept a closure[0;0m
 [0;36m48 |[0;0m                 ToolbarItem(placement: .automatic) {
 [0;36m49 |[0;0m                     Button("Done").accessibilityLabel("Button") {

SwiftUI.View.toolbar:6:27: [1;39mnote: [1;39m'toolbar(_:for:)' declared here[0;0m
[0;36m4 |[0;0m   @available(tvOS, introduced: 16.0, deprecated: 100000.0, renamed: "toolbarVisibility(_:for:)")
[0;36m5 |[0;0m   @available(watchOS, introduced: 9.0, deprecated: 100000.0, renamed: "toolbarVisibility(_:for:)")
[0;36m6 |[0;0m   nonisolated public func toolbar(_ visibility: Visibility, for bars: ToolbarPlacement...) -> some View
  [0;36m|[0;0m                           `- [1;39mnote: [1;39m'toolbar(_:for:)' declared here[0;0m
[0;36m7 |[0;0m   }
[0;36m8 |[0;0m 

/Users/danielstevens/github-projects/tools-automation/MomentumFinance/Shared/Features/NotificationCenterView.swift:162:20: [1;31merror: [1;39mmissing argument for parameter #1 in call[0;0m
[0;36m160 |[0;0m 
[0;36m161 |[0;0m             // Dismiss Button
[0;36m162 |[0;0m             Button(action: self.onDismiss).accessibilityLabel("Button") {
    [0;36m|[0;0m                    `- [1;31merror: [1;39mmissing argument for parameter #1 in call[0;0m
[0;36m163 |[0;0m                 Image(systemName: "xmark.circle.fill")
[0;36m164 |[0;0m                     .font(.title3)

SwiftUI.Button.init:2:36: [1;39mnote: [1;39m'init(_:action:)' declared here[0;0m
[0;36m1 |[0;0m generic struct Button {
[0;36m2 |[0;0m @preconcurrency nonisolated public init(_ titleKey: LocalizedStringKey, action: @escaping @MainActor () -> Void)}
  [0;36m|[0;0m                                    `- [1;39mnote: [1;39m'init(_:action:)' declared here[0;0m
[0;36m3 |[0;0m 

/Users/danielstevens/github-projects/tools-automation/MomentumFinance/Shared/Features/NotificationCenterView.swift:162:73: [1;31merror: [1;39mtype '_' cannot be used as a boolean; test for '!= 0' instead[0;0m
[0;36m160 |[0;0m 
[0;36m161 |[0;0m             // Dismiss Button
[0;36m162 |[0;0m             Button(action: self.onDismiss).accessibilityLabel("Button") {
    [0;36m|[0;0m                                                                         `- [1;31merror: [1;39mtype '_' cannot be used as a boolean; test for '!= 0' instead[0;0m
[0;36m163 |[0;0m                 Image(systemName: "xmark.circle.fill")
[0;36m164 |[0;0m                     .font(.title3)

[#DeprecatedDeclaration]: <https://docs.swift.org/compiler/documentation/diagnostics/deprecated-declaration>
[17/134] Compiling Shared NotificationCenterView.swift
/Users/danielstevens/github-projects/tools-automation/MomentumFinance/Shared/Features/GlobalSearch/SearchEngineService.swift:90:42: [1;31merror: [1;39m'Subscription' is ambiguous for type lookup in this context[0;0m
 [0;36m88 |[0;0m 
 [0;36m89 |[0;0m     private func searchSubscriptions(_ query: String) -> [SearchResult] {
 [0;36m90 |[0;0m         let descriptor = FetchDescriptor<[4;39mSubscription[0;0m>()
    [0;36m|[0;0m                                          `- [1;31merror: [1;39m'Subscription' is ambiguous for type lookup in this context[0;0m
 [0;36m91 |[0;0m         guard let subscriptions = try? modelContext.fetch(descriptor) else { return [] }
 [0;36m92 |[0;0m 

Combine.Subscription:2:17: [1;39mnote: [1;39mfound this candidate[0;0m
[0;36m1 |[0;0m @available(macOS 10.15, iOS 13.0, tvOS 13.0, watchOS 6.0, *)
[0;36m2 |[0;0m public protocol Subscription : Cancellable, CustomCombineIdentifierConvertible {
  [0;36m|[0;0m                 `- [1;39mnote: [1;39mfound this candidate[0;0m
[0;36m3 |[0;0m     func request(_ demand: Subscribers.Demand)
[0;36m4 |[0;0m }

/Users/danielstevens/github-projects/tools-automation/MomentumFinance/Sources/MomentumFinanceCore/Models.swift:278:20: [1;39mnote: [1;39mfound this candidate[0;0m
[0;36m276 |[0;0m 
[0;36m277 |[0;0m @Model
[0;36m278 |[0;0m public final class Subscription: Encodable {
    [0;36m|[0;0m                    `- [1;39mnote: [1;39mfound this candidate[0;0m
[0;36m279 |[0;0m     enum CodingKeys: String, CodingKey {
[0;36m280 |[0;0m         case id, name, provider, amount, currencyCode, billingCycle, startDate, nextDueDate, notes,

/Users/danielstevens/github-projects/tools-automation/MomentumFinance/Shared/Features/GlobalSearch/SearchEngineService.swift:91:53: [1;31merror: [1;39mgeneric parameter 'T' could not be inferred[0;0m
 [0;36m89 |[0;0m     private func searchSubscriptions(_ query: String) -> [SearchResult] {
 [0;36m90 |[0;0m         let descriptor = FetchDescriptor<Subscription>()
 [0;36m91 |[0;0m         guard let subscriptions = try? modelContext.fetch(descriptor) else { return [] }
    [0;36m|[0;0m                                                     `- [1;31merror: [1;39mgeneric parameter 'T' could not be inferred[0;0m
 [0;36m92 |[0;0m 
 [0;36m93 |[0;0m         return subscriptions.compactMap { subscription in

SwiftData.ModelContext.fetch:2:13: [1;39mnote: [1;39min call to function 'fetch'[0;0m
[0;36m1 |[0;0m class ModelContext {
[0;36m2 |[0;0m public func fetch<T>(_ descriptor: FetchDescriptor<T>) throws -> [T] where T : PersistentModel}
  [0;36m|[0;0m             `- [1;39mnote: [1;39min call to function 'fetch'[0;0m
[0;36m3 |[0;0m 

/Users/danielstevens/github-projects/tools-automation/MomentumFinance/Shared/Features/GlobalSearch/SearchEngineService.swift:108:20: [1;31merror: [1;39m'nil' is not compatible with closure result type 'SearchResult'[0;0m
[0;36m106 |[0;0m                 )
[0;36m107 |[0;0m             }
[0;36m108 |[0;0m             return nil
    [0;36m|[0;0m                    `- [1;31merror: [1;39m'nil' is not compatible with closure result type 'SearchResult'[0;0m
[0;36m109 |[0;0m         }
[0;36m110 |[0;0m     }

/Users/danielstevens/github-projects/tools-automation/MomentumFinance/Shared/Features/GlobalSearch/SearchHeaderComponent.swift:27:22: [1;33mwarning: [1;39m'onChange(of:perform:)' was deprecated in macOS 14.0: Use `onChange` with a two or zero parameter action closure instead.[0;0m [#]8;;https://docs.swift.org/compiler/documentation/diagnostics/deprecated-declaration\DeprecatedDeclaration]8;;\]
[0;36m25 |[0;0m                     .accessibilityLabel("Text Field")
[0;36m26 |[0;0m                     .textFieldStyle(.plain)
[0;36m27 |[0;0m                     .onChange(of: self.searchText) { _ in
   [0;36m|[0;0m                      `- [1;33mwarning: [1;39m'onChange(of:perform:)' was deprecated in macOS 14.0: Use `onChange` with a two or zero parameter action closure instead.[0;0m [#]8;;https://docs.swift.org/compiler/documentation/diagnostics/deprecated-declaration\DeprecatedDeclaration]8;;\]
[0;36m28 |[0;0m                         self.onSearchChanged?()
[0;36m29 |[0;0m                     }

/Users/danielstevens/github-projects/tools-automation/MomentumFinance/Shared/Features/GoalsAndReports/GoalsAndReportsViewModel.swift:76:25: [1;31merror: [1;39mvalue of optional type 'Date?' must be unwrapped to a value of type 'Date'[0;0m
 [0;36m74 |[0;0m             name: name,
 [0;36m75 |[0;0m             targetAmount: targetAmount,
 [0;36m76 |[0;0m             targetDate: targetDate,
    [0;36m|[0;0m                         |- [1;31merror: [1;39mvalue of optional type 'Date?' must be unwrapped to a value of type 'Date'[0;0m
    [0;36m|[0;0m                         |- [1;39mnote: [1;39mcoalesce using '??' to provide a default when the optional value contains 'nil'[0;0m
    [0;36m|[0;0m                         `- [1;39mnote: [1;39mforce-unwrap using '!' to abort execution if the optional value contains 'nil'[0;0m
 [0;36m77 |[0;0m             notes: notes
 [0;36m78 |[0;0m         )

/Users/danielstevens/github-projects/tools-automation/MomentumFinance/Shared/Features/GoalsAndReports/GoalsAndReportsViewModel.swift:106:14: [1;31merror: [1;39mvalue of type 'SavingsGoal' has no member 'removeFunds'[0;0m
[0;36m104 |[0;0m     /// - Returns: <#description#>
[0;36m105 |[0;0m     func removeFundsFromGoal(_ goal: SavingsGoal, amount: Double) {
[0;36m106 |[0;0m         [4;39mgoal[0;0m.[4;39mremoveFunds[0;0m(amount)
    [0;36m|[0;0m              `- [1;31merror: [1;39mvalue of type 'SavingsGoal' has no member 'removeFunds'[0;0m
[0;36m107 |[0;0m 
[0;36m108 |[0;0m         do {

/Users/danielstevens/github-projects/tools-automation/MomentumFinance/Shared/Features/NotificationCenterView.swift:37:9: [1;31merror: [1;39mproperty 'body' must be declared public because it matches a requirement in public protocol 'View'[0;0m
 [0;36m35 |[0;0m     #endif
 [0;36m36 |[0;0m 
 [0;36m37 |[0;0m     var body: some View {
    [0;36m|[0;0m         |- [1;31merror: [1;39mproperty 'body' must be declared public because it matches a requirement in public protocol 'View'[0;0m
    [0;36m|[0;0m         `- [1;39mnote: [1;39mmark the property as 'public' to satisfy the requirement[0;0m
 [0;36m38 |[0;0m         NavigationView {
 [0;36m39 |[0;0m             VStack(spacing: 0) {

/Users/danielstevens/github-projects/tools-automation/MomentumFinance/Shared/Features/NotificationCenterView.swift:101:9: [1;31merror: [1;39mproperty 'body' must be declared public because it matches a requirement in public protocol 'View'[0;0m
 [0;36m99 |[0;0m 
[0;36m100 |[0;0m public struct EmptyNotificationsView: View {
[0;36m101 |[0;0m     var body: some View {
    [0;36m|[0;0m         |- [1;31merror: [1;39mproperty 'body' must be declared public because it matches a requirement in public protocol 'View'[0;0m
    [0;36m|[0;0m         `- [1;39mnote: [1;39mmark the property as 'public' to satisfy the requirement[0;0m
[0;36m102 |[0;0m         VStack(spacing: 20) {
[0;36m103 |[0;0m             Image(systemName: "bell.slash")

/Users/danielstevens/github-projects/tools-automation/MomentumFinance/Shared/Features/NotificationCenterView.swift:127:9: [1;31merror: [1;39mproperty 'body' must be declared public because it matches a requirement in public protocol 'View'[0;0m
[0;36m125 |[0;0m     let onDismiss: () -> Void
[0;36m126 |[0;0m 
[0;36m127 |[0;0m     var body: some View {
    [0;36m|[0;0m         |- [1;31merror: [1;39mproperty 'body' must be declared public because it matches a requirement in public protocol 'View'[0;0m
    [0;36m|[0;0m         `- [1;39mnote: [1;39mmark the property as 'public' to satisfy the requirement[0;0m
[0;36m128 |[0;0m         HStack(spacing: 12) {
[0;36m129 |[0;0m             // Notification Type Icon

/Users/danielstevens/github-projects/tools-automation/MomentumFinance/Shared/Features/NotificationCenterView.swift:47:22: [1;31merror: [1;39mtrailing closure passed to parameter of type 'Visibility' that does not accept a closure[0;0m
 [0;36m45 |[0;0m             }
 [0;36m46 |[0;0m             .navigationTitle("Notifications")
 [0;36m47 |[0;0m             .toolbar [4;39m{[0;0m
    [0;36m|[0;0m                      `- [1;31merror: [1;39mtrailing closure passed to parameter of type 'Visibility' that does not accept a closure[0;0m
 [0;36m48 |[0;0m                 ToolbarItem(placement: .automatic) {
 [0;36m49 |[0;0m                     Button("Done").accessibilityLabel("Button") {

SwiftUI.View.toolbar:6:27: [1;39mnote: [1;39m'toolbar(_:for:)' declared here[0;0m
[0;36m4 |[0;0m   @available(tvOS, introduced: 16.0, deprecated: 100000.0, renamed: "toolbarVisibility(_:for:)")
[0;36m5 |[0;0m   @available(watchOS, introduced: 9.0, deprecated: 100000.0, renamed: "toolbarVisibility(_:for:)")
[0;36m6 |[0;0m   nonisolated public func toolbar(_ visibility: Visibility, for bars: ToolbarPlacement...) -> some View
  [0;36m|[0;0m                           `- [1;39mnote: [1;39m'toolbar(_:for:)' declared here[0;0m
[0;36m7 |[0;0m   }
[0;36m8 |[0;0m 

/Users/danielstevens/github-projects/tools-automation/MomentumFinance/Shared/Features/NotificationCenterView.swift:162:20: [1;31merror: [1;39mmissing argument for parameter #1 in call[0;0m
[0;36m160 |[0;0m 
[0;36m161 |[0;0m             // Dismiss Button
[0;36m162 |[0;0m             Button(action: self.onDismiss).accessibilityLabel("Button") {
    [0;36m|[0;0m                    `- [1;31merror: [1;39mmissing argument for parameter #1 in call[0;0m
[0;36m163 |[0;0m                 Image(systemName: "xmark.circle.fill")
[0;36m164 |[0;0m                     .font(.title3)

SwiftUI.Button.init:2:36: [1;39mnote: [1;39m'init(_:action:)' declared here[0;0m
[0;36m1 |[0;0m generic struct Button {
[0;36m2 |[0;0m @preconcurrency nonisolated public init(_ titleKey: LocalizedStringKey, action: @escaping @MainActor () -> Void)}
  [0;36m|[0;0m                                    `- [1;39mnote: [1;39m'init(_:action:)' declared here[0;0m
[0;36m3 |[0;0m 

/Users/danielstevens/github-projects/tools-automation/MomentumFinance/Shared/Features/NotificationCenterView.swift:162:73: [1;31merror: [1;39mtype '_' cannot be used as a boolean; test for '!= 0' instead[0;0m
[0;36m160 |[0;0m 
[0;36m161 |[0;0m             // Dismiss Button
[0;36m162 |[0;0m             Button(action: self.onDismiss).accessibilityLabel("Button") {
    [0;36m|[0;0m                                                                         `- [1;31merror: [1;39mtype '_' cannot be used as a boolean; test for '!= 0' instead[0;0m
[0;36m163 |[0;0m                 Image(systemName: "xmark.circle.fill")
[0;36m164 |[0;0m                     .font(.title3)

[#DeprecatedDeclaration]: <https://docs.swift.org/compiler/documentation/diagnostics/deprecated-declaration>
[18/148] Compiling Shared OptimizationSuggestions.swift
/Users/danielstevens/github-projects/tools-automation/MomentumFinance/Shared/Intents/FinanceIntents.swift:101:55: [1;31merror: [1;39mextra argument 'userActivity' in call[0;0m
 [0;36m99 |[0;0m public class AddTransactionIntentResponse: INIntentResponse {
[0;36m100 |[0;0m     @objc public init(code: AddTransactionIntentResponseCode, userActivity: NSUserActivity?) {
[0;36m101 |[0;0m         super.init(code: code.rawValue, userActivity: userActivity)
    [0;36m|[0;0m                                                       `- [1;31merror: [1;39mextra argument 'userActivity' in call[0;0m
[0;36m102 |[0;0m     }
[0;36m103 |[0;0m 

/Users/danielstevens/github-projects/tools-automation/MomentumFinance/Shared/Intents/FinanceIntents.swift:101:31: [1;31merror: [1;39mcannot convert value of type 'Int' to expected argument type 'NSCoder'[0;0m
 [0;36m99 |[0;0m public class AddTransactionIntentResponse: INIntentResponse {
[0;36m100 |[0;0m     @objc public init(code: AddTransactionIntentResponseCode, userActivity: NSUserActivity?) {
[0;36m101 |[0;0m         super.init(code: code.rawValue, userActivity: userActivity)
    [0;36m|[0;0m                               `- [1;31merror: [1;39mcannot convert value of type 'Int' to expected argument type 'NSCoder'[0;0m
[0;36m102 |[0;0m     }
[0;36m103 |[0;0m 

/Users/danielstevens/github-projects/tools-automation/MomentumFinance/Shared/Intents/FinanceIntents.swift:119:55: [1;31merror: [1;39mextra argument 'userActivity' in call[0;0m
[0;36m117 |[0;0m public class ViewBalanceIntentResponse: INIntentResponse {
[0;36m118 |[0;0m     @objc public init(code: ViewBalanceIntentResponseCode, userActivity: NSUserActivity?) {
[0;36m119 |[0;0m         super.init(code: code.rawValue, userActivity: userActivity)
    [0;36m|[0;0m                                                       `- [1;31merror: [1;39mextra argument 'userActivity' in call[0;0m
[0;36m120 |[0;0m     }
[0;36m121 |[0;0m 

/Users/danielstevens/github-projects/tools-automation/MomentumFinance/Shared/Intents/FinanceIntents.swift:119:31: [1;31merror: [1;39mcannot convert value of type 'Int' to expected argument type 'NSCoder'[0;0m
[0;36m117 |[0;0m public class ViewBalanceIntentResponse: INIntentResponse {
[0;36m118 |[0;0m     @objc public init(code: ViewBalanceIntentResponseCode, userActivity: NSUserActivity?) {
[0;36m119 |[0;0m         super.init(code: code.rawValue, userActivity: userActivity)
    [0;36m|[0;0m                               `- [1;31merror: [1;39mcannot convert value of type 'Int' to expected argument type 'NSCoder'[0;0m
[0;36m120 |[0;0m     }
[0;36m121 |[0;0m 

/Users/danielstevens/github-projects/tools-automation/MomentumFinance/Shared/Intents/FinanceIntents.swift:136:55: [1;31merror: [1;39mextra argument 'userActivity' in call[0;0m
[0;36m134 |[0;0m public class CheckBudgetIntentResponse: INIntentResponse {
[0;36m135 |[0;0m     @objc public init(code: CheckBudgetIntentResponseCode, userActivity: NSUserActivity?) {
[0;36m136 |[0;0m         super.init(code: code.rawValue, userActivity: userActivity)
    [0;36m|[0;0m                                                       `- [1;31merror: [1;39mextra argument 'userActivity' in call[0;0m
[0;36m137 |[0;0m     }
[0;36m138 |[0;0m 

/Users/danielstevens/github-projects/tools-automation/MomentumFinance/Shared/Intents/FinanceIntents.swift:136:31: [1;31merror: [1;39mcannot convert value of type 'Int' to expected argument type 'NSCoder'[0;0m
[0;36m134 |[0;0m public class CheckBudgetIntentResponse: INIntentResponse {
[0;36m135 |[0;0m     @objc public init(code: CheckBudgetIntentResponseCode, userActivity: NSUserActivity?) {
[0;36m136 |[0;0m         super.init(code: code.rawValue, userActivity: userActivity)
    [0;36m|[0;0m                               `- [1;31merror: [1;39mcannot convert value of type 'Int' to expected argument type 'NSCoder'[0;0m
[0;36m137 |[0;0m     }
[0;36m138 |[0;0m 

/Users/danielstevens/github-projects/tools-automation/MomentumFinance/Shared/Models/FinancialIntelligenceModels.swift:147:19: [1;33mwarning: [1;39mvalue 'colorHex' was defined but never used; consider replacing with boolean test[0;0m [#no-usage]
[0;36m145 |[0;0m 
[0;36m146 |[0;0m     public var color: Color? {
[0;36m147 |[0;0m         guard let colorHex else { return nil }
    [0;36m|[0;0m                   `- [1;33mwarning: [1;39mvalue 'colorHex' was defined but never used; consider replacing with boolean test[0;0m [#no-usage]
[0;36m148 |[0;0m         // Simplified stub: return .blue if hex not empty.
[0;36m149 |[0;0m         // In real app, parse hex.
[19/148] Compiling Shared TransactionPatternDetection.swift
/Users/danielstevens/github-projects/tools-automation/MomentumFinance/Shared/Intents/FinanceIntents.swift:101:55: [1;31merror: [1;39mextra argument 'userActivity' in call[0;0m
 [0;36m99 |[0;0m public class AddTransactionIntentResponse: INIntentResponse {
[0;36m100 |[0;0m     @objc public init(code: AddTransactionIntentResponseCode, userActivity: NSUserActivity?) {
[0;36m101 |[0;0m         super.init(code: code.rawValue, userActivity: userActivity)
    [0;36m|[0;0m                                                       `- [1;31merror: [1;39mextra argument 'userActivity' in call[0;0m
[0;36m102 |[0;0m     }
[0;36m103 |[0;0m 

/Users/danielstevens/github-projects/tools-automation/MomentumFinance/Shared/Intents/FinanceIntents.swift:101:31: [1;31merror: [1;39mcannot convert value of type 'Int' to expected argument type 'NSCoder'[0;0m
 [0;36m99 |[0;0m public class AddTransactionIntentResponse: INIntentResponse {
[0;36m100 |[0;0m     @objc public init(code: AddTransactionIntentResponseCode, userActivity: NSUserActivity?) {
[0;36m101 |[0;0m         super.init(code: code.rawValue, userActivity: userActivity)
    [0;36m|[0;0m                               `- [1;31merror: [1;39mcannot convert value of type 'Int' to expected argument type 'NSCoder'[0;0m
[0;36m102 |[0;0m     }
[0;36m103 |[0;0m 

/Users/danielstevens/github-projects/tools-automation/MomentumFinance/Shared/Intents/FinanceIntents.swift:119:55: [1;31merror: [1;39mextra argument 'userActivity' in call[0;0m
[0;36m117 |[0;0m public class ViewBalanceIntentResponse: INIntentResponse {
[0;36m118 |[0;0m     @objc public init(code: ViewBalanceIntentResponseCode, userActivity: NSUserActivity?) {
[0;36m119 |[0;0m         super.init(code: code.rawValue, userActivity: userActivity)
    [0;36m|[0;0m                                                       `- [1;31merror: [1;39mextra argument 'userActivity' in call[0;0m
[0;36m120 |[0;0m     }
[0;36m121 |[0;0m 

/Users/danielstevens/github-projects/tools-automation/MomentumFinance/Shared/Intents/FinanceIntents.swift:119:31: [1;31merror: [1;39mcannot convert value of type 'Int' to expected argument type 'NSCoder'[0;0m
[0;36m117 |[0;0m public class ViewBalanceIntentResponse: INIntentResponse {
[0;36m118 |[0;0m     @objc public init(code: ViewBalanceIntentResponseCode, userActivity: NSUserActivity?) {
[0;36m119 |[0;0m         super.init(code: code.rawValue, userActivity: userActivity)
    [0;36m|[0;0m                               `- [1;31merror: [1;39mcannot convert value of type 'Int' to expected argument type 'NSCoder'[0;0m
[0;36m120 |[0;0m     }
[0;36m121 |[0;0m 

/Users/danielstevens/github-projects/tools-automation/MomentumFinance/Shared/Intents/FinanceIntents.swift:136:55: [1;31merror: [1;39mextra argument 'userActivity' in call[0;0m
[0;36m134 |[0;0m public class CheckBudgetIntentResponse: INIntentResponse {
[0;36m135 |[0;0m     @objc public init(code: CheckBudgetIntentResponseCode, userActivity: NSUserActivity?) {
[0;36m136 |[0;0m         super.init(code: code.rawValue, userActivity: userActivity)
    [0;36m|[0;0m                                                       `- [1;31merror: [1;39mextra argument 'userActivity' in call[0;0m
[0;36m137 |[0;0m     }
[0;36m138 |[0;0m 

/Users/danielstevens/github-projects/tools-automation/MomentumFinance/Shared/Intents/FinanceIntents.swift:136:31: [1;31merror: [1;39mcannot convert value of type 'Int' to expected argument type 'NSCoder'[0;0m
[0;36m134 |[0;0m public class CheckBudgetIntentResponse: INIntentResponse {
[0;36m135 |[0;0m     @objc public init(code: CheckBudgetIntentResponseCode, userActivity: NSUserActivity?) {
[0;36m136 |[0;0m         super.init(code: code.rawValue, userActivity: userActivity)
    [0;36m|[0;0m                               `- [1;31merror: [1;39mcannot convert value of type 'Int' to expected argument type 'NSCoder'[0;0m
[0;36m137 |[0;0m     }
[0;36m138 |[0;0m 

/Users/danielstevens/github-projects/tools-automation/MomentumFinance/Shared/Models/FinancialIntelligenceModels.swift:147:19: [1;33mwarning: [1;39mvalue 'colorHex' was defined but never used; consider replacing with boolean test[0;0m [#no-usage]
[0;36m145 |[0;0m 
[0;36m146 |[0;0m     public var color: Color? {
[0;36m147 |[0;0m         guard let colorHex else { return nil }
    [0;36m|[0;0m                   `- [1;33mwarning: [1;39mvalue 'colorHex' was defined but never used; consider replacing with boolean test[0;0m [#no-usage]
[0;36m148 |[0;0m         // Simplified stub: return .blue if hex not empty.
[0;36m149 |[0;0m         // In real app, parse hex.
[20/148] Compiling Shared InsightsModels.swift
/Users/danielstevens/github-projects/tools-automation/MomentumFinance/Shared/Intents/FinanceIntents.swift:101:55: [1;31merror: [1;39mextra argument 'userActivity' in call[0;0m
 [0;36m99 |[0;0m public class AddTransactionIntentResponse: INIntentResponse {
[0;36m100 |[0;0m     @objc public init(code: AddTransactionIntentResponseCode, userActivity: NSUserActivity?) {
[0;36m101 |[0;0m         super.init(code: code.rawValue, userActivity: userActivity)
    [0;36m|[0;0m                                                       `- [1;31merror: [1;39mextra argument 'userActivity' in call[0;0m
[0;36m102 |[0;0m     }
[0;36m103 |[0;0m 

/Users/danielstevens/github-projects/tools-automation/MomentumFinance/Shared/Intents/FinanceIntents.swift:101:31: [1;31merror: [1;39mcannot convert value of type 'Int' to expected argument type 'NSCoder'[0;0m
 [0;36m99 |[0;0m public class AddTransactionIntentResponse: INIntentResponse {
[0;36m100 |[0;0m     @objc public init(code: AddTransactionIntentResponseCode, userActivity: NSUserActivity?) {
[0;36m101 |[0;0m         super.init(code: code.rawValue, userActivity: userActivity)
    [0;36m|[0;0m                               `- [1;31merror: [1;39mcannot convert value of type 'Int' to expected argument type 'NSCoder'[0;0m
[0;36m102 |[0;0m     }
[0;36m103 |[0;0m 

/Users/danielstevens/github-projects/tools-automation/MomentumFinance/Shared/Intents/FinanceIntents.swift:119:55: [1;31merror: [1;39mextra argument 'userActivity' in call[0;0m
[0;36m117 |[0;0m public class ViewBalanceIntentResponse: INIntentResponse {
[0;36m118 |[0;0m     @objc public init(code: ViewBalanceIntentResponseCode, userActivity: NSUserActivity?) {
[0;36m119 |[0;0m         super.init(code: code.rawValue, userActivity: userActivity)
    [0;36m|[0;0m                                                       `- [1;31merror: [1;39mextra argument 'userActivity' in call[0;0m
[0;36m120 |[0;0m     }
[0;36m121 |[0;0m 

/Users/danielstevens/github-projects/tools-automation/MomentumFinance/Shared/Intents/FinanceIntents.swift:119:31: [1;31merror: [1;39mcannot convert value of type 'Int' to expected argument type 'NSCoder'[0;0m
[0;36m117 |[0;0m public class ViewBalanceIntentResponse: INIntentResponse {
[0;36m118 |[0;0m     @objc public init(code: ViewBalanceIntentResponseCode, userActivity: NSUserActivity?) {
[0;36m119 |[0;0m         super.init(code: code.rawValue, userActivity: userActivity)
    [0;36m|[0;0m                               `- [1;31merror: [1;39mcannot convert value of type 'Int' to expected argument type 'NSCoder'[0;0m
[0;36m120 |[0;0m     }
[0;36m121 |[0;0m 

/Users/danielstevens/github-projects/tools-automation/MomentumFinance/Shared/Intents/FinanceIntents.swift:136:55: [1;31merror: [1;39mextra argument 'userActivity' in call[0;0m
[0;36m134 |[0;0m public class CheckBudgetIntentResponse: INIntentResponse {
[0;36m135 |[0;0m     @objc public init(code: CheckBudgetIntentResponseCode, userActivity: NSUserActivity?) {
[0;36m136 |[0;0m         super.init(code: code.rawValue, userActivity: userActivity)
    [0;36m|[0;0m                                                       `- [1;31merror: [1;39mextra argument 'userActivity' in call[0;0m
[0;36m137 |[0;0m     }
[0;36m138 |[0;0m 

/Users/danielstevens/github-projects/tools-automation/MomentumFinance/Shared/Intents/FinanceIntents.swift:136:31: [1;31merror: [1;39mcannot convert value of type 'Int' to expected argument type 'NSCoder'[0;0m
[0;36m134 |[0;0m public class CheckBudgetIntentResponse: INIntentResponse {
[0;36m135 |[0;0m     @objc public init(code: CheckBudgetIntentResponseCode, userActivity: NSUserActivity?) {
[0;36m136 |[0;0m         super.init(code: code.rawValue, userActivity: userActivity)
    [0;36m|[0;0m                               `- [1;31merror: [1;39mcannot convert value of type 'Int' to expected argument type 'NSCoder'[0;0m
[0;36m137 |[0;0m     }
[0;36m138 |[0;0m 

/Users/danielstevens/github-projects/tools-automation/MomentumFinance/Shared/Models/FinancialIntelligenceModels.swift:147:19: [1;33mwarning: [1;39mvalue 'colorHex' was defined but never used; consider replacing with boolean test[0;0m [#no-usage]
[0;36m145 |[0;0m 
[0;36m146 |[0;0m     public var color: Color? {
[0;36m147 |[0;0m         guard let colorHex else { return nil }
    [0;36m|[0;0m                   `- [1;33mwarning: [1;39mvalue 'colorHex' was defined but never used; consider replacing with boolean test[0;0m [#no-usage]
[0;36m148 |[0;0m         // Simplified stub: return .blue if hex not empty.
[0;36m149 |[0;0m         // In real app, parse hex.
[21/148] Compiling Shared TransactionPatternAnalyzer.swift
/Users/danielstevens/github-projects/tools-automation/MomentumFinance/Shared/Intents/FinanceIntents.swift:101:55: [1;31merror: [1;39mextra argument 'userActivity' in call[0;0m
 [0;36m99 |[0;0m public class AddTransactionIntentResponse: INIntentResponse {
[0;36m100 |[0;0m     @objc public init(code: AddTransactionIntentResponseCode, userActivity: NSUserActivity?) {
[0;36m101 |[0;0m         super.init(code: code.rawValue, userActivity: userActivity)
    [0;36m|[0;0m                                                       `- [1;31merror: [1;39mextra argument 'userActivity' in call[0;0m
[0;36m102 |[0;0m     }
[0;36m103 |[0;0m 

/Users/danielstevens/github-projects/tools-automation/MomentumFinance/Shared/Intents/FinanceIntents.swift:101:31: [1;31merror: [1;39mcannot convert value of type 'Int' to expected argument type 'NSCoder'[0;0m
 [0;36m99 |[0;0m public class AddTransactionIntentResponse: INIntentResponse {
[0;36m100 |[0;0m     @objc public init(code: AddTransactionIntentResponseCode, userActivity: NSUserActivity?) {
[0;36m101 |[0;0m         super.init(code: code.rawValue, userActivity: userActivity)
    [0;36m|[0;0m                               `- [1;31merror: [1;39mcannot convert value of type 'Int' to expected argument type 'NSCoder'[0;0m
[0;36m102 |[0;0m     }
[0;36m103 |[0;0m 

/Users/danielstevens/github-projects/tools-automation/MomentumFinance/Shared/Intents/FinanceIntents.swift:119:55: [1;31merror: [1;39mextra argument 'userActivity' in call[0;0m
[0;36m117 |[0;0m public class ViewBalanceIntentResponse: INIntentResponse {
[0;36m118 |[0;0m     @objc public init(code: ViewBalanceIntentResponseCode, userActivity: NSUserActivity?) {
[0;36m119 |[0;0m         super.init(code: code.rawValue, userActivity: userActivity)
    [0;36m|[0;0m                                                       `- [1;31merror: [1;39mextra argument 'userActivity' in call[0;0m
[0;36m120 |[0;0m     }
[0;36m121 |[0;0m 

/Users/danielstevens/github-projects/tools-automation/MomentumFinance/Shared/Intents/FinanceIntents.swift:119:31: [1;31merror: [1;39mcannot convert value of type 'Int' to expected argument type 'NSCoder'[0;0m
[0;36m117 |[0;0m public class ViewBalanceIntentResponse: INIntentResponse {
[0;36m118 |[0;0m     @objc public init(code: ViewBalanceIntentResponseCode, userActivity: NSUserActivity?) {
[0;36m119 |[0;0m         super.init(code: code.rawValue, userActivity: userActivity)
    [0;36m|[0;0m                               `- [1;31merror: [1;39mcannot convert value of type 'Int' to expected argument type 'NSCoder'[0;0m
[0;36m120 |[0;0m     }
[0;36m121 |[0;0m 

/Users/danielstevens/github-projects/tools-automation/MomentumFinance/Shared/Intents/FinanceIntents.swift:136:55: [1;31merror: [1;39mextra argument 'userActivity' in call[0;0m
[0;36m134 |[0;0m public class CheckBudgetIntentResponse: INIntentResponse {
[0;36m135 |[0;0m     @objc public init(code: CheckBudgetIntentResponseCode, userActivity: NSUserActivity?) {
[0;36m136 |[0;0m         super.init(code: code.rawValue, userActivity: userActivity)
    [0;36m|[0;0m                                                       `- [1;31merror: [1;39mextra argument 'userActivity' in call[0;0m
[0;36m137 |[0;0m     }
[0;36m138 |[0;0m 

/Users/danielstevens/github-projects/tools-automation/MomentumFinance/Shared/Intents/FinanceIntents.swift:136:31: [1;31merror: [1;39mcannot convert value of type 'Int' to expected argument type 'NSCoder'[0;0m
[0;36m134 |[0;0m public class CheckBudgetIntentResponse: INIntentResponse {
[0;36m135 |[0;0m     @objc public init(code: CheckBudgetIntentResponseCode, userActivity: NSUserActivity?) {
[0;36m136 |[0;0m         super.init(code: code.rawValue, userActivity: userActivity)
    [0;36m|[0;0m                               `- [1;31merror: [1;39mcannot convert value of type 'Int' to expected argument type 'NSCoder'[0;0m
[0;36m137 |[0;0m     }
[0;36m138 |[0;0m 

/Users/danielstevens/github-projects/tools-automation/MomentumFinance/Shared/Models/FinancialIntelligenceModels.swift:147:19: [1;33mwarning: [1;39mvalue 'colorHex' was defined but never used; consider replacing with boolean test[0;0m [#no-usage]
[0;36m145 |[0;0m 
[0;36m146 |[0;0m     public var color: Color? {
[0;36m147 |[0;0m         guard let colorHex else { return nil }
    [0;36m|[0;0m                   `- [1;33mwarning: [1;39mvalue 'colorHex' was defined but never used; consider replacing with boolean test[0;0m [#no-usage]
[0;36m148 |[0;0m         // Simplified stub: return .blue if hex not empty.
[0;36m149 |[0;0m         // In real app, parse hex.
[22/148] Compiling Shared FinanceIntents.swift
/Users/danielstevens/github-projects/tools-automation/MomentumFinance/Shared/Intents/FinanceIntents.swift:101:55: [1;31merror: [1;39mextra argument 'userActivity' in call[0;0m
 [0;36m99 |[0;0m public class AddTransactionIntentResponse: INIntentResponse {
[0;36m100 |[0;0m     @objc public init(code: AddTransactionIntentResponseCode, userActivity: NSUserActivity?) {
[0;36m101 |[0;0m         super.init(code: code.rawValue, userActivity: userActivity)
    [0;36m|[0;0m                                                       `- [1;31merror: [1;39mextra argument 'userActivity' in call[0;0m
[0;36m102 |[0;0m     }
[0;36m103 |[0;0m 

/Users/danielstevens/github-projects/tools-automation/MomentumFinance/Shared/Intents/FinanceIntents.swift:101:31: [1;31merror: [1;39mcannot convert value of type 'Int' to expected argument type 'NSCoder'[0;0m
 [0;36m99 |[0;0m public class AddTransactionIntentResponse: INIntentResponse {
[0;36m100 |[0;0m     @objc public init(code: AddTransactionIntentResponseCode, userActivity: NSUserActivity?) {
[0;36m101 |[0;0m         super.init(code: code.rawValue, userActivity: userActivity)
    [0;36m|[0;0m                               `- [1;31merror: [1;39mcannot convert value of type 'Int' to expected argument type 'NSCoder'[0;0m
[0;36m102 |[0;0m     }
[0;36m103 |[0;0m 

/Users/danielstevens/github-projects/tools-automation/MomentumFinance/Shared/Intents/FinanceIntents.swift:119:55: [1;31merror: [1;39mextra argument 'userActivity' in call[0;0m
[0;36m117 |[0;0m public class ViewBalanceIntentResponse: INIntentResponse {
[0;36m118 |[0;0m     @objc public init(code: ViewBalanceIntentResponseCode, userActivity: NSUserActivity?) {
[0;36m119 |[0;0m         super.init(code: code.rawValue, userActivity: userActivity)
    [0;36m|[0;0m                                                       `- [1;31merror: [1;39mextra argument 'userActivity' in call[0;0m
[0;36m120 |[0;0m     }
[0;36m121 |[0;0m 

/Users/danielstevens/github-projects/tools-automation/MomentumFinance/Shared/Intents/FinanceIntents.swift:119:31: [1;31merror: [1;39mcannot convert value of type 'Int' to expected argument type 'NSCoder'[0;0m
[0;36m117 |[0;0m public class ViewBalanceIntentResponse: INIntentResponse {
[0;36m118 |[0;0m     @objc public init(code: ViewBalanceIntentResponseCode, userActivity: NSUserActivity?) {
[0;36m119 |[0;0m         super.init(code: code.rawValue, userActivity: userActivity)
    [0;36m|[0;0m                               `- [1;31merror: [1;39mcannot convert value of type 'Int' to expected argument type 'NSCoder'[0;0m
[0;36m120 |[0;0m     }
[0;36m121 |[0;0m 

/Users/danielstevens/github-projects/tools-automation/MomentumFinance/Shared/Intents/FinanceIntents.swift:136:55: [1;31merror: [1;39mextra argument 'userActivity' in call[0;0m
[0;36m134 |[0;0m public class CheckBudgetIntentResponse: INIntentResponse {
[0;36m135 |[0;0m     @objc public init(code: CheckBudgetIntentResponseCode, userActivity: NSUserActivity?) {
[0;36m136 |[0;0m         super.init(code: code.rawValue, userActivity: userActivity)
    [0;36m|[0;0m                                                       `- [1;31merror: [1;39mextra argument 'userActivity' in call[0;0m
[0;36m137 |[0;0m     }
[0;36m138 |[0;0m 

/Users/danielstevens/github-projects/tools-automation/MomentumFinance/Shared/Intents/FinanceIntents.swift:136:31: [1;31merror: [1;39mcannot convert value of type 'Int' to expected argument type 'NSCoder'[0;0m
[0;36m134 |[0;0m public class CheckBudgetIntentResponse: INIntentResponse {
[0;36m135 |[0;0m     @objc public init(code: CheckBudgetIntentResponseCode, userActivity: NSUserActivity?) {
[0;36m136 |[0;0m         super.init(code: code.rawValue, userActivity: userActivity)
    [0;36m|[0;0m                               `- [1;31merror: [1;39mcannot convert value of type 'Int' to expected argument type 'NSCoder'[0;0m
[0;36m137 |[0;0m     }
[0;36m138 |[0;0m 

/Users/danielstevens/github-projects/tools-automation/MomentumFinance/Shared/Models/FinancialIntelligenceModels.swift:147:19: [1;33mwarning: [1;39mvalue 'colorHex' was defined but never used; consider replacing with boolean test[0;0m [#no-usage]
[0;36m145 |[0;0m 
[0;36m146 |[0;0m     public var color: Color? {
[0;36m147 |[0;0m         guard let colorHex else { return nil }
    [0;36m|[0;0m                   `- [1;33mwarning: [1;39mvalue 'colorHex' was defined but never used; consider replacing with boolean test[0;0m [#no-usage]
[0;36m148 |[0;0m         // Simplified stub: return .blue if hex not empty.
[0;36m149 |[0;0m         // In real app, parse hex.
[23/148] Compiling Shared ComplexDataGenerators.swift
/Users/danielstevens/github-projects/tools-automation/MomentumFinance/Shared/Intents/FinanceIntents.swift:101:55: [1;31merror: [1;39mextra argument 'userActivity' in call[0;0m
 [0;36m99 |[0;0m public class AddTransactionIntentResponse: INIntentResponse {
[0;36m100 |[0;0m     @objc public init(code: AddTransactionIntentResponseCode, userActivity: NSUserActivity?) {
[0;36m101 |[0;0m         super.init(code: code.rawValue, userActivity: userActivity)
    [0;36m|[0;0m                                                       `- [1;31merror: [1;39mextra argument 'userActivity' in call[0;0m
[0;36m102 |[0;0m     }
[0;36m103 |[0;0m 

/Users/danielstevens/github-projects/tools-automation/MomentumFinance/Shared/Intents/FinanceIntents.swift:101:31: [1;31merror: [1;39mcannot convert value of type 'Int' to expected argument type 'NSCoder'[0;0m
 [0;36m99 |[0;0m public class AddTransactionIntentResponse: INIntentResponse {
[0;36m100 |[0;0m     @objc public init(code: AddTransactionIntentResponseCode, userActivity: NSUserActivity?) {
[0;36m101 |[0;0m         super.init(code: code.rawValue, userActivity: userActivity)
    [0;36m|[0;0m                               `- [1;31merror: [1;39mcannot convert value of type 'Int' to expected argument type 'NSCoder'[0;0m
[0;36m102 |[0;0m     }
[0;36m103 |[0;0m 

/Users/danielstevens/github-projects/tools-automation/MomentumFinance/Shared/Intents/FinanceIntents.swift:119:55: [1;31merror: [1;39mextra argument 'userActivity' in call[0;0m
[0;36m117 |[0;0m public class ViewBalanceIntentResponse: INIntentResponse {
[0;36m118 |[0;0m     @objc public init(code: ViewBalanceIntentResponseCode, userActivity: NSUserActivity?) {
[0;36m119 |[0;0m         super.init(code: code.rawValue, userActivity: userActivity)
    [0;36m|[0;0m                                                       `- [1;31merror: [1;39mextra argument 'userActivity' in call[0;0m
[0;36m120 |[0;0m     }
[0;36m121 |[0;0m 

/Users/danielstevens/github-projects/tools-automation/MomentumFinance/Shared/Intents/FinanceIntents.swift:119:31: [1;31merror: [1;39mcannot convert value of type 'Int' to expected argument type 'NSCoder'[0;0m
[0;36m117 |[0;0m public class ViewBalanceIntentResponse: INIntentResponse {
[0;36m118 |[0;0m     @objc public init(code: ViewBalanceIntentResponseCode, userActivity: NSUserActivity?) {
[0;36m119 |[0;0m         super.init(code: code.rawValue, userActivity: userActivity)
    [0;36m|[0;0m                               `- [1;31merror: [1;39mcannot convert value of type 'Int' to expected argument type 'NSCoder'[0;0m
[0;36m120 |[0;0m     }
[0;36m121 |[0;0m 

/Users/danielstevens/github-projects/tools-automation/MomentumFinance/Shared/Intents/FinanceIntents.swift:136:55: [1;31merror: [1;39mextra argument 'userActivity' in call[0;0m
[0;36m134 |[0;0m public class CheckBudgetIntentResponse: INIntentResponse {
[0;36m135 |[0;0m     @objc public init(code: CheckBudgetIntentResponseCode, userActivity: NSUserActivity?) {
[0;36m136 |[0;0m         super.init(code: code.rawValue, userActivity: userActivity)
    [0;36m|[0;0m                                                       `- [1;31merror: [1;39mextra argument 'userActivity' in call[0;0m
[0;36m137 |[0;0m     }
[0;36m138 |[0;0m 

/Users/danielstevens/github-projects/tools-automation/MomentumFinance/Shared/Intents/FinanceIntents.swift:136:31: [1;31merror: [1;39mcannot convert value of type 'Int' to expected argument type 'NSCoder'[0;0m
[0;36m134 |[0;0m public class CheckBudgetIntentResponse: INIntentResponse {
[0;36m135 |[0;0m     @objc public init(code: CheckBudgetIntentResponseCode, userActivity: NSUserActivity?) {
[0;36m136 |[0;0m         super.init(code: code.rawValue, userActivity: userActivity)
    [0;36m|[0;0m                               `- [1;31merror: [1;39mcannot convert value of type 'Int' to expected argument type 'NSCoder'[0;0m
[0;36m137 |[0;0m     }
[0;36m138 |[0;0m 

/Users/danielstevens/github-projects/tools-automation/MomentumFinance/Shared/Models/FinancialIntelligenceModels.swift:147:19: [1;33mwarning: [1;39mvalue 'colorHex' was defined but never used; consider replacing with boolean test[0;0m [#no-usage]
[0;36m145 |[0;0m 
[0;36m146 |[0;0m     public var color: Color? {
[0;36m147 |[0;0m         guard let colorHex else { return nil }
    [0;36m|[0;0m                   `- [1;33mwarning: [1;39mvalue 'colorHex' was defined but never used; consider replacing with boolean test[0;0m [#no-usage]
[0;36m148 |[0;0m         // Simplified stub: return .blue if hex not empty.
[0;36m149 |[0;0m         // In real app, parse hex.
[24/148] Compiling Shared CoreFinancialModels.swift
/Users/danielstevens/github-projects/tools-automation/MomentumFinance/Shared/Intents/FinanceIntents.swift:101:55: [1;31merror: [1;39mextra argument 'userActivity' in call[0;0m
 [0;36m99 |[0;0m public class AddTransactionIntentResponse: INIntentResponse {
[0;36m100 |[0;0m     @objc public init(code: AddTransactionIntentResponseCode, userActivity: NSUserActivity?) {
[0;36m101 |[0;0m         super.init(code: code.rawValue, userActivity: userActivity)
    [0;36m|[0;0m                                                       `- [1;31merror: [1;39mextra argument 'userActivity' in call[0;0m
[0;36m102 |[0;0m     }
[0;36m103 |[0;0m 

/Users/danielstevens/github-projects/tools-automation/MomentumFinance/Shared/Intents/FinanceIntents.swift:101:31: [1;31merror: [1;39mcannot convert value of type 'Int' to expected argument type 'NSCoder'[0;0m
 [0;36m99 |[0;0m public class AddTransactionIntentResponse: INIntentResponse {
[0;36m100 |[0;0m     @objc public init(code: AddTransactionIntentResponseCode, userActivity: NSUserActivity?) {
[0;36m101 |[0;0m         super.init(code: code.rawValue, userActivity: userActivity)
    [0;36m|[0;0m                               `- [1;31merror: [1;39mcannot convert value of type 'Int' to expected argument type 'NSCoder'[0;0m
[0;36m102 |[0;0m     }
[0;36m103 |[0;0m 

/Users/danielstevens/github-projects/tools-automation/MomentumFinance/Shared/Intents/FinanceIntents.swift:119:55: [1;31merror: [1;39mextra argument 'userActivity' in call[0;0m
[0;36m117 |[0;0m public class ViewBalanceIntentResponse: INIntentResponse {
[0;36m118 |[0;0m     @objc public init(code: ViewBalanceIntentResponseCode, userActivity: NSUserActivity?) {
[0;36m119 |[0;0m         super.init(code: code.rawValue, userActivity: userActivity)
    [0;36m|[0;0m                                                       `- [1;31merror: [1;39mextra argument 'userActivity' in call[0;0m
[0;36m120 |[0;0m     }
[0;36m121 |[0;0m 

/Users/danielstevens/github-projects/tools-automation/MomentumFinance/Shared/Intents/FinanceIntents.swift:119:31: [1;31merror: [1;39mcannot convert value of type 'Int' to expected argument type 'NSCoder'[0;0m
[0;36m117 |[0;0m public class ViewBalanceIntentResponse: INIntentResponse {
[0;36m118 |[0;0m     @objc public init(code: ViewBalanceIntentResponseCode, userActivity: NSUserActivity?) {
[0;36m119 |[0;0m         super.init(code: code.rawValue, userActivity: userActivity)
    [0;36m|[0;0m                               `- [1;31merror: [1;39mcannot convert value of type 'Int' to expected argument type 'NSCoder'[0;0m
[0;36m120 |[0;0m     }
[0;36m121 |[0;0m 

/Users/danielstevens/github-projects/tools-automation/MomentumFinance/Shared/Intents/FinanceIntents.swift:136:55: [1;31merror: [1;39mextra argument 'userActivity' in call[0;0m
[0;36m134 |[0;0m public class CheckBudgetIntentResponse: INIntentResponse {
[0;36m135 |[0;0m     @objc public init(code: CheckBudgetIntentResponseCode, userActivity: NSUserActivity?) {
[0;36m136 |[0;0m         super.init(code: code.rawValue, userActivity: userActivity)
    [0;36m|[0;0m                                                       `- [1;31merror: [1;39mextra argument 'userActivity' in call[0;0m
[0;36m137 |[0;0m     }
[0;36m138 |[0;0m 

/Users/danielstevens/github-projects/tools-automation/MomentumFinance/Shared/Intents/FinanceIntents.swift:136:31: [1;31merror: [1;39mcannot convert value of type 'Int' to expected argument type 'NSCoder'[0;0m
[0;36m134 |[0;0m public class CheckBudgetIntentResponse: INIntentResponse {
[0;36m135 |[0;0m     @objc public init(code: CheckBudgetIntentResponseCode, userActivity: NSUserActivity?) {
[0;36m136 |[0;0m         super.init(code: code.rawValue, userActivity: userActivity)
    [0;36m|[0;0m                               `- [1;31merror: [1;39mcannot convert value of type 'Int' to expected argument type 'NSCoder'[0;0m
[0;36m137 |[0;0m     }
[0;36m138 |[0;0m 

/Users/danielstevens/github-projects/tools-automation/MomentumFinance/Shared/Models/FinancialIntelligenceModels.swift:147:19: [1;33mwarning: [1;39mvalue 'colorHex' was defined but never used; consider replacing with boolean test[0;0m [#no-usage]
[0;36m145 |[0;0m 
[0;36m146 |[0;0m     public var color: Color? {
[0;36m147 |[0;0m         guard let colorHex else { return nil }
    [0;36m|[0;0m                   `- [1;33mwarning: [1;39mvalue 'colorHex' was defined but never used; consider replacing with boolean test[0;0m [#no-usage]
[0;36m148 |[0;0m         // Simplified stub: return .blue if hex not empty.
[0;36m149 |[0;0m         // In real app, parse hex.
[25/148] Compiling Shared DataImportModels.swift
/Users/danielstevens/github-projects/tools-automation/MomentumFinance/Shared/Intents/FinanceIntents.swift:101:55: [1;31merror: [1;39mextra argument 'userActivity' in call[0;0m
 [0;36m99 |[0;0m public class AddTransactionIntentResponse: INIntentResponse {
[0;36m100 |[0;0m     @objc public init(code: AddTransactionIntentResponseCode, userActivity: NSUserActivity?) {
[0;36m101 |[0;0m         super.init(code: code.rawValue, userActivity: userActivity)
    [0;36m|[0;0m                                                       `- [1;31merror: [1;39mextra argument 'userActivity' in call[0;0m
[0;36m102 |[0;0m     }
[0;36m103 |[0;0m 

/Users/danielstevens/github-projects/tools-automation/MomentumFinance/Shared/Intents/FinanceIntents.swift:101:31: [1;31merror: [1;39mcannot convert value of type 'Int' to expected argument type 'NSCoder'[0;0m
 [0;36m99 |[0;0m public class AddTransactionIntentResponse: INIntentResponse {
[0;36m100 |[0;0m     @objc public init(code: AddTransactionIntentResponseCode, userActivity: NSUserActivity?) {
[0;36m101 |[0;0m         super.init(code: code.rawValue, userActivity: userActivity)
    [0;36m|[0;0m                               `- [1;31merror: [1;39mcannot convert value of type 'Int' to expected argument type 'NSCoder'[0;0m
[0;36m102 |[0;0m     }
[0;36m103 |[0;0m 

/Users/danielstevens/github-projects/tools-automation/MomentumFinance/Shared/Intents/FinanceIntents.swift:119:55: [1;31merror: [1;39mextra argument 'userActivity' in call[0;0m
[0;36m117 |[0;0m public class ViewBalanceIntentResponse: INIntentResponse {
[0;36m118 |[0;0m     @objc public init(code: ViewBalanceIntentResponseCode, userActivity: NSUserActivity?) {
[0;36m119 |[0;0m         super.init(code: code.rawValue, userActivity: userActivity)
    [0;36m|[0;0m                                                       `- [1;31merror: [1;39mextra argument 'userActivity' in call[0;0m
[0;36m120 |[0;0m     }
[0;36m121 |[0;0m 

/Users/danielstevens/github-projects/tools-automation/MomentumFinance/Shared/Intents/FinanceIntents.swift:119:31: [1;31merror: [1;39mcannot convert value of type 'Int' to expected argument type 'NSCoder'[0;0m
[0;36m117 |[0;0m public class ViewBalanceIntentResponse: INIntentResponse {
[0;36m118 |[0;0m     @objc public init(code: ViewBalanceIntentResponseCode, userActivity: NSUserActivity?) {
[0;36m119 |[0;0m         super.init(code: code.rawValue, userActivity: userActivity)
    [0;36m|[0;0m                               `- [1;31merror: [1;39mcannot convert value of type 'Int' to expected argument type 'NSCoder'[0;0m
[0;36m120 |[0;0m     }
[0;36m121 |[0;0m 

/Users/danielstevens/github-projects/tools-automation/MomentumFinance/Shared/Intents/FinanceIntents.swift:136:55: [1;31merror: [1;39mextra argument 'userActivity' in call[0;0m
[0;36m134 |[0;0m public class CheckBudgetIntentResponse: INIntentResponse {
[0;36m135 |[0;0m     @objc public init(code: CheckBudgetIntentResponseCode, userActivity: NSUserActivity?) {
[0;36m136 |[0;0m         super.init(code: code.rawValue, userActivity: userActivity)
    [0;36m|[0;0m                                                       `- [1;31merror: [1;39mextra argument 'userActivity' in call[0;0m
[0;36m137 |[0;0m     }
[0;36m138 |[0;0m 

/Users/danielstevens/github-projects/tools-automation/MomentumFinance/Shared/Intents/FinanceIntents.swift:136:31: [1;31merror: [1;39mcannot convert value of type 'Int' to expected argument type 'NSCoder'[0;0m
[0;36m134 |[0;0m public class CheckBudgetIntentResponse: INIntentResponse {
[0;36m135 |[0;0m     @objc public init(code: CheckBudgetIntentResponseCode, userActivity: NSUserActivity?) {
[0;36m136 |[0;0m         super.init(code: code.rawValue, userActivity: userActivity)
    [0;36m|[0;0m                               `- [1;31merror: [1;39mcannot convert value of type 'Int' to expected argument type 'NSCoder'[0;0m
[0;36m137 |[0;0m     }
[0;36m138 |[0;0m 

/Users/danielstevens/github-projects/tools-automation/MomentumFinance/Shared/Models/FinancialIntelligenceModels.swift:147:19: [1;33mwarning: [1;39mvalue 'colorHex' was defined but never used; consider replacing with boolean test[0;0m [#no-usage]
[0;36m145 |[0;0m 
[0;36m146 |[0;0m     public var color: Color? {
[0;36m147 |[0;0m         guard let colorHex else { return nil }
    [0;36m|[0;0m                   `- [1;33mwarning: [1;39mvalue 'colorHex' was defined but never used; consider replacing with boolean test[0;0m [#no-usage]
[0;36m148 |[0;0m         // Simplified stub: return .blue if hex not empty.
[0;36m149 |[0;0m         // In real app, parse hex.
[26/148] Compiling Shared FinancialIntelligenceModels.swift
/Users/danielstevens/github-projects/tools-automation/MomentumFinance/Shared/Intents/FinanceIntents.swift:101:55: [1;31merror: [1;39mextra argument 'userActivity' in call[0;0m
 [0;36m99 |[0;0m public class AddTransactionIntentResponse: INIntentResponse {
[0;36m100 |[0;0m     @objc public init(code: AddTransactionIntentResponseCode, userActivity: NSUserActivity?) {
[0;36m101 |[0;0m         super.init(code: code.rawValue, userActivity: userActivity)
    [0;36m|[0;0m                                                       `- [1;31merror: [1;39mextra argument 'userActivity' in call[0;0m
[0;36m102 |[0;0m     }
[0;36m103 |[0;0m 

/Users/danielstevens/github-projects/tools-automation/MomentumFinance/Shared/Intents/FinanceIntents.swift:101:31: [1;31merror: [1;39mcannot convert value of type 'Int' to expected argument type 'NSCoder'[0;0m
 [0;36m99 |[0;0m public class AddTransactionIntentResponse: INIntentResponse {
[0;36m100 |[0;0m     @objc public init(code: AddTransactionIntentResponseCode, userActivity: NSUserActivity?) {
[0;36m101 |[0;0m         super.init(code: code.rawValue, userActivity: userActivity)
    [0;36m|[0;0m                               `- [1;31merror: [1;39mcannot convert value of type 'Int' to expected argument type 'NSCoder'[0;0m
[0;36m102 |[0;0m     }
[0;36m103 |[0;0m 

/Users/danielstevens/github-projects/tools-automation/MomentumFinance/Shared/Intents/FinanceIntents.swift:119:55: [1;31merror: [1;39mextra argument 'userActivity' in call[0;0m
[0;36m117 |[0;0m public class ViewBalanceIntentResponse: INIntentResponse {
[0;36m118 |[0;0m     @objc public init(code: ViewBalanceIntentResponseCode, userActivity: NSUserActivity?) {
[0;36m119 |[0;0m         super.init(code: code.rawValue, userActivity: userActivity)
    [0;36m|[0;0m                                                       `- [1;31merror: [1;39mextra argument 'userActivity' in call[0;0m
[0;36m120 |[0;0m     }
[0;36m121 |[0;0m 

/Users/danielstevens/github-projects/tools-automation/MomentumFinance/Shared/Intents/FinanceIntents.swift:119:31: [1;31merror: [1;39mcannot convert value of type 'Int' to expected argument type 'NSCoder'[0;0m
[0;36m117 |[0;0m public class ViewBalanceIntentResponse: INIntentResponse {
[0;36m118 |[0;0m     @objc public init(code: ViewBalanceIntentResponseCode, userActivity: NSUserActivity?) {
[0;36m119 |[0;0m         super.init(code: code.rawValue, userActivity: userActivity)
    [0;36m|[0;0m                               `- [1;31merror: [1;39mcannot convert value of type 'Int' to expected argument type 'NSCoder'[0;0m
[0;36m120 |[0;0m     }
[0;36m121 |[0;0m 

/Users/danielstevens/github-projects/tools-automation/MomentumFinance/Shared/Intents/FinanceIntents.swift:136:55: [1;31merror: [1;39mextra argument 'userActivity' in call[0;0m
[0;36m134 |[0;0m public class CheckBudgetIntentResponse: INIntentResponse {
[0;36m135 |[0;0m     @objc public init(code: CheckBudgetIntentResponseCode, userActivity: NSUserActivity?) {
[0;36m136 |[0;0m         super.init(code: code.rawValue, userActivity: userActivity)
    [0;36m|[0;0m                                                       `- [1;31merror: [1;39mextra argument 'userActivity' in call[0;0m
[0;36m137 |[0;0m     }
[0;36m138 |[0;0m 

/Users/danielstevens/github-projects/tools-automation/MomentumFinance/Shared/Intents/FinanceIntents.swift:136:31: [1;31merror: [1;39mcannot convert value of type 'Int' to expected argument type 'NSCoder'[0;0m
[0;36m134 |[0;0m public class CheckBudgetIntentResponse: INIntentResponse {
[0;36m135 |[0;0m     @objc public init(code: CheckBudgetIntentResponseCode, userActivity: NSUserActivity?) {
[0;36m136 |[0;0m         super.init(code: code.rawValue, userActivity: userActivity)
    [0;36m|[0;0m                               `- [1;31merror: [1;39mcannot convert value of type 'Int' to expected argument type 'NSCoder'[0;0m
[0;36m137 |[0;0m     }
[0;36m138 |[0;0m 

/Users/danielstevens/github-projects/tools-automation/MomentumFinance/Shared/Models/FinancialIntelligenceModels.swift:147:19: [1;33mwarning: [1;39mvalue 'colorHex' was defined but never used; consider replacing with boolean test[0;0m [#no-usage]
[0;36m145 |[0;0m 
[0;36m146 |[0;0m     public var color: Color? {
[0;36m147 |[0;0m         guard let colorHex else { return nil }
    [0;36m|[0;0m                   `- [1;33mwarning: [1;39mvalue 'colorHex' was defined but never used; consider replacing with boolean test[0;0m [#no-usage]
[0;36m148 |[0;0m         // Simplified stub: return .blue if hex not empty.
[0;36m149 |[0;0m         // In real app, parse hex.
[27/148] Compiling Shared AccountsGenerator.swift
/Users/danielstevens/github-projects/tools-automation/MomentumFinance/Shared/Intents/FinanceIntents.swift:101:55: [1;31merror: [1;39mextra argument 'userActivity' in call[0;0m
 [0;36m99 |[0;0m public class AddTransactionIntentResponse: INIntentResponse {
[0;36m100 |[0;0m     @objc public init(code: AddTransactionIntentResponseCode, userActivity: NSUserActivity?) {
[0;36m101 |[0;0m         super.init(code: code.rawValue, userActivity: userActivity)
    [0;36m|[0;0m                                                       `- [1;31merror: [1;39mextra argument 'userActivity' in call[0;0m
[0;36m102 |[0;0m     }
[0;36m103 |[0;0m 

/Users/danielstevens/github-projects/tools-automation/MomentumFinance/Shared/Intents/FinanceIntents.swift:101:31: [1;31merror: [1;39mcannot convert value of type 'Int' to expected argument type 'NSCoder'[0;0m
 [0;36m99 |[0;0m public class AddTransactionIntentResponse: INIntentResponse {
[0;36m100 |[0;0m     @objc public init(code: AddTransactionIntentResponseCode, userActivity: NSUserActivity?) {
[0;36m101 |[0;0m         super.init(code: code.rawValue, userActivity: userActivity)
    [0;36m|[0;0m                               `- [1;31merror: [1;39mcannot convert value of type 'Int' to expected argument type 'NSCoder'[0;0m
[0;36m102 |[0;0m     }
[0;36m103 |[0;0m 

/Users/danielstevens/github-projects/tools-automation/MomentumFinance/Shared/Intents/FinanceIntents.swift:119:55: [1;31merror: [1;39mextra argument 'userActivity' in call[0;0m
[0;36m117 |[0;0m public class ViewBalanceIntentResponse: INIntentResponse {
[0;36m118 |[0;0m     @objc public init(code: ViewBalanceIntentResponseCode, userActivity: NSUserActivity?) {
[0;36m119 |[0;0m         super.init(code: code.rawValue, userActivity: userActivity)
    [0;36m|[0;0m                                                       `- [1;31merror: [1;39mextra argument 'userActivity' in call[0;0m
[0;36m120 |[0;0m     }
[0;36m121 |[0;0m 

/Users/danielstevens/github-projects/tools-automation/MomentumFinance/Shared/Intents/FinanceIntents.swift:119:31: [1;31merror: [1;39mcannot convert value of type 'Int' to expected argument type 'NSCoder'[0;0m
[0;36m117 |[0;0m public class ViewBalanceIntentResponse: INIntentResponse {
[0;36m118 |[0;0m     @objc public init(code: ViewBalanceIntentResponseCode, userActivity: NSUserActivity?) {
[0;36m119 |[0;0m         super.init(code: code.rawValue, userActivity: userActivity)
    [0;36m|[0;0m                               `- [1;31merror: [1;39mcannot convert value of type 'Int' to expected argument type 'NSCoder'[0;0m
[0;36m120 |[0;0m     }
[0;36m121 |[0;0m 

/Users/danielstevens/github-projects/tools-automation/MomentumFinance/Shared/Intents/FinanceIntents.swift:136:55: [1;31merror: [1;39mextra argument 'userActivity' in call[0;0m
[0;36m134 |[0;0m public class CheckBudgetIntentResponse: INIntentResponse {
[0;36m135 |[0;0m     @objc public init(code: CheckBudgetIntentResponseCode, userActivity: NSUserActivity?) {
[0;36m136 |[0;0m         super.init(code: code.rawValue, userActivity: userActivity)
    [0;36m|[0;0m                                                       `- [1;31merror: [1;39mextra argument 'userActivity' in call[0;0m
[0;36m137 |[0;0m     }
[0;36m138 |[0;0m 

/Users/danielstevens/github-projects/tools-automation/MomentumFinance/Shared/Intents/FinanceIntents.swift:136:31: [1;31merror: [1;39mcannot convert value of type 'Int' to expected argument type 'NSCoder'[0;0m
[0;36m134 |[0;0m public class CheckBudgetIntentResponse: INIntentResponse {
[0;36m135 |[0;0m     @objc public init(code: CheckBudgetIntentResponseCode, userActivity: NSUserActivity?) {
[0;36m136 |[0;0m         super.init(code: code.rawValue, userActivity: userActivity)
    [0;36m|[0;0m                               `- [1;31merror: [1;39mcannot convert value of type 'Int' to expected argument type 'NSCoder'[0;0m
[0;36m137 |[0;0m     }
[0;36m138 |[0;0m 

/Users/danielstevens/github-projects/tools-automation/MomentumFinance/Shared/Models/FinancialIntelligenceModels.swift:147:19: [1;33mwarning: [1;39mvalue 'colorHex' was defined but never used; consider replacing with boolean test[0;0m [#no-usage]
[0;36m145 |[0;0m 
[0;36m146 |[0;0m     public var color: Color? {
[0;36m147 |[0;0m         guard let colorHex else { return nil }
    [0;36m|[0;0m                   `- [1;33mwarning: [1;39mvalue 'colorHex' was defined but never used; consider replacing with boolean test[0;0m [#no-usage]
[0;36m148 |[0;0m         // Simplified stub: return .blue if hex not empty.
[0;36m149 |[0;0m         // In real app, parse hex.
[28/148] Compiling Shared FeatureNavigationModels.swift
/Users/danielstevens/github-projects/tools-automation/MomentumFinance/Shared/Intents/FinanceIntents.swift:101:55: [1;31merror: [1;39mextra argument 'userActivity' in call[0;0m
 [0;36m99 |[0;0m public class AddTransactionIntentResponse: INIntentResponse {
[0;36m100 |[0;0m     @objc public init(code: AddTransactionIntentResponseCode, userActivity: NSUserActivity?) {
[0;36m101 |[0;0m         super.init(code: code.rawValue, userActivity: userActivity)
    [0;36m|[0;0m                                                       `- [1;31merror: [1;39mextra argument 'userActivity' in call[0;0m
[0;36m102 |[0;0m     }
[0;36m103 |[0;0m 

/Users/danielstevens/github-projects/tools-automation/MomentumFinance/Shared/Intents/FinanceIntents.swift:101:31: [1;31merror: [1;39mcannot convert value of type 'Int' to expected argument type 'NSCoder'[0;0m
 [0;36m99 |[0;0m public class AddTransactionIntentResponse: INIntentResponse {
[0;36m100 |[0;0m     @objc public init(code: AddTransactionIntentResponseCode, userActivity: NSUserActivity?) {
[0;36m101 |[0;0m         super.init(code: code.rawValue, userActivity: userActivity)
    [0;36m|[0;0m                               `- [1;31merror: [1;39mcannot convert value of type 'Int' to expected argument type 'NSCoder'[0;0m
[0;36m102 |[0;0m     }
[0;36m103 |[0;0m 

/Users/danielstevens/github-projects/tools-automation/MomentumFinance/Shared/Intents/FinanceIntents.swift:119:55: [1;31merror: [1;39mextra argument 'userActivity' in call[0;0m
[0;36m117 |[0;0m public class ViewBalanceIntentResponse: INIntentResponse {
[0;36m118 |[0;0m     @objc public init(code: ViewBalanceIntentResponseCode, userActivity: NSUserActivity?) {
[0;36m119 |[0;0m         super.init(code: code.rawValue, userActivity: userActivity)
    [0;36m|[0;0m                                                       `- [1;31merror: [1;39mextra argument 'userActivity' in call[0;0m
[0;36m120 |[0;0m     }
[0;36m121 |[0;0m 

/Users/danielstevens/github-projects/tools-automation/MomentumFinance/Shared/Intents/FinanceIntents.swift:119:31: [1;31merror: [1;39mcannot convert value of type 'Int' to expected argument type 'NSCoder'[0;0m
[0;36m117 |[0;0m public class ViewBalanceIntentResponse: INIntentResponse {
[0;36m118 |[0;0m     @objc public init(code: ViewBalanceIntentResponseCode, userActivity: NSUserActivity?) {
[0;36m119 |[0;0m         super.init(code: code.rawValue, userActivity: userActivity)
    [0;36m|[0;0m                               `- [1;31merror: [1;39mcannot convert value of type 'Int' to expected argument type 'NSCoder'[0;0m
[0;36m120 |[0;0m     }
[0;36m121 |[0;0m 

/Users/danielstevens/github-projects/tools-automation/MomentumFinance/Shared/Intents/FinanceIntents.swift:136:55: [1;31merror: [1;39mextra argument 'userActivity' in call[0;0m
[0;36m134 |[0;0m public class CheckBudgetIntentResponse: INIntentResponse {
[0;36m135 |[0;0m     @objc public init(code: CheckBudgetIntentResponseCode, userActivity: NSUserActivity?) {
[0;36m136 |[0;0m         super.init(code: code.rawValue, userActivity: userActivity)
    [0;36m|[0;0m                                                       `- [1;31merror: [1;39mextra argument 'userActivity' in call[0;0m
[0;36m137 |[0;0m     }
[0;36m138 |[0;0m 

/Users/danielstevens/github-projects/tools-automation/MomentumFinance/Shared/Intents/FinanceIntents.swift:136:31: [1;31merror: [1;39mcannot convert value of type 'Int' to expected argument type 'NSCoder'[0;0m
[0;36m134 |[0;0m public class CheckBudgetIntentResponse: INIntentResponse {
[0;36m135 |[0;0m     @objc public init(code: CheckBudgetIntentResponseCode, userActivity: NSUserActivity?) {
[0;36m136 |[0;0m         super.init(code: code.rawValue, userActivity: userActivity)
    [0;36m|[0;0m                               `- [1;31merror: [1;39mcannot convert value of type 'Int' to expected argument type 'NSCoder'[0;0m
[0;36m137 |[0;0m     }
[0;36m138 |[0;0m 

/Users/danielstevens/github-projects/tools-automation/MomentumFinance/Shared/Models/FinancialIntelligenceModels.swift:147:19: [1;33mwarning: [1;39mvalue 'colorHex' was defined but never used; consider replacing with boolean test[0;0m [#no-usage]
[0;36m145 |[0;0m 
[0;36m146 |[0;0m     public var color: Color? {
[0;36m147 |[0;0m         guard let colorHex else { return nil }
    [0;36m|[0;0m                   `- [1;33mwarning: [1;39mvalue 'colorHex' was defined but never used; consider replacing with boolean test[0;0m [#no-usage]
[0;36m148 |[0;0m         // Simplified stub: return .blue if hex not empty.
[0;36m149 |[0;0m         // In real app, parse hex.
[29/148] Compiling Shared MacOSNavigationTypes.swift
/Users/danielstevens/github-projects/tools-automation/MomentumFinance/Shared/Intents/FinanceIntents.swift:101:55: [1;31merror: [1;39mextra argument 'userActivity' in call[0;0m
 [0;36m99 |[0;0m public class AddTransactionIntentResponse: INIntentResponse {
[0;36m100 |[0;0m     @objc public init(code: AddTransactionIntentResponseCode, userActivity: NSUserActivity?) {
[0;36m101 |[0;0m         super.init(code: code.rawValue, userActivity: userActivity)
    [0;36m|[0;0m                                                       `- [1;31merror: [1;39mextra argument 'userActivity' in call[0;0m
[0;36m102 |[0;0m     }
[0;36m103 |[0;0m 

/Users/danielstevens/github-projects/tools-automation/MomentumFinance/Shared/Intents/FinanceIntents.swift:101:31: [1;31merror: [1;39mcannot convert value of type 'Int' to expected argument type 'NSCoder'[0;0m
 [0;36m99 |[0;0m public class AddTransactionIntentResponse: INIntentResponse {
[0;36m100 |[0;0m     @objc public init(code: AddTransactionIntentResponseCode, userActivity: NSUserActivity?) {
[0;36m101 |[0;0m         super.init(code: code.rawValue, userActivity: userActivity)
    [0;36m|[0;0m                               `- [1;31merror: [1;39mcannot convert value of type 'Int' to expected argument type 'NSCoder'[0;0m
[0;36m102 |[0;0m     }
[0;36m103 |[0;0m 

/Users/danielstevens/github-projects/tools-automation/MomentumFinance/Shared/Intents/FinanceIntents.swift:119:55: [1;31merror: [1;39mextra argument 'userActivity' in call[0;0m
[0;36m117 |[0;0m public class ViewBalanceIntentResponse: INIntentResponse {
[0;36m118 |[0;0m     @objc public init(code: ViewBalanceIntentResponseCode, userActivity: NSUserActivity?) {
[0;36m119 |[0;0m         super.init(code: code.rawValue, userActivity: userActivity)
    [0;36m|[0;0m                                                       `- [1;31merror: [1;39mextra argument 'userActivity' in call[0;0m
[0;36m120 |[0;0m     }
[0;36m121 |[0;0m 

/Users/danielstevens/github-projects/tools-automation/MomentumFinance/Shared/Intents/FinanceIntents.swift:119:31: [1;31merror: [1;39mcannot convert value of type 'Int' to expected argument type 'NSCoder'[0;0m
[0;36m117 |[0;0m public class ViewBalanceIntentResponse: INIntentResponse {
[0;36m118 |[0;0m     @objc public init(code: ViewBalanceIntentResponseCode, userActivity: NSUserActivity?) {
[0;36m119 |[0;0m         super.init(code: code.rawValue, userActivity: userActivity)
    [0;36m|[0;0m                               `- [1;31merror: [1;39mcannot convert value of type 'Int' to expected argument type 'NSCoder'[0;0m
[0;36m120 |[0;0m     }
[0;36m121 |[0;0m 

/Users/danielstevens/github-projects/tools-automation/MomentumFinance/Shared/Intents/FinanceIntents.swift:136:55: [1;31merror: [1;39mextra argument 'userActivity' in call[0;0m
[0;36m134 |[0;0m public class CheckBudgetIntentResponse: INIntentResponse {
[0;36m135 |[0;0m     @objc public init(code: CheckBudgetIntentResponseCode, userActivity: NSUserActivity?) {
[0;36m136 |[0;0m         super.init(code: code.rawValue, userActivity: userActivity)
    [0;36m|[0;0m                                                       `- [1;31merror: [1;39mextra argument 'userActivity' in call[0;0m
[0;36m137 |[0;0m     }
[0;36m138 |[0;0m 

/Users/danielstevens/github-projects/tools-automation/MomentumFinance/Shared/Intents/FinanceIntents.swift:136:31: [1;31merror: [1;39mcannot convert value of type 'Int' to expected argument type 'NSCoder'[0;0m
[0;36m134 |[0;0m public class CheckBudgetIntentResponse: INIntentResponse {
[0;36m135 |[0;0m     @objc public init(code: CheckBudgetIntentResponseCode, userActivity: NSUserActivity?) {
[0;36m136 |[0;0m         super.init(code: code.rawValue, userActivity: userActivity)
    [0;36m|[0;0m                               `- [1;31merror: [1;39mcannot convert value of type 'Int' to expected argument type 'NSCoder'[0;0m
[0;36m137 |[0;0m     }
[0;36m138 |[0;0m 

/Users/danielstevens/github-projects/tools-automation/MomentumFinance/Shared/Models/FinancialIntelligenceModels.swift:147:19: [1;33mwarning: [1;39mvalue 'colorHex' was defined but never used; consider replacing with boolean test[0;0m [#no-usage]
[0;36m145 |[0;0m 
[0;36m146 |[0;0m     public var color: Color? {
[0;36m147 |[0;0m         guard let colorHex else { return nil }
    [0;36m|[0;0m                   `- [1;33mwarning: [1;39mvalue 'colorHex' was defined but never used; consider replacing with boolean test[0;0m [#no-usage]
[0;36m148 |[0;0m         // Simplified stub: return .blue if hex not empty.
[0;36m149 |[0;0m         // In real app, parse hex.
[30/148] Compiling Shared NavigationCoordinator.swift
/Users/danielstevens/github-projects/tools-automation/MomentumFinance/Shared/Intents/FinanceIntents.swift:101:55: [1;31merror: [1;39mextra argument 'userActivity' in call[0;0m
 [0;36m99 |[0;0m public class AddTransactionIntentResponse: INIntentResponse {
[0;36m100 |[0;0m     @objc public init(code: AddTransactionIntentResponseCode, userActivity: NSUserActivity?) {
[0;36m101 |[0;0m         super.init(code: code.rawValue, userActivity: userActivity)
    [0;36m|[0;0m                                                       `- [1;31merror: [1;39mextra argument 'userActivity' in call[0;0m
[0;36m102 |[0;0m     }
[0;36m103 |[0;0m 

/Users/danielstevens/github-projects/tools-automation/MomentumFinance/Shared/Intents/FinanceIntents.swift:101:31: [1;31merror: [1;39mcannot convert value of type 'Int' to expected argument type 'NSCoder'[0;0m
 [0;36m99 |[0;0m public class AddTransactionIntentResponse: INIntentResponse {
[0;36m100 |[0;0m     @objc public init(code: AddTransactionIntentResponseCode, userActivity: NSUserActivity?) {
[0;36m101 |[0;0m         super.init(code: code.rawValue, userActivity: userActivity)
    [0;36m|[0;0m                               `- [1;31merror: [1;39mcannot convert value of type 'Int' to expected argument type 'NSCoder'[0;0m
[0;36m102 |[0;0m     }
[0;36m103 |[0;0m 

/Users/danielstevens/github-projects/tools-automation/MomentumFinance/Shared/Intents/FinanceIntents.swift:119:55: [1;31merror: [1;39mextra argument 'userActivity' in call[0;0m
[0;36m117 |[0;0m public class ViewBalanceIntentResponse: INIntentResponse {
[0;36m118 |[0;0m     @objc public init(code: ViewBalanceIntentResponseCode, userActivity: NSUserActivity?) {
[0;36m119 |[0;0m         super.init(code: code.rawValue, userActivity: userActivity)
    [0;36m|[0;0m                                                       `- [1;31merror: [1;39mextra argument 'userActivity' in call[0;0m
[0;36m120 |[0;0m     }
[0;36m121 |[0;0m 

/Users/danielstevens/github-projects/tools-automation/MomentumFinance/Shared/Intents/FinanceIntents.swift:119:31: [1;31merror: [1;39mcannot convert value of type 'Int' to expected argument type 'NSCoder'[0;0m
[0;36m117 |[0;0m public class ViewBalanceIntentResponse: INIntentResponse {
[0;36m118 |[0;0m     @objc public init(code: ViewBalanceIntentResponseCode, userActivity: NSUserActivity?) {
[0;36m119 |[0;0m         super.init(code: code.rawValue, userActivity: userActivity)
    [0;36m|[0;0m                               `- [1;31merror: [1;39mcannot convert value of type 'Int' to expected argument type 'NSCoder'[0;0m
[0;36m120 |[0;0m     }
[0;36m121 |[0;0m 

/Users/danielstevens/github-projects/tools-automation/MomentumFinance/Shared/Intents/FinanceIntents.swift:136:55: [1;31merror: [1;39mextra argument 'userActivity' in call[0;0m
[0;36m134 |[0;0m public class CheckBudgetIntentResponse: INIntentResponse {
[0;36m135 |[0;0m     @objc public init(code: CheckBudgetIntentResponseCode, userActivity: NSUserActivity?) {
[0;36m136 |[0;0m         super.init(code: code.rawValue, userActivity: userActivity)
    [0;36m|[0;0m                                                       `- [1;31merror: [1;39mextra argument 'userActivity' in call[0;0m
[0;36m137 |[0;0m     }
[0;36m138 |[0;0m 

/Users/danielstevens/github-projects/tools-automation/MomentumFinance/Shared/Intents/FinanceIntents.swift:136:31: [1;31merror: [1;39mcannot convert value of type 'Int' to expected argument type 'NSCoder'[0;0m
[0;36m134 |[0;0m public class CheckBudgetIntentResponse: INIntentResponse {
[0;36m135 |[0;0m     @objc public init(code: CheckBudgetIntentResponseCode, userActivity: NSUserActivity?) {
[0;36m136 |[0;0m         super.init(code: code.rawValue, userActivity: userActivity)
    [0;36m|[0;0m                               `- [1;31merror: [1;39mcannot convert value of type 'Int' to expected argument type 'NSCoder'[0;0m
[0;36m137 |[0;0m     }
[0;36m138 |[0;0m 

/Users/danielstevens/github-projects/tools-automation/MomentumFinance/Shared/Models/FinancialIntelligenceModels.swift:147:19: [1;33mwarning: [1;39mvalue 'colorHex' was defined but never used; consider replacing with boolean test[0;0m [#no-usage]
[0;36m145 |[0;0m 
[0;36m146 |[0;0m     public var color: Color? {
[0;36m147 |[0;0m         guard let colorHex else { return nil }
    [0;36m|[0;0m                   `- [1;33mwarning: [1;39mvalue 'colorHex' was defined but never used; consider replacing with boolean test[0;0m [#no-usage]
[0;36m148 |[0;0m         // Simplified stub: return .blue if hex not empty.
[0;36m149 |[0;0m         // In real app, parse hex.
[31/148] Compiling Shared NavigationTypes.swift
/Users/danielstevens/github-projects/tools-automation/MomentumFinance/Shared/Intents/FinanceIntents.swift:101:55: [1;31merror: [1;39mextra argument 'userActivity' in call[0;0m
 [0;36m99 |[0;0m public class AddTransactionIntentResponse: INIntentResponse {
[0;36m100 |[0;0m     @objc public init(code: AddTransactionIntentResponseCode, userActivity: NSUserActivity?) {
[0;36m101 |[0;0m         super.init(code: code.rawValue, userActivity: userActivity)
    [0;36m|[0;0m                                                       `- [1;31merror: [1;39mextra argument 'userActivity' in call[0;0m
[0;36m102 |[0;0m     }
[0;36m103 |[0;0m 

/Users/danielstevens/github-projects/tools-automation/MomentumFinance/Shared/Intents/FinanceIntents.swift:101:31: [1;31merror: [1;39mcannot convert value of type 'Int' to expected argument type 'NSCoder'[0;0m
 [0;36m99 |[0;0m public class AddTransactionIntentResponse: INIntentResponse {
[0;36m100 |[0;0m     @objc public init(code: AddTransactionIntentResponseCode, userActivity: NSUserActivity?) {
[0;36m101 |[0;0m         super.init(code: code.rawValue, userActivity: userActivity)
    [0;36m|[0;0m                               `- [1;31merror: [1;39mcannot convert value of type 'Int' to expected argument type 'NSCoder'[0;0m
[0;36m102 |[0;0m     }
[0;36m103 |[0;0m 

/Users/danielstevens/github-projects/tools-automation/MomentumFinance/Shared/Intents/FinanceIntents.swift:119:55: [1;31merror: [1;39mextra argument 'userActivity' in call[0;0m
[0;36m117 |[0;0m public class ViewBalanceIntentResponse: INIntentResponse {
[0;36m118 |[0;0m     @objc public init(code: ViewBalanceIntentResponseCode, userActivity: NSUserActivity?) {
[0;36m119 |[0;0m         super.init(code: code.rawValue, userActivity: userActivity)
    [0;36m|[0;0m                                                       `- [1;31merror: [1;39mextra argument 'userActivity' in call[0;0m
[0;36m120 |[0;0m     }
[0;36m121 |[0;0m 

/Users/danielstevens/github-projects/tools-automation/MomentumFinance/Shared/Intents/FinanceIntents.swift:119:31: [1;31merror: [1;39mcannot convert value of type 'Int' to expected argument type 'NSCoder'[0;0m
[0;36m117 |[0;0m public class ViewBalanceIntentResponse: INIntentResponse {
[0;36m118 |[0;0m     @objc public init(code: ViewBalanceIntentResponseCode, userActivity: NSUserActivity?) {
[0;36m119 |[0;0m         super.init(code: code.rawValue, userActivity: userActivity)
    [0;36m|[0;0m                               `- [1;31merror: [1;39mcannot convert value of type 'Int' to expected argument type 'NSCoder'[0;0m
[0;36m120 |[0;0m     }
[0;36m121 |[0;0m 

/Users/danielstevens/github-projects/tools-automation/MomentumFinance/Shared/Intents/FinanceIntents.swift:136:55: [1;31merror: [1;39mextra argument 'userActivity' in call[0;0m
[0;36m134 |[0;0m public class CheckBudgetIntentResponse: INIntentResponse {
[0;36m135 |[0;0m     @objc public init(code: CheckBudgetIntentResponseCode, userActivity: NSUserActivity?) {
[0;36m136 |[0;0m         super.init(code: code.rawValue, userActivity: userActivity)
    [0;36m|[0;0m                                                       `- [1;31merror: [1;39mextra argument 'userActivity' in call[0;0m
[0;36m137 |[0;0m     }
[0;36m138 |[0;0m 

/Users/danielstevens/github-projects/tools-automation/MomentumFinance/Shared/Intents/FinanceIntents.swift:136:31: [1;31merror: [1;39mcannot convert value of type 'Int' to expected argument type 'NSCoder'[0;0m
[0;36m134 |[0;0m public class CheckBudgetIntentResponse: INIntentResponse {
[0;36m135 |[0;0m     @objc public init(code: CheckBudgetIntentResponseCode, userActivity: NSUserActivity?) {
[0;36m136 |[0;0m         super.init(code: code.rawValue, userActivity: userActivity)
    [0;36m|[0;0m                               `- [1;31merror: [1;39mcannot convert value of type 'Int' to expected argument type 'NSCoder'[0;0m
[0;36m137 |[0;0m     }
[0;36m138 |[0;0m 

/Users/danielstevens/github-projects/tools-automation/MomentumFinance/Shared/Models/FinancialIntelligenceModels.swift:147:19: [1;33mwarning: [1;39mvalue 'colorHex' was defined but never used; consider replacing with boolean test[0;0m [#no-usage]
[0;36m145 |[0;0m 
[0;36m146 |[0;0m     public var color: Color? {
[0;36m147 |[0;0m         guard let colorHex else { return nil }
    [0;36m|[0;0m                   `- [1;33mwarning: [1;39mvalue 'colorHex' was defined but never used; consider replacing with boolean test[0;0m [#no-usage]
[0;36m148 |[0;0m         // Simplified stub: return .blue if hex not empty.
[0;36m149 |[0;0m         // In real app, parse hex.
[32/148] Compiling Shared DashboardUpcomingSubscriptions.swift
/Users/danielstevens/github-projects/tools-automation/MomentumFinance/Shared/Features/Dashboard/DashboardUpcomingSubscriptions.swift:44:68: [1;31merror: [1;39mvalue of type 'Subscription' has no member 'icon'[0;0m
 [0;36m42 |[0;0m                                         .frame(width: 36, height: 36)
 [0;36m43 |[0;0m 
 [0;36m44 |[0;0m                                     Image(systemName: [4;39msubscription[0;0m.[4;39micon[0;0m)
    [0;36m|[0;0m                                                                    `- [1;31merror: [1;39mvalue of type 'Subscription' has no member 'icon'[0;0m
 [0;36m45 |[0;0m                                         .font(.caption)
 [0;36m46 |[0;0m                                         .foregroundStyle(.white)

/Users/danielstevens/github-projects/tools-automation/MomentumFinance/Shared/Features/Dashboard/DashboardView.swift:51:26: [1;31merror: [1;39mcannot convert value of type 'String' to specified type 'Int'[0;0m
 [0;36m49 |[0;0m         @MainActor
 [0;36m50 |[0;0m         private func loadData() {
 [0;36m51 |[0;0m             var x: Int = [4;39m"string"[0;0m  // DEBUG
    [0;36m|[0;0m                          `- [1;31merror: [1;39mcannot convert value of type 'String' to specified type 'Int'[0;0m
 [0;36m52 |[0;0m             do {
 [0;36m53 |[0;0m                 let accountDescriptor = FetchDescriptor<FinancialAccount>()

/Users/danielstevens/github-projects/tools-automation/MomentumFinance/Shared/Features/Dashboard/DashboardView.swift:84:72: [1;31merror: [1;39mcannot convert value of type 'UUID' to expected argument type 'String'[0;0m
 [0;36m82 |[0;0m                             onAccountTap: { (accountId: UUID) in
 [0;36m83 |[0;0m                                 self.navigationPath.append(
 [0;36m84 |[0;0m                                     DashboardDestination.accountDetail(accountId)
    [0;36m|[0;0m                                                                        `- [1;31merror: [1;39mcannot convert value of type 'UUID' to expected argument type 'String'[0;0m
 [0;36m85 |[0;0m                                 )
 [0;36m86 |[0;0m                             },

/Users/danielstevens/github-projects/tools-automation/MomentumFinance/Shared/Features/Dashboard/InsightsSummaryWidget.swift:41:9: [1;31merror: [1;39mproperty 'body' must be declared public because it matches a requirement in public protocol 'View'[0;0m
 [0;36m39 |[0;0m     @State private var isLoading = true
 [0;36m40 |[0;0m 
 [0;36m41 |[0;0m     var body: some View {
    [0;36m|[0;0m         |- [1;31merror: [1;39mproperty 'body' must be declared public because it matches a requirement in public protocol 'View'[0;0m
    [0;36m|[0;0m         `- [1;39mnote: [1;39mmark the property as 'public' to satisfy the requirement[0;0m
 [0;36m42 |[0;0m         VStack(alignment: .leading, spacing: 10) {
 [0;36m43 |[0;0m             HStack {

/Users/danielstevens/github-projects/tools-automation/MomentumFinance/Shared/Features/Dashboard/InsightsView.swift:20:9: [1;31merror: [1;39mproperty 'body' must be declared public because it matches a requirement in public protocol 'View'[0;0m
 [0;36m18 |[0;0m     @State private var filterType: InsightType?
 [0;36m19 |[0;0m 
 [0;36m20 |[0;0m     var body: some View {
    [0;36m|[0;0m         |- [1;31merror: [1;39mproperty 'body' must be declared public because it matches a requirement in public protocol 'View'[0;0m
    [0;36m|[0;0m         `- [1;39mnote: [1;39mmark the property as 'public' to satisfy the requirement[0;0m
 [0;36m21 |[0;0m         Group {
 [0;36m22 |[0;0m             #if os(macOS)

/Users/danielstevens/github-projects/tools-automation/MomentumFinance/Shared/Features/Dashboard/InsightsView.swift:26:25: [1;31merror: [1;39mcannot find 'InsightsFilterBar' in scope[0;0m
 [0;36m24 |[0;0m                     VStack(spacing: 0) {
 [0;36m25 |[0;0m                         // Filter Bar
 [0;36m26 |[0;0m                         [4;39mInsightsFilterBar[0;0m(
    [0;36m|[0;0m                         `- [1;31merror: [1;39mcannot find 'InsightsFilterBar' in scope[0;0m
 [0;36m27 |[0;0m                             filterPriority: self.$filterPriority,
 [0;36m28 |[0;0m                             filterType: self.$filterType

/Users/danielstevens/github-projects/tools-automation/MomentumFinance/Shared/Features/Dashboard/InsightsView.swift:35:30: [1;31merror: [1;39mtrailing closure passed to parameter of type 'Visibility' that does not accept a closure[0;0m
 [0;36m33 |[0;0m                     }
 [0;36m34 |[0;0m                     .navigationTitle("Financial Insights")
 [0;36m35 |[0;0m                     .toolbar [4;39m{[0;0m
    [0;36m|[0;0m                              `- [1;31merror: [1;39mtrailing closure passed to parameter of type 'Visibility' that does not accept a closure[0;0m
 [0;36m36 |[0;0m                         ToolbarItem(placement: .navigation) {
 [0;36m37 |[0;0m                             Button("Refresh").accessibilityLabel("Button").accessibilityLabel("Button") {

SwiftUI.View.toolbar:6:27: [1;39mnote: [1;39m'toolbar(_:for:)' declared here[0;0m
[0;36m4 |[0;0m   @available(tvOS, introduced: 16.0, deprecated: 100000.0, renamed: "toolbarVisibility(_:for:)")
[0;36m5 |[0;0m   @available(watchOS, introduced: 9.0, deprecated: 100000.0, renamed: "toolbarVisibility(_:for:)")
[0;36m6 |[0;0m   nonisolated public func toolbar(_ visibility: Visibility, for bars: ToolbarPlacement...) -> some View
  [0;36m|[0;0m                           `- [1;39mnote: [1;39m'toolbar(_:for:)' declared here[0;0m
[0;36m7 |[0;0m   }
[0;36m8 |[0;0m 

/Users/danielstevens/github-projects/tools-automation/MomentumFinance/Shared/Features/Dashboard/InsightsWidget.swift:23:9: [1;31merror: [1;39mproperty 'body' must be declared public because it matches a requirement in public protocol 'View'[0;0m
 [0;36m21 |[0;0m     }
 [0;36m22 |[0;0m 
 [0;36m23 |[0;0m     var body: some View {
    [0;36m|[0;0m         |- [1;31merror: [1;39mproperty 'body' must be declared public because it matches a requirement in public protocol 'View'[0;0m
    [0;36m|[0;0m         `- [1;39mnote: [1;39mmark the property as 'public' to satisfy the requirement[0;0m
 [0;36m24 |[0;0m         VStack(alignment: .leading, spacing: 16) {
 [0;36m25 |[0;0m             // Header

/Users/danielstevens/github-projects/tools-automation/MomentumFinance/Shared/Features/Dashboard/InsightsWidget.swift:144:9: [1;31merror: [1;39mproperty 'body' must be declared public because it matches a requirement in public protocol 'View'[0;0m
[0;36m142 |[0;0m     @State private var showDetail = false
[0;36m143 |[0;0m 
[0;36m144 |[0;0m     var body: some View {
    [0;36m|[0;0m         |- [1;31merror: [1;39mproperty 'body' must be declared public because it matches a requirement in public protocol 'View'[0;0m
    [0;36m|[0;0m         `- [1;39mnote: [1;39mmark the property as 'public' to satisfy the requirement[0;0m
[0;36m145 |[0;0m         Button(action: { self.showDetail = true }).accessibilityLabel("Button") {
[0;36m146 |[0;0m             HStack(spacing: 12) {

/Users/danielstevens/github-projects/tools-automation/MomentumFinance/Shared/Features/Dashboard/InsightsWidget.swift:37:28: [1;31merror: [1;39mmissing argument for parameter #1 in call[0;0m
 [0;36m35 |[0;0m                         .scaleEffect(0.8)
 [0;36m36 |[0;0m                 } else if !self.intelligenceService.insights.isEmpty {
 [0;36m37 |[0;0m                     Button(action: { self.showAllInsights = true }).accessibilityLabel("Button") {
    [0;36m|[0;0m                            `- [1;31merror: [1;39mmissing argument for parameter #1 in call[0;0m
 [0;36m38 |[0;0m                         Text("View All")
 [0;36m39 |[0;0m                             .accessibilityLabel("View All Insights")

SwiftUI.Button.init:2:36: [1;39mnote: [1;39m'init(_:action:)' declared here[0;0m
[0;36m1 |[0;0m generic struct Button {
[0;36m2 |[0;0m @preconcurrency nonisolated public init(_ titleKey: LocalizedStringKey, action: @escaping @MainActor () -> Void)}
  [0;36m|[0;0m                                    `- [1;39mnote: [1;39m'init(_:action:)' declared here[0;0m
[0;36m3 |[0;0m 

/Users/danielstevens/github-projects/tools-automation/MomentumFinance/Shared/Features/Dashboard/InsightsWidget.swift:37:98: [1;31merror: [1;39mtype '_' cannot be used as a boolean; test for '!= 0' instead[0;0m
 [0;36m35 |[0;0m                         .scaleEffect(0.8)
 [0;36m36 |[0;0m                 } else if !self.intelligenceService.insights.isEmpty {
 [0;36m37 |[0;0m                     Button(action: { self.showAllInsights = true }).accessibilityLabel("Button") {
    [0;36m|[0;0m                                                                                                  `- [1;31merror: [1;39mtype '_' cannot be used as a boolean; test for '!= 0' instead[0;0m
 [0;36m38 |[0;0m                         Text("View All")
 [0;36m39 |[0;0m                             .accessibilityLabel("View All Insights")

/Users/danielstevens/github-projects/tools-automation/MomentumFinance/Shared/Features/Dashboard/InsightsWidget.swift:125:28: [1;31merror: [1;39mmissing argument for parameter #1 in call[0;0m
[0;36m123 |[0;0m                     Spacer()
[0;36m124 |[0;0m 
[0;36m125 |[0;0m                     Button(action: { self.showAllInsights = true }).accessibilityLabel("Button") {
    [0;36m|[0;0m                            `- [1;31merror: [1;39mmissing argument for parameter #1 in call[0;0m
[0;36m126 |[0;0m                         Text("View All")
[0;36m127 |[0;0m                             .accessibilityLabel("View All Insights")

SwiftUI.Button.init:2:36: [1;39mnote: [1;39m'init(_:action:)' declared here[0;0m
[0;36m1 |[0;0m generic struct Button {
[0;36m2 |[0;0m @preconcurrency nonisolated public init(_ titleKey: LocalizedStringKey, action: @escaping @MainActor () -> Void)}
  [0;36m|[0;0m                                    `- [1;39mnote: [1;39m'init(_:action:)' declared here[0;0m
[0;36m3 |[0;0m 

/Users/danielstevens/github-projects/tools-automation/MomentumFinance/Shared/Features/Dashboard/InsightsWidget.swift:125:98: [1;31merror: [1;39mtype '_' cannot be used as a boolean; test for '!= 0' instead[0;0m
[0;36m123 |[0;0m                     Spacer()
[0;36m124 |[0;0m 
[0;36m125 |[0;0m                     Button(action: { self.showAllInsights = true }).accessibilityLabel("Button") {
    [0;36m|[0;0m                                                                                                  `- [1;31merror: [1;39mtype '_' cannot be used as a boolean; test for '!= 0' instead[0;0m
[0;36m126 |[0;0m                         Text("View All")
[0;36m127 |[0;0m                             .accessibilityLabel("View All Insights")

/Users/danielstevens/github-projects/tools-automation/MomentumFinance/Shared/Features/Dashboard/InsightsWidget.swift:145:16: [1;31merror: [1;39mmissing argument for parameter #1 in call[0;0m
[0;36m143 |[0;0m 
[0;36m144 |[0;0m     var body: some View {
[0;36m145 |[0;0m         Button(action: { self.showDetail = true }).accessibilityLabel("Button") {
    [0;36m|[0;0m                `- [1;31merror: [1;39mmissing argument for parameter #1 in call[0;0m
[0;36m146 |[0;0m             HStack(spacing: 12) {
[0;36m147 |[0;0m                 // Priority indicator

SwiftUI.Button.init:2:36: [1;39mnote: [1;39m'init(_:action:)' declared here[0;0m
[0;36m1 |[0;0m generic struct Button {
[0;36m2 |[0;0m @preconcurrency nonisolated public init(_ titleKey: LocalizedStringKey, action: @escaping @MainActor () -> Void)}
  [0;36m|[0;0m                                    `- [1;39mnote: [1;39m'init(_:action:)' declared here[0;0m
[0;36m3 |[0;0m 

/Users/danielstevens/github-projects/tools-automation/MomentumFinance/Shared/Features/Dashboard/InsightsWidget.swift:145:81: [1;31merror: [1;39mtype '_' cannot be used as a boolean; test for '!= 0' instead[0;0m
[0;36m143 |[0;0m 
[0;36m144 |[0;0m     var body: some View {
[0;36m145 |[0;0m         Button(action: { self.showDetail = true }).accessibilityLabel("Button") {
    [0;36m|[0;0m                                                                                 `- [1;31merror: [1;39mtype '_' cannot be used as a boolean; test for '!= 0' instead[0;0m
[0;36m146 |[0;0m             HStack(spacing: 12) {
[0;36m147 |[0;0m                 // Priority indicator

/Users/danielstevens/github-projects/tools-automation/MomentumFinance/Shared/Features/Dashboard/SimpleDashboardView.swift:33:9: [1;31merror: [1;39mproperty 'body' must be declared public because it matches a requirement in public protocol 'View'[0;0m
 [0;36m31 |[0;0m     #endif
 [0;36m32 |[0;0m 
 [0;36m33 |[0;0m     var body: some View {
    [0;36m|[0;0m         |- [1;31merror: [1;39mproperty 'body' must be declared public because it matches a requirement in public protocol 'View'[0;0m
    [0;36m|[0;0m         `- [1;39mnote: [1;39mmark the property as 'public' to satisfy the requirement[0;0m
 [0;36m34 |[0;0m         NavigationStack {
 [0;36m35 |[0;0m             ScrollView {

/Users/danielstevens/github-projects/tools-automation/MomentumFinance/Shared/Features/GlobalSearch/FeatureGlobalSearchView.swift:169:9: [1;31merror: [1;39mproperty 'body' must be declared public because it matches a requirement in public protocol 'View'[0;0m
[0;36m167 |[0;0m     let result: SearchResult
[0;36m168 |[0;0m 
[0;36m169 |[0;0m     var body: some View {
    [0;36m|[0;0m         |- [1;31merror: [1;39mproperty 'body' must be declared public because it matches a requirement in public protocol 'View'[0;0m
    [0;36m|[0;0m         `- [1;39mnote: [1;39mmark the property as 'public' to satisfy the requirement[0;0m
[0;36m170 |[0;0m         HStack(spacing: 12) {
[0;36m171 |[0;0m             // Icon

/Users/danielstevens/github-projects/tools-automation/MomentumFinance/Shared/Features/GlobalSearch/FeatureGlobalSearchView.swift:232:9: [1;31merror: [1;39mproperty 'body' must be declared public because it matches a requirement in public protocol 'View'[0;0m
[0;36m230 |[0;0m     @Environment(\.dismiss) private var dismiss
[0;36m231 |[0;0m 
[0;36m232 |[0;0m     var body: some View {
    [0;36m|[0;0m         |- [1;31merror: [1;39mproperty 'body' must be declared public because it matches a requirement in public protocol 'View'[0;0m
    [0;36m|[0;0m         `- [1;39mnote: [1;39mmark the property as 'public' to satisfy the requirement[0;0m
[0;36m233 |[0;0m         NavigationView {
[0;36m234 |[0;0m             VStack(spacing: 20) {

/Users/danielstevens/github-projects/tools-automation/MomentumFinance/Shared/Features/GlobalSearch/FeatureGlobalSearchView.swift:309:9: [1;31merror: [1;39mproperty 'body' must be declared public because it matches a requirement in public protocol 'View'[0;0m
[0;36m307 |[0;0m     let value: String
[0;36m308 |[0;0m 
[0;36m309 |[0;0m     var body: some View {
    [0;36m|[0;0m         |- [1;31merror: [1;39mproperty 'body' must be declared public because it matches a requirement in public protocol 'View'[0;0m
    [0;36m|[0;0m         `- [1;39mnote: [1;39mmark the property as 'public' to satisfy the requirement[0;0m
[0;36m310 |[0;0m         VStack(alignment: .leading, spacing: 4) {
[0;36m311 |[0;0m             Text(self.label)

/Users/danielstevens/github-projects/tools-automation/MomentumFinance/Shared/Features/GlobalSearch/FeatureGlobalSearchView.swift:68:26: [1;31merror: [1;39mtrailing closure passed to parameter of type 'Visibility' that does not accept a closure[0;0m
 [0;36m66 |[0;0m                 .navigationBarTitleDisplayMode(.inline)
 [0;36m67 |[0;0m             #endif
 [0;36m68 |[0;0m                 .toolbar [4;39m{[0;0m
    [0;36m|[0;0m                          `- [1;31merror: [1;39mtrailing closure passed to parameter of type 'Visibility' that does not accept a closure[0;0m
 [0;36m69 |[0;0m                     ToolbarItem(placement: .cancellationAction) {
 [0;36m70 |[0;0m                         Button("Cancel").accessibilityLabel("Button") {

SwiftUI.View.toolbar:6:27: [1;39mnote: [1;39m'toolbar(_:for:)' declared here[0;0m
[0;36m4 |[0;0m   @available(tvOS, introduced: 16.0, deprecated: 100000.0, renamed: "toolbarVisibility(_:for:)")
[0;36m5 |[0;0m   @available(watchOS, introduced: 9.0, deprecated: 100000.0, renamed: "toolbarVisibility(_:for:)")
[0;36m6 |[0;0m   nonisolated public func toolbar(_ visibility: Visibility, for bars: ToolbarPlacement...) -> some View
  [0;36m|[0;0m                           `- [1;39mnote: [1;39m'toolbar(_:for:)' declared here[0;0m
[0;36m7 |[0;0m   }
[0;36m8 |[0;0m 

/Users/danielstevens/github-projects/tools-automation/MomentumFinance/Shared/Features/GlobalSearch/FeatureGlobalSearchView.swift:279:26: [1;31merror: [1;39mtrailing closure passed to parameter of type 'Visibility' that does not accept a closure[0;0m
[0;36m277 |[0;0m                 .navigationBarTitleDisplayMode(.inline)
[0;36m278 |[0;0m             #endif
[0;36m279 |[0;0m                 .toolbar [4;39m{[0;0m
    [0;36m|[0;0m                          `- [1;31merror: [1;39mtrailing closure passed to parameter of type 'Visibility' that does not accept a closure[0;0m
[0;36m280 |[0;0m                     ToolbarItem(placement: .cancellationAction) {
[0;36m281 |[0;0m                         Button("Done").accessibilityLabel("Button") {

SwiftUI.View.toolbar:6:27: [1;39mnote: [1;39m'toolbar(_:for:)' declared here[0;0m
[0;36m4 |[0;0m   @available(tvOS, introduced: 16.0, deprecated: 100000.0, renamed: "toolbarVisibility(_:for:)")
[0;36m5 |[0;0m   @available(watchOS, introduced: 9.0, deprecated: 100000.0, renamed: "toolbarVisibility(_:for:)")
[0;36m6 |[0;0m   nonisolated public func toolbar(_ visibility: Visibility, for bars: ToolbarPlacement...) -> some View
  [0;36m|[0;0m                           `- [1;39mnote: [1;39m'toolbar(_:for:)' declared here[0;0m
[0;36m7 |[0;0m   }
[0;36m8 |[0;0m 
[33/148] Compiling Shared DashboardView.swift
/Users/danielstevens/github-projects/tools-automation/MomentumFinance/Shared/Features/Dashboard/DashboardUpcomingSubscriptions.swift:44:68: [1;31merror: [1;39mvalue of type 'Subscription' has no member 'icon'[0;0m
 [0;36m42 |[0;0m                                         .frame(width: 36, height: 36)
 [0;36m43 |[0;0m 
 [0;36m44 |[0;0m                                     Image(systemName: [4;39msubscription[0;0m.[4;39micon[0;0m)
    [0;36m|[0;0m                                                                    `- [1;31merror: [1;39mvalue of type 'Subscription' has no member 'icon'[0;0m
 [0;36m45 |[0;0m                                         .font(.caption)
 [0;36m46 |[0;0m                                         .foregroundStyle(.white)

/Users/danielstevens/github-projects/tools-automation/MomentumFinance/Shared/Features/Dashboard/DashboardView.swift:51:26: [1;31merror: [1;39mcannot convert value of type 'String' to specified type 'Int'[0;0m
 [0;36m49 |[0;0m         @MainActor
 [0;36m50 |[0;0m         private func loadData() {
 [0;36m51 |[0;0m             var x: Int = [4;39m"string"[0;0m  // DEBUG
    [0;36m|[0;0m                          `- [1;31merror: [1;39mcannot convert value of type 'String' to specified type 'Int'[0;0m
 [0;36m52 |[0;0m             do {
 [0;36m53 |[0;0m                 let accountDescriptor = FetchDescriptor<FinancialAccount>()

/Users/danielstevens/github-projects/tools-automation/MomentumFinance/Shared/Features/Dashboard/DashboardView.swift:84:72: [1;31merror: [1;39mcannot convert value of type 'UUID' to expected argument type 'String'[0;0m
 [0;36m82 |[0;0m                             onAccountTap: { (accountId: UUID) in
 [0;36m83 |[0;0m                                 self.navigationPath.append(
 [0;36m84 |[0;0m                                     DashboardDestination.accountDetail(accountId)
    [0;36m|[0;0m                                                                        `- [1;31merror: [1;39mcannot convert value of type 'UUID' to expected argument type 'String'[0;0m
 [0;36m85 |[0;0m                                 )
 [0;36m86 |[0;0m                             },

/Users/danielstevens/github-projects/tools-automation/MomentumFinance/Shared/Features/Dashboard/InsightsSummaryWidget.swift:41:9: [1;31merror: [1;39mproperty 'body' must be declared public because it matches a requirement in public protocol 'View'[0;0m
 [0;36m39 |[0;0m     @State private var isLoading = true
 [0;36m40 |[0;0m 
 [0;36m41 |[0;0m     var body: some View {
    [0;36m|[0;0m         |- [1;31merror: [1;39mproperty 'body' must be declared public because it matches a requirement in public protocol 'View'[0;0m
    [0;36m|[0;0m         `- [1;39mnote: [1;39mmark the property as 'public' to satisfy the requirement[0;0m
 [0;36m42 |[0;0m         VStack(alignment: .leading, spacing: 10) {
 [0;36m43 |[0;0m             HStack {

/Users/danielstevens/github-projects/tools-automation/MomentumFinance/Shared/Features/Dashboard/InsightsView.swift:20:9: [1;31merror: [1;39mproperty 'body' must be declared public because it matches a requirement in public protocol 'View'[0;0m
 [0;36m18 |[0;0m     @State private var filterType: InsightType?
 [0;36m19 |[0;0m 
 [0;36m20 |[0;0m     var body: some View {
    [0;36m|[0;0m         |- [1;31merror: [1;39mproperty 'body' must be declared public because it matches a requirement in public protocol 'View'[0;0m
    [0;36m|[0;0m         `- [1;39mnote: [1;39mmark the property as 'public' to satisfy the requirement[0;0m
 [0;36m21 |[0;0m         Group {
 [0;36m22 |[0;0m             #if os(macOS)

/Users/danielstevens/github-projects/tools-automation/MomentumFinance/Shared/Features/Dashboard/InsightsView.swift:26:25: [1;31merror: [1;39mcannot find 'InsightsFilterBar' in scope[0;0m
 [0;36m24 |[0;0m                     VStack(spacing: 0) {
 [0;36m25 |[0;0m                         // Filter Bar
 [0;36m26 |[0;0m                         [4;39mInsightsFilterBar[0;0m(
    [0;36m|[0;0m                         `- [1;31merror: [1;39mcannot find 'InsightsFilterBar' in scope[0;0m
 [0;36m27 |[0;0m                             filterPriority: self.$filterPriority,
 [0;36m28 |[0;0m                             filterType: self.$filterType

/Users/danielstevens/github-projects/tools-automation/MomentumFinance/Shared/Features/Dashboard/InsightsView.swift:35:30: [1;31merror: [1;39mtrailing closure passed to parameter of type 'Visibility' that does not accept a closure[0;0m
 [0;36m33 |[0;0m                     }
 [0;36m34 |[0;0m                     .navigationTitle("Financial Insights")
 [0;36m35 |[0;0m                     .toolbar [4;39m{[0;0m
    [0;36m|[0;0m                              `- [1;31merror: [1;39mtrailing closure passed to parameter of type 'Visibility' that does not accept a closure[0;0m
 [0;36m36 |[0;0m                         ToolbarItem(placement: .navigation) {
 [0;36m37 |[0;0m                             Button("Refresh").accessibilityLabel("Button").accessibilityLabel("Button") {

SwiftUI.View.toolbar:6:27: [1;39mnote: [1;39m'toolbar(_:for:)' declared here[0;0m
[0;36m4 |[0;0m   @available(tvOS, introduced: 16.0, deprecated: 100000.0, renamed: "toolbarVisibility(_:for:)")
[0;36m5 |[0;0m   @available(watchOS, introduced: 9.0, deprecated: 100000.0, renamed: "toolbarVisibility(_:for:)")
[0;36m6 |[0;0m   nonisolated public func toolbar(_ visibility: Visibility, for bars: ToolbarPlacement...) -> some View
  [0;36m|[0;0m                           `- [1;39mnote: [1;39m'toolbar(_:for:)' declared here[0;0m
[0;36m7 |[0;0m   }
[0;36m8 |[0;0m 

/Users/danielstevens/github-projects/tools-automation/MomentumFinance/Shared/Features/Dashboard/InsightsWidget.swift:23:9: [1;31merror: [1;39mproperty 'body' must be declared public because it matches a requirement in public protocol 'View'[0;0m
 [0;36m21 |[0;0m     }
 [0;36m22 |[0;0m 
 [0;36m23 |[0;0m     var body: some View {
    [0;36m|[0;0m         |- [1;31merror: [1;39mproperty 'body' must be declared public because it matches a requirement in public protocol 'View'[0;0m
    [0;36m|[0;0m         `- [1;39mnote: [1;39mmark the property as 'public' to satisfy the requirement[0;0m
 [0;36m24 |[0;0m         VStack(alignment: .leading, spacing: 16) {
 [0;36m25 |[0;0m             // Header

/Users/danielstevens/github-projects/tools-automation/MomentumFinance/Shared/Features/Dashboard/InsightsWidget.swift:144:9: [1;31merror: [1;39mproperty 'body' must be declared public because it matches a requirement in public protocol 'View'[0;0m
[0;36m142 |[0;0m     @State private var showDetail = false
[0;36m143 |[0;0m 
[0;36m144 |[0;0m     var body: some View {
    [0;36m|[0;0m         |- [1;31merror: [1;39mproperty 'body' must be declared public because it matches a requirement in public protocol 'View'[0;0m
    [0;36m|[0;0m         `- [1;39mnote: [1;39mmark the property as 'public' to satisfy the requirement[0;0m
[0;36m145 |[0;0m         Button(action: { self.showDetail = true }).accessibilityLabel("Button") {
[0;36m146 |[0;0m             HStack(spacing: 12) {

/Users/danielstevens/github-projects/tools-automation/MomentumFinance/Shared/Features/Dashboard/InsightsWidget.swift:37:28: [1;31merror: [1;39mmissing argument for parameter #1 in call[0;0m
 [0;36m35 |[0;0m                         .scaleEffect(0.8)
 [0;36m36 |[0;0m                 } else if !self.intelligenceService.insights.isEmpty {
 [0;36m37 |[0;0m                     Button(action: { self.showAllInsights = true }).accessibilityLabel("Button") {
    [0;36m|[0;0m                            `- [1;31merror: [1;39mmissing argument for parameter #1 in call[0;0m
 [0;36m38 |[0;0m                         Text("View All")
 [0;36m39 |[0;0m                             .accessibilityLabel("View All Insights")

SwiftUI.Button.init:2:36: [1;39mnote: [1;39m'init(_:action:)' declared here[0;0m
[0;36m1 |[0;0m generic struct Button {
[0;36m2 |[0;0m @preconcurrency nonisolated public init(_ titleKey: LocalizedStringKey, action: @escaping @MainActor () -> Void)}
  [0;36m|[0;0m                                    `- [1;39mnote: [1;39m'init(_:action:)' declared here[0;0m
[0;36m3 |[0;0m 

/Users/danielstevens/github-projects/tools-automation/MomentumFinance/Shared/Features/Dashboard/InsightsWidget.swift:37:98: [1;31merror: [1;39mtype '_' cannot be used as a boolean; test for '!= 0' instead[0;0m
 [0;36m35 |[0;0m                         .scaleEffect(0.8)
 [0;36m36 |[0;0m                 } else if !self.intelligenceService.insights.isEmpty {
 [0;36m37 |[0;0m                     Button(action: { self.showAllInsights = true }).accessibilityLabel("Button") {
    [0;36m|[0;0m                                                                                                  `- [1;31merror: [1;39mtype '_' cannot be used as a boolean; test for '!= 0' instead[0;0m
 [0;36m38 |[0;0m                         Text("View All")
 [0;36m39 |[0;0m                             .accessibilityLabel("View All Insights")

/Users/danielstevens/github-projects/tools-automation/MomentumFinance/Shared/Features/Dashboard/InsightsWidget.swift:125:28: [1;31merror: [1;39mmissing argument for parameter #1 in call[0;0m
[0;36m123 |[0;0m                     Spacer()
[0;36m124 |[0;0m 
[0;36m125 |[0;0m                     Button(action: { self.showAllInsights = true }).accessibilityLabel("Button") {
    [0;36m|[0;0m                            `- [1;31merror: [1;39mmissing argument for parameter #1 in call[0;0m
[0;36m126 |[0;0m                         Text("View All")
[0;36m127 |[0;0m                             .accessibilityLabel("View All Insights")

SwiftUI.Button.init:2:36: [1;39mnote: [1;39m'init(_:action:)' declared here[0;0m
[0;36m1 |[0;0m generic struct Button {
[0;36m2 |[0;0m @preconcurrency nonisolated public init(_ titleKey: LocalizedStringKey, action: @escaping @MainActor () -> Void)}
  [0;36m|[0;0m                                    `- [1;39mnote: [1;39m'init(_:action:)' declared here[0;0m
[0;36m3 |[0;0m 

/Users/danielstevens/github-projects/tools-automation/MomentumFinance/Shared/Features/Dashboard/InsightsWidget.swift:125:98: [1;31merror: [1;39mtype '_' cannot be used as a boolean; test for '!= 0' instead[0;0m
[0;36m123 |[0;0m                     Spacer()
[0;36m124 |[0;0m 
[0;36m125 |[0;0m                     Button(action: { self.showAllInsights = true }).accessibilityLabel("Button") {
    [0;36m|[0;0m                                                                                                  `- [1;31merror: [1;39mtype '_' cannot be used as a boolean; test for '!= 0' instead[0;0m
[0;36m126 |[0;0m                         Text("View All")
[0;36m127 |[0;0m                             .accessibilityLabel("View All Insights")

/Users/danielstevens/github-projects/tools-automation/MomentumFinance/Shared/Features/Dashboard/InsightsWidget.swift:145:16: [1;31merror: [1;39mmissing argument for parameter #1 in call[0;0m
[0;36m143 |[0;0m 
[0;36m144 |[0;0m     var body: some View {
[0;36m145 |[0;0m         Button(action: { self.showDetail = true }).accessibilityLabel("Button") {
    [0;36m|[0;0m                `- [1;31merror: [1;39mmissing argument for parameter #1 in call[0;0m
[0;36m146 |[0;0m             HStack(spacing: 12) {
[0;36m147 |[0;0m                 // Priority indicator

SwiftUI.Button.init:2:36: [1;39mnote: [1;39m'init(_:action:)' declared here[0;0m
[0;36m1 |[0;0m generic struct Button {
[0;36m2 |[0;0m @preconcurrency nonisolated public init(_ titleKey: LocalizedStringKey, action: @escaping @MainActor () -> Void)}
  [0;36m|[0;0m                                    `- [1;39mnote: [1;39m'init(_:action:)' declared here[0;0m
[0;36m3 |[0;0m 

/Users/danielstevens/github-projects/tools-automation/MomentumFinance/Shared/Features/Dashboard/InsightsWidget.swift:145:81: [1;31merror: [1;39mtype '_' cannot be used as a boolean; test for '!= 0' instead[0;0m
[0;36m143 |[0;0m 
[0;36m144 |[0;0m     var body: some View {
[0;36m145 |[0;0m         Button(action: { self.showDetail = true }).accessibilityLabel("Button") {
    [0;36m|[0;0m                                                                                 `- [1;31merror: [1;39mtype '_' cannot be used as a boolean; test for '!= 0' instead[0;0m
[0;36m146 |[0;0m             HStack(spacing: 12) {
[0;36m147 |[0;0m                 // Priority indicator

/Users/danielstevens/github-projects/tools-automation/MomentumFinance/Shared/Features/Dashboard/SimpleDashboardView.swift:33:9: [1;31merror: [1;39mproperty 'body' must be declared public because it matches a requirement in public protocol 'View'[0;0m
 [0;36m31 |[0;0m     #endif
 [0;36m32 |[0;0m 
 [0;36m33 |[0;0m     var body: some View {
    [0;36m|[0;0m         |- [1;31merror: [1;39mproperty 'body' must be declared public because it matches a requirement in public protocol 'View'[0;0m
    [0;36m|[0;0m         `- [1;39mnote: [1;39mmark the property as 'public' to satisfy the requirement[0;0m
 [0;36m34 |[0;0m         NavigationStack {
 [0;36m35 |[0;0m             ScrollView {

/Users/danielstevens/github-projects/tools-automation/MomentumFinance/Shared/Features/GlobalSearch/FeatureGlobalSearchView.swift:169:9: [1;31merror: [1;39mproperty 'body' must be declared public because it matches a requirement in public protocol 'View'[0;0m
[0;36m167 |[0;0m     let result: SearchResult
[0;36m168 |[0;0m 
[0;36m169 |[0;0m     var body: some View {
    [0;36m|[0;0m         |- [1;31merror: [1;39mproperty 'body' must be declared public because it matches a requirement in public protocol 'View'[0;0m
    [0;36m|[0;0m         `- [1;39mnote: [1;39mmark the property as 'public' to satisfy the requirement[0;0m
[0;36m170 |[0;0m         HStack(spacing: 12) {
[0;36m171 |[0;0m             // Icon

/Users/danielstevens/github-projects/tools-automation/MomentumFinance/Shared/Features/GlobalSearch/FeatureGlobalSearchView.swift:232:9: [1;31merror: [1;39mproperty 'body' must be declared public because it matches a requirement in public protocol 'View'[0;0m
[0;36m230 |[0;0m     @Environment(\.dismiss) private var dismiss
[0;36m231 |[0;0m 
[0;36m232 |[0;0m     var body: some View {
    [0;36m|[0;0m         |- [1;31merror: [1;39mproperty 'body' must be declared public because it matches a requirement in public protocol 'View'[0;0m
    [0;36m|[0;0m         `- [1;39mnote: [1;39mmark the property as 'public' to satisfy the requirement[0;0m
[0;36m233 |[0;0m         NavigationView {
[0;36m234 |[0;0m             VStack(spacing: 20) {

/Users/danielstevens/github-projects/tools-automation/MomentumFinance/Shared/Features/GlobalSearch/FeatureGlobalSearchView.swift:309:9: [1;31merror: [1;39mproperty 'body' must be declared public because it matches a requirement in public protocol 'View'[0;0m
[0;36m307 |[0;0m     let value: String
[0;36m308 |[0;0m 
[0;36m309 |[0;0m     var body: some View {
    [0;36m|[0;0m         |- [1;31merror: [1;39mproperty 'body' must be declared public because it matches a requirement in public protocol 'View'[0;0m
    [0;36m|[0;0m         `- [1;39mnote: [1;39mmark the property as 'public' to satisfy the requirement[0;0m
[0;36m310 |[0;0m         VStack(alignment: .leading, spacing: 4) {
[0;36m311 |[0;0m             Text(self.label)

/Users/danielstevens/github-projects/tools-automation/MomentumFinance/Shared/Features/GlobalSearch/FeatureGlobalSearchView.swift:68:26: [1;31merror: [1;39mtrailing closure passed to parameter of type 'Visibility' that does not accept a closure[0;0m
 [0;36m66 |[0;0m                 .navigationBarTitleDisplayMode(.inline)
 [0;36m67 |[0;0m             #endif
 [0;36m68 |[0;0m                 .toolbar [4;39m{[0;0m
    [0;36m|[0;0m                          `- [1;31merror: [1;39mtrailing closure passed to parameter of type 'Visibility' that does not accept a closure[0;0m
 [0;36m69 |[0;0m                     ToolbarItem(placement: .cancellationAction) {
 [0;36m70 |[0;0m                         Button("Cancel").accessibilityLabel("Button") {

SwiftUI.View.toolbar:6:27: [1;39mnote: [1;39m'toolbar(_:for:)' declared here[0;0m
[0;36m4 |[0;0m   @available(tvOS, introduced: 16.0, deprecated: 100000.0, renamed: "toolbarVisibility(_:for:)")
[0;36m5 |[0;0m   @available(watchOS, introduced: 9.0, deprecated: 100000.0, renamed: "toolbarVisibility(_:for:)")
[0;36m6 |[0;0m   nonisolated public func toolbar(_ visibility: Visibility, for bars: ToolbarPlacement...) -> some View
  [0;36m|[0;0m                           `- [1;39mnote: [1;39m'toolbar(_:for:)' declared here[0;0m
[0;36m7 |[0;0m   }
[0;36m8 |[0;0m 

/Users/danielstevens/github-projects/tools-automation/MomentumFinance/Shared/Features/GlobalSearch/FeatureGlobalSearchView.swift:279:26: [1;31merror: [1;39mtrailing closure passed to parameter of type 'Visibility' that does not accept a closure[0;0m
[0;36m277 |[0;0m                 .navigationBarTitleDisplayMode(.inline)
[0;36m278 |[0;0m             #endif
[0;36m279 |[0;0m                 .toolbar [4;39m{[0;0m
    [0;36m|[0;0m                          `- [1;31merror: [1;39mtrailing closure passed to parameter of type 'Visibility' that does not accept a closure[0;0m
[0;36m280 |[0;0m                     ToolbarItem(placement: .cancellationAction) {
[0;36m281 |[0;0m                         Button("Done").accessibilityLabel("Button") {

SwiftUI.View.toolbar:6:27: [1;39mnote: [1;39m'toolbar(_:for:)' declared here[0;0m
[0;36m4 |[0;0m   @available(tvOS, introduced: 16.0, deprecated: 100000.0, renamed: "toolbarVisibility(_:for:)")
[0;36m5 |[0;0m   @available(watchOS, introduced: 9.0, deprecated: 100000.0, renamed: "toolbarVisibility(_:for:)")
[0;36m6 |[0;0m   nonisolated public func toolbar(_ visibility: Visibility, for bars: ToolbarPlacement...) -> some View
  [0;36m|[0;0m                           `- [1;39mnote: [1;39m'toolbar(_:for:)' declared here[0;0m
[0;36m7 |[0;0m   }
[0;36m8 |[0;0m 
[34/148] Compiling Shared DashboardViewModel.swift
/Users/danielstevens/github-projects/tools-automation/MomentumFinance/Shared/Features/Dashboard/DashboardUpcomingSubscriptions.swift:44:68: [1;31merror: [1;39mvalue of type 'Subscription' has no member 'icon'[0;0m
 [0;36m42 |[0;0m                                         .frame(width: 36, height: 36)
 [0;36m43 |[0;0m 
 [0;36m44 |[0;0m                                     Image(systemName: [4;39msubscription[0;0m.[4;39micon[0;0m)
    [0;36m|[0;0m                                                                    `- [1;31merror: [1;39mvalue of type 'Subscription' has no member 'icon'[0;0m
 [0;36m45 |[0;0m                                         .font(.caption)
 [0;36m46 |[0;0m                                         .foregroundStyle(.white)

/Users/danielstevens/github-projects/tools-automation/MomentumFinance/Shared/Features/Dashboard/DashboardView.swift:51:26: [1;31merror: [1;39mcannot convert value of type 'String' to specified type 'Int'[0;0m
 [0;36m49 |[0;0m         @MainActor
 [0;36m50 |[0;0m         private func loadData() {
 [0;36m51 |[0;0m             var x: Int = [4;39m"string"[0;0m  // DEBUG
    [0;36m|[0;0m                          `- [1;31merror: [1;39mcannot convert value of type 'String' to specified type 'Int'[0;0m
 [0;36m52 |[0;0m             do {
 [0;36m53 |[0;0m                 let accountDescriptor = FetchDescriptor<FinancialAccount>()

/Users/danielstevens/github-projects/tools-automation/MomentumFinance/Shared/Features/Dashboard/DashboardView.swift:84:72: [1;31merror: [1;39mcannot convert value of type 'UUID' to expected argument type 'String'[0;0m
 [0;36m82 |[0;0m                             onAccountTap: { (accountId: UUID) in
 [0;36m83 |[0;0m                                 self.navigationPath.append(
 [0;36m84 |[0;0m                                     DashboardDestination.accountDetail(accountId)
    [0;36m|[0;0m                                                                        `- [1;31merror: [1;39mcannot convert value of type 'UUID' to expected argument type 'String'[0;0m
 [0;36m85 |[0;0m                                 )
 [0;36m86 |[0;0m                             },

/Users/danielstevens/github-projects/tools-automation/MomentumFinance/Shared/Features/Dashboard/InsightsSummaryWidget.swift:41:9: [1;31merror: [1;39mproperty 'body' must be declared public because it matches a requirement in public protocol 'View'[0;0m
 [0;36m39 |[0;0m     @State private var isLoading = true
 [0;36m40 |[0;0m 
 [0;36m41 |[0;0m     var body: some View {
    [0;36m|[0;0m         |- [1;31merror: [1;39mproperty 'body' must be declared public because it matches a requirement in public protocol 'View'[0;0m
    [0;36m|[0;0m         `- [1;39mnote: [1;39mmark the property as 'public' to satisfy the requirement[0;0m
 [0;36m42 |[0;0m         VStack(alignment: .leading, spacing: 10) {
 [0;36m43 |[0;0m             HStack {

/Users/danielstevens/github-projects/tools-automation/MomentumFinance/Shared/Features/Dashboard/InsightsView.swift:20:9: [1;31merror: [1;39mproperty 'body' must be declared public because it matches a requirement in public protocol 'View'[0;0m
 [0;36m18 |[0;0m     @State private var filterType: InsightType?
 [0;36m19 |[0;0m 
 [0;36m20 |[0;0m     var body: some View {
    [0;36m|[0;0m         |- [1;31merror: [1;39mproperty 'body' must be declared public because it matches a requirement in public protocol 'View'[0;0m
    [0;36m|[0;0m         `- [1;39mnote: [1;39mmark the property as 'public' to satisfy the requirement[0;0m
 [0;36m21 |[0;0m         Group {
 [0;36m22 |[0;0m             #if os(macOS)

/Users/danielstevens/github-projects/tools-automation/MomentumFinance/Shared/Features/Dashboard/InsightsView.swift:26:25: [1;31merror: [1;39mcannot find 'InsightsFilterBar' in scope[0;0m
 [0;36m24 |[0;0m                     VStack(spacing: 0) {
 [0;36m25 |[0;0m                         // Filter Bar
 [0;36m26 |[0;0m                         [4;39mInsightsFilterBar[0;0m(
    [0;36m|[0;0m                         `- [1;31merror: [1;39mcannot find 'InsightsFilterBar' in scope[0;0m
 [0;36m27 |[0;0m                             filterPriority: self.$filterPriority,
 [0;36m28 |[0;0m                             filterType: self.$filterType

/Users/danielstevens/github-projects/tools-automation/MomentumFinance/Shared/Features/Dashboard/InsightsView.swift:35:30: [1;31merror: [1;39mtrailing closure passed to parameter of type 'Visibility' that does not accept a closure[0;0m
 [0;36m33 |[0;0m                     }
 [0;36m34 |[0;0m                     .navigationTitle("Financial Insights")
 [0;36m35 |[0;0m                     .toolbar [4;39m{[0;0m
    [0;36m|[0;0m                              `- [1;31merror: [1;39mtrailing closure passed to parameter of type 'Visibility' that does not accept a closure[0;0m
 [0;36m36 |[0;0m                         ToolbarItem(placement: .navigation) {
 [0;36m37 |[0;0m                             Button("Refresh").accessibilityLabel("Button").accessibilityLabel("Button") {

SwiftUI.View.toolbar:6:27: [1;39mnote: [1;39m'toolbar(_:for:)' declared here[0;0m
[0;36m4 |[0;0m   @available(tvOS, introduced: 16.0, deprecated: 100000.0, renamed: "toolbarVisibility(_:for:)")
[0;36m5 |[0;0m   @available(watchOS, introduced: 9.0, deprecated: 100000.0, renamed: "toolbarVisibility(_:for:)")
[0;36m6 |[0;0m   nonisolated public func toolbar(_ visibility: Visibility, for bars: ToolbarPlacement...) -> some View
  [0;36m|[0;0m                           `- [1;39mnote: [1;39m'toolbar(_:for:)' declared here[0;0m
[0;36m7 |[0;0m   }
[0;36m8 |[0;0m 

/Users/danielstevens/github-projects/tools-automation/MomentumFinance/Shared/Features/Dashboard/InsightsWidget.swift:23:9: [1;31merror: [1;39mproperty 'body' must be declared public because it matches a requirement in public protocol 'View'[0;0m
 [0;36m21 |[0;0m     }
 [0;36m22 |[0;0m 
 [0;36m23 |[0;0m     var body: some View {
    [0;36m|[0;0m         |- [1;31merror: [1;39mproperty 'body' must be declared public because it matches a requirement in public protocol 'View'[0;0m
    [0;36m|[0;0m         `- [1;39mnote: [1;39mmark the property as 'public' to satisfy the requirement[0;0m
 [0;36m24 |[0;0m         VStack(alignment: .leading, spacing: 16) {
 [0;36m25 |[0;0m             // Header

/Users/danielstevens/github-projects/tools-automation/MomentumFinance/Shared/Features/Dashboard/InsightsWidget.swift:144:9: [1;31merror: [1;39mproperty 'body' must be declared public because it matches a requirement in public protocol 'View'[0;0m
[0;36m142 |[0;0m     @State private var showDetail = false
[0;36m143 |[0;0m 
[0;36m144 |[0;0m     var body: some View {
    [0;36m|[0;0m         |- [1;31merror: [1;39mproperty 'body' must be declared public because it matches a requirement in public protocol 'View'[0;0m
    [0;36m|[0;0m         `- [1;39mnote: [1;39mmark the property as 'public' to satisfy the requirement[0;0m
[0;36m145 |[0;0m         Button(action: { self.showDetail = true }).accessibilityLabel("Button") {
[0;36m146 |[0;0m             HStack(spacing: 12) {

/Users/danielstevens/github-projects/tools-automation/MomentumFinance/Shared/Features/Dashboard/InsightsWidget.swift:37:28: [1;31merror: [1;39mmissing argument for parameter #1 in call[0;0m
 [0;36m35 |[0;0m                         .scaleEffect(0.8)
 [0;36m36 |[0;0m                 } else if !self.intelligenceService.insights.isEmpty {
 [0;36m37 |[0;0m                     Button(action: { self.showAllInsights = true }).accessibilityLabel("Button") {
    [0;36m|[0;0m                            `- [1;31merror: [1;39mmissing argument for parameter #1 in call[0;0m
 [0;36m38 |[0;0m                         Text("View All")
 [0;36m39 |[0;0m                             .accessibilityLabel("View All Insights")

SwiftUI.Button.init:2:36: [1;39mnote: [1;39m'init(_:action:)' declared here[0;0m
[0;36m1 |[0;0m generic struct Button {
[0;36m2 |[0;0m @preconcurrency nonisolated public init(_ titleKey: LocalizedStringKey, action: @escaping @MainActor () -> Void)}
  [0;36m|[0;0m                                    `- [1;39mnote: [1;39m'init(_:action:)' declared here[0;0m
[0;36m3 |[0;0m 

/Users/danielstevens/github-projects/tools-automation/MomentumFinance/Shared/Features/Dashboard/InsightsWidget.swift:37:98: [1;31merror: [1;39mtype '_' cannot be used as a boolean; test for '!= 0' instead[0;0m
 [0;36m35 |[0;0m                         .scaleEffect(0.8)
 [0;36m36 |[0;0m                 } else if !self.intelligenceService.insights.isEmpty {
 [0;36m37 |[0;0m                     Button(action: { self.showAllInsights = true }).accessibilityLabel("Button") {
    [0;36m|[0;0m                                                                                                  `- [1;31merror: [1;39mtype '_' cannot be used as a boolean; test for '!= 0' instead[0;0m
 [0;36m38 |[0;0m                         Text("View All")
 [0;36m39 |[0;0m                             .accessibilityLabel("View All Insights")

/Users/danielstevens/github-projects/tools-automation/MomentumFinance/Shared/Features/Dashboard/InsightsWidget.swift:125:28: [1;31merror: [1;39mmissing argument for parameter #1 in call[0;0m
[0;36m123 |[0;0m                     Spacer()
[0;36m124 |[0;0m 
[0;36m125 |[0;0m                     Button(action: { self.showAllInsights = true }).accessibilityLabel("Button") {
    [0;36m|[0;0m                            `- [1;31merror: [1;39mmissing argument for parameter #1 in call[0;0m
[0;36m126 |[0;0m                         Text("View All")
[0;36m127 |[0;0m                             .accessibilityLabel("View All Insights")

SwiftUI.Button.init:2:36: [1;39mnote: [1;39m'init(_:action:)' declared here[0;0m
[0;36m1 |[0;0m generic struct Button {
[0;36m2 |[0;0m @preconcurrency nonisolated public init(_ titleKey: LocalizedStringKey, action: @escaping @MainActor () -> Void)}
  [0;36m|[0;0m                                    `- [1;39mnote: [1;39m'init(_:action:)' declared here[0;0m
[0;36m3 |[0;0m 

/Users/danielstevens/github-projects/tools-automation/MomentumFinance/Shared/Features/Dashboard/InsightsWidget.swift:125:98: [1;31merror: [1;39mtype '_' cannot be used as a boolean; test for '!= 0' instead[0;0m
[0;36m123 |[0;0m                     Spacer()
[0;36m124 |[0;0m 
[0;36m125 |[0;0m                     Button(action: { self.showAllInsights = true }).accessibilityLabel("Button") {
    [0;36m|[0;0m                                                                                                  `- [1;31merror: [1;39mtype '_' cannot be used as a boolean; test for '!= 0' instead[0;0m
[0;36m126 |[0;0m                         Text("View All")
[0;36m127 |[0;0m                             .accessibilityLabel("View All Insights")

/Users/danielstevens/github-projects/tools-automation/MomentumFinance/Shared/Features/Dashboard/InsightsWidget.swift:145:16: [1;31merror: [1;39mmissing argument for parameter #1 in call[0;0m
[0;36m143 |[0;0m 
[0;36m144 |[0;0m     var body: some View {
[0;36m145 |[0;0m         Button(action: { self.showDetail = true }).accessibilityLabel("Button") {
    [0;36m|[0;0m                `- [1;31merror: [1;39mmissing argument for parameter #1 in call[0;0m
[0;36m146 |[0;0m             HStack(spacing: 12) {
[0;36m147 |[0;0m                 // Priority indicator

SwiftUI.Button.init:2:36: [1;39mnote: [1;39m'init(_:action:)' declared here[0;0m
[0;36m1 |[0;0m generic struct Button {
[0;36m2 |[0;0m @preconcurrency nonisolated public init(_ titleKey: LocalizedStringKey, action: @escaping @MainActor () -> Void)}
  [0;36m|[0;0m                                    `- [1;39mnote: [1;39m'init(_:action:)' declared here[0;0m
[0;36m3 |[0;0m 

/Users/danielstevens/github-projects/tools-automation/MomentumFinance/Shared/Features/Dashboard/InsightsWidget.swift:145:81: [1;31merror: [1;39mtype '_' cannot be used as a boolean; test for '!= 0' instead[0;0m
[0;36m143 |[0;0m 
[0;36m144 |[0;0m     var body: some View {
[0;36m145 |[0;0m         Button(action: { self.showDetail = true }).accessibilityLabel("Button") {
    [0;36m|[0;0m                                                                                 `- [1;31merror: [1;39mtype '_' cannot be used as a boolean; test for '!= 0' instead[0;0m
[0;36m146 |[0;0m             HStack(spacing: 12) {
[0;36m147 |[0;0m                 // Priority indicator

/Users/danielstevens/github-projects/tools-automation/MomentumFinance/Shared/Features/Dashboard/SimpleDashboardView.swift:33:9: [1;31merror: [1;39mproperty 'body' must be declared public because it matches a requirement in public protocol 'View'[0;0m
 [0;36m31 |[0;0m     #endif
 [0;36m32 |[0;0m 
 [0;36m33 |[0;0m     var body: some View {
    [0;36m|[0;0m         |- [1;31merror: [1;39mproperty 'body' must be declared public because it matches a requirement in public protocol 'View'[0;0m
    [0;36m|[0;0m         `- [1;39mnote: [1;39mmark the property as 'public' to satisfy the requirement[0;0m
 [0;36m34 |[0;0m         NavigationStack {
 [0;36m35 |[0;0m             ScrollView {

/Users/danielstevens/github-projects/tools-automation/MomentumFinance/Shared/Features/GlobalSearch/FeatureGlobalSearchView.swift:169:9: [1;31merror: [1;39mproperty 'body' must be declared public because it matches a requirement in public protocol 'View'[0;0m
[0;36m167 |[0;0m     let result: SearchResult
[0;36m168 |[0;0m 
[0;36m169 |[0;0m     var body: some View {
    [0;36m|[0;0m         |- [1;31merror: [1;39mproperty 'body' must be declared public because it matches a requirement in public protocol 'View'[0;0m
    [0;36m|[0;0m         `- [1;39mnote: [1;39mmark the property as 'public' to satisfy the requirement[0;0m
[0;36m170 |[0;0m         HStack(spacing: 12) {
[0;36m171 |[0;0m             // Icon

/Users/danielstevens/github-projects/tools-automation/MomentumFinance/Shared/Features/GlobalSearch/FeatureGlobalSearchView.swift:232:9: [1;31merror: [1;39mproperty 'body' must be declared public because it matches a requirement in public protocol 'View'[0;0m
[0;36m230 |[0;0m     @Environment(\.dismiss) private var dismiss
[0;36m231 |[0;0m 
[0;36m232 |[0;0m     var body: some View {
    [0;36m|[0;0m         |- [1;31merror: [1;39mproperty 'body' must be declared public because it matches a requirement in public protocol 'View'[0;0m
    [0;36m|[0;0m         `- [1;39mnote: [1;39mmark the property as 'public' to satisfy the requirement[0;0m
[0;36m233 |[0;0m         NavigationView {
[0;36m234 |[0;0m             VStack(spacing: 20) {

/Users/danielstevens/github-projects/tools-automation/MomentumFinance/Shared/Features/GlobalSearch/FeatureGlobalSearchView.swift:309:9: [1;31merror: [1;39mproperty 'body' must be declared public because it matches a requirement in public protocol 'View'[0;0m
[0;36m307 |[0;0m     let value: String
[0;36m308 |[0;0m 
[0;36m309 |[0;0m     var body: some View {
    [0;36m|[0;0m         |- [1;31merror: [1;39mproperty 'body' must be declared public because it matches a requirement in public protocol 'View'[0;0m
    [0;36m|[0;0m         `- [1;39mnote: [1;39mmark the property as 'public' to satisfy the requirement[0;0m
[0;36m310 |[0;0m         VStack(alignment: .leading, spacing: 4) {
[0;36m311 |[0;0m             Text(self.label)

/Users/danielstevens/github-projects/tools-automation/MomentumFinance/Shared/Features/GlobalSearch/FeatureGlobalSearchView.swift:68:26: [1;31merror: [1;39mtrailing closure passed to parameter of type 'Visibility' that does not accept a closure[0;0m
 [0;36m66 |[0;0m                 .navigationBarTitleDisplayMode(.inline)
 [0;36m67 |[0;0m             #endif
 [0;36m68 |[0;0m                 .toolbar [4;39m{[0;0m
    [0;36m|[0;0m                          `- [1;31merror: [1;39mtrailing closure passed to parameter of type 'Visibility' that does not accept a closure[0;0m
 [0;36m69 |[0;0m                     ToolbarItem(placement: .cancellationAction) {
 [0;36m70 |[0;0m                         Button("Cancel").accessibilityLabel("Button") {

SwiftUI.View.toolbar:6:27: [1;39mnote: [1;39m'toolbar(_:for:)' declared here[0;0m
[0;36m4 |[0;0m   @available(tvOS, introduced: 16.0, deprecated: 100000.0, renamed: "toolbarVisibility(_:for:)")
[0;36m5 |[0;0m   @available(watchOS, introduced: 9.0, deprecated: 100000.0, renamed: "toolbarVisibility(_:for:)")
[0;36m6 |[0;0m   nonisolated public func toolbar(_ visibility: Visibility, for bars: ToolbarPlacement...) -> some View
  [0;36m|[0;0m                           `- [1;39mnote: [1;39m'toolbar(_:for:)' declared here[0;0m
[0;36m7 |[0;0m   }
[0;36m8 |[0;0m 

/Users/danielstevens/github-projects/tools-automation/MomentumFinance/Shared/Features/GlobalSearch/FeatureGlobalSearchView.swift:279:26: [1;31merror: [1;39mtrailing closure passed to parameter of type 'Visibility' that does not accept a closure[0;0m
[0;36m277 |[0;0m                 .navigationBarTitleDisplayMode(.inline)
[0;36m278 |[0;0m             #endif
[0;36m279 |[0;0m                 .toolbar [4;39m{[0;0m
    [0;36m|[0;0m                          `- [1;31merror: [1;39mtrailing closure passed to parameter of type 'Visibility' that does not accept a closure[0;0m
[0;36m280 |[0;0m                     ToolbarItem(placement: .cancellationAction) {
[0;36m281 |[0;0m                         Button("Done").accessibilityLabel("Button") {

SwiftUI.View.toolbar:6:27: [1;39mnote: [1;39m'toolbar(_:for:)' declared here[0;0m
[0;36m4 |[0;0m   @available(tvOS, introduced: 16.0, deprecated: 100000.0, renamed: "toolbarVisibility(_:for:)")
[0;36m5 |[0;0m   @available(watchOS, introduced: 9.0, deprecated: 100000.0, renamed: "toolbarVisibility(_:for:)")
[0;36m6 |[0;0m   nonisolated public func toolbar(_ visibility: Visibility, for bars: ToolbarPlacement...) -> some View
  [0;36m|[0;0m                           `- [1;39mnote: [1;39m'toolbar(_:for:)' declared here[0;0m
[0;36m7 |[0;0m   }
[0;36m8 |[0;0m 
[35/148] Compiling Shared DashboardWelcomeHeader.swift
/Users/danielstevens/github-projects/tools-automation/MomentumFinance/Shared/Features/Dashboard/DashboardUpcomingSubscriptions.swift:44:68: [1;31merror: [1;39mvalue of type 'Subscription' has no member 'icon'[0;0m
 [0;36m42 |[0;0m                                         .frame(width: 36, height: 36)
 [0;36m43 |[0;0m 
 [0;36m44 |[0;0m                                     Image(systemName: [4;39msubscription[0;0m.[4;39micon[0;0m)
    [0;36m|[0;0m                                                                    `- [1;31merror: [1;39mvalue of type 'Subscription' has no member 'icon'[0;0m
 [0;36m45 |[0;0m                                         .font(.caption)
 [0;36m46 |[0;0m                                         .foregroundStyle(.white)

/Users/danielstevens/github-projects/tools-automation/MomentumFinance/Shared/Features/Dashboard/DashboardView.swift:51:26: [1;31merror: [1;39mcannot convert value of type 'String' to specified type 'Int'[0;0m
 [0;36m49 |[0;0m         @MainActor
 [0;36m50 |[0;0m         private func loadData() {
 [0;36m51 |[0;0m             var x: Int = [4;39m"string"[0;0m  // DEBUG
    [0;36m|[0;0m                          `- [1;31merror: [1;39mcannot convert value of type 'String' to specified type 'Int'[0;0m
 [0;36m52 |[0;0m             do {
 [0;36m53 |[0;0m                 let accountDescriptor = FetchDescriptor<FinancialAccount>()

/Users/danielstevens/github-projects/tools-automation/MomentumFinance/Shared/Features/Dashboard/DashboardView.swift:84:72: [1;31merror: [1;39mcannot convert value of type 'UUID' to expected argument type 'String'[0;0m
 [0;36m82 |[0;0m                             onAccountTap: { (accountId: UUID) in
 [0;36m83 |[0;0m                                 self.navigationPath.append(
 [0;36m84 |[0;0m                                     DashboardDestination.accountDetail(accountId)
    [0;36m|[0;0m                                                                        `- [1;31merror: [1;39mcannot convert value of type 'UUID' to expected argument type 'String'[0;0m
 [0;36m85 |[0;0m                                 )
 [0;36m86 |[0;0m                             },

/Users/danielstevens/github-projects/tools-automation/MomentumFinance/Shared/Features/Dashboard/InsightsSummaryWidget.swift:41:9: [1;31merror: [1;39mproperty 'body' must be declared public because it matches a requirement in public protocol 'View'[0;0m
 [0;36m39 |[0;0m     @State private var isLoading = true
 [0;36m40 |[0;0m 
 [0;36m41 |[0;0m     var body: some View {
    [0;36m|[0;0m         |- [1;31merror: [1;39mproperty 'body' must be declared public because it matches a requirement in public protocol 'View'[0;0m
    [0;36m|[0;0m         `- [1;39mnote: [1;39mmark the property as 'public' to satisfy the requirement[0;0m
 [0;36m42 |[0;0m         VStack(alignment: .leading, spacing: 10) {
 [0;36m43 |[0;0m             HStack {

/Users/danielstevens/github-projects/tools-automation/MomentumFinance/Shared/Features/Dashboard/InsightsView.swift:20:9: [1;31merror: [1;39mproperty 'body' must be declared public because it matches a requirement in public protocol 'View'[0;0m
 [0;36m18 |[0;0m     @State private var filterType: InsightType?
 [0;36m19 |[0;0m 
 [0;36m20 |[0;0m     var body: some View {
    [0;36m|[0;0m         |- [1;31merror: [1;39mproperty 'body' must be declared public because it matches a requirement in public protocol 'View'[0;0m
    [0;36m|[0;0m         `- [1;39mnote: [1;39mmark the property as 'public' to satisfy the requirement[0;0m
 [0;36m21 |[0;0m         Group {
 [0;36m22 |[0;0m             #if os(macOS)

/Users/danielstevens/github-projects/tools-automation/MomentumFinance/Shared/Features/Dashboard/InsightsView.swift:26:25: [1;31merror: [1;39mcannot find 'InsightsFilterBar' in scope[0;0m
 [0;36m24 |[0;0m                     VStack(spacing: 0) {
 [0;36m25 |[0;0m                         // Filter Bar
 [0;36m26 |[0;0m                         [4;39mInsightsFilterBar[0;0m(
    [0;36m|[0;0m                         `- [1;31merror: [1;39mcannot find 'InsightsFilterBar' in scope[0;0m
 [0;36m27 |[0;0m                             filterPriority: self.$filterPriority,
 [0;36m28 |[0;0m                             filterType: self.$filterType

/Users/danielstevens/github-projects/tools-automation/MomentumFinance/Shared/Features/Dashboard/InsightsView.swift:35:30: [1;31merror: [1;39mtrailing closure passed to parameter of type 'Visibility' that does not accept a closure[0;0m
 [0;36m33 |[0;0m                     }
 [0;36m34 |[0;0m                     .navigationTitle("Financial Insights")
 [0;36m35 |[0;0m                     .toolbar [4;39m{[0;0m
    [0;36m|[0;0m                              `- [1;31merror: [1;39mtrailing closure passed to parameter of type 'Visibility' that does not accept a closure[0;0m
 [0;36m36 |[0;0m                         ToolbarItem(placement: .navigation) {
 [0;36m37 |[0;0m                             Button("Refresh").accessibilityLabel("Button").accessibilityLabel("Button") {

SwiftUI.View.toolbar:6:27: [1;39mnote: [1;39m'toolbar(_:for:)' declared here[0;0m
[0;36m4 |[0;0m   @available(tvOS, introduced: 16.0, deprecated: 100000.0, renamed: "toolbarVisibility(_:for:)")
[0;36m5 |[0;0m   @available(watchOS, introduced: 9.0, deprecated: 100000.0, renamed: "toolbarVisibility(_:for:)")
[0;36m6 |[0;0m   nonisolated public func toolbar(_ visibility: Visibility, for bars: ToolbarPlacement...) -> some View
  [0;36m|[0;0m                           `- [1;39mnote: [1;39m'toolbar(_:for:)' declared here[0;0m
[0;36m7 |[0;0m   }
[0;36m8 |[0;0m 

/Users/danielstevens/github-projects/tools-automation/MomentumFinance/Shared/Features/Dashboard/InsightsWidget.swift:23:9: [1;31merror: [1;39mproperty 'body' must be declared public because it matches a requirement in public protocol 'View'[0;0m
 [0;36m21 |[0;0m     }
 [0;36m22 |[0;0m 
 [0;36m23 |[0;0m     var body: some View {
    [0;36m|[0;0m         |- [1;31merror: [1;39mproperty 'body' must be declared public because it matches a requirement in public protocol 'View'[0;0m
    [0;36m|[0;0m         `- [1;39mnote: [1;39mmark the property as 'public' to satisfy the requirement[0;0m
 [0;36m24 |[0;0m         VStack(alignment: .leading, spacing: 16) {
 [0;36m25 |[0;0m             // Header

/Users/danielstevens/github-projects/tools-automation/MomentumFinance/Shared/Features/Dashboard/InsightsWidget.swift:144:9: [1;31merror: [1;39mproperty 'body' must be declared public because it matches a requirement in public protocol 'View'[0;0m
[0;36m142 |[0;0m     @State private var showDetail = false
[0;36m143 |[0;0m 
[0;36m144 |[0;0m     var body: some View {
    [0;36m|[0;0m         |- [1;31merror: [1;39mproperty 'body' must be declared public because it matches a requirement in public protocol 'View'[0;0m
    [0;36m|[0;0m         `- [1;39mnote: [1;39mmark the property as 'public' to satisfy the requirement[0;0m
[0;36m145 |[0;0m         Button(action: { self.showDetail = true }).accessibilityLabel("Button") {
[0;36m146 |[0;0m             HStack(spacing: 12) {

/Users/danielstevens/github-projects/tools-automation/MomentumFinance/Shared/Features/Dashboard/InsightsWidget.swift:37:28: [1;31merror: [1;39mmissing argument for parameter #1 in call[0;0m
 [0;36m35 |[0;0m                         .scaleEffect(0.8)
 [0;36m36 |[0;0m                 } else if !self.intelligenceService.insights.isEmpty {
 [0;36m37 |[0;0m                     Button(action: { self.showAllInsights = true }).accessibilityLabel("Button") {
    [0;36m|[0;0m                            `- [1;31merror: [1;39mmissing argument for parameter #1 in call[0;0m
 [0;36m38 |[0;0m                         Text("View All")
 [0;36m39 |[0;0m                             .accessibilityLabel("View All Insights")

SwiftUI.Button.init:2:36: [1;39mnote: [1;39m'init(_:action:)' declared here[0;0m
[0;36m1 |[0;0m generic struct Button {
[0;36m2 |[0;0m @preconcurrency nonisolated public init(_ titleKey: LocalizedStringKey, action: @escaping @MainActor () -> Void)}
  [0;36m|[0;0m                                    `- [1;39mnote: [1;39m'init(_:action:)' declared here[0;0m
[0;36m3 |[0;0m 

/Users/danielstevens/github-projects/tools-automation/MomentumFinance/Shared/Features/Dashboard/InsightsWidget.swift:37:98: [1;31merror: [1;39mtype '_' cannot be used as a boolean; test for '!= 0' instead[0;0m
 [0;36m35 |[0;0m                         .scaleEffect(0.8)
 [0;36m36 |[0;0m                 } else if !self.intelligenceService.insights.isEmpty {
 [0;36m37 |[0;0m                     Button(action: { self.showAllInsights = true }).accessibilityLabel("Button") {
    [0;36m|[0;0m                                                                                                  `- [1;31merror: [1;39mtype '_' cannot be used as a boolean; test for '!= 0' instead[0;0m
 [0;36m38 |[0;0m                         Text("View All")
 [0;36m39 |[0;0m                             .accessibilityLabel("View All Insights")

/Users/danielstevens/github-projects/tools-automation/MomentumFinance/Shared/Features/Dashboard/InsightsWidget.swift:125:28: [1;31merror: [1;39mmissing argument for parameter #1 in call[0;0m
[0;36m123 |[0;0m                     Spacer()
[0;36m124 |[0;0m 
[0;36m125 |[0;0m                     Button(action: { self.showAllInsights = true }).accessibilityLabel("Button") {
    [0;36m|[0;0m                            `- [1;31merror: [1;39mmissing argument for parameter #1 in call[0;0m
[0;36m126 |[0;0m                         Text("View All")
[0;36m127 |[0;0m                             .accessibilityLabel("View All Insights")

SwiftUI.Button.init:2:36: [1;39mnote: [1;39m'init(_:action:)' declared here[0;0m
[0;36m1 |[0;0m generic struct Button {
[0;36m2 |[0;0m @preconcurrency nonisolated public init(_ titleKey: LocalizedStringKey, action: @escaping @MainActor () -> Void)}
  [0;36m|[0;0m                                    `- [1;39mnote: [1;39m'init(_:action:)' declared here[0;0m
[0;36m3 |[0;0m 

/Users/danielstevens/github-projects/tools-automation/MomentumFinance/Shared/Features/Dashboard/InsightsWidget.swift:125:98: [1;31merror: [1;39mtype '_' cannot be used as a boolean; test for '!= 0' instead[0;0m
[0;36m123 |[0;0m                     Spacer()
[0;36m124 |[0;0m 
[0;36m125 |[0;0m                     Button(action: { self.showAllInsights = true }).accessibilityLabel("Button") {
    [0;36m|[0;0m                                                                                                  `- [1;31merror: [1;39mtype '_' cannot be used as a boolean; test for '!= 0' instead[0;0m
[0;36m126 |[0;0m                         Text("View All")
[0;36m127 |[0;0m                             .accessibilityLabel("View All Insights")

/Users/danielstevens/github-projects/tools-automation/MomentumFinance/Shared/Features/Dashboard/InsightsWidget.swift:145:16: [1;31merror: [1;39mmissing argument for parameter #1 in call[0;0m
[0;36m143 |[0;0m 
[0;36m144 |[0;0m     var body: some View {
[0;36m145 |[0;0m         Button(action: { self.showDetail = true }).accessibilityLabel("Button") {
    [0;36m|[0;0m                `- [1;31merror: [1;39mmissing argument for parameter #1 in call[0;0m
[0;36m146 |[0;0m             HStack(spacing: 12) {
[0;36m147 |[0;0m                 // Priority indicator

SwiftUI.Button.init:2:36: [1;39mnote: [1;39m'init(_:action:)' declared here[0;0m
[0;36m1 |[0;0m generic struct Button {
[0;36m2 |[0;0m @preconcurrency nonisolated public init(_ titleKey: LocalizedStringKey, action: @escaping @MainActor () -> Void)}
  [0;36m|[0;0m                                    `- [1;39mnote: [1;39m'init(_:action:)' declared here[0;0m
[0;36m3 |[0;0m 

/Users/danielstevens/github-projects/tools-automation/MomentumFinance/Shared/Features/Dashboard/InsightsWidget.swift:145:81: [1;31merror: [1;39mtype '_' cannot be used as a boolean; test for '!= 0' instead[0;0m
[0;36m143 |[0;0m 
[0;36m144 |[0;0m     var body: some View {
[0;36m145 |[0;0m         Button(action: { self.showDetail = true }).accessibilityLabel("Button") {
    [0;36m|[0;0m                                                                                 `- [1;31merror: [1;39mtype '_' cannot be used as a boolean; test for '!= 0' instead[0;0m
[0;36m146 |[0;0m             HStack(spacing: 12) {
[0;36m147 |[0;0m                 // Priority indicator

/Users/danielstevens/github-projects/tools-automation/MomentumFinance/Shared/Features/Dashboard/SimpleDashboardView.swift:33:9: [1;31merror: [1;39mproperty 'body' must be declared public because it matches a requirement in public protocol 'View'[0;0m
 [0;36m31 |[0;0m     #endif
 [0;36m32 |[0;0m 
 [0;36m33 |[0;0m     var body: some View {
    [0;36m|[0;0m         |- [1;31merror: [1;39mproperty 'body' must be declared public because it matches a requirement in public protocol 'View'[0;0m
    [0;36m|[0;0m         `- [1;39mnote: [1;39mmark the property as 'public' to satisfy the requirement[0;0m
 [0;36m34 |[0;0m         NavigationStack {
 [0;36m35 |[0;0m             ScrollView {

/Users/danielstevens/github-projects/tools-automation/MomentumFinance/Shared/Features/GlobalSearch/FeatureGlobalSearchView.swift:169:9: [1;31merror: [1;39mproperty 'body' must be declared public because it matches a requirement in public protocol 'View'[0;0m
[0;36m167 |[0;0m     let result: SearchResult
[0;36m168 |[0;0m 
[0;36m169 |[0;0m     var body: some View {
    [0;36m|[0;0m         |- [1;31merror: [1;39mproperty 'body' must be declared public because it matches a requirement in public protocol 'View'[0;0m
    [0;36m|[0;0m         `- [1;39mnote: [1;39mmark the property as 'public' to satisfy the requirement[0;0m
[0;36m170 |[0;0m         HStack(spacing: 12) {
[0;36m171 |[0;0m             // Icon

/Users/danielstevens/github-projects/tools-automation/MomentumFinance/Shared/Features/GlobalSearch/FeatureGlobalSearchView.swift:232:9: [1;31merror: [1;39mproperty 'body' must be declared public because it matches a requirement in public protocol 'View'[0;0m
[0;36m230 |[0;0m     @Environment(\.dismiss) private var dismiss
[0;36m231 |[0;0m 
[0;36m232 |[0;0m     var body: some View {
    [0;36m|[0;0m         |- [1;31merror: [1;39mproperty 'body' must be declared public because it matches a requirement in public protocol 'View'[0;0m
    [0;36m|[0;0m         `- [1;39mnote: [1;39mmark the property as 'public' to satisfy the requirement[0;0m
[0;36m233 |[0;0m         NavigationView {
[0;36m234 |[0;0m             VStack(spacing: 20) {

/Users/danielstevens/github-projects/tools-automation/MomentumFinance/Shared/Features/GlobalSearch/FeatureGlobalSearchView.swift:309:9: [1;31merror: [1;39mproperty 'body' must be declared public because it matches a requirement in public protocol 'View'[0;0m
[0;36m307 |[0;0m     let value: String
[0;36m308 |[0;0m 
[0;36m309 |[0;0m     var body: some View {
    [0;36m|[0;0m         |- [1;31merror: [1;39mproperty 'body' must be declared public because it matches a requirement in public protocol 'View'[0;0m
    [0;36m|[0;0m         `- [1;39mnote: [1;39mmark the property as 'public' to satisfy the requirement[0;0m
[0;36m310 |[0;0m         VStack(alignment: .leading, spacing: 4) {
[0;36m311 |[0;0m             Text(self.label)

/Users/danielstevens/github-projects/tools-automation/MomentumFinance/Shared/Features/GlobalSearch/FeatureGlobalSearchView.swift:68:26: [1;31merror: [1;39mtrailing closure passed to parameter of type 'Visibility' that does not accept a closure[0;0m
 [0;36m66 |[0;0m                 .navigationBarTitleDisplayMode(.inline)
 [0;36m67 |[0;0m             #endif
 [0;36m68 |[0;0m                 .toolbar [4;39m{[0;0m
    [0;36m|[0;0m                          `- [1;31merror: [1;39mtrailing closure passed to parameter of type 'Visibility' that does not accept a closure[0;0m
 [0;36m69 |[0;0m                     ToolbarItem(placement: .cancellationAction) {
 [0;36m70 |[0;0m                         Button("Cancel").accessibilityLabel("Button") {

SwiftUI.View.toolbar:6:27: [1;39mnote: [1;39m'toolbar(_:for:)' declared here[0;0m
[0;36m4 |[0;0m   @available(tvOS, introduced: 16.0, deprecated: 100000.0, renamed: "toolbarVisibility(_:for:)")
[0;36m5 |[0;0m   @available(watchOS, introduced: 9.0, deprecated: 100000.0, renamed: "toolbarVisibility(_:for:)")
[0;36m6 |[0;0m   nonisolated public func toolbar(_ visibility: Visibility, for bars: ToolbarPlacement...) -> some View
  [0;36m|[0;0m                           `- [1;39mnote: [1;39m'toolbar(_:for:)' declared here[0;0m
[0;36m7 |[0;0m   }
[0;36m8 |[0;0m 

/Users/danielstevens/github-projects/tools-automation/MomentumFinance/Shared/Features/GlobalSearch/FeatureGlobalSearchView.swift:279:26: [1;31merror: [1;39mtrailing closure passed to parameter of type 'Visibility' that does not accept a closure[0;0m
[0;36m277 |[0;0m                 .navigationBarTitleDisplayMode(.inline)
[0;36m278 |[0;0m             #endif
[0;36m279 |[0;0m                 .toolbar [4;39m{[0;0m
    [0;36m|[0;0m                          `- [1;31merror: [1;39mtrailing closure passed to parameter of type 'Visibility' that does not accept a closure[0;0m
[0;36m280 |[0;0m                     ToolbarItem(placement: .cancellationAction) {
[0;36m281 |[0;0m                         Button("Done").accessibilityLabel("Button") {

SwiftUI.View.toolbar:6:27: [1;39mnote: [1;39m'toolbar(_:for:)' declared here[0;0m
[0;36m4 |[0;0m   @available(tvOS, introduced: 16.0, deprecated: 100000.0, renamed: "toolbarVisibility(_:for:)")
[0;36m5 |[0;0m   @available(watchOS, introduced: 9.0, deprecated: 100000.0, renamed: "toolbarVisibility(_:for:)")
[0;36m6 |[0;0m   nonisolated public func toolbar(_ visibility: Visibility, for bars: ToolbarPlacement...) -> some View
  [0;36m|[0;0m                           `- [1;39mnote: [1;39m'toolbar(_:for:)' declared here[0;0m
[0;36m7 |[0;0m   }
[0;36m8 |[0;0m 
[36/148] Compiling Shared EnhancedDashboardView.swift
/Users/danielstevens/github-projects/tools-automation/MomentumFinance/Shared/Features/Dashboard/DashboardUpcomingSubscriptions.swift:44:68: [1;31merror: [1;39mvalue of type 'Subscription' has no member 'icon'[0;0m
 [0;36m42 |[0;0m                                         .frame(width: 36, height: 36)
 [0;36m43 |[0;0m 
 [0;36m44 |[0;0m                                     Image(systemName: [4;39msubscription[0;0m.[4;39micon[0;0m)
    [0;36m|[0;0m                                                                    `- [1;31merror: [1;39mvalue of type 'Subscription' has no member 'icon'[0;0m
 [0;36m45 |[0;0m                                         .font(.caption)
 [0;36m46 |[0;0m                                         .foregroundStyle(.white)

/Users/danielstevens/github-projects/tools-automation/MomentumFinance/Shared/Features/Dashboard/DashboardView.swift:51:26: [1;31merror: [1;39mcannot convert value of type 'String' to specified type 'Int'[0;0m
 [0;36m49 |[0;0m         @MainActor
 [0;36m50 |[0;0m         private func loadData() {
 [0;36m51 |[0;0m             var x: Int = [4;39m"string"[0;0m  // DEBUG
    [0;36m|[0;0m                          `- [1;31merror: [1;39mcannot convert value of type 'String' to specified type 'Int'[0;0m
 [0;36m52 |[0;0m             do {
 [0;36m53 |[0;0m                 let accountDescriptor = FetchDescriptor<FinancialAccount>()

/Users/danielstevens/github-projects/tools-automation/MomentumFinance/Shared/Features/Dashboard/DashboardView.swift:84:72: [1;31merror: [1;39mcannot convert value of type 'UUID' to expected argument type 'String'[0;0m
 [0;36m82 |[0;0m                             onAccountTap: { (accountId: UUID) in
 [0;36m83 |[0;0m                                 self.navigationPath.append(
 [0;36m84 |[0;0m                                     DashboardDestination.accountDetail(accountId)
    [0;36m|[0;0m                                                                        `- [1;31merror: [1;39mcannot convert value of type 'UUID' to expected argument type 'String'[0;0m
 [0;36m85 |[0;0m                                 )
 [0;36m86 |[0;0m                             },

/Users/danielstevens/github-projects/tools-automation/MomentumFinance/Shared/Features/Dashboard/InsightsSummaryWidget.swift:41:9: [1;31merror: [1;39mproperty 'body' must be declared public because it matches a requirement in public protocol 'View'[0;0m
 [0;36m39 |[0;0m     @State private var isLoading = true
 [0;36m40 |[0;0m 
 [0;36m41 |[0;0m     var body: some View {
    [0;36m|[0;0m         |- [1;31merror: [1;39mproperty 'body' must be declared public because it matches a requirement in public protocol 'View'[0;0m
    [0;36m|[0;0m         `- [1;39mnote: [1;39mmark the property as 'public' to satisfy the requirement[0;0m
 [0;36m42 |[0;0m         VStack(alignment: .leading, spacing: 10) {
 [0;36m43 |[0;0m             HStack {

/Users/danielstevens/github-projects/tools-automation/MomentumFinance/Shared/Features/Dashboard/InsightsView.swift:20:9: [1;31merror: [1;39mproperty 'body' must be declared public because it matches a requirement in public protocol 'View'[0;0m
 [0;36m18 |[0;0m     @State private var filterType: InsightType?
 [0;36m19 |[0;0m 
 [0;36m20 |[0;0m     var body: some View {
    [0;36m|[0;0m         |- [1;31merror: [1;39mproperty 'body' must be declared public because it matches a requirement in public protocol 'View'[0;0m
    [0;36m|[0;0m         `- [1;39mnote: [1;39mmark the property as 'public' to satisfy the requirement[0;0m
 [0;36m21 |[0;0m         Group {
 [0;36m22 |[0;0m             #if os(macOS)

/Users/danielstevens/github-projects/tools-automation/MomentumFinance/Shared/Features/Dashboard/InsightsView.swift:26:25: [1;31merror: [1;39mcannot find 'InsightsFilterBar' in scope[0;0m
 [0;36m24 |[0;0m                     VStack(spacing: 0) {
 [0;36m25 |[0;0m                         // Filter Bar
 [0;36m26 |[0;0m                         [4;39mInsightsFilterBar[0;0m(
    [0;36m|[0;0m                         `- [1;31merror: [1;39mcannot find 'InsightsFilterBar' in scope[0;0m
 [0;36m27 |[0;0m                             filterPriority: self.$filterPriority,
 [0;36m28 |[0;0m                             filterType: self.$filterType

/Users/danielstevens/github-projects/tools-automation/MomentumFinance/Shared/Features/Dashboard/InsightsView.swift:35:30: [1;31merror: [1;39mtrailing closure passed to parameter of type 'Visibility' that does not accept a closure[0;0m
 [0;36m33 |[0;0m                     }
 [0;36m34 |[0;0m                     .navigationTitle("Financial Insights")
 [0;36m35 |[0;0m                     .toolbar [4;39m{[0;0m
    [0;36m|[0;0m                              `- [1;31merror: [1;39mtrailing closure passed to parameter of type 'Visibility' that does not accept a closure[0;0m
 [0;36m36 |[0;0m                         ToolbarItem(placement: .navigation) {
 [0;36m37 |[0;0m                             Button("Refresh").accessibilityLabel("Button").accessibilityLabel("Button") {

SwiftUI.View.toolbar:6:27: [1;39mnote: [1;39m'toolbar(_:for:)' declared here[0;0m
[0;36m4 |[0;0m   @available(tvOS, introduced: 16.0, deprecated: 100000.0, renamed: "toolbarVisibility(_:for:)")
[0;36m5 |[0;0m   @available(watchOS, introduced: 9.0, deprecated: 100000.0, renamed: "toolbarVisibility(_:for:)")
[0;36m6 |[0;0m   nonisolated public func toolbar(_ visibility: Visibility, for bars: ToolbarPlacement...) -> some View
  [0;36m|[0;0m                           `- [1;39mnote: [1;39m'toolbar(_:for:)' declared here[0;0m
[0;36m7 |[0;0m   }
[0;36m8 |[0;0m 

/Users/danielstevens/github-projects/tools-automation/MomentumFinance/Shared/Features/Dashboard/InsightsWidget.swift:23:9: [1;31merror: [1;39mproperty 'body' must be declared public because it matches a requirement in public protocol 'View'[0;0m
 [0;36m21 |[0;0m     }
 [0;36m22 |[0;0m 
 [0;36m23 |[0;0m     var body: some View {
    [0;36m|[0;0m         |- [1;31merror: [1;39mproperty 'body' must be declared public because it matches a requirement in public protocol 'View'[0;0m
    [0;36m|[0;0m         `- [1;39mnote: [1;39mmark the property as 'public' to satisfy the requirement[0;0m
 [0;36m24 |[0;0m         VStack(alignment: .leading, spacing: 16) {
 [0;36m25 |[0;0m             // Header

/Users/danielstevens/github-projects/tools-automation/MomentumFinance/Shared/Features/Dashboard/InsightsWidget.swift:144:9: [1;31merror: [1;39mproperty 'body' must be declared public because it matches a requirement in public protocol 'View'[0;0m
[0;36m142 |[0;0m     @State private var showDetail = false
[0;36m143 |[0;0m 
[0;36m144 |[0;0m     var body: some View {
    [0;36m|[0;0m         |- [1;31merror: [1;39mproperty 'body' must be declared public because it matches a requirement in public protocol 'View'[0;0m
    [0;36m|[0;0m         `- [1;39mnote: [1;39mmark the property as 'public' to satisfy the requirement[0;0m
[0;36m145 |[0;0m         Button(action: { self.showDetail = true }).accessibilityLabel("Button") {
[0;36m146 |[0;0m             HStack(spacing: 12) {

/Users/danielstevens/github-projects/tools-automation/MomentumFinance/Shared/Features/Dashboard/InsightsWidget.swift:37:28: [1;31merror: [1;39mmissing argument for parameter #1 in call[0;0m
 [0;36m35 |[0;0m                         .scaleEffect(0.8)
 [0;36m36 |[0;0m                 } else if !self.intelligenceService.insights.isEmpty {
 [0;36m37 |[0;0m                     Button(action: { self.showAllInsights = true }).accessibilityLabel("Button") {
    [0;36m|[0;0m                            `- [1;31merror: [1;39mmissing argument for parameter #1 in call[0;0m
 [0;36m38 |[0;0m                         Text("View All")
 [0;36m39 |[0;0m                             .accessibilityLabel("View All Insights")

SwiftUI.Button.init:2:36: [1;39mnote: [1;39m'init(_:action:)' declared here[0;0m
[0;36m1 |[0;0m generic struct Button {
[0;36m2 |[0;0m @preconcurrency nonisolated public init(_ titleKey: LocalizedStringKey, action: @escaping @MainActor () -> Void)}
  [0;36m|[0;0m                                    `- [1;39mnote: [1;39m'init(_:action:)' declared here[0;0m
[0;36m3 |[0;0m 

/Users/danielstevens/github-projects/tools-automation/MomentumFinance/Shared/Features/Dashboard/InsightsWidget.swift:37:98: [1;31merror: [1;39mtype '_' cannot be used as a boolean; test for '!= 0' instead[0;0m
 [0;36m35 |[0;0m                         .scaleEffect(0.8)
 [0;36m36 |[0;0m                 } else if !self.intelligenceService.insights.isEmpty {
 [0;36m37 |[0;0m                     Button(action: { self.showAllInsights = true }).accessibilityLabel("Button") {
    [0;36m|[0;0m                                                                                                  `- [1;31merror: [1;39mtype '_' cannot be used as a boolean; test for '!= 0' instead[0;0m
 [0;36m38 |[0;0m                         Text("View All")
 [0;36m39 |[0;0m                             .accessibilityLabel("View All Insights")

/Users/danielstevens/github-projects/tools-automation/MomentumFinance/Shared/Features/Dashboard/InsightsWidget.swift:125:28: [1;31merror: [1;39mmissing argument for parameter #1 in call[0;0m
[0;36m123 |[0;0m                     Spacer()
[0;36m124 |[0;0m 
[0;36m125 |[0;0m                     Button(action: { self.showAllInsights = true }).accessibilityLabel("Button") {
    [0;36m|[0;0m                            `- [1;31merror: [1;39mmissing argument for parameter #1 in call[0;0m
[0;36m126 |[0;0m                         Text("View All")
[0;36m127 |[0;0m                             .accessibilityLabel("View All Insights")

SwiftUI.Button.init:2:36: [1;39mnote: [1;39m'init(_:action:)' declared here[0;0m
[0;36m1 |[0;0m generic struct Button {
[0;36m2 |[0;0m @preconcurrency nonisolated public init(_ titleKey: LocalizedStringKey, action: @escaping @MainActor () -> Void)}
  [0;36m|[0;0m                                    `- [1;39mnote: [1;39m'init(_:action:)' declared here[0;0m
[0;36m3 |[0;0m 

/Users/danielstevens/github-projects/tools-automation/MomentumFinance/Shared/Features/Dashboard/InsightsWidget.swift:125:98: [1;31merror: [1;39mtype '_' cannot be used as a boolean; test for '!= 0' instead[0;0m
[0;36m123 |[0;0m                     Spacer()
[0;36m124 |[0;0m 
[0;36m125 |[0;0m                     Button(action: { self.showAllInsights = true }).accessibilityLabel("Button") {
    [0;36m|[0;0m                                                                                                  `- [1;31merror: [1;39mtype '_' cannot be used as a boolean; test for '!= 0' instead[0;0m
[0;36m126 |[0;0m                         Text("View All")
[0;36m127 |[0;0m                             .accessibilityLabel("View All Insights")

/Users/danielstevens/github-projects/tools-automation/MomentumFinance/Shared/Features/Dashboard/InsightsWidget.swift:145:16: [1;31merror: [1;39mmissing argument for parameter #1 in call[0;0m
[0;36m143 |[0;0m 
[0;36m144 |[0;0m     var body: some View {
[0;36m145 |[0;0m         Button(action: { self.showDetail = true }).accessibilityLabel("Button") {
    [0;36m|[0;0m                `- [1;31merror: [1;39mmissing argument for parameter #1 in call[0;0m
[0;36m146 |[0;0m             HStack(spacing: 12) {
[0;36m147 |[0;0m                 // Priority indicator

SwiftUI.Button.init:2:36: [1;39mnote: [1;39m'init(_:action:)' declared here[0;0m
[0;36m1 |[0;0m generic struct Button {
[0;36m2 |[0;0m @preconcurrency nonisolated public init(_ titleKey: LocalizedStringKey, action: @escaping @MainActor () -> Void)}
  [0;36m|[0;0m                                    `- [1;39mnote: [1;39m'init(_:action:)' declared here[0;0m
[0;36m3 |[0;0m 

/Users/danielstevens/github-projects/tools-automation/MomentumFinance/Shared/Features/Dashboard/InsightsWidget.swift:145:81: [1;31merror: [1;39mtype '_' cannot be used as a boolean; test for '!= 0' instead[0;0m
[0;36m143 |[0;0m 
[0;36m144 |[0;0m     var body: some View {
[0;36m145 |[0;0m         Button(action: { self.showDetail = true }).accessibilityLabel("Button") {
    [0;36m|[0;0m                                                                                 `- [1;31merror: [1;39mtype '_' cannot be used as a boolean; test for '!= 0' instead[0;0m
[0;36m146 |[0;0m             HStack(spacing: 12) {
[0;36m147 |[0;0m                 // Priority indicator

/Users/danielstevens/github-projects/tools-automation/MomentumFinance/Shared/Features/Dashboard/SimpleDashboardView.swift:33:9: [1;31merror: [1;39mproperty 'body' must be declared public because it matches a requirement in public protocol 'View'[0;0m
 [0;36m31 |[0;0m     #endif
 [0;36m32 |[0;0m 
 [0;36m33 |[0;0m     var body: some View {
    [0;36m|[0;0m         |- [1;31merror: [1;39mproperty 'body' must be declared public because it matches a requirement in public protocol 'View'[0;0m
    [0;36m|[0;0m         `- [1;39mnote: [1;39mmark the property as 'public' to satisfy the requirement[0;0m
 [0;36m34 |[0;0m         NavigationStack {
 [0;36m35 |[0;0m             ScrollView {

/Users/danielstevens/github-projects/tools-automation/MomentumFinance/Shared/Features/GlobalSearch/FeatureGlobalSearchView.swift:169:9: [1;31merror: [1;39mproperty 'body' must be declared public because it matches a requirement in public protocol 'View'[0;0m
[0;36m167 |[0;0m     let result: SearchResult
[0;36m168 |[0;0m 
[0;36m169 |[0;0m     var body: some View {
    [0;36m|[0;0m         |- [1;31merror: [1;39mproperty 'body' must be declared public because it matches a requirement in public protocol 'View'[0;0m
    [0;36m|[0;0m         `- [1;39mnote: [1;39mmark the property as 'public' to satisfy the requirement[0;0m
[0;36m170 |[0;0m         HStack(spacing: 12) {
[0;36m171 |[0;0m             // Icon

/Users/danielstevens/github-projects/tools-automation/MomentumFinance/Shared/Features/GlobalSearch/FeatureGlobalSearchView.swift:232:9: [1;31merror: [1;39mproperty 'body' must be declared public because it matches a requirement in public protocol 'View'[0;0m
[0;36m230 |[0;0m     @Environment(\.dismiss) private var dismiss
[0;36m231 |[0;0m 
[0;36m232 |[0;0m     var body: some View {
    [0;36m|[0;0m         |- [1;31merror: [1;39mproperty 'body' must be declared public because it matches a requirement in public protocol 'View'[0;0m
    [0;36m|[0;0m         `- [1;39mnote: [1;39mmark the property as 'public' to satisfy the requirement[0;0m
[0;36m233 |[0;0m         NavigationView {
[0;36m234 |[0;0m             VStack(spacing: 20) {

/Users/danielstevens/github-projects/tools-automation/MomentumFinance/Shared/Features/GlobalSearch/FeatureGlobalSearchView.swift:309:9: [1;31merror: [1;39mproperty 'body' must be declared public because it matches a requirement in public protocol 'View'[0;0m
[0;36m307 |[0;0m     let value: String
[0;36m308 |[0;0m 
[0;36m309 |[0;0m     var body: some View {
    [0;36m|[0;0m         |- [1;31merror: [1;39mproperty 'body' must be declared public because it matches a requirement in public protocol 'View'[0;0m
    [0;36m|[0;0m         `- [1;39mnote: [1;39mmark the property as 'public' to satisfy the requirement[0;0m
[0;36m310 |[0;0m         VStack(alignment: .leading, spacing: 4) {
[0;36m311 |[0;0m             Text(self.label)

/Users/danielstevens/github-projects/tools-automation/MomentumFinance/Shared/Features/GlobalSearch/FeatureGlobalSearchView.swift:68:26: [1;31merror: [1;39mtrailing closure passed to parameter of type 'Visibility' that does not accept a closure[0;0m
 [0;36m66 |[0;0m                 .navigationBarTitleDisplayMode(.inline)
 [0;36m67 |[0;0m             #endif
 [0;36m68 |[0;0m                 .toolbar [4;39m{[0;0m
    [0;36m|[0;0m                          `- [1;31merror: [1;39mtrailing closure passed to parameter of type 'Visibility' that does not accept a closure[0;0m
 [0;36m69 |[0;0m                     ToolbarItem(placement: .cancellationAction) {
 [0;36m70 |[0;0m                         Button("Cancel").accessibilityLabel("Button") {

SwiftUI.View.toolbar:6:27: [1;39mnote: [1;39m'toolbar(_:for:)' declared here[0;0m
[0;36m4 |[0;0m   @available(tvOS, introduced: 16.0, deprecated: 100000.0, renamed: "toolbarVisibility(_:for:)")
[0;36m5 |[0;0m   @available(watchOS, introduced: 9.0, deprecated: 100000.0, renamed: "toolbarVisibility(_:for:)")
[0;36m6 |[0;0m   nonisolated public func toolbar(_ visibility: Visibility, for bars: ToolbarPlacement...) -> some View
  [0;36m|[0;0m                           `- [1;39mnote: [1;39m'toolbar(_:for:)' declared here[0;0m
[0;36m7 |[0;0m   }
[0;36m8 |[0;0m 

/Users/danielstevens/github-projects/tools-automation/MomentumFinance/Shared/Features/GlobalSearch/FeatureGlobalSearchView.swift:279:26: [1;31merror: [1;39mtrailing closure passed to parameter of type 'Visibility' that does not accept a closure[0;0m
[0;36m277 |[0;0m                 .navigationBarTitleDisplayMode(.inline)
[0;36m278 |[0;0m             #endif
[0;36m279 |[0;0m                 .toolbar [4;39m{[0;0m
    [0;36m|[0;0m                          `- [1;31merror: [1;39mtrailing closure passed to parameter of type 'Visibility' that does not accept a closure[0;0m
[0;36m280 |[0;0m                     ToolbarItem(placement: .cancellationAction) {
[0;36m281 |[0;0m                         Button("Done").accessibilityLabel("Button") {

SwiftUI.View.toolbar:6:27: [1;39mnote: [1;39m'toolbar(_:for:)' declared here[0;0m
[0;36m4 |[0;0m   @available(tvOS, introduced: 16.0, deprecated: 100000.0, renamed: "toolbarVisibility(_:for:)")
[0;36m5 |[0;0m   @available(watchOS, introduced: 9.0, deprecated: 100000.0, renamed: "toolbarVisibility(_:for:)")
[0;36m6 |[0;0m   nonisolated public func toolbar(_ visibility: Visibility, for bars: ToolbarPlacement...) -> some View
  [0;36m|[0;0m                           `- [1;39mnote: [1;39m'toolbar(_:for:)' declared here[0;0m
[0;36m7 |[0;0m   }
[0;36m8 |[0;0m 
[37/148] Compiling Shared InsightDetailView.swift
/Users/danielstevens/github-projects/tools-automation/MomentumFinance/Shared/Features/Dashboard/DashboardUpcomingSubscriptions.swift:44:68: [1;31merror: [1;39mvalue of type 'Subscription' has no member 'icon'[0;0m
 [0;36m42 |[0;0m                                         .frame(width: 36, height: 36)
 [0;36m43 |[0;0m 
 [0;36m44 |[0;0m                                     Image(systemName: [4;39msubscription[0;0m.[4;39micon[0;0m)
    [0;36m|[0;0m                                                                    `- [1;31merror: [1;39mvalue of type 'Subscription' has no member 'icon'[0;0m
 [0;36m45 |[0;0m                                         .font(.caption)
 [0;36m46 |[0;0m                                         .foregroundStyle(.white)

/Users/danielstevens/github-projects/tools-automation/MomentumFinance/Shared/Features/Dashboard/DashboardView.swift:51:26: [1;31merror: [1;39mcannot convert value of type 'String' to specified type 'Int'[0;0m
 [0;36m49 |[0;0m         @MainActor
 [0;36m50 |[0;0m         private func loadData() {
 [0;36m51 |[0;0m             var x: Int = [4;39m"string"[0;0m  // DEBUG
    [0;36m|[0;0m                          `- [1;31merror: [1;39mcannot convert value of type 'String' to specified type 'Int'[0;0m
 [0;36m52 |[0;0m             do {
 [0;36m53 |[0;0m                 let accountDescriptor = FetchDescriptor<FinancialAccount>()

/Users/danielstevens/github-projects/tools-automation/MomentumFinance/Shared/Features/Dashboard/DashboardView.swift:84:72: [1;31merror: [1;39mcannot convert value of type 'UUID' to expected argument type 'String'[0;0m
 [0;36m82 |[0;0m                             onAccountTap: { (accountId: UUID) in
 [0;36m83 |[0;0m                                 self.navigationPath.append(
 [0;36m84 |[0;0m                                     DashboardDestination.accountDetail(accountId)
    [0;36m|[0;0m                                                                        `- [1;31merror: [1;39mcannot convert value of type 'UUID' to expected argument type 'String'[0;0m
 [0;36m85 |[0;0m                                 )
 [0;36m86 |[0;0m                             },

/Users/danielstevens/github-projects/tools-automation/MomentumFinance/Shared/Features/Dashboard/InsightsSummaryWidget.swift:41:9: [1;31merror: [1;39mproperty 'body' must be declared public because it matches a requirement in public protocol 'View'[0;0m
 [0;36m39 |[0;0m     @State private var isLoading = true
 [0;36m40 |[0;0m 
 [0;36m41 |[0;0m     var body: some View {
    [0;36m|[0;0m         |- [1;31merror: [1;39mproperty 'body' must be declared public because it matches a requirement in public protocol 'View'[0;0m
    [0;36m|[0;0m         `- [1;39mnote: [1;39mmark the property as 'public' to satisfy the requirement[0;0m
 [0;36m42 |[0;0m         VStack(alignment: .leading, spacing: 10) {
 [0;36m43 |[0;0m             HStack {

/Users/danielstevens/github-projects/tools-automation/MomentumFinance/Shared/Features/Dashboard/InsightsView.swift:20:9: [1;31merror: [1;39mproperty 'body' must be declared public because it matches a requirement in public protocol 'View'[0;0m
 [0;36m18 |[0;0m     @State private var filterType: InsightType?
 [0;36m19 |[0;0m 
 [0;36m20 |[0;0m     var body: some View {
    [0;36m|[0;0m         |- [1;31merror: [1;39mproperty 'body' must be declared public because it matches a requirement in public protocol 'View'[0;0m
    [0;36m|[0;0m         `- [1;39mnote: [1;39mmark the property as 'public' to satisfy the requirement[0;0m
 [0;36m21 |[0;0m         Group {
 [0;36m22 |[0;0m             #if os(macOS)

/Users/danielstevens/github-projects/tools-automation/MomentumFinance/Shared/Features/Dashboard/InsightsView.swift:26:25: [1;31merror: [1;39mcannot find 'InsightsFilterBar' in scope[0;0m
 [0;36m24 |[0;0m                     VStack(spacing: 0) {
 [0;36m25 |[0;0m                         // Filter Bar
 [0;36m26 |[0;0m                         [4;39mInsightsFilterBar[0;0m(
    [0;36m|[0;0m                         `- [1;31merror: [1;39mcannot find 'InsightsFilterBar' in scope[0;0m
 [0;36m27 |[0;0m                             filterPriority: self.$filterPriority,
 [0;36m28 |[0;0m                             filterType: self.$filterType

/Users/danielstevens/github-projects/tools-automation/MomentumFinance/Shared/Features/Dashboard/InsightsView.swift:35:30: [1;31merror: [1;39mtrailing closure passed to parameter of type 'Visibility' that does not accept a closure[0;0m
 [0;36m33 |[0;0m                     }
 [0;36m34 |[0;0m                     .navigationTitle("Financial Insights")
 [0;36m35 |[0;0m                     .toolbar [4;39m{[0;0m
    [0;36m|[0;0m                              `- [1;31merror: [1;39mtrailing closure passed to parameter of type 'Visibility' that does not accept a closure[0;0m
 [0;36m36 |[0;0m                         ToolbarItem(placement: .navigation) {
 [0;36m37 |[0;0m                             Button("Refresh").accessibilityLabel("Button").accessibilityLabel("Button") {

SwiftUI.View.toolbar:6:27: [1;39mnote: [1;39m'toolbar(_:for:)' declared here[0;0m
[0;36m4 |[0;0m   @available(tvOS, introduced: 16.0, deprecated: 100000.0, renamed: "toolbarVisibility(_:for:)")
[0;36m5 |[0;0m   @available(watchOS, introduced: 9.0, deprecated: 100000.0, renamed: "toolbarVisibility(_:for:)")
[0;36m6 |[0;0m   nonisolated public func toolbar(_ visibility: Visibility, for bars: ToolbarPlacement...) -> some View
  [0;36m|[0;0m                           `- [1;39mnote: [1;39m'toolbar(_:for:)' declared here[0;0m
[0;36m7 |[0;0m   }
[0;36m8 |[0;0m 

/Users/danielstevens/github-projects/tools-automation/MomentumFinance/Shared/Features/Dashboard/InsightsWidget.swift:23:9: [1;31merror: [1;39mproperty 'body' must be declared public because it matches a requirement in public protocol 'View'[0;0m
 [0;36m21 |[0;0m     }
 [0;36m22 |[0;0m 
 [0;36m23 |[0;0m     var body: some View {
    [0;36m|[0;0m         |- [1;31merror: [1;39mproperty 'body' must be declared public because it matches a requirement in public protocol 'View'[0;0m
    [0;36m|[0;0m         `- [1;39mnote: [1;39mmark the property as 'public' to satisfy the requirement[0;0m
 [0;36m24 |[0;0m         VStack(alignment: .leading, spacing: 16) {
 [0;36m25 |[0;0m             // Header

/Users/danielstevens/github-projects/tools-automation/MomentumFinance/Shared/Features/Dashboard/InsightsWidget.swift:144:9: [1;31merror: [1;39mproperty 'body' must be declared public because it matches a requirement in public protocol 'View'[0;0m
[0;36m142 |[0;0m     @State private var showDetail = false
[0;36m143 |[0;0m 
[0;36m144 |[0;0m     var body: some View {
    [0;36m|[0;0m         |- [1;31merror: [1;39mproperty 'body' must be declared public because it matches a requirement in public protocol 'View'[0;0m
    [0;36m|[0;0m         `- [1;39mnote: [1;39mmark the property as 'public' to satisfy the requirement[0;0m
[0;36m145 |[0;0m         Button(action: { self.showDetail = true }).accessibilityLabel("Button") {
[0;36m146 |[0;0m             HStack(spacing: 12) {

/Users/danielstevens/github-projects/tools-automation/MomentumFinance/Shared/Features/Dashboard/InsightsWidget.swift:37:28: [1;31merror: [1;39mmissing argument for parameter #1 in call[0;0m
 [0;36m35 |[0;0m                         .scaleEffect(0.8)
 [0;36m36 |[0;0m                 } else if !self.intelligenceService.insights.isEmpty {
 [0;36m37 |[0;0m                     Button(action: { self.showAllInsights = true }).accessibilityLabel("Button") {
    [0;36m|[0;0m                            `- [1;31merror: [1;39mmissing argument for parameter #1 in call[0;0m
 [0;36m38 |[0;0m                         Text("View All")
 [0;36m39 |[0;0m                             .accessibilityLabel("View All Insights")

SwiftUI.Button.init:2:36: [1;39mnote: [1;39m'init(_:action:)' declared here[0;0m
[0;36m1 |[0;0m generic struct Button {
[0;36m2 |[0;0m @preconcurrency nonisolated public init(_ titleKey: LocalizedStringKey, action: @escaping @MainActor () -> Void)}
  [0;36m|[0;0m                                    `- [1;39mnote: [1;39m'init(_:action:)' declared here[0;0m
[0;36m3 |[0;0m 

/Users/danielstevens/github-projects/tools-automation/MomentumFinance/Shared/Features/Dashboard/InsightsWidget.swift:37:98: [1;31merror: [1;39mtype '_' cannot be used as a boolean; test for '!= 0' instead[0;0m
 [0;36m35 |[0;0m                         .scaleEffect(0.8)
 [0;36m36 |[0;0m                 } else if !self.intelligenceService.insights.isEmpty {
 [0;36m37 |[0;0m                     Button(action: { self.showAllInsights = true }).accessibilityLabel("Button") {
    [0;36m|[0;0m                                                                                                  `- [1;31merror: [1;39mtype '_' cannot be used as a boolean; test for '!= 0' instead[0;0m
 [0;36m38 |[0;0m                         Text("View All")
 [0;36m39 |[0;0m                             .accessibilityLabel("View All Insights")

/Users/danielstevens/github-projects/tools-automation/MomentumFinance/Shared/Features/Dashboard/InsightsWidget.swift:125:28: [1;31merror: [1;39mmissing argument for parameter #1 in call[0;0m
[0;36m123 |[0;0m                     Spacer()
[0;36m124 |[0;0m 
[0;36m125 |[0;0m                     Button(action: { self.showAllInsights = true }).accessibilityLabel("Button") {
    [0;36m|[0;0m                            `- [1;31merror: [1;39mmissing argument for parameter #1 in call[0;0m
[0;36m126 |[0;0m                         Text("View All")
[0;36m127 |[0;0m                             .accessibilityLabel("View All Insights")

SwiftUI.Button.init:2:36: [1;39mnote: [1;39m'init(_:action:)' declared here[0;0m
[0;36m1 |[0;0m generic struct Button {
[0;36m2 |[0;0m @preconcurrency nonisolated public init(_ titleKey: LocalizedStringKey, action: @escaping @MainActor () -> Void)}
  [0;36m|[0;0m                                    `- [1;39mnote: [1;39m'init(_:action:)' declared here[0;0m
[0;36m3 |[0;0m 

/Users/danielstevens/github-projects/tools-automation/MomentumFinance/Shared/Features/Dashboard/InsightsWidget.swift:125:98: [1;31merror: [1;39mtype '_' cannot be used as a boolean; test for '!= 0' instead[0;0m
[0;36m123 |[0;0m                     Spacer()
[0;36m124 |[0;0m 
[0;36m125 |[0;0m                     Button(action: { self.showAllInsights = true }).accessibilityLabel("Button") {
    [0;36m|[0;0m                                                                                                  `- [1;31merror: [1;39mtype '_' cannot be used as a boolean; test for '!= 0' instead[0;0m
[0;36m126 |[0;0m                         Text("View All")
[0;36m127 |[0;0m                             .accessibilityLabel("View All Insights")

/Users/danielstevens/github-projects/tools-automation/MomentumFinance/Shared/Features/Dashboard/InsightsWidget.swift:145:16: [1;31merror: [1;39mmissing argument for parameter #1 in call[0;0m
[0;36m143 |[0;0m 
[0;36m144 |[0;0m     var body: some View {
[0;36m145 |[0;0m         Button(action: { self.showDetail = true }).accessibilityLabel("Button") {
    [0;36m|[0;0m                `- [1;31merror: [1;39mmissing argument for parameter #1 in call[0;0m
[0;36m146 |[0;0m             HStack(spacing: 12) {
[0;36m147 |[0;0m                 // Priority indicator

SwiftUI.Button.init:2:36: [1;39mnote: [1;39m'init(_:action:)' declared here[0;0m
[0;36m1 |[0;0m generic struct Button {
[0;36m2 |[0;0m @preconcurrency nonisolated public init(_ titleKey: LocalizedStringKey, action: @escaping @MainActor () -> Void)}
  [0;36m|[0;0m                                    `- [1;39mnote: [1;39m'init(_:action:)' declared here[0;0m
[0;36m3 |[0;0m 

/Users/danielstevens/github-projects/tools-automation/MomentumFinance/Shared/Features/Dashboard/InsightsWidget.swift:145:81: [1;31merror: [1;39mtype '_' cannot be used as a boolean; test for '!= 0' instead[0;0m
[0;36m143 |[0;0m 
[0;36m144 |[0;0m     var body: some View {
[0;36m145 |[0;0m         Button(action: { self.showDetail = true }).accessibilityLabel("Button") {
    [0;36m|[0;0m                                                                                 `- [1;31merror: [1;39mtype '_' cannot be used as a boolean; test for '!= 0' instead[0;0m
[0;36m146 |[0;0m             HStack(spacing: 12) {
[0;36m147 |[0;0m                 // Priority indicator

/Users/danielstevens/github-projects/tools-automation/MomentumFinance/Shared/Features/Dashboard/SimpleDashboardView.swift:33:9: [1;31merror: [1;39mproperty 'body' must be declared public because it matches a requirement in public protocol 'View'[0;0m
 [0;36m31 |[0;0m     #endif
 [0;36m32 |[0;0m 
 [0;36m33 |[0;0m     var body: some View {
    [0;36m|[0;0m         |- [1;31merror: [1;39mproperty 'body' must be declared public because it matches a requirement in public protocol 'View'[0;0m
    [0;36m|[0;0m         `- [1;39mnote: [1;39mmark the property as 'public' to satisfy the requirement[0;0m
 [0;36m34 |[0;0m         NavigationStack {
 [0;36m35 |[0;0m             ScrollView {

/Users/danielstevens/github-projects/tools-automation/MomentumFinance/Shared/Features/GlobalSearch/FeatureGlobalSearchView.swift:169:9: [1;31merror: [1;39mproperty 'body' must be declared public because it matches a requirement in public protocol 'View'[0;0m
[0;36m167 |[0;0m     let result: SearchResult
[0;36m168 |[0;0m 
[0;36m169 |[0;0m     var body: some View {
    [0;36m|[0;0m         |- [1;31merror: [1;39mproperty 'body' must be declared public because it matches a requirement in public protocol 'View'[0;0m
    [0;36m|[0;0m         `- [1;39mnote: [1;39mmark the property as 'public' to satisfy the requirement[0;0m
[0;36m170 |[0;0m         HStack(spacing: 12) {
[0;36m171 |[0;0m             // Icon

/Users/danielstevens/github-projects/tools-automation/MomentumFinance/Shared/Features/GlobalSearch/FeatureGlobalSearchView.swift:232:9: [1;31merror: [1;39mproperty 'body' must be declared public because it matches a requirement in public protocol 'View'[0;0m
[0;36m230 |[0;0m     @Environment(\.dismiss) private var dismiss
[0;36m231 |[0;0m 
[0;36m232 |[0;0m     var body: some View {
    [0;36m|[0;0m         |- [1;31merror: [1;39mproperty 'body' must be declared public because it matches a requirement in public protocol 'View'[0;0m
    [0;36m|[0;0m         `- [1;39mnote: [1;39mmark the property as 'public' to satisfy the requirement[0;0m
[0;36m233 |[0;0m         NavigationView {
[0;36m234 |[0;0m             VStack(spacing: 20) {

/Users/danielstevens/github-projects/tools-automation/MomentumFinance/Shared/Features/GlobalSearch/FeatureGlobalSearchView.swift:309:9: [1;31merror: [1;39mproperty 'body' must be declared public because it matches a requirement in public protocol 'View'[0;0m
[0;36m307 |[0;0m     let value: String
[0;36m308 |[0;0m 
[0;36m309 |[0;0m     var body: some View {
    [0;36m|[0;0m         |- [1;31merror: [1;39mproperty 'body' must be declared public because it matches a requirement in public protocol 'View'[0;0m
    [0;36m|[0;0m         `- [1;39mnote: [1;39mmark the property as 'public' to satisfy the requirement[0;0m
[0;36m310 |[0;0m         VStack(alignment: .leading, spacing: 4) {
[0;36m311 |[0;0m             Text(self.label)

/Users/danielstevens/github-projects/tools-automation/MomentumFinance/Shared/Features/GlobalSearch/FeatureGlobalSearchView.swift:68:26: [1;31merror: [1;39mtrailing closure passed to parameter of type 'Visibility' that does not accept a closure[0;0m
 [0;36m66 |[0;0m                 .navigationBarTitleDisplayMode(.inline)
 [0;36m67 |[0;0m             #endif
 [0;36m68 |[0;0m                 .toolbar [4;39m{[0;0m
    [0;36m|[0;0m                          `- [1;31merror: [1;39mtrailing closure passed to parameter of type 'Visibility' that does not accept a closure[0;0m
 [0;36m69 |[0;0m                     ToolbarItem(placement: .cancellationAction) {
 [0;36m70 |[0;0m                         Button("Cancel").accessibilityLabel("Button") {

SwiftUI.View.toolbar:6:27: [1;39mnote: [1;39m'toolbar(_:for:)' declared here[0;0m
[0;36m4 |[0;0m   @available(tvOS, introduced: 16.0, deprecated: 100000.0, renamed: "toolbarVisibility(_:for:)")
[0;36m5 |[0;0m   @available(watchOS, introduced: 9.0, deprecated: 100000.0, renamed: "toolbarVisibility(_:for:)")
[0;36m6 |[0;0m   nonisolated public func toolbar(_ visibility: Visibility, for bars: ToolbarPlacement...) -> some View
  [0;36m|[0;0m                           `- [1;39mnote: [1;39m'toolbar(_:for:)' declared here[0;0m
[0;36m7 |[0;0m   }
[0;36m8 |[0;0m 

/Users/danielstevens/github-projects/tools-automation/MomentumFinance/Shared/Features/GlobalSearch/FeatureGlobalSearchView.swift:279:26: [1;31merror: [1;39mtrailing closure passed to parameter of type 'Visibility' that does not accept a closure[0;0m
[0;36m277 |[0;0m                 .navigationBarTitleDisplayMode(.inline)
[0;36m278 |[0;0m             #endif
[0;36m279 |[0;0m                 .toolbar [4;39m{[0;0m
    [0;36m|[0;0m                          `- [1;31merror: [1;39mtrailing closure passed to parameter of type 'Visibility' that does not accept a closure[0;0m
[0;36m280 |[0;0m                     ToolbarItem(placement: .cancellationAction) {
[0;36m281 |[0;0m                         Button("Done").accessibilityLabel("Button") {

SwiftUI.View.toolbar:6:27: [1;39mnote: [1;39m'toolbar(_:for:)' declared here[0;0m
[0;36m4 |[0;0m   @available(tvOS, introduced: 16.0, deprecated: 100000.0, renamed: "toolbarVisibility(_:for:)")
[0;36m5 |[0;0m   @available(watchOS, introduced: 9.0, deprecated: 100000.0, renamed: "toolbarVisibility(_:for:)")
[0;36m6 |[0;0m   nonisolated public func toolbar(_ visibility: Visibility, for bars: ToolbarPlacement...) -> some View
  [0;36m|[0;0m                           `- [1;39mnote: [1;39m'toolbar(_:for:)' declared here[0;0m
[0;36m7 |[0;0m   }
[0;36m8 |[0;0m 
[38/148] Compiling Shared InsightRowView.swift
/Users/danielstevens/github-projects/tools-automation/MomentumFinance/Shared/Features/Dashboard/DashboardUpcomingSubscriptions.swift:44:68: [1;31merror: [1;39mvalue of type 'Subscription' has no member 'icon'[0;0m
 [0;36m42 |[0;0m                                         .frame(width: 36, height: 36)
 [0;36m43 |[0;0m 
 [0;36m44 |[0;0m                                     Image(systemName: [4;39msubscription[0;0m.[4;39micon[0;0m)
    [0;36m|[0;0m                                                                    `- [1;31merror: [1;39mvalue of type 'Subscription' has no member 'icon'[0;0m
 [0;36m45 |[0;0m                                         .font(.caption)
 [0;36m46 |[0;0m                                         .foregroundStyle(.white)

/Users/danielstevens/github-projects/tools-automation/MomentumFinance/Shared/Features/Dashboard/DashboardView.swift:51:26: [1;31merror: [1;39mcannot convert value of type 'String' to specified type 'Int'[0;0m
 [0;36m49 |[0;0m         @MainActor
 [0;36m50 |[0;0m         private func loadData() {
 [0;36m51 |[0;0m             var x: Int = [4;39m"string"[0;0m  // DEBUG
    [0;36m|[0;0m                          `- [1;31merror: [1;39mcannot convert value of type 'String' to specified type 'Int'[0;0m
 [0;36m52 |[0;0m             do {
 [0;36m53 |[0;0m                 let accountDescriptor = FetchDescriptor<FinancialAccount>()

/Users/danielstevens/github-projects/tools-automation/MomentumFinance/Shared/Features/Dashboard/DashboardView.swift:84:72: [1;31merror: [1;39mcannot convert value of type 'UUID' to expected argument type 'String'[0;0m
 [0;36m82 |[0;0m                             onAccountTap: { (accountId: UUID) in
 [0;36m83 |[0;0m                                 self.navigationPath.append(
 [0;36m84 |[0;0m                                     DashboardDestination.accountDetail(accountId)
    [0;36m|[0;0m                                                                        `- [1;31merror: [1;39mcannot convert value of type 'UUID' to expected argument type 'String'[0;0m
 [0;36m85 |[0;0m                                 )
 [0;36m86 |[0;0m                             },

/Users/danielstevens/github-projects/tools-automation/MomentumFinance/Shared/Features/Dashboard/InsightsSummaryWidget.swift:41:9: [1;31merror: [1;39mproperty 'body' must be declared public because it matches a requirement in public protocol 'View'[0;0m
 [0;36m39 |[0;0m     @State private var isLoading = true
 [0;36m40 |[0;0m 
 [0;36m41 |[0;0m     var body: some View {
    [0;36m|[0;0m         |- [1;31merror: [1;39mproperty 'body' must be declared public because it matches a requirement in public protocol 'View'[0;0m
    [0;36m|[0;0m         `- [1;39mnote: [1;39mmark the property as 'public' to satisfy the requirement[0;0m
 [0;36m42 |[0;0m         VStack(alignment: .leading, spacing: 10) {
 [0;36m43 |[0;0m             HStack {

/Users/danielstevens/github-projects/tools-automation/MomentumFinance/Shared/Features/Dashboard/InsightsView.swift:20:9: [1;31merror: [1;39mproperty 'body' must be declared public because it matches a requirement in public protocol 'View'[0;0m
 [0;36m18 |[0;0m     @State private var filterType: InsightType?
 [0;36m19 |[0;0m 
 [0;36m20 |[0;0m     var body: some View {
    [0;36m|[0;0m         |- [1;31merror: [1;39mproperty 'body' must be declared public because it matches a requirement in public protocol 'View'[0;0m
    [0;36m|[0;0m         `- [1;39mnote: [1;39mmark the property as 'public' to satisfy the requirement[0;0m
 [0;36m21 |[0;0m         Group {
 [0;36m22 |[0;0m             #if os(macOS)

/Users/danielstevens/github-projects/tools-automation/MomentumFinance/Shared/Features/Dashboard/InsightsView.swift:26:25: [1;31merror: [1;39mcannot find 'InsightsFilterBar' in scope[0;0m
 [0;36m24 |[0;0m                     VStack(spacing: 0) {
 [0;36m25 |[0;0m                         // Filter Bar
 [0;36m26 |[0;0m                         [4;39mInsightsFilterBar[0;0m(
    [0;36m|[0;0m                         `- [1;31merror: [1;39mcannot find 'InsightsFilterBar' in scope[0;0m
 [0;36m27 |[0;0m                             filterPriority: self.$filterPriority,
 [0;36m28 |[0;0m                             filterType: self.$filterType

/Users/danielstevens/github-projects/tools-automation/MomentumFinance/Shared/Features/Dashboard/InsightsView.swift:35:30: [1;31merror: [1;39mtrailing closure passed to parameter of type 'Visibility' that does not accept a closure[0;0m
 [0;36m33 |[0;0m                     }
 [0;36m34 |[0;0m                     .navigationTitle("Financial Insights")
 [0;36m35 |[0;0m                     .toolbar [4;39m{[0;0m
    [0;36m|[0;0m                              `- [1;31merror: [1;39mtrailing closure passed to parameter of type 'Visibility' that does not accept a closure[0;0m
 [0;36m36 |[0;0m                         ToolbarItem(placement: .navigation) {
 [0;36m37 |[0;0m                             Button("Refresh").accessibilityLabel("Button").accessibilityLabel("Button") {

SwiftUI.View.toolbar:6:27: [1;39mnote: [1;39m'toolbar(_:for:)' declared here[0;0m
[0;36m4 |[0;0m   @available(tvOS, introduced: 16.0, deprecated: 100000.0, renamed: "toolbarVisibility(_:for:)")
[0;36m5 |[0;0m   @available(watchOS, introduced: 9.0, deprecated: 100000.0, renamed: "toolbarVisibility(_:for:)")
[0;36m6 |[0;0m   nonisolated public func toolbar(_ visibility: Visibility, for bars: ToolbarPlacement...) -> some View
  [0;36m|[0;0m                           `- [1;39mnote: [1;39m'toolbar(_:for:)' declared here[0;0m
[0;36m7 |[0;0m   }
[0;36m8 |[0;0m 

/Users/danielstevens/github-projects/tools-automation/MomentumFinance/Shared/Features/Dashboard/InsightsWidget.swift:23:9: [1;31merror: [1;39mproperty 'body' must be declared public because it matches a requirement in public protocol 'View'[0;0m
 [0;36m21 |[0;0m     }
 [0;36m22 |[0;0m 
 [0;36m23 |[0;0m     var body: some View {
    [0;36m|[0;0m         |- [1;31merror: [1;39mproperty 'body' must be declared public because it matches a requirement in public protocol 'View'[0;0m
    [0;36m|[0;0m         `- [1;39mnote: [1;39mmark the property as 'public' to satisfy the requirement[0;0m
 [0;36m24 |[0;0m         VStack(alignment: .leading, spacing: 16) {
 [0;36m25 |[0;0m             // Header

/Users/danielstevens/github-projects/tools-automation/MomentumFinance/Shared/Features/Dashboard/InsightsWidget.swift:144:9: [1;31merror: [1;39mproperty 'body' must be declared public because it matches a requirement in public protocol 'View'[0;0m
[0;36m142 |[0;0m     @State private var showDetail = false
[0;36m143 |[0;0m 
[0;36m144 |[0;0m     var body: some View {
    [0;36m|[0;0m         |- [1;31merror: [1;39mproperty 'body' must be declared public because it matches a requirement in public protocol 'View'[0;0m
    [0;36m|[0;0m         `- [1;39mnote: [1;39mmark the property as 'public' to satisfy the requirement[0;0m
[0;36m145 |[0;0m         Button(action: { self.showDetail = true }).accessibilityLabel("Button") {
[0;36m146 |[0;0m             HStack(spacing: 12) {

/Users/danielstevens/github-projects/tools-automation/MomentumFinance/Shared/Features/Dashboard/InsightsWidget.swift:37:28: [1;31merror: [1;39mmissing argument for parameter #1 in call[0;0m
 [0;36m35 |[0;0m                         .scaleEffect(0.8)
 [0;36m36 |[0;0m                 } else if !self.intelligenceService.insights.isEmpty {
 [0;36m37 |[0;0m                     Button(action: { self.showAllInsights = true }).accessibilityLabel("Button") {
    [0;36m|[0;0m                            `- [1;31merror: [1;39mmissing argument for parameter #1 in call[0;0m
 [0;36m38 |[0;0m                         Text("View All")
 [0;36m39 |[0;0m                             .accessibilityLabel("View All Insights")

SwiftUI.Button.init:2:36: [1;39mnote: [1;39m'init(_:action:)' declared here[0;0m
[0;36m1 |[0;0m generic struct Button {
[0;36m2 |[0;0m @preconcurrency nonisolated public init(_ titleKey: LocalizedStringKey, action: @escaping @MainActor () -> Void)}
  [0;36m|[0;0m                                    `- [1;39mnote: [1;39m'init(_:action:)' declared here[0;0m
[0;36m3 |[0;0m 

/Users/danielstevens/github-projects/tools-automation/MomentumFinance/Shared/Features/Dashboard/InsightsWidget.swift:37:98: [1;31merror: [1;39mtype '_' cannot be used as a boolean; test for '!= 0' instead[0;0m
 [0;36m35 |[0;0m                         .scaleEffect(0.8)
 [0;36m36 |[0;0m                 } else if !self.intelligenceService.insights.isEmpty {
 [0;36m37 |[0;0m                     Button(action: { self.showAllInsights = true }).accessibilityLabel("Button") {
    [0;36m|[0;0m                                                                                                  `- [1;31merror: [1;39mtype '_' cannot be used as a boolean; test for '!= 0' instead[0;0m
 [0;36m38 |[0;0m                         Text("View All")
 [0;36m39 |[0;0m                             .accessibilityLabel("View All Insights")

/Users/danielstevens/github-projects/tools-automation/MomentumFinance/Shared/Features/Dashboard/InsightsWidget.swift:125:28: [1;31merror: [1;39mmissing argument for parameter #1 in call[0;0m
[0;36m123 |[0;0m                     Spacer()
[0;36m124 |[0;0m 
[0;36m125 |[0;0m                     Button(action: { self.showAllInsights = true }).accessibilityLabel("Button") {
    [0;36m|[0;0m                            `- [1;31merror: [1;39mmissing argument for parameter #1 in call[0;0m
[0;36m126 |[0;0m                         Text("View All")
[0;36m127 |[0;0m                             .accessibilityLabel("View All Insights")

SwiftUI.Button.init:2:36: [1;39mnote: [1;39m'init(_:action:)' declared here[0;0m
[0;36m1 |[0;0m generic struct Button {
[0;36m2 |[0;0m @preconcurrency nonisolated public init(_ titleKey: LocalizedStringKey, action: @escaping @MainActor () -> Void)}
  [0;36m|[0;0m                                    `- [1;39mnote: [1;39m'init(_:action:)' declared here[0;0m
[0;36m3 |[0;0m 

/Users/danielstevens/github-projects/tools-automation/MomentumFinance/Shared/Features/Dashboard/InsightsWidget.swift:125:98: [1;31merror: [1;39mtype '_' cannot be used as a boolean; test for '!= 0' instead[0;0m
[0;36m123 |[0;0m                     Spacer()
[0;36m124 |[0;0m 
[0;36m125 |[0;0m                     Button(action: { self.showAllInsights = true }).accessibilityLabel("Button") {
    [0;36m|[0;0m                                                                                                  `- [1;31merror: [1;39mtype '_' cannot be used as a boolean; test for '!= 0' instead[0;0m
[0;36m126 |[0;0m                         Text("View All")
[0;36m127 |[0;0m                             .accessibilityLabel("View All Insights")

/Users/danielstevens/github-projects/tools-automation/MomentumFinance/Shared/Features/Dashboard/InsightsWidget.swift:145:16: [1;31merror: [1;39mmissing argument for parameter #1 in call[0;0m
[0;36m143 |[0;0m 
[0;36m144 |[0;0m     var body: some View {
[0;36m145 |[0;0m         Button(action: { self.showDetail = true }).accessibilityLabel("Button") {
    [0;36m|[0;0m                `- [1;31merror: [1;39mmissing argument for parameter #1 in call[0;0m
[0;36m146 |[0;0m             HStack(spacing: 12) {
[0;36m147 |[0;0m                 // Priority indicator

SwiftUI.Button.init:2:36: [1;39mnote: [1;39m'init(_:action:)' declared here[0;0m
[0;36m1 |[0;0m generic struct Button {
[0;36m2 |[0;0m @preconcurrency nonisolated public init(_ titleKey: LocalizedStringKey, action: @escaping @MainActor () -> Void)}
  [0;36m|[0;0m                                    `- [1;39mnote: [1;39m'init(_:action:)' declared here[0;0m
[0;36m3 |[0;0m 

/Users/danielstevens/github-projects/tools-automation/MomentumFinance/Shared/Features/Dashboard/InsightsWidget.swift:145:81: [1;31merror: [1;39mtype '_' cannot be used as a boolean; test for '!= 0' instead[0;0m
[0;36m143 |[0;0m 
[0;36m144 |[0;0m     var body: some View {
[0;36m145 |[0;0m         Button(action: { self.showDetail = true }).accessibilityLabel("Button") {
    [0;36m|[0;0m                                                                                 `- [1;31merror: [1;39mtype '_' cannot be used as a boolean; test for '!= 0' instead[0;0m
[0;36m146 |[0;0m             HStack(spacing: 12) {
[0;36m147 |[0;0m                 // Priority indicator

/Users/danielstevens/github-projects/tools-automation/MomentumFinance/Shared/Features/Dashboard/SimpleDashboardView.swift:33:9: [1;31merror: [1;39mproperty 'body' must be declared public because it matches a requirement in public protocol 'View'[0;0m
 [0;36m31 |[0;0m     #endif
 [0;36m32 |[0;0m 
 [0;36m33 |[0;0m     var body: some View {
    [0;36m|[0;0m         |- [1;31merror: [1;39mproperty 'body' must be declared public because it matches a requirement in public protocol 'View'[0;0m
    [0;36m|[0;0m         `- [1;39mnote: [1;39mmark the property as 'public' to satisfy the requirement[0;0m
 [0;36m34 |[0;0m         NavigationStack {
 [0;36m35 |[0;0m             ScrollView {

/Users/danielstevens/github-projects/tools-automation/MomentumFinance/Shared/Features/GlobalSearch/FeatureGlobalSearchView.swift:169:9: [1;31merror: [1;39mproperty 'body' must be declared public because it matches a requirement in public protocol 'View'[0;0m
[0;36m167 |[0;0m     let result: SearchResult
[0;36m168 |[0;0m 
[0;36m169 |[0;0m     var body: some View {
    [0;36m|[0;0m         |- [1;31merror: [1;39mproperty 'body' must be declared public because it matches a requirement in public protocol 'View'[0;0m
    [0;36m|[0;0m         `- [1;39mnote: [1;39mmark the property as 'public' to satisfy the requirement[0;0m
[0;36m170 |[0;0m         HStack(spacing: 12) {
[0;36m171 |[0;0m             // Icon

/Users/danielstevens/github-projects/tools-automation/MomentumFinance/Shared/Features/GlobalSearch/FeatureGlobalSearchView.swift:232:9: [1;31merror: [1;39mproperty 'body' must be declared public because it matches a requirement in public protocol 'View'[0;0m
[0;36m230 |[0;0m     @Environment(\.dismiss) private var dismiss
[0;36m231 |[0;0m 
[0;36m232 |[0;0m     var body: some View {
    [0;36m|[0;0m         |- [1;31merror: [1;39mproperty 'body' must be declared public because it matches a requirement in public protocol 'View'[0;0m
    [0;36m|[0;0m         `- [1;39mnote: [1;39mmark the property as 'public' to satisfy the requirement[0;0m
[0;36m233 |[0;0m         NavigationView {
[0;36m234 |[0;0m             VStack(spacing: 20) {

/Users/danielstevens/github-projects/tools-automation/MomentumFinance/Shared/Features/GlobalSearch/FeatureGlobalSearchView.swift:309:9: [1;31merror: [1;39mproperty 'body' must be declared public because it matches a requirement in public protocol 'View'[0;0m
[0;36m307 |[0;0m     let value: String
[0;36m308 |[0;0m 
[0;36m309 |[0;0m     var body: some View {
    [0;36m|[0;0m         |- [1;31merror: [1;39mproperty 'body' must be declared public because it matches a requirement in public protocol 'View'[0;0m
    [0;36m|[0;0m         `- [1;39mnote: [1;39mmark the property as 'public' to satisfy the requirement[0;0m
[0;36m310 |[0;0m         VStack(alignment: .leading, spacing: 4) {
[0;36m311 |[0;0m             Text(self.label)

/Users/danielstevens/github-projects/tools-automation/MomentumFinance/Shared/Features/GlobalSearch/FeatureGlobalSearchView.swift:68:26: [1;31merror: [1;39mtrailing closure passed to parameter of type 'Visibility' that does not accept a closure[0;0m
 [0;36m66 |[0;0m                 .navigationBarTitleDisplayMode(.inline)
 [0;36m67 |[0;0m             #endif
 [0;36m68 |[0;0m                 .toolbar [4;39m{[0;0m
    [0;36m|[0;0m                          `- [1;31merror: [1;39mtrailing closure passed to parameter of type 'Visibility' that does not accept a closure[0;0m
 [0;36m69 |[0;0m                     ToolbarItem(placement: .cancellationAction) {
 [0;36m70 |[0;0m                         Button("Cancel").accessibilityLabel("Button") {

SwiftUI.View.toolbar:6:27: [1;39mnote: [1;39m'toolbar(_:for:)' declared here[0;0m
[0;36m4 |[0;0m   @available(tvOS, introduced: 16.0, deprecated: 100000.0, renamed: "toolbarVisibility(_:for:)")
[0;36m5 |[0;0m   @available(watchOS, introduced: 9.0, deprecated: 100000.0, renamed: "toolbarVisibility(_:for:)")
[0;36m6 |[0;0m   nonisolated public func toolbar(_ visibility: Visibility, for bars: ToolbarPlacement...) -> some View
  [0;36m|[0;0m                           `- [1;39mnote: [1;39m'toolbar(_:for:)' declared here[0;0m
[0;36m7 |[0;0m   }
[0;36m8 |[0;0m 

/Users/danielstevens/github-projects/tools-automation/MomentumFinance/Shared/Features/GlobalSearch/FeatureGlobalSearchView.swift:279:26: [1;31merror: [1;39mtrailing closure passed to parameter of type 'Visibility' that does not accept a closure[0;0m
[0;36m277 |[0;0m                 .navigationBarTitleDisplayMode(.inline)
[0;36m278 |[0;0m             #endif
[0;36m279 |[0;0m                 .toolbar [4;39m{[0;0m
    [0;36m|[0;0m                          `- [1;31merror: [1;39mtrailing closure passed to parameter of type 'Visibility' that does not accept a closure[0;0m
[0;36m280 |[0;0m                     ToolbarItem(placement: .cancellationAction) {
[0;36m281 |[0;0m                         Button("Done").accessibilityLabel("Button") {

SwiftUI.View.toolbar:6:27: [1;39mnote: [1;39m'toolbar(_:for:)' declared here[0;0m
[0;36m4 |[0;0m   @available(tvOS, introduced: 16.0, deprecated: 100000.0, renamed: "toolbarVisibility(_:for:)")
[0;36m5 |[0;0m   @available(watchOS, introduced: 9.0, deprecated: 100000.0, renamed: "toolbarVisibility(_:for:)")
[0;36m6 |[0;0m   nonisolated public func toolbar(_ visibility: Visibility, for bars: ToolbarPlacement...) -> some View
  [0;36m|[0;0m                           `- [1;39mnote: [1;39m'toolbar(_:for:)' declared here[0;0m
[0;36m7 |[0;0m   }
[0;36m8 |[0;0m 
[39/148] Compiling Shared InsightsEmptyStateView.swift
/Users/danielstevens/github-projects/tools-automation/MomentumFinance/Shared/Features/Dashboard/DashboardUpcomingSubscriptions.swift:44:68: [1;31merror: [1;39mvalue of type 'Subscription' has no member 'icon'[0;0m
 [0;36m42 |[0;0m                                         .frame(width: 36, height: 36)
 [0;36m43 |[0;0m 
 [0;36m44 |[0;0m                                     Image(systemName: [4;39msubscription[0;0m.[4;39micon[0;0m)
    [0;36m|[0;0m                                                                    `- [1;31merror: [1;39mvalue of type 'Subscription' has no member 'icon'[0;0m
 [0;36m45 |[0;0m                                         .font(.caption)
 [0;36m46 |[0;0m                                         .foregroundStyle(.white)

/Users/danielstevens/github-projects/tools-automation/MomentumFinance/Shared/Features/Dashboard/DashboardView.swift:51:26: [1;31merror: [1;39mcannot convert value of type 'String' to specified type 'Int'[0;0m
 [0;36m49 |[0;0m         @MainActor
 [0;36m50 |[0;0m         private func loadData() {
 [0;36m51 |[0;0m             var x: Int = [4;39m"string"[0;0m  // DEBUG
    [0;36m|[0;0m                          `- [1;31merror: [1;39mcannot convert value of type 'String' to specified type 'Int'[0;0m
 [0;36m52 |[0;0m             do {
 [0;36m53 |[0;0m                 let accountDescriptor = FetchDescriptor<FinancialAccount>()

/Users/danielstevens/github-projects/tools-automation/MomentumFinance/Shared/Features/Dashboard/DashboardView.swift:84:72: [1;31merror: [1;39mcannot convert value of type 'UUID' to expected argument type 'String'[0;0m
 [0;36m82 |[0;0m                             onAccountTap: { (accountId: UUID) in
 [0;36m83 |[0;0m                                 self.navigationPath.append(
 [0;36m84 |[0;0m                                     DashboardDestination.accountDetail(accountId)
    [0;36m|[0;0m                                                                        `- [1;31merror: [1;39mcannot convert value of type 'UUID' to expected argument type 'String'[0;0m
 [0;36m85 |[0;0m                                 )
 [0;36m86 |[0;0m                             },

/Users/danielstevens/github-projects/tools-automation/MomentumFinance/Shared/Features/Dashboard/InsightsSummaryWidget.swift:41:9: [1;31merror: [1;39mproperty 'body' must be declared public because it matches a requirement in public protocol 'View'[0;0m
 [0;36m39 |[0;0m     @State private var isLoading = true
 [0;36m40 |[0;0m 
 [0;36m41 |[0;0m     var body: some View {
    [0;36m|[0;0m         |- [1;31merror: [1;39mproperty 'body' must be declared public because it matches a requirement in public protocol 'View'[0;0m
    [0;36m|[0;0m         `- [1;39mnote: [1;39mmark the property as 'public' to satisfy the requirement[0;0m
 [0;36m42 |[0;0m         VStack(alignment: .leading, spacing: 10) {
 [0;36m43 |[0;0m             HStack {

/Users/danielstevens/github-projects/tools-automation/MomentumFinance/Shared/Features/Dashboard/InsightsView.swift:20:9: [1;31merror: [1;39mproperty 'body' must be declared public because it matches a requirement in public protocol 'View'[0;0m
 [0;36m18 |[0;0m     @State private var filterType: InsightType?
 [0;36m19 |[0;0m 
 [0;36m20 |[0;0m     var body: some View {
    [0;36m|[0;0m         |- [1;31merror: [1;39mproperty 'body' must be declared public because it matches a requirement in public protocol 'View'[0;0m
    [0;36m|[0;0m         `- [1;39mnote: [1;39mmark the property as 'public' to satisfy the requirement[0;0m
 [0;36m21 |[0;0m         Group {
 [0;36m22 |[0;0m             #if os(macOS)

/Users/danielstevens/github-projects/tools-automation/MomentumFinance/Shared/Features/Dashboard/InsightsView.swift:26:25: [1;31merror: [1;39mcannot find 'InsightsFilterBar' in scope[0;0m
 [0;36m24 |[0;0m                     VStack(spacing: 0) {
 [0;36m25 |[0;0m                         // Filter Bar
 [0;36m26 |[0;0m                         [4;39mInsightsFilterBar[0;0m(
    [0;36m|[0;0m                         `- [1;31merror: [1;39mcannot find 'InsightsFilterBar' in scope[0;0m
 [0;36m27 |[0;0m                             filterPriority: self.$filterPriority,
 [0;36m28 |[0;0m                             filterType: self.$filterType

/Users/danielstevens/github-projects/tools-automation/MomentumFinance/Shared/Features/Dashboard/InsightsView.swift:35:30: [1;31merror: [1;39mtrailing closure passed to parameter of type 'Visibility' that does not accept a closure[0;0m
 [0;36m33 |[0;0m                     }
 [0;36m34 |[0;0m                     .navigationTitle("Financial Insights")
 [0;36m35 |[0;0m                     .toolbar [4;39m{[0;0m
    [0;36m|[0;0m                              `- [1;31merror: [1;39mtrailing closure passed to parameter of type 'Visibility' that does not accept a closure[0;0m
 [0;36m36 |[0;0m                         ToolbarItem(placement: .navigation) {
 [0;36m37 |[0;0m                             Button("Refresh").accessibilityLabel("Button").accessibilityLabel("Button") {

SwiftUI.View.toolbar:6:27: [1;39mnote: [1;39m'toolbar(_:for:)' declared here[0;0m
[0;36m4 |[0;0m   @available(tvOS, introduced: 16.0, deprecated: 100000.0, renamed: "toolbarVisibility(_:for:)")
[0;36m5 |[0;0m   @available(watchOS, introduced: 9.0, deprecated: 100000.0, renamed: "toolbarVisibility(_:for:)")
[0;36m6 |[0;0m   nonisolated public func toolbar(_ visibility: Visibility, for bars: ToolbarPlacement...) -> some View
  [0;36m|[0;0m                           `- [1;39mnote: [1;39m'toolbar(_:for:)' declared here[0;0m
[0;36m7 |[0;0m   }
[0;36m8 |[0;0m 

/Users/danielstevens/github-projects/tools-automation/MomentumFinance/Shared/Features/Dashboard/InsightsWidget.swift:23:9: [1;31merror: [1;39mproperty 'body' must be declared public because it matches a requirement in public protocol 'View'[0;0m
 [0;36m21 |[0;0m     }
 [0;36m22 |[0;0m 
 [0;36m23 |[0;0m     var body: some View {
    [0;36m|[0;0m         |- [1;31merror: [1;39mproperty 'body' must be declared public because it matches a requirement in public protocol 'View'[0;0m
    [0;36m|[0;0m         `- [1;39mnote: [1;39mmark the property as 'public' to satisfy the requirement[0;0m
 [0;36m24 |[0;0m         VStack(alignment: .leading, spacing: 16) {
 [0;36m25 |[0;0m             // Header

/Users/danielstevens/github-projects/tools-automation/MomentumFinance/Shared/Features/Dashboard/InsightsWidget.swift:144:9: [1;31merror: [1;39mproperty 'body' must be declared public because it matches a requirement in public protocol 'View'[0;0m
[0;36m142 |[0;0m     @State private var showDetail = false
[0;36m143 |[0;0m 
[0;36m144 |[0;0m     var body: some View {
    [0;36m|[0;0m         |- [1;31merror: [1;39mproperty 'body' must be declared public because it matches a requirement in public protocol 'View'[0;0m
    [0;36m|[0;0m         `- [1;39mnote: [1;39mmark the property as 'public' to satisfy the requirement[0;0m
[0;36m145 |[0;0m         Button(action: { self.showDetail = true }).accessibilityLabel("Button") {
[0;36m146 |[0;0m             HStack(spacing: 12) {

/Users/danielstevens/github-projects/tools-automation/MomentumFinance/Shared/Features/Dashboard/InsightsWidget.swift:37:28: [1;31merror: [1;39mmissing argument for parameter #1 in call[0;0m
 [0;36m35 |[0;0m                         .scaleEffect(0.8)
 [0;36m36 |[0;0m                 } else if !self.intelligenceService.insights.isEmpty {
 [0;36m37 |[0;0m                     Button(action: { self.showAllInsights = true }).accessibilityLabel("Button") {
    [0;36m|[0;0m                            `- [1;31merror: [1;39mmissing argument for parameter #1 in call[0;0m
 [0;36m38 |[0;0m                         Text("View All")
 [0;36m39 |[0;0m                             .accessibilityLabel("View All Insights")

SwiftUI.Button.init:2:36: [1;39mnote: [1;39m'init(_:action:)' declared here[0;0m
[0;36m1 |[0;0m generic struct Button {
[0;36m2 |[0;0m @preconcurrency nonisolated public init(_ titleKey: LocalizedStringKey, action: @escaping @MainActor () -> Void)}
  [0;36m|[0;0m                                    `- [1;39mnote: [1;39m'init(_:action:)' declared here[0;0m
[0;36m3 |[0;0m 

/Users/danielstevens/github-projects/tools-automation/MomentumFinance/Shared/Features/Dashboard/InsightsWidget.swift:37:98: [1;31merror: [1;39mtype '_' cannot be used as a boolean; test for '!= 0' instead[0;0m
 [0;36m35 |[0;0m                         .scaleEffect(0.8)
 [0;36m36 |[0;0m                 } else if !self.intelligenceService.insights.isEmpty {
 [0;36m37 |[0;0m                     Button(action: { self.showAllInsights = true }).accessibilityLabel("Button") {
    [0;36m|[0;0m                                                                                                  `- [1;31merror: [1;39mtype '_' cannot be used as a boolean; test for '!= 0' instead[0;0m
 [0;36m38 |[0;0m                         Text("View All")
 [0;36m39 |[0;0m                             .accessibilityLabel("View All Insights")

/Users/danielstevens/github-projects/tools-automation/MomentumFinance/Shared/Features/Dashboard/InsightsWidget.swift:125:28: [1;31merror: [1;39mmissing argument for parameter #1 in call[0;0m
[0;36m123 |[0;0m                     Spacer()
[0;36m124 |[0;0m 
[0;36m125 |[0;0m                     Button(action: { self.showAllInsights = true }).accessibilityLabel("Button") {
    [0;36m|[0;0m                            `- [1;31merror: [1;39mmissing argument for parameter #1 in call[0;0m
[0;36m126 |[0;0m                         Text("View All")
[0;36m127 |[0;0m                             .accessibilityLabel("View All Insights")

SwiftUI.Button.init:2:36: [1;39mnote: [1;39m'init(_:action:)' declared here[0;0m
[0;36m1 |[0;0m generic struct Button {
[0;36m2 |[0;0m @preconcurrency nonisolated public init(_ titleKey: LocalizedStringKey, action: @escaping @MainActor () -> Void)}
  [0;36m|[0;0m                                    `- [1;39mnote: [1;39m'init(_:action:)' declared here[0;0m
[0;36m3 |[0;0m 

/Users/danielstevens/github-projects/tools-automation/MomentumFinance/Shared/Features/Dashboard/InsightsWidget.swift:125:98: [1;31merror: [1;39mtype '_' cannot be used as a boolean; test for '!= 0' instead[0;0m
[0;36m123 |[0;0m                     Spacer()
[0;36m124 |[0;0m 
[0;36m125 |[0;0m                     Button(action: { self.showAllInsights = true }).accessibilityLabel("Button") {
    [0;36m|[0;0m                                                                                                  `- [1;31merror: [1;39mtype '_' cannot be used as a boolean; test for '!= 0' instead[0;0m
[0;36m126 |[0;0m                         Text("View All")
[0;36m127 |[0;0m                             .accessibilityLabel("View All Insights")

/Users/danielstevens/github-projects/tools-automation/MomentumFinance/Shared/Features/Dashboard/InsightsWidget.swift:145:16: [1;31merror: [1;39mmissing argument for parameter #1 in call[0;0m
[0;36m143 |[0;0m 
[0;36m144 |[0;0m     var body: some View {
[0;36m145 |[0;0m         Button(action: { self.showDetail = true }).accessibilityLabel("Button") {
    [0;36m|[0;0m                `- [1;31merror: [1;39mmissing argument for parameter #1 in call[0;0m
[0;36m146 |[0;0m             HStack(spacing: 12) {
[0;36m147 |[0;0m                 // Priority indicator

SwiftUI.Button.init:2:36: [1;39mnote: [1;39m'init(_:action:)' declared here[0;0m
[0;36m1 |[0;0m generic struct Button {
[0;36m2 |[0;0m @preconcurrency nonisolated public init(_ titleKey: LocalizedStringKey, action: @escaping @MainActor () -> Void)}
  [0;36m|[0;0m                                    `- [1;39mnote: [1;39m'init(_:action:)' declared here[0;0m
[0;36m3 |[0;0m 

/Users/danielstevens/github-projects/tools-automation/MomentumFinance/Shared/Features/Dashboard/InsightsWidget.swift:145:81: [1;31merror: [1;39mtype '_' cannot be used as a boolean; test for '!= 0' instead[0;0m
[0;36m143 |[0;0m 
[0;36m144 |[0;0m     var body: some View {
[0;36m145 |[0;0m         Button(action: { self.showDetail = true }).accessibilityLabel("Button") {
    [0;36m|[0;0m                                                                                 `- [1;31merror: [1;39mtype '_' cannot be used as a boolean; test for '!= 0' instead[0;0m
[0;36m146 |[0;0m             HStack(spacing: 12) {
[0;36m147 |[0;0m                 // Priority indicator

/Users/danielstevens/github-projects/tools-automation/MomentumFinance/Shared/Features/Dashboard/SimpleDashboardView.swift:33:9: [1;31merror: [1;39mproperty 'body' must be declared public because it matches a requirement in public protocol 'View'[0;0m
 [0;36m31 |[0;0m     #endif
 [0;36m32 |[0;0m 
 [0;36m33 |[0;0m     var body: some View {
    [0;36m|[0;0m         |- [1;31merror: [1;39mproperty 'body' must be declared public because it matches a requirement in public protocol 'View'[0;0m
    [0;36m|[0;0m         `- [1;39mnote: [1;39mmark the property as 'public' to satisfy the requirement[0;0m
 [0;36m34 |[0;0m         NavigationStack {
 [0;36m35 |[0;0m             ScrollView {

/Users/danielstevens/github-projects/tools-automation/MomentumFinance/Shared/Features/GlobalSearch/FeatureGlobalSearchView.swift:169:9: [1;31merror: [1;39mproperty 'body' must be declared public because it matches a requirement in public protocol 'View'[0;0m
[0;36m167 |[0;0m     let result: SearchResult
[0;36m168 |[0;0m 
[0;36m169 |[0;0m     var body: some View {
    [0;36m|[0;0m         |- [1;31merror: [1;39mproperty 'body' must be declared public because it matches a requirement in public protocol 'View'[0;0m
    [0;36m|[0;0m         `- [1;39mnote: [1;39mmark the property as 'public' to satisfy the requirement[0;0m
[0;36m170 |[0;0m         HStack(spacing: 12) {
[0;36m171 |[0;0m             // Icon

/Users/danielstevens/github-projects/tools-automation/MomentumFinance/Shared/Features/GlobalSearch/FeatureGlobalSearchView.swift:232:9: [1;31merror: [1;39mproperty 'body' must be declared public because it matches a requirement in public protocol 'View'[0;0m
[0;36m230 |[0;0m     @Environment(\.dismiss) private var dismiss
[0;36m231 |[0;0m 
[0;36m232 |[0;0m     var body: some View {
    [0;36m|[0;0m         |- [1;31merror: [1;39mproperty 'body' must be declared public because it matches a requirement in public protocol 'View'[0;0m
    [0;36m|[0;0m         `- [1;39mnote: [1;39mmark the property as 'public' to satisfy the requirement[0;0m
[0;36m233 |[0;0m         NavigationView {
[0;36m234 |[0;0m             VStack(spacing: 20) {

/Users/danielstevens/github-projects/tools-automation/MomentumFinance/Shared/Features/GlobalSearch/FeatureGlobalSearchView.swift:309:9: [1;31merror: [1;39mproperty 'body' must be declared public because it matches a requirement in public protocol 'View'[0;0m
[0;36m307 |[0;0m     let value: String
[0;36m308 |[0;0m 
[0;36m309 |[0;0m     var body: some View {
    [0;36m|[0;0m         |- [1;31merror: [1;39mproperty 'body' must be declared public because it matches a requirement in public protocol 'View'[0;0m
    [0;36m|[0;0m         `- [1;39mnote: [1;39mmark the property as 'public' to satisfy the requirement[0;0m
[0;36m310 |[0;0m         VStack(alignment: .leading, spacing: 4) {
[0;36m311 |[0;0m             Text(self.label)

/Users/danielstevens/github-projects/tools-automation/MomentumFinance/Shared/Features/GlobalSearch/FeatureGlobalSearchView.swift:68:26: [1;31merror: [1;39mtrailing closure passed to parameter of type 'Visibility' that does not accept a closure[0;0m
 [0;36m66 |[0;0m                 .navigationBarTitleDisplayMode(.inline)
 [0;36m67 |[0;0m             #endif
 [0;36m68 |[0;0m                 .toolbar [4;39m{[0;0m
    [0;36m|[0;0m                          `- [1;31merror: [1;39mtrailing closure passed to parameter of type 'Visibility' that does not accept a closure[0;0m
 [0;36m69 |[0;0m                     ToolbarItem(placement: .cancellationAction) {
 [0;36m70 |[0;0m                         Button("Cancel").accessibilityLabel("Button") {

SwiftUI.View.toolbar:6:27: [1;39mnote: [1;39m'toolbar(_:for:)' declared here[0;0m
[0;36m4 |[0;0m   @available(tvOS, introduced: 16.0, deprecated: 100000.0, renamed: "toolbarVisibility(_:for:)")
[0;36m5 |[0;0m   @available(watchOS, introduced: 9.0, deprecated: 100000.0, renamed: "toolbarVisibility(_:for:)")
[0;36m6 |[0;0m   nonisolated public func toolbar(_ visibility: Visibility, for bars: ToolbarPlacement...) -> some View
  [0;36m|[0;0m                           `- [1;39mnote: [1;39m'toolbar(_:for:)' declared here[0;0m
[0;36m7 |[0;0m   }
[0;36m8 |[0;0m 

/Users/danielstevens/github-projects/tools-automation/MomentumFinance/Shared/Features/GlobalSearch/FeatureGlobalSearchView.swift:279:26: [1;31merror: [1;39mtrailing closure passed to parameter of type 'Visibility' that does not accept a closure[0;0m
[0;36m277 |[0;0m                 .navigationBarTitleDisplayMode(.inline)
[0;36m278 |[0;0m             #endif
[0;36m279 |[0;0m                 .toolbar [4;39m{[0;0m
    [0;36m|[0;0m                          `- [1;31merror: [1;39mtrailing closure passed to parameter of type 'Visibility' that does not accept a closure[0;0m
[0;36m280 |[0;0m                     ToolbarItem(placement: .cancellationAction) {
[0;36m281 |[0;0m                         Button("Done").accessibilityLabel("Button") {

SwiftUI.View.toolbar:6:27: [1;39mnote: [1;39m'toolbar(_:for:)' declared here[0;0m
[0;36m4 |[0;0m   @available(tvOS, introduced: 16.0, deprecated: 100000.0, renamed: "toolbarVisibility(_:for:)")
[0;36m5 |[0;0m   @available(watchOS, introduced: 9.0, deprecated: 100000.0, renamed: "toolbarVisibility(_:for:)")
[0;36m6 |[0;0m   nonisolated public func toolbar(_ visibility: Visibility, for bars: ToolbarPlacement...) -> some View
  [0;36m|[0;0m                           `- [1;39mnote: [1;39m'toolbar(_:for:)' declared here[0;0m
[0;36m7 |[0;0m   }
[0;36m8 |[0;0m 
[40/148] Compiling Shared InsightsLoadingView.swift
/Users/danielstevens/github-projects/tools-automation/MomentumFinance/Shared/Features/Dashboard/DashboardUpcomingSubscriptions.swift:44:68: [1;31merror: [1;39mvalue of type 'Subscription' has no member 'icon'[0;0m
 [0;36m42 |[0;0m                                         .frame(width: 36, height: 36)
 [0;36m43 |[0;0m 
 [0;36m44 |[0;0m                                     Image(systemName: [4;39msubscription[0;0m.[4;39micon[0;0m)
    [0;36m|[0;0m                                                                    `- [1;31merror: [1;39mvalue of type 'Subscription' has no member 'icon'[0;0m
 [0;36m45 |[0;0m                                         .font(.caption)
 [0;36m46 |[0;0m                                         .foregroundStyle(.white)

/Users/danielstevens/github-projects/tools-automation/MomentumFinance/Shared/Features/Dashboard/DashboardView.swift:51:26: [1;31merror: [1;39mcannot convert value of type 'String' to specified type 'Int'[0;0m
 [0;36m49 |[0;0m         @MainActor
 [0;36m50 |[0;0m         private func loadData() {
 [0;36m51 |[0;0m             var x: Int = [4;39m"string"[0;0m  // DEBUG
    [0;36m|[0;0m                          `- [1;31merror: [1;39mcannot convert value of type 'String' to specified type 'Int'[0;0m
 [0;36m52 |[0;0m             do {
 [0;36m53 |[0;0m                 let accountDescriptor = FetchDescriptor<FinancialAccount>()

/Users/danielstevens/github-projects/tools-automation/MomentumFinance/Shared/Features/Dashboard/DashboardView.swift:84:72: [1;31merror: [1;39mcannot convert value of type 'UUID' to expected argument type 'String'[0;0m
 [0;36m82 |[0;0m                             onAccountTap: { (accountId: UUID) in
 [0;36m83 |[0;0m                                 self.navigationPath.append(
 [0;36m84 |[0;0m                                     DashboardDestination.accountDetail(accountId)
    [0;36m|[0;0m                                                                        `- [1;31merror: [1;39mcannot convert value of type 'UUID' to expected argument type 'String'[0;0m
 [0;36m85 |[0;0m                                 )
 [0;36m86 |[0;0m                             },

/Users/danielstevens/github-projects/tools-automation/MomentumFinance/Shared/Features/Dashboard/InsightsSummaryWidget.swift:41:9: [1;31merror: [1;39mproperty 'body' must be declared public because it matches a requirement in public protocol 'View'[0;0m
 [0;36m39 |[0;0m     @State private var isLoading = true
 [0;36m40 |[0;0m 
 [0;36m41 |[0;0m     var body: some View {
    [0;36m|[0;0m         |- [1;31merror: [1;39mproperty 'body' must be declared public because it matches a requirement in public protocol 'View'[0;0m
    [0;36m|[0;0m         `- [1;39mnote: [1;39mmark the property as 'public' to satisfy the requirement[0;0m
 [0;36m42 |[0;0m         VStack(alignment: .leading, spacing: 10) {
 [0;36m43 |[0;0m             HStack {

/Users/danielstevens/github-projects/tools-automation/MomentumFinance/Shared/Features/Dashboard/InsightsView.swift:20:9: [1;31merror: [1;39mproperty 'body' must be declared public because it matches a requirement in public protocol 'View'[0;0m
 [0;36m18 |[0;0m     @State private var filterType: InsightType?
 [0;36m19 |[0;0m 
 [0;36m20 |[0;0m     var body: some View {
    [0;36m|[0;0m         |- [1;31merror: [1;39mproperty 'body' must be declared public because it matches a requirement in public protocol 'View'[0;0m
    [0;36m|[0;0m         `- [1;39mnote: [1;39mmark the property as 'public' to satisfy the requirement[0;0m
 [0;36m21 |[0;0m         Group {
 [0;36m22 |[0;0m             #if os(macOS)

/Users/danielstevens/github-projects/tools-automation/MomentumFinance/Shared/Features/Dashboard/InsightsView.swift:26:25: [1;31merror: [1;39mcannot find 'InsightsFilterBar' in scope[0;0m
 [0;36m24 |[0;0m                     VStack(spacing: 0) {
 [0;36m25 |[0;0m                         // Filter Bar
 [0;36m26 |[0;0m                         [4;39mInsightsFilterBar[0;0m(
    [0;36m|[0;0m                         `- [1;31merror: [1;39mcannot find 'InsightsFilterBar' in scope[0;0m
 [0;36m27 |[0;0m                             filterPriority: self.$filterPriority,
 [0;36m28 |[0;0m                             filterType: self.$filterType

/Users/danielstevens/github-projects/tools-automation/MomentumFinance/Shared/Features/Dashboard/InsightsView.swift:35:30: [1;31merror: [1;39mtrailing closure passed to parameter of type 'Visibility' that does not accept a closure[0;0m
 [0;36m33 |[0;0m                     }
 [0;36m34 |[0;0m                     .navigationTitle("Financial Insights")
 [0;36m35 |[0;0m                     .toolbar [4;39m{[0;0m
    [0;36m|[0;0m                              `- [1;31merror: [1;39mtrailing closure passed to parameter of type 'Visibility' that does not accept a closure[0;0m
 [0;36m36 |[0;0m                         ToolbarItem(placement: .navigation) {
 [0;36m37 |[0;0m                             Button("Refresh").accessibilityLabel("Button").accessibilityLabel("Button") {

SwiftUI.View.toolbar:6:27: [1;39mnote: [1;39m'toolbar(_:for:)' declared here[0;0m
[0;36m4 |[0;0m   @available(tvOS, introduced: 16.0, deprecated: 100000.0, renamed: "toolbarVisibility(_:for:)")
[0;36m5 |[0;0m   @available(watchOS, introduced: 9.0, deprecated: 100000.0, renamed: "toolbarVisibility(_:for:)")
[0;36m6 |[0;0m   nonisolated public func toolbar(_ visibility: Visibility, for bars: ToolbarPlacement...) -> some View
  [0;36m|[0;0m                           `- [1;39mnote: [1;39m'toolbar(_:for:)' declared here[0;0m
[0;36m7 |[0;0m   }
[0;36m8 |[0;0m 

/Users/danielstevens/github-projects/tools-automation/MomentumFinance/Shared/Features/Dashboard/InsightsWidget.swift:23:9: [1;31merror: [1;39mproperty 'body' must be declared public because it matches a requirement in public protocol 'View'[0;0m
 [0;36m21 |[0;0m     }
 [0;36m22 |[0;0m 
 [0;36m23 |[0;0m     var body: some View {
    [0;36m|[0;0m         |- [1;31merror: [1;39mproperty 'body' must be declared public because it matches a requirement in public protocol 'View'[0;0m
    [0;36m|[0;0m         `- [1;39mnote: [1;39mmark the property as 'public' to satisfy the requirement[0;0m
 [0;36m24 |[0;0m         VStack(alignment: .leading, spacing: 16) {
 [0;36m25 |[0;0m             // Header

/Users/danielstevens/github-projects/tools-automation/MomentumFinance/Shared/Features/Dashboard/InsightsWidget.swift:144:9: [1;31merror: [1;39mproperty 'body' must be declared public because it matches a requirement in public protocol 'View'[0;0m
[0;36m142 |[0;0m     @State private var showDetail = false
[0;36m143 |[0;0m 
[0;36m144 |[0;0m     var body: some View {
    [0;36m|[0;0m         |- [1;31merror: [1;39mproperty 'body' must be declared public because it matches a requirement in public protocol 'View'[0;0m
    [0;36m|[0;0m         `- [1;39mnote: [1;39mmark the property as 'public' to satisfy the requirement[0;0m
[0;36m145 |[0;0m         Button(action: { self.showDetail = true }).accessibilityLabel("Button") {
[0;36m146 |[0;0m             HStack(spacing: 12) {

/Users/danielstevens/github-projects/tools-automation/MomentumFinance/Shared/Features/Dashboard/InsightsWidget.swift:37:28: [1;31merror: [1;39mmissing argument for parameter #1 in call[0;0m
 [0;36m35 |[0;0m                         .scaleEffect(0.8)
 [0;36m36 |[0;0m                 } else if !self.intelligenceService.insights.isEmpty {
 [0;36m37 |[0;0m                     Button(action: { self.showAllInsights = true }).accessibilityLabel("Button") {
    [0;36m|[0;0m                            `- [1;31merror: [1;39mmissing argument for parameter #1 in call[0;0m
 [0;36m38 |[0;0m                         Text("View All")
 [0;36m39 |[0;0m                             .accessibilityLabel("View All Insights")

SwiftUI.Button.init:2:36: [1;39mnote: [1;39m'init(_:action:)' declared here[0;0m
[0;36m1 |[0;0m generic struct Button {
[0;36m2 |[0;0m @preconcurrency nonisolated public init(_ titleKey: LocalizedStringKey, action: @escaping @MainActor () -> Void)}
  [0;36m|[0;0m                                    `- [1;39mnote: [1;39m'init(_:action:)' declared here[0;0m
[0;36m3 |[0;0m 

/Users/danielstevens/github-projects/tools-automation/MomentumFinance/Shared/Features/Dashboard/InsightsWidget.swift:37:98: [1;31merror: [1;39mtype '_' cannot be used as a boolean; test for '!= 0' instead[0;0m
 [0;36m35 |[0;0m                         .scaleEffect(0.8)
 [0;36m36 |[0;0m                 } else if !self.intelligenceService.insights.isEmpty {
 [0;36m37 |[0;0m                     Button(action: { self.showAllInsights = true }).accessibilityLabel("Button") {
    [0;36m|[0;0m                                                                                                  `- [1;31merror: [1;39mtype '_' cannot be used as a boolean; test for '!= 0' instead[0;0m
 [0;36m38 |[0;0m                         Text("View All")
 [0;36m39 |[0;0m                             .accessibilityLabel("View All Insights")

/Users/danielstevens/github-projects/tools-automation/MomentumFinance/Shared/Features/Dashboard/InsightsWidget.swift:125:28: [1;31merror: [1;39mmissing argument for parameter #1 in call[0;0m
[0;36m123 |[0;0m                     Spacer()
[0;36m124 |[0;0m 
[0;36m125 |[0;0m                     Button(action: { self.showAllInsights = true }).accessibilityLabel("Button") {
    [0;36m|[0;0m                            `- [1;31merror: [1;39mmissing argument for parameter #1 in call[0;0m
[0;36m126 |[0;0m                         Text("View All")
[0;36m127 |[0;0m                             .accessibilityLabel("View All Insights")

SwiftUI.Button.init:2:36: [1;39mnote: [1;39m'init(_:action:)' declared here[0;0m
[0;36m1 |[0;0m generic struct Button {
[0;36m2 |[0;0m @preconcurrency nonisolated public init(_ titleKey: LocalizedStringKey, action: @escaping @MainActor () -> Void)}
  [0;36m|[0;0m                                    `- [1;39mnote: [1;39m'init(_:action:)' declared here[0;0m
[0;36m3 |[0;0m 

/Users/danielstevens/github-projects/tools-automation/MomentumFinance/Shared/Features/Dashboard/InsightsWidget.swift:125:98: [1;31merror: [1;39mtype '_' cannot be used as a boolean; test for '!= 0' instead[0;0m
[0;36m123 |[0;0m                     Spacer()
[0;36m124 |[0;0m 
[0;36m125 |[0;0m                     Button(action: { self.showAllInsights = true }).accessibilityLabel("Button") {
    [0;36m|[0;0m                                                                                                  `- [1;31merror: [1;39mtype '_' cannot be used as a boolean; test for '!= 0' instead[0;0m
[0;36m126 |[0;0m                         Text("View All")
[0;36m127 |[0;0m                             .accessibilityLabel("View All Insights")

/Users/danielstevens/github-projects/tools-automation/MomentumFinance/Shared/Features/Dashboard/InsightsWidget.swift:145:16: [1;31merror: [1;39mmissing argument for parameter #1 in call[0;0m
[0;36m143 |[0;0m 
[0;36m144 |[0;0m     var body: some View {
[0;36m145 |[0;0m         Button(action: { self.showDetail = true }).accessibilityLabel("Button") {
    [0;36m|[0;0m                `- [1;31merror: [1;39mmissing argument for parameter #1 in call[0;0m
[0;36m146 |[0;0m             HStack(spacing: 12) {
[0;36m147 |[0;0m                 // Priority indicator

SwiftUI.Button.init:2:36: [1;39mnote: [1;39m'init(_:action:)' declared here[0;0m
[0;36m1 |[0;0m generic struct Button {
[0;36m2 |[0;0m @preconcurrency nonisolated public init(_ titleKey: LocalizedStringKey, action: @escaping @MainActor () -> Void)}
  [0;36m|[0;0m                                    `- [1;39mnote: [1;39m'init(_:action:)' declared here[0;0m
[0;36m3 |[0;0m 

/Users/danielstevens/github-projects/tools-automation/MomentumFinance/Shared/Features/Dashboard/InsightsWidget.swift:145:81: [1;31merror: [1;39mtype '_' cannot be used as a boolean; test for '!= 0' instead[0;0m
[0;36m143 |[0;0m 
[0;36m144 |[0;0m     var body: some View {
[0;36m145 |[0;0m         Button(action: { self.showDetail = true }).accessibilityLabel("Button") {
    [0;36m|[0;0m                                                                                 `- [1;31merror: [1;39mtype '_' cannot be used as a boolean; test for '!= 0' instead[0;0m
[0;36m146 |[0;0m             HStack(spacing: 12) {
[0;36m147 |[0;0m                 // Priority indicator

/Users/danielstevens/github-projects/tools-automation/MomentumFinance/Shared/Features/Dashboard/SimpleDashboardView.swift:33:9: [1;31merror: [1;39mproperty 'body' must be declared public because it matches a requirement in public protocol 'View'[0;0m
 [0;36m31 |[0;0m     #endif
 [0;36m32 |[0;0m 
 [0;36m33 |[0;0m     var body: some View {
    [0;36m|[0;0m         |- [1;31merror: [1;39mproperty 'body' must be declared public because it matches a requirement in public protocol 'View'[0;0m
    [0;36m|[0;0m         `- [1;39mnote: [1;39mmark the property as 'public' to satisfy the requirement[0;0m
 [0;36m34 |[0;0m         NavigationStack {
 [0;36m35 |[0;0m             ScrollView {

/Users/danielstevens/github-projects/tools-automation/MomentumFinance/Shared/Features/GlobalSearch/FeatureGlobalSearchView.swift:169:9: [1;31merror: [1;39mproperty 'body' must be declared public because it matches a requirement in public protocol 'View'[0;0m
[0;36m167 |[0;0m     let result: SearchResult
[0;36m168 |[0;0m 
[0;36m169 |[0;0m     var body: some View {
    [0;36m|[0;0m         |- [1;31merror: [1;39mproperty 'body' must be declared public because it matches a requirement in public protocol 'View'[0;0m
    [0;36m|[0;0m         `- [1;39mnote: [1;39mmark the property as 'public' to satisfy the requirement[0;0m
[0;36m170 |[0;0m         HStack(spacing: 12) {
[0;36m171 |[0;0m             // Icon

/Users/danielstevens/github-projects/tools-automation/MomentumFinance/Shared/Features/GlobalSearch/FeatureGlobalSearchView.swift:232:9: [1;31merror: [1;39mproperty 'body' must be declared public because it matches a requirement in public protocol 'View'[0;0m
[0;36m230 |[0;0m     @Environment(\.dismiss) private var dismiss
[0;36m231 |[0;0m 
[0;36m232 |[0;0m     var body: some View {
    [0;36m|[0;0m         |- [1;31merror: [1;39mproperty 'body' must be declared public because it matches a requirement in public protocol 'View'[0;0m
    [0;36m|[0;0m         `- [1;39mnote: [1;39mmark the property as 'public' to satisfy the requirement[0;0m
[0;36m233 |[0;0m         NavigationView {
[0;36m234 |[0;0m             VStack(spacing: 20) {

/Users/danielstevens/github-projects/tools-automation/MomentumFinance/Shared/Features/GlobalSearch/FeatureGlobalSearchView.swift:309:9: [1;31merror: [1;39mproperty 'body' must be declared public because it matches a requirement in public protocol 'View'[0;0m
[0;36m307 |[0;0m     let value: String
[0;36m308 |[0;0m 
[0;36m309 |[0;0m     var body: some View {
    [0;36m|[0;0m         |- [1;31merror: [1;39mproperty 'body' must be declared public because it matches a requirement in public protocol 'View'[0;0m
    [0;36m|[0;0m         `- [1;39mnote: [1;39mmark the property as 'public' to satisfy the requirement[0;0m
[0;36m310 |[0;0m         VStack(alignment: .leading, spacing: 4) {
[0;36m311 |[0;0m             Text(self.label)

/Users/danielstevens/github-projects/tools-automation/MomentumFinance/Shared/Features/GlobalSearch/FeatureGlobalSearchView.swift:68:26: [1;31merror: [1;39mtrailing closure passed to parameter of type 'Visibility' that does not accept a closure[0;0m
 [0;36m66 |[0;0m                 .navigationBarTitleDisplayMode(.inline)
 [0;36m67 |[0;0m             #endif
 [0;36m68 |[0;0m                 .toolbar [4;39m{[0;0m
    [0;36m|[0;0m                          `- [1;31merror: [1;39mtrailing closure passed to parameter of type 'Visibility' that does not accept a closure[0;0m
 [0;36m69 |[0;0m                     ToolbarItem(placement: .cancellationAction) {
 [0;36m70 |[0;0m                         Button("Cancel").accessibilityLabel("Button") {

SwiftUI.View.toolbar:6:27: [1;39mnote: [1;39m'toolbar(_:for:)' declared here[0;0m
[0;36m4 |[0;0m   @available(tvOS, introduced: 16.0, deprecated: 100000.0, renamed: "toolbarVisibility(_:for:)")
[0;36m5 |[0;0m   @available(watchOS, introduced: 9.0, deprecated: 100000.0, renamed: "toolbarVisibility(_:for:)")
[0;36m6 |[0;0m   nonisolated public func toolbar(_ visibility: Visibility, for bars: ToolbarPlacement...) -> some View
  [0;36m|[0;0m                           `- [1;39mnote: [1;39m'toolbar(_:for:)' declared here[0;0m
[0;36m7 |[0;0m   }
[0;36m8 |[0;0m 

/Users/danielstevens/github-projects/tools-automation/MomentumFinance/Shared/Features/GlobalSearch/FeatureGlobalSearchView.swift:279:26: [1;31merror: [1;39mtrailing closure passed to parameter of type 'Visibility' that does not accept a closure[0;0m
[0;36m277 |[0;0m                 .navigationBarTitleDisplayMode(.inline)
[0;36m278 |[0;0m             #endif
[0;36m279 |[0;0m                 .toolbar [4;39m{[0;0m
    [0;36m|[0;0m                          `- [1;31merror: [1;39mtrailing closure passed to parameter of type 'Visibility' that does not accept a closure[0;0m
[0;36m280 |[0;0m                     ToolbarItem(placement: .cancellationAction) {
[0;36m281 |[0;0m                         Button("Done").accessibilityLabel("Button") {

SwiftUI.View.toolbar:6:27: [1;39mnote: [1;39m'toolbar(_:for:)' declared here[0;0m
[0;36m4 |[0;0m   @available(tvOS, introduced: 16.0, deprecated: 100000.0, renamed: "toolbarVisibility(_:for:)")
[0;36m5 |[0;0m   @available(watchOS, introduced: 9.0, deprecated: 100000.0, renamed: "toolbarVisibility(_:for:)")
[0;36m6 |[0;0m   nonisolated public func toolbar(_ visibility: Visibility, for bars: ToolbarPlacement...) -> some View
  [0;36m|[0;0m                           `- [1;39mnote: [1;39m'toolbar(_:for:)' declared here[0;0m
[0;36m7 |[0;0m   }
[0;36m8 |[0;0m 
[41/148] Compiling Shared InsightsSummaryWidget.swift
/Users/danielstevens/github-projects/tools-automation/MomentumFinance/Shared/Features/Dashboard/DashboardUpcomingSubscriptions.swift:44:68: [1;31merror: [1;39mvalue of type 'Subscription' has no member 'icon'[0;0m
 [0;36m42 |[0;0m                                         .frame(width: 36, height: 36)
 [0;36m43 |[0;0m 
 [0;36m44 |[0;0m                                     Image(systemName: [4;39msubscription[0;0m.[4;39micon[0;0m)
    [0;36m|[0;0m                                                                    `- [1;31merror: [1;39mvalue of type 'Subscription' has no member 'icon'[0;0m
 [0;36m45 |[0;0m                                         .font(.caption)
 [0;36m46 |[0;0m                                         .foregroundStyle(.white)

/Users/danielstevens/github-projects/tools-automation/MomentumFinance/Shared/Features/Dashboard/DashboardView.swift:51:26: [1;31merror: [1;39mcannot convert value of type 'String' to specified type 'Int'[0;0m
 [0;36m49 |[0;0m         @MainActor
 [0;36m50 |[0;0m         private func loadData() {
 [0;36m51 |[0;0m             var x: Int = [4;39m"string"[0;0m  // DEBUG
    [0;36m|[0;0m                          `- [1;31merror: [1;39mcannot convert value of type 'String' to specified type 'Int'[0;0m
 [0;36m52 |[0;0m             do {
 [0;36m53 |[0;0m                 let accountDescriptor = FetchDescriptor<FinancialAccount>()

/Users/danielstevens/github-projects/tools-automation/MomentumFinance/Shared/Features/Dashboard/DashboardView.swift:84:72: [1;31merror: [1;39mcannot convert value of type 'UUID' to expected argument type 'String'[0;0m
 [0;36m82 |[0;0m                             onAccountTap: { (accountId: UUID) in
 [0;36m83 |[0;0m                                 self.navigationPath.append(
 [0;36m84 |[0;0m                                     DashboardDestination.accountDetail(accountId)
    [0;36m|[0;0m                                                                        `- [1;31merror: [1;39mcannot convert value of type 'UUID' to expected argument type 'String'[0;0m
 [0;36m85 |[0;0m                                 )
 [0;36m86 |[0;0m                             },

/Users/danielstevens/github-projects/tools-automation/MomentumFinance/Shared/Features/Dashboard/InsightsSummaryWidget.swift:41:9: [1;31merror: [1;39mproperty 'body' must be declared public because it matches a requirement in public protocol 'View'[0;0m
 [0;36m39 |[0;0m     @State private var isLoading = true
 [0;36m40 |[0;0m 
 [0;36m41 |[0;0m     var body: some View {
    [0;36m|[0;0m         |- [1;31merror: [1;39mproperty 'body' must be declared public because it matches a requirement in public protocol 'View'[0;0m
    [0;36m|[0;0m         `- [1;39mnote: [1;39mmark the property as 'public' to satisfy the requirement[0;0m
 [0;36m42 |[0;0m         VStack(alignment: .leading, spacing: 10) {
 [0;36m43 |[0;0m             HStack {

/Users/danielstevens/github-projects/tools-automation/MomentumFinance/Shared/Features/Dashboard/InsightsView.swift:20:9: [1;31merror: [1;39mproperty 'body' must be declared public because it matches a requirement in public protocol 'View'[0;0m
 [0;36m18 |[0;0m     @State private var filterType: InsightType?
 [0;36m19 |[0;0m 
 [0;36m20 |[0;0m     var body: some View {
    [0;36m|[0;0m         |- [1;31merror: [1;39mproperty 'body' must be declared public because it matches a requirement in public protocol 'View'[0;0m
    [0;36m|[0;0m         `- [1;39mnote: [1;39mmark the property as 'public' to satisfy the requirement[0;0m
 [0;36m21 |[0;0m         Group {
 [0;36m22 |[0;0m             #if os(macOS)

/Users/danielstevens/github-projects/tools-automation/MomentumFinance/Shared/Features/Dashboard/InsightsView.swift:26:25: [1;31merror: [1;39mcannot find 'InsightsFilterBar' in scope[0;0m
 [0;36m24 |[0;0m                     VStack(spacing: 0) {
 [0;36m25 |[0;0m                         // Filter Bar
 [0;36m26 |[0;0m                         [4;39mInsightsFilterBar[0;0m(
    [0;36m|[0;0m                         `- [1;31merror: [1;39mcannot find 'InsightsFilterBar' in scope[0;0m
 [0;36m27 |[0;0m                             filterPriority: self.$filterPriority,
 [0;36m28 |[0;0m                             filterType: self.$filterType

/Users/danielstevens/github-projects/tools-automation/MomentumFinance/Shared/Features/Dashboard/InsightsView.swift:35:30: [1;31merror: [1;39mtrailing closure passed to parameter of type 'Visibility' that does not accept a closure[0;0m
 [0;36m33 |[0;0m                     }
 [0;36m34 |[0;0m                     .navigationTitle("Financial Insights")
 [0;36m35 |[0;0m                     .toolbar [4;39m{[0;0m
    [0;36m|[0;0m                              `- [1;31merror: [1;39mtrailing closure passed to parameter of type 'Visibility' that does not accept a closure[0;0m
 [0;36m36 |[0;0m                         ToolbarItem(placement: .navigation) {
 [0;36m37 |[0;0m                             Button("Refresh").accessibilityLabel("Button").accessibilityLabel("Button") {

SwiftUI.View.toolbar:6:27: [1;39mnote: [1;39m'toolbar(_:for:)' declared here[0;0m
[0;36m4 |[0;0m   @available(tvOS, introduced: 16.0, deprecated: 100000.0, renamed: "toolbarVisibility(_:for:)")
[0;36m5 |[0;0m   @available(watchOS, introduced: 9.0, deprecated: 100000.0, renamed: "toolbarVisibility(_:for:)")
[0;36m6 |[0;0m   nonisolated public func toolbar(_ visibility: Visibility, for bars: ToolbarPlacement...) -> some View
  [0;36m|[0;0m                           `- [1;39mnote: [1;39m'toolbar(_:for:)' declared here[0;0m
[0;36m7 |[0;0m   }
[0;36m8 |[0;0m 

/Users/danielstevens/github-projects/tools-automation/MomentumFinance/Shared/Features/Dashboard/InsightsWidget.swift:23:9: [1;31merror: [1;39mproperty 'body' must be declared public because it matches a requirement in public protocol 'View'[0;0m
 [0;36m21 |[0;0m     }
 [0;36m22 |[0;0m 
 [0;36m23 |[0;0m     var body: some View {
    [0;36m|[0;0m         |- [1;31merror: [1;39mproperty 'body' must be declared public because it matches a requirement in public protocol 'View'[0;0m
    [0;36m|[0;0m         `- [1;39mnote: [1;39mmark the property as 'public' to satisfy the requirement[0;0m
 [0;36m24 |[0;0m         VStack(alignment: .leading, spacing: 16) {
 [0;36m25 |[0;0m             // Header

/Users/danielstevens/github-projects/tools-automation/MomentumFinance/Shared/Features/Dashboard/InsightsWidget.swift:144:9: [1;31merror: [1;39mproperty 'body' must be declared public because it matches a requirement in public protocol 'View'[0;0m
[0;36m142 |[0;0m     @State private var showDetail = false
[0;36m143 |[0;0m 
[0;36m144 |[0;0m     var body: some View {
    [0;36m|[0;0m         |- [1;31merror: [1;39mproperty 'body' must be declared public because it matches a requirement in public protocol 'View'[0;0m
    [0;36m|[0;0m         `- [1;39mnote: [1;39mmark the property as 'public' to satisfy the requirement[0;0m
[0;36m145 |[0;0m         Button(action: { self.showDetail = true }).accessibilityLabel("Button") {
[0;36m146 |[0;0m             HStack(spacing: 12) {

/Users/danielstevens/github-projects/tools-automation/MomentumFinance/Shared/Features/Dashboard/InsightsWidget.swift:37:28: [1;31merror: [1;39mmissing argument for parameter #1 in call[0;0m
 [0;36m35 |[0;0m                         .scaleEffect(0.8)
 [0;36m36 |[0;0m                 } else if !self.intelligenceService.insights.isEmpty {
 [0;36m37 |[0;0m                     Button(action: { self.showAllInsights = true }).accessibilityLabel("Button") {
    [0;36m|[0;0m                            `- [1;31merror: [1;39mmissing argument for parameter #1 in call[0;0m
 [0;36m38 |[0;0m                         Text("View All")
 [0;36m39 |[0;0m                             .accessibilityLabel("View All Insights")

SwiftUI.Button.init:2:36: [1;39mnote: [1;39m'init(_:action:)' declared here[0;0m
[0;36m1 |[0;0m generic struct Button {
[0;36m2 |[0;0m @preconcurrency nonisolated public init(_ titleKey: LocalizedStringKey, action: @escaping @MainActor () -> Void)}
  [0;36m|[0;0m                                    `- [1;39mnote: [1;39m'init(_:action:)' declared here[0;0m
[0;36m3 |[0;0m 

/Users/danielstevens/github-projects/tools-automation/MomentumFinance/Shared/Features/Dashboard/InsightsWidget.swift:37:98: [1;31merror: [1;39mtype '_' cannot be used as a boolean; test for '!= 0' instead[0;0m
 [0;36m35 |[0;0m                         .scaleEffect(0.8)
 [0;36m36 |[0;0m                 } else if !self.intelligenceService.insights.isEmpty {
 [0;36m37 |[0;0m                     Button(action: { self.showAllInsights = true }).accessibilityLabel("Button") {
    [0;36m|[0;0m                                                                                                  `- [1;31merror: [1;39mtype '_' cannot be used as a boolean; test for '!= 0' instead[0;0m
 [0;36m38 |[0;0m                         Text("View All")
 [0;36m39 |[0;0m                             .accessibilityLabel("View All Insights")

/Users/danielstevens/github-projects/tools-automation/MomentumFinance/Shared/Features/Dashboard/InsightsWidget.swift:125:28: [1;31merror: [1;39mmissing argument for parameter #1 in call[0;0m
[0;36m123 |[0;0m                     Spacer()
[0;36m124 |[0;0m 
[0;36m125 |[0;0m                     Button(action: { self.showAllInsights = true }).accessibilityLabel("Button") {
    [0;36m|[0;0m                            `- [1;31merror: [1;39mmissing argument for parameter #1 in call[0;0m
[0;36m126 |[0;0m                         Text("View All")
[0;36m127 |[0;0m                             .accessibilityLabel("View All Insights")

SwiftUI.Button.init:2:36: [1;39mnote: [1;39m'init(_:action:)' declared here[0;0m
[0;36m1 |[0;0m generic struct Button {
[0;36m2 |[0;0m @preconcurrency nonisolated public init(_ titleKey: LocalizedStringKey, action: @escaping @MainActor () -> Void)}
  [0;36m|[0;0m                                    `- [1;39mnote: [1;39m'init(_:action:)' declared here[0;0m
[0;36m3 |[0;0m 

/Users/danielstevens/github-projects/tools-automation/MomentumFinance/Shared/Features/Dashboard/InsightsWidget.swift:125:98: [1;31merror: [1;39mtype '_' cannot be used as a boolean; test for '!= 0' instead[0;0m
[0;36m123 |[0;0m                     Spacer()
[0;36m124 |[0;0m 
[0;36m125 |[0;0m                     Button(action: { self.showAllInsights = true }).accessibilityLabel("Button") {
    [0;36m|[0;0m                                                                                                  `- [1;31merror: [1;39mtype '_' cannot be used as a boolean; test for '!= 0' instead[0;0m
[0;36m126 |[0;0m                         Text("View All")
[0;36m127 |[0;0m                             .accessibilityLabel("View All Insights")

/Users/danielstevens/github-projects/tools-automation/MomentumFinance/Shared/Features/Dashboard/InsightsWidget.swift:145:16: [1;31merror: [1;39mmissing argument for parameter #1 in call[0;0m
[0;36m143 |[0;0m 
[0;36m144 |[0;0m     var body: some View {
[0;36m145 |[0;0m         Button(action: { self.showDetail = true }).accessibilityLabel("Button") {
    [0;36m|[0;0m                `- [1;31merror: [1;39mmissing argument for parameter #1 in call[0;0m
[0;36m146 |[0;0m             HStack(spacing: 12) {
[0;36m147 |[0;0m                 // Priority indicator

SwiftUI.Button.init:2:36: [1;39mnote: [1;39m'init(_:action:)' declared here[0;0m
[0;36m1 |[0;0m generic struct Button {
[0;36m2 |[0;0m @preconcurrency nonisolated public init(_ titleKey: LocalizedStringKey, action: @escaping @MainActor () -> Void)}
  [0;36m|[0;0m                                    `- [1;39mnote: [1;39m'init(_:action:)' declared here[0;0m
[0;36m3 |[0;0m 

/Users/danielstevens/github-projects/tools-automation/MomentumFinance/Shared/Features/Dashboard/InsightsWidget.swift:145:81: [1;31merror: [1;39mtype '_' cannot be used as a boolean; test for '!= 0' instead[0;0m
[0;36m143 |[0;0m 
[0;36m144 |[0;0m     var body: some View {
[0;36m145 |[0;0m         Button(action: { self.showDetail = true }).accessibilityLabel("Button") {
    [0;36m|[0;0m                                                                                 `- [1;31merror: [1;39mtype '_' cannot be used as a boolean; test for '!= 0' instead[0;0m
[0;36m146 |[0;0m             HStack(spacing: 12) {
[0;36m147 |[0;0m                 // Priority indicator

/Users/danielstevens/github-projects/tools-automation/MomentumFinance/Shared/Features/Dashboard/SimpleDashboardView.swift:33:9: [1;31merror: [1;39mproperty 'body' must be declared public because it matches a requirement in public protocol 'View'[0;0m
 [0;36m31 |[0;0m     #endif
 [0;36m32 |[0;0m 
 [0;36m33 |[0;0m     var body: some View {
    [0;36m|[0;0m         |- [1;31merror: [1;39mproperty 'body' must be declared public because it matches a requirement in public protocol 'View'[0;0m
    [0;36m|[0;0m         `- [1;39mnote: [1;39mmark the property as 'public' to satisfy the requirement[0;0m
 [0;36m34 |[0;0m         NavigationStack {
 [0;36m35 |[0;0m             ScrollView {

/Users/danielstevens/github-projects/tools-automation/MomentumFinance/Shared/Features/GlobalSearch/FeatureGlobalSearchView.swift:169:9: [1;31merror: [1;39mproperty 'body' must be declared public because it matches a requirement in public protocol 'View'[0;0m
[0;36m167 |[0;0m     let result: SearchResult
[0;36m168 |[0;0m 
[0;36m169 |[0;0m     var body: some View {
    [0;36m|[0;0m         |- [1;31merror: [1;39mproperty 'body' must be declared public because it matches a requirement in public protocol 'View'[0;0m
    [0;36m|[0;0m         `- [1;39mnote: [1;39mmark the property as 'public' to satisfy the requirement[0;0m
[0;36m170 |[0;0m         HStack(spacing: 12) {
[0;36m171 |[0;0m             // Icon

/Users/danielstevens/github-projects/tools-automation/MomentumFinance/Shared/Features/GlobalSearch/FeatureGlobalSearchView.swift:232:9: [1;31merror: [1;39mproperty 'body' must be declared public because it matches a requirement in public protocol 'View'[0;0m
[0;36m230 |[0;0m     @Environment(\.dismiss) private var dismiss
[0;36m231 |[0;0m 
[0;36m232 |[0;0m     var body: some View {
    [0;36m|[0;0m         |- [1;31merror: [1;39mproperty 'body' must be declared public because it matches a requirement in public protocol 'View'[0;0m
    [0;36m|[0;0m         `- [1;39mnote: [1;39mmark the property as 'public' to satisfy the requirement[0;0m
[0;36m233 |[0;0m         NavigationView {
[0;36m234 |[0;0m             VStack(spacing: 20) {

/Users/danielstevens/github-projects/tools-automation/MomentumFinance/Shared/Features/GlobalSearch/FeatureGlobalSearchView.swift:309:9: [1;31merror: [1;39mproperty 'body' must be declared public because it matches a requirement in public protocol 'View'[0;0m
[0;36m307 |[0;0m     let value: String
[0;36m308 |[0;0m 
[0;36m309 |[0;0m     var body: some View {
    [0;36m|[0;0m         |- [1;31merror: [1;39mproperty 'body' must be declared public because it matches a requirement in public protocol 'View'[0;0m
    [0;36m|[0;0m         `- [1;39mnote: [1;39mmark the property as 'public' to satisfy the requirement[0;0m
[0;36m310 |[0;0m         VStack(alignment: .leading, spacing: 4) {
[0;36m311 |[0;0m             Text(self.label)

/Users/danielstevens/github-projects/tools-automation/MomentumFinance/Shared/Features/GlobalSearch/FeatureGlobalSearchView.swift:68:26: [1;31merror: [1;39mtrailing closure passed to parameter of type 'Visibility' that does not accept a closure[0;0m
 [0;36m66 |[0;0m                 .navigationBarTitleDisplayMode(.inline)
 [0;36m67 |[0;0m             #endif
 [0;36m68 |[0;0m                 .toolbar [4;39m{[0;0m
    [0;36m|[0;0m                          `- [1;31merror: [1;39mtrailing closure passed to parameter of type 'Visibility' that does not accept a closure[0;0m
 [0;36m69 |[0;0m                     ToolbarItem(placement: .cancellationAction) {
 [0;36m70 |[0;0m                         Button("Cancel").accessibilityLabel("Button") {

SwiftUI.View.toolbar:6:27: [1;39mnote: [1;39m'toolbar(_:for:)' declared here[0;0m
[0;36m4 |[0;0m   @available(tvOS, introduced: 16.0, deprecated: 100000.0, renamed: "toolbarVisibility(_:for:)")
[0;36m5 |[0;0m   @available(watchOS, introduced: 9.0, deprecated: 100000.0, renamed: "toolbarVisibility(_:for:)")
[0;36m6 |[0;0m   nonisolated public func toolbar(_ visibility: Visibility, for bars: ToolbarPlacement...) -> some View
  [0;36m|[0;0m                           `- [1;39mnote: [1;39m'toolbar(_:for:)' declared here[0;0m
[0;36m7 |[0;0m   }
[0;36m8 |[0;0m 

/Users/danielstevens/github-projects/tools-automation/MomentumFinance/Shared/Features/GlobalSearch/FeatureGlobalSearchView.swift:279:26: [1;31merror: [1;39mtrailing closure passed to parameter of type 'Visibility' that does not accept a closure[0;0m
[0;36m277 |[0;0m                 .navigationBarTitleDisplayMode(.inline)
[0;36m278 |[0;0m             #endif
[0;36m279 |[0;0m                 .toolbar [4;39m{[0;0m
    [0;36m|[0;0m                          `- [1;31merror: [1;39mtrailing closure passed to parameter of type 'Visibility' that does not accept a closure[0;0m
[0;36m280 |[0;0m                     ToolbarItem(placement: .cancellationAction) {
[0;36m281 |[0;0m                         Button("Done").accessibilityLabel("Button") {

SwiftUI.View.toolbar:6:27: [1;39mnote: [1;39m'toolbar(_:for:)' declared here[0;0m
[0;36m4 |[0;0m   @available(tvOS, introduced: 16.0, deprecated: 100000.0, renamed: "toolbarVisibility(_:for:)")
[0;36m5 |[0;0m   @available(watchOS, introduced: 9.0, deprecated: 100000.0, renamed: "toolbarVisibility(_:for:)")
[0;36m6 |[0;0m   nonisolated public func toolbar(_ visibility: Visibility, for bars: ToolbarPlacement...) -> some View
  [0;36m|[0;0m                           `- [1;39mnote: [1;39m'toolbar(_:for:)' declared here[0;0m
[0;36m7 |[0;0m   }
[0;36m8 |[0;0m 
[42/148] Compiling Shared InsightsView.swift
/Users/danielstevens/github-projects/tools-automation/MomentumFinance/Shared/Features/Dashboard/DashboardUpcomingSubscriptions.swift:44:68: [1;31merror: [1;39mvalue of type 'Subscription' has no member 'icon'[0;0m
 [0;36m42 |[0;0m                                         .frame(width: 36, height: 36)
 [0;36m43 |[0;0m 
 [0;36m44 |[0;0m                                     Image(systemName: [4;39msubscription[0;0m.[4;39micon[0;0m)
    [0;36m|[0;0m                                                                    `- [1;31merror: [1;39mvalue of type 'Subscription' has no member 'icon'[0;0m
 [0;36m45 |[0;0m                                         .font(.caption)
 [0;36m46 |[0;0m                                         .foregroundStyle(.white)

/Users/danielstevens/github-projects/tools-automation/MomentumFinance/Shared/Features/Dashboard/DashboardView.swift:51:26: [1;31merror: [1;39mcannot convert value of type 'String' to specified type 'Int'[0;0m
 [0;36m49 |[0;0m         @MainActor
 [0;36m50 |[0;0m         private func loadData() {
 [0;36m51 |[0;0m             var x: Int = [4;39m"string"[0;0m  // DEBUG
    [0;36m|[0;0m                          `- [1;31merror: [1;39mcannot convert value of type 'String' to specified type 'Int'[0;0m
 [0;36m52 |[0;0m             do {
 [0;36m53 |[0;0m                 let accountDescriptor = FetchDescriptor<FinancialAccount>()

/Users/danielstevens/github-projects/tools-automation/MomentumFinance/Shared/Features/Dashboard/DashboardView.swift:84:72: [1;31merror: [1;39mcannot convert value of type 'UUID' to expected argument type 'String'[0;0m
 [0;36m82 |[0;0m                             onAccountTap: { (accountId: UUID) in
 [0;36m83 |[0;0m                                 self.navigationPath.append(
 [0;36m84 |[0;0m                                     DashboardDestination.accountDetail(accountId)
    [0;36m|[0;0m                                                                        `- [1;31merror: [1;39mcannot convert value of type 'UUID' to expected argument type 'String'[0;0m
 [0;36m85 |[0;0m                                 )
 [0;36m86 |[0;0m                             },

/Users/danielstevens/github-projects/tools-automation/MomentumFinance/Shared/Features/Dashboard/InsightsSummaryWidget.swift:41:9: [1;31merror: [1;39mproperty 'body' must be declared public because it matches a requirement in public protocol 'View'[0;0m
 [0;36m39 |[0;0m     @State private var isLoading = true
 [0;36m40 |[0;0m 
 [0;36m41 |[0;0m     var body: some View {
    [0;36m|[0;0m         |- [1;31merror: [1;39mproperty 'body' must be declared public because it matches a requirement in public protocol 'View'[0;0m
    [0;36m|[0;0m         `- [1;39mnote: [1;39mmark the property as 'public' to satisfy the requirement[0;0m
 [0;36m42 |[0;0m         VStack(alignment: .leading, spacing: 10) {
 [0;36m43 |[0;0m             HStack {

/Users/danielstevens/github-projects/tools-automation/MomentumFinance/Shared/Features/Dashboard/InsightsView.swift:20:9: [1;31merror: [1;39mproperty 'body' must be declared public because it matches a requirement in public protocol 'View'[0;0m
 [0;36m18 |[0;0m     @State private var filterType: InsightType?
 [0;36m19 |[0;0m 
 [0;36m20 |[0;0m     var body: some View {
    [0;36m|[0;0m         |- [1;31merror: [1;39mproperty 'body' must be declared public because it matches a requirement in public protocol 'View'[0;0m
    [0;36m|[0;0m         `- [1;39mnote: [1;39mmark the property as 'public' to satisfy the requirement[0;0m
 [0;36m21 |[0;0m         Group {
 [0;36m22 |[0;0m             #if os(macOS)

/Users/danielstevens/github-projects/tools-automation/MomentumFinance/Shared/Features/Dashboard/InsightsView.swift:26:25: [1;31merror: [1;39mcannot find 'InsightsFilterBar' in scope[0;0m
 [0;36m24 |[0;0m                     VStack(spacing: 0) {
 [0;36m25 |[0;0m                         // Filter Bar
 [0;36m26 |[0;0m                         [4;39mInsightsFilterBar[0;0m(
    [0;36m|[0;0m                         `- [1;31merror: [1;39mcannot find 'InsightsFilterBar' in scope[0;0m
 [0;36m27 |[0;0m                             filterPriority: self.$filterPriority,
 [0;36m28 |[0;0m                             filterType: self.$filterType

/Users/danielstevens/github-projects/tools-automation/MomentumFinance/Shared/Features/Dashboard/InsightsView.swift:35:30: [1;31merror: [1;39mtrailing closure passed to parameter of type 'Visibility' that does not accept a closure[0;0m
 [0;36m33 |[0;0m                     }
 [0;36m34 |[0;0m                     .navigationTitle("Financial Insights")
 [0;36m35 |[0;0m                     .toolbar [4;39m{[0;0m
    [0;36m|[0;0m                              `- [1;31merror: [1;39mtrailing closure passed to parameter of type 'Visibility' that does not accept a closure[0;0m
 [0;36m36 |[0;0m                         ToolbarItem(placement: .navigation) {
 [0;36m37 |[0;0m                             Button("Refresh").accessibilityLabel("Button").accessibilityLabel("Button") {

SwiftUI.View.toolbar:6:27: [1;39mnote: [1;39m'toolbar(_:for:)' declared here[0;0m
[0;36m4 |[0;0m   @available(tvOS, introduced: 16.0, deprecated: 100000.0, renamed: "toolbarVisibility(_:for:)")
[0;36m5 |[0;0m   @available(watchOS, introduced: 9.0, deprecated: 100000.0, renamed: "toolbarVisibility(_:for:)")
[0;36m6 |[0;0m   nonisolated public func toolbar(_ visibility: Visibility, for bars: ToolbarPlacement...) -> some View
  [0;36m|[0;0m                           `- [1;39mnote: [1;39m'toolbar(_:for:)' declared here[0;0m
[0;36m7 |[0;0m   }
[0;36m8 |[0;0m 

/Users/danielstevens/github-projects/tools-automation/MomentumFinance/Shared/Features/Dashboard/InsightsWidget.swift:23:9: [1;31merror: [1;39mproperty 'body' must be declared public because it matches a requirement in public protocol 'View'[0;0m
 [0;36m21 |[0;0m     }
 [0;36m22 |[0;0m 
 [0;36m23 |[0;0m     var body: some View {
    [0;36m|[0;0m         |- [1;31merror: [1;39mproperty 'body' must be declared public because it matches a requirement in public protocol 'View'[0;0m
    [0;36m|[0;0m         `- [1;39mnote: [1;39mmark the property as 'public' to satisfy the requirement[0;0m
 [0;36m24 |[0;0m         VStack(alignment: .leading, spacing: 16) {
 [0;36m25 |[0;0m             // Header

/Users/danielstevens/github-projects/tools-automation/MomentumFinance/Shared/Features/Dashboard/InsightsWidget.swift:144:9: [1;31merror: [1;39mproperty 'body' must be declared public because it matches a requirement in public protocol 'View'[0;0m
[0;36m142 |[0;0m     @State private var showDetail = false
[0;36m143 |[0;0m 
[0;36m144 |[0;0m     var body: some View {
    [0;36m|[0;0m         |- [1;31merror: [1;39mproperty 'body' must be declared public because it matches a requirement in public protocol 'View'[0;0m
    [0;36m|[0;0m         `- [1;39mnote: [1;39mmark the property as 'public' to satisfy the requirement[0;0m
[0;36m145 |[0;0m         Button(action: { self.showDetail = true }).accessibilityLabel("Button") {
[0;36m146 |[0;0m             HStack(spacing: 12) {

/Users/danielstevens/github-projects/tools-automation/MomentumFinance/Shared/Features/Dashboard/InsightsWidget.swift:37:28: [1;31merror: [1;39mmissing argument for parameter #1 in call[0;0m
 [0;36m35 |[0;0m                         .scaleEffect(0.8)
 [0;36m36 |[0;0m                 } else if !self.intelligenceService.insights.isEmpty {
 [0;36m37 |[0;0m                     Button(action: { self.showAllInsights = true }).accessibilityLabel("Button") {
    [0;36m|[0;0m                            `- [1;31merror: [1;39mmissing argument for parameter #1 in call[0;0m
 [0;36m38 |[0;0m                         Text("View All")
 [0;36m39 |[0;0m                             .accessibilityLabel("View All Insights")

SwiftUI.Button.init:2:36: [1;39mnote: [1;39m'init(_:action:)' declared here[0;0m
[0;36m1 |[0;0m generic struct Button {
[0;36m2 |[0;0m @preconcurrency nonisolated public init(_ titleKey: LocalizedStringKey, action: @escaping @MainActor () -> Void)}
  [0;36m|[0;0m                                    `- [1;39mnote: [1;39m'init(_:action:)' declared here[0;0m
[0;36m3 |[0;0m 

/Users/danielstevens/github-projects/tools-automation/MomentumFinance/Shared/Features/Dashboard/InsightsWidget.swift:37:98: [1;31merror: [1;39mtype '_' cannot be used as a boolean; test for '!= 0' instead[0;0m
 [0;36m35 |[0;0m                         .scaleEffect(0.8)
 [0;36m36 |[0;0m                 } else if !self.intelligenceService.insights.isEmpty {
 [0;36m37 |[0;0m                     Button(action: { self.showAllInsights = true }).accessibilityLabel("Button") {
    [0;36m|[0;0m                                                                                                  `- [1;31merror: [1;39mtype '_' cannot be used as a boolean; test for '!= 0' instead[0;0m
 [0;36m38 |[0;0m                         Text("View All")
 [0;36m39 |[0;0m                             .accessibilityLabel("View All Insights")

/Users/danielstevens/github-projects/tools-automation/MomentumFinance/Shared/Features/Dashboard/InsightsWidget.swift:125:28: [1;31merror: [1;39mmissing argument for parameter #1 in call[0;0m
[0;36m123 |[0;0m                     Spacer()
[0;36m124 |[0;0m 
[0;36m125 |[0;0m                     Button(action: { self.showAllInsights = true }).accessibilityLabel("Button") {
    [0;36m|[0;0m                            `- [1;31merror: [1;39mmissing argument for parameter #1 in call[0;0m
[0;36m126 |[0;0m                         Text("View All")
[0;36m127 |[0;0m                             .accessibilityLabel("View All Insights")

SwiftUI.Button.init:2:36: [1;39mnote: [1;39m'init(_:action:)' declared here[0;0m
[0;36m1 |[0;0m generic struct Button {
[0;36m2 |[0;0m @preconcurrency nonisolated public init(_ titleKey: LocalizedStringKey, action: @escaping @MainActor () -> Void)}
  [0;36m|[0;0m                                    `- [1;39mnote: [1;39m'init(_:action:)' declared here[0;0m
[0;36m3 |[0;0m 

/Users/danielstevens/github-projects/tools-automation/MomentumFinance/Shared/Features/Dashboard/InsightsWidget.swift:125:98: [1;31merror: [1;39mtype '_' cannot be used as a boolean; test for '!= 0' instead[0;0m
[0;36m123 |[0;0m                     Spacer()
[0;36m124 |[0;0m 
[0;36m125 |[0;0m                     Button(action: { self.showAllInsights = true }).accessibilityLabel("Button") {
    [0;36m|[0;0m                                                                                                  `- [1;31merror: [1;39mtype '_' cannot be used as a boolean; test for '!= 0' instead[0;0m
[0;36m126 |[0;0m                         Text("View All")
[0;36m127 |[0;0m                             .accessibilityLabel("View All Insights")

/Users/danielstevens/github-projects/tools-automation/MomentumFinance/Shared/Features/Dashboard/InsightsWidget.swift:145:16: [1;31merror: [1;39mmissing argument for parameter #1 in call[0;0m
[0;36m143 |[0;0m 
[0;36m144 |[0;0m     var body: some View {
[0;36m145 |[0;0m         Button(action: { self.showDetail = true }).accessibilityLabel("Button") {
    [0;36m|[0;0m                `- [1;31merror: [1;39mmissing argument for parameter #1 in call[0;0m
[0;36m146 |[0;0m             HStack(spacing: 12) {
[0;36m147 |[0;0m                 // Priority indicator

SwiftUI.Button.init:2:36: [1;39mnote: [1;39m'init(_:action:)' declared here[0;0m
[0;36m1 |[0;0m generic struct Button {
[0;36m2 |[0;0m @preconcurrency nonisolated public init(_ titleKey: LocalizedStringKey, action: @escaping @MainActor () -> Void)}
  [0;36m|[0;0m                                    `- [1;39mnote: [1;39m'init(_:action:)' declared here[0;0m
[0;36m3 |[0;0m 

/Users/danielstevens/github-projects/tools-automation/MomentumFinance/Shared/Features/Dashboard/InsightsWidget.swift:145:81: [1;31merror: [1;39mtype '_' cannot be used as a boolean; test for '!= 0' instead[0;0m
[0;36m143 |[0;0m 
[0;36m144 |[0;0m     var body: some View {
[0;36m145 |[0;0m         Button(action: { self.showDetail = true }).accessibilityLabel("Button") {
    [0;36m|[0;0m                                                                                 `- [1;31merror: [1;39mtype '_' cannot be used as a boolean; test for '!= 0' instead[0;0m
[0;36m146 |[0;0m             HStack(spacing: 12) {
[0;36m147 |[0;0m                 // Priority indicator

/Users/danielstevens/github-projects/tools-automation/MomentumFinance/Shared/Features/Dashboard/SimpleDashboardView.swift:33:9: [1;31merror: [1;39mproperty 'body' must be declared public because it matches a requirement in public protocol 'View'[0;0m
 [0;36m31 |[0;0m     #endif
 [0;36m32 |[0;0m 
 [0;36m33 |[0;0m     var body: some View {
    [0;36m|[0;0m         |- [1;31merror: [1;39mproperty 'body' must be declared public because it matches a requirement in public protocol 'View'[0;0m
    [0;36m|[0;0m         `- [1;39mnote: [1;39mmark the property as 'public' to satisfy the requirement[0;0m
 [0;36m34 |[0;0m         NavigationStack {
 [0;36m35 |[0;0m             ScrollView {

/Users/danielstevens/github-projects/tools-automation/MomentumFinance/Shared/Features/GlobalSearch/FeatureGlobalSearchView.swift:169:9: [1;31merror: [1;39mproperty 'body' must be declared public because it matches a requirement in public protocol 'View'[0;0m
[0;36m167 |[0;0m     let result: SearchResult
[0;36m168 |[0;0m 
[0;36m169 |[0;0m     var body: some View {
    [0;36m|[0;0m         |- [1;31merror: [1;39mproperty 'body' must be declared public because it matches a requirement in public protocol 'View'[0;0m
    [0;36m|[0;0m         `- [1;39mnote: [1;39mmark the property as 'public' to satisfy the requirement[0;0m
[0;36m170 |[0;0m         HStack(spacing: 12) {
[0;36m171 |[0;0m             // Icon

/Users/danielstevens/github-projects/tools-automation/MomentumFinance/Shared/Features/GlobalSearch/FeatureGlobalSearchView.swift:232:9: [1;31merror: [1;39mproperty 'body' must be declared public because it matches a requirement in public protocol 'View'[0;0m
[0;36m230 |[0;0m     @Environment(\.dismiss) private var dismiss
[0;36m231 |[0;0m 
[0;36m232 |[0;0m     var body: some View {
    [0;36m|[0;0m         |- [1;31merror: [1;39mproperty 'body' must be declared public because it matches a requirement in public protocol 'View'[0;0m
    [0;36m|[0;0m         `- [1;39mnote: [1;39mmark the property as 'public' to satisfy the requirement[0;0m
[0;36m233 |[0;0m         NavigationView {
[0;36m234 |[0;0m             VStack(spacing: 20) {

/Users/danielstevens/github-projects/tools-automation/MomentumFinance/Shared/Features/GlobalSearch/FeatureGlobalSearchView.swift:309:9: [1;31merror: [1;39mproperty 'body' must be declared public because it matches a requirement in public protocol 'View'[0;0m
[0;36m307 |[0;0m     let value: String
[0;36m308 |[0;0m 
[0;36m309 |[0;0m     var body: some View {
    [0;36m|[0;0m         |- [1;31merror: [1;39mproperty 'body' must be declared public because it matches a requirement in public protocol 'View'[0;0m
    [0;36m|[0;0m         `- [1;39mnote: [1;39mmark the property as 'public' to satisfy the requirement[0;0m
[0;36m310 |[0;0m         VStack(alignment: .leading, spacing: 4) {
[0;36m311 |[0;0m             Text(self.label)

/Users/danielstevens/github-projects/tools-automation/MomentumFinance/Shared/Features/GlobalSearch/FeatureGlobalSearchView.swift:68:26: [1;31merror: [1;39mtrailing closure passed to parameter of type 'Visibility' that does not accept a closure[0;0m
 [0;36m66 |[0;0m                 .navigationBarTitleDisplayMode(.inline)
 [0;36m67 |[0;0m             #endif
 [0;36m68 |[0;0m                 .toolbar [4;39m{[0;0m
    [0;36m|[0;0m                          `- [1;31merror: [1;39mtrailing closure passed to parameter of type 'Visibility' that does not accept a closure[0;0m
 [0;36m69 |[0;0m                     ToolbarItem(placement: .cancellationAction) {
 [0;36m70 |[0;0m                         Button("Cancel").accessibilityLabel("Button") {

SwiftUI.View.toolbar:6:27: [1;39mnote: [1;39m'toolbar(_:for:)' declared here[0;0m
[0;36m4 |[0;0m   @available(tvOS, introduced: 16.0, deprecated: 100000.0, renamed: "toolbarVisibility(_:for:)")
[0;36m5 |[0;0m   @available(watchOS, introduced: 9.0, deprecated: 100000.0, renamed: "toolbarVisibility(_:for:)")
[0;36m6 |[0;0m   nonisolated public func toolbar(_ visibility: Visibility, for bars: ToolbarPlacement...) -> some View
  [0;36m|[0;0m                           `- [1;39mnote: [1;39m'toolbar(_:for:)' declared here[0;0m
[0;36m7 |[0;0m   }
[0;36m8 |[0;0m 

/Users/danielstevens/github-projects/tools-automation/MomentumFinance/Shared/Features/GlobalSearch/FeatureGlobalSearchView.swift:279:26: [1;31merror: [1;39mtrailing closure passed to parameter of type 'Visibility' that does not accept a closure[0;0m
[0;36m277 |[0;0m                 .navigationBarTitleDisplayMode(.inline)
[0;36m278 |[0;0m             #endif
[0;36m279 |[0;0m                 .toolbar [4;39m{[0;0m
    [0;36m|[0;0m                          `- [1;31merror: [1;39mtrailing closure passed to parameter of type 'Visibility' that does not accept a closure[0;0m
[0;36m280 |[0;0m                     ToolbarItem(placement: .cancellationAction) {
[0;36m281 |[0;0m                         Button("Done").accessibilityLabel("Button") {

SwiftUI.View.toolbar:6:27: [1;39mnote: [1;39m'toolbar(_:for:)' declared here[0;0m
[0;36m4 |[0;0m   @available(tvOS, introduced: 16.0, deprecated: 100000.0, renamed: "toolbarVisibility(_:for:)")
[0;36m5 |[0;0m   @available(watchOS, introduced: 9.0, deprecated: 100000.0, renamed: "toolbarVisibility(_:for:)")
[0;36m6 |[0;0m   nonisolated public func toolbar(_ visibility: Visibility, for bars: ToolbarPlacement...) -> some View
  [0;36m|[0;0m                           `- [1;39mnote: [1;39m'toolbar(_:for:)' declared here[0;0m
[0;36m7 |[0;0m   }
[0;36m8 |[0;0m 
[43/148] Compiling Shared InsightsWidget.swift
/Users/danielstevens/github-projects/tools-automation/MomentumFinance/Shared/Features/Dashboard/DashboardUpcomingSubscriptions.swift:44:68: [1;31merror: [1;39mvalue of type 'Subscription' has no member 'icon'[0;0m
 [0;36m42 |[0;0m                                         .frame(width: 36, height: 36)
 [0;36m43 |[0;0m 
 [0;36m44 |[0;0m                                     Image(systemName: [4;39msubscription[0;0m.[4;39micon[0;0m)
    [0;36m|[0;0m                                                                    `- [1;31merror: [1;39mvalue of type 'Subscription' has no member 'icon'[0;0m
 [0;36m45 |[0;0m                                         .font(.caption)
 [0;36m46 |[0;0m                                         .foregroundStyle(.white)

/Users/danielstevens/github-projects/tools-automation/MomentumFinance/Shared/Features/Dashboard/DashboardView.swift:51:26: [1;31merror: [1;39mcannot convert value of type 'String' to specified type 'Int'[0;0m
 [0;36m49 |[0;0m         @MainActor
 [0;36m50 |[0;0m         private func loadData() {
 [0;36m51 |[0;0m             var x: Int = [4;39m"string"[0;0m  // DEBUG
    [0;36m|[0;0m                          `- [1;31merror: [1;39mcannot convert value of type 'String' to specified type 'Int'[0;0m
 [0;36m52 |[0;0m             do {
 [0;36m53 |[0;0m                 let accountDescriptor = FetchDescriptor<FinancialAccount>()

/Users/danielstevens/github-projects/tools-automation/MomentumFinance/Shared/Features/Dashboard/DashboardView.swift:84:72: [1;31merror: [1;39mcannot convert value of type 'UUID' to expected argument type 'String'[0;0m
 [0;36m82 |[0;0m                             onAccountTap: { (accountId: UUID) in
 [0;36m83 |[0;0m                                 self.navigationPath.append(
 [0;36m84 |[0;0m                                     DashboardDestination.accountDetail(accountId)
    [0;36m|[0;0m                                                                        `- [1;31merror: [1;39mcannot convert value of type 'UUID' to expected argument type 'String'[0;0m
 [0;36m85 |[0;0m                                 )
 [0;36m86 |[0;0m                             },

/Users/danielstevens/github-projects/tools-automation/MomentumFinance/Shared/Features/Dashboard/InsightsSummaryWidget.swift:41:9: [1;31merror: [1;39mproperty 'body' must be declared public because it matches a requirement in public protocol 'View'[0;0m
 [0;36m39 |[0;0m     @State private var isLoading = true
 [0;36m40 |[0;0m 
 [0;36m41 |[0;0m     var body: some View {
    [0;36m|[0;0m         |- [1;31merror: [1;39mproperty 'body' must be declared public because it matches a requirement in public protocol 'View'[0;0m
    [0;36m|[0;0m         `- [1;39mnote: [1;39mmark the property as 'public' to satisfy the requirement[0;0m
 [0;36m42 |[0;0m         VStack(alignment: .leading, spacing: 10) {
 [0;36m43 |[0;0m             HStack {

/Users/danielstevens/github-projects/tools-automation/MomentumFinance/Shared/Features/Dashboard/InsightsView.swift:20:9: [1;31merror: [1;39mproperty 'body' must be declared public because it matches a requirement in public protocol 'View'[0;0m
 [0;36m18 |[0;0m     @State private var filterType: InsightType?
 [0;36m19 |[0;0m 
 [0;36m20 |[0;0m     var body: some View {
    [0;36m|[0;0m         |- [1;31merror: [1;39mproperty 'body' must be declared public because it matches a requirement in public protocol 'View'[0;0m
    [0;36m|[0;0m         `- [1;39mnote: [1;39mmark the property as 'public' to satisfy the requirement[0;0m
 [0;36m21 |[0;0m         Group {
 [0;36m22 |[0;0m             #if os(macOS)

/Users/danielstevens/github-projects/tools-automation/MomentumFinance/Shared/Features/Dashboard/InsightsView.swift:26:25: [1;31merror: [1;39mcannot find 'InsightsFilterBar' in scope[0;0m
 [0;36m24 |[0;0m                     VStack(spacing: 0) {
 [0;36m25 |[0;0m                         // Filter Bar
 [0;36m26 |[0;0m                         [4;39mInsightsFilterBar[0;0m(
    [0;36m|[0;0m                         `- [1;31merror: [1;39mcannot find 'InsightsFilterBar' in scope[0;0m
 [0;36m27 |[0;0m                             filterPriority: self.$filterPriority,
 [0;36m28 |[0;0m                             filterType: self.$filterType

/Users/danielstevens/github-projects/tools-automation/MomentumFinance/Shared/Features/Dashboard/InsightsView.swift:35:30: [1;31merror: [1;39mtrailing closure passed to parameter of type 'Visibility' that does not accept a closure[0;0m
 [0;36m33 |[0;0m                     }
 [0;36m34 |[0;0m                     .navigationTitle("Financial Insights")
 [0;36m35 |[0;0m                     .toolbar [4;39m{[0;0m
    [0;36m|[0;0m                              `- [1;31merror: [1;39mtrailing closure passed to parameter of type 'Visibility' that does not accept a closure[0;0m
 [0;36m36 |[0;0m                         ToolbarItem(placement: .navigation) {
 [0;36m37 |[0;0m                             Button("Refresh").accessibilityLabel("Button").accessibilityLabel("Button") {

SwiftUI.View.toolbar:6:27: [1;39mnote: [1;39m'toolbar(_:for:)' declared here[0;0m
[0;36m4 |[0;0m   @available(tvOS, introduced: 16.0, deprecated: 100000.0, renamed: "toolbarVisibility(_:for:)")
[0;36m5 |[0;0m   @available(watchOS, introduced: 9.0, deprecated: 100000.0, renamed: "toolbarVisibility(_:for:)")
[0;36m6 |[0;0m   nonisolated public func toolbar(_ visibility: Visibility, for bars: ToolbarPlacement...) -> some View
  [0;36m|[0;0m                           `- [1;39mnote: [1;39m'toolbar(_:for:)' declared here[0;0m
[0;36m7 |[0;0m   }
[0;36m8 |[0;0m 

/Users/danielstevens/github-projects/tools-automation/MomentumFinance/Shared/Features/Dashboard/InsightsWidget.swift:23:9: [1;31merror: [1;39mproperty 'body' must be declared public because it matches a requirement in public protocol 'View'[0;0m
 [0;36m21 |[0;0m     }
 [0;36m22 |[0;0m 
 [0;36m23 |[0;0m     var body: some View {
    [0;36m|[0;0m         |- [1;31merror: [1;39mproperty 'body' must be declared public because it matches a requirement in public protocol 'View'[0;0m
    [0;36m|[0;0m         `- [1;39mnote: [1;39mmark the property as 'public' to satisfy the requirement[0;0m
 [0;36m24 |[0;0m         VStack(alignment: .leading, spacing: 16) {
 [0;36m25 |[0;0m             // Header

/Users/danielstevens/github-projects/tools-automation/MomentumFinance/Shared/Features/Dashboard/InsightsWidget.swift:144:9: [1;31merror: [1;39mproperty 'body' must be declared public because it matches a requirement in public protocol 'View'[0;0m
[0;36m142 |[0;0m     @State private var showDetail = false
[0;36m143 |[0;0m 
[0;36m144 |[0;0m     var body: some View {
    [0;36m|[0;0m         |- [1;31merror: [1;39mproperty 'body' must be declared public because it matches a requirement in public protocol 'View'[0;0m
    [0;36m|[0;0m         `- [1;39mnote: [1;39mmark the property as 'public' to satisfy the requirement[0;0m
[0;36m145 |[0;0m         Button(action: { self.showDetail = true }).accessibilityLabel("Button") {
[0;36m146 |[0;0m             HStack(spacing: 12) {

/Users/danielstevens/github-projects/tools-automation/MomentumFinance/Shared/Features/Dashboard/InsightsWidget.swift:37:28: [1;31merror: [1;39mmissing argument for parameter #1 in call[0;0m
 [0;36m35 |[0;0m                         .scaleEffect(0.8)
 [0;36m36 |[0;0m                 } else if !self.intelligenceService.insights.isEmpty {
 [0;36m37 |[0;0m                     Button(action: { self.showAllInsights = true }).accessibilityLabel("Button") {
    [0;36m|[0;0m                            `- [1;31merror: [1;39mmissing argument for parameter #1 in call[0;0m
 [0;36m38 |[0;0m                         Text("View All")
 [0;36m39 |[0;0m                             .accessibilityLabel("View All Insights")

SwiftUI.Button.init:2:36: [1;39mnote: [1;39m'init(_:action:)' declared here[0;0m
[0;36m1 |[0;0m generic struct Button {
[0;36m2 |[0;0m @preconcurrency nonisolated public init(_ titleKey: LocalizedStringKey, action: @escaping @MainActor () -> Void)}
  [0;36m|[0;0m                                    `- [1;39mnote: [1;39m'init(_:action:)' declared here[0;0m
[0;36m3 |[0;0m 

/Users/danielstevens/github-projects/tools-automation/MomentumFinance/Shared/Features/Dashboard/InsightsWidget.swift:37:98: [1;31merror: [1;39mtype '_' cannot be used as a boolean; test for '!= 0' instead[0;0m
 [0;36m35 |[0;0m                         .scaleEffect(0.8)
 [0;36m36 |[0;0m                 } else if !self.intelligenceService.insights.isEmpty {
 [0;36m37 |[0;0m                     Button(action: { self.showAllInsights = true }).accessibilityLabel("Button") {
    [0;36m|[0;0m                                                                                                  `- [1;31merror: [1;39mtype '_' cannot be used as a boolean; test for '!= 0' instead[0;0m
 [0;36m38 |[0;0m                         Text("View All")
 [0;36m39 |[0;0m                             .accessibilityLabel("View All Insights")

/Users/danielstevens/github-projects/tools-automation/MomentumFinance/Shared/Features/Dashboard/InsightsWidget.swift:125:28: [1;31merror: [1;39mmissing argument for parameter #1 in call[0;0m
[0;36m123 |[0;0m                     Spacer()
[0;36m124 |[0;0m 
[0;36m125 |[0;0m                     Button(action: { self.showAllInsights = true }).accessibilityLabel("Button") {
    [0;36m|[0;0m                            `- [1;31merror: [1;39mmissing argument for parameter #1 in call[0;0m
[0;36m126 |[0;0m                         Text("View All")
[0;36m127 |[0;0m                             .accessibilityLabel("View All Insights")

SwiftUI.Button.init:2:36: [1;39mnote: [1;39m'init(_:action:)' declared here[0;0m
[0;36m1 |[0;0m generic struct Button {
[0;36m2 |[0;0m @preconcurrency nonisolated public init(_ titleKey: LocalizedStringKey, action: @escaping @MainActor () -> Void)}
  [0;36m|[0;0m                                    `- [1;39mnote: [1;39m'init(_:action:)' declared here[0;0m
[0;36m3 |[0;0m 

/Users/danielstevens/github-projects/tools-automation/MomentumFinance/Shared/Features/Dashboard/InsightsWidget.swift:125:98: [1;31merror: [1;39mtype '_' cannot be used as a boolean; test for '!= 0' instead[0;0m
[0;36m123 |[0;0m                     Spacer()
[0;36m124 |[0;0m 
[0;36m125 |[0;0m                     Button(action: { self.showAllInsights = true }).accessibilityLabel("Button") {
    [0;36m|[0;0m                                                                                                  `- [1;31merror: [1;39mtype '_' cannot be used as a boolean; test for '!= 0' instead[0;0m
[0;36m126 |[0;0m                         Text("View All")
[0;36m127 |[0;0m                             .accessibilityLabel("View All Insights")

/Users/danielstevens/github-projects/tools-automation/MomentumFinance/Shared/Features/Dashboard/InsightsWidget.swift:145:16: [1;31merror: [1;39mmissing argument for parameter #1 in call[0;0m
[0;36m143 |[0;0m 
[0;36m144 |[0;0m     var body: some View {
[0;36m145 |[0;0m         Button(action: { self.showDetail = true }).accessibilityLabel("Button") {
    [0;36m|[0;0m                `- [1;31merror: [1;39mmissing argument for parameter #1 in call[0;0m
[0;36m146 |[0;0m             HStack(spacing: 12) {
[0;36m147 |[0;0m                 // Priority indicator

SwiftUI.Button.init:2:36: [1;39mnote: [1;39m'init(_:action:)' declared here[0;0m
[0;36m1 |[0;0m generic struct Button {
[0;36m2 |[0;0m @preconcurrency nonisolated public init(_ titleKey: LocalizedStringKey, action: @escaping @MainActor () -> Void)}
  [0;36m|[0;0m                                    `- [1;39mnote: [1;39m'init(_:action:)' declared here[0;0m
[0;36m3 |[0;0m 

/Users/danielstevens/github-projects/tools-automation/MomentumFinance/Shared/Features/Dashboard/InsightsWidget.swift:145:81: [1;31merror: [1;39mtype '_' cannot be used as a boolean; test for '!= 0' instead[0;0m
[0;36m143 |[0;0m 
[0;36m144 |[0;0m     var body: some View {
[0;36m145 |[0;0m         Button(action: { self.showDetail = true }).accessibilityLabel("Button") {
    [0;36m|[0;0m                                                                                 `- [1;31merror: [1;39mtype '_' cannot be used as a boolean; test for '!= 0' instead[0;0m
[0;36m146 |[0;0m             HStack(spacing: 12) {
[0;36m147 |[0;0m                 // Priority indicator

/Users/danielstevens/github-projects/tools-automation/MomentumFinance/Shared/Features/Dashboard/SimpleDashboardView.swift:33:9: [1;31merror: [1;39mproperty 'body' must be declared public because it matches a requirement in public protocol 'View'[0;0m
 [0;36m31 |[0;0m     #endif
 [0;36m32 |[0;0m 
 [0;36m33 |[0;0m     var body: some View {
    [0;36m|[0;0m         |- [1;31merror: [1;39mproperty 'body' must be declared public because it matches a requirement in public protocol 'View'[0;0m
    [0;36m|[0;0m         `- [1;39mnote: [1;39mmark the property as 'public' to satisfy the requirement[0;0m
 [0;36m34 |[0;0m         NavigationStack {
 [0;36m35 |[0;0m             ScrollView {

/Users/danielstevens/github-projects/tools-automation/MomentumFinance/Shared/Features/GlobalSearch/FeatureGlobalSearchView.swift:169:9: [1;31merror: [1;39mproperty 'body' must be declared public because it matches a requirement in public protocol 'View'[0;0m
[0;36m167 |[0;0m     let result: SearchResult
[0;36m168 |[0;0m 
[0;36m169 |[0;0m     var body: some View {
    [0;36m|[0;0m         |- [1;31merror: [1;39mproperty 'body' must be declared public because it matches a requirement in public protocol 'View'[0;0m
    [0;36m|[0;0m         `- [1;39mnote: [1;39mmark the property as 'public' to satisfy the requirement[0;0m
[0;36m170 |[0;0m         HStack(spacing: 12) {
[0;36m171 |[0;0m             // Icon

/Users/danielstevens/github-projects/tools-automation/MomentumFinance/Shared/Features/GlobalSearch/FeatureGlobalSearchView.swift:232:9: [1;31merror: [1;39mproperty 'body' must be declared public because it matches a requirement in public protocol 'View'[0;0m
[0;36m230 |[0;0m     @Environment(\.dismiss) private var dismiss
[0;36m231 |[0;0m 
[0;36m232 |[0;0m     var body: some View {
    [0;36m|[0;0m         |- [1;31merror: [1;39mproperty 'body' must be declared public because it matches a requirement in public protocol 'View'[0;0m
    [0;36m|[0;0m         `- [1;39mnote: [1;39mmark the property as 'public' to satisfy the requirement[0;0m
[0;36m233 |[0;0m         NavigationView {
[0;36m234 |[0;0m             VStack(spacing: 20) {

/Users/danielstevens/github-projects/tools-automation/MomentumFinance/Shared/Features/GlobalSearch/FeatureGlobalSearchView.swift:309:9: [1;31merror: [1;39mproperty 'body' must be declared public because it matches a requirement in public protocol 'View'[0;0m
[0;36m307 |[0;0m     let value: String
[0;36m308 |[0;0m 
[0;36m309 |[0;0m     var body: some View {
    [0;36m|[0;0m         |- [1;31merror: [1;39mproperty 'body' must be declared public because it matches a requirement in public protocol 'View'[0;0m
    [0;36m|[0;0m         `- [1;39mnote: [1;39mmark the property as 'public' to satisfy the requirement[0;0m
[0;36m310 |[0;0m         VStack(alignment: .leading, spacing: 4) {
[0;36m311 |[0;0m             Text(self.label)

/Users/danielstevens/github-projects/tools-automation/MomentumFinance/Shared/Features/GlobalSearch/FeatureGlobalSearchView.swift:68:26: [1;31merror: [1;39mtrailing closure passed to parameter of type 'Visibility' that does not accept a closure[0;0m
 [0;36m66 |[0;0m                 .navigationBarTitleDisplayMode(.inline)
 [0;36m67 |[0;0m             #endif
 [0;36m68 |[0;0m                 .toolbar [4;39m{[0;0m
    [0;36m|[0;0m                          `- [1;31merror: [1;39mtrailing closure passed to parameter of type 'Visibility' that does not accept a closure[0;0m
 [0;36m69 |[0;0m                     ToolbarItem(placement: .cancellationAction) {
 [0;36m70 |[0;0m                         Button("Cancel").accessibilityLabel("Button") {

SwiftUI.View.toolbar:6:27: [1;39mnote: [1;39m'toolbar(_:for:)' declared here[0;0m
[0;36m4 |[0;0m   @available(tvOS, introduced: 16.0, deprecated: 100000.0, renamed: "toolbarVisibility(_:for:)")
[0;36m5 |[0;0m   @available(watchOS, introduced: 9.0, deprecated: 100000.0, renamed: "toolbarVisibility(_:for:)")
[0;36m6 |[0;0m   nonisolated public func toolbar(_ visibility: Visibility, for bars: ToolbarPlacement...) -> some View
  [0;36m|[0;0m                           `- [1;39mnote: [1;39m'toolbar(_:for:)' declared here[0;0m
[0;36m7 |[0;0m   }
[0;36m8 |[0;0m 

/Users/danielstevens/github-projects/tools-automation/MomentumFinance/Shared/Features/GlobalSearch/FeatureGlobalSearchView.swift:279:26: [1;31merror: [1;39mtrailing closure passed to parameter of type 'Visibility' that does not accept a closure[0;0m
[0;36m277 |[0;0m                 .navigationBarTitleDisplayMode(.inline)
[0;36m278 |[0;0m             #endif
[0;36m279 |[0;0m                 .toolbar [4;39m{[0;0m
    [0;36m|[0;0m                          `- [1;31merror: [1;39mtrailing closure passed to parameter of type 'Visibility' that does not accept a closure[0;0m
[0;36m280 |[0;0m                     ToolbarItem(placement: .cancellationAction) {
[0;36m281 |[0;0m                         Button("Done").accessibilityLabel("Button") {

SwiftUI.View.toolbar:6:27: [1;39mnote: [1;39m'toolbar(_:for:)' declared here[0;0m
[0;36m4 |[0;0m   @available(tvOS, introduced: 16.0, deprecated: 100000.0, renamed: "toolbarVisibility(_:for:)")
[0;36m5 |[0;0m   @available(watchOS, introduced: 9.0, deprecated: 100000.0, renamed: "toolbarVisibility(_:for:)")
[0;36m6 |[0;0m   nonisolated public func toolbar(_ visibility: Visibility, for bars: ToolbarPlacement...) -> some View
  [0;36m|[0;0m                           `- [1;39mnote: [1;39m'toolbar(_:for:)' declared here[0;0m
[0;36m7 |[0;0m   }
[0;36m8 |[0;0m 
[44/148] Compiling Shared SimpleDashboardView.swift
/Users/danielstevens/github-projects/tools-automation/MomentumFinance/Shared/Features/Dashboard/DashboardUpcomingSubscriptions.swift:44:68: [1;31merror: [1;39mvalue of type 'Subscription' has no member 'icon'[0;0m
 [0;36m42 |[0;0m                                         .frame(width: 36, height: 36)
 [0;36m43 |[0;0m 
 [0;36m44 |[0;0m                                     Image(systemName: [4;39msubscription[0;0m.[4;39micon[0;0m)
    [0;36m|[0;0m                                                                    `- [1;31merror: [1;39mvalue of type 'Subscription' has no member 'icon'[0;0m
 [0;36m45 |[0;0m                                         .font(.caption)
 [0;36m46 |[0;0m                                         .foregroundStyle(.white)

/Users/danielstevens/github-projects/tools-automation/MomentumFinance/Shared/Features/Dashboard/DashboardView.swift:51:26: [1;31merror: [1;39mcannot convert value of type 'String' to specified type 'Int'[0;0m
 [0;36m49 |[0;0m         @MainActor
 [0;36m50 |[0;0m         private func loadData() {
 [0;36m51 |[0;0m             var x: Int = [4;39m"string"[0;0m  // DEBUG
    [0;36m|[0;0m                          `- [1;31merror: [1;39mcannot convert value of type 'String' to specified type 'Int'[0;0m
 [0;36m52 |[0;0m             do {
 [0;36m53 |[0;0m                 let accountDescriptor = FetchDescriptor<FinancialAccount>()

/Users/danielstevens/github-projects/tools-automation/MomentumFinance/Shared/Features/Dashboard/DashboardView.swift:84:72: [1;31merror: [1;39mcannot convert value of type 'UUID' to expected argument type 'String'[0;0m
 [0;36m82 |[0;0m                             onAccountTap: { (accountId: UUID) in
 [0;36m83 |[0;0m                                 self.navigationPath.append(
 [0;36m84 |[0;0m                                     DashboardDestination.accountDetail(accountId)
    [0;36m|[0;0m                                                                        `- [1;31merror: [1;39mcannot convert value of type 'UUID' to expected argument type 'String'[0;0m
 [0;36m85 |[0;0m                                 )
 [0;36m86 |[0;0m                             },

/Users/danielstevens/github-projects/tools-automation/MomentumFinance/Shared/Features/Dashboard/InsightsSummaryWidget.swift:41:9: [1;31merror: [1;39mproperty 'body' must be declared public because it matches a requirement in public protocol 'View'[0;0m
 [0;36m39 |[0;0m     @State private var isLoading = true
 [0;36m40 |[0;0m 
 [0;36m41 |[0;0m     var body: some View {
    [0;36m|[0;0m         |- [1;31merror: [1;39mproperty 'body' must be declared public because it matches a requirement in public protocol 'View'[0;0m
    [0;36m|[0;0m         `- [1;39mnote: [1;39mmark the property as 'public' to satisfy the requirement[0;0m
 [0;36m42 |[0;0m         VStack(alignment: .leading, spacing: 10) {
 [0;36m43 |[0;0m             HStack {

/Users/danielstevens/github-projects/tools-automation/MomentumFinance/Shared/Features/Dashboard/InsightsView.swift:20:9: [1;31merror: [1;39mproperty 'body' must be declared public because it matches a requirement in public protocol 'View'[0;0m
 [0;36m18 |[0;0m     @State private var filterType: InsightType?
 [0;36m19 |[0;0m 
 [0;36m20 |[0;0m     var body: some View {
    [0;36m|[0;0m         |- [1;31merror: [1;39mproperty 'body' must be declared public because it matches a requirement in public protocol 'View'[0;0m
    [0;36m|[0;0m         `- [1;39mnote: [1;39mmark the property as 'public' to satisfy the requirement[0;0m
 [0;36m21 |[0;0m         Group {
 [0;36m22 |[0;0m             #if os(macOS)

/Users/danielstevens/github-projects/tools-automation/MomentumFinance/Shared/Features/Dashboard/InsightsView.swift:26:25: [1;31merror: [1;39mcannot find 'InsightsFilterBar' in scope[0;0m
 [0;36m24 |[0;0m                     VStack(spacing: 0) {
 [0;36m25 |[0;0m                         // Filter Bar
 [0;36m26 |[0;0m                         [4;39mInsightsFilterBar[0;0m(
    [0;36m|[0;0m                         `- [1;31merror: [1;39mcannot find 'InsightsFilterBar' in scope[0;0m
 [0;36m27 |[0;0m                             filterPriority: self.$filterPriority,
 [0;36m28 |[0;0m                             filterType: self.$filterType

/Users/danielstevens/github-projects/tools-automation/MomentumFinance/Shared/Features/Dashboard/InsightsView.swift:35:30: [1;31merror: [1;39mtrailing closure passed to parameter of type 'Visibility' that does not accept a closure[0;0m
 [0;36m33 |[0;0m                     }
 [0;36m34 |[0;0m                     .navigationTitle("Financial Insights")
 [0;36m35 |[0;0m                     .toolbar [4;39m{[0;0m
    [0;36m|[0;0m                              `- [1;31merror: [1;39mtrailing closure passed to parameter of type 'Visibility' that does not accept a closure[0;0m
 [0;36m36 |[0;0m                         ToolbarItem(placement: .navigation) {
 [0;36m37 |[0;0m                             Button("Refresh").accessibilityLabel("Button").accessibilityLabel("Button") {

SwiftUI.View.toolbar:6:27: [1;39mnote: [1;39m'toolbar(_:for:)' declared here[0;0m
[0;36m4 |[0;0m   @available(tvOS, introduced: 16.0, deprecated: 100000.0, renamed: "toolbarVisibility(_:for:)")
[0;36m5 |[0;0m   @available(watchOS, introduced: 9.0, deprecated: 100000.0, renamed: "toolbarVisibility(_:for:)")
[0;36m6 |[0;0m   nonisolated public func toolbar(_ visibility: Visibility, for bars: ToolbarPlacement...) -> some View
  [0;36m|[0;0m                           `- [1;39mnote: [1;39m'toolbar(_:for:)' declared here[0;0m
[0;36m7 |[0;0m   }
[0;36m8 |[0;0m 

/Users/danielstevens/github-projects/tools-automation/MomentumFinance/Shared/Features/Dashboard/InsightsWidget.swift:23:9: [1;31merror: [1;39mproperty 'body' must be declared public because it matches a requirement in public protocol 'View'[0;0m
 [0;36m21 |[0;0m     }
 [0;36m22 |[0;0m 
 [0;36m23 |[0;0m     var body: some View {
    [0;36m|[0;0m         |- [1;31merror: [1;39mproperty 'body' must be declared public because it matches a requirement in public protocol 'View'[0;0m
    [0;36m|[0;0m         `- [1;39mnote: [1;39mmark the property as 'public' to satisfy the requirement[0;0m
 [0;36m24 |[0;0m         VStack(alignment: .leading, spacing: 16) {
 [0;36m25 |[0;0m             // Header

/Users/danielstevens/github-projects/tools-automation/MomentumFinance/Shared/Features/Dashboard/InsightsWidget.swift:144:9: [1;31merror: [1;39mproperty 'body' must be declared public because it matches a requirement in public protocol 'View'[0;0m
[0;36m142 |[0;0m     @State private var showDetail = false
[0;36m143 |[0;0m 
[0;36m144 |[0;0m     var body: some View {
    [0;36m|[0;0m         |- [1;31merror: [1;39mproperty 'body' must be declared public because it matches a requirement in public protocol 'View'[0;0m
    [0;36m|[0;0m         `- [1;39mnote: [1;39mmark the property as 'public' to satisfy the requirement[0;0m
[0;36m145 |[0;0m         Button(action: { self.showDetail = true }).accessibilityLabel("Button") {
[0;36m146 |[0;0m             HStack(spacing: 12) {

/Users/danielstevens/github-projects/tools-automation/MomentumFinance/Shared/Features/Dashboard/InsightsWidget.swift:37:28: [1;31merror: [1;39mmissing argument for parameter #1 in call[0;0m
 [0;36m35 |[0;0m                         .scaleEffect(0.8)
 [0;36m36 |[0;0m                 } else if !self.intelligenceService.insights.isEmpty {
 [0;36m37 |[0;0m                     Button(action: { self.showAllInsights = true }).accessibilityLabel("Button") {
    [0;36m|[0;0m                            `- [1;31merror: [1;39mmissing argument for parameter #1 in call[0;0m
 [0;36m38 |[0;0m                         Text("View All")
 [0;36m39 |[0;0m                             .accessibilityLabel("View All Insights")

SwiftUI.Button.init:2:36: [1;39mnote: [1;39m'init(_:action:)' declared here[0;0m
[0;36m1 |[0;0m generic struct Button {
[0;36m2 |[0;0m @preconcurrency nonisolated public init(_ titleKey: LocalizedStringKey, action: @escaping @MainActor () -> Void)}
  [0;36m|[0;0m                                    `- [1;39mnote: [1;39m'init(_:action:)' declared here[0;0m
[0;36m3 |[0;0m 

/Users/danielstevens/github-projects/tools-automation/MomentumFinance/Shared/Features/Dashboard/InsightsWidget.swift:37:98: [1;31merror: [1;39mtype '_' cannot be used as a boolean; test for '!= 0' instead[0;0m
 [0;36m35 |[0;0m                         .scaleEffect(0.8)
 [0;36m36 |[0;0m                 } else if !self.intelligenceService.insights.isEmpty {
 [0;36m37 |[0;0m                     Button(action: { self.showAllInsights = true }).accessibilityLabel("Button") {
    [0;36m|[0;0m                                                                                                  `- [1;31merror: [1;39mtype '_' cannot be used as a boolean; test for '!= 0' instead[0;0m
 [0;36m38 |[0;0m                         Text("View All")
 [0;36m39 |[0;0m                             .accessibilityLabel("View All Insights")

/Users/danielstevens/github-projects/tools-automation/MomentumFinance/Shared/Features/Dashboard/InsightsWidget.swift:125:28: [1;31merror: [1;39mmissing argument for parameter #1 in call[0;0m
[0;36m123 |[0;0m                     Spacer()
[0;36m124 |[0;0m 
[0;36m125 |[0;0m                     Button(action: { self.showAllInsights = true }).accessibilityLabel("Button") {
    [0;36m|[0;0m                            `- [1;31merror: [1;39mmissing argument for parameter #1 in call[0;0m
[0;36m126 |[0;0m                         Text("View All")
[0;36m127 |[0;0m                             .accessibilityLabel("View All Insights")

SwiftUI.Button.init:2:36: [1;39mnote: [1;39m'init(_:action:)' declared here[0;0m
[0;36m1 |[0;0m generic struct Button {
[0;36m2 |[0;0m @preconcurrency nonisolated public init(_ titleKey: LocalizedStringKey, action: @escaping @MainActor () -> Void)}
  [0;36m|[0;0m                                    `- [1;39mnote: [1;39m'init(_:action:)' declared here[0;0m
[0;36m3 |[0;0m 

/Users/danielstevens/github-projects/tools-automation/MomentumFinance/Shared/Features/Dashboard/InsightsWidget.swift:125:98: [1;31merror: [1;39mtype '_' cannot be used as a boolean; test for '!= 0' instead[0;0m
[0;36m123 |[0;0m                     Spacer()
[0;36m124 |[0;0m 
[0;36m125 |[0;0m                     Button(action: { self.showAllInsights = true }).accessibilityLabel("Button") {
    [0;36m|[0;0m                                                                                                  `- [1;31merror: [1;39mtype '_' cannot be used as a boolean; test for '!= 0' instead[0;0m
[0;36m126 |[0;0m                         Text("View All")
[0;36m127 |[0;0m                             .accessibilityLabel("View All Insights")

/Users/danielstevens/github-projects/tools-automation/MomentumFinance/Shared/Features/Dashboard/InsightsWidget.swift:145:16: [1;31merror: [1;39mmissing argument for parameter #1 in call[0;0m
[0;36m143 |[0;0m 
[0;36m144 |[0;0m     var body: some View {
[0;36m145 |[0;0m         Button(action: { self.showDetail = true }).accessibilityLabel("Button") {
    [0;36m|[0;0m                `- [1;31merror: [1;39mmissing argument for parameter #1 in call[0;0m
[0;36m146 |[0;0m             HStack(spacing: 12) {
[0;36m147 |[0;0m                 // Priority indicator

SwiftUI.Button.init:2:36: [1;39mnote: [1;39m'init(_:action:)' declared here[0;0m
[0;36m1 |[0;0m generic struct Button {
[0;36m2 |[0;0m @preconcurrency nonisolated public init(_ titleKey: LocalizedStringKey, action: @escaping @MainActor () -> Void)}
  [0;36m|[0;0m                                    `- [1;39mnote: [1;39m'init(_:action:)' declared here[0;0m
[0;36m3 |[0;0m 

/Users/danielstevens/github-projects/tools-automation/MomentumFinance/Shared/Features/Dashboard/InsightsWidget.swift:145:81: [1;31merror: [1;39mtype '_' cannot be used as a boolean; test for '!= 0' instead[0;0m
[0;36m143 |[0;0m 
[0;36m144 |[0;0m     var body: some View {
[0;36m145 |[0;0m         Button(action: { self.showDetail = true }).accessibilityLabel("Button") {
    [0;36m|[0;0m                                                                                 `- [1;31merror: [1;39mtype '_' cannot be used as a boolean; test for '!= 0' instead[0;0m
[0;36m146 |[0;0m             HStack(spacing: 12) {
[0;36m147 |[0;0m                 // Priority indicator

/Users/danielstevens/github-projects/tools-automation/MomentumFinance/Shared/Features/Dashboard/SimpleDashboardView.swift:33:9: [1;31merror: [1;39mproperty 'body' must be declared public because it matches a requirement in public protocol 'View'[0;0m
 [0;36m31 |[0;0m     #endif
 [0;36m32 |[0;0m 
 [0;36m33 |[0;0m     var body: some View {
    [0;36m|[0;0m         |- [1;31merror: [1;39mproperty 'body' must be declared public because it matches a requirement in public protocol 'View'[0;0m
    [0;36m|[0;0m         `- [1;39mnote: [1;39mmark the property as 'public' to satisfy the requirement[0;0m
 [0;36m34 |[0;0m         NavigationStack {
 [0;36m35 |[0;0m             ScrollView {

/Users/danielstevens/github-projects/tools-automation/MomentumFinance/Shared/Features/GlobalSearch/FeatureGlobalSearchView.swift:169:9: [1;31merror: [1;39mproperty 'body' must be declared public because it matches a requirement in public protocol 'View'[0;0m
[0;36m167 |[0;0m     let result: SearchResult
[0;36m168 |[0;0m 
[0;36m169 |[0;0m     var body: some View {
    [0;36m|[0;0m         |- [1;31merror: [1;39mproperty 'body' must be declared public because it matches a requirement in public protocol 'View'[0;0m
    [0;36m|[0;0m         `- [1;39mnote: [1;39mmark the property as 'public' to satisfy the requirement[0;0m
[0;36m170 |[0;0m         HStack(spacing: 12) {
[0;36m171 |[0;0m             // Icon

/Users/danielstevens/github-projects/tools-automation/MomentumFinance/Shared/Features/GlobalSearch/FeatureGlobalSearchView.swift:232:9: [1;31merror: [1;39mproperty 'body' must be declared public because it matches a requirement in public protocol 'View'[0;0m
[0;36m230 |[0;0m     @Environment(\.dismiss) private var dismiss
[0;36m231 |[0;0m 
[0;36m232 |[0;0m     var body: some View {
    [0;36m|[0;0m         |- [1;31merror: [1;39mproperty 'body' must be declared public because it matches a requirement in public protocol 'View'[0;0m
    [0;36m|[0;0m         `- [1;39mnote: [1;39mmark the property as 'public' to satisfy the requirement[0;0m
[0;36m233 |[0;0m         NavigationView {
[0;36m234 |[0;0m             VStack(spacing: 20) {

/Users/danielstevens/github-projects/tools-automation/MomentumFinance/Shared/Features/GlobalSearch/FeatureGlobalSearchView.swift:309:9: [1;31merror: [1;39mproperty 'body' must be declared public because it matches a requirement in public protocol 'View'[0;0m
[0;36m307 |[0;0m     let value: String
[0;36m308 |[0;0m 
[0;36m309 |[0;0m     var body: some View {
    [0;36m|[0;0m         |- [1;31merror: [1;39mproperty 'body' must be declared public because it matches a requirement in public protocol 'View'[0;0m
    [0;36m|[0;0m         `- [1;39mnote: [1;39mmark the property as 'public' to satisfy the requirement[0;0m
[0;36m310 |[0;0m         VStack(alignment: .leading, spacing: 4) {
[0;36m311 |[0;0m             Text(self.label)

/Users/danielstevens/github-projects/tools-automation/MomentumFinance/Shared/Features/GlobalSearch/FeatureGlobalSearchView.swift:68:26: [1;31merror: [1;39mtrailing closure passed to parameter of type 'Visibility' that does not accept a closure[0;0m
 [0;36m66 |[0;0m                 .navigationBarTitleDisplayMode(.inline)
 [0;36m67 |[0;0m             #endif
 [0;36m68 |[0;0m                 .toolbar [4;39m{[0;0m
    [0;36m|[0;0m                          `- [1;31merror: [1;39mtrailing closure passed to parameter of type 'Visibility' that does not accept a closure[0;0m
 [0;36m69 |[0;0m                     ToolbarItem(placement: .cancellationAction) {
 [0;36m70 |[0;0m                         Button("Cancel").accessibilityLabel("Button") {

SwiftUI.View.toolbar:6:27: [1;39mnote: [1;39m'toolbar(_:for:)' declared here[0;0m
[0;36m4 |[0;0m   @available(tvOS, introduced: 16.0, deprecated: 100000.0, renamed: "toolbarVisibility(_:for:)")
[0;36m5 |[0;0m   @available(watchOS, introduced: 9.0, deprecated: 100000.0, renamed: "toolbarVisibility(_:for:)")
[0;36m6 |[0;0m   nonisolated public func toolbar(_ visibility: Visibility, for bars: ToolbarPlacement...) -> some View
  [0;36m|[0;0m                           `- [1;39mnote: [1;39m'toolbar(_:for:)' declared here[0;0m
[0;36m7 |[0;0m   }
[0;36m8 |[0;0m 

/Users/danielstevens/github-projects/tools-automation/MomentumFinance/Shared/Features/GlobalSearch/FeatureGlobalSearchView.swift:279:26: [1;31merror: [1;39mtrailing closure passed to parameter of type 'Visibility' that does not accept a closure[0;0m
[0;36m277 |[0;0m                 .navigationBarTitleDisplayMode(.inline)
[0;36m278 |[0;0m             #endif
[0;36m279 |[0;0m                 .toolbar [4;39m{[0;0m
    [0;36m|[0;0m                          `- [1;31merror: [1;39mtrailing closure passed to parameter of type 'Visibility' that does not accept a closure[0;0m
[0;36m280 |[0;0m                     ToolbarItem(placement: .cancellationAction) {
[0;36m281 |[0;0m                         Button("Done").accessibilityLabel("Button") {

SwiftUI.View.toolbar:6:27: [1;39mnote: [1;39m'toolbar(_:for:)' declared here[0;0m
[0;36m4 |[0;0m   @available(tvOS, introduced: 16.0, deprecated: 100000.0, renamed: "toolbarVisibility(_:for:)")
[0;36m5 |[0;0m   @available(watchOS, introduced: 9.0, deprecated: 100000.0, renamed: "toolbarVisibility(_:for:)")
[0;36m6 |[0;0m   nonisolated public func toolbar(_ visibility: Visibility, for bars: ToolbarPlacement...) -> some View
  [0;36m|[0;0m                           `- [1;39mnote: [1;39m'toolbar(_:for:)' declared here[0;0m
[0;36m7 |[0;0m   }
[0;36m8 |[0;0m 
[45/148] Compiling Shared Features.swift
/Users/danielstevens/github-projects/tools-automation/MomentumFinance/Shared/Features/Dashboard/DashboardUpcomingSubscriptions.swift:44:68: [1;31merror: [1;39mvalue of type 'Subscription' has no member 'icon'[0;0m
 [0;36m42 |[0;0m                                         .frame(width: 36, height: 36)
 [0;36m43 |[0;0m 
 [0;36m44 |[0;0m                                     Image(systemName: [4;39msubscription[0;0m.[4;39micon[0;0m)
    [0;36m|[0;0m                                                                    `- [1;31merror: [1;39mvalue of type 'Subscription' has no member 'icon'[0;0m
 [0;36m45 |[0;0m                                         .font(.caption)
 [0;36m46 |[0;0m                                         .foregroundStyle(.white)

/Users/danielstevens/github-projects/tools-automation/MomentumFinance/Shared/Features/Dashboard/DashboardView.swift:51:26: [1;31merror: [1;39mcannot convert value of type 'String' to specified type 'Int'[0;0m
 [0;36m49 |[0;0m         @MainActor
 [0;36m50 |[0;0m         private func loadData() {
 [0;36m51 |[0;0m             var x: Int = [4;39m"string"[0;0m  // DEBUG
    [0;36m|[0;0m                          `- [1;31merror: [1;39mcannot convert value of type 'String' to specified type 'Int'[0;0m
 [0;36m52 |[0;0m             do {
 [0;36m53 |[0;0m                 let accountDescriptor = FetchDescriptor<FinancialAccount>()

/Users/danielstevens/github-projects/tools-automation/MomentumFinance/Shared/Features/Dashboard/DashboardView.swift:84:72: [1;31merror: [1;39mcannot convert value of type 'UUID' to expected argument type 'String'[0;0m
 [0;36m82 |[0;0m                             onAccountTap: { (accountId: UUID) in
 [0;36m83 |[0;0m                                 self.navigationPath.append(
 [0;36m84 |[0;0m                                     DashboardDestination.accountDetail(accountId)
    [0;36m|[0;0m                                                                        `- [1;31merror: [1;39mcannot convert value of type 'UUID' to expected argument type 'String'[0;0m
 [0;36m85 |[0;0m                                 )
 [0;36m86 |[0;0m                             },

/Users/danielstevens/github-projects/tools-automation/MomentumFinance/Shared/Features/Dashboard/InsightsSummaryWidget.swift:41:9: [1;31merror: [1;39mproperty 'body' must be declared public because it matches a requirement in public protocol 'View'[0;0m
 [0;36m39 |[0;0m     @State private var isLoading = true
 [0;36m40 |[0;0m 
 [0;36m41 |[0;0m     var body: some View {
    [0;36m|[0;0m         |- [1;31merror: [1;39mproperty 'body' must be declared public because it matches a requirement in public protocol 'View'[0;0m
    [0;36m|[0;0m         `- [1;39mnote: [1;39mmark the property as 'public' to satisfy the requirement[0;0m
 [0;36m42 |[0;0m         VStack(alignment: .leading, spacing: 10) {
 [0;36m43 |[0;0m             HStack {

/Users/danielstevens/github-projects/tools-automation/MomentumFinance/Shared/Features/Dashboard/InsightsView.swift:20:9: [1;31merror: [1;39mproperty 'body' must be declared public because it matches a requirement in public protocol 'View'[0;0m
 [0;36m18 |[0;0m     @State private var filterType: InsightType?
 [0;36m19 |[0;0m 
 [0;36m20 |[0;0m     var body: some View {
    [0;36m|[0;0m         |- [1;31merror: [1;39mproperty 'body' must be declared public because it matches a requirement in public protocol 'View'[0;0m
    [0;36m|[0;0m         `- [1;39mnote: [1;39mmark the property as 'public' to satisfy the requirement[0;0m
 [0;36m21 |[0;0m         Group {
 [0;36m22 |[0;0m             #if os(macOS)

/Users/danielstevens/github-projects/tools-automation/MomentumFinance/Shared/Features/Dashboard/InsightsView.swift:26:25: [1;31merror: [1;39mcannot find 'InsightsFilterBar' in scope[0;0m
 [0;36m24 |[0;0m                     VStack(spacing: 0) {
 [0;36m25 |[0;0m                         // Filter Bar
 [0;36m26 |[0;0m                         [4;39mInsightsFilterBar[0;0m(
    [0;36m|[0;0m                         `- [1;31merror: [1;39mcannot find 'InsightsFilterBar' in scope[0;0m
 [0;36m27 |[0;0m                             filterPriority: self.$filterPriority,
 [0;36m28 |[0;0m                             filterType: self.$filterType

/Users/danielstevens/github-projects/tools-automation/MomentumFinance/Shared/Features/Dashboard/InsightsView.swift:35:30: [1;31merror: [1;39mtrailing closure passed to parameter of type 'Visibility' that does not accept a closure[0;0m
 [0;36m33 |[0;0m                     }
 [0;36m34 |[0;0m                     .navigationTitle("Financial Insights")
 [0;36m35 |[0;0m                     .toolbar [4;39m{[0;0m
    [0;36m|[0;0m                              `- [1;31merror: [1;39mtrailing closure passed to parameter of type 'Visibility' that does not accept a closure[0;0m
 [0;36m36 |[0;0m                         ToolbarItem(placement: .navigation) {
 [0;36m37 |[0;0m                             Button("Refresh").accessibilityLabel("Button").accessibilityLabel("Button") {

SwiftUI.View.toolbar:6:27: [1;39mnote: [1;39m'toolbar(_:for:)' declared here[0;0m
[0;36m4 |[0;0m   @available(tvOS, introduced: 16.0, deprecated: 100000.0, renamed: "toolbarVisibility(_:for:)")
[0;36m5 |[0;0m   @available(watchOS, introduced: 9.0, deprecated: 100000.0, renamed: "toolbarVisibility(_:for:)")
[0;36m6 |[0;0m   nonisolated public func toolbar(_ visibility: Visibility, for bars: ToolbarPlacement...) -> some View
  [0;36m|[0;0m                           `- [1;39mnote: [1;39m'toolbar(_:for:)' declared here[0;0m
[0;36m7 |[0;0m   }
[0;36m8 |[0;0m 

/Users/danielstevens/github-projects/tools-automation/MomentumFinance/Shared/Features/Dashboard/InsightsWidget.swift:23:9: [1;31merror: [1;39mproperty 'body' must be declared public because it matches a requirement in public protocol 'View'[0;0m
 [0;36m21 |[0;0m     }
 [0;36m22 |[0;0m 
 [0;36m23 |[0;0m     var body: some View {
    [0;36m|[0;0m         |- [1;31merror: [1;39mproperty 'body' must be declared public because it matches a requirement in public protocol 'View'[0;0m
    [0;36m|[0;0m         `- [1;39mnote: [1;39mmark the property as 'public' to satisfy the requirement[0;0m
 [0;36m24 |[0;0m         VStack(alignment: .leading, spacing: 16) {
 [0;36m25 |[0;0m             // Header

/Users/danielstevens/github-projects/tools-automation/MomentumFinance/Shared/Features/Dashboard/InsightsWidget.swift:144:9: [1;31merror: [1;39mproperty 'body' must be declared public because it matches a requirement in public protocol 'View'[0;0m
[0;36m142 |[0;0m     @State private var showDetail = false
[0;36m143 |[0;0m 
[0;36m144 |[0;0m     var body: some View {
    [0;36m|[0;0m         |- [1;31merror: [1;39mproperty 'body' must be declared public because it matches a requirement in public protocol 'View'[0;0m
    [0;36m|[0;0m         `- [1;39mnote: [1;39mmark the property as 'public' to satisfy the requirement[0;0m
[0;36m145 |[0;0m         Button(action: { self.showDetail = true }).accessibilityLabel("Button") {
[0;36m146 |[0;0m             HStack(spacing: 12) {

/Users/danielstevens/github-projects/tools-automation/MomentumFinance/Shared/Features/Dashboard/InsightsWidget.swift:37:28: [1;31merror: [1;39mmissing argument for parameter #1 in call[0;0m
 [0;36m35 |[0;0m                         .scaleEffect(0.8)
 [0;36m36 |[0;0m                 } else if !self.intelligenceService.insights.isEmpty {
 [0;36m37 |[0;0m                     Button(action: { self.showAllInsights = true }).accessibilityLabel("Button") {
    [0;36m|[0;0m                            `- [1;31merror: [1;39mmissing argument for parameter #1 in call[0;0m
 [0;36m38 |[0;0m                         Text("View All")
 [0;36m39 |[0;0m                             .accessibilityLabel("View All Insights")

SwiftUI.Button.init:2:36: [1;39mnote: [1;39m'init(_:action:)' declared here[0;0m
[0;36m1 |[0;0m generic struct Button {
[0;36m2 |[0;0m @preconcurrency nonisolated public init(_ titleKey: LocalizedStringKey, action: @escaping @MainActor () -> Void)}
  [0;36m|[0;0m                                    `- [1;39mnote: [1;39m'init(_:action:)' declared here[0;0m
[0;36m3 |[0;0m 

/Users/danielstevens/github-projects/tools-automation/MomentumFinance/Shared/Features/Dashboard/InsightsWidget.swift:37:98: [1;31merror: [1;39mtype '_' cannot be used as a boolean; test for '!= 0' instead[0;0m
 [0;36m35 |[0;0m                         .scaleEffect(0.8)
 [0;36m36 |[0;0m                 } else if !self.intelligenceService.insights.isEmpty {
 [0;36m37 |[0;0m                     Button(action: { self.showAllInsights = true }).accessibilityLabel("Button") {
    [0;36m|[0;0m                                                                                                  `- [1;31merror: [1;39mtype '_' cannot be used as a boolean; test for '!= 0' instead[0;0m
 [0;36m38 |[0;0m                         Text("View All")
 [0;36m39 |[0;0m                             .accessibilityLabel("View All Insights")

/Users/danielstevens/github-projects/tools-automation/MomentumFinance/Shared/Features/Dashboard/InsightsWidget.swift:125:28: [1;31merror: [1;39mmissing argument for parameter #1 in call[0;0m
[0;36m123 |[0;0m                     Spacer()
[0;36m124 |[0;0m 
[0;36m125 |[0;0m                     Button(action: { self.showAllInsights = true }).accessibilityLabel("Button") {
    [0;36m|[0;0m                            `- [1;31merror: [1;39mmissing argument for parameter #1 in call[0;0m
[0;36m126 |[0;0m                         Text("View All")
[0;36m127 |[0;0m                             .accessibilityLabel("View All Insights")

SwiftUI.Button.init:2:36: [1;39mnote: [1;39m'init(_:action:)' declared here[0;0m
[0;36m1 |[0;0m generic struct Button {
[0;36m2 |[0;0m @preconcurrency nonisolated public init(_ titleKey: LocalizedStringKey, action: @escaping @MainActor () -> Void)}
  [0;36m|[0;0m                                    `- [1;39mnote: [1;39m'init(_:action:)' declared here[0;0m
[0;36m3 |[0;0m 

/Users/danielstevens/github-projects/tools-automation/MomentumFinance/Shared/Features/Dashboard/InsightsWidget.swift:125:98: [1;31merror: [1;39mtype '_' cannot be used as a boolean; test for '!= 0' instead[0;0m
[0;36m123 |[0;0m                     Spacer()
[0;36m124 |[0;0m 
[0;36m125 |[0;0m                     Button(action: { self.showAllInsights = true }).accessibilityLabel("Button") {
    [0;36m|[0;0m                                                                                                  `- [1;31merror: [1;39mtype '_' cannot be used as a boolean; test for '!= 0' instead[0;0m
[0;36m126 |[0;0m                         Text("View All")
[0;36m127 |[0;0m                             .accessibilityLabel("View All Insights")

/Users/danielstevens/github-projects/tools-automation/MomentumFinance/Shared/Features/Dashboard/InsightsWidget.swift:145:16: [1;31merror: [1;39mmissing argument for parameter #1 in call[0;0m
[0;36m143 |[0;0m 
[0;36m144 |[0;0m     var body: some View {
[0;36m145 |[0;0m         Button(action: { self.showDetail = true }).accessibilityLabel("Button") {
    [0;36m|[0;0m                `- [1;31merror: [1;39mmissing argument for parameter #1 in call[0;0m
[0;36m146 |[0;0m             HStack(spacing: 12) {
[0;36m147 |[0;0m                 // Priority indicator

SwiftUI.Button.init:2:36: [1;39mnote: [1;39m'init(_:action:)' declared here[0;0m
[0;36m1 |[0;0m generic struct Button {
[0;36m2 |[0;0m @preconcurrency nonisolated public init(_ titleKey: LocalizedStringKey, action: @escaping @MainActor () -> Void)}
  [0;36m|[0;0m                                    `- [1;39mnote: [1;39m'init(_:action:)' declared here[0;0m
[0;36m3 |[0;0m 

/Users/danielstevens/github-projects/tools-automation/MomentumFinance/Shared/Features/Dashboard/InsightsWidget.swift:145:81: [1;31merror: [1;39mtype '_' cannot be used as a boolean; test for '!= 0' instead[0;0m
[0;36m143 |[0;0m 
[0;36m144 |[0;0m     var body: some View {
[0;36m145 |[0;0m         Button(action: { self.showDetail = true }).accessibilityLabel("Button") {
    [0;36m|[0;0m                                                                                 `- [1;31merror: [1;39mtype '_' cannot be used as a boolean; test for '!= 0' instead[0;0m
[0;36m146 |[0;0m             HStack(spacing: 12) {
[0;36m147 |[0;0m                 // Priority indicator

/Users/danielstevens/github-projects/tools-automation/MomentumFinance/Shared/Features/Dashboard/SimpleDashboardView.swift:33:9: [1;31merror: [1;39mproperty 'body' must be declared public because it matches a requirement in public protocol 'View'[0;0m
 [0;36m31 |[0;0m     #endif
 [0;36m32 |[0;0m 
 [0;36m33 |[0;0m     var body: some View {
    [0;36m|[0;0m         |- [1;31merror: [1;39mproperty 'body' must be declared public because it matches a requirement in public protocol 'View'[0;0m
    [0;36m|[0;0m         `- [1;39mnote: [1;39mmark the property as 'public' to satisfy the requirement[0;0m
 [0;36m34 |[0;0m         NavigationStack {
 [0;36m35 |[0;0m             ScrollView {

/Users/danielstevens/github-projects/tools-automation/MomentumFinance/Shared/Features/GlobalSearch/FeatureGlobalSearchView.swift:169:9: [1;31merror: [1;39mproperty 'body' must be declared public because it matches a requirement in public protocol 'View'[0;0m
[0;36m167 |[0;0m     let result: SearchResult
[0;36m168 |[0;0m 
[0;36m169 |[0;0m     var body: some View {
    [0;36m|[0;0m         |- [1;31merror: [1;39mproperty 'body' must be declared public because it matches a requirement in public protocol 'View'[0;0m
    [0;36m|[0;0m         `- [1;39mnote: [1;39mmark the property as 'public' to satisfy the requirement[0;0m
[0;36m170 |[0;0m         HStack(spacing: 12) {
[0;36m171 |[0;0m             // Icon

/Users/danielstevens/github-projects/tools-automation/MomentumFinance/Shared/Features/GlobalSearch/FeatureGlobalSearchView.swift:232:9: [1;31merror: [1;39mproperty 'body' must be declared public because it matches a requirement in public protocol 'View'[0;0m
[0;36m230 |[0;0m     @Environment(\.dismiss) private var dismiss
[0;36m231 |[0;0m 
[0;36m232 |[0;0m     var body: some View {
    [0;36m|[0;0m         |- [1;31merror: [1;39mproperty 'body' must be declared public because it matches a requirement in public protocol 'View'[0;0m
    [0;36m|[0;0m         `- [1;39mnote: [1;39mmark the property as 'public' to satisfy the requirement[0;0m
[0;36m233 |[0;0m         NavigationView {
[0;36m234 |[0;0m             VStack(spacing: 20) {

/Users/danielstevens/github-projects/tools-automation/MomentumFinance/Shared/Features/GlobalSearch/FeatureGlobalSearchView.swift:309:9: [1;31merror: [1;39mproperty 'body' must be declared public because it matches a requirement in public protocol 'View'[0;0m
[0;36m307 |[0;0m     let value: String
[0;36m308 |[0;0m 
[0;36m309 |[0;0m     var body: some View {
    [0;36m|[0;0m         |- [1;31merror: [1;39mproperty 'body' must be declared public because it matches a requirement in public protocol 'View'[0;0m
    [0;36m|[0;0m         `- [1;39mnote: [1;39mmark the property as 'public' to satisfy the requirement[0;0m
[0;36m310 |[0;0m         VStack(alignment: .leading, spacing: 4) {
[0;36m311 |[0;0m             Text(self.label)

/Users/danielstevens/github-projects/tools-automation/MomentumFinance/Shared/Features/GlobalSearch/FeatureGlobalSearchView.swift:68:26: [1;31merror: [1;39mtrailing closure passed to parameter of type 'Visibility' that does not accept a closure[0;0m
 [0;36m66 |[0;0m                 .navigationBarTitleDisplayMode(.inline)
 [0;36m67 |[0;0m             #endif
 [0;36m68 |[0;0m                 .toolbar [4;39m{[0;0m
    [0;36m|[0;0m                          `- [1;31merror: [1;39mtrailing closure passed to parameter of type 'Visibility' that does not accept a closure[0;0m
 [0;36m69 |[0;0m                     ToolbarItem(placement: .cancellationAction) {
 [0;36m70 |[0;0m                         Button("Cancel").accessibilityLabel("Button") {

SwiftUI.View.toolbar:6:27: [1;39mnote: [1;39m'toolbar(_:for:)' declared here[0;0m
[0;36m4 |[0;0m   @available(tvOS, introduced: 16.0, deprecated: 100000.0, renamed: "toolbarVisibility(_:for:)")
[0;36m5 |[0;0m   @available(watchOS, introduced: 9.0, deprecated: 100000.0, renamed: "toolbarVisibility(_:for:)")
[0;36m6 |[0;0m   nonisolated public func toolbar(_ visibility: Visibility, for bars: ToolbarPlacement...) -> some View
  [0;36m|[0;0m                           `- [1;39mnote: [1;39m'toolbar(_:for:)' declared here[0;0m
[0;36m7 |[0;0m   }
[0;36m8 |[0;0m 

/Users/danielstevens/github-projects/tools-automation/MomentumFinance/Shared/Features/GlobalSearch/FeatureGlobalSearchView.swift:279:26: [1;31merror: [1;39mtrailing closure passed to parameter of type 'Visibility' that does not accept a closure[0;0m
[0;36m277 |[0;0m                 .navigationBarTitleDisplayMode(.inline)
[0;36m278 |[0;0m             #endif
[0;36m279 |[0;0m                 .toolbar [4;39m{[0;0m
    [0;36m|[0;0m                          `- [1;31merror: [1;39mtrailing closure passed to parameter of type 'Visibility' that does not accept a closure[0;0m
[0;36m280 |[0;0m                     ToolbarItem(placement: .cancellationAction) {
[0;36m281 |[0;0m                         Button("Done").accessibilityLabel("Button") {

SwiftUI.View.toolbar:6:27: [1;39mnote: [1;39m'toolbar(_:for:)' declared here[0;0m
[0;36m4 |[0;0m   @available(tvOS, introduced: 16.0, deprecated: 100000.0, renamed: "toolbarVisibility(_:for:)")
[0;36m5 |[0;0m   @available(watchOS, introduced: 9.0, deprecated: 100000.0, renamed: "toolbarVisibility(_:for:)")
[0;36m6 |[0;0m   nonisolated public func toolbar(_ visibility: Visibility, for bars: ToolbarPlacement...) -> some View
  [0;36m|[0;0m                           `- [1;39mnote: [1;39m'toolbar(_:for:)' declared here[0;0m
[0;36m7 |[0;0m   }
[0;36m8 |[0;0m 
[46/148] Compiling Shared FeatureGlobalSearchView.swift
/Users/danielstevens/github-projects/tools-automation/MomentumFinance/Shared/Features/Dashboard/DashboardUpcomingSubscriptions.swift:44:68: [1;31merror: [1;39mvalue of type 'Subscription' has no member 'icon'[0;0m
 [0;36m42 |[0;0m                                         .frame(width: 36, height: 36)
 [0;36m43 |[0;0m 
 [0;36m44 |[0;0m                                     Image(systemName: [4;39msubscription[0;0m.[4;39micon[0;0m)
    [0;36m|[0;0m                                                                    `- [1;31merror: [1;39mvalue of type 'Subscription' has no member 'icon'[0;0m
 [0;36m45 |[0;0m                                         .font(.caption)
 [0;36m46 |[0;0m                                         .foregroundStyle(.white)

/Users/danielstevens/github-projects/tools-automation/MomentumFinance/Shared/Features/Dashboard/DashboardView.swift:51:26: [1;31merror: [1;39mcannot convert value of type 'String' to specified type 'Int'[0;0m
 [0;36m49 |[0;0m         @MainActor
 [0;36m50 |[0;0m         private func loadData() {
 [0;36m51 |[0;0m             var x: Int = [4;39m"string"[0;0m  // DEBUG
    [0;36m|[0;0m                          `- [1;31merror: [1;39mcannot convert value of type 'String' to specified type 'Int'[0;0m
 [0;36m52 |[0;0m             do {
 [0;36m53 |[0;0m                 let accountDescriptor = FetchDescriptor<FinancialAccount>()

/Users/danielstevens/github-projects/tools-automation/MomentumFinance/Shared/Features/Dashboard/DashboardView.swift:84:72: [1;31merror: [1;39mcannot convert value of type 'UUID' to expected argument type 'String'[0;0m
 [0;36m82 |[0;0m                             onAccountTap: { (accountId: UUID) in
 [0;36m83 |[0;0m                                 self.navigationPath.append(
 [0;36m84 |[0;0m                                     DashboardDestination.accountDetail(accountId)
    [0;36m|[0;0m                                                                        `- [1;31merror: [1;39mcannot convert value of type 'UUID' to expected argument type 'String'[0;0m
 [0;36m85 |[0;0m                                 )
 [0;36m86 |[0;0m                             },

/Users/danielstevens/github-projects/tools-automation/MomentumFinance/Shared/Features/Dashboard/InsightsSummaryWidget.swift:41:9: [1;31merror: [1;39mproperty 'body' must be declared public because it matches a requirement in public protocol 'View'[0;0m
 [0;36m39 |[0;0m     @State private var isLoading = true
 [0;36m40 |[0;0m 
 [0;36m41 |[0;0m     var body: some View {
    [0;36m|[0;0m         |- [1;31merror: [1;39mproperty 'body' must be declared public because it matches a requirement in public protocol 'View'[0;0m
    [0;36m|[0;0m         `- [1;39mnote: [1;39mmark the property as 'public' to satisfy the requirement[0;0m
 [0;36m42 |[0;0m         VStack(alignment: .leading, spacing: 10) {
 [0;36m43 |[0;0m             HStack {

/Users/danielstevens/github-projects/tools-automation/MomentumFinance/Shared/Features/Dashboard/InsightsView.swift:20:9: [1;31merror: [1;39mproperty 'body' must be declared public because it matches a requirement in public protocol 'View'[0;0m
 [0;36m18 |[0;0m     @State private var filterType: InsightType?
 [0;36m19 |[0;0m 
 [0;36m20 |[0;0m     var body: some View {
    [0;36m|[0;0m         |- [1;31merror: [1;39mproperty 'body' must be declared public because it matches a requirement in public protocol 'View'[0;0m
    [0;36m|[0;0m         `- [1;39mnote: [1;39mmark the property as 'public' to satisfy the requirement[0;0m
 [0;36m21 |[0;0m         Group {
 [0;36m22 |[0;0m             #if os(macOS)

/Users/danielstevens/github-projects/tools-automation/MomentumFinance/Shared/Features/Dashboard/InsightsView.swift:26:25: [1;31merror: [1;39mcannot find 'InsightsFilterBar' in scope[0;0m
 [0;36m24 |[0;0m                     VStack(spacing: 0) {
 [0;36m25 |[0;0m                         // Filter Bar
 [0;36m26 |[0;0m                         [4;39mInsightsFilterBar[0;0m(
    [0;36m|[0;0m                         `- [1;31merror: [1;39mcannot find 'InsightsFilterBar' in scope[0;0m
 [0;36m27 |[0;0m                             filterPriority: self.$filterPriority,
 [0;36m28 |[0;0m                             filterType: self.$filterType

/Users/danielstevens/github-projects/tools-automation/MomentumFinance/Shared/Features/Dashboard/InsightsView.swift:35:30: [1;31merror: [1;39mtrailing closure passed to parameter of type 'Visibility' that does not accept a closure[0;0m
 [0;36m33 |[0;0m                     }
 [0;36m34 |[0;0m                     .navigationTitle("Financial Insights")
 [0;36m35 |[0;0m                     .toolbar [4;39m{[0;0m
    [0;36m|[0;0m                              `- [1;31merror: [1;39mtrailing closure passed to parameter of type 'Visibility' that does not accept a closure[0;0m
 [0;36m36 |[0;0m                         ToolbarItem(placement: .navigation) {
 [0;36m37 |[0;0m                             Button("Refresh").accessibilityLabel("Button").accessibilityLabel("Button") {

SwiftUI.View.toolbar:6:27: [1;39mnote: [1;39m'toolbar(_:for:)' declared here[0;0m
[0;36m4 |[0;0m   @available(tvOS, introduced: 16.0, deprecated: 100000.0, renamed: "toolbarVisibility(_:for:)")
[0;36m5 |[0;0m   @available(watchOS, introduced: 9.0, deprecated: 100000.0, renamed: "toolbarVisibility(_:for:)")
[0;36m6 |[0;0m   nonisolated public func toolbar(_ visibility: Visibility, for bars: ToolbarPlacement...) -> some View
  [0;36m|[0;0m                           `- [1;39mnote: [1;39m'toolbar(_:for:)' declared here[0;0m
[0;36m7 |[0;0m   }
[0;36m8 |[0;0m 

/Users/danielstevens/github-projects/tools-automation/MomentumFinance/Shared/Features/Dashboard/InsightsWidget.swift:23:9: [1;31merror: [1;39mproperty 'body' must be declared public because it matches a requirement in public protocol 'View'[0;0m
 [0;36m21 |[0;0m     }
 [0;36m22 |[0;0m 
 [0;36m23 |[0;0m     var body: some View {
    [0;36m|[0;0m         |- [1;31merror: [1;39mproperty 'body' must be declared public because it matches a requirement in public protocol 'View'[0;0m
    [0;36m|[0;0m         `- [1;39mnote: [1;39mmark the property as 'public' to satisfy the requirement[0;0m
 [0;36m24 |[0;0m         VStack(alignment: .leading, spacing: 16) {
 [0;36m25 |[0;0m             // Header

/Users/danielstevens/github-projects/tools-automation/MomentumFinance/Shared/Features/Dashboard/InsightsWidget.swift:144:9: [1;31merror: [1;39mproperty 'body' must be declared public because it matches a requirement in public protocol 'View'[0;0m
[0;36m142 |[0;0m     @State private var showDetail = false
[0;36m143 |[0;0m 
[0;36m144 |[0;0m     var body: some View {
    [0;36m|[0;0m         |- [1;31merror: [1;39mproperty 'body' must be declared public because it matches a requirement in public protocol 'View'[0;0m
    [0;36m|[0;0m         `- [1;39mnote: [1;39mmark the property as 'public' to satisfy the requirement[0;0m
[0;36m145 |[0;0m         Button(action: { self.showDetail = true }).accessibilityLabel("Button") {
[0;36m146 |[0;0m             HStack(spacing: 12) {

/Users/danielstevens/github-projects/tools-automation/MomentumFinance/Shared/Features/Dashboard/InsightsWidget.swift:37:28: [1;31merror: [1;39mmissing argument for parameter #1 in call[0;0m
 [0;36m35 |[0;0m                         .scaleEffect(0.8)
 [0;36m36 |[0;0m                 } else if !self.intelligenceService.insights.isEmpty {
 [0;36m37 |[0;0m                     Button(action: { self.showAllInsights = true }).accessibilityLabel("Button") {
    [0;36m|[0;0m                            `- [1;31merror: [1;39mmissing argument for parameter #1 in call[0;0m
 [0;36m38 |[0;0m                         Text("View All")
 [0;36m39 |[0;0m                             .accessibilityLabel("View All Insights")

SwiftUI.Button.init:2:36: [1;39mnote: [1;39m'init(_:action:)' declared here[0;0m
[0;36m1 |[0;0m generic struct Button {
[0;36m2 |[0;0m @preconcurrency nonisolated public init(_ titleKey: LocalizedStringKey, action: @escaping @MainActor () -> Void)}
  [0;36m|[0;0m                                    `- [1;39mnote: [1;39m'init(_:action:)' declared here[0;0m
[0;36m3 |[0;0m 

/Users/danielstevens/github-projects/tools-automation/MomentumFinance/Shared/Features/Dashboard/InsightsWidget.swift:37:98: [1;31merror: [1;39mtype '_' cannot be used as a boolean; test for '!= 0' instead[0;0m
 [0;36m35 |[0;0m                         .scaleEffect(0.8)
 [0;36m36 |[0;0m                 } else if !self.intelligenceService.insights.isEmpty {
 [0;36m37 |[0;0m                     Button(action: { self.showAllInsights = true }).accessibilityLabel("Button") {
    [0;36m|[0;0m                                                                                                  `- [1;31merror: [1;39mtype '_' cannot be used as a boolean; test for '!= 0' instead[0;0m
 [0;36m38 |[0;0m                         Text("View All")
 [0;36m39 |[0;0m                             .accessibilityLabel("View All Insights")

/Users/danielstevens/github-projects/tools-automation/MomentumFinance/Shared/Features/Dashboard/InsightsWidget.swift:125:28: [1;31merror: [1;39mmissing argument for parameter #1 in call[0;0m
[0;36m123 |[0;0m                     Spacer()
[0;36m124 |[0;0m 
[0;36m125 |[0;0m                     Button(action: { self.showAllInsights = true }).accessibilityLabel("Button") {
    [0;36m|[0;0m                            `- [1;31merror: [1;39mmissing argument for parameter #1 in call[0;0m
[0;36m126 |[0;0m                         Text("View All")
[0;36m127 |[0;0m                             .accessibilityLabel("View All Insights")

SwiftUI.Button.init:2:36: [1;39mnote: [1;39m'init(_:action:)' declared here[0;0m
[0;36m1 |[0;0m generic struct Button {
[0;36m2 |[0;0m @preconcurrency nonisolated public init(_ titleKey: LocalizedStringKey, action: @escaping @MainActor () -> Void)}
  [0;36m|[0;0m                                    `- [1;39mnote: [1;39m'init(_:action:)' declared here[0;0m
[0;36m3 |[0;0m 

/Users/danielstevens/github-projects/tools-automation/MomentumFinance/Shared/Features/Dashboard/InsightsWidget.swift:125:98: [1;31merror: [1;39mtype '_' cannot be used as a boolean; test for '!= 0' instead[0;0m
[0;36m123 |[0;0m                     Spacer()
[0;36m124 |[0;0m 
[0;36m125 |[0;0m                     Button(action: { self.showAllInsights = true }).accessibilityLabel("Button") {
    [0;36m|[0;0m                                                                                                  `- [1;31merror: [1;39mtype '_' cannot be used as a boolean; test for '!= 0' instead[0;0m
[0;36m126 |[0;0m                         Text("View All")
[0;36m127 |[0;0m                             .accessibilityLabel("View All Insights")

/Users/danielstevens/github-projects/tools-automation/MomentumFinance/Shared/Features/Dashboard/InsightsWidget.swift:145:16: [1;31merror: [1;39mmissing argument for parameter #1 in call[0;0m
[0;36m143 |[0;0m 
[0;36m144 |[0;0m     var body: some View {
[0;36m145 |[0;0m         Button(action: { self.showDetail = true }).accessibilityLabel("Button") {
    [0;36m|[0;0m                `- [1;31merror: [1;39mmissing argument for parameter #1 in call[0;0m
[0;36m146 |[0;0m             HStack(spacing: 12) {
[0;36m147 |[0;0m                 // Priority indicator

SwiftUI.Button.init:2:36: [1;39mnote: [1;39m'init(_:action:)' declared here[0;0m
[0;36m1 |[0;0m generic struct Button {
[0;36m2 |[0;0m @preconcurrency nonisolated public init(_ titleKey: LocalizedStringKey, action: @escaping @MainActor () -> Void)}
  [0;36m|[0;0m                                    `- [1;39mnote: [1;39m'init(_:action:)' declared here[0;0m
[0;36m3 |[0;0m 

/Users/danielstevens/github-projects/tools-automation/MomentumFinance/Shared/Features/Dashboard/InsightsWidget.swift:145:81: [1;31merror: [1;39mtype '_' cannot be used as a boolean; test for '!= 0' instead[0;0m
[0;36m143 |[0;0m 
[0;36m144 |[0;0m     var body: some View {
[0;36m145 |[0;0m         Button(action: { self.showDetail = true }).accessibilityLabel("Button") {
    [0;36m|[0;0m                                                                                 `- [1;31merror: [1;39mtype '_' cannot be used as a boolean; test for '!= 0' instead[0;0m
[0;36m146 |[0;0m             HStack(spacing: 12) {
[0;36m147 |[0;0m                 // Priority indicator

/Users/danielstevens/github-projects/tools-automation/MomentumFinance/Shared/Features/Dashboard/SimpleDashboardView.swift:33:9: [1;31merror: [1;39mproperty 'body' must be declared public because it matches a requirement in public protocol 'View'[0;0m
 [0;36m31 |[0;0m     #endif
 [0;36m32 |[0;0m 
 [0;36m33 |[0;0m     var body: some View {
    [0;36m|[0;0m         |- [1;31merror: [1;39mproperty 'body' must be declared public because it matches a requirement in public protocol 'View'[0;0m
    [0;36m|[0;0m         `- [1;39mnote: [1;39mmark the property as 'public' to satisfy the requirement[0;0m
 [0;36m34 |[0;0m         NavigationStack {
 [0;36m35 |[0;0m             ScrollView {

/Users/danielstevens/github-projects/tools-automation/MomentumFinance/Shared/Features/GlobalSearch/FeatureGlobalSearchView.swift:169:9: [1;31merror: [1;39mproperty 'body' must be declared public because it matches a requirement in public protocol 'View'[0;0m
[0;36m167 |[0;0m     let result: SearchResult
[0;36m168 |[0;0m 
[0;36m169 |[0;0m     var body: some View {
    [0;36m|[0;0m         |- [1;31merror: [1;39mproperty 'body' must be declared public because it matches a requirement in public protocol 'View'[0;0m
    [0;36m|[0;0m         `- [1;39mnote: [1;39mmark the property as 'public' to satisfy the requirement[0;0m
[0;36m170 |[0;0m         HStack(spacing: 12) {
[0;36m171 |[0;0m             // Icon

/Users/danielstevens/github-projects/tools-automation/MomentumFinance/Shared/Features/GlobalSearch/FeatureGlobalSearchView.swift:232:9: [1;31merror: [1;39mproperty 'body' must be declared public because it matches a requirement in public protocol 'View'[0;0m
[0;36m230 |[0;0m     @Environment(\.dismiss) private var dismiss
[0;36m231 |[0;0m 
[0;36m232 |[0;0m     var body: some View {
    [0;36m|[0;0m         |- [1;31merror: [1;39mproperty 'body' must be declared public because it matches a requirement in public protocol 'View'[0;0m
    [0;36m|[0;0m         `- [1;39mnote: [1;39mmark the property as 'public' to satisfy the requirement[0;0m
[0;36m233 |[0;0m         NavigationView {
[0;36m234 |[0;0m             VStack(spacing: 20) {

/Users/danielstevens/github-projects/tools-automation/MomentumFinance/Shared/Features/GlobalSearch/FeatureGlobalSearchView.swift:309:9: [1;31merror: [1;39mproperty 'body' must be declared public because it matches a requirement in public protocol 'View'[0;0m
[0;36m307 |[0;0m     let value: String
[0;36m308 |[0;0m 
[0;36m309 |[0;0m     var body: some View {
    [0;36m|[0;0m         |- [1;31merror: [1;39mproperty 'body' must be declared public because it matches a requirement in public protocol 'View'[0;0m
    [0;36m|[0;0m         `- [1;39mnote: [1;39mmark the property as 'public' to satisfy the requirement[0;0m
[0;36m310 |[0;0m         VStack(alignment: .leading, spacing: 4) {
[0;36m311 |[0;0m             Text(self.label)

/Users/danielstevens/github-projects/tools-automation/MomentumFinance/Shared/Features/GlobalSearch/FeatureGlobalSearchView.swift:68:26: [1;31merror: [1;39mtrailing closure passed to parameter of type 'Visibility' that does not accept a closure[0;0m
 [0;36m66 |[0;0m                 .navigationBarTitleDisplayMode(.inline)
 [0;36m67 |[0;0m             #endif
 [0;36m68 |[0;0m                 .toolbar [4;39m{[0;0m
    [0;36m|[0;0m                          `- [1;31merror: [1;39mtrailing closure passed to parameter of type 'Visibility' that does not accept a closure[0;0m
 [0;36m69 |[0;0m                     ToolbarItem(placement: .cancellationAction) {
 [0;36m70 |[0;0m                         Button("Cancel").accessibilityLabel("Button") {

SwiftUI.View.toolbar:6:27: [1;39mnote: [1;39m'toolbar(_:for:)' declared here[0;0m
[0;36m4 |[0;0m   @available(tvOS, introduced: 16.0, deprecated: 100000.0, renamed: "toolbarVisibility(_:for:)")
[0;36m5 |[0;0m   @available(watchOS, introduced: 9.0, deprecated: 100000.0, renamed: "toolbarVisibility(_:for:)")
[0;36m6 |[0;0m   nonisolated public func toolbar(_ visibility: Visibility, for bars: ToolbarPlacement...) -> some View
  [0;36m|[0;0m                           `- [1;39mnote: [1;39m'toolbar(_:for:)' declared here[0;0m
[0;36m7 |[0;0m   }
[0;36m8 |[0;0m 

/Users/danielstevens/github-projects/tools-automation/MomentumFinance/Shared/Features/GlobalSearch/FeatureGlobalSearchView.swift:279:26: [1;31merror: [1;39mtrailing closure passed to parameter of type 'Visibility' that does not accept a closure[0;0m
[0;36m277 |[0;0m                 .navigationBarTitleDisplayMode(.inline)
[0;36m278 |[0;0m             #endif
[0;36m279 |[0;0m                 .toolbar [4;39m{[0;0m
    [0;36m|[0;0m                          `- [1;31merror: [1;39mtrailing closure passed to parameter of type 'Visibility' that does not accept a closure[0;0m
[0;36m280 |[0;0m                     ToolbarItem(placement: .cancellationAction) {
[0;36m281 |[0;0m                         Button("Done").accessibilityLabel("Button") {

SwiftUI.View.toolbar:6:27: [1;39mnote: [1;39m'toolbar(_:for:)' declared here[0;0m
[0;36m4 |[0;0m   @available(tvOS, introduced: 16.0, deprecated: 100000.0, renamed: "toolbarVisibility(_:for:)")
[0;36m5 |[0;0m   @available(watchOS, introduced: 9.0, deprecated: 100000.0, renamed: "toolbarVisibility(_:for:)")
[0;36m6 |[0;0m   nonisolated public func toolbar(_ visibility: Visibility, for bars: ToolbarPlacement...) -> some View
  [0;36m|[0;0m                           `- [1;39mnote: [1;39m'toolbar(_:for:)' declared here[0;0m
[0;36m7 |[0;0m   }
[0;36m8 |[0;0m 
[47/148] Compiling Shared DataManagementSection.swift
/Users/danielstevens/github-projects/tools-automation/MomentumFinance/Shared/Components/Settings/ImportExportSection.swift:54:27: [1;31merror: [1;39margument passed to call that takes no arguments[0;0m
[0;36m52 |[0;0m         }
[0;36m53 |[0;0m         .sheet(isPresented: self.$showingExportSheet) {
[0;36m54 |[0;0m             DataExportView(
   [0;36m|[0;0m                           `- [1;31merror: [1;39margument passed to call that takes no arguments[0;0m
[0;36m55 |[0;0m                 isPresented: self.$showingExportSheet,
[0;36m56 |[0;0m                 exportURL: self.$exportURL,

/Users/danielstevens/github-projects/tools-automation/MomentumFinance/Shared/Components/SubscriptionDetailComponents.swift:386:24: [1;31merror: [1;39mcannot convert value of type 'String' to expected argument type 'PrimitiveButtonStyleConfiguration'[0;0m
[0;36m384 |[0;0m                 Spacer()
[0;36m385 |[0;0m 
[0;36m386 |[0;0m                 Button("Close").accessibilityLabel("Button").accessibilityLabel("Button") {
    [0;36m|[0;0m                        `- [1;31merror: [1;39mcannot convert value of type 'String' to expected argument type 'PrimitiveButtonStyleConfiguration'[0;0m
[0;36m387 |[0;0m                     self.dismiss()
[0;36m388 |[0;0m                 }

/Users/danielstevens/github-projects/tools-automation/MomentumFinance/Shared/Components/SubscriptionDetailComponents.swift:386:91: [1;31merror: [1;39mtype '_' cannot be used as a boolean; test for '!= 0' instead[0;0m
[0;36m384 |[0;0m                 Spacer()
[0;36m385 |[0;0m 
[0;36m386 |[0;0m                 Button("Close").accessibilityLabel("Button").accessibilityLabel("Button") {
    [0;36m|[0;0m                                                                                           `- [1;31merror: [1;39mtype '_' cannot be used as a boolean; test for '!= 0' instead[0;0m
[0;36m387 |[0;0m                     self.dismiss()
[0;36m388 |[0;0m                 }

/Users/danielstevens/github-projects/tools-automation/MomentumFinance/Shared/Components/SubscriptionDetailComponents.swift:486:21: [1;31merror: [1;39mtype '@Sendable (((name: String, price: Double, features: [String])) throws -> Bool) throws -> RangeSet<Array<(name: String, price: Double, features: [String])>.Index>' (aka '@Sendable (((name: String, price: Double, features: Array<String>)) throws -> Bool) throws -> RangeSet<Int>') cannot conform to 'RandomAccessCollection'[0;0m [#]8;;https://docs.swift.org/compiler/documentation/diagnostics/protocol-type-non-conformance\ProtocolTypeNonConformance]8;;\]
[0;36m484 |[0;0m 
[0;36m485 |[0;0m                     // Alternatives columns
[0;36m486 |[0;0m                     ForEach(self.alternatives.indices, id: \.self) { index in
    [0;36m|[0;0m                     |- [1;31merror: [1;39mtype '@Sendable (((name: String, price: Double, features: [String])) throws -> Bool) throws -> RangeSet<Array<(name: String, price: Double, features: [String])>.Index>' (aka '@Sendable (((name: String, price: Double, features: Array<String>)) throws -> Bool) throws -> RangeSet<Int>') cannot conform to 'RandomAccessCollection'[0;0m [#]8;;https://docs.swift.org/compiler/documentation/diagnostics/protocol-type-non-conformance\ProtocolTypeNonConformance]8;;\]
    [0;36m|[0;0m                     |- [1;39mnote: [1;39monly concrete types such as structs, enums and classes can conform to protocols[0;0m
    [0;36m|[0;0m                     `- [1;39mnote: [1;39mrequired by generic struct 'ForEach' where 'Data' = '@Sendable (((name: String, price: Double, features: [String])) throws -> Bool) throws -> RangeSet<Array<(name: String, price: Double, features: [String])>.Index>' (aka '@Sendable (((name: String, price: Double, features: Array<String>)) throws -> Bool) throws -> RangeSet<Int>')[0;0m
[0;36m487 |[0;0m                         let alternative = self.alternatives[index]
[0;36m488 |[0;0m                         VStack(spacing: 0) {

/Users/danielstevens/github-projects/tools-automation/MomentumFinance/Shared/Components/UIThemeDemoComponents.swift:6:15: [1;31merror: [1;39minvalid redeclaration of 'ThemeSelectorCard'[0;0m
  [0;36m4 |[0;0m // MARK: - Theme Demo Components
  [0;36m5 |[0;0m 
  [0;36m6 |[0;0m public struct ThemeSelectorCard: View {
    [0;36m|[0;0m               `- [1;31merror: [1;39minvalid redeclaration of 'ThemeSelectorCard'[0;0m
  [0;36m7 |[0;0m     @Binding public var selectedThemeMode: ThemeMode
  [0;36m8 |[0;0m     public let theme: Any?

/Users/danielstevens/github-projects/tools-automation/MomentumFinance/Shared/Components/UIThemeDemoComponents.swift:61:15: [1;31merror: [1;39minvalid redeclaration of 'ThemeFinancialSummaryCard'[0;0m
 [0;36m59 |[0;0m }
 [0;36m60 |[0;0m 
 [0;36m61 |[0;0m public struct ThemeFinancialSummaryCard: View {
    [0;36m|[0;0m               `- [1;31merror: [1;39minvalid redeclaration of 'ThemeFinancialSummaryCard'[0;0m
 [0;36m62 |[0;0m     public var body: some View {
 [0;36m63 |[0;0m         VStack(alignment: .leading, spacing: 12) {

/Users/danielstevens/github-projects/tools-automation/MomentumFinance/Shared/Components/UIThemeDemoComponents.swift:113:15: [1;31merror: [1;39minvalid redeclaration of 'ThemeAccountsList'[0;0m
[0;36m111 |[0;0m }
[0;36m112 |[0;0m 
[0;36m113 |[0;0m public struct ThemeAccountsList: View {
    [0;36m|[0;0m               `- [1;31merror: [1;39minvalid redeclaration of 'ThemeAccountsList'[0;0m
[0;36m114 |[0;0m     public var body: some View {
[0;36m115 |[0;0m         VStack(alignment: .leading, spacing: 12) {

/Users/danielstevens/github-projects/tools-automation/MomentumFinance/Shared/Components/UITransactionComponents.swift:7:15: [1;31merror: [1;39minvalid redeclaration of 'TransactionEmptyStateView'[0;0m
  [0;36m5 |[0;0m // Import transaction types removed
  [0;36m6 |[0;0m 
  [0;36m7 |[0;0m public struct TransactionEmptyStateView: View {
    [0;36m|[0;0m               `- [1;31merror: [1;39minvalid redeclaration of 'TransactionEmptyStateView'[0;0m
  [0;36m8 |[0;0m     public let searchText: String
  [0;36m9 |[0;0m     public let onAddTransaction: () -> Void

/Users/danielstevens/github-projects/tools-automation/MomentumFinance/Shared/Components/UITransactionComponents.swift:48:15: [1;31merror: [1;39minvalid redeclaration of 'TransactionListView'[0;0m
 [0;36m46 |[0;0m }
 [0;36m47 |[0;0m 
 [0;36m48 |[0;0m public struct TransactionListView: View {
    [0;36m|[0;0m               `- [1;31merror: [1;39minvalid redeclaration of 'TransactionListView'[0;0m
 [0;36m49 |[0;0m     public let transactions: [FinancialTransaction]
 [0;36m50 |[0;0m     public let onTransactionTapped: (FinancialTransaction) -> Void

/Users/danielstevens/github-projects/tools-automation/MomentumFinance/Shared/Components/UITransactionComponents.swift:77:15: [1;31merror: [1;39minvalid redeclaration of 'TransactionRowView'[0;0m
 [0;36m75 |[0;0m }
 [0;36m76 |[0;0m 
 [0;36m77 |[0;0m public struct TransactionRowView: View {
    [0;36m|[0;0m               `- [1;31merror: [1;39minvalid redeclaration of 'TransactionRowView'[0;0m
 [0;36m78 |[0;0m     public let transaction: FinancialTransaction
 [0;36m79 |[0;0m     public let onTap: () -> Void

/Users/danielstevens/github-projects/tools-automation/MomentumFinance/Shared/Components/UITransactionComponents.swift:127:15: [1;31merror: [1;39minvalid redeclaration of 'AddTransactionView'[0;0m
[0;36m125 |[0;0m }
[0;36m126 |[0;0m 
[0;36m127 |[0;0m public struct AddTransactionView: View {
    [0;36m|[0;0m               `- [1;31merror: [1;39minvalid redeclaration of 'AddTransactionView'[0;0m
[0;36m128 |[0;0m     public let categories: [Any]
[0;36m129 |[0;0m     public let accounts: [Any]

/Users/danielstevens/github-projects/tools-automation/MomentumFinance/Shared/Components/UITransactionComponents.swift:176:15: [1;31merror: [1;39minvalid redeclaration of 'TransactionDetailView'[0;0m
[0;36m174 |[0;0m }
[0;36m175 |[0;0m 
[0;36m176 |[0;0m public struct TransactionDetailView: View {
    [0;36m|[0;0m               `- [1;31merror: [1;39minvalid redeclaration of 'TransactionDetailView'[0;0m
[0;36m177 |[0;0m     public let transaction: Any
[0;36m178 |[0;0m     @Environment(\.dismiss) private var dismiss

/Users/danielstevens/github-projects/tools-automation/MomentumFinance/Shared/Components/UITransactionComponents.swift:241:15: [1;31merror: [1;39minvalid redeclaration of 'TransactionStatsCard'[0;0m
[0;36m239 |[0;0m }
[0;36m240 |[0;0m 
[0;36m241 |[0;0m public struct TransactionStatsCard: View {
    [0;36m|[0;0m               `- [1;31merror: [1;39minvalid redeclaration of 'TransactionStatsCard'[0;0m
[0;36m242 |[0;0m     public let transactions: [Any]
[0;36m243 |[0;0m 

/Users/danielstevens/github-projects/tools-automation/MomentumFinance/Shared/Components/UITransactionComponents.swift:282:15: [1;31merror: [1;39minvalid redeclaration of 'SearchAndFilterSection'[0;0m
[0;36m280 |[0;0m }
[0;36m281 |[0;0m 
[0;36m282 |[0;0m public struct SearchAndFilterSection: View {
    [0;36m|[0;0m               `- [1;31merror: [1;39minvalid redeclaration of 'SearchAndFilterSection'[0;0m
[0;36m283 |[0;0m     @Binding public var searchText: String
[0;36m284 |[0;0m     @Binding public var selectedFilter: TransactionFilter

/Users/danielstevens/github-projects/tools-automation/MomentumFinance/Shared/Components/UITransactionComponents.swift:59:31: [1;31merror: [1;39mextra argument 'onDelete' in call[0;0m
 [0;36m57 |[0;0m                     transaction: self.transactions[index],
 [0;36m58 |[0;0m                     onTap: { self.onTransactionTapped(self.transactions[index]) },
 [0;36m59 |[0;0m                     onDelete: { self.onDeleteTransaction(self.transactions[index]) }
    [0;36m|[0;0m                               `- [1;31merror: [1;39mextra argument 'onDelete' in call[0;0m
 [0;36m60 |[0;0m                 )
 [0;36m61 |[0;0m             }

/Users/danielstevens/github-projects/tools-automation/MomentumFinance/Shared/Features/Budgets/BudgetsViewModel.swift:215:37: [1;31merror: [1;39mvalue of type 'Budget' has no member 'createNextPeriodBudget'[0;0m
[0;36m213 |[0;0m 
[0;36m214 |[0;0m         if !nextPeriodBudgetExists {
[0;36m215 |[0;0m             let nextBudget = [4;39mbudget[0;0m.[4;39mcreateNextPeriodBudget[0;0m(for: nextMonth)
    [0;36m|[0;0m                                     `- [1;31merror: [1;39mvalue of type 'Budget' has no member 'createNextPeriodBudget'[0;0m
[0;36m216 |[0;0m             modelContext.insert(nextBudget)
[0;36m217 |[0;0m 

/Users/danielstevens/github-projects/tools-automation/MomentumFinance/Shared/Features/Dashboard/DashboardComponents.swift:68:15: [1;31merror: [1;39minvalid redeclaration of 'DashboardAccountsSummary'[0;0m
 [0;36m66 |[0;0m }
 [0;36m67 |[0;0m 
 [0;36m68 |[0;0m public struct DashboardAccountsSummary: View {
    [0;36m|[0;0m               `- [1;31merror: [1;39minvalid redeclaration of 'DashboardAccountsSummary'[0;0m
 [0;36m69 |[0;0m     let accounts: [FinancialAccount]
 [0;36m70 |[0;0m     let onAccountTap: (UUID) -> Void

/Users/danielstevens/github-projects/tools-automation/MomentumFinance/Shared/Features/Dashboard/DashboardComponents.swift:128:73: [1;31merror: [1;39mcannot convert value of type 'PersistentIdentifier.ID' to expected argument type 'UUID'[0;0m
[0;36m126 |[0;0m                         .shadow(color: Color.black.opacity(0.05), radius: 4, y: 2)
[0;36m127 |[0;0m                         .onTapGesture {
[0;36m128 |[0;0m                             self.onAccountTap(account.persistentModelID.id)
    [0;36m|[0;0m                                                                         `- [1;31merror: [1;39mcannot convert value of type 'PersistentIdentifier.ID' to expected argument type 'UUID'[0;0m
[0;36m129 |[0;0m                         }
[0;36m130 |[0;0m                     }

[#ProtocolTypeNonConformance]: <https://docs.swift.org/compiler/documentation/diagnostics/protocol-type-non-conformance>
[48/148] Compiling Shared ImportExportSection.swift
/Users/danielstevens/github-projects/tools-automation/MomentumFinance/Shared/Components/Settings/ImportExportSection.swift:54:27: [1;31merror: [1;39margument passed to call that takes no arguments[0;0m
[0;36m52 |[0;0m         }
[0;36m53 |[0;0m         .sheet(isPresented: self.$showingExportSheet) {
[0;36m54 |[0;0m             DataExportView(
   [0;36m|[0;0m                           `- [1;31merror: [1;39margument passed to call that takes no arguments[0;0m
[0;36m55 |[0;0m                 isPresented: self.$showingExportSheet,
[0;36m56 |[0;0m                 exportURL: self.$exportURL,

/Users/danielstevens/github-projects/tools-automation/MomentumFinance/Shared/Components/SubscriptionDetailComponents.swift:386:24: [1;31merror: [1;39mcannot convert value of type 'String' to expected argument type 'PrimitiveButtonStyleConfiguration'[0;0m
[0;36m384 |[0;0m                 Spacer()
[0;36m385 |[0;0m 
[0;36m386 |[0;0m                 Button("Close").accessibilityLabel("Button").accessibilityLabel("Button") {
    [0;36m|[0;0m                        `- [1;31merror: [1;39mcannot convert value of type 'String' to expected argument type 'PrimitiveButtonStyleConfiguration'[0;0m
[0;36m387 |[0;0m                     self.dismiss()
[0;36m388 |[0;0m                 }

/Users/danielstevens/github-projects/tools-automation/MomentumFinance/Shared/Components/SubscriptionDetailComponents.swift:386:91: [1;31merror: [1;39mtype '_' cannot be used as a boolean; test for '!= 0' instead[0;0m
[0;36m384 |[0;0m                 Spacer()
[0;36m385 |[0;0m 
[0;36m386 |[0;0m                 Button("Close").accessibilityLabel("Button").accessibilityLabel("Button") {
    [0;36m|[0;0m                                                                                           `- [1;31merror: [1;39mtype '_' cannot be used as a boolean; test for '!= 0' instead[0;0m
[0;36m387 |[0;0m                     self.dismiss()
[0;36m388 |[0;0m                 }

/Users/danielstevens/github-projects/tools-automation/MomentumFinance/Shared/Components/SubscriptionDetailComponents.swift:486:21: [1;31merror: [1;39mtype '@Sendable (((name: String, price: Double, features: [String])) throws -> Bool) throws -> RangeSet<Array<(name: String, price: Double, features: [String])>.Index>' (aka '@Sendable (((name: String, price: Double, features: Array<String>)) throws -> Bool) throws -> RangeSet<Int>') cannot conform to 'RandomAccessCollection'[0;0m [#]8;;https://docs.swift.org/compiler/documentation/diagnostics/protocol-type-non-conformance\ProtocolTypeNonConformance]8;;\]
[0;36m484 |[0;0m 
[0;36m485 |[0;0m                     // Alternatives columns
[0;36m486 |[0;0m                     ForEach(self.alternatives.indices, id: \.self) { index in
    [0;36m|[0;0m                     |- [1;31merror: [1;39mtype '@Sendable (((name: String, price: Double, features: [String])) throws -> Bool) throws -> RangeSet<Array<(name: String, price: Double, features: [String])>.Index>' (aka '@Sendable (((name: String, price: Double, features: Array<String>)) throws -> Bool) throws -> RangeSet<Int>') cannot conform to 'RandomAccessCollection'[0;0m [#]8;;https://docs.swift.org/compiler/documentation/diagnostics/protocol-type-non-conformance\ProtocolTypeNonConformance]8;;\]
    [0;36m|[0;0m                     |- [1;39mnote: [1;39monly concrete types such as structs, enums and classes can conform to protocols[0;0m
    [0;36m|[0;0m                     `- [1;39mnote: [1;39mrequired by generic struct 'ForEach' where 'Data' = '@Sendable (((name: String, price: Double, features: [String])) throws -> Bool) throws -> RangeSet<Array<(name: String, price: Double, features: [String])>.Index>' (aka '@Sendable (((name: String, price: Double, features: Array<String>)) throws -> Bool) throws -> RangeSet<Int>')[0;0m
[0;36m487 |[0;0m                         let alternative = self.alternatives[index]
[0;36m488 |[0;0m                         VStack(spacing: 0) {

/Users/danielstevens/github-projects/tools-automation/MomentumFinance/Shared/Components/UIThemeDemoComponents.swift:6:15: [1;31merror: [1;39minvalid redeclaration of 'ThemeSelectorCard'[0;0m
  [0;36m4 |[0;0m // MARK: - Theme Demo Components
  [0;36m5 |[0;0m 
  [0;36m6 |[0;0m public struct ThemeSelectorCard: View {
    [0;36m|[0;0m               `- [1;31merror: [1;39minvalid redeclaration of 'ThemeSelectorCard'[0;0m
  [0;36m7 |[0;0m     @Binding public var selectedThemeMode: ThemeMode
  [0;36m8 |[0;0m     public let theme: Any?

/Users/danielstevens/github-projects/tools-automation/MomentumFinance/Shared/Components/UIThemeDemoComponents.swift:61:15: [1;31merror: [1;39minvalid redeclaration of 'ThemeFinancialSummaryCard'[0;0m
 [0;36m59 |[0;0m }
 [0;36m60 |[0;0m 
 [0;36m61 |[0;0m public struct ThemeFinancialSummaryCard: View {
    [0;36m|[0;0m               `- [1;31merror: [1;39minvalid redeclaration of 'ThemeFinancialSummaryCard'[0;0m
 [0;36m62 |[0;0m     public var body: some View {
 [0;36m63 |[0;0m         VStack(alignment: .leading, spacing: 12) {

/Users/danielstevens/github-projects/tools-automation/MomentumFinance/Shared/Components/UIThemeDemoComponents.swift:113:15: [1;31merror: [1;39minvalid redeclaration of 'ThemeAccountsList'[0;0m
[0;36m111 |[0;0m }
[0;36m112 |[0;0m 
[0;36m113 |[0;0m public struct ThemeAccountsList: View {
    [0;36m|[0;0m               `- [1;31merror: [1;39minvalid redeclaration of 'ThemeAccountsList'[0;0m
[0;36m114 |[0;0m     public var body: some View {
[0;36m115 |[0;0m         VStack(alignment: .leading, spacing: 12) {

/Users/danielstevens/github-projects/tools-automation/MomentumFinance/Shared/Components/UITransactionComponents.swift:7:15: [1;31merror: [1;39minvalid redeclaration of 'TransactionEmptyStateView'[0;0m
  [0;36m5 |[0;0m // Import transaction types removed
  [0;36m6 |[0;0m 
  [0;36m7 |[0;0m public struct TransactionEmptyStateView: View {
    [0;36m|[0;0m               `- [1;31merror: [1;39minvalid redeclaration of 'TransactionEmptyStateView'[0;0m
  [0;36m8 |[0;0m     public let searchText: String
  [0;36m9 |[0;0m     public let onAddTransaction: () -> Void

/Users/danielstevens/github-projects/tools-automation/MomentumFinance/Shared/Components/UITransactionComponents.swift:48:15: [1;31merror: [1;39minvalid redeclaration of 'TransactionListView'[0;0m
 [0;36m46 |[0;0m }
 [0;36m47 |[0;0m 
 [0;36m48 |[0;0m public struct TransactionListView: View {
    [0;36m|[0;0m               `- [1;31merror: [1;39minvalid redeclaration of 'TransactionListView'[0;0m
 [0;36m49 |[0;0m     public let transactions: [FinancialTransaction]
 [0;36m50 |[0;0m     public let onTransactionTapped: (FinancialTransaction) -> Void

/Users/danielstevens/github-projects/tools-automation/MomentumFinance/Shared/Components/UITransactionComponents.swift:77:15: [1;31merror: [1;39minvalid redeclaration of 'TransactionRowView'[0;0m
 [0;36m75 |[0;0m }
 [0;36m76 |[0;0m 
 [0;36m77 |[0;0m public struct TransactionRowView: View {
    [0;36m|[0;0m               `- [1;31merror: [1;39minvalid redeclaration of 'TransactionRowView'[0;0m
 [0;36m78 |[0;0m     public let transaction: FinancialTransaction
 [0;36m79 |[0;0m     public let onTap: () -> Void

/Users/danielstevens/github-projects/tools-automation/MomentumFinance/Shared/Components/UITransactionComponents.swift:127:15: [1;31merror: [1;39minvalid redeclaration of 'AddTransactionView'[0;0m
[0;36m125 |[0;0m }
[0;36m126 |[0;0m 
[0;36m127 |[0;0m public struct AddTransactionView: View {
    [0;36m|[0;0m               `- [1;31merror: [1;39minvalid redeclaration of 'AddTransactionView'[0;0m
[0;36m128 |[0;0m     public let categories: [Any]
[0;36m129 |[0;0m     public let accounts: [Any]

/Users/danielstevens/github-projects/tools-automation/MomentumFinance/Shared/Components/UITransactionComponents.swift:176:15: [1;31merror: [1;39minvalid redeclaration of 'TransactionDetailView'[0;0m
[0;36m174 |[0;0m }
[0;36m175 |[0;0m 
[0;36m176 |[0;0m public struct TransactionDetailView: View {
    [0;36m|[0;0m               `- [1;31merror: [1;39minvalid redeclaration of 'TransactionDetailView'[0;0m
[0;36m177 |[0;0m     public let transaction: Any
[0;36m178 |[0;0m     @Environment(\.dismiss) private var dismiss

/Users/danielstevens/github-projects/tools-automation/MomentumFinance/Shared/Components/UITransactionComponents.swift:241:15: [1;31merror: [1;39minvalid redeclaration of 'TransactionStatsCard'[0;0m
[0;36m239 |[0;0m }
[0;36m240 |[0;0m 
[0;36m241 |[0;0m public struct TransactionStatsCard: View {
    [0;36m|[0;0m               `- [1;31merror: [1;39minvalid redeclaration of 'TransactionStatsCard'[0;0m
[0;36m242 |[0;0m     public let transactions: [Any]
[0;36m243 |[0;0m 

/Users/danielstevens/github-projects/tools-automation/MomentumFinance/Shared/Components/UITransactionComponents.swift:282:15: [1;31merror: [1;39minvalid redeclaration of 'SearchAndFilterSection'[0;0m
[0;36m280 |[0;0m }
[0;36m281 |[0;0m 
[0;36m282 |[0;0m public struct SearchAndFilterSection: View {
    [0;36m|[0;0m               `- [1;31merror: [1;39minvalid redeclaration of 'SearchAndFilterSection'[0;0m
[0;36m283 |[0;0m     @Binding public var searchText: String
[0;36m284 |[0;0m     @Binding public var selectedFilter: TransactionFilter

/Users/danielstevens/github-projects/tools-automation/MomentumFinance/Shared/Components/UITransactionComponents.swift:59:31: [1;31merror: [1;39mextra argument 'onDelete' in call[0;0m
 [0;36m57 |[0;0m                     transaction: self.transactions[index],
 [0;36m58 |[0;0m                     onTap: { self.onTransactionTapped(self.transactions[index]) },
 [0;36m59 |[0;0m                     onDelete: { self.onDeleteTransaction(self.transactions[index]) }
    [0;36m|[0;0m                               `- [1;31merror: [1;39mextra argument 'onDelete' in call[0;0m
 [0;36m60 |[0;0m                 )
 [0;36m61 |[0;0m             }

/Users/danielstevens/github-projects/tools-automation/MomentumFinance/Shared/Features/Budgets/BudgetsViewModel.swift:215:37: [1;31merror: [1;39mvalue of type 'Budget' has no member 'createNextPeriodBudget'[0;0m
[0;36m213 |[0;0m 
[0;36m214 |[0;0m         if !nextPeriodBudgetExists {
[0;36m215 |[0;0m             let nextBudget = [4;39mbudget[0;0m.[4;39mcreateNextPeriodBudget[0;0m(for: nextMonth)
    [0;36m|[0;0m                                     `- [1;31merror: [1;39mvalue of type 'Budget' has no member 'createNextPeriodBudget'[0;0m
[0;36m216 |[0;0m             modelContext.insert(nextBudget)
[0;36m217 |[0;0m 

/Users/danielstevens/github-projects/tools-automation/MomentumFinance/Shared/Features/Dashboard/DashboardComponents.swift:68:15: [1;31merror: [1;39minvalid redeclaration of 'DashboardAccountsSummary'[0;0m
 [0;36m66 |[0;0m }
 [0;36m67 |[0;0m 
 [0;36m68 |[0;0m public struct DashboardAccountsSummary: View {
    [0;36m|[0;0m               `- [1;31merror: [1;39minvalid redeclaration of 'DashboardAccountsSummary'[0;0m
 [0;36m69 |[0;0m     let accounts: [FinancialAccount]
 [0;36m70 |[0;0m     let onAccountTap: (UUID) -> Void

/Users/danielstevens/github-projects/tools-automation/MomentumFinance/Shared/Features/Dashboard/DashboardComponents.swift:128:73: [1;31merror: [1;39mcannot convert value of type 'PersistentIdentifier.ID' to expected argument type 'UUID'[0;0m
[0;36m126 |[0;0m                         .shadow(color: Color.black.opacity(0.05), radius: 4, y: 2)
[0;36m127 |[0;0m                         .onTapGesture {
[0;36m128 |[0;0m                             self.onAccountTap(account.persistentModelID.id)
    [0;36m|[0;0m                                                                         `- [1;31merror: [1;39mcannot convert value of type 'PersistentIdentifier.ID' to expected argument type 'UUID'[0;0m
[0;36m129 |[0;0m                         }
[0;36m130 |[0;0m                     }

[#ProtocolTypeNonConformance]: <https://docs.swift.org/compiler/documentation/diagnostics/protocol-type-non-conformance>
[49/148] Compiling Shared SecuritySettingsSection.swift
/Users/danielstevens/github-projects/tools-automation/MomentumFinance/Shared/Components/Settings/ImportExportSection.swift:54:27: [1;31merror: [1;39margument passed to call that takes no arguments[0;0m
[0;36m52 |[0;0m         }
[0;36m53 |[0;0m         .sheet(isPresented: self.$showingExportSheet) {
[0;36m54 |[0;0m             DataExportView(
   [0;36m|[0;0m                           `- [1;31merror: [1;39margument passed to call that takes no arguments[0;0m
[0;36m55 |[0;0m                 isPresented: self.$showingExportSheet,
[0;36m56 |[0;0m                 exportURL: self.$exportURL,

/Users/danielstevens/github-projects/tools-automation/MomentumFinance/Shared/Components/SubscriptionDetailComponents.swift:386:24: [1;31merror: [1;39mcannot convert value of type 'String' to expected argument type 'PrimitiveButtonStyleConfiguration'[0;0m
[0;36m384 |[0;0m                 Spacer()
[0;36m385 |[0;0m 
[0;36m386 |[0;0m                 Button("Close").accessibilityLabel("Button").accessibilityLabel("Button") {
    [0;36m|[0;0m                        `- [1;31merror: [1;39mcannot convert value of type 'String' to expected argument type 'PrimitiveButtonStyleConfiguration'[0;0m
[0;36m387 |[0;0m                     self.dismiss()
[0;36m388 |[0;0m                 }

/Users/danielstevens/github-projects/tools-automation/MomentumFinance/Shared/Components/SubscriptionDetailComponents.swift:386:91: [1;31merror: [1;39mtype '_' cannot be used as a boolean; test for '!= 0' instead[0;0m
[0;36m384 |[0;0m                 Spacer()
[0;36m385 |[0;0m 
[0;36m386 |[0;0m                 Button("Close").accessibilityLabel("Button").accessibilityLabel("Button") {
    [0;36m|[0;0m                                                                                           `- [1;31merror: [1;39mtype '_' cannot be used as a boolean; test for '!= 0' instead[0;0m
[0;36m387 |[0;0m                     self.dismiss()
[0;36m388 |[0;0m                 }

/Users/danielstevens/github-projects/tools-automation/MomentumFinance/Shared/Components/SubscriptionDetailComponents.swift:486:21: [1;31merror: [1;39mtype '@Sendable (((name: String, price: Double, features: [String])) throws -> Bool) throws -> RangeSet<Array<(name: String, price: Double, features: [String])>.Index>' (aka '@Sendable (((name: String, price: Double, features: Array<String>)) throws -> Bool) throws -> RangeSet<Int>') cannot conform to 'RandomAccessCollection'[0;0m [#]8;;https://docs.swift.org/compiler/documentation/diagnostics/protocol-type-non-conformance\ProtocolTypeNonConformance]8;;\]
[0;36m484 |[0;0m 
[0;36m485 |[0;0m                     // Alternatives columns
[0;36m486 |[0;0m                     ForEach(self.alternatives.indices, id: \.self) { index in
    [0;36m|[0;0m                     |- [1;31merror: [1;39mtype '@Sendable (((name: String, price: Double, features: [String])) throws -> Bool) throws -> RangeSet<Array<(name: String, price: Double, features: [String])>.Index>' (aka '@Sendable (((name: String, price: Double, features: Array<String>)) throws -> Bool) throws -> RangeSet<Int>') cannot conform to 'RandomAccessCollection'[0;0m [#]8;;https://docs.swift.org/compiler/documentation/diagnostics/protocol-type-non-conformance\ProtocolTypeNonConformance]8;;\]
    [0;36m|[0;0m                     |- [1;39mnote: [1;39monly concrete types such as structs, enums and classes can conform to protocols[0;0m
    [0;36m|[0;0m                     `- [1;39mnote: [1;39mrequired by generic struct 'ForEach' where 'Data' = '@Sendable (((name: String, price: Double, features: [String])) throws -> Bool) throws -> RangeSet<Array<(name: String, price: Double, features: [String])>.Index>' (aka '@Sendable (((name: String, price: Double, features: Array<String>)) throws -> Bool) throws -> RangeSet<Int>')[0;0m
[0;36m487 |[0;0m                         let alternative = self.alternatives[index]
[0;36m488 |[0;0m                         VStack(spacing: 0) {

/Users/danielstevens/github-projects/tools-automation/MomentumFinance/Shared/Components/UIThemeDemoComponents.swift:6:15: [1;31merror: [1;39minvalid redeclaration of 'ThemeSelectorCard'[0;0m
  [0;36m4 |[0;0m // MARK: - Theme Demo Components
  [0;36m5 |[0;0m 
  [0;36m6 |[0;0m public struct ThemeSelectorCard: View {
    [0;36m|[0;0m               `- [1;31merror: [1;39minvalid redeclaration of 'ThemeSelectorCard'[0;0m
  [0;36m7 |[0;0m     @Binding public var selectedThemeMode: ThemeMode
  [0;36m8 |[0;0m     public let theme: Any?

/Users/danielstevens/github-projects/tools-automation/MomentumFinance/Shared/Components/UIThemeDemoComponents.swift:61:15: [1;31merror: [1;39minvalid redeclaration of 'ThemeFinancialSummaryCard'[0;0m
 [0;36m59 |[0;0m }
 [0;36m60 |[0;0m 
 [0;36m61 |[0;0m public struct ThemeFinancialSummaryCard: View {
    [0;36m|[0;0m               `- [1;31merror: [1;39minvalid redeclaration of 'ThemeFinancialSummaryCard'[0;0m
 [0;36m62 |[0;0m     public var body: some View {
 [0;36m63 |[0;0m         VStack(alignment: .leading, spacing: 12) {

/Users/danielstevens/github-projects/tools-automation/MomentumFinance/Shared/Components/UIThemeDemoComponents.swift:113:15: [1;31merror: [1;39minvalid redeclaration of 'ThemeAccountsList'[0;0m
[0;36m111 |[0;0m }
[0;36m112 |[0;0m 
[0;36m113 |[0;0m public struct ThemeAccountsList: View {
    [0;36m|[0;0m               `- [1;31merror: [1;39minvalid redeclaration of 'ThemeAccountsList'[0;0m
[0;36m114 |[0;0m     public var body: some View {
[0;36m115 |[0;0m         VStack(alignment: .leading, spacing: 12) {

/Users/danielstevens/github-projects/tools-automation/MomentumFinance/Shared/Components/UITransactionComponents.swift:7:15: [1;31merror: [1;39minvalid redeclaration of 'TransactionEmptyStateView'[0;0m
  [0;36m5 |[0;0m // Import transaction types removed
  [0;36m6 |[0;0m 
  [0;36m7 |[0;0m public struct TransactionEmptyStateView: View {
    [0;36m|[0;0m               `- [1;31merror: [1;39minvalid redeclaration of 'TransactionEmptyStateView'[0;0m
  [0;36m8 |[0;0m     public let searchText: String
  [0;36m9 |[0;0m     public let onAddTransaction: () -> Void

/Users/danielstevens/github-projects/tools-automation/MomentumFinance/Shared/Components/UITransactionComponents.swift:48:15: [1;31merror: [1;39minvalid redeclaration of 'TransactionListView'[0;0m
 [0;36m46 |[0;0m }
 [0;36m47 |[0;0m 
 [0;36m48 |[0;0m public struct TransactionListView: View {
    [0;36m|[0;0m               `- [1;31merror: [1;39minvalid redeclaration of 'TransactionListView'[0;0m
 [0;36m49 |[0;0m     public let transactions: [FinancialTransaction]
 [0;36m50 |[0;0m     public let onTransactionTapped: (FinancialTransaction) -> Void

/Users/danielstevens/github-projects/tools-automation/MomentumFinance/Shared/Components/UITransactionComponents.swift:77:15: [1;31merror: [1;39minvalid redeclaration of 'TransactionRowView'[0;0m
 [0;36m75 |[0;0m }
 [0;36m76 |[0;0m 
 [0;36m77 |[0;0m public struct TransactionRowView: View {
    [0;36m|[0;0m               `- [1;31merror: [1;39minvalid redeclaration of 'TransactionRowView'[0;0m
 [0;36m78 |[0;0m     public let transaction: FinancialTransaction
 [0;36m79 |[0;0m     public let onTap: () -> Void

/Users/danielstevens/github-projects/tools-automation/MomentumFinance/Shared/Components/UITransactionComponents.swift:127:15: [1;31merror: [1;39minvalid redeclaration of 'AddTransactionView'[0;0m
[0;36m125 |[0;0m }
[0;36m126 |[0;0m 
[0;36m127 |[0;0m public struct AddTransactionView: View {
    [0;36m|[0;0m               `- [1;31merror: [1;39minvalid redeclaration of 'AddTransactionView'[0;0m
[0;36m128 |[0;0m     public let categories: [Any]
[0;36m129 |[0;0m     public let accounts: [Any]

/Users/danielstevens/github-projects/tools-automation/MomentumFinance/Shared/Components/UITransactionComponents.swift:176:15: [1;31merror: [1;39minvalid redeclaration of 'TransactionDetailView'[0;0m
[0;36m174 |[0;0m }
[0;36m175 |[0;0m 
[0;36m176 |[0;0m public struct TransactionDetailView: View {
    [0;36m|[0;0m               `- [1;31merror: [1;39minvalid redeclaration of 'TransactionDetailView'[0;0m
[0;36m177 |[0;0m     public let transaction: Any
[0;36m178 |[0;0m     @Environment(\.dismiss) private var dismiss

/Users/danielstevens/github-projects/tools-automation/MomentumFinance/Shared/Components/UITransactionComponents.swift:241:15: [1;31merror: [1;39minvalid redeclaration of 'TransactionStatsCard'[0;0m
[0;36m239 |[0;0m }
[0;36m240 |[0;0m 
[0;36m241 |[0;0m public struct TransactionStatsCard: View {
    [0;36m|[0;0m               `- [1;31merror: [1;39minvalid redeclaration of 'TransactionStatsCard'[0;0m
[0;36m242 |[0;0m     public let transactions: [Any]
[0;36m243 |[0;0m 

/Users/danielstevens/github-projects/tools-automation/MomentumFinance/Shared/Components/UITransactionComponents.swift:282:15: [1;31merror: [1;39minvalid redeclaration of 'SearchAndFilterSection'[0;0m
[0;36m280 |[0;0m }
[0;36m281 |[0;0m 
[0;36m282 |[0;0m public struct SearchAndFilterSection: View {
    [0;36m|[0;0m               `- [1;31merror: [1;39minvalid redeclaration of 'SearchAndFilterSection'[0;0m
[0;36m283 |[0;0m     @Binding public var searchText: String
[0;36m284 |[0;0m     @Binding public var selectedFilter: TransactionFilter

/Users/danielstevens/github-projects/tools-automation/MomentumFinance/Shared/Components/UITransactionComponents.swift:59:31: [1;31merror: [1;39mextra argument 'onDelete' in call[0;0m
 [0;36m57 |[0;0m                     transaction: self.transactions[index],
 [0;36m58 |[0;0m                     onTap: { self.onTransactionTapped(self.transactions[index]) },
 [0;36m59 |[0;0m                     onDelete: { self.onDeleteTransaction(self.transactions[index]) }
    [0;36m|[0;0m                               `- [1;31merror: [1;39mextra argument 'onDelete' in call[0;0m
 [0;36m60 |[0;0m                 )
 [0;36m61 |[0;0m             }

/Users/danielstevens/github-projects/tools-automation/MomentumFinance/Shared/Features/Budgets/BudgetsViewModel.swift:215:37: [1;31merror: [1;39mvalue of type 'Budget' has no member 'createNextPeriodBudget'[0;0m
[0;36m213 |[0;0m 
[0;36m214 |[0;0m         if !nextPeriodBudgetExists {
[0;36m215 |[0;0m             let nextBudget = [4;39mbudget[0;0m.[4;39mcreateNextPeriodBudget[0;0m(for: nextMonth)
    [0;36m|[0;0m                                     `- [1;31merror: [1;39mvalue of type 'Budget' has no member 'createNextPeriodBudget'[0;0m
[0;36m216 |[0;0m             modelContext.insert(nextBudget)
[0;36m217 |[0;0m 

/Users/danielstevens/github-projects/tools-automation/MomentumFinance/Shared/Features/Dashboard/DashboardComponents.swift:68:15: [1;31merror: [1;39minvalid redeclaration of 'DashboardAccountsSummary'[0;0m
 [0;36m66 |[0;0m }
 [0;36m67 |[0;0m 
 [0;36m68 |[0;0m public struct DashboardAccountsSummary: View {
    [0;36m|[0;0m               `- [1;31merror: [1;39minvalid redeclaration of 'DashboardAccountsSummary'[0;0m
 [0;36m69 |[0;0m     let accounts: [FinancialAccount]
 [0;36m70 |[0;0m     let onAccountTap: (UUID) -> Void

/Users/danielstevens/github-projects/tools-automation/MomentumFinance/Shared/Features/Dashboard/DashboardComponents.swift:128:73: [1;31merror: [1;39mcannot convert value of type 'PersistentIdentifier.ID' to expected argument type 'UUID'[0;0m
[0;36m126 |[0;0m                         .shadow(color: Color.black.opacity(0.05), radius: 4, y: 2)
[0;36m127 |[0;0m                         .onTapGesture {
[0;36m128 |[0;0m                             self.onAccountTap(account.persistentModelID.id)
    [0;36m|[0;0m                                                                         `- [1;31merror: [1;39mcannot convert value of type 'PersistentIdentifier.ID' to expected argument type 'UUID'[0;0m
[0;36m129 |[0;0m                         }
[0;36m130 |[0;0m                     }

[#ProtocolTypeNonConformance]: <https://docs.swift.org/compiler/documentation/diagnostics/protocol-type-non-conformance>
[50/148] Compiling Shared SubscriptionDetailComponents.swift
/Users/danielstevens/github-projects/tools-automation/MomentumFinance/Shared/Components/Settings/ImportExportSection.swift:54:27: [1;31merror: [1;39margument passed to call that takes no arguments[0;0m
[0;36m52 |[0;0m         }
[0;36m53 |[0;0m         .sheet(isPresented: self.$showingExportSheet) {
[0;36m54 |[0;0m             DataExportView(
   [0;36m|[0;0m                           `- [1;31merror: [1;39margument passed to call that takes no arguments[0;0m
[0;36m55 |[0;0m                 isPresented: self.$showingExportSheet,
[0;36m56 |[0;0m                 exportURL: self.$exportURL,

/Users/danielstevens/github-projects/tools-automation/MomentumFinance/Shared/Components/SubscriptionDetailComponents.swift:386:24: [1;31merror: [1;39mcannot convert value of type 'String' to expected argument type 'PrimitiveButtonStyleConfiguration'[0;0m
[0;36m384 |[0;0m                 Spacer()
[0;36m385 |[0;0m 
[0;36m386 |[0;0m                 Button("Close").accessibilityLabel("Button").accessibilityLabel("Button") {
    [0;36m|[0;0m                        `- [1;31merror: [1;39mcannot convert value of type 'String' to expected argument type 'PrimitiveButtonStyleConfiguration'[0;0m
[0;36m387 |[0;0m                     self.dismiss()
[0;36m388 |[0;0m                 }

/Users/danielstevens/github-projects/tools-automation/MomentumFinance/Shared/Components/SubscriptionDetailComponents.swift:386:91: [1;31merror: [1;39mtype '_' cannot be used as a boolean; test for '!= 0' instead[0;0m
[0;36m384 |[0;0m                 Spacer()
[0;36m385 |[0;0m 
[0;36m386 |[0;0m                 Button("Close").accessibilityLabel("Button").accessibilityLabel("Button") {
    [0;36m|[0;0m                                                                                           `- [1;31merror: [1;39mtype '_' cannot be used as a boolean; test for '!= 0' instead[0;0m
[0;36m387 |[0;0m                     self.dismiss()
[0;36m388 |[0;0m                 }

/Users/danielstevens/github-projects/tools-automation/MomentumFinance/Shared/Components/SubscriptionDetailComponents.swift:486:21: [1;31merror: [1;39mtype '@Sendable (((name: String, price: Double, features: [String])) throws -> Bool) throws -> RangeSet<Array<(name: String, price: Double, features: [String])>.Index>' (aka '@Sendable (((name: String, price: Double, features: Array<String>)) throws -> Bool) throws -> RangeSet<Int>') cannot conform to 'RandomAccessCollection'[0;0m [#]8;;https://docs.swift.org/compiler/documentation/diagnostics/protocol-type-non-conformance\ProtocolTypeNonConformance]8;;\]
[0;36m484 |[0;0m 
[0;36m485 |[0;0m                     // Alternatives columns
[0;36m486 |[0;0m                     ForEach(self.alternatives.indices, id: \.self) { index in
    [0;36m|[0;0m                     |- [1;31merror: [1;39mtype '@Sendable (((name: String, price: Double, features: [String])) throws -> Bool) throws -> RangeSet<Array<(name: String, price: Double, features: [String])>.Index>' (aka '@Sendable (((name: String, price: Double, features: Array<String>)) throws -> Bool) throws -> RangeSet<Int>') cannot conform to 'RandomAccessCollection'[0;0m [#]8;;https://docs.swift.org/compiler/documentation/diagnostics/protocol-type-non-conformance\ProtocolTypeNonConformance]8;;\]
    [0;36m|[0;0m                     |- [1;39mnote: [1;39monly concrete types such as structs, enums and classes can conform to protocols[0;0m
    [0;36m|[0;0m                     `- [1;39mnote: [1;39mrequired by generic struct 'ForEach' where 'Data' = '@Sendable (((name: String, price: Double, features: [String])) throws -> Bool) throws -> RangeSet<Array<(name: String, price: Double, features: [String])>.Index>' (aka '@Sendable (((name: String, price: Double, features: Array<String>)) throws -> Bool) throws -> RangeSet<Int>')[0;0m
[0;36m487 |[0;0m                         let alternative = self.alternatives[index]
[0;36m488 |[0;0m                         VStack(spacing: 0) {

/Users/danielstevens/github-projects/tools-automation/MomentumFinance/Shared/Components/UIThemeDemoComponents.swift:6:15: [1;31merror: [1;39minvalid redeclaration of 'ThemeSelectorCard'[0;0m
  [0;36m4 |[0;0m // MARK: - Theme Demo Components
  [0;36m5 |[0;0m 
  [0;36m6 |[0;0m public struct ThemeSelectorCard: View {
    [0;36m|[0;0m               `- [1;31merror: [1;39minvalid redeclaration of 'ThemeSelectorCard'[0;0m
  [0;36m7 |[0;0m     @Binding public var selectedThemeMode: ThemeMode
  [0;36m8 |[0;0m     public let theme: Any?

/Users/danielstevens/github-projects/tools-automation/MomentumFinance/Shared/Components/UIThemeDemoComponents.swift:61:15: [1;31merror: [1;39minvalid redeclaration of 'ThemeFinancialSummaryCard'[0;0m
 [0;36m59 |[0;0m }
 [0;36m60 |[0;0m 
 [0;36m61 |[0;0m public struct ThemeFinancialSummaryCard: View {
    [0;36m|[0;0m               `- [1;31merror: [1;39minvalid redeclaration of 'ThemeFinancialSummaryCard'[0;0m
 [0;36m62 |[0;0m     public var body: some View {
 [0;36m63 |[0;0m         VStack(alignment: .leading, spacing: 12) {

/Users/danielstevens/github-projects/tools-automation/MomentumFinance/Shared/Components/UIThemeDemoComponents.swift:113:15: [1;31merror: [1;39minvalid redeclaration of 'ThemeAccountsList'[0;0m
[0;36m111 |[0;0m }
[0;36m112 |[0;0m 
[0;36m113 |[0;0m public struct ThemeAccountsList: View {
    [0;36m|[0;0m               `- [1;31merror: [1;39minvalid redeclaration of 'ThemeAccountsList'[0;0m
[0;36m114 |[0;0m     public var body: some View {
[0;36m115 |[0;0m         VStack(alignment: .leading, spacing: 12) {

/Users/danielstevens/github-projects/tools-automation/MomentumFinance/Shared/Components/UITransactionComponents.swift:7:15: [1;31merror: [1;39minvalid redeclaration of 'TransactionEmptyStateView'[0;0m
  [0;36m5 |[0;0m // Import transaction types removed
  [0;36m6 |[0;0m 
  [0;36m7 |[0;0m public struct TransactionEmptyStateView: View {
    [0;36m|[0;0m               `- [1;31merror: [1;39minvalid redeclaration of 'TransactionEmptyStateView'[0;0m
  [0;36m8 |[0;0m     public let searchText: String
  [0;36m9 |[0;0m     public let onAddTransaction: () -> Void

/Users/danielstevens/github-projects/tools-automation/MomentumFinance/Shared/Components/UITransactionComponents.swift:48:15: [1;31merror: [1;39minvalid redeclaration of 'TransactionListView'[0;0m
 [0;36m46 |[0;0m }
 [0;36m47 |[0;0m 
 [0;36m48 |[0;0m public struct TransactionListView: View {
    [0;36m|[0;0m               `- [1;31merror: [1;39minvalid redeclaration of 'TransactionListView'[0;0m
 [0;36m49 |[0;0m     public let transactions: [FinancialTransaction]
 [0;36m50 |[0;0m     public let onTransactionTapped: (FinancialTransaction) -> Void

/Users/danielstevens/github-projects/tools-automation/MomentumFinance/Shared/Components/UITransactionComponents.swift:77:15: [1;31merror: [1;39minvalid redeclaration of 'TransactionRowView'[0;0m
 [0;36m75 |[0;0m }
 [0;36m76 |[0;0m 
 [0;36m77 |[0;0m public struct TransactionRowView: View {
    [0;36m|[0;0m               `- [1;31merror: [1;39minvalid redeclaration of 'TransactionRowView'[0;0m
 [0;36m78 |[0;0m     public let transaction: FinancialTransaction
 [0;36m79 |[0;0m     public let onTap: () -> Void

/Users/danielstevens/github-projects/tools-automation/MomentumFinance/Shared/Components/UITransactionComponents.swift:127:15: [1;31merror: [1;39minvalid redeclaration of 'AddTransactionView'[0;0m
[0;36m125 |[0;0m }
[0;36m126 |[0;0m 
[0;36m127 |[0;0m public struct AddTransactionView: View {
    [0;36m|[0;0m               `- [1;31merror: [1;39minvalid redeclaration of 'AddTransactionView'[0;0m
[0;36m128 |[0;0m     public let categories: [Any]
[0;36m129 |[0;0m     public let accounts: [Any]

/Users/danielstevens/github-projects/tools-automation/MomentumFinance/Shared/Components/UITransactionComponents.swift:176:15: [1;31merror: [1;39minvalid redeclaration of 'TransactionDetailView'[0;0m
[0;36m174 |[0;0m }
[0;36m175 |[0;0m 
[0;36m176 |[0;0m public struct TransactionDetailView: View {
    [0;36m|[0;0m               `- [1;31merror: [1;39minvalid redeclaration of 'TransactionDetailView'[0;0m
[0;36m177 |[0;0m     public let transaction: Any
[0;36m178 |[0;0m     @Environment(\.dismiss) private var dismiss

/Users/danielstevens/github-projects/tools-automation/MomentumFinance/Shared/Components/UITransactionComponents.swift:241:15: [1;31merror: [1;39minvalid redeclaration of 'TransactionStatsCard'[0;0m
[0;36m239 |[0;0m }
[0;36m240 |[0;0m 
[0;36m241 |[0;0m public struct TransactionStatsCard: View {
    [0;36m|[0;0m               `- [1;31merror: [1;39minvalid redeclaration of 'TransactionStatsCard'[0;0m
[0;36m242 |[0;0m     public let transactions: [Any]
[0;36m243 |[0;0m 

/Users/danielstevens/github-projects/tools-automation/MomentumFinance/Shared/Components/UITransactionComponents.swift:282:15: [1;31merror: [1;39minvalid redeclaration of 'SearchAndFilterSection'[0;0m
[0;36m280 |[0;0m }
[0;36m281 |[0;0m 
[0;36m282 |[0;0m public struct SearchAndFilterSection: View {
    [0;36m|[0;0m               `- [1;31merror: [1;39minvalid redeclaration of 'SearchAndFilterSection'[0;0m
[0;36m283 |[0;0m     @Binding public var searchText: String
[0;36m284 |[0;0m     @Binding public var selectedFilter: TransactionFilter

/Users/danielstevens/github-projects/tools-automation/MomentumFinance/Shared/Components/UITransactionComponents.swift:59:31: [1;31merror: [1;39mextra argument 'onDelete' in call[0;0m
 [0;36m57 |[0;0m                     transaction: self.transactions[index],
 [0;36m58 |[0;0m                     onTap: { self.onTransactionTapped(self.transactions[index]) },
 [0;36m59 |[0;0m                     onDelete: { self.onDeleteTransaction(self.transactions[index]) }
    [0;36m|[0;0m                               `- [1;31merror: [1;39mextra argument 'onDelete' in call[0;0m
 [0;36m60 |[0;0m                 )
 [0;36m61 |[0;0m             }

/Users/danielstevens/github-projects/tools-automation/MomentumFinance/Shared/Features/Budgets/BudgetsViewModel.swift:215:37: [1;31merror: [1;39mvalue of type 'Budget' has no member 'createNextPeriodBudget'[0;0m
[0;36m213 |[0;0m 
[0;36m214 |[0;0m         if !nextPeriodBudgetExists {
[0;36m215 |[0;0m             let nextBudget = [4;39mbudget[0;0m.[4;39mcreateNextPeriodBudget[0;0m(for: nextMonth)
    [0;36m|[0;0m                                     `- [1;31merror: [1;39mvalue of type 'Budget' has no member 'createNextPeriodBudget'[0;0m
[0;36m216 |[0;0m             modelContext.insert(nextBudget)
[0;36m217 |[0;0m 

/Users/danielstevens/github-projects/tools-automation/MomentumFinance/Shared/Features/Dashboard/DashboardComponents.swift:68:15: [1;31merror: [1;39minvalid redeclaration of 'DashboardAccountsSummary'[0;0m
 [0;36m66 |[0;0m }
 [0;36m67 |[0;0m 
 [0;36m68 |[0;0m public struct DashboardAccountsSummary: View {
    [0;36m|[0;0m               `- [1;31merror: [1;39minvalid redeclaration of 'DashboardAccountsSummary'[0;0m
 [0;36m69 |[0;0m     let accounts: [FinancialAccount]
 [0;36m70 |[0;0m     let onAccountTap: (UUID) -> Void

/Users/danielstevens/github-projects/tools-automation/MomentumFinance/Shared/Features/Dashboard/DashboardComponents.swift:128:73: [1;31merror: [1;39mcannot convert value of type 'PersistentIdentifier.ID' to expected argument type 'UUID'[0;0m
[0;36m126 |[0;0m                         .shadow(color: Color.black.opacity(0.05), radius: 4, y: 2)
[0;36m127 |[0;0m                         .onTapGesture {
[0;36m128 |[0;0m                             self.onAccountTap(account.persistentModelID.id)
    [0;36m|[0;0m                                                                         `- [1;31merror: [1;39mcannot convert value of type 'PersistentIdentifier.ID' to expected argument type 'UUID'[0;0m
[0;36m129 |[0;0m                         }
[0;36m130 |[0;0m                     }

[#ProtocolTypeNonConformance]: <https://docs.swift.org/compiler/documentation/diagnostics/protocol-type-non-conformance>
[51/148] Compiling Shared ThemeSettingsComponents.swift
/Users/danielstevens/github-projects/tools-automation/MomentumFinance/Shared/Components/Settings/ImportExportSection.swift:54:27: [1;31merror: [1;39margument passed to call that takes no arguments[0;0m
[0;36m52 |[0;0m         }
[0;36m53 |[0;0m         .sheet(isPresented: self.$showingExportSheet) {
[0;36m54 |[0;0m             DataExportView(
   [0;36m|[0;0m                           `- [1;31merror: [1;39margument passed to call that takes no arguments[0;0m
[0;36m55 |[0;0m                 isPresented: self.$showingExportSheet,
[0;36m56 |[0;0m                 exportURL: self.$exportURL,

/Users/danielstevens/github-projects/tools-automation/MomentumFinance/Shared/Components/SubscriptionDetailComponents.swift:386:24: [1;31merror: [1;39mcannot convert value of type 'String' to expected argument type 'PrimitiveButtonStyleConfiguration'[0;0m
[0;36m384 |[0;0m                 Spacer()
[0;36m385 |[0;0m 
[0;36m386 |[0;0m                 Button("Close").accessibilityLabel("Button").accessibilityLabel("Button") {
    [0;36m|[0;0m                        `- [1;31merror: [1;39mcannot convert value of type 'String' to expected argument type 'PrimitiveButtonStyleConfiguration'[0;0m
[0;36m387 |[0;0m                     self.dismiss()
[0;36m388 |[0;0m                 }

/Users/danielstevens/github-projects/tools-automation/MomentumFinance/Shared/Components/SubscriptionDetailComponents.swift:386:91: [1;31merror: [1;39mtype '_' cannot be used as a boolean; test for '!= 0' instead[0;0m
[0;36m384 |[0;0m                 Spacer()
[0;36m385 |[0;0m 
[0;36m386 |[0;0m                 Button("Close").accessibilityLabel("Button").accessibilityLabel("Button") {
    [0;36m|[0;0m                                                                                           `- [1;31merror: [1;39mtype '_' cannot be used as a boolean; test for '!= 0' instead[0;0m
[0;36m387 |[0;0m                     self.dismiss()
[0;36m388 |[0;0m                 }

/Users/danielstevens/github-projects/tools-automation/MomentumFinance/Shared/Components/SubscriptionDetailComponents.swift:486:21: [1;31merror: [1;39mtype '@Sendable (((name: String, price: Double, features: [String])) throws -> Bool) throws -> RangeSet<Array<(name: String, price: Double, features: [String])>.Index>' (aka '@Sendable (((name: String, price: Double, features: Array<String>)) throws -> Bool) throws -> RangeSet<Int>') cannot conform to 'RandomAccessCollection'[0;0m [#]8;;https://docs.swift.org/compiler/documentation/diagnostics/protocol-type-non-conformance\ProtocolTypeNonConformance]8;;\]
[0;36m484 |[0;0m 
[0;36m485 |[0;0m                     // Alternatives columns
[0;36m486 |[0;0m                     ForEach(self.alternatives.indices, id: \.self) { index in
    [0;36m|[0;0m                     |- [1;31merror: [1;39mtype '@Sendable (((name: String, price: Double, features: [String])) throws -> Bool) throws -> RangeSet<Array<(name: String, price: Double, features: [String])>.Index>' (aka '@Sendable (((name: String, price: Double, features: Array<String>)) throws -> Bool) throws -> RangeSet<Int>') cannot conform to 'RandomAccessCollection'[0;0m [#]8;;https://docs.swift.org/compiler/documentation/diagnostics/protocol-type-non-conformance\ProtocolTypeNonConformance]8;;\]
    [0;36m|[0;0m                     |- [1;39mnote: [1;39monly concrete types such as structs, enums and classes can conform to protocols[0;0m
    [0;36m|[0;0m                     `- [1;39mnote: [1;39mrequired by generic struct 'ForEach' where 'Data' = '@Sendable (((name: String, price: Double, features: [String])) throws -> Bool) throws -> RangeSet<Array<(name: String, price: Double, features: [String])>.Index>' (aka '@Sendable (((name: String, price: Double, features: Array<String>)) throws -> Bool) throws -> RangeSet<Int>')[0;0m
[0;36m487 |[0;0m                         let alternative = self.alternatives[index]
[0;36m488 |[0;0m                         VStack(spacing: 0) {

/Users/danielstevens/github-projects/tools-automation/MomentumFinance/Shared/Components/UIThemeDemoComponents.swift:6:15: [1;31merror: [1;39minvalid redeclaration of 'ThemeSelectorCard'[0;0m
  [0;36m4 |[0;0m // MARK: - Theme Demo Components
  [0;36m5 |[0;0m 
  [0;36m6 |[0;0m public struct ThemeSelectorCard: View {
    [0;36m|[0;0m               `- [1;31merror: [1;39minvalid redeclaration of 'ThemeSelectorCard'[0;0m
  [0;36m7 |[0;0m     @Binding public var selectedThemeMode: ThemeMode
  [0;36m8 |[0;0m     public let theme: Any?

/Users/danielstevens/github-projects/tools-automation/MomentumFinance/Shared/Components/UIThemeDemoComponents.swift:61:15: [1;31merror: [1;39minvalid redeclaration of 'ThemeFinancialSummaryCard'[0;0m
 [0;36m59 |[0;0m }
 [0;36m60 |[0;0m 
 [0;36m61 |[0;0m public struct ThemeFinancialSummaryCard: View {
    [0;36m|[0;0m               `- [1;31merror: [1;39minvalid redeclaration of 'ThemeFinancialSummaryCard'[0;0m
 [0;36m62 |[0;0m     public var body: some View {
 [0;36m63 |[0;0m         VStack(alignment: .leading, spacing: 12) {

/Users/danielstevens/github-projects/tools-automation/MomentumFinance/Shared/Components/UIThemeDemoComponents.swift:113:15: [1;31merror: [1;39minvalid redeclaration of 'ThemeAccountsList'[0;0m
[0;36m111 |[0;0m }
[0;36m112 |[0;0m 
[0;36m113 |[0;0m public struct ThemeAccountsList: View {
    [0;36m|[0;0m               `- [1;31merror: [1;39minvalid redeclaration of 'ThemeAccountsList'[0;0m
[0;36m114 |[0;0m     public var body: some View {
[0;36m115 |[0;0m         VStack(alignment: .leading, spacing: 12) {

/Users/danielstevens/github-projects/tools-automation/MomentumFinance/Shared/Components/UITransactionComponents.swift:7:15: [1;31merror: [1;39minvalid redeclaration of 'TransactionEmptyStateView'[0;0m
  [0;36m5 |[0;0m // Import transaction types removed
  [0;36m6 |[0;0m 
  [0;36m7 |[0;0m public struct TransactionEmptyStateView: View {
    [0;36m|[0;0m               `- [1;31merror: [1;39minvalid redeclaration of 'TransactionEmptyStateView'[0;0m
  [0;36m8 |[0;0m     public let searchText: String
  [0;36m9 |[0;0m     public let onAddTransaction: () -> Void

/Users/danielstevens/github-projects/tools-automation/MomentumFinance/Shared/Components/UITransactionComponents.swift:48:15: [1;31merror: [1;39minvalid redeclaration of 'TransactionListView'[0;0m
 [0;36m46 |[0;0m }
 [0;36m47 |[0;0m 
 [0;36m48 |[0;0m public struct TransactionListView: View {
    [0;36m|[0;0m               `- [1;31merror: [1;39minvalid redeclaration of 'TransactionListView'[0;0m
 [0;36m49 |[0;0m     public let transactions: [FinancialTransaction]
 [0;36m50 |[0;0m     public let onTransactionTapped: (FinancialTransaction) -> Void

/Users/danielstevens/github-projects/tools-automation/MomentumFinance/Shared/Components/UITransactionComponents.swift:77:15: [1;31merror: [1;39minvalid redeclaration of 'TransactionRowView'[0;0m
 [0;36m75 |[0;0m }
 [0;36m76 |[0;0m 
 [0;36m77 |[0;0m public struct TransactionRowView: View {
    [0;36m|[0;0m               `- [1;31merror: [1;39minvalid redeclaration of 'TransactionRowView'[0;0m
 [0;36m78 |[0;0m     public let transaction: FinancialTransaction
 [0;36m79 |[0;0m     public let onTap: () -> Void

/Users/danielstevens/github-projects/tools-automation/MomentumFinance/Shared/Components/UITransactionComponents.swift:127:15: [1;31merror: [1;39minvalid redeclaration of 'AddTransactionView'[0;0m
[0;36m125 |[0;0m }
[0;36m126 |[0;0m 
[0;36m127 |[0;0m public struct AddTransactionView: View {
    [0;36m|[0;0m               `- [1;31merror: [1;39minvalid redeclaration of 'AddTransactionView'[0;0m
[0;36m128 |[0;0m     public let categories: [Any]
[0;36m129 |[0;0m     public let accounts: [Any]

/Users/danielstevens/github-projects/tools-automation/MomentumFinance/Shared/Components/UITransactionComponents.swift:176:15: [1;31merror: [1;39minvalid redeclaration of 'TransactionDetailView'[0;0m
[0;36m174 |[0;0m }
[0;36m175 |[0;0m 
[0;36m176 |[0;0m public struct TransactionDetailView: View {
    [0;36m|[0;0m               `- [1;31merror: [1;39minvalid redeclaration of 'TransactionDetailView'[0;0m
[0;36m177 |[0;0m     public let transaction: Any
[0;36m178 |[0;0m     @Environment(\.dismiss) private var dismiss

/Users/danielstevens/github-projects/tools-automation/MomentumFinance/Shared/Components/UITransactionComponents.swift:241:15: [1;31merror: [1;39minvalid redeclaration of 'TransactionStatsCard'[0;0m
[0;36m239 |[0;0m }
[0;36m240 |[0;0m 
[0;36m241 |[0;0m public struct TransactionStatsCard: View {
    [0;36m|[0;0m               `- [1;31merror: [1;39minvalid redeclaration of 'TransactionStatsCard'[0;0m
[0;36m242 |[0;0m     public let transactions: [Any]
[0;36m243 |[0;0m 

/Users/danielstevens/github-projects/tools-automation/MomentumFinance/Shared/Components/UITransactionComponents.swift:282:15: [1;31merror: [1;39minvalid redeclaration of 'SearchAndFilterSection'[0;0m
[0;36m280 |[0;0m }
[0;36m281 |[0;0m 
[0;36m282 |[0;0m public struct SearchAndFilterSection: View {
    [0;36m|[0;0m               `- [1;31merror: [1;39minvalid redeclaration of 'SearchAndFilterSection'[0;0m
[0;36m283 |[0;0m     @Binding public var searchText: String
[0;36m284 |[0;0m     @Binding public var selectedFilter: TransactionFilter

/Users/danielstevens/github-projects/tools-automation/MomentumFinance/Shared/Components/UITransactionComponents.swift:59:31: [1;31merror: [1;39mextra argument 'onDelete' in call[0;0m
 [0;36m57 |[0;0m                     transaction: self.transactions[index],
 [0;36m58 |[0;0m                     onTap: { self.onTransactionTapped(self.transactions[index]) },
 [0;36m59 |[0;0m                     onDelete: { self.onDeleteTransaction(self.transactions[index]) }
    [0;36m|[0;0m                               `- [1;31merror: [1;39mextra argument 'onDelete' in call[0;0m
 [0;36m60 |[0;0m                 )
 [0;36m61 |[0;0m             }

/Users/danielstevens/github-projects/tools-automation/MomentumFinance/Shared/Features/Budgets/BudgetsViewModel.swift:215:37: [1;31merror: [1;39mvalue of type 'Budget' has no member 'createNextPeriodBudget'[0;0m
[0;36m213 |[0;0m 
[0;36m214 |[0;0m         if !nextPeriodBudgetExists {
[0;36m215 |[0;0m             let nextBudget = [4;39mbudget[0;0m.[4;39mcreateNextPeriodBudget[0;0m(for: nextMonth)
    [0;36m|[0;0m                                     `- [1;31merror: [1;39mvalue of type 'Budget' has no member 'createNextPeriodBudget'[0;0m
[0;36m216 |[0;0m             modelContext.insert(nextBudget)
[0;36m217 |[0;0m 

/Users/danielstevens/github-projects/tools-automation/MomentumFinance/Shared/Features/Dashboard/DashboardComponents.swift:68:15: [1;31merror: [1;39minvalid redeclaration of 'DashboardAccountsSummary'[0;0m
 [0;36m66 |[0;0m }
 [0;36m67 |[0;0m 
 [0;36m68 |[0;0m public struct DashboardAccountsSummary: View {
    [0;36m|[0;0m               `- [1;31merror: [1;39minvalid redeclaration of 'DashboardAccountsSummary'[0;0m
 [0;36m69 |[0;0m     let accounts: [FinancialAccount]
 [0;36m70 |[0;0m     let onAccountTap: (UUID) -> Void

/Users/danielstevens/github-projects/tools-automation/MomentumFinance/Shared/Features/Dashboard/DashboardComponents.swift:128:73: [1;31merror: [1;39mcannot convert value of type 'PersistentIdentifier.ID' to expected argument type 'UUID'[0;0m
[0;36m126 |[0;0m                         .shadow(color: Color.black.opacity(0.05), radius: 4, y: 2)
[0;36m127 |[0;0m                         .onTapGesture {
[0;36m128 |[0;0m                             self.onAccountTap(account.persistentModelID.id)
    [0;36m|[0;0m                                                                         `- [1;31merror: [1;39mcannot convert value of type 'PersistentIdentifier.ID' to expected argument type 'UUID'[0;0m
[0;36m129 |[0;0m                         }
[0;36m130 |[0;0m                     }

[#ProtocolTypeNonConformance]: <https://docs.swift.org/compiler/documentation/diagnostics/protocol-type-non-conformance>
[52/148] Compiling Shared UIThemeDemoComponents.swift
/Users/danielstevens/github-projects/tools-automation/MomentumFinance/Shared/Components/Settings/ImportExportSection.swift:54:27: [1;31merror: [1;39margument passed to call that takes no arguments[0;0m
[0;36m52 |[0;0m         }
[0;36m53 |[0;0m         .sheet(isPresented: self.$showingExportSheet) {
[0;36m54 |[0;0m             DataExportView(
   [0;36m|[0;0m                           `- [1;31merror: [1;39margument passed to call that takes no arguments[0;0m
[0;36m55 |[0;0m                 isPresented: self.$showingExportSheet,
[0;36m56 |[0;0m                 exportURL: self.$exportURL,

/Users/danielstevens/github-projects/tools-automation/MomentumFinance/Shared/Components/SubscriptionDetailComponents.swift:386:24: [1;31merror: [1;39mcannot convert value of type 'String' to expected argument type 'PrimitiveButtonStyleConfiguration'[0;0m
[0;36m384 |[0;0m                 Spacer()
[0;36m385 |[0;0m 
[0;36m386 |[0;0m                 Button("Close").accessibilityLabel("Button").accessibilityLabel("Button") {
    [0;36m|[0;0m                        `- [1;31merror: [1;39mcannot convert value of type 'String' to expected argument type 'PrimitiveButtonStyleConfiguration'[0;0m
[0;36m387 |[0;0m                     self.dismiss()
[0;36m388 |[0;0m                 }

/Users/danielstevens/github-projects/tools-automation/MomentumFinance/Shared/Components/SubscriptionDetailComponents.swift:386:91: [1;31merror: [1;39mtype '_' cannot be used as a boolean; test for '!= 0' instead[0;0m
[0;36m384 |[0;0m                 Spacer()
[0;36m385 |[0;0m 
[0;36m386 |[0;0m                 Button("Close").accessibilityLabel("Button").accessibilityLabel("Button") {
    [0;36m|[0;0m                                                                                           `- [1;31merror: [1;39mtype '_' cannot be used as a boolean; test for '!= 0' instead[0;0m
[0;36m387 |[0;0m                     self.dismiss()
[0;36m388 |[0;0m                 }

/Users/danielstevens/github-projects/tools-automation/MomentumFinance/Shared/Components/SubscriptionDetailComponents.swift:486:21: [1;31merror: [1;39mtype '@Sendable (((name: String, price: Double, features: [String])) throws -> Bool) throws -> RangeSet<Array<(name: String, price: Double, features: [String])>.Index>' (aka '@Sendable (((name: String, price: Double, features: Array<String>)) throws -> Bool) throws -> RangeSet<Int>') cannot conform to 'RandomAccessCollection'[0;0m [#]8;;https://docs.swift.org/compiler/documentation/diagnostics/protocol-type-non-conformance\ProtocolTypeNonConformance]8;;\]
[0;36m484 |[0;0m 
[0;36m485 |[0;0m                     // Alternatives columns
[0;36m486 |[0;0m                     ForEach(self.alternatives.indices, id: \.self) { index in
    [0;36m|[0;0m                     |- [1;31merror: [1;39mtype '@Sendable (((name: String, price: Double, features: [String])) throws -> Bool) throws -> RangeSet<Array<(name: String, price: Double, features: [String])>.Index>' (aka '@Sendable (((name: String, price: Double, features: Array<String>)) throws -> Bool) throws -> RangeSet<Int>') cannot conform to 'RandomAccessCollection'[0;0m [#]8;;https://docs.swift.org/compiler/documentation/diagnostics/protocol-type-non-conformance\ProtocolTypeNonConformance]8;;\]
    [0;36m|[0;0m                     |- [1;39mnote: [1;39monly concrete types such as structs, enums and classes can conform to protocols[0;0m
    [0;36m|[0;0m                     `- [1;39mnote: [1;39mrequired by generic struct 'ForEach' where 'Data' = '@Sendable (((name: String, price: Double, features: [String])) throws -> Bool) throws -> RangeSet<Array<(name: String, price: Double, features: [String])>.Index>' (aka '@Sendable (((name: String, price: Double, features: Array<String>)) throws -> Bool) throws -> RangeSet<Int>')[0;0m
[0;36m487 |[0;0m                         let alternative = self.alternatives[index]
[0;36m488 |[0;0m                         VStack(spacing: 0) {

/Users/danielstevens/github-projects/tools-automation/MomentumFinance/Shared/Components/UIThemeDemoComponents.swift:6:15: [1;31merror: [1;39minvalid redeclaration of 'ThemeSelectorCard'[0;0m
  [0;36m4 |[0;0m // MARK: - Theme Demo Components
  [0;36m5 |[0;0m 
  [0;36m6 |[0;0m public struct ThemeSelectorCard: View {
    [0;36m|[0;0m               `- [1;31merror: [1;39minvalid redeclaration of 'ThemeSelectorCard'[0;0m
  [0;36m7 |[0;0m     @Binding public var selectedThemeMode: ThemeMode
  [0;36m8 |[0;0m     public let theme: Any?

/Users/danielstevens/github-projects/tools-automation/MomentumFinance/Shared/Components/UIThemeDemoComponents.swift:61:15: [1;31merror: [1;39minvalid redeclaration of 'ThemeFinancialSummaryCard'[0;0m
 [0;36m59 |[0;0m }
 [0;36m60 |[0;0m 
 [0;36m61 |[0;0m public struct ThemeFinancialSummaryCard: View {
    [0;36m|[0;0m               `- [1;31merror: [1;39minvalid redeclaration of 'ThemeFinancialSummaryCard'[0;0m
 [0;36m62 |[0;0m     public var body: some View {
 [0;36m63 |[0;0m         VStack(alignment: .leading, spacing: 12) {

/Users/danielstevens/github-projects/tools-automation/MomentumFinance/Shared/Components/UIThemeDemoComponents.swift:113:15: [1;31merror: [1;39minvalid redeclaration of 'ThemeAccountsList'[0;0m
[0;36m111 |[0;0m }
[0;36m112 |[0;0m 
[0;36m113 |[0;0m public struct ThemeAccountsList: View {
    [0;36m|[0;0m               `- [1;31merror: [1;39minvalid redeclaration of 'ThemeAccountsList'[0;0m
[0;36m114 |[0;0m     public var body: some View {
[0;36m115 |[0;0m         VStack(alignment: .leading, spacing: 12) {

/Users/danielstevens/github-projects/tools-automation/MomentumFinance/Shared/Components/UITransactionComponents.swift:7:15: [1;31merror: [1;39minvalid redeclaration of 'TransactionEmptyStateView'[0;0m
  [0;36m5 |[0;0m // Import transaction types removed
  [0;36m6 |[0;0m 
  [0;36m7 |[0;0m public struct TransactionEmptyStateView: View {
    [0;36m|[0;0m               `- [1;31merror: [1;39minvalid redeclaration of 'TransactionEmptyStateView'[0;0m
  [0;36m8 |[0;0m     public let searchText: String
  [0;36m9 |[0;0m     public let onAddTransaction: () -> Void

/Users/danielstevens/github-projects/tools-automation/MomentumFinance/Shared/Components/UITransactionComponents.swift:48:15: [1;31merror: [1;39minvalid redeclaration of 'TransactionListView'[0;0m
 [0;36m46 |[0;0m }
 [0;36m47 |[0;0m 
 [0;36m48 |[0;0m public struct TransactionListView: View {
    [0;36m|[0;0m               `- [1;31merror: [1;39minvalid redeclaration of 'TransactionListView'[0;0m
 [0;36m49 |[0;0m     public let transactions: [FinancialTransaction]
 [0;36m50 |[0;0m     public let onTransactionTapped: (FinancialTransaction) -> Void

/Users/danielstevens/github-projects/tools-automation/MomentumFinance/Shared/Components/UITransactionComponents.swift:77:15: [1;31merror: [1;39minvalid redeclaration of 'TransactionRowView'[0;0m
 [0;36m75 |[0;0m }
 [0;36m76 |[0;0m 
 [0;36m77 |[0;0m public struct TransactionRowView: View {
    [0;36m|[0;0m               `- [1;31merror: [1;39minvalid redeclaration of 'TransactionRowView'[0;0m
 [0;36m78 |[0;0m     public let transaction: FinancialTransaction
 [0;36m79 |[0;0m     public let onTap: () -> Void

/Users/danielstevens/github-projects/tools-automation/MomentumFinance/Shared/Components/UITransactionComponents.swift:127:15: [1;31merror: [1;39minvalid redeclaration of 'AddTransactionView'[0;0m
[0;36m125 |[0;0m }
[0;36m126 |[0;0m 
[0;36m127 |[0;0m public struct AddTransactionView: View {
    [0;36m|[0;0m               `- [1;31merror: [1;39minvalid redeclaration of 'AddTransactionView'[0;0m
[0;36m128 |[0;0m     public let categories: [Any]
[0;36m129 |[0;0m     public let accounts: [Any]

/Users/danielstevens/github-projects/tools-automation/MomentumFinance/Shared/Components/UITransactionComponents.swift:176:15: [1;31merror: [1;39minvalid redeclaration of 'TransactionDetailView'[0;0m
[0;36m174 |[0;0m }
[0;36m175 |[0;0m 
[0;36m176 |[0;0m public struct TransactionDetailView: View {
    [0;36m|[0;0m               `- [1;31merror: [1;39minvalid redeclaration of 'TransactionDetailView'[0;0m
[0;36m177 |[0;0m     public let transaction: Any
[0;36m178 |[0;0m     @Environment(\.dismiss) private var dismiss

/Users/danielstevens/github-projects/tools-automation/MomentumFinance/Shared/Components/UITransactionComponents.swift:241:15: [1;31merror: [1;39minvalid redeclaration of 'TransactionStatsCard'[0;0m
[0;36m239 |[0;0m }
[0;36m240 |[0;0m 
[0;36m241 |[0;0m public struct TransactionStatsCard: View {
    [0;36m|[0;0m               `- [1;31merror: [1;39minvalid redeclaration of 'TransactionStatsCard'[0;0m
[0;36m242 |[0;0m     public let transactions: [Any]
[0;36m243 |[0;0m 

/Users/danielstevens/github-projects/tools-automation/MomentumFinance/Shared/Components/UITransactionComponents.swift:282:15: [1;31merror: [1;39minvalid redeclaration of 'SearchAndFilterSection'[0;0m
[0;36m280 |[0;0m }
[0;36m281 |[0;0m 
[0;36m282 |[0;0m public struct SearchAndFilterSection: View {
    [0;36m|[0;0m               `- [1;31merror: [1;39minvalid redeclaration of 'SearchAndFilterSection'[0;0m
[0;36m283 |[0;0m     @Binding public var searchText: String
[0;36m284 |[0;0m     @Binding public var selectedFilter: TransactionFilter

/Users/danielstevens/github-projects/tools-automation/MomentumFinance/Shared/Components/UITransactionComponents.swift:59:31: [1;31merror: [1;39mextra argument 'onDelete' in call[0;0m
 [0;36m57 |[0;0m                     transaction: self.transactions[index],
 [0;36m58 |[0;0m                     onTap: { self.onTransactionTapped(self.transactions[index]) },
 [0;36m59 |[0;0m                     onDelete: { self.onDeleteTransaction(self.transactions[index]) }
    [0;36m|[0;0m                               `- [1;31merror: [1;39mextra argument 'onDelete' in call[0;0m
 [0;36m60 |[0;0m                 )
 [0;36m61 |[0;0m             }

/Users/danielstevens/github-projects/tools-automation/MomentumFinance/Shared/Features/Budgets/BudgetsViewModel.swift:215:37: [1;31merror: [1;39mvalue of type 'Budget' has no member 'createNextPeriodBudget'[0;0m
[0;36m213 |[0;0m 
[0;36m214 |[0;0m         if !nextPeriodBudgetExists {
[0;36m215 |[0;0m             let nextBudget = [4;39mbudget[0;0m.[4;39mcreateNextPeriodBudget[0;0m(for: nextMonth)
    [0;36m|[0;0m                                     `- [1;31merror: [1;39mvalue of type 'Budget' has no member 'createNextPeriodBudget'[0;0m
[0;36m216 |[0;0m             modelContext.insert(nextBudget)
[0;36m217 |[0;0m 

/Users/danielstevens/github-projects/tools-automation/MomentumFinance/Shared/Features/Dashboard/DashboardComponents.swift:68:15: [1;31merror: [1;39minvalid redeclaration of 'DashboardAccountsSummary'[0;0m
 [0;36m66 |[0;0m }
 [0;36m67 |[0;0m 
 [0;36m68 |[0;0m public struct DashboardAccountsSummary: View {
    [0;36m|[0;0m               `- [1;31merror: [1;39minvalid redeclaration of 'DashboardAccountsSummary'[0;0m
 [0;36m69 |[0;0m     let accounts: [FinancialAccount]
 [0;36m70 |[0;0m     let onAccountTap: (UUID) -> Void

/Users/danielstevens/github-projects/tools-automation/MomentumFinance/Shared/Features/Dashboard/DashboardComponents.swift:128:73: [1;31merror: [1;39mcannot convert value of type 'PersistentIdentifier.ID' to expected argument type 'UUID'[0;0m
[0;36m126 |[0;0m                         .shadow(color: Color.black.opacity(0.05), radius: 4, y: 2)
[0;36m127 |[0;0m                         .onTapGesture {
[0;36m128 |[0;0m                             self.onAccountTap(account.persistentModelID.id)
    [0;36m|[0;0m                                                                         `- [1;31merror: [1;39mcannot convert value of type 'PersistentIdentifier.ID' to expected argument type 'UUID'[0;0m
[0;36m129 |[0;0m                         }
[0;36m130 |[0;0m                     }

[#ProtocolTypeNonConformance]: <https://docs.swift.org/compiler/documentation/diagnostics/protocol-type-non-conformance>
[53/148] Compiling Shared UITransactionComponents.swift
/Users/danielstevens/github-projects/tools-automation/MomentumFinance/Shared/Components/Settings/ImportExportSection.swift:54:27: [1;31merror: [1;39margument passed to call that takes no arguments[0;0m
[0;36m52 |[0;0m         }
[0;36m53 |[0;0m         .sheet(isPresented: self.$showingExportSheet) {
[0;36m54 |[0;0m             DataExportView(
   [0;36m|[0;0m                           `- [1;31merror: [1;39margument passed to call that takes no arguments[0;0m
[0;36m55 |[0;0m                 isPresented: self.$showingExportSheet,
[0;36m56 |[0;0m                 exportURL: self.$exportURL,

/Users/danielstevens/github-projects/tools-automation/MomentumFinance/Shared/Components/SubscriptionDetailComponents.swift:386:24: [1;31merror: [1;39mcannot convert value of type 'String' to expected argument type 'PrimitiveButtonStyleConfiguration'[0;0m
[0;36m384 |[0;0m                 Spacer()
[0;36m385 |[0;0m 
[0;36m386 |[0;0m                 Button("Close").accessibilityLabel("Button").accessibilityLabel("Button") {
    [0;36m|[0;0m                        `- [1;31merror: [1;39mcannot convert value of type 'String' to expected argument type 'PrimitiveButtonStyleConfiguration'[0;0m
[0;36m387 |[0;0m                     self.dismiss()
[0;36m388 |[0;0m                 }

/Users/danielstevens/github-projects/tools-automation/MomentumFinance/Shared/Components/SubscriptionDetailComponents.swift:386:91: [1;31merror: [1;39mtype '_' cannot be used as a boolean; test for '!= 0' instead[0;0m
[0;36m384 |[0;0m                 Spacer()
[0;36m385 |[0;0m 
[0;36m386 |[0;0m                 Button("Close").accessibilityLabel("Button").accessibilityLabel("Button") {
    [0;36m|[0;0m                                                                                           `- [1;31merror: [1;39mtype '_' cannot be used as a boolean; test for '!= 0' instead[0;0m
[0;36m387 |[0;0m                     self.dismiss()
[0;36m388 |[0;0m                 }

/Users/danielstevens/github-projects/tools-automation/MomentumFinance/Shared/Components/SubscriptionDetailComponents.swift:486:21: [1;31merror: [1;39mtype '@Sendable (((name: String, price: Double, features: [String])) throws -> Bool) throws -> RangeSet<Array<(name: String, price: Double, features: [String])>.Index>' (aka '@Sendable (((name: String, price: Double, features: Array<String>)) throws -> Bool) throws -> RangeSet<Int>') cannot conform to 'RandomAccessCollection'[0;0m [#]8;;https://docs.swift.org/compiler/documentation/diagnostics/protocol-type-non-conformance\ProtocolTypeNonConformance]8;;\]
[0;36m484 |[0;0m 
[0;36m485 |[0;0m                     // Alternatives columns
[0;36m486 |[0;0m                     ForEach(self.alternatives.indices, id: \.self) { index in
    [0;36m|[0;0m                     |- [1;31merror: [1;39mtype '@Sendable (((name: String, price: Double, features: [String])) throws -> Bool) throws -> RangeSet<Array<(name: String, price: Double, features: [String])>.Index>' (aka '@Sendable (((name: String, price: Double, features: Array<String>)) throws -> Bool) throws -> RangeSet<Int>') cannot conform to 'RandomAccessCollection'[0;0m [#]8;;https://docs.swift.org/compiler/documentation/diagnostics/protocol-type-non-conformance\ProtocolTypeNonConformance]8;;\]
    [0;36m|[0;0m                     |- [1;39mnote: [1;39monly concrete types such as structs, enums and classes can conform to protocols[0;0m
    [0;36m|[0;0m                     `- [1;39mnote: [1;39mrequired by generic struct 'ForEach' where 'Data' = '@Sendable (((name: String, price: Double, features: [String])) throws -> Bool) throws -> RangeSet<Array<(name: String, price: Double, features: [String])>.Index>' (aka '@Sendable (((name: String, price: Double, features: Array<String>)) throws -> Bool) throws -> RangeSet<Int>')[0;0m
[0;36m487 |[0;0m                         let alternative = self.alternatives[index]
[0;36m488 |[0;0m                         VStack(spacing: 0) {

/Users/danielstevens/github-projects/tools-automation/MomentumFinance/Shared/Components/UIThemeDemoComponents.swift:6:15: [1;31merror: [1;39minvalid redeclaration of 'ThemeSelectorCard'[0;0m
  [0;36m4 |[0;0m // MARK: - Theme Demo Components
  [0;36m5 |[0;0m 
  [0;36m6 |[0;0m public struct ThemeSelectorCard: View {
    [0;36m|[0;0m               `- [1;31merror: [1;39minvalid redeclaration of 'ThemeSelectorCard'[0;0m
  [0;36m7 |[0;0m     @Binding public var selectedThemeMode: ThemeMode
  [0;36m8 |[0;0m     public let theme: Any?

/Users/danielstevens/github-projects/tools-automation/MomentumFinance/Shared/Components/UIThemeDemoComponents.swift:61:15: [1;31merror: [1;39minvalid redeclaration of 'ThemeFinancialSummaryCard'[0;0m
 [0;36m59 |[0;0m }
 [0;36m60 |[0;0m 
 [0;36m61 |[0;0m public struct ThemeFinancialSummaryCard: View {
    [0;36m|[0;0m               `- [1;31merror: [1;39minvalid redeclaration of 'ThemeFinancialSummaryCard'[0;0m
 [0;36m62 |[0;0m     public var body: some View {
 [0;36m63 |[0;0m         VStack(alignment: .leading, spacing: 12) {

/Users/danielstevens/github-projects/tools-automation/MomentumFinance/Shared/Components/UIThemeDemoComponents.swift:113:15: [1;31merror: [1;39minvalid redeclaration of 'ThemeAccountsList'[0;0m
[0;36m111 |[0;0m }
[0;36m112 |[0;0m 
[0;36m113 |[0;0m public struct ThemeAccountsList: View {
    [0;36m|[0;0m               `- [1;31merror: [1;39minvalid redeclaration of 'ThemeAccountsList'[0;0m
[0;36m114 |[0;0m     public var body: some View {
[0;36m115 |[0;0m         VStack(alignment: .leading, spacing: 12) {

/Users/danielstevens/github-projects/tools-automation/MomentumFinance/Shared/Components/UITransactionComponents.swift:7:15: [1;31merror: [1;39minvalid redeclaration of 'TransactionEmptyStateView'[0;0m
  [0;36m5 |[0;0m // Import transaction types removed
  [0;36m6 |[0;0m 
  [0;36m7 |[0;0m public struct TransactionEmptyStateView: View {
    [0;36m|[0;0m               `- [1;31merror: [1;39minvalid redeclaration of 'TransactionEmptyStateView'[0;0m
  [0;36m8 |[0;0m     public let searchText: String
  [0;36m9 |[0;0m     public let onAddTransaction: () -> Void

/Users/danielstevens/github-projects/tools-automation/MomentumFinance/Shared/Components/UITransactionComponents.swift:48:15: [1;31merror: [1;39minvalid redeclaration of 'TransactionListView'[0;0m
 [0;36m46 |[0;0m }
 [0;36m47 |[0;0m 
 [0;36m48 |[0;0m public struct TransactionListView: View {
    [0;36m|[0;0m               `- [1;31merror: [1;39minvalid redeclaration of 'TransactionListView'[0;0m
 [0;36m49 |[0;0m     public let transactions: [FinancialTransaction]
 [0;36m50 |[0;0m     public let onTransactionTapped: (FinancialTransaction) -> Void

/Users/danielstevens/github-projects/tools-automation/MomentumFinance/Shared/Components/UITransactionComponents.swift:77:15: [1;31merror: [1;39minvalid redeclaration of 'TransactionRowView'[0;0m
 [0;36m75 |[0;0m }
 [0;36m76 |[0;0m 
 [0;36m77 |[0;0m public struct TransactionRowView: View {
    [0;36m|[0;0m               `- [1;31merror: [1;39minvalid redeclaration of 'TransactionRowView'[0;0m
 [0;36m78 |[0;0m     public let transaction: FinancialTransaction
 [0;36m79 |[0;0m     public let onTap: () -> Void

/Users/danielstevens/github-projects/tools-automation/MomentumFinance/Shared/Components/UITransactionComponents.swift:127:15: [1;31merror: [1;39minvalid redeclaration of 'AddTransactionView'[0;0m
[0;36m125 |[0;0m }
[0;36m126 |[0;0m 
[0;36m127 |[0;0m public struct AddTransactionView: View {
    [0;36m|[0;0m               `- [1;31merror: [1;39minvalid redeclaration of 'AddTransactionView'[0;0m
[0;36m128 |[0;0m     public let categories: [Any]
[0;36m129 |[0;0m     public let accounts: [Any]

/Users/danielstevens/github-projects/tools-automation/MomentumFinance/Shared/Components/UITransactionComponents.swift:176:15: [1;31merror: [1;39minvalid redeclaration of 'TransactionDetailView'[0;0m
[0;36m174 |[0;0m }
[0;36m175 |[0;0m 
[0;36m176 |[0;0m public struct TransactionDetailView: View {
    [0;36m|[0;0m               `- [1;31merror: [1;39minvalid redeclaration of 'TransactionDetailView'[0;0m
[0;36m177 |[0;0m     public let transaction: Any
[0;36m178 |[0;0m     @Environment(\.dismiss) private var dismiss

/Users/danielstevens/github-projects/tools-automation/MomentumFinance/Shared/Components/UITransactionComponents.swift:241:15: [1;31merror: [1;39minvalid redeclaration of 'TransactionStatsCard'[0;0m
[0;36m239 |[0;0m }
[0;36m240 |[0;0m 
[0;36m241 |[0;0m public struct TransactionStatsCard: View {
    [0;36m|[0;0m               `- [1;31merror: [1;39minvalid redeclaration of 'TransactionStatsCard'[0;0m
[0;36m242 |[0;0m     public let transactions: [Any]
[0;36m243 |[0;0m 

/Users/danielstevens/github-projects/tools-automation/MomentumFinance/Shared/Components/UITransactionComponents.swift:282:15: [1;31merror: [1;39minvalid redeclaration of 'SearchAndFilterSection'[0;0m
[0;36m280 |[0;0m }
[0;36m281 |[0;0m 
[0;36m282 |[0;0m public struct SearchAndFilterSection: View {
    [0;36m|[0;0m               `- [1;31merror: [1;39minvalid redeclaration of 'SearchAndFilterSection'[0;0m
[0;36m283 |[0;0m     @Binding public var searchText: String
[0;36m284 |[0;0m     @Binding public var selectedFilter: TransactionFilter

/Users/danielstevens/github-projects/tools-automation/MomentumFinance/Shared/Components/UITransactionComponents.swift:59:31: [1;31merror: [1;39mextra argument 'onDelete' in call[0;0m
 [0;36m57 |[0;0m                     transaction: self.transactions[index],
 [0;36m58 |[0;0m                     onTap: { self.onTransactionTapped(self.transactions[index]) },
 [0;36m59 |[0;0m                     onDelete: { self.onDeleteTransaction(self.transactions[index]) }
    [0;36m|[0;0m                               `- [1;31merror: [1;39mextra argument 'onDelete' in call[0;0m
 [0;36m60 |[0;0m                 )
 [0;36m61 |[0;0m             }

/Users/danielstevens/github-projects/tools-automation/MomentumFinance/Shared/Features/Budgets/BudgetsViewModel.swift:215:37: [1;31merror: [1;39mvalue of type 'Budget' has no member 'createNextPeriodBudget'[0;0m
[0;36m213 |[0;0m 
[0;36m214 |[0;0m         if !nextPeriodBudgetExists {
[0;36m215 |[0;0m             let nextBudget = [4;39mbudget[0;0m.[4;39mcreateNextPeriodBudget[0;0m(for: nextMonth)
    [0;36m|[0;0m                                     `- [1;31merror: [1;39mvalue of type 'Budget' has no member 'createNextPeriodBudget'[0;0m
[0;36m216 |[0;0m             modelContext.insert(nextBudget)
[0;36m217 |[0;0m 

/Users/danielstevens/github-projects/tools-automation/MomentumFinance/Shared/Features/Dashboard/DashboardComponents.swift:68:15: [1;31merror: [1;39minvalid redeclaration of 'DashboardAccountsSummary'[0;0m
 [0;36m66 |[0;0m }
 [0;36m67 |[0;0m 
 [0;36m68 |[0;0m public struct DashboardAccountsSummary: View {
    [0;36m|[0;0m               `- [1;31merror: [1;39minvalid redeclaration of 'DashboardAccountsSummary'[0;0m
 [0;36m69 |[0;0m     let accounts: [FinancialAccount]
 [0;36m70 |[0;0m     let onAccountTap: (UUID) -> Void

/Users/danielstevens/github-projects/tools-automation/MomentumFinance/Shared/Features/Dashboard/DashboardComponents.swift:128:73: [1;31merror: [1;39mcannot convert value of type 'PersistentIdentifier.ID' to expected argument type 'UUID'[0;0m
[0;36m126 |[0;0m                         .shadow(color: Color.black.opacity(0.05), radius: 4, y: 2)
[0;36m127 |[0;0m                         .onTapGesture {
[0;36m128 |[0;0m                             self.onAccountTap(account.persistentModelID.id)
    [0;36m|[0;0m                                                                         `- [1;31merror: [1;39mcannot convert value of type 'PersistentIdentifier.ID' to expected argument type 'UUID'[0;0m
[0;36m129 |[0;0m                         }
[0;36m130 |[0;0m                     }

[#ProtocolTypeNonConformance]: <https://docs.swift.org/compiler/documentation/diagnostics/protocol-type-non-conformance>
[54/148] Compiling Shared ContentView.swift
/Users/danielstevens/github-projects/tools-automation/MomentumFinance/Shared/Components/Settings/ImportExportSection.swift:54:27: [1;31merror: [1;39margument passed to call that takes no arguments[0;0m
[0;36m52 |[0;0m         }
[0;36m53 |[0;0m         .sheet(isPresented: self.$showingExportSheet) {
[0;36m54 |[0;0m             DataExportView(
   [0;36m|[0;0m                           `- [1;31merror: [1;39margument passed to call that takes no arguments[0;0m
[0;36m55 |[0;0m                 isPresented: self.$showingExportSheet,
[0;36m56 |[0;0m                 exportURL: self.$exportURL,

/Users/danielstevens/github-projects/tools-automation/MomentumFinance/Shared/Components/SubscriptionDetailComponents.swift:386:24: [1;31merror: [1;39mcannot convert value of type 'String' to expected argument type 'PrimitiveButtonStyleConfiguration'[0;0m
[0;36m384 |[0;0m                 Spacer()
[0;36m385 |[0;0m 
[0;36m386 |[0;0m                 Button("Close").accessibilityLabel("Button").accessibilityLabel("Button") {
    [0;36m|[0;0m                        `- [1;31merror: [1;39mcannot convert value of type 'String' to expected argument type 'PrimitiveButtonStyleConfiguration'[0;0m
[0;36m387 |[0;0m                     self.dismiss()
[0;36m388 |[0;0m                 }

/Users/danielstevens/github-projects/tools-automation/MomentumFinance/Shared/Components/SubscriptionDetailComponents.swift:386:91: [1;31merror: [1;39mtype '_' cannot be used as a boolean; test for '!= 0' instead[0;0m
[0;36m384 |[0;0m                 Spacer()
[0;36m385 |[0;0m 
[0;36m386 |[0;0m                 Button("Close").accessibilityLabel("Button").accessibilityLabel("Button") {
    [0;36m|[0;0m                                                                                           `- [1;31merror: [1;39mtype '_' cannot be used as a boolean; test for '!= 0' instead[0;0m
[0;36m387 |[0;0m                     self.dismiss()
[0;36m388 |[0;0m                 }

/Users/danielstevens/github-projects/tools-automation/MomentumFinance/Shared/Components/SubscriptionDetailComponents.swift:486:21: [1;31merror: [1;39mtype '@Sendable (((name: String, price: Double, features: [String])) throws -> Bool) throws -> RangeSet<Array<(name: String, price: Double, features: [String])>.Index>' (aka '@Sendable (((name: String, price: Double, features: Array<String>)) throws -> Bool) throws -> RangeSet<Int>') cannot conform to 'RandomAccessCollection'[0;0m [#]8;;https://docs.swift.org/compiler/documentation/diagnostics/protocol-type-non-conformance\ProtocolTypeNonConformance]8;;\]
[0;36m484 |[0;0m 
[0;36m485 |[0;0m                     // Alternatives columns
[0;36m486 |[0;0m                     ForEach(self.alternatives.indices, id: \.self) { index in
    [0;36m|[0;0m                     |- [1;31merror: [1;39mtype '@Sendable (((name: String, price: Double, features: [String])) throws -> Bool) throws -> RangeSet<Array<(name: String, price: Double, features: [String])>.Index>' (aka '@Sendable (((name: String, price: Double, features: Array<String>)) throws -> Bool) throws -> RangeSet<Int>') cannot conform to 'RandomAccessCollection'[0;0m [#]8;;https://docs.swift.org/compiler/documentation/diagnostics/protocol-type-non-conformance\ProtocolTypeNonConformance]8;;\]
    [0;36m|[0;0m                     |- [1;39mnote: [1;39monly concrete types such as structs, enums and classes can conform to protocols[0;0m
    [0;36m|[0;0m                     `- [1;39mnote: [1;39mrequired by generic struct 'ForEach' where 'Data' = '@Sendable (((name: String, price: Double, features: [String])) throws -> Bool) throws -> RangeSet<Array<(name: String, price: Double, features: [String])>.Index>' (aka '@Sendable (((name: String, price: Double, features: Array<String>)) throws -> Bool) throws -> RangeSet<Int>')[0;0m
[0;36m487 |[0;0m                         let alternative = self.alternatives[index]
[0;36m488 |[0;0m                         VStack(spacing: 0) {

/Users/danielstevens/github-projects/tools-automation/MomentumFinance/Shared/Components/UIThemeDemoComponents.swift:6:15: [1;31merror: [1;39minvalid redeclaration of 'ThemeSelectorCard'[0;0m
  [0;36m4 |[0;0m // MARK: - Theme Demo Components
  [0;36m5 |[0;0m 
  [0;36m6 |[0;0m public struct ThemeSelectorCard: View {
    [0;36m|[0;0m               `- [1;31merror: [1;39minvalid redeclaration of 'ThemeSelectorCard'[0;0m
  [0;36m7 |[0;0m     @Binding public var selectedThemeMode: ThemeMode
  [0;36m8 |[0;0m     public let theme: Any?

/Users/danielstevens/github-projects/tools-automation/MomentumFinance/Shared/Components/UIThemeDemoComponents.swift:61:15: [1;31merror: [1;39minvalid redeclaration of 'ThemeFinancialSummaryCard'[0;0m
 [0;36m59 |[0;0m }
 [0;36m60 |[0;0m 
 [0;36m61 |[0;0m public struct ThemeFinancialSummaryCard: View {
    [0;36m|[0;0m               `- [1;31merror: [1;39minvalid redeclaration of 'ThemeFinancialSummaryCard'[0;0m
 [0;36m62 |[0;0m     public var body: some View {
 [0;36m63 |[0;0m         VStack(alignment: .leading, spacing: 12) {

/Users/danielstevens/github-projects/tools-automation/MomentumFinance/Shared/Components/UIThemeDemoComponents.swift:113:15: [1;31merror: [1;39minvalid redeclaration of 'ThemeAccountsList'[0;0m
[0;36m111 |[0;0m }
[0;36m112 |[0;0m 
[0;36m113 |[0;0m public struct ThemeAccountsList: View {
    [0;36m|[0;0m               `- [1;31merror: [1;39minvalid redeclaration of 'ThemeAccountsList'[0;0m
[0;36m114 |[0;0m     public var body: some View {
[0;36m115 |[0;0m         VStack(alignment: .leading, spacing: 12) {

/Users/danielstevens/github-projects/tools-automation/MomentumFinance/Shared/Components/UITransactionComponents.swift:7:15: [1;31merror: [1;39minvalid redeclaration of 'TransactionEmptyStateView'[0;0m
  [0;36m5 |[0;0m // Import transaction types removed
  [0;36m6 |[0;0m 
  [0;36m7 |[0;0m public struct TransactionEmptyStateView: View {
    [0;36m|[0;0m               `- [1;31merror: [1;39minvalid redeclaration of 'TransactionEmptyStateView'[0;0m
  [0;36m8 |[0;0m     public let searchText: String
  [0;36m9 |[0;0m     public let onAddTransaction: () -> Void

/Users/danielstevens/github-projects/tools-automation/MomentumFinance/Shared/Components/UITransactionComponents.swift:48:15: [1;31merror: [1;39minvalid redeclaration of 'TransactionListView'[0;0m
 [0;36m46 |[0;0m }
 [0;36m47 |[0;0m 
 [0;36m48 |[0;0m public struct TransactionListView: View {
    [0;36m|[0;0m               `- [1;31merror: [1;39minvalid redeclaration of 'TransactionListView'[0;0m
 [0;36m49 |[0;0m     public let transactions: [FinancialTransaction]
 [0;36m50 |[0;0m     public let onTransactionTapped: (FinancialTransaction) -> Void

/Users/danielstevens/github-projects/tools-automation/MomentumFinance/Shared/Components/UITransactionComponents.swift:77:15: [1;31merror: [1;39minvalid redeclaration of 'TransactionRowView'[0;0m
 [0;36m75 |[0;0m }
 [0;36m76 |[0;0m 
 [0;36m77 |[0;0m public struct TransactionRowView: View {
    [0;36m|[0;0m               `- [1;31merror: [1;39minvalid redeclaration of 'TransactionRowView'[0;0m
 [0;36m78 |[0;0m     public let transaction: FinancialTransaction
 [0;36m79 |[0;0m     public let onTap: () -> Void

/Users/danielstevens/github-projects/tools-automation/MomentumFinance/Shared/Components/UITransactionComponents.swift:127:15: [1;31merror: [1;39minvalid redeclaration of 'AddTransactionView'[0;0m
[0;36m125 |[0;0m }
[0;36m126 |[0;0m 
[0;36m127 |[0;0m public struct AddTransactionView: View {
    [0;36m|[0;0m               `- [1;31merror: [1;39minvalid redeclaration of 'AddTransactionView'[0;0m
[0;36m128 |[0;0m     public let categories: [Any]
[0;36m129 |[0;0m     public let accounts: [Any]

/Users/danielstevens/github-projects/tools-automation/MomentumFinance/Shared/Components/UITransactionComponents.swift:176:15: [1;31merror: [1;39minvalid redeclaration of 'TransactionDetailView'[0;0m
[0;36m174 |[0;0m }
[0;36m175 |[0;0m 
[0;36m176 |[0;0m public struct TransactionDetailView: View {
    [0;36m|[0;0m               `- [1;31merror: [1;39minvalid redeclaration of 'TransactionDetailView'[0;0m
[0;36m177 |[0;0m     public let transaction: Any
[0;36m178 |[0;0m     @Environment(\.dismiss) private var dismiss

/Users/danielstevens/github-projects/tools-automation/MomentumFinance/Shared/Components/UITransactionComponents.swift:241:15: [1;31merror: [1;39minvalid redeclaration of 'TransactionStatsCard'[0;0m
[0;36m239 |[0;0m }
[0;36m240 |[0;0m 
[0;36m241 |[0;0m public struct TransactionStatsCard: View {
    [0;36m|[0;0m               `- [1;31merror: [1;39minvalid redeclaration of 'TransactionStatsCard'[0;0m
[0;36m242 |[0;0m     public let transactions: [Any]
[0;36m243 |[0;0m 

/Users/danielstevens/github-projects/tools-automation/MomentumFinance/Shared/Components/UITransactionComponents.swift:282:15: [1;31merror: [1;39minvalid redeclaration of 'SearchAndFilterSection'[0;0m
[0;36m280 |[0;0m }
[0;36m281 |[0;0m 
[0;36m282 |[0;0m public struct SearchAndFilterSection: View {
    [0;36m|[0;0m               `- [1;31merror: [1;39minvalid redeclaration of 'SearchAndFilterSection'[0;0m
[0;36m283 |[0;0m     @Binding public var searchText: String
[0;36m284 |[0;0m     @Binding public var selectedFilter: TransactionFilter

/Users/danielstevens/github-projects/tools-automation/MomentumFinance/Shared/Components/UITransactionComponents.swift:59:31: [1;31merror: [1;39mextra argument 'onDelete' in call[0;0m
 [0;36m57 |[0;0m                     transaction: self.transactions[index],
 [0;36m58 |[0;0m                     onTap: { self.onTransactionTapped(self.transactions[index]) },
 [0;36m59 |[0;0m                     onDelete: { self.onDeleteTransaction(self.transactions[index]) }
    [0;36m|[0;0m                               `- [1;31merror: [1;39mextra argument 'onDelete' in call[0;0m
 [0;36m60 |[0;0m                 )
 [0;36m61 |[0;0m             }

/Users/danielstevens/github-projects/tools-automation/MomentumFinance/Shared/Features/Budgets/BudgetsViewModel.swift:215:37: [1;31merror: [1;39mvalue of type 'Budget' has no member 'createNextPeriodBudget'[0;0m
[0;36m213 |[0;0m 
[0;36m214 |[0;0m         if !nextPeriodBudgetExists {
[0;36m215 |[0;0m             let nextBudget = [4;39mbudget[0;0m.[4;39mcreateNextPeriodBudget[0;0m(for: nextMonth)
    [0;36m|[0;0m                                     `- [1;31merror: [1;39mvalue of type 'Budget' has no member 'createNextPeriodBudget'[0;0m
[0;36m216 |[0;0m             modelContext.insert(nextBudget)
[0;36m217 |[0;0m 

/Users/danielstevens/github-projects/tools-automation/MomentumFinance/Shared/Features/Dashboard/DashboardComponents.swift:68:15: [1;31merror: [1;39minvalid redeclaration of 'DashboardAccountsSummary'[0;0m
 [0;36m66 |[0;0m }
 [0;36m67 |[0;0m 
 [0;36m68 |[0;0m public struct DashboardAccountsSummary: View {
    [0;36m|[0;0m               `- [1;31merror: [1;39minvalid redeclaration of 'DashboardAccountsSummary'[0;0m
 [0;36m69 |[0;0m     let accounts: [FinancialAccount]
 [0;36m70 |[0;0m     let onAccountTap: (UUID) -> Void

/Users/danielstevens/github-projects/tools-automation/MomentumFinance/Shared/Features/Dashboard/DashboardComponents.swift:128:73: [1;31merror: [1;39mcannot convert value of type 'PersistentIdentifier.ID' to expected argument type 'UUID'[0;0m
[0;36m126 |[0;0m                         .shadow(color: Color.black.opacity(0.05), radius: 4, y: 2)
[0;36m127 |[0;0m                         .onTapGesture {
[0;36m128 |[0;0m                             self.onAccountTap(account.persistentModelID.id)
    [0;36m|[0;0m                                                                         `- [1;31merror: [1;39mcannot convert value of type 'PersistentIdentifier.ID' to expected argument type 'UUID'[0;0m
[0;36m129 |[0;0m                         }
[0;36m130 |[0;0m                     }

[#ProtocolTypeNonConformance]: <https://docs.swift.org/compiler/documentation/diagnostics/protocol-type-non-conformance>
[55/148] Compiling Shared ServiceExportEngine.swift
/Users/danielstevens/github-projects/tools-automation/MomentumFinance/Shared/Components/Settings/ImportExportSection.swift:54:27: [1;31merror: [1;39margument passed to call that takes no arguments[0;0m
[0;36m52 |[0;0m         }
[0;36m53 |[0;0m         .sheet(isPresented: self.$showingExportSheet) {
[0;36m54 |[0;0m             DataExportView(
   [0;36m|[0;0m                           `- [1;31merror: [1;39margument passed to call that takes no arguments[0;0m
[0;36m55 |[0;0m                 isPresented: self.$showingExportSheet,
[0;36m56 |[0;0m                 exportURL: self.$exportURL,

/Users/danielstevens/github-projects/tools-automation/MomentumFinance/Shared/Components/SubscriptionDetailComponents.swift:386:24: [1;31merror: [1;39mcannot convert value of type 'String' to expected argument type 'PrimitiveButtonStyleConfiguration'[0;0m
[0;36m384 |[0;0m                 Spacer()
[0;36m385 |[0;0m 
[0;36m386 |[0;0m                 Button("Close").accessibilityLabel("Button").accessibilityLabel("Button") {
    [0;36m|[0;0m                        `- [1;31merror: [1;39mcannot convert value of type 'String' to expected argument type 'PrimitiveButtonStyleConfiguration'[0;0m
[0;36m387 |[0;0m                     self.dismiss()
[0;36m388 |[0;0m                 }

/Users/danielstevens/github-projects/tools-automation/MomentumFinance/Shared/Components/SubscriptionDetailComponents.swift:386:91: [1;31merror: [1;39mtype '_' cannot be used as a boolean; test for '!= 0' instead[0;0m
[0;36m384 |[0;0m                 Spacer()
[0;36m385 |[0;0m 
[0;36m386 |[0;0m                 Button("Close").accessibilityLabel("Button").accessibilityLabel("Button") {
    [0;36m|[0;0m                                                                                           `- [1;31merror: [1;39mtype '_' cannot be used as a boolean; test for '!= 0' instead[0;0m
[0;36m387 |[0;0m                     self.dismiss()
[0;36m388 |[0;0m                 }

/Users/danielstevens/github-projects/tools-automation/MomentumFinance/Shared/Components/SubscriptionDetailComponents.swift:486:21: [1;31merror: [1;39mtype '@Sendable (((name: String, price: Double, features: [String])) throws -> Bool) throws -> RangeSet<Array<(name: String, price: Double, features: [String])>.Index>' (aka '@Sendable (((name: String, price: Double, features: Array<String>)) throws -> Bool) throws -> RangeSet<Int>') cannot conform to 'RandomAccessCollection'[0;0m [#]8;;https://docs.swift.org/compiler/documentation/diagnostics/protocol-type-non-conformance\ProtocolTypeNonConformance]8;;\]
[0;36m484 |[0;0m 
[0;36m485 |[0;0m                     // Alternatives columns
[0;36m486 |[0;0m                     ForEach(self.alternatives.indices, id: \.self) { index in
    [0;36m|[0;0m                     |- [1;31merror: [1;39mtype '@Sendable (((name: String, price: Double, features: [String])) throws -> Bool) throws -> RangeSet<Array<(name: String, price: Double, features: [String])>.Index>' (aka '@Sendable (((name: String, price: Double, features: Array<String>)) throws -> Bool) throws -> RangeSet<Int>') cannot conform to 'RandomAccessCollection'[0;0m [#]8;;https://docs.swift.org/compiler/documentation/diagnostics/protocol-type-non-conformance\ProtocolTypeNonConformance]8;;\]
    [0;36m|[0;0m                     |- [1;39mnote: [1;39monly concrete types such as structs, enums and classes can conform to protocols[0;0m
    [0;36m|[0;0m                     `- [1;39mnote: [1;39mrequired by generic struct 'ForEach' where 'Data' = '@Sendable (((name: String, price: Double, features: [String])) throws -> Bool) throws -> RangeSet<Array<(name: String, price: Double, features: [String])>.Index>' (aka '@Sendable (((name: String, price: Double, features: Array<String>)) throws -> Bool) throws -> RangeSet<Int>')[0;0m
[0;36m487 |[0;0m                         let alternative = self.alternatives[index]
[0;36m488 |[0;0m                         VStack(spacing: 0) {

/Users/danielstevens/github-projects/tools-automation/MomentumFinance/Shared/Components/UIThemeDemoComponents.swift:6:15: [1;31merror: [1;39minvalid redeclaration of 'ThemeSelectorCard'[0;0m
  [0;36m4 |[0;0m // MARK: - Theme Demo Components
  [0;36m5 |[0;0m 
  [0;36m6 |[0;0m public struct ThemeSelectorCard: View {
    [0;36m|[0;0m               `- [1;31merror: [1;39minvalid redeclaration of 'ThemeSelectorCard'[0;0m
  [0;36m7 |[0;0m     @Binding public var selectedThemeMode: ThemeMode
  [0;36m8 |[0;0m     public let theme: Any?

/Users/danielstevens/github-projects/tools-automation/MomentumFinance/Shared/Components/UIThemeDemoComponents.swift:61:15: [1;31merror: [1;39minvalid redeclaration of 'ThemeFinancialSummaryCard'[0;0m
 [0;36m59 |[0;0m }
 [0;36m60 |[0;0m 
 [0;36m61 |[0;0m public struct ThemeFinancialSummaryCard: View {
    [0;36m|[0;0m               `- [1;31merror: [1;39minvalid redeclaration of 'ThemeFinancialSummaryCard'[0;0m
 [0;36m62 |[0;0m     public var body: some View {
 [0;36m63 |[0;0m         VStack(alignment: .leading, spacing: 12) {

/Users/danielstevens/github-projects/tools-automation/MomentumFinance/Shared/Components/UIThemeDemoComponents.swift:113:15: [1;31merror: [1;39minvalid redeclaration of 'ThemeAccountsList'[0;0m
[0;36m111 |[0;0m }
[0;36m112 |[0;0m 
[0;36m113 |[0;0m public struct ThemeAccountsList: View {
    [0;36m|[0;0m               `- [1;31merror: [1;39minvalid redeclaration of 'ThemeAccountsList'[0;0m
[0;36m114 |[0;0m     public var body: some View {
[0;36m115 |[0;0m         VStack(alignment: .leading, spacing: 12) {

/Users/danielstevens/github-projects/tools-automation/MomentumFinance/Shared/Components/UITransactionComponents.swift:7:15: [1;31merror: [1;39minvalid redeclaration of 'TransactionEmptyStateView'[0;0m
  [0;36m5 |[0;0m // Import transaction types removed
  [0;36m6 |[0;0m 
  [0;36m7 |[0;0m public struct TransactionEmptyStateView: View {
    [0;36m|[0;0m               `- [1;31merror: [1;39minvalid redeclaration of 'TransactionEmptyStateView'[0;0m
  [0;36m8 |[0;0m     public let searchText: String
  [0;36m9 |[0;0m     public let onAddTransaction: () -> Void

/Users/danielstevens/github-projects/tools-automation/MomentumFinance/Shared/Components/UITransactionComponents.swift:48:15: [1;31merror: [1;39minvalid redeclaration of 'TransactionListView'[0;0m
 [0;36m46 |[0;0m }
 [0;36m47 |[0;0m 
 [0;36m48 |[0;0m public struct TransactionListView: View {
    [0;36m|[0;0m               `- [1;31merror: [1;39minvalid redeclaration of 'TransactionListView'[0;0m
 [0;36m49 |[0;0m     public let transactions: [FinancialTransaction]
 [0;36m50 |[0;0m     public let onTransactionTapped: (FinancialTransaction) -> Void

/Users/danielstevens/github-projects/tools-automation/MomentumFinance/Shared/Components/UITransactionComponents.swift:77:15: [1;31merror: [1;39minvalid redeclaration of 'TransactionRowView'[0;0m
 [0;36m75 |[0;0m }
 [0;36m76 |[0;0m 
 [0;36m77 |[0;0m public struct TransactionRowView: View {
    [0;36m|[0;0m               `- [1;31merror: [1;39minvalid redeclaration of 'TransactionRowView'[0;0m
 [0;36m78 |[0;0m     public let transaction: FinancialTransaction
 [0;36m79 |[0;0m     public let onTap: () -> Void

/Users/danielstevens/github-projects/tools-automation/MomentumFinance/Shared/Components/UITransactionComponents.swift:127:15: [1;31merror: [1;39minvalid redeclaration of 'AddTransactionView'[0;0m
[0;36m125 |[0;0m }
[0;36m126 |[0;0m 
[0;36m127 |[0;0m public struct AddTransactionView: View {
    [0;36m|[0;0m               `- [1;31merror: [1;39minvalid redeclaration of 'AddTransactionView'[0;0m
[0;36m128 |[0;0m     public let categories: [Any]
[0;36m129 |[0;0m     public let accounts: [Any]

/Users/danielstevens/github-projects/tools-automation/MomentumFinance/Shared/Components/UITransactionComponents.swift:176:15: [1;31merror: [1;39minvalid redeclaration of 'TransactionDetailView'[0;0m
[0;36m174 |[0;0m }
[0;36m175 |[0;0m 
[0;36m176 |[0;0m public struct TransactionDetailView: View {
    [0;36m|[0;0m               `- [1;31merror: [1;39minvalid redeclaration of 'TransactionDetailView'[0;0m
[0;36m177 |[0;0m     public let transaction: Any
[0;36m178 |[0;0m     @Environment(\.dismiss) private var dismiss

/Users/danielstevens/github-projects/tools-automation/MomentumFinance/Shared/Components/UITransactionComponents.swift:241:15: [1;31merror: [1;39minvalid redeclaration of 'TransactionStatsCard'[0;0m
[0;36m239 |[0;0m }
[0;36m240 |[0;0m 
[0;36m241 |[0;0m public struct TransactionStatsCard: View {
    [0;36m|[0;0m               `- [1;31merror: [1;39minvalid redeclaration of 'TransactionStatsCard'[0;0m
[0;36m242 |[0;0m     public let transactions: [Any]
[0;36m243 |[0;0m 

/Users/danielstevens/github-projects/tools-automation/MomentumFinance/Shared/Components/UITransactionComponents.swift:282:15: [1;31merror: [1;39minvalid redeclaration of 'SearchAndFilterSection'[0;0m
[0;36m280 |[0;0m }
[0;36m281 |[0;0m 
[0;36m282 |[0;0m public struct SearchAndFilterSection: View {
    [0;36m|[0;0m               `- [1;31merror: [1;39minvalid redeclaration of 'SearchAndFilterSection'[0;0m
[0;36m283 |[0;0m     @Binding public var searchText: String
[0;36m284 |[0;0m     @Binding public var selectedFilter: TransactionFilter

/Users/danielstevens/github-projects/tools-automation/MomentumFinance/Shared/Components/UITransactionComponents.swift:59:31: [1;31merror: [1;39mextra argument 'onDelete' in call[0;0m
 [0;36m57 |[0;0m                     transaction: self.transactions[index],
 [0;36m58 |[0;0m                     onTap: { self.onTransactionTapped(self.transactions[index]) },
 [0;36m59 |[0;0m                     onDelete: { self.onDeleteTransaction(self.transactions[index]) }
    [0;36m|[0;0m                               `- [1;31merror: [1;39mextra argument 'onDelete' in call[0;0m
 [0;36m60 |[0;0m                 )
 [0;36m61 |[0;0m             }

/Users/danielstevens/github-projects/tools-automation/MomentumFinance/Shared/Features/Budgets/BudgetsViewModel.swift:215:37: [1;31merror: [1;39mvalue of type 'Budget' has no member 'createNextPeriodBudget'[0;0m
[0;36m213 |[0;0m 
[0;36m214 |[0;0m         if !nextPeriodBudgetExists {
[0;36m215 |[0;0m             let nextBudget = [4;39mbudget[0;0m.[4;39mcreateNextPeriodBudget[0;0m(for: nextMonth)
    [0;36m|[0;0m                                     `- [1;31merror: [1;39mvalue of type 'Budget' has no member 'createNextPeriodBudget'[0;0m
[0;36m216 |[0;0m             modelContext.insert(nextBudget)
[0;36m217 |[0;0m 

/Users/danielstevens/github-projects/tools-automation/MomentumFinance/Shared/Features/Dashboard/DashboardComponents.swift:68:15: [1;31merror: [1;39minvalid redeclaration of 'DashboardAccountsSummary'[0;0m
 [0;36m66 |[0;0m }
 [0;36m67 |[0;0m 
 [0;36m68 |[0;0m public struct DashboardAccountsSummary: View {
    [0;36m|[0;0m               `- [1;31merror: [1;39minvalid redeclaration of 'DashboardAccountsSummary'[0;0m
 [0;36m69 |[0;0m     let accounts: [FinancialAccount]
 [0;36m70 |[0;0m     let onAccountTap: (UUID) -> Void

/Users/danielstevens/github-projects/tools-automation/MomentumFinance/Shared/Features/Dashboard/DashboardComponents.swift:128:73: [1;31merror: [1;39mcannot convert value of type 'PersistentIdentifier.ID' to expected argument type 'UUID'[0;0m
[0;36m126 |[0;0m                         .shadow(color: Color.black.opacity(0.05), radius: 4, y: 2)
[0;36m127 |[0;0m                         .onTapGesture {
[0;36m128 |[0;0m                             self.onAccountTap(account.persistentModelID.id)
    [0;36m|[0;0m                                                                         `- [1;31merror: [1;39mcannot convert value of type 'PersistentIdentifier.ID' to expected argument type 'UUID'[0;0m
[0;36m129 |[0;0m                         }
[0;36m130 |[0;0m                     }

[#ProtocolTypeNonConformance]: <https://docs.swift.org/compiler/documentation/diagnostics/protocol-type-non-conformance>
[56/148] Compiling Shared BudgetForecasting.swift
/Users/danielstevens/github-projects/tools-automation/MomentumFinance/Shared/Components/Settings/ImportExportSection.swift:54:27: [1;31merror: [1;39margument passed to call that takes no arguments[0;0m
[0;36m52 |[0;0m         }
[0;36m53 |[0;0m         .sheet(isPresented: self.$showingExportSheet) {
[0;36m54 |[0;0m             DataExportView(
   [0;36m|[0;0m                           `- [1;31merror: [1;39margument passed to call that takes no arguments[0;0m
[0;36m55 |[0;0m                 isPresented: self.$showingExportSheet,
[0;36m56 |[0;0m                 exportURL: self.$exportURL,

/Users/danielstevens/github-projects/tools-automation/MomentumFinance/Shared/Components/SubscriptionDetailComponents.swift:386:24: [1;31merror: [1;39mcannot convert value of type 'String' to expected argument type 'PrimitiveButtonStyleConfiguration'[0;0m
[0;36m384 |[0;0m                 Spacer()
[0;36m385 |[0;0m 
[0;36m386 |[0;0m                 Button("Close").accessibilityLabel("Button").accessibilityLabel("Button") {
    [0;36m|[0;0m                        `- [1;31merror: [1;39mcannot convert value of type 'String' to expected argument type 'PrimitiveButtonStyleConfiguration'[0;0m
[0;36m387 |[0;0m                     self.dismiss()
[0;36m388 |[0;0m                 }

/Users/danielstevens/github-projects/tools-automation/MomentumFinance/Shared/Components/SubscriptionDetailComponents.swift:386:91: [1;31merror: [1;39mtype '_' cannot be used as a boolean; test for '!= 0' instead[0;0m
[0;36m384 |[0;0m                 Spacer()
[0;36m385 |[0;0m 
[0;36m386 |[0;0m                 Button("Close").accessibilityLabel("Button").accessibilityLabel("Button") {
    [0;36m|[0;0m                                                                                           `- [1;31merror: [1;39mtype '_' cannot be used as a boolean; test for '!= 0' instead[0;0m
[0;36m387 |[0;0m                     self.dismiss()
[0;36m388 |[0;0m                 }

/Users/danielstevens/github-projects/tools-automation/MomentumFinance/Shared/Components/SubscriptionDetailComponents.swift:486:21: [1;31merror: [1;39mtype '@Sendable (((name: String, price: Double, features: [String])) throws -> Bool) throws -> RangeSet<Array<(name: String, price: Double, features: [String])>.Index>' (aka '@Sendable (((name: String, price: Double, features: Array<String>)) throws -> Bool) throws -> RangeSet<Int>') cannot conform to 'RandomAccessCollection'[0;0m [#]8;;https://docs.swift.org/compiler/documentation/diagnostics/protocol-type-non-conformance\ProtocolTypeNonConformance]8;;\]
[0;36m484 |[0;0m 
[0;36m485 |[0;0m                     // Alternatives columns
[0;36m486 |[0;0m                     ForEach(self.alternatives.indices, id: \.self) { index in
    [0;36m|[0;0m                     |- [1;31merror: [1;39mtype '@Sendable (((name: String, price: Double, features: [String])) throws -> Bool) throws -> RangeSet<Array<(name: String, price: Double, features: [String])>.Index>' (aka '@Sendable (((name: String, price: Double, features: Array<String>)) throws -> Bool) throws -> RangeSet<Int>') cannot conform to 'RandomAccessCollection'[0;0m [#]8;;https://docs.swift.org/compiler/documentation/diagnostics/protocol-type-non-conformance\ProtocolTypeNonConformance]8;;\]
    [0;36m|[0;0m                     |- [1;39mnote: [1;39monly concrete types such as structs, enums and classes can conform to protocols[0;0m
    [0;36m|[0;0m                     `- [1;39mnote: [1;39mrequired by generic struct 'ForEach' where 'Data' = '@Sendable (((name: String, price: Double, features: [String])) throws -> Bool) throws -> RangeSet<Array<(name: String, price: Double, features: [String])>.Index>' (aka '@Sendable (((name: String, price: Double, features: Array<String>)) throws -> Bool) throws -> RangeSet<Int>')[0;0m
[0;36m487 |[0;0m                         let alternative = self.alternatives[index]
[0;36m488 |[0;0m                         VStack(spacing: 0) {

/Users/danielstevens/github-projects/tools-automation/MomentumFinance/Shared/Components/UIThemeDemoComponents.swift:6:15: [1;31merror: [1;39minvalid redeclaration of 'ThemeSelectorCard'[0;0m
  [0;36m4 |[0;0m // MARK: - Theme Demo Components
  [0;36m5 |[0;0m 
  [0;36m6 |[0;0m public struct ThemeSelectorCard: View {
    [0;36m|[0;0m               `- [1;31merror: [1;39minvalid redeclaration of 'ThemeSelectorCard'[0;0m
  [0;36m7 |[0;0m     @Binding public var selectedThemeMode: ThemeMode
  [0;36m8 |[0;0m     public let theme: Any?

/Users/danielstevens/github-projects/tools-automation/MomentumFinance/Shared/Components/UIThemeDemoComponents.swift:61:15: [1;31merror: [1;39minvalid redeclaration of 'ThemeFinancialSummaryCard'[0;0m
 [0;36m59 |[0;0m }
 [0;36m60 |[0;0m 
 [0;36m61 |[0;0m public struct ThemeFinancialSummaryCard: View {
    [0;36m|[0;0m               `- [1;31merror: [1;39minvalid redeclaration of 'ThemeFinancialSummaryCard'[0;0m
 [0;36m62 |[0;0m     public var body: some View {
 [0;36m63 |[0;0m         VStack(alignment: .leading, spacing: 12) {

/Users/danielstevens/github-projects/tools-automation/MomentumFinance/Shared/Components/UIThemeDemoComponents.swift:113:15: [1;31merror: [1;39minvalid redeclaration of 'ThemeAccountsList'[0;0m
[0;36m111 |[0;0m }
[0;36m112 |[0;0m 
[0;36m113 |[0;0m public struct ThemeAccountsList: View {
    [0;36m|[0;0m               `- [1;31merror: [1;39minvalid redeclaration of 'ThemeAccountsList'[0;0m
[0;36m114 |[0;0m     public var body: some View {
[0;36m115 |[0;0m         VStack(alignment: .leading, spacing: 12) {

/Users/danielstevens/github-projects/tools-automation/MomentumFinance/Shared/Components/UITransactionComponents.swift:7:15: [1;31merror: [1;39minvalid redeclaration of 'TransactionEmptyStateView'[0;0m
  [0;36m5 |[0;0m // Import transaction types removed
  [0;36m6 |[0;0m 
  [0;36m7 |[0;0m public struct TransactionEmptyStateView: View {
    [0;36m|[0;0m               `- [1;31merror: [1;39minvalid redeclaration of 'TransactionEmptyStateView'[0;0m
  [0;36m8 |[0;0m     public let searchText: String
  [0;36m9 |[0;0m     public let onAddTransaction: () -> Void

/Users/danielstevens/github-projects/tools-automation/MomentumFinance/Shared/Components/UITransactionComponents.swift:48:15: [1;31merror: [1;39minvalid redeclaration of 'TransactionListView'[0;0m
 [0;36m46 |[0;0m }
 [0;36m47 |[0;0m 
 [0;36m48 |[0;0m public struct TransactionListView: View {
    [0;36m|[0;0m               `- [1;31merror: [1;39minvalid redeclaration of 'TransactionListView'[0;0m
 [0;36m49 |[0;0m     public let transactions: [FinancialTransaction]
 [0;36m50 |[0;0m     public let onTransactionTapped: (FinancialTransaction) -> Void

/Users/danielstevens/github-projects/tools-automation/MomentumFinance/Shared/Components/UITransactionComponents.swift:77:15: [1;31merror: [1;39minvalid redeclaration of 'TransactionRowView'[0;0m
 [0;36m75 |[0;0m }
 [0;36m76 |[0;0m 
 [0;36m77 |[0;0m public struct TransactionRowView: View {
    [0;36m|[0;0m               `- [1;31merror: [1;39minvalid redeclaration of 'TransactionRowView'[0;0m
 [0;36m78 |[0;0m     public let transaction: FinancialTransaction
 [0;36m79 |[0;0m     public let onTap: () -> Void

/Users/danielstevens/github-projects/tools-automation/MomentumFinance/Shared/Components/UITransactionComponents.swift:127:15: [1;31merror: [1;39minvalid redeclaration of 'AddTransactionView'[0;0m
[0;36m125 |[0;0m }
[0;36m126 |[0;0m 
[0;36m127 |[0;0m public struct AddTransactionView: View {
    [0;36m|[0;0m               `- [1;31merror: [1;39minvalid redeclaration of 'AddTransactionView'[0;0m
[0;36m128 |[0;0m     public let categories: [Any]
[0;36m129 |[0;0m     public let accounts: [Any]

/Users/danielstevens/github-projects/tools-automation/MomentumFinance/Shared/Components/UITransactionComponents.swift:176:15: [1;31merror: [1;39minvalid redeclaration of 'TransactionDetailView'[0;0m
[0;36m174 |[0;0m }
[0;36m175 |[0;0m 
[0;36m176 |[0;0m public struct TransactionDetailView: View {
    [0;36m|[0;0m               `- [1;31merror: [1;39minvalid redeclaration of 'TransactionDetailView'[0;0m
[0;36m177 |[0;0m     public let transaction: Any
[0;36m178 |[0;0m     @Environment(\.dismiss) private var dismiss

/Users/danielstevens/github-projects/tools-automation/MomentumFinance/Shared/Components/UITransactionComponents.swift:241:15: [1;31merror: [1;39minvalid redeclaration of 'TransactionStatsCard'[0;0m
[0;36m239 |[0;0m }
[0;36m240 |[0;0m 
[0;36m241 |[0;0m public struct TransactionStatsCard: View {
    [0;36m|[0;0m               `- [1;31merror: [1;39minvalid redeclaration of 'TransactionStatsCard'[0;0m
[0;36m242 |[0;0m     public let transactions: [Any]
[0;36m243 |[0;0m 

/Users/danielstevens/github-projects/tools-automation/MomentumFinance/Shared/Components/UITransactionComponents.swift:282:15: [1;31merror: [1;39minvalid redeclaration of 'SearchAndFilterSection'[0;0m
[0;36m280 |[0;0m }
[0;36m281 |[0;0m 
[0;36m282 |[0;0m public struct SearchAndFilterSection: View {
    [0;36m|[0;0m               `- [1;31merror: [1;39minvalid redeclaration of 'SearchAndFilterSection'[0;0m
[0;36m283 |[0;0m     @Binding public var searchText: String
[0;36m284 |[0;0m     @Binding public var selectedFilter: TransactionFilter

/Users/danielstevens/github-projects/tools-automation/MomentumFinance/Shared/Components/UITransactionComponents.swift:59:31: [1;31merror: [1;39mextra argument 'onDelete' in call[0;0m
 [0;36m57 |[0;0m                     transaction: self.transactions[index],
 [0;36m58 |[0;0m                     onTap: { self.onTransactionTapped(self.transactions[index]) },
 [0;36m59 |[0;0m                     onDelete: { self.onDeleteTransaction(self.transactions[index]) }
    [0;36m|[0;0m                               `- [1;31merror: [1;39mextra argument 'onDelete' in call[0;0m
 [0;36m60 |[0;0m                 )
 [0;36m61 |[0;0m             }

/Users/danielstevens/github-projects/tools-automation/MomentumFinance/Shared/Features/Budgets/BudgetsViewModel.swift:215:37: [1;31merror: [1;39mvalue of type 'Budget' has no member 'createNextPeriodBudget'[0;0m
[0;36m213 |[0;0m 
[0;36m214 |[0;0m         if !nextPeriodBudgetExists {
[0;36m215 |[0;0m             let nextBudget = [4;39mbudget[0;0m.[4;39mcreateNextPeriodBudget[0;0m(for: nextMonth)
    [0;36m|[0;0m                                     `- [1;31merror: [1;39mvalue of type 'Budget' has no member 'createNextPeriodBudget'[0;0m
[0;36m216 |[0;0m             modelContext.insert(nextBudget)
[0;36m217 |[0;0m 

/Users/danielstevens/github-projects/tools-automation/MomentumFinance/Shared/Features/Dashboard/DashboardComponents.swift:68:15: [1;31merror: [1;39minvalid redeclaration of 'DashboardAccountsSummary'[0;0m
 [0;36m66 |[0;0m }
 [0;36m67 |[0;0m 
 [0;36m68 |[0;0m public struct DashboardAccountsSummary: View {
    [0;36m|[0;0m               `- [1;31merror: [1;39minvalid redeclaration of 'DashboardAccountsSummary'[0;0m
 [0;36m69 |[0;0m     let accounts: [FinancialAccount]
 [0;36m70 |[0;0m     let onAccountTap: (UUID) -> Void

/Users/danielstevens/github-projects/tools-automation/MomentumFinance/Shared/Features/Dashboard/DashboardComponents.swift:128:73: [1;31merror: [1;39mcannot convert value of type 'PersistentIdentifier.ID' to expected argument type 'UUID'[0;0m
[0;36m126 |[0;0m                         .shadow(color: Color.black.opacity(0.05), radius: 4, y: 2)
[0;36m127 |[0;0m                         .onTapGesture {
[0;36m128 |[0;0m                             self.onAccountTap(account.persistentModelID.id)
    [0;36m|[0;0m                                                                         `- [1;31merror: [1;39mcannot convert value of type 'PersistentIdentifier.ID' to expected argument type 'UUID'[0;0m
[0;36m129 |[0;0m                         }
[0;36m130 |[0;0m                     }

[#ProtocolTypeNonConformance]: <https://docs.swift.org/compiler/documentation/diagnostics/protocol-type-non-conformance>
[57/148] Compiling Shared BudgetsView.swift
/Users/danielstevens/github-projects/tools-automation/MomentumFinance/Shared/Components/Settings/ImportExportSection.swift:54:27: [1;31merror: [1;39margument passed to call that takes no arguments[0;0m
[0;36m52 |[0;0m         }
[0;36m53 |[0;0m         .sheet(isPresented: self.$showingExportSheet) {
[0;36m54 |[0;0m             DataExportView(
   [0;36m|[0;0m                           `- [1;31merror: [1;39margument passed to call that takes no arguments[0;0m
[0;36m55 |[0;0m                 isPresented: self.$showingExportSheet,
[0;36m56 |[0;0m                 exportURL: self.$exportURL,

/Users/danielstevens/github-projects/tools-automation/MomentumFinance/Shared/Components/SubscriptionDetailComponents.swift:386:24: [1;31merror: [1;39mcannot convert value of type 'String' to expected argument type 'PrimitiveButtonStyleConfiguration'[0;0m
[0;36m384 |[0;0m                 Spacer()
[0;36m385 |[0;0m 
[0;36m386 |[0;0m                 Button("Close").accessibilityLabel("Button").accessibilityLabel("Button") {
    [0;36m|[0;0m                        `- [1;31merror: [1;39mcannot convert value of type 'String' to expected argument type 'PrimitiveButtonStyleConfiguration'[0;0m
[0;36m387 |[0;0m                     self.dismiss()
[0;36m388 |[0;0m                 }

/Users/danielstevens/github-projects/tools-automation/MomentumFinance/Shared/Components/SubscriptionDetailComponents.swift:386:91: [1;31merror: [1;39mtype '_' cannot be used as a boolean; test for '!= 0' instead[0;0m
[0;36m384 |[0;0m                 Spacer()
[0;36m385 |[0;0m 
[0;36m386 |[0;0m                 Button("Close").accessibilityLabel("Button").accessibilityLabel("Button") {
    [0;36m|[0;0m                                                                                           `- [1;31merror: [1;39mtype '_' cannot be used as a boolean; test for '!= 0' instead[0;0m
[0;36m387 |[0;0m                     self.dismiss()
[0;36m388 |[0;0m                 }

/Users/danielstevens/github-projects/tools-automation/MomentumFinance/Shared/Components/SubscriptionDetailComponents.swift:486:21: [1;31merror: [1;39mtype '@Sendable (((name: String, price: Double, features: [String])) throws -> Bool) throws -> RangeSet<Array<(name: String, price: Double, features: [String])>.Index>' (aka '@Sendable (((name: String, price: Double, features: Array<String>)) throws -> Bool) throws -> RangeSet<Int>') cannot conform to 'RandomAccessCollection'[0;0m [#]8;;https://docs.swift.org/compiler/documentation/diagnostics/protocol-type-non-conformance\ProtocolTypeNonConformance]8;;\]
[0;36m484 |[0;0m 
[0;36m485 |[0;0m                     // Alternatives columns
[0;36m486 |[0;0m                     ForEach(self.alternatives.indices, id: \.self) { index in
    [0;36m|[0;0m                     |- [1;31merror: [1;39mtype '@Sendable (((name: String, price: Double, features: [String])) throws -> Bool) throws -> RangeSet<Array<(name: String, price: Double, features: [String])>.Index>' (aka '@Sendable (((name: String, price: Double, features: Array<String>)) throws -> Bool) throws -> RangeSet<Int>') cannot conform to 'RandomAccessCollection'[0;0m [#]8;;https://docs.swift.org/compiler/documentation/diagnostics/protocol-type-non-conformance\ProtocolTypeNonConformance]8;;\]
    [0;36m|[0;0m                     |- [1;39mnote: [1;39monly concrete types such as structs, enums and classes can conform to protocols[0;0m
    [0;36m|[0;0m                     `- [1;39mnote: [1;39mrequired by generic struct 'ForEach' where 'Data' = '@Sendable (((name: String, price: Double, features: [String])) throws -> Bool) throws -> RangeSet<Array<(name: String, price: Double, features: [String])>.Index>' (aka '@Sendable (((name: String, price: Double, features: Array<String>)) throws -> Bool) throws -> RangeSet<Int>')[0;0m
[0;36m487 |[0;0m                         let alternative = self.alternatives[index]
[0;36m488 |[0;0m                         VStack(spacing: 0) {

/Users/danielstevens/github-projects/tools-automation/MomentumFinance/Shared/Components/UIThemeDemoComponents.swift:6:15: [1;31merror: [1;39minvalid redeclaration of 'ThemeSelectorCard'[0;0m
  [0;36m4 |[0;0m // MARK: - Theme Demo Components
  [0;36m5 |[0;0m 
  [0;36m6 |[0;0m public struct ThemeSelectorCard: View {
    [0;36m|[0;0m               `- [1;31merror: [1;39minvalid redeclaration of 'ThemeSelectorCard'[0;0m
  [0;36m7 |[0;0m     @Binding public var selectedThemeMode: ThemeMode
  [0;36m8 |[0;0m     public let theme: Any?

/Users/danielstevens/github-projects/tools-automation/MomentumFinance/Shared/Components/UIThemeDemoComponents.swift:61:15: [1;31merror: [1;39minvalid redeclaration of 'ThemeFinancialSummaryCard'[0;0m
 [0;36m59 |[0;0m }
 [0;36m60 |[0;0m 
 [0;36m61 |[0;0m public struct ThemeFinancialSummaryCard: View {
    [0;36m|[0;0m               `- [1;31merror: [1;39minvalid redeclaration of 'ThemeFinancialSummaryCard'[0;0m
 [0;36m62 |[0;0m     public var body: some View {
 [0;36m63 |[0;0m         VStack(alignment: .leading, spacing: 12) {

/Users/danielstevens/github-projects/tools-automation/MomentumFinance/Shared/Components/UIThemeDemoComponents.swift:113:15: [1;31merror: [1;39minvalid redeclaration of 'ThemeAccountsList'[0;0m
[0;36m111 |[0;0m }
[0;36m112 |[0;0m 
[0;36m113 |[0;0m public struct ThemeAccountsList: View {
    [0;36m|[0;0m               `- [1;31merror: [1;39minvalid redeclaration of 'ThemeAccountsList'[0;0m
[0;36m114 |[0;0m     public var body: some View {
[0;36m115 |[0;0m         VStack(alignment: .leading, spacing: 12) {

/Users/danielstevens/github-projects/tools-automation/MomentumFinance/Shared/Components/UITransactionComponents.swift:7:15: [1;31merror: [1;39minvalid redeclaration of 'TransactionEmptyStateView'[0;0m
  [0;36m5 |[0;0m // Import transaction types removed
  [0;36m6 |[0;0m 
  [0;36m7 |[0;0m public struct TransactionEmptyStateView: View {
    [0;36m|[0;0m               `- [1;31merror: [1;39minvalid redeclaration of 'TransactionEmptyStateView'[0;0m
  [0;36m8 |[0;0m     public let searchText: String
  [0;36m9 |[0;0m     public let onAddTransaction: () -> Void

/Users/danielstevens/github-projects/tools-automation/MomentumFinance/Shared/Components/UITransactionComponents.swift:48:15: [1;31merror: [1;39minvalid redeclaration of 'TransactionListView'[0;0m
 [0;36m46 |[0;0m }
 [0;36m47 |[0;0m 
 [0;36m48 |[0;0m public struct TransactionListView: View {
    [0;36m|[0;0m               `- [1;31merror: [1;39minvalid redeclaration of 'TransactionListView'[0;0m
 [0;36m49 |[0;0m     public let transactions: [FinancialTransaction]
 [0;36m50 |[0;0m     public let onTransactionTapped: (FinancialTransaction) -> Void

/Users/danielstevens/github-projects/tools-automation/MomentumFinance/Shared/Components/UITransactionComponents.swift:77:15: [1;31merror: [1;39minvalid redeclaration of 'TransactionRowView'[0;0m
 [0;36m75 |[0;0m }
 [0;36m76 |[0;0m 
 [0;36m77 |[0;0m public struct TransactionRowView: View {
    [0;36m|[0;0m               `- [1;31merror: [1;39minvalid redeclaration of 'TransactionRowView'[0;0m
 [0;36m78 |[0;0m     public let transaction: FinancialTransaction
 [0;36m79 |[0;0m     public let onTap: () -> Void

/Users/danielstevens/github-projects/tools-automation/MomentumFinance/Shared/Components/UITransactionComponents.swift:127:15: [1;31merror: [1;39minvalid redeclaration of 'AddTransactionView'[0;0m
[0;36m125 |[0;0m }
[0;36m126 |[0;0m 
[0;36m127 |[0;0m public struct AddTransactionView: View {
    [0;36m|[0;0m               `- [1;31merror: [1;39minvalid redeclaration of 'AddTransactionView'[0;0m
[0;36m128 |[0;0m     public let categories: [Any]
[0;36m129 |[0;0m     public let accounts: [Any]

/Users/danielstevens/github-projects/tools-automation/MomentumFinance/Shared/Components/UITransactionComponents.swift:176:15: [1;31merror: [1;39minvalid redeclaration of 'TransactionDetailView'[0;0m
[0;36m174 |[0;0m }
[0;36m175 |[0;0m 
[0;36m176 |[0;0m public struct TransactionDetailView: View {
    [0;36m|[0;0m               `- [1;31merror: [1;39minvalid redeclaration of 'TransactionDetailView'[0;0m
[0;36m177 |[0;0m     public let transaction: Any
[0;36m178 |[0;0m     @Environment(\.dismiss) private var dismiss

/Users/danielstevens/github-projects/tools-automation/MomentumFinance/Shared/Components/UITransactionComponents.swift:241:15: [1;31merror: [1;39minvalid redeclaration of 'TransactionStatsCard'[0;0m
[0;36m239 |[0;0m }
[0;36m240 |[0;0m 
[0;36m241 |[0;0m public struct TransactionStatsCard: View {
    [0;36m|[0;0m               `- [1;31merror: [1;39minvalid redeclaration of 'TransactionStatsCard'[0;0m
[0;36m242 |[0;0m     public let transactions: [Any]
[0;36m243 |[0;0m 

/Users/danielstevens/github-projects/tools-automation/MomentumFinance/Shared/Components/UITransactionComponents.swift:282:15: [1;31merror: [1;39minvalid redeclaration of 'SearchAndFilterSection'[0;0m
[0;36m280 |[0;0m }
[0;36m281 |[0;0m 
[0;36m282 |[0;0m public struct SearchAndFilterSection: View {
    [0;36m|[0;0m               `- [1;31merror: [1;39minvalid redeclaration of 'SearchAndFilterSection'[0;0m
[0;36m283 |[0;0m     @Binding public var searchText: String
[0;36m284 |[0;0m     @Binding public var selectedFilter: TransactionFilter

/Users/danielstevens/github-projects/tools-automation/MomentumFinance/Shared/Components/UITransactionComponents.swift:59:31: [1;31merror: [1;39mextra argument 'onDelete' in call[0;0m
 [0;36m57 |[0;0m                     transaction: self.transactions[index],
 [0;36m58 |[0;0m                     onTap: { self.onTransactionTapped(self.transactions[index]) },
 [0;36m59 |[0;0m                     onDelete: { self.onDeleteTransaction(self.transactions[index]) }
    [0;36m|[0;0m                               `- [1;31merror: [1;39mextra argument 'onDelete' in call[0;0m
 [0;36m60 |[0;0m                 )
 [0;36m61 |[0;0m             }

/Users/danielstevens/github-projects/tools-automation/MomentumFinance/Shared/Features/Budgets/BudgetsViewModel.swift:215:37: [1;31merror: [1;39mvalue of type 'Budget' has no member 'createNextPeriodBudget'[0;0m
[0;36m213 |[0;0m 
[0;36m214 |[0;0m         if !nextPeriodBudgetExists {
[0;36m215 |[0;0m             let nextBudget = [4;39mbudget[0;0m.[4;39mcreateNextPeriodBudget[0;0m(for: nextMonth)
    [0;36m|[0;0m                                     `- [1;31merror: [1;39mvalue of type 'Budget' has no member 'createNextPeriodBudget'[0;0m
[0;36m216 |[0;0m             modelContext.insert(nextBudget)
[0;36m217 |[0;0m 

/Users/danielstevens/github-projects/tools-automation/MomentumFinance/Shared/Features/Dashboard/DashboardComponents.swift:68:15: [1;31merror: [1;39minvalid redeclaration of 'DashboardAccountsSummary'[0;0m
 [0;36m66 |[0;0m }
 [0;36m67 |[0;0m 
 [0;36m68 |[0;0m public struct DashboardAccountsSummary: View {
    [0;36m|[0;0m               `- [1;31merror: [1;39minvalid redeclaration of 'DashboardAccountsSummary'[0;0m
 [0;36m69 |[0;0m     let accounts: [FinancialAccount]
 [0;36m70 |[0;0m     let onAccountTap: (UUID) -> Void

/Users/danielstevens/github-projects/tools-automation/MomentumFinance/Shared/Features/Dashboard/DashboardComponents.swift:128:73: [1;31merror: [1;39mcannot convert value of type 'PersistentIdentifier.ID' to expected argument type 'UUID'[0;0m
[0;36m126 |[0;0m                         .shadow(color: Color.black.opacity(0.05), radius: 4, y: 2)
[0;36m127 |[0;0m                         .onTapGesture {
[0;36m128 |[0;0m                             self.onAccountTap(account.persistentModelID.id)
    [0;36m|[0;0m                                                                         `- [1;31merror: [1;39mcannot convert value of type 'PersistentIdentifier.ID' to expected argument type 'UUID'[0;0m
[0;36m129 |[0;0m                         }
[0;36m130 |[0;0m                     }

[#ProtocolTypeNonConformance]: <https://docs.swift.org/compiler/documentation/diagnostics/protocol-type-non-conformance>
[58/148] Compiling Shared BudgetsViewModel.swift
/Users/danielstevens/github-projects/tools-automation/MomentumFinance/Shared/Components/Settings/ImportExportSection.swift:54:27: [1;31merror: [1;39margument passed to call that takes no arguments[0;0m
[0;36m52 |[0;0m         }
[0;36m53 |[0;0m         .sheet(isPresented: self.$showingExportSheet) {
[0;36m54 |[0;0m             DataExportView(
   [0;36m|[0;0m                           `- [1;31merror: [1;39margument passed to call that takes no arguments[0;0m
[0;36m55 |[0;0m                 isPresented: self.$showingExportSheet,
[0;36m56 |[0;0m                 exportURL: self.$exportURL,

/Users/danielstevens/github-projects/tools-automation/MomentumFinance/Shared/Components/SubscriptionDetailComponents.swift:386:24: [1;31merror: [1;39mcannot convert value of type 'String' to expected argument type 'PrimitiveButtonStyleConfiguration'[0;0m
[0;36m384 |[0;0m                 Spacer()
[0;36m385 |[0;0m 
[0;36m386 |[0;0m                 Button("Close").accessibilityLabel("Button").accessibilityLabel("Button") {
    [0;36m|[0;0m                        `- [1;31merror: [1;39mcannot convert value of type 'String' to expected argument type 'PrimitiveButtonStyleConfiguration'[0;0m
[0;36m387 |[0;0m                     self.dismiss()
[0;36m388 |[0;0m                 }

/Users/danielstevens/github-projects/tools-automation/MomentumFinance/Shared/Components/SubscriptionDetailComponents.swift:386:91: [1;31merror: [1;39mtype '_' cannot be used as a boolean; test for '!= 0' instead[0;0m
[0;36m384 |[0;0m                 Spacer()
[0;36m385 |[0;0m 
[0;36m386 |[0;0m                 Button("Close").accessibilityLabel("Button").accessibilityLabel("Button") {
    [0;36m|[0;0m                                                                                           `- [1;31merror: [1;39mtype '_' cannot be used as a boolean; test for '!= 0' instead[0;0m
[0;36m387 |[0;0m                     self.dismiss()
[0;36m388 |[0;0m                 }

/Users/danielstevens/github-projects/tools-automation/MomentumFinance/Shared/Components/SubscriptionDetailComponents.swift:486:21: [1;31merror: [1;39mtype '@Sendable (((name: String, price: Double, features: [String])) throws -> Bool) throws -> RangeSet<Array<(name: String, price: Double, features: [String])>.Index>' (aka '@Sendable (((name: String, price: Double, features: Array<String>)) throws -> Bool) throws -> RangeSet<Int>') cannot conform to 'RandomAccessCollection'[0;0m [#]8;;https://docs.swift.org/compiler/documentation/diagnostics/protocol-type-non-conformance\ProtocolTypeNonConformance]8;;\]
[0;36m484 |[0;0m 
[0;36m485 |[0;0m                     // Alternatives columns
[0;36m486 |[0;0m                     ForEach(self.alternatives.indices, id: \.self) { index in
    [0;36m|[0;0m                     |- [1;31merror: [1;39mtype '@Sendable (((name: String, price: Double, features: [String])) throws -> Bool) throws -> RangeSet<Array<(name: String, price: Double, features: [String])>.Index>' (aka '@Sendable (((name: String, price: Double, features: Array<String>)) throws -> Bool) throws -> RangeSet<Int>') cannot conform to 'RandomAccessCollection'[0;0m [#]8;;https://docs.swift.org/compiler/documentation/diagnostics/protocol-type-non-conformance\ProtocolTypeNonConformance]8;;\]
    [0;36m|[0;0m                     |- [1;39mnote: [1;39monly concrete types such as structs, enums and classes can conform to protocols[0;0m
    [0;36m|[0;0m                     `- [1;39mnote: [1;39mrequired by generic struct 'ForEach' where 'Data' = '@Sendable (((name: String, price: Double, features: [String])) throws -> Bool) throws -> RangeSet<Array<(name: String, price: Double, features: [String])>.Index>' (aka '@Sendable (((name: String, price: Double, features: Array<String>)) throws -> Bool) throws -> RangeSet<Int>')[0;0m
[0;36m487 |[0;0m                         let alternative = self.alternatives[index]
[0;36m488 |[0;0m                         VStack(spacing: 0) {

/Users/danielstevens/github-projects/tools-automation/MomentumFinance/Shared/Components/UIThemeDemoComponents.swift:6:15: [1;31merror: [1;39minvalid redeclaration of 'ThemeSelectorCard'[0;0m
  [0;36m4 |[0;0m // MARK: - Theme Demo Components
  [0;36m5 |[0;0m 
  [0;36m6 |[0;0m public struct ThemeSelectorCard: View {
    [0;36m|[0;0m               `- [1;31merror: [1;39minvalid redeclaration of 'ThemeSelectorCard'[0;0m
  [0;36m7 |[0;0m     @Binding public var selectedThemeMode: ThemeMode
  [0;36m8 |[0;0m     public let theme: Any?

/Users/danielstevens/github-projects/tools-automation/MomentumFinance/Shared/Components/UIThemeDemoComponents.swift:61:15: [1;31merror: [1;39minvalid redeclaration of 'ThemeFinancialSummaryCard'[0;0m
 [0;36m59 |[0;0m }
 [0;36m60 |[0;0m 
 [0;36m61 |[0;0m public struct ThemeFinancialSummaryCard: View {
    [0;36m|[0;0m               `- [1;31merror: [1;39minvalid redeclaration of 'ThemeFinancialSummaryCard'[0;0m
 [0;36m62 |[0;0m     public var body: some View {
 [0;36m63 |[0;0m         VStack(alignment: .leading, spacing: 12) {

/Users/danielstevens/github-projects/tools-automation/MomentumFinance/Shared/Components/UIThemeDemoComponents.swift:113:15: [1;31merror: [1;39minvalid redeclaration of 'ThemeAccountsList'[0;0m
[0;36m111 |[0;0m }
[0;36m112 |[0;0m 
[0;36m113 |[0;0m public struct ThemeAccountsList: View {
    [0;36m|[0;0m               `- [1;31merror: [1;39minvalid redeclaration of 'ThemeAccountsList'[0;0m
[0;36m114 |[0;0m     public var body: some View {
[0;36m115 |[0;0m         VStack(alignment: .leading, spacing: 12) {

/Users/danielstevens/github-projects/tools-automation/MomentumFinance/Shared/Components/UITransactionComponents.swift:7:15: [1;31merror: [1;39minvalid redeclaration of 'TransactionEmptyStateView'[0;0m
  [0;36m5 |[0;0m // Import transaction types removed
  [0;36m6 |[0;0m 
  [0;36m7 |[0;0m public struct TransactionEmptyStateView: View {
    [0;36m|[0;0m               `- [1;31merror: [1;39minvalid redeclaration of 'TransactionEmptyStateView'[0;0m
  [0;36m8 |[0;0m     public let searchText: String
  [0;36m9 |[0;0m     public let onAddTransaction: () -> Void

/Users/danielstevens/github-projects/tools-automation/MomentumFinance/Shared/Components/UITransactionComponents.swift:48:15: [1;31merror: [1;39minvalid redeclaration of 'TransactionListView'[0;0m
 [0;36m46 |[0;0m }
 [0;36m47 |[0;0m 
 [0;36m48 |[0;0m public struct TransactionListView: View {
    [0;36m|[0;0m               `- [1;31merror: [1;39minvalid redeclaration of 'TransactionListView'[0;0m
 [0;36m49 |[0;0m     public let transactions: [FinancialTransaction]
 [0;36m50 |[0;0m     public let onTransactionTapped: (FinancialTransaction) -> Void

/Users/danielstevens/github-projects/tools-automation/MomentumFinance/Shared/Components/UITransactionComponents.swift:77:15: [1;31merror: [1;39minvalid redeclaration of 'TransactionRowView'[0;0m
 [0;36m75 |[0;0m }
 [0;36m76 |[0;0m 
 [0;36m77 |[0;0m public struct TransactionRowView: View {
    [0;36m|[0;0m               `- [1;31merror: [1;39minvalid redeclaration of 'TransactionRowView'[0;0m
 [0;36m78 |[0;0m     public let transaction: FinancialTransaction
 [0;36m79 |[0;0m     public let onTap: () -> Void

/Users/danielstevens/github-projects/tools-automation/MomentumFinance/Shared/Components/UITransactionComponents.swift:127:15: [1;31merror: [1;39minvalid redeclaration of 'AddTransactionView'[0;0m
[0;36m125 |[0;0m }
[0;36m126 |[0;0m 
[0;36m127 |[0;0m public struct AddTransactionView: View {
    [0;36m|[0;0m               `- [1;31merror: [1;39minvalid redeclaration of 'AddTransactionView'[0;0m
[0;36m128 |[0;0m     public let categories: [Any]
[0;36m129 |[0;0m     public let accounts: [Any]

/Users/danielstevens/github-projects/tools-automation/MomentumFinance/Shared/Components/UITransactionComponents.swift:176:15: [1;31merror: [1;39minvalid redeclaration of 'TransactionDetailView'[0;0m
[0;36m174 |[0;0m }
[0;36m175 |[0;0m 
[0;36m176 |[0;0m public struct TransactionDetailView: View {
    [0;36m|[0;0m               `- [1;31merror: [1;39minvalid redeclaration of 'TransactionDetailView'[0;0m
[0;36m177 |[0;0m     public let transaction: Any
[0;36m178 |[0;0m     @Environment(\.dismiss) private var dismiss

/Users/danielstevens/github-projects/tools-automation/MomentumFinance/Shared/Components/UITransactionComponents.swift:241:15: [1;31merror: [1;39minvalid redeclaration of 'TransactionStatsCard'[0;0m
[0;36m239 |[0;0m }
[0;36m240 |[0;0m 
[0;36m241 |[0;0m public struct TransactionStatsCard: View {
    [0;36m|[0;0m               `- [1;31merror: [1;39minvalid redeclaration of 'TransactionStatsCard'[0;0m
[0;36m242 |[0;0m     public let transactions: [Any]
[0;36m243 |[0;0m 

/Users/danielstevens/github-projects/tools-automation/MomentumFinance/Shared/Components/UITransactionComponents.swift:282:15: [1;31merror: [1;39minvalid redeclaration of 'SearchAndFilterSection'[0;0m
[0;36m280 |[0;0m }
[0;36m281 |[0;0m 
[0;36m282 |[0;0m public struct SearchAndFilterSection: View {
    [0;36m|[0;0m               `- [1;31merror: [1;39minvalid redeclaration of 'SearchAndFilterSection'[0;0m
[0;36m283 |[0;0m     @Binding public var searchText: String
[0;36m284 |[0;0m     @Binding public var selectedFilter: TransactionFilter

/Users/danielstevens/github-projects/tools-automation/MomentumFinance/Shared/Components/UITransactionComponents.swift:59:31: [1;31merror: [1;39mextra argument 'onDelete' in call[0;0m
 [0;36m57 |[0;0m                     transaction: self.transactions[index],
 [0;36m58 |[0;0m                     onTap: { self.onTransactionTapped(self.transactions[index]) },
 [0;36m59 |[0;0m                     onDelete: { self.onDeleteTransaction(self.transactions[index]) }
    [0;36m|[0;0m                               `- [1;31merror: [1;39mextra argument 'onDelete' in call[0;0m
 [0;36m60 |[0;0m                 )
 [0;36m61 |[0;0m             }

/Users/danielstevens/github-projects/tools-automation/MomentumFinance/Shared/Features/Budgets/BudgetsViewModel.swift:215:37: [1;31merror: [1;39mvalue of type 'Budget' has no member 'createNextPeriodBudget'[0;0m
[0;36m213 |[0;0m 
[0;36m214 |[0;0m         if !nextPeriodBudgetExists {
[0;36m215 |[0;0m             let nextBudget = [4;39mbudget[0;0m.[4;39mcreateNextPeriodBudget[0;0m(for: nextMonth)
    [0;36m|[0;0m                                     `- [1;31merror: [1;39mvalue of type 'Budget' has no member 'createNextPeriodBudget'[0;0m
[0;36m216 |[0;0m             modelContext.insert(nextBudget)
[0;36m217 |[0;0m 

/Users/danielstevens/github-projects/tools-automation/MomentumFinance/Shared/Features/Dashboard/DashboardComponents.swift:68:15: [1;31merror: [1;39minvalid redeclaration of 'DashboardAccountsSummary'[0;0m
 [0;36m66 |[0;0m }
 [0;36m67 |[0;0m 
 [0;36m68 |[0;0m public struct DashboardAccountsSummary: View {
    [0;36m|[0;0m               `- [1;31merror: [1;39minvalid redeclaration of 'DashboardAccountsSummary'[0;0m
 [0;36m69 |[0;0m     let accounts: [FinancialAccount]
 [0;36m70 |[0;0m     let onAccountTap: (UUID) -> Void

/Users/danielstevens/github-projects/tools-automation/MomentumFinance/Shared/Features/Dashboard/DashboardComponents.swift:128:73: [1;31merror: [1;39mcannot convert value of type 'PersistentIdentifier.ID' to expected argument type 'UUID'[0;0m
[0;36m126 |[0;0m                         .shadow(color: Color.black.opacity(0.05), radius: 4, y: 2)
[0;36m127 |[0;0m                         .onTapGesture {
[0;36m128 |[0;0m                             self.onAccountTap(account.persistentModelID.id)
    [0;36m|[0;0m                                                                         `- [1;31merror: [1;39mcannot convert value of type 'PersistentIdentifier.ID' to expected argument type 'UUID'[0;0m
[0;36m129 |[0;0m                         }
[0;36m130 |[0;0m                     }

[#ProtocolTypeNonConformance]: <https://docs.swift.org/compiler/documentation/diagnostics/protocol-type-non-conformance>
[59/148] Compiling Shared DashboardComponentStubs.swift
/Users/danielstevens/github-projects/tools-automation/MomentumFinance/Shared/Components/Settings/ImportExportSection.swift:54:27: [1;31merror: [1;39margument passed to call that takes no arguments[0;0m
[0;36m52 |[0;0m         }
[0;36m53 |[0;0m         .sheet(isPresented: self.$showingExportSheet) {
[0;36m54 |[0;0m             DataExportView(
   [0;36m|[0;0m                           `- [1;31merror: [1;39margument passed to call that takes no arguments[0;0m
[0;36m55 |[0;0m                 isPresented: self.$showingExportSheet,
[0;36m56 |[0;0m                 exportURL: self.$exportURL,

/Users/danielstevens/github-projects/tools-automation/MomentumFinance/Shared/Components/SubscriptionDetailComponents.swift:386:24: [1;31merror: [1;39mcannot convert value of type 'String' to expected argument type 'PrimitiveButtonStyleConfiguration'[0;0m
[0;36m384 |[0;0m                 Spacer()
[0;36m385 |[0;0m 
[0;36m386 |[0;0m                 Button("Close").accessibilityLabel("Button").accessibilityLabel("Button") {
    [0;36m|[0;0m                        `- [1;31merror: [1;39mcannot convert value of type 'String' to expected argument type 'PrimitiveButtonStyleConfiguration'[0;0m
[0;36m387 |[0;0m                     self.dismiss()
[0;36m388 |[0;0m                 }

/Users/danielstevens/github-projects/tools-automation/MomentumFinance/Shared/Components/SubscriptionDetailComponents.swift:386:91: [1;31merror: [1;39mtype '_' cannot be used as a boolean; test for '!= 0' instead[0;0m
[0;36m384 |[0;0m                 Spacer()
[0;36m385 |[0;0m 
[0;36m386 |[0;0m                 Button("Close").accessibilityLabel("Button").accessibilityLabel("Button") {
    [0;36m|[0;0m                                                                                           `- [1;31merror: [1;39mtype '_' cannot be used as a boolean; test for '!= 0' instead[0;0m
[0;36m387 |[0;0m                     self.dismiss()
[0;36m388 |[0;0m                 }

/Users/danielstevens/github-projects/tools-automation/MomentumFinance/Shared/Components/SubscriptionDetailComponents.swift:486:21: [1;31merror: [1;39mtype '@Sendable (((name: String, price: Double, features: [String])) throws -> Bool) throws -> RangeSet<Array<(name: String, price: Double, features: [String])>.Index>' (aka '@Sendable (((name: String, price: Double, features: Array<String>)) throws -> Bool) throws -> RangeSet<Int>') cannot conform to 'RandomAccessCollection'[0;0m [#]8;;https://docs.swift.org/compiler/documentation/diagnostics/protocol-type-non-conformance\ProtocolTypeNonConformance]8;;\]
[0;36m484 |[0;0m 
[0;36m485 |[0;0m                     // Alternatives columns
[0;36m486 |[0;0m                     ForEach(self.alternatives.indices, id: \.self) { index in
    [0;36m|[0;0m                     |- [1;31merror: [1;39mtype '@Sendable (((name: String, price: Double, features: [String])) throws -> Bool) throws -> RangeSet<Array<(name: String, price: Double, features: [String])>.Index>' (aka '@Sendable (((name: String, price: Double, features: Array<String>)) throws -> Bool) throws -> RangeSet<Int>') cannot conform to 'RandomAccessCollection'[0;0m [#]8;;https://docs.swift.org/compiler/documentation/diagnostics/protocol-type-non-conformance\ProtocolTypeNonConformance]8;;\]
    [0;36m|[0;0m                     |- [1;39mnote: [1;39monly concrete types such as structs, enums and classes can conform to protocols[0;0m
    [0;36m|[0;0m                     `- [1;39mnote: [1;39mrequired by generic struct 'ForEach' where 'Data' = '@Sendable (((name: String, price: Double, features: [String])) throws -> Bool) throws -> RangeSet<Array<(name: String, price: Double, features: [String])>.Index>' (aka '@Sendable (((name: String, price: Double, features: Array<String>)) throws -> Bool) throws -> RangeSet<Int>')[0;0m
[0;36m487 |[0;0m                         let alternative = self.alternatives[index]
[0;36m488 |[0;0m                         VStack(spacing: 0) {

/Users/danielstevens/github-projects/tools-automation/MomentumFinance/Shared/Components/UIThemeDemoComponents.swift:6:15: [1;31merror: [1;39minvalid redeclaration of 'ThemeSelectorCard'[0;0m
  [0;36m4 |[0;0m // MARK: - Theme Demo Components
  [0;36m5 |[0;0m 
  [0;36m6 |[0;0m public struct ThemeSelectorCard: View {
    [0;36m|[0;0m               `- [1;31merror: [1;39minvalid redeclaration of 'ThemeSelectorCard'[0;0m
  [0;36m7 |[0;0m     @Binding public var selectedThemeMode: ThemeMode
  [0;36m8 |[0;0m     public let theme: Any?

/Users/danielstevens/github-projects/tools-automation/MomentumFinance/Shared/Components/UIThemeDemoComponents.swift:61:15: [1;31merror: [1;39minvalid redeclaration of 'ThemeFinancialSummaryCard'[0;0m
 [0;36m59 |[0;0m }
 [0;36m60 |[0;0m 
 [0;36m61 |[0;0m public struct ThemeFinancialSummaryCard: View {
    [0;36m|[0;0m               `- [1;31merror: [1;39minvalid redeclaration of 'ThemeFinancialSummaryCard'[0;0m
 [0;36m62 |[0;0m     public var body: some View {
 [0;36m63 |[0;0m         VStack(alignment: .leading, spacing: 12) {

/Users/danielstevens/github-projects/tools-automation/MomentumFinance/Shared/Components/UIThemeDemoComponents.swift:113:15: [1;31merror: [1;39minvalid redeclaration of 'ThemeAccountsList'[0;0m
[0;36m111 |[0;0m }
[0;36m112 |[0;0m 
[0;36m113 |[0;0m public struct ThemeAccountsList: View {
    [0;36m|[0;0m               `- [1;31merror: [1;39minvalid redeclaration of 'ThemeAccountsList'[0;0m
[0;36m114 |[0;0m     public var body: some View {
[0;36m115 |[0;0m         VStack(alignment: .leading, spacing: 12) {

/Users/danielstevens/github-projects/tools-automation/MomentumFinance/Shared/Components/UITransactionComponents.swift:7:15: [1;31merror: [1;39minvalid redeclaration of 'TransactionEmptyStateView'[0;0m
  [0;36m5 |[0;0m // Import transaction types removed
  [0;36m6 |[0;0m 
  [0;36m7 |[0;0m public struct TransactionEmptyStateView: View {
    [0;36m|[0;0m               `- [1;31merror: [1;39minvalid redeclaration of 'TransactionEmptyStateView'[0;0m
  [0;36m8 |[0;0m     public let searchText: String
  [0;36m9 |[0;0m     public let onAddTransaction: () -> Void

/Users/danielstevens/github-projects/tools-automation/MomentumFinance/Shared/Components/UITransactionComponents.swift:48:15: [1;31merror: [1;39minvalid redeclaration of 'TransactionListView'[0;0m
 [0;36m46 |[0;0m }
 [0;36m47 |[0;0m 
 [0;36m48 |[0;0m public struct TransactionListView: View {
    [0;36m|[0;0m               `- [1;31merror: [1;39minvalid redeclaration of 'TransactionListView'[0;0m
 [0;36m49 |[0;0m     public let transactions: [FinancialTransaction]
 [0;36m50 |[0;0m     public let onTransactionTapped: (FinancialTransaction) -> Void

/Users/danielstevens/github-projects/tools-automation/MomentumFinance/Shared/Components/UITransactionComponents.swift:77:15: [1;31merror: [1;39minvalid redeclaration of 'TransactionRowView'[0;0m
 [0;36m75 |[0;0m }
 [0;36m76 |[0;0m 
 [0;36m77 |[0;0m public struct TransactionRowView: View {
    [0;36m|[0;0m               `- [1;31merror: [1;39minvalid redeclaration of 'TransactionRowView'[0;0m
 [0;36m78 |[0;0m     public let transaction: FinancialTransaction
 [0;36m79 |[0;0m     public let onTap: () -> Void

/Users/danielstevens/github-projects/tools-automation/MomentumFinance/Shared/Components/UITransactionComponents.swift:127:15: [1;31merror: [1;39minvalid redeclaration of 'AddTransactionView'[0;0m
[0;36m125 |[0;0m }
[0;36m126 |[0;0m 
[0;36m127 |[0;0m public struct AddTransactionView: View {
    [0;36m|[0;0m               `- [1;31merror: [1;39minvalid redeclaration of 'AddTransactionView'[0;0m
[0;36m128 |[0;0m     public let categories: [Any]
[0;36m129 |[0;0m     public let accounts: [Any]

/Users/danielstevens/github-projects/tools-automation/MomentumFinance/Shared/Components/UITransactionComponents.swift:176:15: [1;31merror: [1;39minvalid redeclaration of 'TransactionDetailView'[0;0m
[0;36m174 |[0;0m }
[0;36m175 |[0;0m 
[0;36m176 |[0;0m public struct TransactionDetailView: View {
    [0;36m|[0;0m               `- [1;31merror: [1;39minvalid redeclaration of 'TransactionDetailView'[0;0m
[0;36m177 |[0;0m     public let transaction: Any
[0;36m178 |[0;0m     @Environment(\.dismiss) private var dismiss

/Users/danielstevens/github-projects/tools-automation/MomentumFinance/Shared/Components/UITransactionComponents.swift:241:15: [1;31merror: [1;39minvalid redeclaration of 'TransactionStatsCard'[0;0m
[0;36m239 |[0;0m }
[0;36m240 |[0;0m 
[0;36m241 |[0;0m public struct TransactionStatsCard: View {
    [0;36m|[0;0m               `- [1;31merror: [1;39minvalid redeclaration of 'TransactionStatsCard'[0;0m
[0;36m242 |[0;0m     public let transactions: [Any]
[0;36m243 |[0;0m 

/Users/danielstevens/github-projects/tools-automation/MomentumFinance/Shared/Components/UITransactionComponents.swift:282:15: [1;31merror: [1;39minvalid redeclaration of 'SearchAndFilterSection'[0;0m
[0;36m280 |[0;0m }
[0;36m281 |[0;0m 
[0;36m282 |[0;0m public struct SearchAndFilterSection: View {
    [0;36m|[0;0m               `- [1;31merror: [1;39minvalid redeclaration of 'SearchAndFilterSection'[0;0m
[0;36m283 |[0;0m     @Binding public var searchText: String
[0;36m284 |[0;0m     @Binding public var selectedFilter: TransactionFilter

/Users/danielstevens/github-projects/tools-automation/MomentumFinance/Shared/Components/UITransactionComponents.swift:59:31: [1;31merror: [1;39mextra argument 'onDelete' in call[0;0m
 [0;36m57 |[0;0m                     transaction: self.transactions[index],
 [0;36m58 |[0;0m                     onTap: { self.onTransactionTapped(self.transactions[index]) },
 [0;36m59 |[0;0m                     onDelete: { self.onDeleteTransaction(self.transactions[index]) }
    [0;36m|[0;0m                               `- [1;31merror: [1;39mextra argument 'onDelete' in call[0;0m
 [0;36m60 |[0;0m                 )
 [0;36m61 |[0;0m             }

/Users/danielstevens/github-projects/tools-automation/MomentumFinance/Shared/Features/Budgets/BudgetsViewModel.swift:215:37: [1;31merror: [1;39mvalue of type 'Budget' has no member 'createNextPeriodBudget'[0;0m
[0;36m213 |[0;0m 
[0;36m214 |[0;0m         if !nextPeriodBudgetExists {
[0;36m215 |[0;0m             let nextBudget = [4;39mbudget[0;0m.[4;39mcreateNextPeriodBudget[0;0m(for: nextMonth)
    [0;36m|[0;0m                                     `- [1;31merror: [1;39mvalue of type 'Budget' has no member 'createNextPeriodBudget'[0;0m
[0;36m216 |[0;0m             modelContext.insert(nextBudget)
[0;36m217 |[0;0m 

/Users/danielstevens/github-projects/tools-automation/MomentumFinance/Shared/Features/Dashboard/DashboardComponents.swift:68:15: [1;31merror: [1;39minvalid redeclaration of 'DashboardAccountsSummary'[0;0m
 [0;36m66 |[0;0m }
 [0;36m67 |[0;0m 
 [0;36m68 |[0;0m public struct DashboardAccountsSummary: View {
    [0;36m|[0;0m               `- [1;31merror: [1;39minvalid redeclaration of 'DashboardAccountsSummary'[0;0m
 [0;36m69 |[0;0m     let accounts: [FinancialAccount]
 [0;36m70 |[0;0m     let onAccountTap: (UUID) -> Void

/Users/danielstevens/github-projects/tools-automation/MomentumFinance/Shared/Features/Dashboard/DashboardComponents.swift:128:73: [1;31merror: [1;39mcannot convert value of type 'PersistentIdentifier.ID' to expected argument type 'UUID'[0;0m
[0;36m126 |[0;0m                         .shadow(color: Color.black.opacity(0.05), radius: 4, y: 2)
[0;36m127 |[0;0m                         .onTapGesture {
[0;36m128 |[0;0m                             self.onAccountTap(account.persistentModelID.id)
    [0;36m|[0;0m                                                                         `- [1;31merror: [1;39mcannot convert value of type 'PersistentIdentifier.ID' to expected argument type 'UUID'[0;0m
[0;36m129 |[0;0m                         }
[0;36m130 |[0;0m                     }

[#ProtocolTypeNonConformance]: <https://docs.swift.org/compiler/documentation/diagnostics/protocol-type-non-conformance>
[60/148] Compiling Shared DashboardComponents.swift
/Users/danielstevens/github-projects/tools-automation/MomentumFinance/Shared/Components/Settings/ImportExportSection.swift:54:27: [1;31merror: [1;39margument passed to call that takes no arguments[0;0m
[0;36m52 |[0;0m         }
[0;36m53 |[0;0m         .sheet(isPresented: self.$showingExportSheet) {
[0;36m54 |[0;0m             DataExportView(
   [0;36m|[0;0m                           `- [1;31merror: [1;39margument passed to call that takes no arguments[0;0m
[0;36m55 |[0;0m                 isPresented: self.$showingExportSheet,
[0;36m56 |[0;0m                 exportURL: self.$exportURL,

/Users/danielstevens/github-projects/tools-automation/MomentumFinance/Shared/Components/SubscriptionDetailComponents.swift:386:24: [1;31merror: [1;39mcannot convert value of type 'String' to expected argument type 'PrimitiveButtonStyleConfiguration'[0;0m
[0;36m384 |[0;0m                 Spacer()
[0;36m385 |[0;0m 
[0;36m386 |[0;0m                 Button("Close").accessibilityLabel("Button").accessibilityLabel("Button") {
    [0;36m|[0;0m                        `- [1;31merror: [1;39mcannot convert value of type 'String' to expected argument type 'PrimitiveButtonStyleConfiguration'[0;0m
[0;36m387 |[0;0m                     self.dismiss()
[0;36m388 |[0;0m                 }

/Users/danielstevens/github-projects/tools-automation/MomentumFinance/Shared/Components/SubscriptionDetailComponents.swift:386:91: [1;31merror: [1;39mtype '_' cannot be used as a boolean; test for '!= 0' instead[0;0m
[0;36m384 |[0;0m                 Spacer()
[0;36m385 |[0;0m 
[0;36m386 |[0;0m                 Button("Close").accessibilityLabel("Button").accessibilityLabel("Button") {
    [0;36m|[0;0m                                                                                           `- [1;31merror: [1;39mtype '_' cannot be used as a boolean; test for '!= 0' instead[0;0m
[0;36m387 |[0;0m                     self.dismiss()
[0;36m388 |[0;0m                 }

/Users/danielstevens/github-projects/tools-automation/MomentumFinance/Shared/Components/SubscriptionDetailComponents.swift:486:21: [1;31merror: [1;39mtype '@Sendable (((name: String, price: Double, features: [String])) throws -> Bool) throws -> RangeSet<Array<(name: String, price: Double, features: [String])>.Index>' (aka '@Sendable (((name: String, price: Double, features: Array<String>)) throws -> Bool) throws -> RangeSet<Int>') cannot conform to 'RandomAccessCollection'[0;0m [#]8;;https://docs.swift.org/compiler/documentation/diagnostics/protocol-type-non-conformance\ProtocolTypeNonConformance]8;;\]
[0;36m484 |[0;0m 
[0;36m485 |[0;0m                     // Alternatives columns
[0;36m486 |[0;0m                     ForEach(self.alternatives.indices, id: \.self) { index in
    [0;36m|[0;0m                     |- [1;31merror: [1;39mtype '@Sendable (((name: String, price: Double, features: [String])) throws -> Bool) throws -> RangeSet<Array<(name: String, price: Double, features: [String])>.Index>' (aka '@Sendable (((name: String, price: Double, features: Array<String>)) throws -> Bool) throws -> RangeSet<Int>') cannot conform to 'RandomAccessCollection'[0;0m [#]8;;https://docs.swift.org/compiler/documentation/diagnostics/protocol-type-non-conformance\ProtocolTypeNonConformance]8;;\]
    [0;36m|[0;0m                     |- [1;39mnote: [1;39monly concrete types such as structs, enums and classes can conform to protocols[0;0m
    [0;36m|[0;0m                     `- [1;39mnote: [1;39mrequired by generic struct 'ForEach' where 'Data' = '@Sendable (((name: String, price: Double, features: [String])) throws -> Bool) throws -> RangeSet<Array<(name: String, price: Double, features: [String])>.Index>' (aka '@Sendable (((name: String, price: Double, features: Array<String>)) throws -> Bool) throws -> RangeSet<Int>')[0;0m
[0;36m487 |[0;0m                         let alternative = self.alternatives[index]
[0;36m488 |[0;0m                         VStack(spacing: 0) {

/Users/danielstevens/github-projects/tools-automation/MomentumFinance/Shared/Components/UIThemeDemoComponents.swift:6:15: [1;31merror: [1;39minvalid redeclaration of 'ThemeSelectorCard'[0;0m
  [0;36m4 |[0;0m // MARK: - Theme Demo Components
  [0;36m5 |[0;0m 
  [0;36m6 |[0;0m public struct ThemeSelectorCard: View {
    [0;36m|[0;0m               `- [1;31merror: [1;39minvalid redeclaration of 'ThemeSelectorCard'[0;0m
  [0;36m7 |[0;0m     @Binding public var selectedThemeMode: ThemeMode
  [0;36m8 |[0;0m     public let theme: Any?

/Users/danielstevens/github-projects/tools-automation/MomentumFinance/Shared/Components/UIThemeDemoComponents.swift:61:15: [1;31merror: [1;39minvalid redeclaration of 'ThemeFinancialSummaryCard'[0;0m
 [0;36m59 |[0;0m }
 [0;36m60 |[0;0m 
 [0;36m61 |[0;0m public struct ThemeFinancialSummaryCard: View {
    [0;36m|[0;0m               `- [1;31merror: [1;39minvalid redeclaration of 'ThemeFinancialSummaryCard'[0;0m
 [0;36m62 |[0;0m     public var body: some View {
 [0;36m63 |[0;0m         VStack(alignment: .leading, spacing: 12) {

/Users/danielstevens/github-projects/tools-automation/MomentumFinance/Shared/Components/UIThemeDemoComponents.swift:113:15: [1;31merror: [1;39minvalid redeclaration of 'ThemeAccountsList'[0;0m
[0;36m111 |[0;0m }
[0;36m112 |[0;0m 
[0;36m113 |[0;0m public struct ThemeAccountsList: View {
    [0;36m|[0;0m               `- [1;31merror: [1;39minvalid redeclaration of 'ThemeAccountsList'[0;0m
[0;36m114 |[0;0m     public var body: some View {
[0;36m115 |[0;0m         VStack(alignment: .leading, spacing: 12) {

/Users/danielstevens/github-projects/tools-automation/MomentumFinance/Shared/Components/UITransactionComponents.swift:7:15: [1;31merror: [1;39minvalid redeclaration of 'TransactionEmptyStateView'[0;0m
  [0;36m5 |[0;0m // Import transaction types removed
  [0;36m6 |[0;0m 
  [0;36m7 |[0;0m public struct TransactionEmptyStateView: View {
    [0;36m|[0;0m               `- [1;31merror: [1;39minvalid redeclaration of 'TransactionEmptyStateView'[0;0m
  [0;36m8 |[0;0m     public let searchText: String
  [0;36m9 |[0;0m     public let onAddTransaction: () -> Void

/Users/danielstevens/github-projects/tools-automation/MomentumFinance/Shared/Components/UITransactionComponents.swift:48:15: [1;31merror: [1;39minvalid redeclaration of 'TransactionListView'[0;0m
 [0;36m46 |[0;0m }
 [0;36m47 |[0;0m 
 [0;36m48 |[0;0m public struct TransactionListView: View {
    [0;36m|[0;0m               `- [1;31merror: [1;39minvalid redeclaration of 'TransactionListView'[0;0m
 [0;36m49 |[0;0m     public let transactions: [FinancialTransaction]
 [0;36m50 |[0;0m     public let onTransactionTapped: (FinancialTransaction) -> Void

/Users/danielstevens/github-projects/tools-automation/MomentumFinance/Shared/Components/UITransactionComponents.swift:77:15: [1;31merror: [1;39minvalid redeclaration of 'TransactionRowView'[0;0m
 [0;36m75 |[0;0m }
 [0;36m76 |[0;0m 
 [0;36m77 |[0;0m public struct TransactionRowView: View {
    [0;36m|[0;0m               `- [1;31merror: [1;39minvalid redeclaration of 'TransactionRowView'[0;0m
 [0;36m78 |[0;0m     public let transaction: FinancialTransaction
 [0;36m79 |[0;0m     public let onTap: () -> Void

/Users/danielstevens/github-projects/tools-automation/MomentumFinance/Shared/Components/UITransactionComponents.swift:127:15: [1;31merror: [1;39minvalid redeclaration of 'AddTransactionView'[0;0m
[0;36m125 |[0;0m }
[0;36m126 |[0;0m 
[0;36m127 |[0;0m public struct AddTransactionView: View {
    [0;36m|[0;0m               `- [1;31merror: [1;39minvalid redeclaration of 'AddTransactionView'[0;0m
[0;36m128 |[0;0m     public let categories: [Any]
[0;36m129 |[0;0m     public let accounts: [Any]

/Users/danielstevens/github-projects/tools-automation/MomentumFinance/Shared/Components/UITransactionComponents.swift:176:15: [1;31merror: [1;39minvalid redeclaration of 'TransactionDetailView'[0;0m
[0;36m174 |[0;0m }
[0;36m175 |[0;0m 
[0;36m176 |[0;0m public struct TransactionDetailView: View {
    [0;36m|[0;0m               `- [1;31merror: [1;39minvalid redeclaration of 'TransactionDetailView'[0;0m
[0;36m177 |[0;0m     public let transaction: Any
[0;36m178 |[0;0m     @Environment(\.dismiss) private var dismiss

/Users/danielstevens/github-projects/tools-automation/MomentumFinance/Shared/Components/UITransactionComponents.swift:241:15: [1;31merror: [1;39minvalid redeclaration of 'TransactionStatsCard'[0;0m
[0;36m239 |[0;0m }
[0;36m240 |[0;0m 
[0;36m241 |[0;0m public struct TransactionStatsCard: View {
    [0;36m|[0;0m               `- [1;31merror: [1;39minvalid redeclaration of 'TransactionStatsCard'[0;0m
[0;36m242 |[0;0m     public let transactions: [Any]
[0;36m243 |[0;0m 

/Users/danielstevens/github-projects/tools-automation/MomentumFinance/Shared/Components/UITransactionComponents.swift:282:15: [1;31merror: [1;39minvalid redeclaration of 'SearchAndFilterSection'[0;0m
[0;36m280 |[0;0m }
[0;36m281 |[0;0m 
[0;36m282 |[0;0m public struct SearchAndFilterSection: View {
    [0;36m|[0;0m               `- [1;31merror: [1;39minvalid redeclaration of 'SearchAndFilterSection'[0;0m
[0;36m283 |[0;0m     @Binding public var searchText: String
[0;36m284 |[0;0m     @Binding public var selectedFilter: TransactionFilter

/Users/danielstevens/github-projects/tools-automation/MomentumFinance/Shared/Components/UITransactionComponents.swift:59:31: [1;31merror: [1;39mextra argument 'onDelete' in call[0;0m
 [0;36m57 |[0;0m                     transaction: self.transactions[index],
 [0;36m58 |[0;0m                     onTap: { self.onTransactionTapped(self.transactions[index]) },
 [0;36m59 |[0;0m                     onDelete: { self.onDeleteTransaction(self.transactions[index]) }
    [0;36m|[0;0m                               `- [1;31merror: [1;39mextra argument 'onDelete' in call[0;0m
 [0;36m60 |[0;0m                 )
 [0;36m61 |[0;0m             }

/Users/danielstevens/github-projects/tools-automation/MomentumFinance/Shared/Features/Budgets/BudgetsViewModel.swift:215:37: [1;31merror: [1;39mvalue of type 'Budget' has no member 'createNextPeriodBudget'[0;0m
[0;36m213 |[0;0m 
[0;36m214 |[0;0m         if !nextPeriodBudgetExists {
[0;36m215 |[0;0m             let nextBudget = [4;39mbudget[0;0m.[4;39mcreateNextPeriodBudget[0;0m(for: nextMonth)
    [0;36m|[0;0m                                     `- [1;31merror: [1;39mvalue of type 'Budget' has no member 'createNextPeriodBudget'[0;0m
[0;36m216 |[0;0m             modelContext.insert(nextBudget)
[0;36m217 |[0;0m 

/Users/danielstevens/github-projects/tools-automation/MomentumFinance/Shared/Features/Dashboard/DashboardComponents.swift:68:15: [1;31merror: [1;39minvalid redeclaration of 'DashboardAccountsSummary'[0;0m
 [0;36m66 |[0;0m }
 [0;36m67 |[0;0m 
 [0;36m68 |[0;0m public struct DashboardAccountsSummary: View {
    [0;36m|[0;0m               `- [1;31merror: [1;39minvalid redeclaration of 'DashboardAccountsSummary'[0;0m
 [0;36m69 |[0;0m     let accounts: [FinancialAccount]
 [0;36m70 |[0;0m     let onAccountTap: (UUID) -> Void

/Users/danielstevens/github-projects/tools-automation/MomentumFinance/Shared/Features/Dashboard/DashboardComponents.swift:128:73: [1;31merror: [1;39mcannot convert value of type 'PersistentIdentifier.ID' to expected argument type 'UUID'[0;0m
[0;36m126 |[0;0m                         .shadow(color: Color.black.opacity(0.05), radius: 4, y: 2)
[0;36m127 |[0;0m                         .onTapGesture {
[0;36m128 |[0;0m                             self.onAccountTap(account.persistentModelID.id)
    [0;36m|[0;0m                                                                         `- [1;31merror: [1;39mcannot convert value of type 'PersistentIdentifier.ID' to expected argument type 'UUID'[0;0m
[0;36m129 |[0;0m                         }
[0;36m130 |[0;0m                     }

[#ProtocolTypeNonConformance]: <https://docs.swift.org/compiler/documentation/diagnostics/protocol-type-non-conformance>
[61/148] Compiling Shared DashboardInsightsFilterBar.swift
/Users/danielstevens/github-projects/tools-automation/MomentumFinance/Shared/Components/Settings/ImportExportSection.swift:54:27: [1;31merror: [1;39margument passed to call that takes no arguments[0;0m
[0;36m52 |[0;0m         }
[0;36m53 |[0;0m         .sheet(isPresented: self.$showingExportSheet) {
[0;36m54 |[0;0m             DataExportView(
   [0;36m|[0;0m                           `- [1;31merror: [1;39margument passed to call that takes no arguments[0;0m
[0;36m55 |[0;0m                 isPresented: self.$showingExportSheet,
[0;36m56 |[0;0m                 exportURL: self.$exportURL,

/Users/danielstevens/github-projects/tools-automation/MomentumFinance/Shared/Components/SubscriptionDetailComponents.swift:386:24: [1;31merror: [1;39mcannot convert value of type 'String' to expected argument type 'PrimitiveButtonStyleConfiguration'[0;0m
[0;36m384 |[0;0m                 Spacer()
[0;36m385 |[0;0m 
[0;36m386 |[0;0m                 Button("Close").accessibilityLabel("Button").accessibilityLabel("Button") {
    [0;36m|[0;0m                        `- [1;31merror: [1;39mcannot convert value of type 'String' to expected argument type 'PrimitiveButtonStyleConfiguration'[0;0m
[0;36m387 |[0;0m                     self.dismiss()
[0;36m388 |[0;0m                 }

/Users/danielstevens/github-projects/tools-automation/MomentumFinance/Shared/Components/SubscriptionDetailComponents.swift:386:91: [1;31merror: [1;39mtype '_' cannot be used as a boolean; test for '!= 0' instead[0;0m
[0;36m384 |[0;0m                 Spacer()
[0;36m385 |[0;0m 
[0;36m386 |[0;0m                 Button("Close").accessibilityLabel("Button").accessibilityLabel("Button") {
    [0;36m|[0;0m                                                                                           `- [1;31merror: [1;39mtype '_' cannot be used as a boolean; test for '!= 0' instead[0;0m
[0;36m387 |[0;0m                     self.dismiss()
[0;36m388 |[0;0m                 }

/Users/danielstevens/github-projects/tools-automation/MomentumFinance/Shared/Components/SubscriptionDetailComponents.swift:486:21: [1;31merror: [1;39mtype '@Sendable (((name: String, price: Double, features: [String])) throws -> Bool) throws -> RangeSet<Array<(name: String, price: Double, features: [String])>.Index>' (aka '@Sendable (((name: String, price: Double, features: Array<String>)) throws -> Bool) throws -> RangeSet<Int>') cannot conform to 'RandomAccessCollection'[0;0m [#]8;;https://docs.swift.org/compiler/documentation/diagnostics/protocol-type-non-conformance\ProtocolTypeNonConformance]8;;\]
[0;36m484 |[0;0m 
[0;36m485 |[0;0m                     // Alternatives columns
[0;36m486 |[0;0m                     ForEach(self.alternatives.indices, id: \.self) { index in
    [0;36m|[0;0m                     |- [1;31merror: [1;39mtype '@Sendable (((name: String, price: Double, features: [String])) throws -> Bool) throws -> RangeSet<Array<(name: String, price: Double, features: [String])>.Index>' (aka '@Sendable (((name: String, price: Double, features: Array<String>)) throws -> Bool) throws -> RangeSet<Int>') cannot conform to 'RandomAccessCollection'[0;0m [#]8;;https://docs.swift.org/compiler/documentation/diagnostics/protocol-type-non-conformance\ProtocolTypeNonConformance]8;;\]
    [0;36m|[0;0m                     |- [1;39mnote: [1;39monly concrete types such as structs, enums and classes can conform to protocols[0;0m
    [0;36m|[0;0m                     `- [1;39mnote: [1;39mrequired by generic struct 'ForEach' where 'Data' = '@Sendable (((name: String, price: Double, features: [String])) throws -> Bool) throws -> RangeSet<Array<(name: String, price: Double, features: [String])>.Index>' (aka '@Sendable (((name: String, price: Double, features: Array<String>)) throws -> Bool) throws -> RangeSet<Int>')[0;0m
[0;36m487 |[0;0m                         let alternative = self.alternatives[index]
[0;36m488 |[0;0m                         VStack(spacing: 0) {

/Users/danielstevens/github-projects/tools-automation/MomentumFinance/Shared/Components/UIThemeDemoComponents.swift:6:15: [1;31merror: [1;39minvalid redeclaration of 'ThemeSelectorCard'[0;0m
  [0;36m4 |[0;0m // MARK: - Theme Demo Components
  [0;36m5 |[0;0m 
  [0;36m6 |[0;0m public struct ThemeSelectorCard: View {
    [0;36m|[0;0m               `- [1;31merror: [1;39minvalid redeclaration of 'ThemeSelectorCard'[0;0m
  [0;36m7 |[0;0m     @Binding public var selectedThemeMode: ThemeMode
  [0;36m8 |[0;0m     public let theme: Any?

/Users/danielstevens/github-projects/tools-automation/MomentumFinance/Shared/Components/UIThemeDemoComponents.swift:61:15: [1;31merror: [1;39minvalid redeclaration of 'ThemeFinancialSummaryCard'[0;0m
 [0;36m59 |[0;0m }
 [0;36m60 |[0;0m 
 [0;36m61 |[0;0m public struct ThemeFinancialSummaryCard: View {
    [0;36m|[0;0m               `- [1;31merror: [1;39minvalid redeclaration of 'ThemeFinancialSummaryCard'[0;0m
 [0;36m62 |[0;0m     public var body: some View {
 [0;36m63 |[0;0m         VStack(alignment: .leading, spacing: 12) {

/Users/danielstevens/github-projects/tools-automation/MomentumFinance/Shared/Components/UIThemeDemoComponents.swift:113:15: [1;31merror: [1;39minvalid redeclaration of 'ThemeAccountsList'[0;0m
[0;36m111 |[0;0m }
[0;36m112 |[0;0m 
[0;36m113 |[0;0m public struct ThemeAccountsList: View {
    [0;36m|[0;0m               `- [1;31merror: [1;39minvalid redeclaration of 'ThemeAccountsList'[0;0m
[0;36m114 |[0;0m     public var body: some View {
[0;36m115 |[0;0m         VStack(alignment: .leading, spacing: 12) {

/Users/danielstevens/github-projects/tools-automation/MomentumFinance/Shared/Components/UITransactionComponents.swift:7:15: [1;31merror: [1;39minvalid redeclaration of 'TransactionEmptyStateView'[0;0m
  [0;36m5 |[0;0m // Import transaction types removed
  [0;36m6 |[0;0m 
  [0;36m7 |[0;0m public struct TransactionEmptyStateView: View {
    [0;36m|[0;0m               `- [1;31merror: [1;39minvalid redeclaration of 'TransactionEmptyStateView'[0;0m
  [0;36m8 |[0;0m     public let searchText: String
  [0;36m9 |[0;0m     public let onAddTransaction: () -> Void

/Users/danielstevens/github-projects/tools-automation/MomentumFinance/Shared/Components/UITransactionComponents.swift:48:15: [1;31merror: [1;39minvalid redeclaration of 'TransactionListView'[0;0m
 [0;36m46 |[0;0m }
 [0;36m47 |[0;0m 
 [0;36m48 |[0;0m public struct TransactionListView: View {
    [0;36m|[0;0m               `- [1;31merror: [1;39minvalid redeclaration of 'TransactionListView'[0;0m
 [0;36m49 |[0;0m     public let transactions: [FinancialTransaction]
 [0;36m50 |[0;0m     public let onTransactionTapped: (FinancialTransaction) -> Void

/Users/danielstevens/github-projects/tools-automation/MomentumFinance/Shared/Components/UITransactionComponents.swift:77:15: [1;31merror: [1;39minvalid redeclaration of 'TransactionRowView'[0;0m
 [0;36m75 |[0;0m }
 [0;36m76 |[0;0m 
 [0;36m77 |[0;0m public struct TransactionRowView: View {
    [0;36m|[0;0m               `- [1;31merror: [1;39minvalid redeclaration of 'TransactionRowView'[0;0m
 [0;36m78 |[0;0m     public let transaction: FinancialTransaction
 [0;36m79 |[0;0m     public let onTap: () -> Void

/Users/danielstevens/github-projects/tools-automation/MomentumFinance/Shared/Components/UITransactionComponents.swift:127:15: [1;31merror: [1;39minvalid redeclaration of 'AddTransactionView'[0;0m
[0;36m125 |[0;0m }
[0;36m126 |[0;0m 
[0;36m127 |[0;0m public struct AddTransactionView: View {
    [0;36m|[0;0m               `- [1;31merror: [1;39minvalid redeclaration of 'AddTransactionView'[0;0m
[0;36m128 |[0;0m     public let categories: [Any]
[0;36m129 |[0;0m     public let accounts: [Any]

/Users/danielstevens/github-projects/tools-automation/MomentumFinance/Shared/Components/UITransactionComponents.swift:176:15: [1;31merror: [1;39minvalid redeclaration of 'TransactionDetailView'[0;0m
[0;36m174 |[0;0m }
[0;36m175 |[0;0m 
[0;36m176 |[0;0m public struct TransactionDetailView: View {
    [0;36m|[0;0m               `- [1;31merror: [1;39minvalid redeclaration of 'TransactionDetailView'[0;0m
[0;36m177 |[0;0m     public let transaction: Any
[0;36m178 |[0;0m     @Environment(\.dismiss) private var dismiss

/Users/danielstevens/github-projects/tools-automation/MomentumFinance/Shared/Components/UITransactionComponents.swift:241:15: [1;31merror: [1;39minvalid redeclaration of 'TransactionStatsCard'[0;0m
[0;36m239 |[0;0m }
[0;36m240 |[0;0m 
[0;36m241 |[0;0m public struct TransactionStatsCard: View {
    [0;36m|[0;0m               `- [1;31merror: [1;39minvalid redeclaration of 'TransactionStatsCard'[0;0m
[0;36m242 |[0;0m     public let transactions: [Any]
[0;36m243 |[0;0m 

/Users/danielstevens/github-projects/tools-automation/MomentumFinance/Shared/Components/UITransactionComponents.swift:282:15: [1;31merror: [1;39minvalid redeclaration of 'SearchAndFilterSection'[0;0m
[0;36m280 |[0;0m }
[0;36m281 |[0;0m 
[0;36m282 |[0;0m public struct SearchAndFilterSection: View {
    [0;36m|[0;0m               `- [1;31merror: [1;39minvalid redeclaration of 'SearchAndFilterSection'[0;0m
[0;36m283 |[0;0m     @Binding public var searchText: String
[0;36m284 |[0;0m     @Binding public var selectedFilter: TransactionFilter

/Users/danielstevens/github-projects/tools-automation/MomentumFinance/Shared/Components/UITransactionComponents.swift:59:31: [1;31merror: [1;39mextra argument 'onDelete' in call[0;0m
 [0;36m57 |[0;0m                     transaction: self.transactions[index],
 [0;36m58 |[0;0m                     onTap: { self.onTransactionTapped(self.transactions[index]) },
 [0;36m59 |[0;0m                     onDelete: { self.onDeleteTransaction(self.transactions[index]) }
    [0;36m|[0;0m                               `- [1;31merror: [1;39mextra argument 'onDelete' in call[0;0m
 [0;36m60 |[0;0m                 )
 [0;36m61 |[0;0m             }

/Users/danielstevens/github-projects/tools-automation/MomentumFinance/Shared/Features/Budgets/BudgetsViewModel.swift:215:37: [1;31merror: [1;39mvalue of type 'Budget' has no member 'createNextPeriodBudget'[0;0m
[0;36m213 |[0;0m 
[0;36m214 |[0;0m         if !nextPeriodBudgetExists {
[0;36m215 |[0;0m             let nextBudget = [4;39mbudget[0;0m.[4;39mcreateNextPeriodBudget[0;0m(for: nextMonth)
    [0;36m|[0;0m                                     `- [1;31merror: [1;39mvalue of type 'Budget' has no member 'createNextPeriodBudget'[0;0m
[0;36m216 |[0;0m             modelContext.insert(nextBudget)
[0;36m217 |[0;0m 

/Users/danielstevens/github-projects/tools-automation/MomentumFinance/Shared/Features/Dashboard/DashboardComponents.swift:68:15: [1;31merror: [1;39minvalid redeclaration of 'DashboardAccountsSummary'[0;0m
 [0;36m66 |[0;0m }
 [0;36m67 |[0;0m 
 [0;36m68 |[0;0m public struct DashboardAccountsSummary: View {
    [0;36m|[0;0m               `- [1;31merror: [1;39minvalid redeclaration of 'DashboardAccountsSummary'[0;0m
 [0;36m69 |[0;0m     let accounts: [FinancialAccount]
 [0;36m70 |[0;0m     let onAccountTap: (UUID) -> Void

/Users/danielstevens/github-projects/tools-automation/MomentumFinance/Shared/Features/Dashboard/DashboardComponents.swift:128:73: [1;31merror: [1;39mcannot convert value of type 'PersistentIdentifier.ID' to expected argument type 'UUID'[0;0m
[0;36m126 |[0;0m                         .shadow(color: Color.black.opacity(0.05), radius: 4, y: 2)
[0;36m127 |[0;0m                         .onTapGesture {
[0;36m128 |[0;0m                             self.onAccountTap(account.persistentModelID.id)
    [0;36m|[0;0m                                                                         `- [1;31merror: [1;39mcannot convert value of type 'PersistentIdentifier.ID' to expected argument type 'UUID'[0;0m
[0;36m129 |[0;0m                         }
[0;36m130 |[0;0m                     }

[#ProtocolTypeNonConformance]: <https://docs.swift.org/compiler/documentation/diagnostics/protocol-type-non-conformance>
[62/148] Compiling Shared NotificationsView.swift
/Users/danielstevens/github-projects/tools-automation/MomentumFinance/Shared/Features/Subscriptions/SubscriptionManagementViews.swift:109:67: [1;31merror: [1;39mexpected ',' separator[0;0m
[0;36m107 |[0;0m                     Section(header: Text("Notes")) {
[0;36m108 |[0;0m                         TextField(
[0;36m109 |[0;0m                             "Notes (optional).accessibilityLabel("Text Field")",
    [0;36m|[0;0m                                                                   `- [1;31merror: [1;39mexpected ',' separator[0;0m
[0;36m110 |[0;0m                             text: self.$notes,
[0;36m111 |[0;0m                             axis: .vertical

/Users/danielstevens/github-projects/tools-automation/MomentumFinance/Shared/Features/NotificationsView.swift:23:9: [1;31merror: [1;39mproperty 'body' must be declared public because it matches a requirement in public protocol 'View'[0;0m
 [0;36m21 |[0;0m     @State private var isLoading = true
 [0;36m22 |[0;0m 
 [0;36m23 |[0;0m     var body: some View {
    [0;36m|[0;0m         |- [1;31merror: [1;39mproperty 'body' must be declared public because it matches a requirement in public protocol 'View'[0;0m
    [0;36m|[0;0m         `- [1;39mnote: [1;39mmark the property as 'public' to satisfy the requirement[0;0m
 [0;36m24 |[0;0m         NavigationView {
 [0;36m25 |[0;0m             VStack(spacing: 0) {

/Users/danielstevens/github-projects/tools-automation/MomentumFinance/Shared/Features/NotificationsView.swift:266:16: [1;31merror: [1;39mmissing argument for parameter #1 in call[0;0m
[0;36m264 |[0;0m     public var body: some View {
[0;36m265 |[0;0m 
[0;36m266 |[0;0m         Button(action: self.action).accessibilityLabel("Button") {
    [0;36m|[0;0m                `- [1;31merror: [1;39mmissing argument for parameter #1 in call[0;0m
[0;36m267 |[0;0m             HStack(spacing: 8) {
[0;36m268 |[0;0m                 Image(systemName: self.filter.icon)

SwiftUI.Button.init:2:36: [1;39mnote: [1;39m'init(_:action:)' declared here[0;0m
[0;36m1 |[0;0m generic struct Button {
[0;36m2 |[0;0m @preconcurrency nonisolated public init(_ titleKey: LocalizedStringKey, action: @escaping @MainActor () -> Void)}
  [0;36m|[0;0m                                    `- [1;39mnote: [1;39m'init(_:action:)' declared here[0;0m
[0;36m3 |[0;0m 

/Users/danielstevens/github-projects/tools-automation/MomentumFinance/Shared/Features/NotificationsView.swift:266:66: [1;31merror: [1;39mtype '_' cannot be used as a boolean; test for '!= 0' instead[0;0m
[0;36m264 |[0;0m     public var body: some View {
[0;36m265 |[0;0m 
[0;36m266 |[0;0m         Button(action: self.action).accessibilityLabel("Button") {
    [0;36m|[0;0m                                                                  `- [1;31merror: [1;39mtype '_' cannot be used as a boolean; test for '!= 0' instead[0;0m
[0;36m267 |[0;0m             HStack(spacing: 8) {
[0;36m268 |[0;0m                 Image(systemName: self.filter.icon)

/Users/danielstevens/github-projects/tools-automation/MomentumFinance/Shared/Features/Subscriptions/SubscriptionDetailView.swift:240:13: [1;31merror: [1;39mswitch must be exhaustive[0;0m
[0;36m238 |[0;0m 
[0;36m239 |[0;0m         private func billingFrequencyText(_ cycle: BillingCycle) -> String {
[0;36m240 |[0;0m             switch cycle {
    [0;36m|[0;0m             |- [1;31merror: [1;39mswitch must be exhaustive[0;0m
    [0;36m|[0;0m             |- [1;39mnote: [1;39madd missing case: '.daily'[0;0m
    [0;36m|[0;0m             |- [1;39mnote: [1;39madd missing case: '.quarterly'[0;0m
    [0;36m|[0;0m             `- [1;39mnote: [1;39madd missing cases[0;0m
[0;36m241 |[0;0m             case .weekly:
[0;36m242 |[0;0m                 "Billed Weekly"

/Users/danielstevens/github-projects/tools-automation/MomentumFinance/Shared/Features/Subscriptions/SubscriptionManagementViews.swift:108:34: [1;31merror: [1;39mincorrect argument labels in call (have '_:_:text:axis:', expected '_:text:prompt:axis:')[0;0m
[0;36m106 |[0;0m 
[0;36m107 |[0;0m                     Section(header: Text("Notes")) {
[0;36m108 |[0;0m                         TextField(
    [0;36m|[0;0m                                  `- [1;31merror: [1;39mincorrect argument labels in call (have '_:_:text:axis:', expected '_:text:prompt:axis:')[0;0m
[0;36m109 |[0;0m                             "Notes (optional).accessibilityLabel("Text Field")",
[0;36m110 |[0;0m                             text: self.$notes,

/Users/danielstevens/github-projects/tools-automation/MomentumFinance/Shared/Features/Subscriptions/SubscriptionManagementViews.swift:109:67: [1;31merror: [1;39mcannot convert value of type 'Text.Type' to expected argument type 'Text'[0;0m
[0;36m107 |[0;0m                     Section(header: Text("Notes")) {
[0;36m108 |[0;0m                         TextField(
[0;36m109 |[0;0m                             "Notes (optional).accessibilityLabel("Text Field")",
    [0;36m|[0;0m                                                                   `- [1;31merror: [1;39mcannot convert value of type 'Text.Type' to expected argument type 'Text'[0;0m
[0;36m110 |[0;0m                             text: self.$notes,
[0;36m111 |[0;0m                             axis: .vertical

/Users/danielstevens/github-projects/tools-automation/MomentumFinance/Shared/Features/Subscriptions/SubscriptionManagementViews.swift:139:40: [1;31merror: [1;39mcannot convert value of type 'String' to expected argument type 'PrimitiveButtonStyleConfiguration'[0;0m
[0;36m137 |[0;0m                         #else
[0;36m138 |[0;0m                             ToolbarItem(placement: .cancellationAction) {
[0;36m139 |[0;0m                                 Button("Cancel").accessibilityLabel("Button") {
    [0;36m|[0;0m                                        `- [1;31merror: [1;39mcannot convert value of type 'String' to expected argument type 'PrimitiveButtonStyleConfiguration'[0;0m
[0;36m140 |[0;0m                                     self.dismiss()
[0;36m141 |[0;0m                                 }

/Users/danielstevens/github-projects/tools-automation/MomentumFinance/Shared/Features/Subscriptions/SubscriptionManagementViews.swift:139:79: [1;31merror: [1;39mtype '_' cannot be used as a boolean; test for '!= 0' instead[0;0m
[0;36m137 |[0;0m                         #else
[0;36m138 |[0;0m                             ToolbarItem(placement: .cancellationAction) {
[0;36m139 |[0;0m                                 Button("Cancel").accessibilityLabel("Button") {
    [0;36m|[0;0m                                                                               `- [1;31merror: [1;39mtype '_' cannot be used as a boolean; test for '!= 0' instead[0;0m
[0;36m140 |[0;0m                                     self.dismiss()
[0;36m141 |[0;0m                                 }

/Users/danielstevens/github-projects/tools-automation/MomentumFinance/Shared/Features/Subscriptions/SubscriptionSummaryViews.swift:38:38: [1;31merror: [1;39mmissing argument label 'into:' in call[0;0m
 [0;36m36 |[0;0m 
 [0;36m37 |[0;0m         private var monthlyTotal: Double {
 [0;36m38 |[0;0m             self.subscriptions.reduce(0) { total, subscription in
    [0;36m|[0;0m                                      `- [1;31merror: [1;39mmissing argument label 'into:' in call[0;0m
 [0;36m39 |[0;0m                 total + subscription.monthlyEquivalent
 [0;36m40 |[0;0m             }

/Users/danielstevens/github-projects/tools-automation/MomentumFinance/Shared/Features/Subscriptions/SubscriptionSummaryViews.swift:38:32: [1;31merror: [1;39mno 'reduce' candidates produce the expected contextual result type 'Double'[0;0m
 [0;36m36 |[0;0m 
 [0;36m37 |[0;0m         private var monthlyTotal: Double {
 [0;36m38 |[0;0m             self.subscriptions.reduce(0) { total, subscription in
    [0;36m|[0;0m                                `- [1;31merror: [1;39mno 'reduce' candidates produce the expected contextual result type 'Double'[0;0m
 [0;36m39 |[0;0m                 total + subscription.monthlyEquivalent
 [0;36m40 |[0;0m             }

Swift.Sequence.reduce:2:24: [1;39mnote: [1;39m'reduce(into:_:)' produces '(String, _) -> String', not the expected contextual result type 'Double'[0;0m
[0;36m1 |[0;0m protocol Sequence {
[0;36m2 |[0;0m @inlinable public func reduce<Result>(into initialResult: __owned Result, _ updateAccumulatingResult: (_ partialResult: inout Result, Self.Element) throws -> ()) rethrows -> Result}
  [0;36m|[0;0m                        |- [1;39mnote: [1;39m'reduce(into:_:)' produces '(String, _) -> String', not the expected contextual result type 'Double'[0;0m
  [0;36m|[0;0m                        |- [1;39mnote: [1;39m'reduce(into:_:)' produces '(Duration, _) -> Duration', not the expected contextual result type 'Double'[0;0m
  [0;36m|[0;0m                        |- [1;39mnote: [1;39m'reduce(into:_:)' produces '(Int128, _) -> Int128', not the expected contextual result type 'Double'[0;0m
  [0;36m|[0;0m                        |- [1;39mnote: [1;39m'reduce(into:_:)' produces '(UInt128, _) -> UInt128', not the expected contextual result type 'Double'[0;0m
  [0;36m|[0;0m                        |- [1;39mnote: [1;39m'reduce(into:_:)' produces '(Float16, _) -> Float16', not the expected contextual result type 'Double'[0;0m
  [0;36m|[0;0m                        |- [1;39mnote: [1;39m'reduce(into:_:)' produces '(Float, _) -> Float', not the expected contextual result type 'Double'[0;0m
  [0;36m|[0;0m                        |- [1;39mnote: [1;39m'reduce(into:_:)' produces '(Double, _) -> Double', not the expected contextual result type 'Double'[0;0m
  [0;36m|[0;0m                        |- [1;39mnote: [1;39m'reduce(into:_:)' produces '(UInt8, _) -> UInt8', not the expected contextual result type 'Double'[0;0m
  [0;36m|[0;0m                        |- [1;39mnote: [1;39m'reduce(into:_:)' produces '(Int8, _) -> Int8', not the expected contextual result type 'Double'[0;0m
  [0;36m|[0;0m                        |- [1;39mnote: [1;39m'reduce(into:_:)' produces '(UInt16, _) -> UInt16', not the expected contextual result type 'Double'[0;0m
  [0;36m|[0;0m                        |- [1;39mnote: [1;39m'reduce(into:_:)' produces '(Int16, _) -> Int16', not the expected contextual result type 'Double'[0;0m
  [0;36m|[0;0m                        |- [1;39mnote: [1;39m'reduce(into:_:)' produces '(UInt32, _) -> UInt32', not the expected contextual result type 'Double'[0;0m
  [0;36m|[0;0m                        |- [1;39mnote: [1;39m'reduce(into:_:)' produces '(Int32, _) -> Int32', not the expected contextual result type 'Double'[0;0m
  [0;36m|[0;0m                        |- [1;39mnote: [1;39m'reduce(into:_:)' produces '(UInt64, _) -> UInt64', not the expected contextual result type 'Double'[0;0m
  [0;36m|[0;0m                        |- [1;39mnote: [1;39m'reduce(into:_:)' produces '(Int64, _) -> Int64', not the expected contextual result type 'Double'[0;0m
  [0;36m|[0;0m                        |- [1;39mnote: [1;39m'reduce(into:_:)' produces '(UInt, _) -> UInt', not the expected contextual result type 'Double'[0;0m
  [0;36m|[0;0m                        |- [1;39mnote: [1;39m'reduce(into:_:)' produces '(Int, _) -> Int', not the expected contextual result type 'Double'[0;0m
  [0;36m|[0;0m                        |- [1;39mnote: [1;39m'reduce(into:_:)' produces '(ContinuousClock.Instant, _) -> ContinuousClock.Instant', not the expected contextual result type 'Double'[0;0m
  [0;36m|[0;0m                        |- [1;39mnote: [1;39m'reduce(into:_:)' produces '(SuspendingClock.Instant, _) -> SuspendingClock.Instant', not the expected contextual result type 'Double'[0;0m
  [0;36m|[0;0m                        |- [1;39mnote: [1;39m'reduce(into:_:)' produces '(DispatchTime, _) -> DispatchTime', not the expected contextual result type 'Double'[0;0m
  [0;36m|[0;0m                        |- [1;39mnote: [1;39m'reduce(into:_:)' produces '(DispatchTime, _) -> DispatchTime', not the expected contextual result type 'Double'[0;0m
  [0;36m|[0;0m                        |- [1;39mnote: [1;39m'reduce(into:_:)' produces '(DispatchWallTime, _) -> DispatchWallTime', not the expected contextual result type 'Double'[0;0m
  [0;36m|[0;0m                        |- [1;39mnote: [1;39m'reduce(into:_:)' produces '(DispatchWallTime, _) -> DispatchWallTime', not the expected contextual result type 'Double'[0;0m
  [0;36m|[0;0m                        |- [1;39mnote: [1;39m'reduce(into:_:)' produces '(DispatchQueue.SchedulerTimeType.Stride, _) -> DispatchQueue.SchedulerTimeType.Stride', not the expected contextual result type 'Double'[0;0m
  [0;36m|[0;0m                        |- [1;39mnote: [1;39m'reduce(into:_:)' produces '(CGFloat, _) -> CGFloat', not the expected contextual result type 'Double'[0;0m
  [0;36m|[0;0m                        |- [1;39mnote: [1;39m'reduce(into:_:)' produces '(RunLoop.SchedulerTimeType.Stride, _) -> RunLoop.SchedulerTimeType.Stride', not the expected contextual result type 'Double'[0;0m
  [0;36m|[0;0m                        |- [1;39mnote: [1;39m'reduce(into:_:)' produces '(AttributedString, _) -> AttributedString', not the expected contextual result type 'Double'[0;0m
  [0;36m|[0;0m                        |- [1;39mnote: [1;39m'reduce(into:_:)' produces '(Decimal, _) -> Decimal', not the expected contextual result type 'Double'[0;0m
  [0;36m|[0;0m                        |- [1;39mnote: [1;39m'reduce(into:_:)' produces '(Date, _) -> Date', not the expected contextual result type 'Double'[0;0m
  [0;36m|[0;0m                        |- [1;39mnote: [1;39m'reduce(into:_:)' produces '(IndexPath, _) -> IndexPath', not the expected contextual result type 'Double'[0;0m
  [0;36m|[0;0m                        |- [1;39mnote: [1;39m'reduce(into:_:)' produces '(OperationQueue.SchedulerTimeType.Stride, _) -> OperationQueue.SchedulerTimeType.Stride', not the expected contextual result type 'Double'[0;0m
  [0;36m|[0;0m                        |- [1;39mnote: [1;39m'reduce(into:_:)' produces '(_AnyAnimatableData, _) -> _AnyAnimatableData', not the expected contextual result type 'Double'[0;0m
  [0;36m|[0;0m                        |- [1;39mnote: [1;39m'reduce(into:_:)' produces '(Color.ResolvedHDR._Animatable, _) -> Color.ResolvedHDR._Animatable', not the expected contextual result type 'Double'[0;0m
  [0;36m|[0;0m                        |- [1;39mnote: [1;39m'reduce(into:_:)' produces '(Text, _) -> Text', not the expected contextual result type 'Double'[0;0m
  [0;36m|[0;0m                        |- [1;39mnote: [1;39m'reduce(into:_:)' produces '(ConcentricRectangle.AnimatableData, _) -> ConcentricRectangle.AnimatableData', not the expected contextual result type 'Double'[0;0m
  [0;36m|[0;0m                        |- [1;39mnote: [1;39m'reduce(into:_:)' produces '(RoundedRectangularShapeCorners.AnimatableData, _) -> RoundedRectangularShapeCorners.AnimatableData', not the expected contextual result type 'Double'[0;0m
  [0;36m|[0;0m                        |- [1;39mnote: [1;39m'reduce(into:_:)' produces '(EmptyAnimatableData, _) -> EmptyAnimatableData', not the expected contextual result type 'Double'[0;0m
  [0;36m|[0;0m                        |- [1;39mnote: [1;39m'reduce(into:_:)' produces '(Edge.Corner.Style.AnimatableData, _) -> Edge.Corner.Style.AnimatableData', not the expected contextual result type 'Double'[0;0m
  [0;36m|[0;0m                        |- [1;39mnote: [1;39m'reduce(into:_:)' produces '(Measurement<Dimension>, _) -> Measurement<Dimension>', not the expected contextual result type 'Double'[0;0m
  [0;36m|[0;0m                        `- [1;39mnote: [1;39m'reduce(into:_:)' produces '(Measurement<Unit>, _) -> Measurement<Unit>', not the expected contextual result type 'Double'[0;0m
[0;36m3 |[0;0m 

/Users/danielstevens/github-projects/tools-automation/MomentumFinance/Shared/Features/Subscriptions/SubscriptionSummaryViews.swift:203:38: [1;31merror: [1;39mmissing argument label 'into:' in call[0;0m
[0;36m201 |[0;0m 
[0;36m202 |[0;0m         private var monthlyTotal: Double {
[0;36m203 |[0;0m             self.subscriptions.reduce(0) { total, subscription in
    [0;36m|[0;0m                                      `- [1;31merror: [1;39mmissing argument label 'into:' in call[0;0m
[0;36m204 |[0;0m                 total + subscription.monthlyEquivalent
[0;36m205 |[0;0m             }

/Users/danielstevens/github-projects/tools-automation/MomentumFinance/Shared/Features/Subscriptions/SubscriptionSummaryViews.swift:203:32: [1;31merror: [1;39mno 'reduce' candidates produce the expected contextual result type 'Double'[0;0m
[0;36m201 |[0;0m 
[0;36m202 |[0;0m         private var monthlyTotal: Double {
[0;36m203 |[0;0m             self.subscriptions.reduce(0) { total, subscription in
    [0;36m|[0;0m                                `- [1;31merror: [1;39mno 'reduce' candidates produce the expected contextual result type 'Double'[0;0m
[0;36m204 |[0;0m                 total + subscription.monthlyEquivalent
[0;36m205 |[0;0m             }

Swift.Sequence.reduce:2:24: [1;39mnote: [1;39m'reduce(into:_:)' produces '(String, _) -> String', not the expected contextual result type 'Double'[0;0m
[0;36m1 |[0;0m protocol Sequence {
[0;36m2 |[0;0m @inlinable public func reduce<Result>(into initialResult: __owned Result, _ updateAccumulatingResult: (_ partialResult: inout Result, Self.Element) throws -> ()) rethrows -> Result}
  [0;36m|[0;0m                        |- [1;39mnote: [1;39m'reduce(into:_:)' produces '(String, _) -> String', not the expected contextual result type 'Double'[0;0m
  [0;36m|[0;0m                        |- [1;39mnote: [1;39m'reduce(into:_:)' produces '(Duration, _) -> Duration', not the expected contextual result type 'Double'[0;0m
  [0;36m|[0;0m                        |- [1;39mnote: [1;39m'reduce(into:_:)' produces '(Int128, _) -> Int128', not the expected contextual result type 'Double'[0;0m
  [0;36m|[0;0m                        |- [1;39mnote: [1;39m'reduce(into:_:)' produces '(UInt128, _) -> UInt128', not the expected contextual result type 'Double'[0;0m
  [0;36m|[0;0m                        |- [1;39mnote: [1;39m'reduce(into:_:)' produces '(Float16, _) -> Float16', not the expected contextual result type 'Double'[0;0m
  [0;36m|[0;0m                        |- [1;39mnote: [1;39m'reduce(into:_:)' produces '(Float, _) -> Float', not the expected contextual result type 'Double'[0;0m
  [0;36m|[0;0m                        |- [1;39mnote: [1;39m'reduce(into:_:)' produces '(Double, _) -> Double', not the expected contextual result type 'Double'[0;0m
  [0;36m|[0;0m                        |- [1;39mnote: [1;39m'reduce(into:_:)' produces '(UInt8, _) -> UInt8', not the expected contextual result type 'Double'[0;0m
  [0;36m|[0;0m                        |- [1;39mnote: [1;39m'reduce(into:_:)' produces '(Int8, _) -> Int8', not the expected contextual result type 'Double'[0;0m
  [0;36m|[0;0m                        |- [1;39mnote: [1;39m'reduce(into:_:)' produces '(UInt16, _) -> UInt16', not the expected contextual result type 'Double'[0;0m
  [0;36m|[0;0m                        |- [1;39mnote: [1;39m'reduce(into:_:)' produces '(Int16, _) -> Int16', not the expected contextual result type 'Double'[0;0m
  [0;36m|[0;0m                        |- [1;39mnote: [1;39m'reduce(into:_:)' produces '(UInt32, _) -> UInt32', not the expected contextual result type 'Double'[0;0m
  [0;36m|[0;0m                        |- [1;39mnote: [1;39m'reduce(into:_:)' produces '(Int32, _) -> Int32', not the expected contextual result type 'Double'[0;0m
  [0;36m|[0;0m                        |- [1;39mnote: [1;39m'reduce(into:_:)' produces '(UInt64, _) -> UInt64', not the expected contextual result type 'Double'[0;0m
  [0;36m|[0;0m                        |- [1;39mnote: [1;39m'reduce(into:_:)' produces '(Int64, _) -> Int64', not the expected contextual result type 'Double'[0;0m
  [0;36m|[0;0m                        |- [1;39mnote: [1;39m'reduce(into:_:)' produces '(UInt, _) -> UInt', not the expected contextual result type 'Double'[0;0m
  [0;36m|[0;0m                        |- [1;39mnote: [1;39m'reduce(into:_:)' produces '(Int, _) -> Int', not the expected contextual result type 'Double'[0;0m
  [0;36m|[0;0m                        |- [1;39mnote: [1;39m'reduce(into:_:)' produces '(ContinuousClock.Instant, _) -> ContinuousClock.Instant', not the expected contextual result type 'Double'[0;0m
  [0;36m|[0;0m                        |- [1;39mnote: [1;39m'reduce(into:_:)' produces '(SuspendingClock.Instant, _) -> SuspendingClock.Instant', not the expected contextual result type 'Double'[0;0m
  [0;36m|[0;0m                        |- [1;39mnote: [1;39m'reduce(into:_:)' produces '(DispatchTime, _) -> DispatchTime', not the expected contextual result type 'Double'[0;0m
  [0;36m|[0;0m                        |- [1;39mnote: [1;39m'reduce(into:_:)' produces '(DispatchTime, _) -> DispatchTime', not the expected contextual result type 'Double'[0;0m
  [0;36m|[0;0m                        |- [1;39mnote: [1;39m'reduce(into:_:)' produces '(DispatchWallTime, _) -> DispatchWallTime', not the expected contextual result type 'Double'[0;0m
  [0;36m|[0;0m                        |- [1;39mnote: [1;39m'reduce(into:_:)' produces '(DispatchWallTime, _) -> DispatchWallTime', not the expected contextual result type 'Double'[0;0m
  [0;36m|[0;0m                        |- [1;39mnote: [1;39m'reduce(into:_:)' produces '(DispatchQueue.SchedulerTimeType.Stride, _) -> DispatchQueue.SchedulerTimeType.Stride', not the expected contextual result type 'Double'[0;0m
  [0;36m|[0;0m                        |- [1;39mnote: [1;39m'reduce(into:_:)' produces '(CGFloat, _) -> CGFloat', not the expected contextual result type 'Double'[0;0m
  [0;36m|[0;0m                        |- [1;39mnote: [1;39m'reduce(into:_:)' produces '(RunLoop.SchedulerTimeType.Stride, _) -> RunLoop.SchedulerTimeType.Stride', not the expected contextual result type 'Double'[0;0m
  [0;36m|[0;0m                        |- [1;39mnote: [1;39m'reduce(into:_:)' produces '(AttributedString, _) -> AttributedString', not the expected contextual result type 'Double'[0;0m
  [0;36m|[0;0m                        |- [1;39mnote: [1;39m'reduce(into:_:)' produces '(Decimal, _) -> Decimal', not the expected contextual result type 'Double'[0;0m
  [0;36m|[0;0m                        |- [1;39mnote: [1;39m'reduce(into:_:)' produces '(Date, _) -> Date', not the expected contextual result type 'Double'[0;0m
  [0;36m|[0;0m                        |- [1;39mnote: [1;39m'reduce(into:_:)' produces '(IndexPath, _) -> IndexPath', not the expected contextual result type 'Double'[0;0m
  [0;36m|[0;0m                        |- [1;39mnote: [1;39m'reduce(into:_:)' produces '(OperationQueue.SchedulerTimeType.Stride, _) -> OperationQueue.SchedulerTimeType.Stride', not the expected contextual result type 'Double'[0;0m
  [0;36m|[0;0m                        |- [1;39mnote: [1;39m'reduce(into:_:)' produces '(_AnyAnimatableData, _) -> _AnyAnimatableData', not the expected contextual result type 'Double'[0;0m
  [0;36m|[0;0m                        |- [1;39mnote: [1;39m'reduce(into:_:)' produces '(Color.ResolvedHDR._Animatable, _) -> Color.ResolvedHDR._Animatable', not the expected contextual result type 'Double'[0;0m
  [0;36m|[0;0m                        |- [1;39mnote: [1;39m'reduce(into:_:)' produces '(Text, _) -> Text', not the expected contextual result type 'Double'[0;0m
  [0;36m|[0;0m                        |- [1;39mnote: [1;39m'reduce(into:_:)' produces '(ConcentricRectangle.AnimatableData, _) -> ConcentricRectangle.AnimatableData', not the expected contextual result type 'Double'[0;0m
  [0;36m|[0;0m                        |- [1;39mnote: [1;39m'reduce(into:_:)' produces '(RoundedRectangularShapeCorners.AnimatableData, _) -> RoundedRectangularShapeCorners.AnimatableData', not the expected contextual result type 'Double'[0;0m
  [0;36m|[0;0m                        |- [1;39mnote: [1;39m'reduce(into:_:)' produces '(EmptyAnimatableData, _) -> EmptyAnimatableData', not the expected contextual result type 'Double'[0;0m
  [0;36m|[0;0m                        |- [1;39mnote: [1;39m'reduce(into:_:)' produces '(Edge.Corner.Style.AnimatableData, _) -> Edge.Corner.Style.AnimatableData', not the expected contextual result type 'Double'[0;0m
  [0;36m|[0;0m                        |- [1;39mnote: [1;39m'reduce(into:_:)' produces '(Measurement<Dimension>, _) -> Measurement<Dimension>', not the expected contextual result type 'Double'[0;0m
  [0;36m|[0;0m                        `- [1;39mnote: [1;39m'reduce(into:_:)' produces '(Measurement<Unit>, _) -> Measurement<Unit>', not the expected contextual result type 'Double'[0;0m
[0;36m3 |[0;0m 

/Users/danielstevens/github-projects/tools-automation/MomentumFinance/Shared/Features/Transactions/AddTransactionView.swift:43:26: [1;31merror: [1;39mtrailing closure passed to parameter of type 'Visibility' that does not accept a closure[0;0m
 [0;36m41 |[0;0m                     .navigationBarTitleDisplayMode(.inline)
 [0;36m42 |[0;0m                 #endif
 [0;36m43 |[0;0m                 .toolbar [4;39m{[0;0m
    [0;36m|[0;0m                          `- [1;31merror: [1;39mtrailing closure passed to parameter of type 'Visibility' that does not accept a closure[0;0m
 [0;36m44 |[0;0m                     #if canImport(UIKit)
 [0;36m45 |[0;0m                         ToolbarItem(placement: .navigationBarLeading) {

SwiftUI.View.toolbar:6:27: [1;39mnote: [1;39m'toolbar(_:for:)' declared here[0;0m
[0;36m4 |[0;0m   @available(tvOS, introduced: 16.0, deprecated: 100000.0, renamed: "toolbarVisibility(_:for:)")
[0;36m5 |[0;0m   @available(watchOS, introduced: 9.0, deprecated: 100000.0, renamed: "toolbarVisibility(_:for:)")
[0;36m6 |[0;0m   nonisolated public func toolbar(_ visibility: Visibility, for bars: ToolbarPlacement...) -> some View
  [0;36m|[0;0m                           `- [1;39mnote: [1;39m'toolbar(_:for:)' declared here[0;0m
[0;36m7 |[0;0m   }
[0;36m8 |[0;0m 

/Users/danielstevens/github-projects/tools-automation/MomentumFinance/Shared/Features/Transactions/AddTransactionView.swift:85:22: [1;33mwarning: [1;39m'onChange(of:perform:)' was deprecated in macOS 14.0: Use `onChange` with a two or zero parameter action closure instead.[0;0m [#]8;;https://docs.swift.org/compiler/documentation/diagnostics/deprecated-declaration\DeprecatedDeclaration]8;;\]
 [0;36m83 |[0;0m             Section(header: Text("Transaction Details")) {
 [0;36m84 |[0;0m                 TextField("Title", text: self.$title)
 [0;36m85 |[0;0m                     .onChange(of: self.title) { _ in
    [0;36m|[0;0m                      `- [1;33mwarning: [1;39m'onChange(of:perform:)' was deprecated in macOS 14.0: Use `onChange` with a two or zero parameter action closure instead.[0;0m [#]8;;https://docs.swift.org/compiler/documentation/diagnostics/deprecated-declaration\DeprecatedDeclaration]8;;\]
 [0;36m86 |[0;0m                         self.handleTitleChange()
 [0;36m87 |[0;0m                     }

[#DeprecatedDeclaration]: <https://docs.swift.org/compiler/documentation/diagnostics/deprecated-declaration>
[63/148] Compiling Shared RecurringDetection.swift
/Users/danielstevens/github-projects/tools-automation/MomentumFinance/Shared/Features/Subscriptions/SubscriptionManagementViews.swift:109:67: [1;31merror: [1;39mexpected ',' separator[0;0m
[0;36m107 |[0;0m                     Section(header: Text("Notes")) {
[0;36m108 |[0;0m                         TextField(
[0;36m109 |[0;0m                             "Notes (optional).accessibilityLabel("Text Field")",
    [0;36m|[0;0m                                                                   `- [1;31merror: [1;39mexpected ',' separator[0;0m
[0;36m110 |[0;0m                             text: self.$notes,
[0;36m111 |[0;0m                             axis: .vertical

/Users/danielstevens/github-projects/tools-automation/MomentumFinance/Shared/Features/NotificationsView.swift:23:9: [1;31merror: [1;39mproperty 'body' must be declared public because it matches a requirement in public protocol 'View'[0;0m
 [0;36m21 |[0;0m     @State private var isLoading = true
 [0;36m22 |[0;0m 
 [0;36m23 |[0;0m     var body: some View {
    [0;36m|[0;0m         |- [1;31merror: [1;39mproperty 'body' must be declared public because it matches a requirement in public protocol 'View'[0;0m
    [0;36m|[0;0m         `- [1;39mnote: [1;39mmark the property as 'public' to satisfy the requirement[0;0m
 [0;36m24 |[0;0m         NavigationView {
 [0;36m25 |[0;0m             VStack(spacing: 0) {

/Users/danielstevens/github-projects/tools-automation/MomentumFinance/Shared/Features/NotificationsView.swift:266:16: [1;31merror: [1;39mmissing argument for parameter #1 in call[0;0m
[0;36m264 |[0;0m     public var body: some View {
[0;36m265 |[0;0m 
[0;36m266 |[0;0m         Button(action: self.action).accessibilityLabel("Button") {
    [0;36m|[0;0m                `- [1;31merror: [1;39mmissing argument for parameter #1 in call[0;0m
[0;36m267 |[0;0m             HStack(spacing: 8) {
[0;36m268 |[0;0m                 Image(systemName: self.filter.icon)

SwiftUI.Button.init:2:36: [1;39mnote: [1;39m'init(_:action:)' declared here[0;0m
[0;36m1 |[0;0m generic struct Button {
[0;36m2 |[0;0m @preconcurrency nonisolated public init(_ titleKey: LocalizedStringKey, action: @escaping @MainActor () -> Void)}
  [0;36m|[0;0m                                    `- [1;39mnote: [1;39m'init(_:action:)' declared here[0;0m
[0;36m3 |[0;0m 

/Users/danielstevens/github-projects/tools-automation/MomentumFinance/Shared/Features/NotificationsView.swift:266:66: [1;31merror: [1;39mtype '_' cannot be used as a boolean; test for '!= 0' instead[0;0m
[0;36m264 |[0;0m     public var body: some View {
[0;36m265 |[0;0m 
[0;36m266 |[0;0m         Button(action: self.action).accessibilityLabel("Button") {
    [0;36m|[0;0m                                                                  `- [1;31merror: [1;39mtype '_' cannot be used as a boolean; test for '!= 0' instead[0;0m
[0;36m267 |[0;0m             HStack(spacing: 8) {
[0;36m268 |[0;0m                 Image(systemName: self.filter.icon)

/Users/danielstevens/github-projects/tools-automation/MomentumFinance/Shared/Features/Subscriptions/SubscriptionDetailView.swift:240:13: [1;31merror: [1;39mswitch must be exhaustive[0;0m
[0;36m238 |[0;0m 
[0;36m239 |[0;0m         private func billingFrequencyText(_ cycle: BillingCycle) -> String {
[0;36m240 |[0;0m             switch cycle {
    [0;36m|[0;0m             |- [1;31merror: [1;39mswitch must be exhaustive[0;0m
    [0;36m|[0;0m             |- [1;39mnote: [1;39madd missing case: '.daily'[0;0m
    [0;36m|[0;0m             |- [1;39mnote: [1;39madd missing case: '.quarterly'[0;0m
    [0;36m|[0;0m             `- [1;39mnote: [1;39madd missing cases[0;0m
[0;36m241 |[0;0m             case .weekly:
[0;36m242 |[0;0m                 "Billed Weekly"

/Users/danielstevens/github-projects/tools-automation/MomentumFinance/Shared/Features/Subscriptions/SubscriptionManagementViews.swift:108:34: [1;31merror: [1;39mincorrect argument labels in call (have '_:_:text:axis:', expected '_:text:prompt:axis:')[0;0m
[0;36m106 |[0;0m 
[0;36m107 |[0;0m                     Section(header: Text("Notes")) {
[0;36m108 |[0;0m                         TextField(
    [0;36m|[0;0m                                  `- [1;31merror: [1;39mincorrect argument labels in call (have '_:_:text:axis:', expected '_:text:prompt:axis:')[0;0m
[0;36m109 |[0;0m                             "Notes (optional).accessibilityLabel("Text Field")",
[0;36m110 |[0;0m                             text: self.$notes,

/Users/danielstevens/github-projects/tools-automation/MomentumFinance/Shared/Features/Subscriptions/SubscriptionManagementViews.swift:109:67: [1;31merror: [1;39mcannot convert value of type 'Text.Type' to expected argument type 'Text'[0;0m
[0;36m107 |[0;0m                     Section(header: Text("Notes")) {
[0;36m108 |[0;0m                         TextField(
[0;36m109 |[0;0m                             "Notes (optional).accessibilityLabel("Text Field")",
    [0;36m|[0;0m                                                                   `- [1;31merror: [1;39mcannot convert value of type 'Text.Type' to expected argument type 'Text'[0;0m
[0;36m110 |[0;0m                             text: self.$notes,
[0;36m111 |[0;0m                             axis: .vertical

/Users/danielstevens/github-projects/tools-automation/MomentumFinance/Shared/Features/Subscriptions/SubscriptionManagementViews.swift:139:40: [1;31merror: [1;39mcannot convert value of type 'String' to expected argument type 'PrimitiveButtonStyleConfiguration'[0;0m
[0;36m137 |[0;0m                         #else
[0;36m138 |[0;0m                             ToolbarItem(placement: .cancellationAction) {
[0;36m139 |[0;0m                                 Button("Cancel").accessibilityLabel("Button") {
    [0;36m|[0;0m                                        `- [1;31merror: [1;39mcannot convert value of type 'String' to expected argument type 'PrimitiveButtonStyleConfiguration'[0;0m
[0;36m140 |[0;0m                                     self.dismiss()
[0;36m141 |[0;0m                                 }

/Users/danielstevens/github-projects/tools-automation/MomentumFinance/Shared/Features/Subscriptions/SubscriptionManagementViews.swift:139:79: [1;31merror: [1;39mtype '_' cannot be used as a boolean; test for '!= 0' instead[0;0m
[0;36m137 |[0;0m                         #else
[0;36m138 |[0;0m                             ToolbarItem(placement: .cancellationAction) {
[0;36m139 |[0;0m                                 Button("Cancel").accessibilityLabel("Button") {
    [0;36m|[0;0m                                                                               `- [1;31merror: [1;39mtype '_' cannot be used as a boolean; test for '!= 0' instead[0;0m
[0;36m140 |[0;0m                                     self.dismiss()
[0;36m141 |[0;0m                                 }

/Users/danielstevens/github-projects/tools-automation/MomentumFinance/Shared/Features/Subscriptions/SubscriptionSummaryViews.swift:38:38: [1;31merror: [1;39mmissing argument label 'into:' in call[0;0m
 [0;36m36 |[0;0m 
 [0;36m37 |[0;0m         private var monthlyTotal: Double {
 [0;36m38 |[0;0m             self.subscriptions.reduce(0) { total, subscription in
    [0;36m|[0;0m                                      `- [1;31merror: [1;39mmissing argument label 'into:' in call[0;0m
 [0;36m39 |[0;0m                 total + subscription.monthlyEquivalent
 [0;36m40 |[0;0m             }

/Users/danielstevens/github-projects/tools-automation/MomentumFinance/Shared/Features/Subscriptions/SubscriptionSummaryViews.swift:38:32: [1;31merror: [1;39mno 'reduce' candidates produce the expected contextual result type 'Double'[0;0m
 [0;36m36 |[0;0m 
 [0;36m37 |[0;0m         private var monthlyTotal: Double {
 [0;36m38 |[0;0m             self.subscriptions.reduce(0) { total, subscription in
    [0;36m|[0;0m                                `- [1;31merror: [1;39mno 'reduce' candidates produce the expected contextual result type 'Double'[0;0m
 [0;36m39 |[0;0m                 total + subscription.monthlyEquivalent
 [0;36m40 |[0;0m             }

Swift.Sequence.reduce:2:24: [1;39mnote: [1;39m'reduce(into:_:)' produces '(String, _) -> String', not the expected contextual result type 'Double'[0;0m
[0;36m1 |[0;0m protocol Sequence {
[0;36m2 |[0;0m @inlinable public func reduce<Result>(into initialResult: __owned Result, _ updateAccumulatingResult: (_ partialResult: inout Result, Self.Element) throws -> ()) rethrows -> Result}
  [0;36m|[0;0m                        |- [1;39mnote: [1;39m'reduce(into:_:)' produces '(String, _) -> String', not the expected contextual result type 'Double'[0;0m
  [0;36m|[0;0m                        |- [1;39mnote: [1;39m'reduce(into:_:)' produces '(Duration, _) -> Duration', not the expected contextual result type 'Double'[0;0m
  [0;36m|[0;0m                        |- [1;39mnote: [1;39m'reduce(into:_:)' produces '(Int128, _) -> Int128', not the expected contextual result type 'Double'[0;0m
  [0;36m|[0;0m                        |- [1;39mnote: [1;39m'reduce(into:_:)' produces '(UInt128, _) -> UInt128', not the expected contextual result type 'Double'[0;0m
  [0;36m|[0;0m                        |- [1;39mnote: [1;39m'reduce(into:_:)' produces '(Float16, _) -> Float16', not the expected contextual result type 'Double'[0;0m
  [0;36m|[0;0m                        |- [1;39mnote: [1;39m'reduce(into:_:)' produces '(Float, _) -> Float', not the expected contextual result type 'Double'[0;0m
  [0;36m|[0;0m                        |- [1;39mnote: [1;39m'reduce(into:_:)' produces '(Double, _) -> Double', not the expected contextual result type 'Double'[0;0m
  [0;36m|[0;0m                        |- [1;39mnote: [1;39m'reduce(into:_:)' produces '(UInt8, _) -> UInt8', not the expected contextual result type 'Double'[0;0m
  [0;36m|[0;0m                        |- [1;39mnote: [1;39m'reduce(into:_:)' produces '(Int8, _) -> Int8', not the expected contextual result type 'Double'[0;0m
  [0;36m|[0;0m                        |- [1;39mnote: [1;39m'reduce(into:_:)' produces '(UInt16, _) -> UInt16', not the expected contextual result type 'Double'[0;0m
  [0;36m|[0;0m                        |- [1;39mnote: [1;39m'reduce(into:_:)' produces '(Int16, _) -> Int16', not the expected contextual result type 'Double'[0;0m
  [0;36m|[0;0m                        |- [1;39mnote: [1;39m'reduce(into:_:)' produces '(UInt32, _) -> UInt32', not the expected contextual result type 'Double'[0;0m
  [0;36m|[0;0m                        |- [1;39mnote: [1;39m'reduce(into:_:)' produces '(Int32, _) -> Int32', not the expected contextual result type 'Double'[0;0m
  [0;36m|[0;0m                        |- [1;39mnote: [1;39m'reduce(into:_:)' produces '(UInt64, _) -> UInt64', not the expected contextual result type 'Double'[0;0m
  [0;36m|[0;0m                        |- [1;39mnote: [1;39m'reduce(into:_:)' produces '(Int64, _) -> Int64', not the expected contextual result type 'Double'[0;0m
  [0;36m|[0;0m                        |- [1;39mnote: [1;39m'reduce(into:_:)' produces '(UInt, _) -> UInt', not the expected contextual result type 'Double'[0;0m
  [0;36m|[0;0m                        |- [1;39mnote: [1;39m'reduce(into:_:)' produces '(Int, _) -> Int', not the expected contextual result type 'Double'[0;0m
  [0;36m|[0;0m                        |- [1;39mnote: [1;39m'reduce(into:_:)' produces '(ContinuousClock.Instant, _) -> ContinuousClock.Instant', not the expected contextual result type 'Double'[0;0m
  [0;36m|[0;0m                        |- [1;39mnote: [1;39m'reduce(into:_:)' produces '(SuspendingClock.Instant, _) -> SuspendingClock.Instant', not the expected contextual result type 'Double'[0;0m
  [0;36m|[0;0m                        |- [1;39mnote: [1;39m'reduce(into:_:)' produces '(DispatchTime, _) -> DispatchTime', not the expected contextual result type 'Double'[0;0m
  [0;36m|[0;0m                        |- [1;39mnote: [1;39m'reduce(into:_:)' produces '(DispatchTime, _) -> DispatchTime', not the expected contextual result type 'Double'[0;0m
  [0;36m|[0;0m                        |- [1;39mnote: [1;39m'reduce(into:_:)' produces '(DispatchWallTime, _) -> DispatchWallTime', not the expected contextual result type 'Double'[0;0m
  [0;36m|[0;0m                        |- [1;39mnote: [1;39m'reduce(into:_:)' produces '(DispatchWallTime, _) -> DispatchWallTime', not the expected contextual result type 'Double'[0;0m
  [0;36m|[0;0m                        |- [1;39mnote: [1;39m'reduce(into:_:)' produces '(DispatchQueue.SchedulerTimeType.Stride, _) -> DispatchQueue.SchedulerTimeType.Stride', not the expected contextual result type 'Double'[0;0m
  [0;36m|[0;0m                        |- [1;39mnote: [1;39m'reduce(into:_:)' produces '(CGFloat, _) -> CGFloat', not the expected contextual result type 'Double'[0;0m
  [0;36m|[0;0m                        |- [1;39mnote: [1;39m'reduce(into:_:)' produces '(RunLoop.SchedulerTimeType.Stride, _) -> RunLoop.SchedulerTimeType.Stride', not the expected contextual result type 'Double'[0;0m
  [0;36m|[0;0m                        |- [1;39mnote: [1;39m'reduce(into:_:)' produces '(AttributedString, _) -> AttributedString', not the expected contextual result type 'Double'[0;0m
  [0;36m|[0;0m                        |- [1;39mnote: [1;39m'reduce(into:_:)' produces '(Decimal, _) -> Decimal', not the expected contextual result type 'Double'[0;0m
  [0;36m|[0;0m                        |- [1;39mnote: [1;39m'reduce(into:_:)' produces '(Date, _) -> Date', not the expected contextual result type 'Double'[0;0m
  [0;36m|[0;0m                        |- [1;39mnote: [1;39m'reduce(into:_:)' produces '(IndexPath, _) -> IndexPath', not the expected contextual result type 'Double'[0;0m
  [0;36m|[0;0m                        |- [1;39mnote: [1;39m'reduce(into:_:)' produces '(OperationQueue.SchedulerTimeType.Stride, _) -> OperationQueue.SchedulerTimeType.Stride', not the expected contextual result type 'Double'[0;0m
  [0;36m|[0;0m                        |- [1;39mnote: [1;39m'reduce(into:_:)' produces '(_AnyAnimatableData, _) -> _AnyAnimatableData', not the expected contextual result type 'Double'[0;0m
  [0;36m|[0;0m                        |- [1;39mnote: [1;39m'reduce(into:_:)' produces '(Color.ResolvedHDR._Animatable, _) -> Color.ResolvedHDR._Animatable', not the expected contextual result type 'Double'[0;0m
  [0;36m|[0;0m                        |- [1;39mnote: [1;39m'reduce(into:_:)' produces '(Text, _) -> Text', not the expected contextual result type 'Double'[0;0m
  [0;36m|[0;0m                        |- [1;39mnote: [1;39m'reduce(into:_:)' produces '(ConcentricRectangle.AnimatableData, _) -> ConcentricRectangle.AnimatableData', not the expected contextual result type 'Double'[0;0m
  [0;36m|[0;0m                        |- [1;39mnote: [1;39m'reduce(into:_:)' produces '(RoundedRectangularShapeCorners.AnimatableData, _) -> RoundedRectangularShapeCorners.AnimatableData', not the expected contextual result type 'Double'[0;0m
  [0;36m|[0;0m                        |- [1;39mnote: [1;39m'reduce(into:_:)' produces '(EmptyAnimatableData, _) -> EmptyAnimatableData', not the expected contextual result type 'Double'[0;0m
  [0;36m|[0;0m                        |- [1;39mnote: [1;39m'reduce(into:_:)' produces '(Edge.Corner.Style.AnimatableData, _) -> Edge.Corner.Style.AnimatableData', not the expected contextual result type 'Double'[0;0m
  [0;36m|[0;0m                        |- [1;39mnote: [1;39m'reduce(into:_:)' produces '(Measurement<Dimension>, _) -> Measurement<Dimension>', not the expected contextual result type 'Double'[0;0m
  [0;36m|[0;0m                        `- [1;39mnote: [1;39m'reduce(into:_:)' produces '(Measurement<Unit>, _) -> Measurement<Unit>', not the expected contextual result type 'Double'[0;0m
[0;36m3 |[0;0m 

/Users/danielstevens/github-projects/tools-automation/MomentumFinance/Shared/Features/Subscriptions/SubscriptionSummaryViews.swift:203:38: [1;31merror: [1;39mmissing argument label 'into:' in call[0;0m
[0;36m201 |[0;0m 
[0;36m202 |[0;0m         private var monthlyTotal: Double {
[0;36m203 |[0;0m             self.subscriptions.reduce(0) { total, subscription in
    [0;36m|[0;0m                                      `- [1;31merror: [1;39mmissing argument label 'into:' in call[0;0m
[0;36m204 |[0;0m                 total + subscription.monthlyEquivalent
[0;36m205 |[0;0m             }

/Users/danielstevens/github-projects/tools-automation/MomentumFinance/Shared/Features/Subscriptions/SubscriptionSummaryViews.swift:203:32: [1;31merror: [1;39mno 'reduce' candidates produce the expected contextual result type 'Double'[0;0m
[0;36m201 |[0;0m 
[0;36m202 |[0;0m         private var monthlyTotal: Double {
[0;36m203 |[0;0m             self.subscriptions.reduce(0) { total, subscription in
    [0;36m|[0;0m                                `- [1;31merror: [1;39mno 'reduce' candidates produce the expected contextual result type 'Double'[0;0m
[0;36m204 |[0;0m                 total + subscription.monthlyEquivalent
[0;36m205 |[0;0m             }

Swift.Sequence.reduce:2:24: [1;39mnote: [1;39m'reduce(into:_:)' produces '(String, _) -> String', not the expected contextual result type 'Double'[0;0m
[0;36m1 |[0;0m protocol Sequence {
[0;36m2 |[0;0m @inlinable public func reduce<Result>(into initialResult: __owned Result, _ updateAccumulatingResult: (_ partialResult: inout Result, Self.Element) throws -> ()) rethrows -> Result}
  [0;36m|[0;0m                        |- [1;39mnote: [1;39m'reduce(into:_:)' produces '(String, _) -> String', not the expected contextual result type 'Double'[0;0m
  [0;36m|[0;0m                        |- [1;39mnote: [1;39m'reduce(into:_:)' produces '(Duration, _) -> Duration', not the expected contextual result type 'Double'[0;0m
  [0;36m|[0;0m                        |- [1;39mnote: [1;39m'reduce(into:_:)' produces '(Int128, _) -> Int128', not the expected contextual result type 'Double'[0;0m
  [0;36m|[0;0m                        |- [1;39mnote: [1;39m'reduce(into:_:)' produces '(UInt128, _) -> UInt128', not the expected contextual result type 'Double'[0;0m
  [0;36m|[0;0m                        |- [1;39mnote: [1;39m'reduce(into:_:)' produces '(Float16, _) -> Float16', not the expected contextual result type 'Double'[0;0m
  [0;36m|[0;0m                        |- [1;39mnote: [1;39m'reduce(into:_:)' produces '(Float, _) -> Float', not the expected contextual result type 'Double'[0;0m
  [0;36m|[0;0m                        |- [1;39mnote: [1;39m'reduce(into:_:)' produces '(Double, _) -> Double', not the expected contextual result type 'Double'[0;0m
  [0;36m|[0;0m                        |- [1;39mnote: [1;39m'reduce(into:_:)' produces '(UInt8, _) -> UInt8', not the expected contextual result type 'Double'[0;0m
  [0;36m|[0;0m                        |- [1;39mnote: [1;39m'reduce(into:_:)' produces '(Int8, _) -> Int8', not the expected contextual result type 'Double'[0;0m
  [0;36m|[0;0m                        |- [1;39mnote: [1;39m'reduce(into:_:)' produces '(UInt16, _) -> UInt16', not the expected contextual result type 'Double'[0;0m
  [0;36m|[0;0m                        |- [1;39mnote: [1;39m'reduce(into:_:)' produces '(Int16, _) -> Int16', not the expected contextual result type 'Double'[0;0m
  [0;36m|[0;0m                        |- [1;39mnote: [1;39m'reduce(into:_:)' produces '(UInt32, _) -> UInt32', not the expected contextual result type 'Double'[0;0m
  [0;36m|[0;0m                        |- [1;39mnote: [1;39m'reduce(into:_:)' produces '(Int32, _) -> Int32', not the expected contextual result type 'Double'[0;0m
  [0;36m|[0;0m                        |- [1;39mnote: [1;39m'reduce(into:_:)' produces '(UInt64, _) -> UInt64', not the expected contextual result type 'Double'[0;0m
  [0;36m|[0;0m                        |- [1;39mnote: [1;39m'reduce(into:_:)' produces '(Int64, _) -> Int64', not the expected contextual result type 'Double'[0;0m
  [0;36m|[0;0m                        |- [1;39mnote: [1;39m'reduce(into:_:)' produces '(UInt, _) -> UInt', not the expected contextual result type 'Double'[0;0m
  [0;36m|[0;0m                        |- [1;39mnote: [1;39m'reduce(into:_:)' produces '(Int, _) -> Int', not the expected contextual result type 'Double'[0;0m
  [0;36m|[0;0m                        |- [1;39mnote: [1;39m'reduce(into:_:)' produces '(ContinuousClock.Instant, _) -> ContinuousClock.Instant', not the expected contextual result type 'Double'[0;0m
  [0;36m|[0;0m                        |- [1;39mnote: [1;39m'reduce(into:_:)' produces '(SuspendingClock.Instant, _) -> SuspendingClock.Instant', not the expected contextual result type 'Double'[0;0m
  [0;36m|[0;0m                        |- [1;39mnote: [1;39m'reduce(into:_:)' produces '(DispatchTime, _) -> DispatchTime', not the expected contextual result type 'Double'[0;0m
  [0;36m|[0;0m                        |- [1;39mnote: [1;39m'reduce(into:_:)' produces '(DispatchTime, _) -> DispatchTime', not the expected contextual result type 'Double'[0;0m
  [0;36m|[0;0m                        |- [1;39mnote: [1;39m'reduce(into:_:)' produces '(DispatchWallTime, _) -> DispatchWallTime', not the expected contextual result type 'Double'[0;0m
  [0;36m|[0;0m                        |- [1;39mnote: [1;39m'reduce(into:_:)' produces '(DispatchWallTime, _) -> DispatchWallTime', not the expected contextual result type 'Double'[0;0m
  [0;36m|[0;0m                        |- [1;39mnote: [1;39m'reduce(into:_:)' produces '(DispatchQueue.SchedulerTimeType.Stride, _) -> DispatchQueue.SchedulerTimeType.Stride', not the expected contextual result type 'Double'[0;0m
  [0;36m|[0;0m                        |- [1;39mnote: [1;39m'reduce(into:_:)' produces '(CGFloat, _) -> CGFloat', not the expected contextual result type 'Double'[0;0m
  [0;36m|[0;0m                        |- [1;39mnote: [1;39m'reduce(into:_:)' produces '(RunLoop.SchedulerTimeType.Stride, _) -> RunLoop.SchedulerTimeType.Stride', not the expected contextual result type 'Double'[0;0m
  [0;36m|[0;0m                        |- [1;39mnote: [1;39m'reduce(into:_:)' produces '(AttributedString, _) -> AttributedString', not the expected contextual result type 'Double'[0;0m
  [0;36m|[0;0m                        |- [1;39mnote: [1;39m'reduce(into:_:)' produces '(Decimal, _) -> Decimal', not the expected contextual result type 'Double'[0;0m
  [0;36m|[0;0m                        |- [1;39mnote: [1;39m'reduce(into:_:)' produces '(Date, _) -> Date', not the expected contextual result type 'Double'[0;0m
  [0;36m|[0;0m                        |- [1;39mnote: [1;39m'reduce(into:_:)' produces '(IndexPath, _) -> IndexPath', not the expected contextual result type 'Double'[0;0m
  [0;36m|[0;0m                        |- [1;39mnote: [1;39m'reduce(into:_:)' produces '(OperationQueue.SchedulerTimeType.Stride, _) -> OperationQueue.SchedulerTimeType.Stride', not the expected contextual result type 'Double'[0;0m
  [0;36m|[0;0m                        |- [1;39mnote: [1;39m'reduce(into:_:)' produces '(_AnyAnimatableData, _) -> _AnyAnimatableData', not the expected contextual result type 'Double'[0;0m
  [0;36m|[0;0m                        |- [1;39mnote: [1;39m'reduce(into:_:)' produces '(Color.ResolvedHDR._Animatable, _) -> Color.ResolvedHDR._Animatable', not the expected contextual result type 'Double'[0;0m
  [0;36m|[0;0m                        |- [1;39mnote: [1;39m'reduce(into:_:)' produces '(Text, _) -> Text', not the expected contextual result type 'Double'[0;0m
  [0;36m|[0;0m                        |- [1;39mnote: [1;39m'reduce(into:_:)' produces '(ConcentricRectangle.AnimatableData, _) -> ConcentricRectangle.AnimatableData', not the expected contextual result type 'Double'[0;0m
  [0;36m|[0;0m                        |- [1;39mnote: [1;39m'reduce(into:_:)' produces '(RoundedRectangularShapeCorners.AnimatableData, _) -> RoundedRectangularShapeCorners.AnimatableData', not the expected contextual result type 'Double'[0;0m
  [0;36m|[0;0m                        |- [1;39mnote: [1;39m'reduce(into:_:)' produces '(EmptyAnimatableData, _) -> EmptyAnimatableData', not the expected contextual result type 'Double'[0;0m
  [0;36m|[0;0m                        |- [1;39mnote: [1;39m'reduce(into:_:)' produces '(Edge.Corner.Style.AnimatableData, _) -> Edge.Corner.Style.AnimatableData', not the expected contextual result type 'Double'[0;0m
  [0;36m|[0;0m                        |- [1;39mnote: [1;39m'reduce(into:_:)' produces '(Measurement<Dimension>, _) -> Measurement<Dimension>', not the expected contextual result type 'Double'[0;0m
  [0;36m|[0;0m                        `- [1;39mnote: [1;39m'reduce(into:_:)' produces '(Measurement<Unit>, _) -> Measurement<Unit>', not the expected contextual result type 'Double'[0;0m
[0;36m3 |[0;0m 

/Users/danielstevens/github-projects/tools-automation/MomentumFinance/Shared/Features/Transactions/AddTransactionView.swift:43:26: [1;31merror: [1;39mtrailing closure passed to parameter of type 'Visibility' that does not accept a closure[0;0m
 [0;36m41 |[0;0m                     .navigationBarTitleDisplayMode(.inline)
 [0;36m42 |[0;0m                 #endif
 [0;36m43 |[0;0m                 .toolbar [4;39m{[0;0m
    [0;36m|[0;0m                          `- [1;31merror: [1;39mtrailing closure passed to parameter of type 'Visibility' that does not accept a closure[0;0m
 [0;36m44 |[0;0m                     #if canImport(UIKit)
 [0;36m45 |[0;0m                         ToolbarItem(placement: .navigationBarLeading) {

SwiftUI.View.toolbar:6:27: [1;39mnote: [1;39m'toolbar(_:for:)' declared here[0;0m
[0;36m4 |[0;0m   @available(tvOS, introduced: 16.0, deprecated: 100000.0, renamed: "toolbarVisibility(_:for:)")
[0;36m5 |[0;0m   @available(watchOS, introduced: 9.0, deprecated: 100000.0, renamed: "toolbarVisibility(_:for:)")
[0;36m6 |[0;0m   nonisolated public func toolbar(_ visibility: Visibility, for bars: ToolbarPlacement...) -> some View
  [0;36m|[0;0m                           `- [1;39mnote: [1;39m'toolbar(_:for:)' declared here[0;0m
[0;36m7 |[0;0m   }
[0;36m8 |[0;0m 

/Users/danielstevens/github-projects/tools-automation/MomentumFinance/Shared/Features/Transactions/AddTransactionView.swift:85:22: [1;33mwarning: [1;39m'onChange(of:perform:)' was deprecated in macOS 14.0: Use `onChange` with a two or zero parameter action closure instead.[0;0m [#]8;;https://docs.swift.org/compiler/documentation/diagnostics/deprecated-declaration\DeprecatedDeclaration]8;;\]
 [0;36m83 |[0;0m             Section(header: Text("Transaction Details")) {
 [0;36m84 |[0;0m                 TextField("Title", text: self.$title)
 [0;36m85 |[0;0m                     .onChange(of: self.title) { _ in
    [0;36m|[0;0m                      `- [1;33mwarning: [1;39m'onChange(of:perform:)' was deprecated in macOS 14.0: Use `onChange` with a two or zero parameter action closure instead.[0;0m [#]8;;https://docs.swift.org/compiler/documentation/diagnostics/deprecated-declaration\DeprecatedDeclaration]8;;\]
 [0;36m86 |[0;0m                         self.handleTitleChange()
 [0;36m87 |[0;0m                     }

[#DeprecatedDeclaration]: <https://docs.swift.org/compiler/documentation/diagnostics/deprecated-declaration>
[64/148] Compiling Shared SubscriptionDetailView.swift
/Users/danielstevens/github-projects/tools-automation/MomentumFinance/Shared/Features/Subscriptions/SubscriptionManagementViews.swift:109:67: [1;31merror: [1;39mexpected ',' separator[0;0m
[0;36m107 |[0;0m                     Section(header: Text("Notes")) {
[0;36m108 |[0;0m                         TextField(
[0;36m109 |[0;0m                             "Notes (optional).accessibilityLabel("Text Field")",
    [0;36m|[0;0m                                                                   `- [1;31merror: [1;39mexpected ',' separator[0;0m
[0;36m110 |[0;0m                             text: self.$notes,
[0;36m111 |[0;0m                             axis: .vertical

/Users/danielstevens/github-projects/tools-automation/MomentumFinance/Shared/Features/NotificationsView.swift:23:9: [1;31merror: [1;39mproperty 'body' must be declared public because it matches a requirement in public protocol 'View'[0;0m
 [0;36m21 |[0;0m     @State private var isLoading = true
 [0;36m22 |[0;0m 
 [0;36m23 |[0;0m     var body: some View {
    [0;36m|[0;0m         |- [1;31merror: [1;39mproperty 'body' must be declared public because it matches a requirement in public protocol 'View'[0;0m
    [0;36m|[0;0m         `- [1;39mnote: [1;39mmark the property as 'public' to satisfy the requirement[0;0m
 [0;36m24 |[0;0m         NavigationView {
 [0;36m25 |[0;0m             VStack(spacing: 0) {

/Users/danielstevens/github-projects/tools-automation/MomentumFinance/Shared/Features/NotificationsView.swift:266:16: [1;31merror: [1;39mmissing argument for parameter #1 in call[0;0m
[0;36m264 |[0;0m     public var body: some View {
[0;36m265 |[0;0m 
[0;36m266 |[0;0m         Button(action: self.action).accessibilityLabel("Button") {
    [0;36m|[0;0m                `- [1;31merror: [1;39mmissing argument for parameter #1 in call[0;0m
[0;36m267 |[0;0m             HStack(spacing: 8) {
[0;36m268 |[0;0m                 Image(systemName: self.filter.icon)

SwiftUI.Button.init:2:36: [1;39mnote: [1;39m'init(_:action:)' declared here[0;0m
[0;36m1 |[0;0m generic struct Button {
[0;36m2 |[0;0m @preconcurrency nonisolated public init(_ titleKey: LocalizedStringKey, action: @escaping @MainActor () -> Void)}
  [0;36m|[0;0m                                    `- [1;39mnote: [1;39m'init(_:action:)' declared here[0;0m
[0;36m3 |[0;0m 

/Users/danielstevens/github-projects/tools-automation/MomentumFinance/Shared/Features/NotificationsView.swift:266:66: [1;31merror: [1;39mtype '_' cannot be used as a boolean; test for '!= 0' instead[0;0m
[0;36m264 |[0;0m     public var body: some View {
[0;36m265 |[0;0m 
[0;36m266 |[0;0m         Button(action: self.action).accessibilityLabel("Button") {
    [0;36m|[0;0m                                                                  `- [1;31merror: [1;39mtype '_' cannot be used as a boolean; test for '!= 0' instead[0;0m
[0;36m267 |[0;0m             HStack(spacing: 8) {
[0;36m268 |[0;0m                 Image(systemName: self.filter.icon)

/Users/danielstevens/github-projects/tools-automation/MomentumFinance/Shared/Features/Subscriptions/SubscriptionDetailView.swift:240:13: [1;31merror: [1;39mswitch must be exhaustive[0;0m
[0;36m238 |[0;0m 
[0;36m239 |[0;0m         private func billingFrequencyText(_ cycle: BillingCycle) -> String {
[0;36m240 |[0;0m             switch cycle {
    [0;36m|[0;0m             |- [1;31merror: [1;39mswitch must be exhaustive[0;0m
    [0;36m|[0;0m             |- [1;39mnote: [1;39madd missing case: '.daily'[0;0m
    [0;36m|[0;0m             |- [1;39mnote: [1;39madd missing case: '.quarterly'[0;0m
    [0;36m|[0;0m             `- [1;39mnote: [1;39madd missing cases[0;0m
[0;36m241 |[0;0m             case .weekly:
[0;36m242 |[0;0m                 "Billed Weekly"

/Users/danielstevens/github-projects/tools-automation/MomentumFinance/Shared/Features/Subscriptions/SubscriptionManagementViews.swift:108:34: [1;31merror: [1;39mincorrect argument labels in call (have '_:_:text:axis:', expected '_:text:prompt:axis:')[0;0m
[0;36m106 |[0;0m 
[0;36m107 |[0;0m                     Section(header: Text("Notes")) {
[0;36m108 |[0;0m                         TextField(
    [0;36m|[0;0m                                  `- [1;31merror: [1;39mincorrect argument labels in call (have '_:_:text:axis:', expected '_:text:prompt:axis:')[0;0m
[0;36m109 |[0;0m                             "Notes (optional).accessibilityLabel("Text Field")",
[0;36m110 |[0;0m                             text: self.$notes,

/Users/danielstevens/github-projects/tools-automation/MomentumFinance/Shared/Features/Subscriptions/SubscriptionManagementViews.swift:109:67: [1;31merror: [1;39mcannot convert value of type 'Text.Type' to expected argument type 'Text'[0;0m
[0;36m107 |[0;0m                     Section(header: Text("Notes")) {
[0;36m108 |[0;0m                         TextField(
[0;36m109 |[0;0m                             "Notes (optional).accessibilityLabel("Text Field")",
    [0;36m|[0;0m                                                                   `- [1;31merror: [1;39mcannot convert value of type 'Text.Type' to expected argument type 'Text'[0;0m
[0;36m110 |[0;0m                             text: self.$notes,
[0;36m111 |[0;0m                             axis: .vertical

/Users/danielstevens/github-projects/tools-automation/MomentumFinance/Shared/Features/Subscriptions/SubscriptionManagementViews.swift:139:40: [1;31merror: [1;39mcannot convert value of type 'String' to expected argument type 'PrimitiveButtonStyleConfiguration'[0;0m
[0;36m137 |[0;0m                         #else
[0;36m138 |[0;0m                             ToolbarItem(placement: .cancellationAction) {
[0;36m139 |[0;0m                                 Button("Cancel").accessibilityLabel("Button") {
    [0;36m|[0;0m                                        `- [1;31merror: [1;39mcannot convert value of type 'String' to expected argument type 'PrimitiveButtonStyleConfiguration'[0;0m
[0;36m140 |[0;0m                                     self.dismiss()
[0;36m141 |[0;0m                                 }

/Users/danielstevens/github-projects/tools-automation/MomentumFinance/Shared/Features/Subscriptions/SubscriptionManagementViews.swift:139:79: [1;31merror: [1;39mtype '_' cannot be used as a boolean; test for '!= 0' instead[0;0m
[0;36m137 |[0;0m                         #else
[0;36m138 |[0;0m                             ToolbarItem(placement: .cancellationAction) {
[0;36m139 |[0;0m                                 Button("Cancel").accessibilityLabel("Button") {
    [0;36m|[0;0m                                                                               `- [1;31merror: [1;39mtype '_' cannot be used as a boolean; test for '!= 0' instead[0;0m
[0;36m140 |[0;0m                                     self.dismiss()
[0;36m141 |[0;0m                                 }

/Users/danielstevens/github-projects/tools-automation/MomentumFinance/Shared/Features/Subscriptions/SubscriptionSummaryViews.swift:38:38: [1;31merror: [1;39mmissing argument label 'into:' in call[0;0m
 [0;36m36 |[0;0m 
 [0;36m37 |[0;0m         private var monthlyTotal: Double {
 [0;36m38 |[0;0m             self.subscriptions.reduce(0) { total, subscription in
    [0;36m|[0;0m                                      `- [1;31merror: [1;39mmissing argument label 'into:' in call[0;0m
 [0;36m39 |[0;0m                 total + subscription.monthlyEquivalent
 [0;36m40 |[0;0m             }

/Users/danielstevens/github-projects/tools-automation/MomentumFinance/Shared/Features/Subscriptions/SubscriptionSummaryViews.swift:38:32: [1;31merror: [1;39mno 'reduce' candidates produce the expected contextual result type 'Double'[0;0m
 [0;36m36 |[0;0m 
 [0;36m37 |[0;0m         private var monthlyTotal: Double {
 [0;36m38 |[0;0m             self.subscriptions.reduce(0) { total, subscription in
    [0;36m|[0;0m                                `- [1;31merror: [1;39mno 'reduce' candidates produce the expected contextual result type 'Double'[0;0m
 [0;36m39 |[0;0m                 total + subscription.monthlyEquivalent
 [0;36m40 |[0;0m             }

Swift.Sequence.reduce:2:24: [1;39mnote: [1;39m'reduce(into:_:)' produces '(String, _) -> String', not the expected contextual result type 'Double'[0;0m
[0;36m1 |[0;0m protocol Sequence {
[0;36m2 |[0;0m @inlinable public func reduce<Result>(into initialResult: __owned Result, _ updateAccumulatingResult: (_ partialResult: inout Result, Self.Element) throws -> ()) rethrows -> Result}
  [0;36m|[0;0m                        |- [1;39mnote: [1;39m'reduce(into:_:)' produces '(String, _) -> String', not the expected contextual result type 'Double'[0;0m
  [0;36m|[0;0m                        |- [1;39mnote: [1;39m'reduce(into:_:)' produces '(Duration, _) -> Duration', not the expected contextual result type 'Double'[0;0m
  [0;36m|[0;0m                        |- [1;39mnote: [1;39m'reduce(into:_:)' produces '(Int128, _) -> Int128', not the expected contextual result type 'Double'[0;0m
  [0;36m|[0;0m                        |- [1;39mnote: [1;39m'reduce(into:_:)' produces '(UInt128, _) -> UInt128', not the expected contextual result type 'Double'[0;0m
  [0;36m|[0;0m                        |- [1;39mnote: [1;39m'reduce(into:_:)' produces '(Float16, _) -> Float16', not the expected contextual result type 'Double'[0;0m
  [0;36m|[0;0m                        |- [1;39mnote: [1;39m'reduce(into:_:)' produces '(Float, _) -> Float', not the expected contextual result type 'Double'[0;0m
  [0;36m|[0;0m                        |- [1;39mnote: [1;39m'reduce(into:_:)' produces '(Double, _) -> Double', not the expected contextual result type 'Double'[0;0m
  [0;36m|[0;0m                        |- [1;39mnote: [1;39m'reduce(into:_:)' produces '(UInt8, _) -> UInt8', not the expected contextual result type 'Double'[0;0m
  [0;36m|[0;0m                        |- [1;39mnote: [1;39m'reduce(into:_:)' produces '(Int8, _) -> Int8', not the expected contextual result type 'Double'[0;0m
  [0;36m|[0;0m                        |- [1;39mnote: [1;39m'reduce(into:_:)' produces '(UInt16, _) -> UInt16', not the expected contextual result type 'Double'[0;0m
  [0;36m|[0;0m                        |- [1;39mnote: [1;39m'reduce(into:_:)' produces '(Int16, _) -> Int16', not the expected contextual result type 'Double'[0;0m
  [0;36m|[0;0m                        |- [1;39mnote: [1;39m'reduce(into:_:)' produces '(UInt32, _) -> UInt32', not the expected contextual result type 'Double'[0;0m
  [0;36m|[0;0m                        |- [1;39mnote: [1;39m'reduce(into:_:)' produces '(Int32, _) -> Int32', not the expected contextual result type 'Double'[0;0m
  [0;36m|[0;0m                        |- [1;39mnote: [1;39m'reduce(into:_:)' produces '(UInt64, _) -> UInt64', not the expected contextual result type 'Double'[0;0m
  [0;36m|[0;0m                        |- [1;39mnote: [1;39m'reduce(into:_:)' produces '(Int64, _) -> Int64', not the expected contextual result type 'Double'[0;0m
  [0;36m|[0;0m                        |- [1;39mnote: [1;39m'reduce(into:_:)' produces '(UInt, _) -> UInt', not the expected contextual result type 'Double'[0;0m
  [0;36m|[0;0m                        |- [1;39mnote: [1;39m'reduce(into:_:)' produces '(Int, _) -> Int', not the expected contextual result type 'Double'[0;0m
  [0;36m|[0;0m                        |- [1;39mnote: [1;39m'reduce(into:_:)' produces '(ContinuousClock.Instant, _) -> ContinuousClock.Instant', not the expected contextual result type 'Double'[0;0m
  [0;36m|[0;0m                        |- [1;39mnote: [1;39m'reduce(into:_:)' produces '(SuspendingClock.Instant, _) -> SuspendingClock.Instant', not the expected contextual result type 'Double'[0;0m
  [0;36m|[0;0m                        |- [1;39mnote: [1;39m'reduce(into:_:)' produces '(DispatchTime, _) -> DispatchTime', not the expected contextual result type 'Double'[0;0m
  [0;36m|[0;0m                        |- [1;39mnote: [1;39m'reduce(into:_:)' produces '(DispatchTime, _) -> DispatchTime', not the expected contextual result type 'Double'[0;0m
  [0;36m|[0;0m                        |- [1;39mnote: [1;39m'reduce(into:_:)' produces '(DispatchWallTime, _) -> DispatchWallTime', not the expected contextual result type 'Double'[0;0m
  [0;36m|[0;0m                        |- [1;39mnote: [1;39m'reduce(into:_:)' produces '(DispatchWallTime, _) -> DispatchWallTime', not the expected contextual result type 'Double'[0;0m
  [0;36m|[0;0m                        |- [1;39mnote: [1;39m'reduce(into:_:)' produces '(DispatchQueue.SchedulerTimeType.Stride, _) -> DispatchQueue.SchedulerTimeType.Stride', not the expected contextual result type 'Double'[0;0m
  [0;36m|[0;0m                        |- [1;39mnote: [1;39m'reduce(into:_:)' produces '(CGFloat, _) -> CGFloat', not the expected contextual result type 'Double'[0;0m
  [0;36m|[0;0m                        |- [1;39mnote: [1;39m'reduce(into:_:)' produces '(RunLoop.SchedulerTimeType.Stride, _) -> RunLoop.SchedulerTimeType.Stride', not the expected contextual result type 'Double'[0;0m
  [0;36m|[0;0m                        |- [1;39mnote: [1;39m'reduce(into:_:)' produces '(AttributedString, _) -> AttributedString', not the expected contextual result type 'Double'[0;0m
  [0;36m|[0;0m                        |- [1;39mnote: [1;39m'reduce(into:_:)' produces '(Decimal, _) -> Decimal', not the expected contextual result type 'Double'[0;0m
  [0;36m|[0;0m                        |- [1;39mnote: [1;39m'reduce(into:_:)' produces '(Date, _) -> Date', not the expected contextual result type 'Double'[0;0m
  [0;36m|[0;0m                        |- [1;39mnote: [1;39m'reduce(into:_:)' produces '(IndexPath, _) -> IndexPath', not the expected contextual result type 'Double'[0;0m
  [0;36m|[0;0m                        |- [1;39mnote: [1;39m'reduce(into:_:)' produces '(OperationQueue.SchedulerTimeType.Stride, _) -> OperationQueue.SchedulerTimeType.Stride', not the expected contextual result type 'Double'[0;0m
  [0;36m|[0;0m                        |- [1;39mnote: [1;39m'reduce(into:_:)' produces '(_AnyAnimatableData, _) -> _AnyAnimatableData', not the expected contextual result type 'Double'[0;0m
  [0;36m|[0;0m                        |- [1;39mnote: [1;39m'reduce(into:_:)' produces '(Color.ResolvedHDR._Animatable, _) -> Color.ResolvedHDR._Animatable', not the expected contextual result type 'Double'[0;0m
  [0;36m|[0;0m                        |- [1;39mnote: [1;39m'reduce(into:_:)' produces '(Text, _) -> Text', not the expected contextual result type 'Double'[0;0m
  [0;36m|[0;0m                        |- [1;39mnote: [1;39m'reduce(into:_:)' produces '(ConcentricRectangle.AnimatableData, _) -> ConcentricRectangle.AnimatableData', not the expected contextual result type 'Double'[0;0m
  [0;36m|[0;0m                        |- [1;39mnote: [1;39m'reduce(into:_:)' produces '(RoundedRectangularShapeCorners.AnimatableData, _) -> RoundedRectangularShapeCorners.AnimatableData', not the expected contextual result type 'Double'[0;0m
  [0;36m|[0;0m                        |- [1;39mnote: [1;39m'reduce(into:_:)' produces '(EmptyAnimatableData, _) -> EmptyAnimatableData', not the expected contextual result type 'Double'[0;0m
  [0;36m|[0;0m                        |- [1;39mnote: [1;39m'reduce(into:_:)' produces '(Edge.Corner.Style.AnimatableData, _) -> Edge.Corner.Style.AnimatableData', not the expected contextual result type 'Double'[0;0m
  [0;36m|[0;0m                        |- [1;39mnote: [1;39m'reduce(into:_:)' produces '(Measurement<Dimension>, _) -> Measurement<Dimension>', not the expected contextual result type 'Double'[0;0m
  [0;36m|[0;0m                        `- [1;39mnote: [1;39m'reduce(into:_:)' produces '(Measurement<Unit>, _) -> Measurement<Unit>', not the expected contextual result type 'Double'[0;0m
[0;36m3 |[0;0m 

/Users/danielstevens/github-projects/tools-automation/MomentumFinance/Shared/Features/Subscriptions/SubscriptionSummaryViews.swift:203:38: [1;31merror: [1;39mmissing argument label 'into:' in call[0;0m
[0;36m201 |[0;0m 
[0;36m202 |[0;0m         private var monthlyTotal: Double {
[0;36m203 |[0;0m             self.subscriptions.reduce(0) { total, subscription in
    [0;36m|[0;0m                                      `- [1;31merror: [1;39mmissing argument label 'into:' in call[0;0m
[0;36m204 |[0;0m                 total + subscription.monthlyEquivalent
[0;36m205 |[0;0m             }

/Users/danielstevens/github-projects/tools-automation/MomentumFinance/Shared/Features/Subscriptions/SubscriptionSummaryViews.swift:203:32: [1;31merror: [1;39mno 'reduce' candidates produce the expected contextual result type 'Double'[0;0m
[0;36m201 |[0;0m 
[0;36m202 |[0;0m         private var monthlyTotal: Double {
[0;36m203 |[0;0m             self.subscriptions.reduce(0) { total, subscription in
    [0;36m|[0;0m                                `- [1;31merror: [1;39mno 'reduce' candidates produce the expected contextual result type 'Double'[0;0m
[0;36m204 |[0;0m                 total + subscription.monthlyEquivalent
[0;36m205 |[0;0m             }

Swift.Sequence.reduce:2:24: [1;39mnote: [1;39m'reduce(into:_:)' produces '(String, _) -> String', not the expected contextual result type 'Double'[0;0m
[0;36m1 |[0;0m protocol Sequence {
[0;36m2 |[0;0m @inlinable public func reduce<Result>(into initialResult: __owned Result, _ updateAccumulatingResult: (_ partialResult: inout Result, Self.Element) throws -> ()) rethrows -> Result}
  [0;36m|[0;0m                        |- [1;39mnote: [1;39m'reduce(into:_:)' produces '(String, _) -> String', not the expected contextual result type 'Double'[0;0m
  [0;36m|[0;0m                        |- [1;39mnote: [1;39m'reduce(into:_:)' produces '(Duration, _) -> Duration', not the expected contextual result type 'Double'[0;0m
  [0;36m|[0;0m                        |- [1;39mnote: [1;39m'reduce(into:_:)' produces '(Int128, _) -> Int128', not the expected contextual result type 'Double'[0;0m
  [0;36m|[0;0m                        |- [1;39mnote: [1;39m'reduce(into:_:)' produces '(UInt128, _) -> UInt128', not the expected contextual result type 'Double'[0;0m
  [0;36m|[0;0m                        |- [1;39mnote: [1;39m'reduce(into:_:)' produces '(Float16, _) -> Float16', not the expected contextual result type 'Double'[0;0m
  [0;36m|[0;0m                        |- [1;39mnote: [1;39m'reduce(into:_:)' produces '(Float, _) -> Float', not the expected contextual result type 'Double'[0;0m
  [0;36m|[0;0m                        |- [1;39mnote: [1;39m'reduce(into:_:)' produces '(Double, _) -> Double', not the expected contextual result type 'Double'[0;0m
  [0;36m|[0;0m                        |- [1;39mnote: [1;39m'reduce(into:_:)' produces '(UInt8, _) -> UInt8', not the expected contextual result type 'Double'[0;0m
  [0;36m|[0;0m                        |- [1;39mnote: [1;39m'reduce(into:_:)' produces '(Int8, _) -> Int8', not the expected contextual result type 'Double'[0;0m
  [0;36m|[0;0m                        |- [1;39mnote: [1;39m'reduce(into:_:)' produces '(UInt16, _) -> UInt16', not the expected contextual result type 'Double'[0;0m
  [0;36m|[0;0m                        |- [1;39mnote: [1;39m'reduce(into:_:)' produces '(Int16, _) -> Int16', not the expected contextual result type 'Double'[0;0m
  [0;36m|[0;0m                        |- [1;39mnote: [1;39m'reduce(into:_:)' produces '(UInt32, _) -> UInt32', not the expected contextual result type 'Double'[0;0m
  [0;36m|[0;0m                        |- [1;39mnote: [1;39m'reduce(into:_:)' produces '(Int32, _) -> Int32', not the expected contextual result type 'Double'[0;0m
  [0;36m|[0;0m                        |- [1;39mnote: [1;39m'reduce(into:_:)' produces '(UInt64, _) -> UInt64', not the expected contextual result type 'Double'[0;0m
  [0;36m|[0;0m                        |- [1;39mnote: [1;39m'reduce(into:_:)' produces '(Int64, _) -> Int64', not the expected contextual result type 'Double'[0;0m
  [0;36m|[0;0m                        |- [1;39mnote: [1;39m'reduce(into:_:)' produces '(UInt, _) -> UInt', not the expected contextual result type 'Double'[0;0m
  [0;36m|[0;0m                        |- [1;39mnote: [1;39m'reduce(into:_:)' produces '(Int, _) -> Int', not the expected contextual result type 'Double'[0;0m
  [0;36m|[0;0m                        |- [1;39mnote: [1;39m'reduce(into:_:)' produces '(ContinuousClock.Instant, _) -> ContinuousClock.Instant', not the expected contextual result type 'Double'[0;0m
  [0;36m|[0;0m                        |- [1;39mnote: [1;39m'reduce(into:_:)' produces '(SuspendingClock.Instant, _) -> SuspendingClock.Instant', not the expected contextual result type 'Double'[0;0m
  [0;36m|[0;0m                        |- [1;39mnote: [1;39m'reduce(into:_:)' produces '(DispatchTime, _) -> DispatchTime', not the expected contextual result type 'Double'[0;0m
  [0;36m|[0;0m                        |- [1;39mnote: [1;39m'reduce(into:_:)' produces '(DispatchTime, _) -> DispatchTime', not the expected contextual result type 'Double'[0;0m
  [0;36m|[0;0m                        |- [1;39mnote: [1;39m'reduce(into:_:)' produces '(DispatchWallTime, _) -> DispatchWallTime', not the expected contextual result type 'Double'[0;0m
  [0;36m|[0;0m                        |- [1;39mnote: [1;39m'reduce(into:_:)' produces '(DispatchWallTime, _) -> DispatchWallTime', not the expected contextual result type 'Double'[0;0m
  [0;36m|[0;0m                        |- [1;39mnote: [1;39m'reduce(into:_:)' produces '(DispatchQueue.SchedulerTimeType.Stride, _) -> DispatchQueue.SchedulerTimeType.Stride', not the expected contextual result type 'Double'[0;0m
  [0;36m|[0;0m                        |- [1;39mnote: [1;39m'reduce(into:_:)' produces '(CGFloat, _) -> CGFloat', not the expected contextual result type 'Double'[0;0m
  [0;36m|[0;0m                        |- [1;39mnote: [1;39m'reduce(into:_:)' produces '(RunLoop.SchedulerTimeType.Stride, _) -> RunLoop.SchedulerTimeType.Stride', not the expected contextual result type 'Double'[0;0m
  [0;36m|[0;0m                        |- [1;39mnote: [1;39m'reduce(into:_:)' produces '(AttributedString, _) -> AttributedString', not the expected contextual result type 'Double'[0;0m
  [0;36m|[0;0m                        |- [1;39mnote: [1;39m'reduce(into:_:)' produces '(Decimal, _) -> Decimal', not the expected contextual result type 'Double'[0;0m
  [0;36m|[0;0m                        |- [1;39mnote: [1;39m'reduce(into:_:)' produces '(Date, _) -> Date', not the expected contextual result type 'Double'[0;0m
  [0;36m|[0;0m                        |- [1;39mnote: [1;39m'reduce(into:_:)' produces '(IndexPath, _) -> IndexPath', not the expected contextual result type 'Double'[0;0m
  [0;36m|[0;0m                        |- [1;39mnote: [1;39m'reduce(into:_:)' produces '(OperationQueue.SchedulerTimeType.Stride, _) -> OperationQueue.SchedulerTimeType.Stride', not the expected contextual result type 'Double'[0;0m
  [0;36m|[0;0m                        |- [1;39mnote: [1;39m'reduce(into:_:)' produces '(_AnyAnimatableData, _) -> _AnyAnimatableData', not the expected contextual result type 'Double'[0;0m
  [0;36m|[0;0m                        |- [1;39mnote: [1;39m'reduce(into:_:)' produces '(Color.ResolvedHDR._Animatable, _) -> Color.ResolvedHDR._Animatable', not the expected contextual result type 'Double'[0;0m
  [0;36m|[0;0m                        |- [1;39mnote: [1;39m'reduce(into:_:)' produces '(Text, _) -> Text', not the expected contextual result type 'Double'[0;0m
  [0;36m|[0;0m                        |- [1;39mnote: [1;39m'reduce(into:_:)' produces '(ConcentricRectangle.AnimatableData, _) -> ConcentricRectangle.AnimatableData', not the expected contextual result type 'Double'[0;0m
  [0;36m|[0;0m                        |- [1;39mnote: [1;39m'reduce(into:_:)' produces '(RoundedRectangularShapeCorners.AnimatableData, _) -> RoundedRectangularShapeCorners.AnimatableData', not the expected contextual result type 'Double'[0;0m
  [0;36m|[0;0m                        |- [1;39mnote: [1;39m'reduce(into:_:)' produces '(EmptyAnimatableData, _) -> EmptyAnimatableData', not the expected contextual result type 'Double'[0;0m
  [0;36m|[0;0m                        |- [1;39mnote: [1;39m'reduce(into:_:)' produces '(Edge.Corner.Style.AnimatableData, _) -> Edge.Corner.Style.AnimatableData', not the expected contextual result type 'Double'[0;0m
  [0;36m|[0;0m                        |- [1;39mnote: [1;39m'reduce(into:_:)' produces '(Measurement<Dimension>, _) -> Measurement<Dimension>', not the expected contextual result type 'Double'[0;0m
  [0;36m|[0;0m                        `- [1;39mnote: [1;39m'reduce(into:_:)' produces '(Measurement<Unit>, _) -> Measurement<Unit>', not the expected contextual result type 'Double'[0;0m
[0;36m3 |[0;0m 

/Users/danielstevens/github-projects/tools-automation/MomentumFinance/Shared/Features/Transactions/AddTransactionView.swift:43:26: [1;31merror: [1;39mtrailing closure passed to parameter of type 'Visibility' that does not accept a closure[0;0m
 [0;36m41 |[0;0m                     .navigationBarTitleDisplayMode(.inline)
 [0;36m42 |[0;0m                 #endif
 [0;36m43 |[0;0m                 .toolbar [4;39m{[0;0m
    [0;36m|[0;0m                          `- [1;31merror: [1;39mtrailing closure passed to parameter of type 'Visibility' that does not accept a closure[0;0m
 [0;36m44 |[0;0m                     #if canImport(UIKit)
 [0;36m45 |[0;0m                         ToolbarItem(placement: .navigationBarLeading) {

SwiftUI.View.toolbar:6:27: [1;39mnote: [1;39m'toolbar(_:for:)' declared here[0;0m
[0;36m4 |[0;0m   @available(tvOS, introduced: 16.0, deprecated: 100000.0, renamed: "toolbarVisibility(_:for:)")
[0;36m5 |[0;0m   @available(watchOS, introduced: 9.0, deprecated: 100000.0, renamed: "toolbarVisibility(_:for:)")
[0;36m6 |[0;0m   nonisolated public func toolbar(_ visibility: Visibility, for bars: ToolbarPlacement...) -> some View
  [0;36m|[0;0m                           `- [1;39mnote: [1;39m'toolbar(_:for:)' declared here[0;0m
[0;36m7 |[0;0m   }
[0;36m8 |[0;0m 

/Users/danielstevens/github-projects/tools-automation/MomentumFinance/Shared/Features/Transactions/AddTransactionView.swift:85:22: [1;33mwarning: [1;39m'onChange(of:perform:)' was deprecated in macOS 14.0: Use `onChange` with a two or zero parameter action closure instead.[0;0m [#]8;;https://docs.swift.org/compiler/documentation/diagnostics/deprecated-declaration\DeprecatedDeclaration]8;;\]
 [0;36m83 |[0;0m             Section(header: Text("Transaction Details")) {
 [0;36m84 |[0;0m                 TextField("Title", text: self.$title)
 [0;36m85 |[0;0m                     .onChange(of: self.title) { _ in
    [0;36m|[0;0m                      `- [1;33mwarning: [1;39m'onChange(of:perform:)' was deprecated in macOS 14.0: Use `onChange` with a two or zero parameter action closure instead.[0;0m [#]8;;https://docs.swift.org/compiler/documentation/diagnostics/deprecated-declaration\DeprecatedDeclaration]8;;\]
 [0;36m86 |[0;0m                         self.handleTitleChange()
 [0;36m87 |[0;0m                     }

[#DeprecatedDeclaration]: <https://docs.swift.org/compiler/documentation/diagnostics/deprecated-declaration>
[65/148] Compiling Shared SubscriptionManagementViews.swift
/Users/danielstevens/github-projects/tools-automation/MomentumFinance/Shared/Features/Subscriptions/SubscriptionManagementViews.swift:109:67: [1;31merror: [1;39mexpected ',' separator[0;0m
[0;36m107 |[0;0m                     Section(header: Text("Notes")) {
[0;36m108 |[0;0m                         TextField(
[0;36m109 |[0;0m                             "Notes (optional).accessibilityLabel("Text Field")",
    [0;36m|[0;0m                                                                   `- [1;31merror: [1;39mexpected ',' separator[0;0m
[0;36m110 |[0;0m                             text: self.$notes,
[0;36m111 |[0;0m                             axis: .vertical

/Users/danielstevens/github-projects/tools-automation/MomentumFinance/Shared/Features/NotificationsView.swift:23:9: [1;31merror: [1;39mproperty 'body' must be declared public because it matches a requirement in public protocol 'View'[0;0m
 [0;36m21 |[0;0m     @State private var isLoading = true
 [0;36m22 |[0;0m 
 [0;36m23 |[0;0m     var body: some View {
    [0;36m|[0;0m         |- [1;31merror: [1;39mproperty 'body' must be declared public because it matches a requirement in public protocol 'View'[0;0m
    [0;36m|[0;0m         `- [1;39mnote: [1;39mmark the property as 'public' to satisfy the requirement[0;0m
 [0;36m24 |[0;0m         NavigationView {
 [0;36m25 |[0;0m             VStack(spacing: 0) {

/Users/danielstevens/github-projects/tools-automation/MomentumFinance/Shared/Features/NotificationsView.swift:266:16: [1;31merror: [1;39mmissing argument for parameter #1 in call[0;0m
[0;36m264 |[0;0m     public var body: some View {
[0;36m265 |[0;0m 
[0;36m266 |[0;0m         Button(action: self.action).accessibilityLabel("Button") {
    [0;36m|[0;0m                `- [1;31merror: [1;39mmissing argument for parameter #1 in call[0;0m
[0;36m267 |[0;0m             HStack(spacing: 8) {
[0;36m268 |[0;0m                 Image(systemName: self.filter.icon)

SwiftUI.Button.init:2:36: [1;39mnote: [1;39m'init(_:action:)' declared here[0;0m
[0;36m1 |[0;0m generic struct Button {
[0;36m2 |[0;0m @preconcurrency nonisolated public init(_ titleKey: LocalizedStringKey, action: @escaping @MainActor () -> Void)}
  [0;36m|[0;0m                                    `- [1;39mnote: [1;39m'init(_:action:)' declared here[0;0m
[0;36m3 |[0;0m 

/Users/danielstevens/github-projects/tools-automation/MomentumFinance/Shared/Features/NotificationsView.swift:266:66: [1;31merror: [1;39mtype '_' cannot be used as a boolean; test for '!= 0' instead[0;0m
[0;36m264 |[0;0m     public var body: some View {
[0;36m265 |[0;0m 
[0;36m266 |[0;0m         Button(action: self.action).accessibilityLabel("Button") {
    [0;36m|[0;0m                                                                  `- [1;31merror: [1;39mtype '_' cannot be used as a boolean; test for '!= 0' instead[0;0m
[0;36m267 |[0;0m             HStack(spacing: 8) {
[0;36m268 |[0;0m                 Image(systemName: self.filter.icon)

/Users/danielstevens/github-projects/tools-automation/MomentumFinance/Shared/Features/Subscriptions/SubscriptionDetailView.swift:240:13: [1;31merror: [1;39mswitch must be exhaustive[0;0m
[0;36m238 |[0;0m 
[0;36m239 |[0;0m         private func billingFrequencyText(_ cycle: BillingCycle) -> String {
[0;36m240 |[0;0m             switch cycle {
    [0;36m|[0;0m             |- [1;31merror: [1;39mswitch must be exhaustive[0;0m
    [0;36m|[0;0m             |- [1;39mnote: [1;39madd missing case: '.daily'[0;0m
    [0;36m|[0;0m             |- [1;39mnote: [1;39madd missing case: '.quarterly'[0;0m
    [0;36m|[0;0m             `- [1;39mnote: [1;39madd missing cases[0;0m
[0;36m241 |[0;0m             case .weekly:
[0;36m242 |[0;0m                 "Billed Weekly"

/Users/danielstevens/github-projects/tools-automation/MomentumFinance/Shared/Features/Subscriptions/SubscriptionManagementViews.swift:108:34: [1;31merror: [1;39mincorrect argument labels in call (have '_:_:text:axis:', expected '_:text:prompt:axis:')[0;0m
[0;36m106 |[0;0m 
[0;36m107 |[0;0m                     Section(header: Text("Notes")) {
[0;36m108 |[0;0m                         TextField(
    [0;36m|[0;0m                                  `- [1;31merror: [1;39mincorrect argument labels in call (have '_:_:text:axis:', expected '_:text:prompt:axis:')[0;0m
[0;36m109 |[0;0m                             "Notes (optional).accessibilityLabel("Text Field")",
[0;36m110 |[0;0m                             text: self.$notes,

/Users/danielstevens/github-projects/tools-automation/MomentumFinance/Shared/Features/Subscriptions/SubscriptionManagementViews.swift:109:67: [1;31merror: [1;39mcannot convert value of type 'Text.Type' to expected argument type 'Text'[0;0m
[0;36m107 |[0;0m                     Section(header: Text("Notes")) {
[0;36m108 |[0;0m                         TextField(
[0;36m109 |[0;0m                             "Notes (optional).accessibilityLabel("Text Field")",
    [0;36m|[0;0m                                                                   `- [1;31merror: [1;39mcannot convert value of type 'Text.Type' to expected argument type 'Text'[0;0m
[0;36m110 |[0;0m                             text: self.$notes,
[0;36m111 |[0;0m                             axis: .vertical

/Users/danielstevens/github-projects/tools-automation/MomentumFinance/Shared/Features/Subscriptions/SubscriptionManagementViews.swift:139:40: [1;31merror: [1;39mcannot convert value of type 'String' to expected argument type 'PrimitiveButtonStyleConfiguration'[0;0m
[0;36m137 |[0;0m                         #else
[0;36m138 |[0;0m                             ToolbarItem(placement: .cancellationAction) {
[0;36m139 |[0;0m                                 Button("Cancel").accessibilityLabel("Button") {
    [0;36m|[0;0m                                        `- [1;31merror: [1;39mcannot convert value of type 'String' to expected argument type 'PrimitiveButtonStyleConfiguration'[0;0m
[0;36m140 |[0;0m                                     self.dismiss()
[0;36m141 |[0;0m                                 }

/Users/danielstevens/github-projects/tools-automation/MomentumFinance/Shared/Features/Subscriptions/SubscriptionManagementViews.swift:139:79: [1;31merror: [1;39mtype '_' cannot be used as a boolean; test for '!= 0' instead[0;0m
[0;36m137 |[0;0m                         #else
[0;36m138 |[0;0m                             ToolbarItem(placement: .cancellationAction) {
[0;36m139 |[0;0m                                 Button("Cancel").accessibilityLabel("Button") {
    [0;36m|[0;0m                                                                               `- [1;31merror: [1;39mtype '_' cannot be used as a boolean; test for '!= 0' instead[0;0m
[0;36m140 |[0;0m                                     self.dismiss()
[0;36m141 |[0;0m                                 }

/Users/danielstevens/github-projects/tools-automation/MomentumFinance/Shared/Features/Subscriptions/SubscriptionSummaryViews.swift:38:38: [1;31merror: [1;39mmissing argument label 'into:' in call[0;0m
 [0;36m36 |[0;0m 
 [0;36m37 |[0;0m         private var monthlyTotal: Double {
 [0;36m38 |[0;0m             self.subscriptions.reduce(0) { total, subscription in
    [0;36m|[0;0m                                      `- [1;31merror: [1;39mmissing argument label 'into:' in call[0;0m
 [0;36m39 |[0;0m                 total + subscription.monthlyEquivalent
 [0;36m40 |[0;0m             }

/Users/danielstevens/github-projects/tools-automation/MomentumFinance/Shared/Features/Subscriptions/SubscriptionSummaryViews.swift:38:32: [1;31merror: [1;39mno 'reduce' candidates produce the expected contextual result type 'Double'[0;0m
 [0;36m36 |[0;0m 
 [0;36m37 |[0;0m         private var monthlyTotal: Double {
 [0;36m38 |[0;0m             self.subscriptions.reduce(0) { total, subscription in
    [0;36m|[0;0m                                `- [1;31merror: [1;39mno 'reduce' candidates produce the expected contextual result type 'Double'[0;0m
 [0;36m39 |[0;0m                 total + subscription.monthlyEquivalent
 [0;36m40 |[0;0m             }

Swift.Sequence.reduce:2:24: [1;39mnote: [1;39m'reduce(into:_:)' produces '(String, _) -> String', not the expected contextual result type 'Double'[0;0m
[0;36m1 |[0;0m protocol Sequence {
[0;36m2 |[0;0m @inlinable public func reduce<Result>(into initialResult: __owned Result, _ updateAccumulatingResult: (_ partialResult: inout Result, Self.Element) throws -> ()) rethrows -> Result}
  [0;36m|[0;0m                        |- [1;39mnote: [1;39m'reduce(into:_:)' produces '(String, _) -> String', not the expected contextual result type 'Double'[0;0m
  [0;36m|[0;0m                        |- [1;39mnote: [1;39m'reduce(into:_:)' produces '(Duration, _) -> Duration', not the expected contextual result type 'Double'[0;0m
  [0;36m|[0;0m                        |- [1;39mnote: [1;39m'reduce(into:_:)' produces '(Int128, _) -> Int128', not the expected contextual result type 'Double'[0;0m
  [0;36m|[0;0m                        |- [1;39mnote: [1;39m'reduce(into:_:)' produces '(UInt128, _) -> UInt128', not the expected contextual result type 'Double'[0;0m
  [0;36m|[0;0m                        |- [1;39mnote: [1;39m'reduce(into:_:)' produces '(Float16, _) -> Float16', not the expected contextual result type 'Double'[0;0m
  [0;36m|[0;0m                        |- [1;39mnote: [1;39m'reduce(into:_:)' produces '(Float, _) -> Float', not the expected contextual result type 'Double'[0;0m
  [0;36m|[0;0m                        |- [1;39mnote: [1;39m'reduce(into:_:)' produces '(Double, _) -> Double', not the expected contextual result type 'Double'[0;0m
  [0;36m|[0;0m                        |- [1;39mnote: [1;39m'reduce(into:_:)' produces '(UInt8, _) -> UInt8', not the expected contextual result type 'Double'[0;0m
  [0;36m|[0;0m                        |- [1;39mnote: [1;39m'reduce(into:_:)' produces '(Int8, _) -> Int8', not the expected contextual result type 'Double'[0;0m
  [0;36m|[0;0m                        |- [1;39mnote: [1;39m'reduce(into:_:)' produces '(UInt16, _) -> UInt16', not the expected contextual result type 'Double'[0;0m
  [0;36m|[0;0m                        |- [1;39mnote: [1;39m'reduce(into:_:)' produces '(Int16, _) -> Int16', not the expected contextual result type 'Double'[0;0m
  [0;36m|[0;0m                        |- [1;39mnote: [1;39m'reduce(into:_:)' produces '(UInt32, _) -> UInt32', not the expected contextual result type 'Double'[0;0m
  [0;36m|[0;0m                        |- [1;39mnote: [1;39m'reduce(into:_:)' produces '(Int32, _) -> Int32', not the expected contextual result type 'Double'[0;0m
  [0;36m|[0;0m                        |- [1;39mnote: [1;39m'reduce(into:_:)' produces '(UInt64, _) -> UInt64', not the expected contextual result type 'Double'[0;0m
  [0;36m|[0;0m                        |- [1;39mnote: [1;39m'reduce(into:_:)' produces '(Int64, _) -> Int64', not the expected contextual result type 'Double'[0;0m
  [0;36m|[0;0m                        |- [1;39mnote: [1;39m'reduce(into:_:)' produces '(UInt, _) -> UInt', not the expected contextual result type 'Double'[0;0m
  [0;36m|[0;0m                        |- [1;39mnote: [1;39m'reduce(into:_:)' produces '(Int, _) -> Int', not the expected contextual result type 'Double'[0;0m
  [0;36m|[0;0m                        |- [1;39mnote: [1;39m'reduce(into:_:)' produces '(ContinuousClock.Instant, _) -> ContinuousClock.Instant', not the expected contextual result type 'Double'[0;0m
  [0;36m|[0;0m                        |- [1;39mnote: [1;39m'reduce(into:_:)' produces '(SuspendingClock.Instant, _) -> SuspendingClock.Instant', not the expected contextual result type 'Double'[0;0m
  [0;36m|[0;0m                        |- [1;39mnote: [1;39m'reduce(into:_:)' produces '(DispatchTime, _) -> DispatchTime', not the expected contextual result type 'Double'[0;0m
  [0;36m|[0;0m                        |- [1;39mnote: [1;39m'reduce(into:_:)' produces '(DispatchTime, _) -> DispatchTime', not the expected contextual result type 'Double'[0;0m
  [0;36m|[0;0m                        |- [1;39mnote: [1;39m'reduce(into:_:)' produces '(DispatchWallTime, _) -> DispatchWallTime', not the expected contextual result type 'Double'[0;0m
  [0;36m|[0;0m                        |- [1;39mnote: [1;39m'reduce(into:_:)' produces '(DispatchWallTime, _) -> DispatchWallTime', not the expected contextual result type 'Double'[0;0m
  [0;36m|[0;0m                        |- [1;39mnote: [1;39m'reduce(into:_:)' produces '(DispatchQueue.SchedulerTimeType.Stride, _) -> DispatchQueue.SchedulerTimeType.Stride', not the expected contextual result type 'Double'[0;0m
  [0;36m|[0;0m                        |- [1;39mnote: [1;39m'reduce(into:_:)' produces '(CGFloat, _) -> CGFloat', not the expected contextual result type 'Double'[0;0m
  [0;36m|[0;0m                        |- [1;39mnote: [1;39m'reduce(into:_:)' produces '(RunLoop.SchedulerTimeType.Stride, _) -> RunLoop.SchedulerTimeType.Stride', not the expected contextual result type 'Double'[0;0m
  [0;36m|[0;0m                        |- [1;39mnote: [1;39m'reduce(into:_:)' produces '(AttributedString, _) -> AttributedString', not the expected contextual result type 'Double'[0;0m
  [0;36m|[0;0m                        |- [1;39mnote: [1;39m'reduce(into:_:)' produces '(Decimal, _) -> Decimal', not the expected contextual result type 'Double'[0;0m
  [0;36m|[0;0m                        |- [1;39mnote: [1;39m'reduce(into:_:)' produces '(Date, _) -> Date', not the expected contextual result type 'Double'[0;0m
  [0;36m|[0;0m                        |- [1;39mnote: [1;39m'reduce(into:_:)' produces '(IndexPath, _) -> IndexPath', not the expected contextual result type 'Double'[0;0m
  [0;36m|[0;0m                        |- [1;39mnote: [1;39m'reduce(into:_:)' produces '(OperationQueue.SchedulerTimeType.Stride, _) -> OperationQueue.SchedulerTimeType.Stride', not the expected contextual result type 'Double'[0;0m
  [0;36m|[0;0m                        |- [1;39mnote: [1;39m'reduce(into:_:)' produces '(_AnyAnimatableData, _) -> _AnyAnimatableData', not the expected contextual result type 'Double'[0;0m
  [0;36m|[0;0m                        |- [1;39mnote: [1;39m'reduce(into:_:)' produces '(Color.ResolvedHDR._Animatable, _) -> Color.ResolvedHDR._Animatable', not the expected contextual result type 'Double'[0;0m
  [0;36m|[0;0m                        |- [1;39mnote: [1;39m'reduce(into:_:)' produces '(Text, _) -> Text', not the expected contextual result type 'Double'[0;0m
  [0;36m|[0;0m                        |- [1;39mnote: [1;39m'reduce(into:_:)' produces '(ConcentricRectangle.AnimatableData, _) -> ConcentricRectangle.AnimatableData', not the expected contextual result type 'Double'[0;0m
  [0;36m|[0;0m                        |- [1;39mnote: [1;39m'reduce(into:_:)' produces '(RoundedRectangularShapeCorners.AnimatableData, _) -> RoundedRectangularShapeCorners.AnimatableData', not the expected contextual result type 'Double'[0;0m
  [0;36m|[0;0m                        |- [1;39mnote: [1;39m'reduce(into:_:)' produces '(EmptyAnimatableData, _) -> EmptyAnimatableData', not the expected contextual result type 'Double'[0;0m
  [0;36m|[0;0m                        |- [1;39mnote: [1;39m'reduce(into:_:)' produces '(Edge.Corner.Style.AnimatableData, _) -> Edge.Corner.Style.AnimatableData', not the expected contextual result type 'Double'[0;0m
  [0;36m|[0;0m                        |- [1;39mnote: [1;39m'reduce(into:_:)' produces '(Measurement<Dimension>, _) -> Measurement<Dimension>', not the expected contextual result type 'Double'[0;0m
  [0;36m|[0;0m                        `- [1;39mnote: [1;39m'reduce(into:_:)' produces '(Measurement<Unit>, _) -> Measurement<Unit>', not the expected contextual result type 'Double'[0;0m
[0;36m3 |[0;0m 

/Users/danielstevens/github-projects/tools-automation/MomentumFinance/Shared/Features/Subscriptions/SubscriptionSummaryViews.swift:203:38: [1;31merror: [1;39mmissing argument label 'into:' in call[0;0m
[0;36m201 |[0;0m 
[0;36m202 |[0;0m         private var monthlyTotal: Double {
[0;36m203 |[0;0m             self.subscriptions.reduce(0) { total, subscription in
    [0;36m|[0;0m                                      `- [1;31merror: [1;39mmissing argument label 'into:' in call[0;0m
[0;36m204 |[0;0m                 total + subscription.monthlyEquivalent
[0;36m205 |[0;0m             }

/Users/danielstevens/github-projects/tools-automation/MomentumFinance/Shared/Features/Subscriptions/SubscriptionSummaryViews.swift:203:32: [1;31merror: [1;39mno 'reduce' candidates produce the expected contextual result type 'Double'[0;0m
[0;36m201 |[0;0m 
[0;36m202 |[0;0m         private var monthlyTotal: Double {
[0;36m203 |[0;0m             self.subscriptions.reduce(0) { total, subscription in
    [0;36m|[0;0m                                `- [1;31merror: [1;39mno 'reduce' candidates produce the expected contextual result type 'Double'[0;0m
[0;36m204 |[0;0m                 total + subscription.monthlyEquivalent
[0;36m205 |[0;0m             }

Swift.Sequence.reduce:2:24: [1;39mnote: [1;39m'reduce(into:_:)' produces '(String, _) -> String', not the expected contextual result type 'Double'[0;0m
[0;36m1 |[0;0m protocol Sequence {
[0;36m2 |[0;0m @inlinable public func reduce<Result>(into initialResult: __owned Result, _ updateAccumulatingResult: (_ partialResult: inout Result, Self.Element) throws -> ()) rethrows -> Result}
  [0;36m|[0;0m                        |- [1;39mnote: [1;39m'reduce(into:_:)' produces '(String, _) -> String', not the expected contextual result type 'Double'[0;0m
  [0;36m|[0;0m                        |- [1;39mnote: [1;39m'reduce(into:_:)' produces '(Duration, _) -> Duration', not the expected contextual result type 'Double'[0;0m
  [0;36m|[0;0m                        |- [1;39mnote: [1;39m'reduce(into:_:)' produces '(Int128, _) -> Int128', not the expected contextual result type 'Double'[0;0m
  [0;36m|[0;0m                        |- [1;39mnote: [1;39m'reduce(into:_:)' produces '(UInt128, _) -> UInt128', not the expected contextual result type 'Double'[0;0m
  [0;36m|[0;0m                        |- [1;39mnote: [1;39m'reduce(into:_:)' produces '(Float16, _) -> Float16', not the expected contextual result type 'Double'[0;0m
  [0;36m|[0;0m                        |- [1;39mnote: [1;39m'reduce(into:_:)' produces '(Float, _) -> Float', not the expected contextual result type 'Double'[0;0m
  [0;36m|[0;0m                        |- [1;39mnote: [1;39m'reduce(into:_:)' produces '(Double, _) -> Double', not the expected contextual result type 'Double'[0;0m
  [0;36m|[0;0m                        |- [1;39mnote: [1;39m'reduce(into:_:)' produces '(UInt8, _) -> UInt8', not the expected contextual result type 'Double'[0;0m
  [0;36m|[0;0m                        |- [1;39mnote: [1;39m'reduce(into:_:)' produces '(Int8, _) -> Int8', not the expected contextual result type 'Double'[0;0m
  [0;36m|[0;0m                        |- [1;39mnote: [1;39m'reduce(into:_:)' produces '(UInt16, _) -> UInt16', not the expected contextual result type 'Double'[0;0m
  [0;36m|[0;0m                        |- [1;39mnote: [1;39m'reduce(into:_:)' produces '(Int16, _) -> Int16', not the expected contextual result type 'Double'[0;0m
  [0;36m|[0;0m                        |- [1;39mnote: [1;39m'reduce(into:_:)' produces '(UInt32, _) -> UInt32', not the expected contextual result type 'Double'[0;0m
  [0;36m|[0;0m                        |- [1;39mnote: [1;39m'reduce(into:_:)' produces '(Int32, _) -> Int32', not the expected contextual result type 'Double'[0;0m
  [0;36m|[0;0m                        |- [1;39mnote: [1;39m'reduce(into:_:)' produces '(UInt64, _) -> UInt64', not the expected contextual result type 'Double'[0;0m
  [0;36m|[0;0m                        |- [1;39mnote: [1;39m'reduce(into:_:)' produces '(Int64, _) -> Int64', not the expected contextual result type 'Double'[0;0m
  [0;36m|[0;0m                        |- [1;39mnote: [1;39m'reduce(into:_:)' produces '(UInt, _) -> UInt', not the expected contextual result type 'Double'[0;0m
  [0;36m|[0;0m                        |- [1;39mnote: [1;39m'reduce(into:_:)' produces '(Int, _) -> Int', not the expected contextual result type 'Double'[0;0m
  [0;36m|[0;0m                        |- [1;39mnote: [1;39m'reduce(into:_:)' produces '(ContinuousClock.Instant, _) -> ContinuousClock.Instant', not the expected contextual result type 'Double'[0;0m
  [0;36m|[0;0m                        |- [1;39mnote: [1;39m'reduce(into:_:)' produces '(SuspendingClock.Instant, _) -> SuspendingClock.Instant', not the expected contextual result type 'Double'[0;0m
  [0;36m|[0;0m                        |- [1;39mnote: [1;39m'reduce(into:_:)' produces '(DispatchTime, _) -> DispatchTime', not the expected contextual result type 'Double'[0;0m
  [0;36m|[0;0m                        |- [1;39mnote: [1;39m'reduce(into:_:)' produces '(DispatchTime, _) -> DispatchTime', not the expected contextual result type 'Double'[0;0m
  [0;36m|[0;0m                        |- [1;39mnote: [1;39m'reduce(into:_:)' produces '(DispatchWallTime, _) -> DispatchWallTime', not the expected contextual result type 'Double'[0;0m
  [0;36m|[0;0m                        |- [1;39mnote: [1;39m'reduce(into:_:)' produces '(DispatchWallTime, _) -> DispatchWallTime', not the expected contextual result type 'Double'[0;0m
  [0;36m|[0;0m                        |- [1;39mnote: [1;39m'reduce(into:_:)' produces '(DispatchQueue.SchedulerTimeType.Stride, _) -> DispatchQueue.SchedulerTimeType.Stride', not the expected contextual result type 'Double'[0;0m
  [0;36m|[0;0m                        |- [1;39mnote: [1;39m'reduce(into:_:)' produces '(CGFloat, _) -> CGFloat', not the expected contextual result type 'Double'[0;0m
  [0;36m|[0;0m                        |- [1;39mnote: [1;39m'reduce(into:_:)' produces '(RunLoop.SchedulerTimeType.Stride, _) -> RunLoop.SchedulerTimeType.Stride', not the expected contextual result type 'Double'[0;0m
  [0;36m|[0;0m                        |- [1;39mnote: [1;39m'reduce(into:_:)' produces '(AttributedString, _) -> AttributedString', not the expected contextual result type 'Double'[0;0m
  [0;36m|[0;0m                        |- [1;39mnote: [1;39m'reduce(into:_:)' produces '(Decimal, _) -> Decimal', not the expected contextual result type 'Double'[0;0m
  [0;36m|[0;0m                        |- [1;39mnote: [1;39m'reduce(into:_:)' produces '(Date, _) -> Date', not the expected contextual result type 'Double'[0;0m
  [0;36m|[0;0m                        |- [1;39mnote: [1;39m'reduce(into:_:)' produces '(IndexPath, _) -> IndexPath', not the expected contextual result type 'Double'[0;0m
  [0;36m|[0;0m                        |- [1;39mnote: [1;39m'reduce(into:_:)' produces '(OperationQueue.SchedulerTimeType.Stride, _) -> OperationQueue.SchedulerTimeType.Stride', not the expected contextual result type 'Double'[0;0m
  [0;36m|[0;0m                        |- [1;39mnote: [1;39m'reduce(into:_:)' produces '(_AnyAnimatableData, _) -> _AnyAnimatableData', not the expected contextual result type 'Double'[0;0m
  [0;36m|[0;0m                        |- [1;39mnote: [1;39m'reduce(into:_:)' produces '(Color.ResolvedHDR._Animatable, _) -> Color.ResolvedHDR._Animatable', not the expected contextual result type 'Double'[0;0m
  [0;36m|[0;0m                        |- [1;39mnote: [1;39m'reduce(into:_:)' produces '(Text, _) -> Text', not the expected contextual result type 'Double'[0;0m
  [0;36m|[0;0m                        |- [1;39mnote: [1;39m'reduce(into:_:)' produces '(ConcentricRectangle.AnimatableData, _) -> ConcentricRectangle.AnimatableData', not the expected contextual result type 'Double'[0;0m
  [0;36m|[0;0m                        |- [1;39mnote: [1;39m'reduce(into:_:)' produces '(RoundedRectangularShapeCorners.AnimatableData, _) -> RoundedRectangularShapeCorners.AnimatableData', not the expected contextual result type 'Double'[0;0m
  [0;36m|[0;0m                        |- [1;39mnote: [1;39m'reduce(into:_:)' produces '(EmptyAnimatableData, _) -> EmptyAnimatableData', not the expected contextual result type 'Double'[0;0m
  [0;36m|[0;0m                        |- [1;39mnote: [1;39m'reduce(into:_:)' produces '(Edge.Corner.Style.AnimatableData, _) -> Edge.Corner.Style.AnimatableData', not the expected contextual result type 'Double'[0;0m
  [0;36m|[0;0m                        |- [1;39mnote: [1;39m'reduce(into:_:)' produces '(Measurement<Dimension>, _) -> Measurement<Dimension>', not the expected contextual result type 'Double'[0;0m
  [0;36m|[0;0m                        `- [1;39mnote: [1;39m'reduce(into:_:)' produces '(Measurement<Unit>, _) -> Measurement<Unit>', not the expected contextual result type 'Double'[0;0m
[0;36m3 |[0;0m 

/Users/danielstevens/github-projects/tools-automation/MomentumFinance/Shared/Features/Transactions/AddTransactionView.swift:43:26: [1;31merror: [1;39mtrailing closure passed to parameter of type 'Visibility' that does not accept a closure[0;0m
 [0;36m41 |[0;0m                     .navigationBarTitleDisplayMode(.inline)
 [0;36m42 |[0;0m                 #endif
 [0;36m43 |[0;0m                 .toolbar [4;39m{[0;0m
    [0;36m|[0;0m                          `- [1;31merror: [1;39mtrailing closure passed to parameter of type 'Visibility' that does not accept a closure[0;0m
 [0;36m44 |[0;0m                     #if canImport(UIKit)
 [0;36m45 |[0;0m                         ToolbarItem(placement: .navigationBarLeading) {

SwiftUI.View.toolbar:6:27: [1;39mnote: [1;39m'toolbar(_:for:)' declared here[0;0m
[0;36m4 |[0;0m   @available(tvOS, introduced: 16.0, deprecated: 100000.0, renamed: "toolbarVisibility(_:for:)")
[0;36m5 |[0;0m   @available(watchOS, introduced: 9.0, deprecated: 100000.0, renamed: "toolbarVisibility(_:for:)")
[0;36m6 |[0;0m   nonisolated public func toolbar(_ visibility: Visibility, for bars: ToolbarPlacement...) -> some View
  [0;36m|[0;0m                           `- [1;39mnote: [1;39m'toolbar(_:for:)' declared here[0;0m
[0;36m7 |[0;0m   }
[0;36m8 |[0;0m 

/Users/danielstevens/github-projects/tools-automation/MomentumFinance/Shared/Features/Transactions/AddTransactionView.swift:85:22: [1;33mwarning: [1;39m'onChange(of:perform:)' was deprecated in macOS 14.0: Use `onChange` with a two or zero parameter action closure instead.[0;0m [#]8;;https://docs.swift.org/compiler/documentation/diagnostics/deprecated-declaration\DeprecatedDeclaration]8;;\]
 [0;36m83 |[0;0m             Section(header: Text("Transaction Details")) {
 [0;36m84 |[0;0m                 TextField("Title", text: self.$title)
 [0;36m85 |[0;0m                     .onChange(of: self.title) { _ in
    [0;36m|[0;0m                      `- [1;33mwarning: [1;39m'onChange(of:perform:)' was deprecated in macOS 14.0: Use `onChange` with a two or zero parameter action closure instead.[0;0m [#]8;;https://docs.swift.org/compiler/documentation/diagnostics/deprecated-declaration\DeprecatedDeclaration]8;;\]
 [0;36m86 |[0;0m                         self.handleTitleChange()
 [0;36m87 |[0;0m                     }

[#DeprecatedDeclaration]: <https://docs.swift.org/compiler/documentation/diagnostics/deprecated-declaration>
[66/148] Compiling Shared SubscriptionRowViews.swift
/Users/danielstevens/github-projects/tools-automation/MomentumFinance/Shared/Features/Subscriptions/SubscriptionManagementViews.swift:109:67: [1;31merror: [1;39mexpected ',' separator[0;0m
[0;36m107 |[0;0m                     Section(header: Text("Notes")) {
[0;36m108 |[0;0m                         TextField(
[0;36m109 |[0;0m                             "Notes (optional).accessibilityLabel("Text Field")",
    [0;36m|[0;0m                                                                   `- [1;31merror: [1;39mexpected ',' separator[0;0m
[0;36m110 |[0;0m                             text: self.$notes,
[0;36m111 |[0;0m                             axis: .vertical

/Users/danielstevens/github-projects/tools-automation/MomentumFinance/Shared/Features/NotificationsView.swift:23:9: [1;31merror: [1;39mproperty 'body' must be declared public because it matches a requirement in public protocol 'View'[0;0m
 [0;36m21 |[0;0m     @State private var isLoading = true
 [0;36m22 |[0;0m 
 [0;36m23 |[0;0m     var body: some View {
    [0;36m|[0;0m         |- [1;31merror: [1;39mproperty 'body' must be declared public because it matches a requirement in public protocol 'View'[0;0m
    [0;36m|[0;0m         `- [1;39mnote: [1;39mmark the property as 'public' to satisfy the requirement[0;0m
 [0;36m24 |[0;0m         NavigationView {
 [0;36m25 |[0;0m             VStack(spacing: 0) {

/Users/danielstevens/github-projects/tools-automation/MomentumFinance/Shared/Features/NotificationsView.swift:266:16: [1;31merror: [1;39mmissing argument for parameter #1 in call[0;0m
[0;36m264 |[0;0m     public var body: some View {
[0;36m265 |[0;0m 
[0;36m266 |[0;0m         Button(action: self.action).accessibilityLabel("Button") {
    [0;36m|[0;0m                `- [1;31merror: [1;39mmissing argument for parameter #1 in call[0;0m
[0;36m267 |[0;0m             HStack(spacing: 8) {
[0;36m268 |[0;0m                 Image(systemName: self.filter.icon)

SwiftUI.Button.init:2:36: [1;39mnote: [1;39m'init(_:action:)' declared here[0;0m
[0;36m1 |[0;0m generic struct Button {
[0;36m2 |[0;0m @preconcurrency nonisolated public init(_ titleKey: LocalizedStringKey, action: @escaping @MainActor () -> Void)}
  [0;36m|[0;0m                                    `- [1;39mnote: [1;39m'init(_:action:)' declared here[0;0m
[0;36m3 |[0;0m 

/Users/danielstevens/github-projects/tools-automation/MomentumFinance/Shared/Features/NotificationsView.swift:266:66: [1;31merror: [1;39mtype '_' cannot be used as a boolean; test for '!= 0' instead[0;0m
[0;36m264 |[0;0m     public var body: some View {
[0;36m265 |[0;0m 
[0;36m266 |[0;0m         Button(action: self.action).accessibilityLabel("Button") {
    [0;36m|[0;0m                                                                  `- [1;31merror: [1;39mtype '_' cannot be used as a boolean; test for '!= 0' instead[0;0m
[0;36m267 |[0;0m             HStack(spacing: 8) {
[0;36m268 |[0;0m                 Image(systemName: self.filter.icon)

/Users/danielstevens/github-projects/tools-automation/MomentumFinance/Shared/Features/Subscriptions/SubscriptionDetailView.swift:240:13: [1;31merror: [1;39mswitch must be exhaustive[0;0m
[0;36m238 |[0;0m 
[0;36m239 |[0;0m         private func billingFrequencyText(_ cycle: BillingCycle) -> String {
[0;36m240 |[0;0m             switch cycle {
    [0;36m|[0;0m             |- [1;31merror: [1;39mswitch must be exhaustive[0;0m
    [0;36m|[0;0m             |- [1;39mnote: [1;39madd missing case: '.daily'[0;0m
    [0;36m|[0;0m             |- [1;39mnote: [1;39madd missing case: '.quarterly'[0;0m
    [0;36m|[0;0m             `- [1;39mnote: [1;39madd missing cases[0;0m
[0;36m241 |[0;0m             case .weekly:
[0;36m242 |[0;0m                 "Billed Weekly"

/Users/danielstevens/github-projects/tools-automation/MomentumFinance/Shared/Features/Subscriptions/SubscriptionManagementViews.swift:108:34: [1;31merror: [1;39mincorrect argument labels in call (have '_:_:text:axis:', expected '_:text:prompt:axis:')[0;0m
[0;36m106 |[0;0m 
[0;36m107 |[0;0m                     Section(header: Text("Notes")) {
[0;36m108 |[0;0m                         TextField(
    [0;36m|[0;0m                                  `- [1;31merror: [1;39mincorrect argument labels in call (have '_:_:text:axis:', expected '_:text:prompt:axis:')[0;0m
[0;36m109 |[0;0m                             "Notes (optional).accessibilityLabel("Text Field")",
[0;36m110 |[0;0m                             text: self.$notes,

/Users/danielstevens/github-projects/tools-automation/MomentumFinance/Shared/Features/Subscriptions/SubscriptionManagementViews.swift:109:67: [1;31merror: [1;39mcannot convert value of type 'Text.Type' to expected argument type 'Text'[0;0m
[0;36m107 |[0;0m                     Section(header: Text("Notes")) {
[0;36m108 |[0;0m                         TextField(
[0;36m109 |[0;0m                             "Notes (optional).accessibilityLabel("Text Field")",
    [0;36m|[0;0m                                                                   `- [1;31merror: [1;39mcannot convert value of type 'Text.Type' to expected argument type 'Text'[0;0m
[0;36m110 |[0;0m                             text: self.$notes,
[0;36m111 |[0;0m                             axis: .vertical

/Users/danielstevens/github-projects/tools-automation/MomentumFinance/Shared/Features/Subscriptions/SubscriptionManagementViews.swift:139:40: [1;31merror: [1;39mcannot convert value of type 'String' to expected argument type 'PrimitiveButtonStyleConfiguration'[0;0m
[0;36m137 |[0;0m                         #else
[0;36m138 |[0;0m                             ToolbarItem(placement: .cancellationAction) {
[0;36m139 |[0;0m                                 Button("Cancel").accessibilityLabel("Button") {
    [0;36m|[0;0m                                        `- [1;31merror: [1;39mcannot convert value of type 'String' to expected argument type 'PrimitiveButtonStyleConfiguration'[0;0m
[0;36m140 |[0;0m                                     self.dismiss()
[0;36m141 |[0;0m                                 }

/Users/danielstevens/github-projects/tools-automation/MomentumFinance/Shared/Features/Subscriptions/SubscriptionManagementViews.swift:139:79: [1;31merror: [1;39mtype '_' cannot be used as a boolean; test for '!= 0' instead[0;0m
[0;36m137 |[0;0m                         #else
[0;36m138 |[0;0m                             ToolbarItem(placement: .cancellationAction) {
[0;36m139 |[0;0m                                 Button("Cancel").accessibilityLabel("Button") {
    [0;36m|[0;0m                                                                               `- [1;31merror: [1;39mtype '_' cannot be used as a boolean; test for '!= 0' instead[0;0m
[0;36m140 |[0;0m                                     self.dismiss()
[0;36m141 |[0;0m                                 }

/Users/danielstevens/github-projects/tools-automation/MomentumFinance/Shared/Features/Subscriptions/SubscriptionSummaryViews.swift:38:38: [1;31merror: [1;39mmissing argument label 'into:' in call[0;0m
 [0;36m36 |[0;0m 
 [0;36m37 |[0;0m         private var monthlyTotal: Double {
 [0;36m38 |[0;0m             self.subscriptions.reduce(0) { total, subscription in
    [0;36m|[0;0m                                      `- [1;31merror: [1;39mmissing argument label 'into:' in call[0;0m
 [0;36m39 |[0;0m                 total + subscription.monthlyEquivalent
 [0;36m40 |[0;0m             }

/Users/danielstevens/github-projects/tools-automation/MomentumFinance/Shared/Features/Subscriptions/SubscriptionSummaryViews.swift:38:32: [1;31merror: [1;39mno 'reduce' candidates produce the expected contextual result type 'Double'[0;0m
 [0;36m36 |[0;0m 
 [0;36m37 |[0;0m         private var monthlyTotal: Double {
 [0;36m38 |[0;0m             self.subscriptions.reduce(0) { total, subscription in
    [0;36m|[0;0m                                `- [1;31merror: [1;39mno 'reduce' candidates produce the expected contextual result type 'Double'[0;0m
 [0;36m39 |[0;0m                 total + subscription.monthlyEquivalent
 [0;36m40 |[0;0m             }

Swift.Sequence.reduce:2:24: [1;39mnote: [1;39m'reduce(into:_:)' produces '(String, _) -> String', not the expected contextual result type 'Double'[0;0m
[0;36m1 |[0;0m protocol Sequence {
[0;36m2 |[0;0m @inlinable public func reduce<Result>(into initialResult: __owned Result, _ updateAccumulatingResult: (_ partialResult: inout Result, Self.Element) throws -> ()) rethrows -> Result}
  [0;36m|[0;0m                        |- [1;39mnote: [1;39m'reduce(into:_:)' produces '(String, _) -> String', not the expected contextual result type 'Double'[0;0m
  [0;36m|[0;0m                        |- [1;39mnote: [1;39m'reduce(into:_:)' produces '(Duration, _) -> Duration', not the expected contextual result type 'Double'[0;0m
  [0;36m|[0;0m                        |- [1;39mnote: [1;39m'reduce(into:_:)' produces '(Int128, _) -> Int128', not the expected contextual result type 'Double'[0;0m
  [0;36m|[0;0m                        |- [1;39mnote: [1;39m'reduce(into:_:)' produces '(UInt128, _) -> UInt128', not the expected contextual result type 'Double'[0;0m
  [0;36m|[0;0m                        |- [1;39mnote: [1;39m'reduce(into:_:)' produces '(Float16, _) -> Float16', not the expected contextual result type 'Double'[0;0m
  [0;36m|[0;0m                        |- [1;39mnote: [1;39m'reduce(into:_:)' produces '(Float, _) -> Float', not the expected contextual result type 'Double'[0;0m
  [0;36m|[0;0m                        |- [1;39mnote: [1;39m'reduce(into:_:)' produces '(Double, _) -> Double', not the expected contextual result type 'Double'[0;0m
  [0;36m|[0;0m                        |- [1;39mnote: [1;39m'reduce(into:_:)' produces '(UInt8, _) -> UInt8', not the expected contextual result type 'Double'[0;0m
  [0;36m|[0;0m                        |- [1;39mnote: [1;39m'reduce(into:_:)' produces '(Int8, _) -> Int8', not the expected contextual result type 'Double'[0;0m
  [0;36m|[0;0m                        |- [1;39mnote: [1;39m'reduce(into:_:)' produces '(UInt16, _) -> UInt16', not the expected contextual result type 'Double'[0;0m
  [0;36m|[0;0m                        |- [1;39mnote: [1;39m'reduce(into:_:)' produces '(Int16, _) -> Int16', not the expected contextual result type 'Double'[0;0m
  [0;36m|[0;0m                        |- [1;39mnote: [1;39m'reduce(into:_:)' produces '(UInt32, _) -> UInt32', not the expected contextual result type 'Double'[0;0m
  [0;36m|[0;0m                        |- [1;39mnote: [1;39m'reduce(into:_:)' produces '(Int32, _) -> Int32', not the expected contextual result type 'Double'[0;0m
  [0;36m|[0;0m                        |- [1;39mnote: [1;39m'reduce(into:_:)' produces '(UInt64, _) -> UInt64', not the expected contextual result type 'Double'[0;0m
  [0;36m|[0;0m                        |- [1;39mnote: [1;39m'reduce(into:_:)' produces '(Int64, _) -> Int64', not the expected contextual result type 'Double'[0;0m
  [0;36m|[0;0m                        |- [1;39mnote: [1;39m'reduce(into:_:)' produces '(UInt, _) -> UInt', not the expected contextual result type 'Double'[0;0m
  [0;36m|[0;0m                        |- [1;39mnote: [1;39m'reduce(into:_:)' produces '(Int, _) -> Int', not the expected contextual result type 'Double'[0;0m
  [0;36m|[0;0m                        |- [1;39mnote: [1;39m'reduce(into:_:)' produces '(ContinuousClock.Instant, _) -> ContinuousClock.Instant', not the expected contextual result type 'Double'[0;0m
  [0;36m|[0;0m                        |- [1;39mnote: [1;39m'reduce(into:_:)' produces '(SuspendingClock.Instant, _) -> SuspendingClock.Instant', not the expected contextual result type 'Double'[0;0m
  [0;36m|[0;0m                        |- [1;39mnote: [1;39m'reduce(into:_:)' produces '(DispatchTime, _) -> DispatchTime', not the expected contextual result type 'Double'[0;0m
  [0;36m|[0;0m                        |- [1;39mnote: [1;39m'reduce(into:_:)' produces '(DispatchTime, _) -> DispatchTime', not the expected contextual result type 'Double'[0;0m
  [0;36m|[0;0m                        |- [1;39mnote: [1;39m'reduce(into:_:)' produces '(DispatchWallTime, _) -> DispatchWallTime', not the expected contextual result type 'Double'[0;0m
  [0;36m|[0;0m                        |- [1;39mnote: [1;39m'reduce(into:_:)' produces '(DispatchWallTime, _) -> DispatchWallTime', not the expected contextual result type 'Double'[0;0m
  [0;36m|[0;0m                        |- [1;39mnote: [1;39m'reduce(into:_:)' produces '(DispatchQueue.SchedulerTimeType.Stride, _) -> DispatchQueue.SchedulerTimeType.Stride', not the expected contextual result type 'Double'[0;0m
  [0;36m|[0;0m                        |- [1;39mnote: [1;39m'reduce(into:_:)' produces '(CGFloat, _) -> CGFloat', not the expected contextual result type 'Double'[0;0m
  [0;36m|[0;0m                        |- [1;39mnote: [1;39m'reduce(into:_:)' produces '(RunLoop.SchedulerTimeType.Stride, _) -> RunLoop.SchedulerTimeType.Stride', not the expected contextual result type 'Double'[0;0m
  [0;36m|[0;0m                        |- [1;39mnote: [1;39m'reduce(into:_:)' produces '(AttributedString, _) -> AttributedString', not the expected contextual result type 'Double'[0;0m
  [0;36m|[0;0m                        |- [1;39mnote: [1;39m'reduce(into:_:)' produces '(Decimal, _) -> Decimal', not the expected contextual result type 'Double'[0;0m
  [0;36m|[0;0m                        |- [1;39mnote: [1;39m'reduce(into:_:)' produces '(Date, _) -> Date', not the expected contextual result type 'Double'[0;0m
  [0;36m|[0;0m                        |- [1;39mnote: [1;39m'reduce(into:_:)' produces '(IndexPath, _) -> IndexPath', not the expected contextual result type 'Double'[0;0m
  [0;36m|[0;0m                        |- [1;39mnote: [1;39m'reduce(into:_:)' produces '(OperationQueue.SchedulerTimeType.Stride, _) -> OperationQueue.SchedulerTimeType.Stride', not the expected contextual result type 'Double'[0;0m
  [0;36m|[0;0m                        |- [1;39mnote: [1;39m'reduce(into:_:)' produces '(_AnyAnimatableData, _) -> _AnyAnimatableData', not the expected contextual result type 'Double'[0;0m
  [0;36m|[0;0m                        |- [1;39mnote: [1;39m'reduce(into:_:)' produces '(Color.ResolvedHDR._Animatable, _) -> Color.ResolvedHDR._Animatable', not the expected contextual result type 'Double'[0;0m
  [0;36m|[0;0m                        |- [1;39mnote: [1;39m'reduce(into:_:)' produces '(Text, _) -> Text', not the expected contextual result type 'Double'[0;0m
  [0;36m|[0;0m                        |- [1;39mnote: [1;39m'reduce(into:_:)' produces '(ConcentricRectangle.AnimatableData, _) -> ConcentricRectangle.AnimatableData', not the expected contextual result type 'Double'[0;0m
  [0;36m|[0;0m                        |- [1;39mnote: [1;39m'reduce(into:_:)' produces '(RoundedRectangularShapeCorners.AnimatableData, _) -> RoundedRectangularShapeCorners.AnimatableData', not the expected contextual result type 'Double'[0;0m
  [0;36m|[0;0m                        |- [1;39mnote: [1;39m'reduce(into:_:)' produces '(EmptyAnimatableData, _) -> EmptyAnimatableData', not the expected contextual result type 'Double'[0;0m
  [0;36m|[0;0m                        |- [1;39mnote: [1;39m'reduce(into:_:)' produces '(Edge.Corner.Style.AnimatableData, _) -> Edge.Corner.Style.AnimatableData', not the expected contextual result type 'Double'[0;0m
  [0;36m|[0;0m                        |- [1;39mnote: [1;39m'reduce(into:_:)' produces '(Measurement<Dimension>, _) -> Measurement<Dimension>', not the expected contextual result type 'Double'[0;0m
  [0;36m|[0;0m                        `- [1;39mnote: [1;39m'reduce(into:_:)' produces '(Measurement<Unit>, _) -> Measurement<Unit>', not the expected contextual result type 'Double'[0;0m
[0;36m3 |[0;0m 

/Users/danielstevens/github-projects/tools-automation/MomentumFinance/Shared/Features/Subscriptions/SubscriptionSummaryViews.swift:203:38: [1;31merror: [1;39mmissing argument label 'into:' in call[0;0m
[0;36m201 |[0;0m 
[0;36m202 |[0;0m         private var monthlyTotal: Double {
[0;36m203 |[0;0m             self.subscriptions.reduce(0) { total, subscription in
    [0;36m|[0;0m                                      `- [1;31merror: [1;39mmissing argument label 'into:' in call[0;0m
[0;36m204 |[0;0m                 total + subscription.monthlyEquivalent
[0;36m205 |[0;0m             }

/Users/danielstevens/github-projects/tools-automation/MomentumFinance/Shared/Features/Subscriptions/SubscriptionSummaryViews.swift:203:32: [1;31merror: [1;39mno 'reduce' candidates produce the expected contextual result type 'Double'[0;0m
[0;36m201 |[0;0m 
[0;36m202 |[0;0m         private var monthlyTotal: Double {
[0;36m203 |[0;0m             self.subscriptions.reduce(0) { total, subscription in
    [0;36m|[0;0m                                `- [1;31merror: [1;39mno 'reduce' candidates produce the expected contextual result type 'Double'[0;0m
[0;36m204 |[0;0m                 total + subscription.monthlyEquivalent
[0;36m205 |[0;0m             }

Swift.Sequence.reduce:2:24: [1;39mnote: [1;39m'reduce(into:_:)' produces '(String, _) -> String', not the expected contextual result type 'Double'[0;0m
[0;36m1 |[0;0m protocol Sequence {
[0;36m2 |[0;0m @inlinable public func reduce<Result>(into initialResult: __owned Result, _ updateAccumulatingResult: (_ partialResult: inout Result, Self.Element) throws -> ()) rethrows -> Result}
  [0;36m|[0;0m                        |- [1;39mnote: [1;39m'reduce(into:_:)' produces '(String, _) -> String', not the expected contextual result type 'Double'[0;0m
  [0;36m|[0;0m                        |- [1;39mnote: [1;39m'reduce(into:_:)' produces '(Duration, _) -> Duration', not the expected contextual result type 'Double'[0;0m
  [0;36m|[0;0m                        |- [1;39mnote: [1;39m'reduce(into:_:)' produces '(Int128, _) -> Int128', not the expected contextual result type 'Double'[0;0m
  [0;36m|[0;0m                        |- [1;39mnote: [1;39m'reduce(into:_:)' produces '(UInt128, _) -> UInt128', not the expected contextual result type 'Double'[0;0m
  [0;36m|[0;0m                        |- [1;39mnote: [1;39m'reduce(into:_:)' produces '(Float16, _) -> Float16', not the expected contextual result type 'Double'[0;0m
  [0;36m|[0;0m                        |- [1;39mnote: [1;39m'reduce(into:_:)' produces '(Float, _) -> Float', not the expected contextual result type 'Double'[0;0m
  [0;36m|[0;0m                        |- [1;39mnote: [1;39m'reduce(into:_:)' produces '(Double, _) -> Double', not the expected contextual result type 'Double'[0;0m
  [0;36m|[0;0m                        |- [1;39mnote: [1;39m'reduce(into:_:)' produces '(UInt8, _) -> UInt8', not the expected contextual result type 'Double'[0;0m
  [0;36m|[0;0m                        |- [1;39mnote: [1;39m'reduce(into:_:)' produces '(Int8, _) -> Int8', not the expected contextual result type 'Double'[0;0m
  [0;36m|[0;0m                        |- [1;39mnote: [1;39m'reduce(into:_:)' produces '(UInt16, _) -> UInt16', not the expected contextual result type 'Double'[0;0m
  [0;36m|[0;0m                        |- [1;39mnote: [1;39m'reduce(into:_:)' produces '(Int16, _) -> Int16', not the expected contextual result type 'Double'[0;0m
  [0;36m|[0;0m                        |- [1;39mnote: [1;39m'reduce(into:_:)' produces '(UInt32, _) -> UInt32', not the expected contextual result type 'Double'[0;0m
  [0;36m|[0;0m                        |- [1;39mnote: [1;39m'reduce(into:_:)' produces '(Int32, _) -> Int32', not the expected contextual result type 'Double'[0;0m
  [0;36m|[0;0m                        |- [1;39mnote: [1;39m'reduce(into:_:)' produces '(UInt64, _) -> UInt64', not the expected contextual result type 'Double'[0;0m
  [0;36m|[0;0m                        |- [1;39mnote: [1;39m'reduce(into:_:)' produces '(Int64, _) -> Int64', not the expected contextual result type 'Double'[0;0m
  [0;36m|[0;0m                        |- [1;39mnote: [1;39m'reduce(into:_:)' produces '(UInt, _) -> UInt', not the expected contextual result type 'Double'[0;0m
  [0;36m|[0;0m                        |- [1;39mnote: [1;39m'reduce(into:_:)' produces '(Int, _) -> Int', not the expected contextual result type 'Double'[0;0m
  [0;36m|[0;0m                        |- [1;39mnote: [1;39m'reduce(into:_:)' produces '(ContinuousClock.Instant, _) -> ContinuousClock.Instant', not the expected contextual result type 'Double'[0;0m
  [0;36m|[0;0m                        |- [1;39mnote: [1;39m'reduce(into:_:)' produces '(SuspendingClock.Instant, _) -> SuspendingClock.Instant', not the expected contextual result type 'Double'[0;0m
  [0;36m|[0;0m                        |- [1;39mnote: [1;39m'reduce(into:_:)' produces '(DispatchTime, _) -> DispatchTime', not the expected contextual result type 'Double'[0;0m
  [0;36m|[0;0m                        |- [1;39mnote: [1;39m'reduce(into:_:)' produces '(DispatchTime, _) -> DispatchTime', not the expected contextual result type 'Double'[0;0m
  [0;36m|[0;0m                        |- [1;39mnote: [1;39m'reduce(into:_:)' produces '(DispatchWallTime, _) -> DispatchWallTime', not the expected contextual result type 'Double'[0;0m
  [0;36m|[0;0m                        |- [1;39mnote: [1;39m'reduce(into:_:)' produces '(DispatchWallTime, _) -> DispatchWallTime', not the expected contextual result type 'Double'[0;0m
  [0;36m|[0;0m                        |- [1;39mnote: [1;39m'reduce(into:_:)' produces '(DispatchQueue.SchedulerTimeType.Stride, _) -> DispatchQueue.SchedulerTimeType.Stride', not the expected contextual result type 'Double'[0;0m
  [0;36m|[0;0m                        |- [1;39mnote: [1;39m'reduce(into:_:)' produces '(CGFloat, _) -> CGFloat', not the expected contextual result type 'Double'[0;0m
  [0;36m|[0;0m                        |- [1;39mnote: [1;39m'reduce(into:_:)' produces '(RunLoop.SchedulerTimeType.Stride, _) -> RunLoop.SchedulerTimeType.Stride', not the expected contextual result type 'Double'[0;0m
  [0;36m|[0;0m                        |- [1;39mnote: [1;39m'reduce(into:_:)' produces '(AttributedString, _) -> AttributedString', not the expected contextual result type 'Double'[0;0m
  [0;36m|[0;0m                        |- [1;39mnote: [1;39m'reduce(into:_:)' produces '(Decimal, _) -> Decimal', not the expected contextual result type 'Double'[0;0m
  [0;36m|[0;0m                        |- [1;39mnote: [1;39m'reduce(into:_:)' produces '(Date, _) -> Date', not the expected contextual result type 'Double'[0;0m
  [0;36m|[0;0m                        |- [1;39mnote: [1;39m'reduce(into:_:)' produces '(IndexPath, _) -> IndexPath', not the expected contextual result type 'Double'[0;0m
  [0;36m|[0;0m                        |- [1;39mnote: [1;39m'reduce(into:_:)' produces '(OperationQueue.SchedulerTimeType.Stride, _) -> OperationQueue.SchedulerTimeType.Stride', not the expected contextual result type 'Double'[0;0m
  [0;36m|[0;0m                        |- [1;39mnote: [1;39m'reduce(into:_:)' produces '(_AnyAnimatableData, _) -> _AnyAnimatableData', not the expected contextual result type 'Double'[0;0m
  [0;36m|[0;0m                        |- [1;39mnote: [1;39m'reduce(into:_:)' produces '(Color.ResolvedHDR._Animatable, _) -> Color.ResolvedHDR._Animatable', not the expected contextual result type 'Double'[0;0m
  [0;36m|[0;0m                        |- [1;39mnote: [1;39m'reduce(into:_:)' produces '(Text, _) -> Text', not the expected contextual result type 'Double'[0;0m
  [0;36m|[0;0m                        |- [1;39mnote: [1;39m'reduce(into:_:)' produces '(ConcentricRectangle.AnimatableData, _) -> ConcentricRectangle.AnimatableData', not the expected contextual result type 'Double'[0;0m
  [0;36m|[0;0m                        |- [1;39mnote: [1;39m'reduce(into:_:)' produces '(RoundedRectangularShapeCorners.AnimatableData, _) -> RoundedRectangularShapeCorners.AnimatableData', not the expected contextual result type 'Double'[0;0m
  [0;36m|[0;0m                        |- [1;39mnote: [1;39m'reduce(into:_:)' produces '(EmptyAnimatableData, _) -> EmptyAnimatableData', not the expected contextual result type 'Double'[0;0m
  [0;36m|[0;0m                        |- [1;39mnote: [1;39m'reduce(into:_:)' produces '(Edge.Corner.Style.AnimatableData, _) -> Edge.Corner.Style.AnimatableData', not the expected contextual result type 'Double'[0;0m
  [0;36m|[0;0m                        |- [1;39mnote: [1;39m'reduce(into:_:)' produces '(Measurement<Dimension>, _) -> Measurement<Dimension>', not the expected contextual result type 'Double'[0;0m
  [0;36m|[0;0m                        `- [1;39mnote: [1;39m'reduce(into:_:)' produces '(Measurement<Unit>, _) -> Measurement<Unit>', not the expected contextual result type 'Double'[0;0m
[0;36m3 |[0;0m 

/Users/danielstevens/github-projects/tools-automation/MomentumFinance/Shared/Features/Transactions/AddTransactionView.swift:43:26: [1;31merror: [1;39mtrailing closure passed to parameter of type 'Visibility' that does not accept a closure[0;0m
 [0;36m41 |[0;0m                     .navigationBarTitleDisplayMode(.inline)
 [0;36m42 |[0;0m                 #endif
 [0;36m43 |[0;0m                 .toolbar [4;39m{[0;0m
    [0;36m|[0;0m                          `- [1;31merror: [1;39mtrailing closure passed to parameter of type 'Visibility' that does not accept a closure[0;0m
 [0;36m44 |[0;0m                     #if canImport(UIKit)
 [0;36m45 |[0;0m                         ToolbarItem(placement: .navigationBarLeading) {

SwiftUI.View.toolbar:6:27: [1;39mnote: [1;39m'toolbar(_:for:)' declared here[0;0m
[0;36m4 |[0;0m   @available(tvOS, introduced: 16.0, deprecated: 100000.0, renamed: "toolbarVisibility(_:for:)")
[0;36m5 |[0;0m   @available(watchOS, introduced: 9.0, deprecated: 100000.0, renamed: "toolbarVisibility(_:for:)")
[0;36m6 |[0;0m   nonisolated public func toolbar(_ visibility: Visibility, for bars: ToolbarPlacement...) -> some View
  [0;36m|[0;0m                           `- [1;39mnote: [1;39m'toolbar(_:for:)' declared here[0;0m
[0;36m7 |[0;0m   }
[0;36m8 |[0;0m 

/Users/danielstevens/github-projects/tools-automation/MomentumFinance/Shared/Features/Transactions/AddTransactionView.swift:85:22: [1;33mwarning: [1;39m'onChange(of:perform:)' was deprecated in macOS 14.0: Use `onChange` with a two or zero parameter action closure instead.[0;0m [#]8;;https://docs.swift.org/compiler/documentation/diagnostics/deprecated-declaration\DeprecatedDeclaration]8;;\]
 [0;36m83 |[0;0m             Section(header: Text("Transaction Details")) {
 [0;36m84 |[0;0m                 TextField("Title", text: self.$title)
 [0;36m85 |[0;0m                     .onChange(of: self.title) { _ in
    [0;36m|[0;0m                      `- [1;33mwarning: [1;39m'onChange(of:perform:)' was deprecated in macOS 14.0: Use `onChange` with a two or zero parameter action closure instead.[0;0m [#]8;;https://docs.swift.org/compiler/documentation/diagnostics/deprecated-declaration\DeprecatedDeclaration]8;;\]
 [0;36m86 |[0;0m                         self.handleTitleChange()
 [0;36m87 |[0;0m                     }

[#DeprecatedDeclaration]: <https://docs.swift.org/compiler/documentation/diagnostics/deprecated-declaration>
[67/148] Compiling Shared SubscriptionSummaryViews.swift
/Users/danielstevens/github-projects/tools-automation/MomentumFinance/Shared/Features/Subscriptions/SubscriptionManagementViews.swift:109:67: [1;31merror: [1;39mexpected ',' separator[0;0m
[0;36m107 |[0;0m                     Section(header: Text("Notes")) {
[0;36m108 |[0;0m                         TextField(
[0;36m109 |[0;0m                             "Notes (optional).accessibilityLabel("Text Field")",
    [0;36m|[0;0m                                                                   `- [1;31merror: [1;39mexpected ',' separator[0;0m
[0;36m110 |[0;0m                             text: self.$notes,
[0;36m111 |[0;0m                             axis: .vertical

/Users/danielstevens/github-projects/tools-automation/MomentumFinance/Shared/Features/NotificationsView.swift:23:9: [1;31merror: [1;39mproperty 'body' must be declared public because it matches a requirement in public protocol 'View'[0;0m
 [0;36m21 |[0;0m     @State private var isLoading = true
 [0;36m22 |[0;0m 
 [0;36m23 |[0;0m     var body: some View {
    [0;36m|[0;0m         |- [1;31merror: [1;39mproperty 'body' must be declared public because it matches a requirement in public protocol 'View'[0;0m
    [0;36m|[0;0m         `- [1;39mnote: [1;39mmark the property as 'public' to satisfy the requirement[0;0m
 [0;36m24 |[0;0m         NavigationView {
 [0;36m25 |[0;0m             VStack(spacing: 0) {

/Users/danielstevens/github-projects/tools-automation/MomentumFinance/Shared/Features/NotificationsView.swift:266:16: [1;31merror: [1;39mmissing argument for parameter #1 in call[0;0m
[0;36m264 |[0;0m     public var body: some View {
[0;36m265 |[0;0m 
[0;36m266 |[0;0m         Button(action: self.action).accessibilityLabel("Button") {
    [0;36m|[0;0m                `- [1;31merror: [1;39mmissing argument for parameter #1 in call[0;0m
[0;36m267 |[0;0m             HStack(spacing: 8) {
[0;36m268 |[0;0m                 Image(systemName: self.filter.icon)

SwiftUI.Button.init:2:36: [1;39mnote: [1;39m'init(_:action:)' declared here[0;0m
[0;36m1 |[0;0m generic struct Button {
[0;36m2 |[0;0m @preconcurrency nonisolated public init(_ titleKey: LocalizedStringKey, action: @escaping @MainActor () -> Void)}
  [0;36m|[0;0m                                    `- [1;39mnote: [1;39m'init(_:action:)' declared here[0;0m
[0;36m3 |[0;0m 

/Users/danielstevens/github-projects/tools-automation/MomentumFinance/Shared/Features/NotificationsView.swift:266:66: [1;31merror: [1;39mtype '_' cannot be used as a boolean; test for '!= 0' instead[0;0m
[0;36m264 |[0;0m     public var body: some View {
[0;36m265 |[0;0m 
[0;36m266 |[0;0m         Button(action: self.action).accessibilityLabel("Button") {
    [0;36m|[0;0m                                                                  `- [1;31merror: [1;39mtype '_' cannot be used as a boolean; test for '!= 0' instead[0;0m
[0;36m267 |[0;0m             HStack(spacing: 8) {
[0;36m268 |[0;0m                 Image(systemName: self.filter.icon)

/Users/danielstevens/github-projects/tools-automation/MomentumFinance/Shared/Features/Subscriptions/SubscriptionDetailView.swift:240:13: [1;31merror: [1;39mswitch must be exhaustive[0;0m
[0;36m238 |[0;0m 
[0;36m239 |[0;0m         private func billingFrequencyText(_ cycle: BillingCycle) -> String {
[0;36m240 |[0;0m             switch cycle {
    [0;36m|[0;0m             |- [1;31merror: [1;39mswitch must be exhaustive[0;0m
    [0;36m|[0;0m             |- [1;39mnote: [1;39madd missing case: '.daily'[0;0m
    [0;36m|[0;0m             |- [1;39mnote: [1;39madd missing case: '.quarterly'[0;0m
    [0;36m|[0;0m             `- [1;39mnote: [1;39madd missing cases[0;0m
[0;36m241 |[0;0m             case .weekly:
[0;36m242 |[0;0m                 "Billed Weekly"

/Users/danielstevens/github-projects/tools-automation/MomentumFinance/Shared/Features/Subscriptions/SubscriptionManagementViews.swift:108:34: [1;31merror: [1;39mincorrect argument labels in call (have '_:_:text:axis:', expected '_:text:prompt:axis:')[0;0m
[0;36m106 |[0;0m 
[0;36m107 |[0;0m                     Section(header: Text("Notes")) {
[0;36m108 |[0;0m                         TextField(
    [0;36m|[0;0m                                  `- [1;31merror: [1;39mincorrect argument labels in call (have '_:_:text:axis:', expected '_:text:prompt:axis:')[0;0m
[0;36m109 |[0;0m                             "Notes (optional).accessibilityLabel("Text Field")",
[0;36m110 |[0;0m                             text: self.$notes,

/Users/danielstevens/github-projects/tools-automation/MomentumFinance/Shared/Features/Subscriptions/SubscriptionManagementViews.swift:109:67: [1;31merror: [1;39mcannot convert value of type 'Text.Type' to expected argument type 'Text'[0;0m
[0;36m107 |[0;0m                     Section(header: Text("Notes")) {
[0;36m108 |[0;0m                         TextField(
[0;36m109 |[0;0m                             "Notes (optional).accessibilityLabel("Text Field")",
    [0;36m|[0;0m                                                                   `- [1;31merror: [1;39mcannot convert value of type 'Text.Type' to expected argument type 'Text'[0;0m
[0;36m110 |[0;0m                             text: self.$notes,
[0;36m111 |[0;0m                             axis: .vertical

/Users/danielstevens/github-projects/tools-automation/MomentumFinance/Shared/Features/Subscriptions/SubscriptionManagementViews.swift:139:40: [1;31merror: [1;39mcannot convert value of type 'String' to expected argument type 'PrimitiveButtonStyleConfiguration'[0;0m
[0;36m137 |[0;0m                         #else
[0;36m138 |[0;0m                             ToolbarItem(placement: .cancellationAction) {
[0;36m139 |[0;0m                                 Button("Cancel").accessibilityLabel("Button") {
    [0;36m|[0;0m                                        `- [1;31merror: [1;39mcannot convert value of type 'String' to expected argument type 'PrimitiveButtonStyleConfiguration'[0;0m
[0;36m140 |[0;0m                                     self.dismiss()
[0;36m141 |[0;0m                                 }

/Users/danielstevens/github-projects/tools-automation/MomentumFinance/Shared/Features/Subscriptions/SubscriptionManagementViews.swift:139:79: [1;31merror: [1;39mtype '_' cannot be used as a boolean; test for '!= 0' instead[0;0m
[0;36m137 |[0;0m                         #else
[0;36m138 |[0;0m                             ToolbarItem(placement: .cancellationAction) {
[0;36m139 |[0;0m                                 Button("Cancel").accessibilityLabel("Button") {
    [0;36m|[0;0m                                                                               `- [1;31merror: [1;39mtype '_' cannot be used as a boolean; test for '!= 0' instead[0;0m
[0;36m140 |[0;0m                                     self.dismiss()
[0;36m141 |[0;0m                                 }

/Users/danielstevens/github-projects/tools-automation/MomentumFinance/Shared/Features/Subscriptions/SubscriptionSummaryViews.swift:38:38: [1;31merror: [1;39mmissing argument label 'into:' in call[0;0m
 [0;36m36 |[0;0m 
 [0;36m37 |[0;0m         private var monthlyTotal: Double {
 [0;36m38 |[0;0m             self.subscriptions.reduce(0) { total, subscription in
    [0;36m|[0;0m                                      `- [1;31merror: [1;39mmissing argument label 'into:' in call[0;0m
 [0;36m39 |[0;0m                 total + subscription.monthlyEquivalent
 [0;36m40 |[0;0m             }

/Users/danielstevens/github-projects/tools-automation/MomentumFinance/Shared/Features/Subscriptions/SubscriptionSummaryViews.swift:38:32: [1;31merror: [1;39mno 'reduce' candidates produce the expected contextual result type 'Double'[0;0m
 [0;36m36 |[0;0m 
 [0;36m37 |[0;0m         private var monthlyTotal: Double {
 [0;36m38 |[0;0m             self.subscriptions.reduce(0) { total, subscription in
    [0;36m|[0;0m                                `- [1;31merror: [1;39mno 'reduce' candidates produce the expected contextual result type 'Double'[0;0m
 [0;36m39 |[0;0m                 total + subscription.monthlyEquivalent
 [0;36m40 |[0;0m             }

Swift.Sequence.reduce:2:24: [1;39mnote: [1;39m'reduce(into:_:)' produces '(String, _) -> String', not the expected contextual result type 'Double'[0;0m
[0;36m1 |[0;0m protocol Sequence {
[0;36m2 |[0;0m @inlinable public func reduce<Result>(into initialResult: __owned Result, _ updateAccumulatingResult: (_ partialResult: inout Result, Self.Element) throws -> ()) rethrows -> Result}
  [0;36m|[0;0m                        |- [1;39mnote: [1;39m'reduce(into:_:)' produces '(String, _) -> String', not the expected contextual result type 'Double'[0;0m
  [0;36m|[0;0m                        |- [1;39mnote: [1;39m'reduce(into:_:)' produces '(Duration, _) -> Duration', not the expected contextual result type 'Double'[0;0m
  [0;36m|[0;0m                        |- [1;39mnote: [1;39m'reduce(into:_:)' produces '(Int128, _) -> Int128', not the expected contextual result type 'Double'[0;0m
  [0;36m|[0;0m                        |- [1;39mnote: [1;39m'reduce(into:_:)' produces '(UInt128, _) -> UInt128', not the expected contextual result type 'Double'[0;0m
  [0;36m|[0;0m                        |- [1;39mnote: [1;39m'reduce(into:_:)' produces '(Float16, _) -> Float16', not the expected contextual result type 'Double'[0;0m
  [0;36m|[0;0m                        |- [1;39mnote: [1;39m'reduce(into:_:)' produces '(Float, _) -> Float', not the expected contextual result type 'Double'[0;0m
  [0;36m|[0;0m                        |- [1;39mnote: [1;39m'reduce(into:_:)' produces '(Double, _) -> Double', not the expected contextual result type 'Double'[0;0m
  [0;36m|[0;0m                        |- [1;39mnote: [1;39m'reduce(into:_:)' produces '(UInt8, _) -> UInt8', not the expected contextual result type 'Double'[0;0m
  [0;36m|[0;0m                        |- [1;39mnote: [1;39m'reduce(into:_:)' produces '(Int8, _) -> Int8', not the expected contextual result type 'Double'[0;0m
  [0;36m|[0;0m                        |- [1;39mnote: [1;39m'reduce(into:_:)' produces '(UInt16, _) -> UInt16', not the expected contextual result type 'Double'[0;0m
  [0;36m|[0;0m                        |- [1;39mnote: [1;39m'reduce(into:_:)' produces '(Int16, _) -> Int16', not the expected contextual result type 'Double'[0;0m
  [0;36m|[0;0m                        |- [1;39mnote: [1;39m'reduce(into:_:)' produces '(UInt32, _) -> UInt32', not the expected contextual result type 'Double'[0;0m
  [0;36m|[0;0m                        |- [1;39mnote: [1;39m'reduce(into:_:)' produces '(Int32, _) -> Int32', not the expected contextual result type 'Double'[0;0m
  [0;36m|[0;0m                        |- [1;39mnote: [1;39m'reduce(into:_:)' produces '(UInt64, _) -> UInt64', not the expected contextual result type 'Double'[0;0m
  [0;36m|[0;0m                        |- [1;39mnote: [1;39m'reduce(into:_:)' produces '(Int64, _) -> Int64', not the expected contextual result type 'Double'[0;0m
  [0;36m|[0;0m                        |- [1;39mnote: [1;39m'reduce(into:_:)' produces '(UInt, _) -> UInt', not the expected contextual result type 'Double'[0;0m
  [0;36m|[0;0m                        |- [1;39mnote: [1;39m'reduce(into:_:)' produces '(Int, _) -> Int', not the expected contextual result type 'Double'[0;0m
  [0;36m|[0;0m                        |- [1;39mnote: [1;39m'reduce(into:_:)' produces '(ContinuousClock.Instant, _) -> ContinuousClock.Instant', not the expected contextual result type 'Double'[0;0m
  [0;36m|[0;0m                        |- [1;39mnote: [1;39m'reduce(into:_:)' produces '(SuspendingClock.Instant, _) -> SuspendingClock.Instant', not the expected contextual result type 'Double'[0;0m
  [0;36m|[0;0m                        |- [1;39mnote: [1;39m'reduce(into:_:)' produces '(DispatchTime, _) -> DispatchTime', not the expected contextual result type 'Double'[0;0m
  [0;36m|[0;0m                        |- [1;39mnote: [1;39m'reduce(into:_:)' produces '(DispatchTime, _) -> DispatchTime', not the expected contextual result type 'Double'[0;0m
  [0;36m|[0;0m                        |- [1;39mnote: [1;39m'reduce(into:_:)' produces '(DispatchWallTime, _) -> DispatchWallTime', not the expected contextual result type 'Double'[0;0m
  [0;36m|[0;0m                        |- [1;39mnote: [1;39m'reduce(into:_:)' produces '(DispatchWallTime, _) -> DispatchWallTime', not the expected contextual result type 'Double'[0;0m
  [0;36m|[0;0m                        |- [1;39mnote: [1;39m'reduce(into:_:)' produces '(DispatchQueue.SchedulerTimeType.Stride, _) -> DispatchQueue.SchedulerTimeType.Stride', not the expected contextual result type 'Double'[0;0m
  [0;36m|[0;0m                        |- [1;39mnote: [1;39m'reduce(into:_:)' produces '(CGFloat, _) -> CGFloat', not the expected contextual result type 'Double'[0;0m
  [0;36m|[0;0m                        |- [1;39mnote: [1;39m'reduce(into:_:)' produces '(RunLoop.SchedulerTimeType.Stride, _) -> RunLoop.SchedulerTimeType.Stride', not the expected contextual result type 'Double'[0;0m
  [0;36m|[0;0m                        |- [1;39mnote: [1;39m'reduce(into:_:)' produces '(AttributedString, _) -> AttributedString', not the expected contextual result type 'Double'[0;0m
  [0;36m|[0;0m                        |- [1;39mnote: [1;39m'reduce(into:_:)' produces '(Decimal, _) -> Decimal', not the expected contextual result type 'Double'[0;0m
  [0;36m|[0;0m                        |- [1;39mnote: [1;39m'reduce(into:_:)' produces '(Date, _) -> Date', not the expected contextual result type 'Double'[0;0m
  [0;36m|[0;0m                        |- [1;39mnote: [1;39m'reduce(into:_:)' produces '(IndexPath, _) -> IndexPath', not the expected contextual result type 'Double'[0;0m
  [0;36m|[0;0m                        |- [1;39mnote: [1;39m'reduce(into:_:)' produces '(OperationQueue.SchedulerTimeType.Stride, _) -> OperationQueue.SchedulerTimeType.Stride', not the expected contextual result type 'Double'[0;0m
  [0;36m|[0;0m                        |- [1;39mnote: [1;39m'reduce(into:_:)' produces '(_AnyAnimatableData, _) -> _AnyAnimatableData', not the expected contextual result type 'Double'[0;0m
  [0;36m|[0;0m                        |- [1;39mnote: [1;39m'reduce(into:_:)' produces '(Color.ResolvedHDR._Animatable, _) -> Color.ResolvedHDR._Animatable', not the expected contextual result type 'Double'[0;0m
  [0;36m|[0;0m                        |- [1;39mnote: [1;39m'reduce(into:_:)' produces '(Text, _) -> Text', not the expected contextual result type 'Double'[0;0m
  [0;36m|[0;0m                        |- [1;39mnote: [1;39m'reduce(into:_:)' produces '(ConcentricRectangle.AnimatableData, _) -> ConcentricRectangle.AnimatableData', not the expected contextual result type 'Double'[0;0m
  [0;36m|[0;0m                        |- [1;39mnote: [1;39m'reduce(into:_:)' produces '(RoundedRectangularShapeCorners.AnimatableData, _) -> RoundedRectangularShapeCorners.AnimatableData', not the expected contextual result type 'Double'[0;0m
  [0;36m|[0;0m                        |- [1;39mnote: [1;39m'reduce(into:_:)' produces '(EmptyAnimatableData, _) -> EmptyAnimatableData', not the expected contextual result type 'Double'[0;0m
  [0;36m|[0;0m                        |- [1;39mnote: [1;39m'reduce(into:_:)' produces '(Edge.Corner.Style.AnimatableData, _) -> Edge.Corner.Style.AnimatableData', not the expected contextual result type 'Double'[0;0m
  [0;36m|[0;0m                        |- [1;39mnote: [1;39m'reduce(into:_:)' produces '(Measurement<Dimension>, _) -> Measurement<Dimension>', not the expected contextual result type 'Double'[0;0m
  [0;36m|[0;0m                        `- [1;39mnote: [1;39m'reduce(into:_:)' produces '(Measurement<Unit>, _) -> Measurement<Unit>', not the expected contextual result type 'Double'[0;0m
[0;36m3 |[0;0m 

/Users/danielstevens/github-projects/tools-automation/MomentumFinance/Shared/Features/Subscriptions/SubscriptionSummaryViews.swift:203:38: [1;31merror: [1;39mmissing argument label 'into:' in call[0;0m
[0;36m201 |[0;0m 
[0;36m202 |[0;0m         private var monthlyTotal: Double {
[0;36m203 |[0;0m             self.subscriptions.reduce(0) { total, subscription in
    [0;36m|[0;0m                                      `- [1;31merror: [1;39mmissing argument label 'into:' in call[0;0m
[0;36m204 |[0;0m                 total + subscription.monthlyEquivalent
[0;36m205 |[0;0m             }

/Users/danielstevens/github-projects/tools-automation/MomentumFinance/Shared/Features/Subscriptions/SubscriptionSummaryViews.swift:203:32: [1;31merror: [1;39mno 'reduce' candidates produce the expected contextual result type 'Double'[0;0m
[0;36m201 |[0;0m 
[0;36m202 |[0;0m         private var monthlyTotal: Double {
[0;36m203 |[0;0m             self.subscriptions.reduce(0) { total, subscription in
    [0;36m|[0;0m                                `- [1;31merror: [1;39mno 'reduce' candidates produce the expected contextual result type 'Double'[0;0m
[0;36m204 |[0;0m                 total + subscription.monthlyEquivalent
[0;36m205 |[0;0m             }

Swift.Sequence.reduce:2:24: [1;39mnote: [1;39m'reduce(into:_:)' produces '(String, _) -> String', not the expected contextual result type 'Double'[0;0m
[0;36m1 |[0;0m protocol Sequence {
[0;36m2 |[0;0m @inlinable public func reduce<Result>(into initialResult: __owned Result, _ updateAccumulatingResult: (_ partialResult: inout Result, Self.Element) throws -> ()) rethrows -> Result}
  [0;36m|[0;0m                        |- [1;39mnote: [1;39m'reduce(into:_:)' produces '(String, _) -> String', not the expected contextual result type 'Double'[0;0m
  [0;36m|[0;0m                        |- [1;39mnote: [1;39m'reduce(into:_:)' produces '(Duration, _) -> Duration', not the expected contextual result type 'Double'[0;0m
  [0;36m|[0;0m                        |- [1;39mnote: [1;39m'reduce(into:_:)' produces '(Int128, _) -> Int128', not the expected contextual result type 'Double'[0;0m
  [0;36m|[0;0m                        |- [1;39mnote: [1;39m'reduce(into:_:)' produces '(UInt128, _) -> UInt128', not the expected contextual result type 'Double'[0;0m
  [0;36m|[0;0m                        |- [1;39mnote: [1;39m'reduce(into:_:)' produces '(Float16, _) -> Float16', not the expected contextual result type 'Double'[0;0m
  [0;36m|[0;0m                        |- [1;39mnote: [1;39m'reduce(into:_:)' produces '(Float, _) -> Float', not the expected contextual result type 'Double'[0;0m
  [0;36m|[0;0m                        |- [1;39mnote: [1;39m'reduce(into:_:)' produces '(Double, _) -> Double', not the expected contextual result type 'Double'[0;0m
  [0;36m|[0;0m                        |- [1;39mnote: [1;39m'reduce(into:_:)' produces '(UInt8, _) -> UInt8', not the expected contextual result type 'Double'[0;0m
  [0;36m|[0;0m                        |- [1;39mnote: [1;39m'reduce(into:_:)' produces '(Int8, _) -> Int8', not the expected contextual result type 'Double'[0;0m
  [0;36m|[0;0m                        |- [1;39mnote: [1;39m'reduce(into:_:)' produces '(UInt16, _) -> UInt16', not the expected contextual result type 'Double'[0;0m
  [0;36m|[0;0m                        |- [1;39mnote: [1;39m'reduce(into:_:)' produces '(Int16, _) -> Int16', not the expected contextual result type 'Double'[0;0m
  [0;36m|[0;0m                        |- [1;39mnote: [1;39m'reduce(into:_:)' produces '(UInt32, _) -> UInt32', not the expected contextual result type 'Double'[0;0m
  [0;36m|[0;0m                        |- [1;39mnote: [1;39m'reduce(into:_:)' produces '(Int32, _) -> Int32', not the expected contextual result type 'Double'[0;0m
  [0;36m|[0;0m                        |- [1;39mnote: [1;39m'reduce(into:_:)' produces '(UInt64, _) -> UInt64', not the expected contextual result type 'Double'[0;0m
  [0;36m|[0;0m                        |- [1;39mnote: [1;39m'reduce(into:_:)' produces '(Int64, _) -> Int64', not the expected contextual result type 'Double'[0;0m
  [0;36m|[0;0m                        |- [1;39mnote: [1;39m'reduce(into:_:)' produces '(UInt, _) -> UInt', not the expected contextual result type 'Double'[0;0m
  [0;36m|[0;0m                        |- [1;39mnote: [1;39m'reduce(into:_:)' produces '(Int, _) -> Int', not the expected contextual result type 'Double'[0;0m
  [0;36m|[0;0m                        |- [1;39mnote: [1;39m'reduce(into:_:)' produces '(ContinuousClock.Instant, _) -> ContinuousClock.Instant', not the expected contextual result type 'Double'[0;0m
  [0;36m|[0;0m                        |- [1;39mnote: [1;39m'reduce(into:_:)' produces '(SuspendingClock.Instant, _) -> SuspendingClock.Instant', not the expected contextual result type 'Double'[0;0m
  [0;36m|[0;0m                        |- [1;39mnote: [1;39m'reduce(into:_:)' produces '(DispatchTime, _) -> DispatchTime', not the expected contextual result type 'Double'[0;0m
  [0;36m|[0;0m                        |- [1;39mnote: [1;39m'reduce(into:_:)' produces '(DispatchTime, _) -> DispatchTime', not the expected contextual result type 'Double'[0;0m
  [0;36m|[0;0m                        |- [1;39mnote: [1;39m'reduce(into:_:)' produces '(DispatchWallTime, _) -> DispatchWallTime', not the expected contextual result type 'Double'[0;0m
  [0;36m|[0;0m                        |- [1;39mnote: [1;39m'reduce(into:_:)' produces '(DispatchWallTime, _) -> DispatchWallTime', not the expected contextual result type 'Double'[0;0m
  [0;36m|[0;0m                        |- [1;39mnote: [1;39m'reduce(into:_:)' produces '(DispatchQueue.SchedulerTimeType.Stride, _) -> DispatchQueue.SchedulerTimeType.Stride', not the expected contextual result type 'Double'[0;0m
  [0;36m|[0;0m                        |- [1;39mnote: [1;39m'reduce(into:_:)' produces '(CGFloat, _) -> CGFloat', not the expected contextual result type 'Double'[0;0m
  [0;36m|[0;0m                        |- [1;39mnote: [1;39m'reduce(into:_:)' produces '(RunLoop.SchedulerTimeType.Stride, _) -> RunLoop.SchedulerTimeType.Stride', not the expected contextual result type 'Double'[0;0m
  [0;36m|[0;0m                        |- [1;39mnote: [1;39m'reduce(into:_:)' produces '(AttributedString, _) -> AttributedString', not the expected contextual result type 'Double'[0;0m
  [0;36m|[0;0m                        |- [1;39mnote: [1;39m'reduce(into:_:)' produces '(Decimal, _) -> Decimal', not the expected contextual result type 'Double'[0;0m
  [0;36m|[0;0m                        |- [1;39mnote: [1;39m'reduce(into:_:)' produces '(Date, _) -> Date', not the expected contextual result type 'Double'[0;0m
  [0;36m|[0;0m                        |- [1;39mnote: [1;39m'reduce(into:_:)' produces '(IndexPath, _) -> IndexPath', not the expected contextual result type 'Double'[0;0m
  [0;36m|[0;0m                        |- [1;39mnote: [1;39m'reduce(into:_:)' produces '(OperationQueue.SchedulerTimeType.Stride, _) -> OperationQueue.SchedulerTimeType.Stride', not the expected contextual result type 'Double'[0;0m
  [0;36m|[0;0m                        |- [1;39mnote: [1;39m'reduce(into:_:)' produces '(_AnyAnimatableData, _) -> _AnyAnimatableData', not the expected contextual result type 'Double'[0;0m
  [0;36m|[0;0m                        |- [1;39mnote: [1;39m'reduce(into:_:)' produces '(Color.ResolvedHDR._Animatable, _) -> Color.ResolvedHDR._Animatable', not the expected contextual result type 'Double'[0;0m
  [0;36m|[0;0m                        |- [1;39mnote: [1;39m'reduce(into:_:)' produces '(Text, _) -> Text', not the expected contextual result type 'Double'[0;0m
  [0;36m|[0;0m                        |- [1;39mnote: [1;39m'reduce(into:_:)' produces '(ConcentricRectangle.AnimatableData, _) -> ConcentricRectangle.AnimatableData', not the expected contextual result type 'Double'[0;0m
  [0;36m|[0;0m                        |- [1;39mnote: [1;39m'reduce(into:_:)' produces '(RoundedRectangularShapeCorners.AnimatableData, _) -> RoundedRectangularShapeCorners.AnimatableData', not the expected contextual result type 'Double'[0;0m
  [0;36m|[0;0m                        |- [1;39mnote: [1;39m'reduce(into:_:)' produces '(EmptyAnimatableData, _) -> EmptyAnimatableData', not the expected contextual result type 'Double'[0;0m
  [0;36m|[0;0m                        |- [1;39mnote: [1;39m'reduce(into:_:)' produces '(Edge.Corner.Style.AnimatableData, _) -> Edge.Corner.Style.AnimatableData', not the expected contextual result type 'Double'[0;0m
  [0;36m|[0;0m                        |- [1;39mnote: [1;39m'reduce(into:_:)' produces '(Measurement<Dimension>, _) -> Measurement<Dimension>', not the expected contextual result type 'Double'[0;0m
  [0;36m|[0;0m                        `- [1;39mnote: [1;39m'reduce(into:_:)' produces '(Measurement<Unit>, _) -> Measurement<Unit>', not the expected contextual result type 'Double'[0;0m
[0;36m3 |[0;0m 

/Users/danielstevens/github-projects/tools-automation/MomentumFinance/Shared/Features/Transactions/AddTransactionView.swift:43:26: [1;31merror: [1;39mtrailing closure passed to parameter of type 'Visibility' that does not accept a closure[0;0m
 [0;36m41 |[0;0m                     .navigationBarTitleDisplayMode(.inline)
 [0;36m42 |[0;0m                 #endif
 [0;36m43 |[0;0m                 .toolbar [4;39m{[0;0m
    [0;36m|[0;0m                          `- [1;31merror: [1;39mtrailing closure passed to parameter of type 'Visibility' that does not accept a closure[0;0m
 [0;36m44 |[0;0m                     #if canImport(UIKit)
 [0;36m45 |[0;0m                         ToolbarItem(placement: .navigationBarLeading) {

SwiftUI.View.toolbar:6:27: [1;39mnote: [1;39m'toolbar(_:for:)' declared here[0;0m
[0;36m4 |[0;0m   @available(tvOS, introduced: 16.0, deprecated: 100000.0, renamed: "toolbarVisibility(_:for:)")
[0;36m5 |[0;0m   @available(watchOS, introduced: 9.0, deprecated: 100000.0, renamed: "toolbarVisibility(_:for:)")
[0;36m6 |[0;0m   nonisolated public func toolbar(_ visibility: Visibility, for bars: ToolbarPlacement...) -> some View
  [0;36m|[0;0m                           `- [1;39mnote: [1;39m'toolbar(_:for:)' declared here[0;0m
[0;36m7 |[0;0m   }
[0;36m8 |[0;0m 

/Users/danielstevens/github-projects/tools-automation/MomentumFinance/Shared/Features/Transactions/AddTransactionView.swift:85:22: [1;33mwarning: [1;39m'onChange(of:perform:)' was deprecated in macOS 14.0: Use `onChange` with a two or zero parameter action closure instead.[0;0m [#]8;;https://docs.swift.org/compiler/documentation/diagnostics/deprecated-declaration\DeprecatedDeclaration]8;;\]
 [0;36m83 |[0;0m             Section(header: Text("Transaction Details")) {
 [0;36m84 |[0;0m                 TextField("Title", text: self.$title)
 [0;36m85 |[0;0m                     .onChange(of: self.title) { _ in
    [0;36m|[0;0m                      `- [1;33mwarning: [1;39m'onChange(of:perform:)' was deprecated in macOS 14.0: Use `onChange` with a two or zero parameter action closure instead.[0;0m [#]8;;https://docs.swift.org/compiler/documentation/diagnostics/deprecated-declaration\DeprecatedDeclaration]8;;\]
 [0;36m86 |[0;0m                         self.handleTitleChange()
 [0;36m87 |[0;0m                     }

[#DeprecatedDeclaration]: <https://docs.swift.org/compiler/documentation/diagnostics/deprecated-declaration>
[68/148] Compiling Shared SubscriptionsView.swift
/Users/danielstevens/github-projects/tools-automation/MomentumFinance/Shared/Features/Subscriptions/SubscriptionManagementViews.swift:109:67: [1;31merror: [1;39mexpected ',' separator[0;0m
[0;36m107 |[0;0m                     Section(header: Text("Notes")) {
[0;36m108 |[0;0m                         TextField(
[0;36m109 |[0;0m                             "Notes (optional).accessibilityLabel("Text Field")",
    [0;36m|[0;0m                                                                   `- [1;31merror: [1;39mexpected ',' separator[0;0m
[0;36m110 |[0;0m                             text: self.$notes,
[0;36m111 |[0;0m                             axis: .vertical

/Users/danielstevens/github-projects/tools-automation/MomentumFinance/Shared/Features/NotificationsView.swift:23:9: [1;31merror: [1;39mproperty 'body' must be declared public because it matches a requirement in public protocol 'View'[0;0m
 [0;36m21 |[0;0m     @State private var isLoading = true
 [0;36m22 |[0;0m 
 [0;36m23 |[0;0m     var body: some View {
    [0;36m|[0;0m         |- [1;31merror: [1;39mproperty 'body' must be declared public because it matches a requirement in public protocol 'View'[0;0m
    [0;36m|[0;0m         `- [1;39mnote: [1;39mmark the property as 'public' to satisfy the requirement[0;0m
 [0;36m24 |[0;0m         NavigationView {
 [0;36m25 |[0;0m             VStack(spacing: 0) {

/Users/danielstevens/github-projects/tools-automation/MomentumFinance/Shared/Features/NotificationsView.swift:266:16: [1;31merror: [1;39mmissing argument for parameter #1 in call[0;0m
[0;36m264 |[0;0m     public var body: some View {
[0;36m265 |[0;0m 
[0;36m266 |[0;0m         Button(action: self.action).accessibilityLabel("Button") {
    [0;36m|[0;0m                `- [1;31merror: [1;39mmissing argument for parameter #1 in call[0;0m
[0;36m267 |[0;0m             HStack(spacing: 8) {
[0;36m268 |[0;0m                 Image(systemName: self.filter.icon)

SwiftUI.Button.init:2:36: [1;39mnote: [1;39m'init(_:action:)' declared here[0;0m
[0;36m1 |[0;0m generic struct Button {
[0;36m2 |[0;0m @preconcurrency nonisolated public init(_ titleKey: LocalizedStringKey, action: @escaping @MainActor () -> Void)}
  [0;36m|[0;0m                                    `- [1;39mnote: [1;39m'init(_:action:)' declared here[0;0m
[0;36m3 |[0;0m 

/Users/danielstevens/github-projects/tools-automation/MomentumFinance/Shared/Features/NotificationsView.swift:266:66: [1;31merror: [1;39mtype '_' cannot be used as a boolean; test for '!= 0' instead[0;0m
[0;36m264 |[0;0m     public var body: some View {
[0;36m265 |[0;0m 
[0;36m266 |[0;0m         Button(action: self.action).accessibilityLabel("Button") {
    [0;36m|[0;0m                                                                  `- [1;31merror: [1;39mtype '_' cannot be used as a boolean; test for '!= 0' instead[0;0m
[0;36m267 |[0;0m             HStack(spacing: 8) {
[0;36m268 |[0;0m                 Image(systemName: self.filter.icon)

/Users/danielstevens/github-projects/tools-automation/MomentumFinance/Shared/Features/Subscriptions/SubscriptionDetailView.swift:240:13: [1;31merror: [1;39mswitch must be exhaustive[0;0m
[0;36m238 |[0;0m 
[0;36m239 |[0;0m         private func billingFrequencyText(_ cycle: BillingCycle) -> String {
[0;36m240 |[0;0m             switch cycle {
    [0;36m|[0;0m             |- [1;31merror: [1;39mswitch must be exhaustive[0;0m
    [0;36m|[0;0m             |- [1;39mnote: [1;39madd missing case: '.daily'[0;0m
    [0;36m|[0;0m             |- [1;39mnote: [1;39madd missing case: '.quarterly'[0;0m
    [0;36m|[0;0m             `- [1;39mnote: [1;39madd missing cases[0;0m
[0;36m241 |[0;0m             case .weekly:
[0;36m242 |[0;0m                 "Billed Weekly"

/Users/danielstevens/github-projects/tools-automation/MomentumFinance/Shared/Features/Subscriptions/SubscriptionManagementViews.swift:108:34: [1;31merror: [1;39mincorrect argument labels in call (have '_:_:text:axis:', expected '_:text:prompt:axis:')[0;0m
[0;36m106 |[0;0m 
[0;36m107 |[0;0m                     Section(header: Text("Notes")) {
[0;36m108 |[0;0m                         TextField(
    [0;36m|[0;0m                                  `- [1;31merror: [1;39mincorrect argument labels in call (have '_:_:text:axis:', expected '_:text:prompt:axis:')[0;0m
[0;36m109 |[0;0m                             "Notes (optional).accessibilityLabel("Text Field")",
[0;36m110 |[0;0m                             text: self.$notes,

/Users/danielstevens/github-projects/tools-automation/MomentumFinance/Shared/Features/Subscriptions/SubscriptionManagementViews.swift:109:67: [1;31merror: [1;39mcannot convert value of type 'Text.Type' to expected argument type 'Text'[0;0m
[0;36m107 |[0;0m                     Section(header: Text("Notes")) {
[0;36m108 |[0;0m                         TextField(
[0;36m109 |[0;0m                             "Notes (optional).accessibilityLabel("Text Field")",
    [0;36m|[0;0m                                                                   `- [1;31merror: [1;39mcannot convert value of type 'Text.Type' to expected argument type 'Text'[0;0m
[0;36m110 |[0;0m                             text: self.$notes,
[0;36m111 |[0;0m                             axis: .vertical

/Users/danielstevens/github-projects/tools-automation/MomentumFinance/Shared/Features/Subscriptions/SubscriptionManagementViews.swift:139:40: [1;31merror: [1;39mcannot convert value of type 'String' to expected argument type 'PrimitiveButtonStyleConfiguration'[0;0m
[0;36m137 |[0;0m                         #else
[0;36m138 |[0;0m                             ToolbarItem(placement: .cancellationAction) {
[0;36m139 |[0;0m                                 Button("Cancel").accessibilityLabel("Button") {
    [0;36m|[0;0m                                        `- [1;31merror: [1;39mcannot convert value of type 'String' to expected argument type 'PrimitiveButtonStyleConfiguration'[0;0m
[0;36m140 |[0;0m                                     self.dismiss()
[0;36m141 |[0;0m                                 }

/Users/danielstevens/github-projects/tools-automation/MomentumFinance/Shared/Features/Subscriptions/SubscriptionManagementViews.swift:139:79: [1;31merror: [1;39mtype '_' cannot be used as a boolean; test for '!= 0' instead[0;0m
[0;36m137 |[0;0m                         #else
[0;36m138 |[0;0m                             ToolbarItem(placement: .cancellationAction) {
[0;36m139 |[0;0m                                 Button("Cancel").accessibilityLabel("Button") {
    [0;36m|[0;0m                                                                               `- [1;31merror: [1;39mtype '_' cannot be used as a boolean; test for '!= 0' instead[0;0m
[0;36m140 |[0;0m                                     self.dismiss()
[0;36m141 |[0;0m                                 }

/Users/danielstevens/github-projects/tools-automation/MomentumFinance/Shared/Features/Subscriptions/SubscriptionSummaryViews.swift:38:38: [1;31merror: [1;39mmissing argument label 'into:' in call[0;0m
 [0;36m36 |[0;0m 
 [0;36m37 |[0;0m         private var monthlyTotal: Double {
 [0;36m38 |[0;0m             self.subscriptions.reduce(0) { total, subscription in
    [0;36m|[0;0m                                      `- [1;31merror: [1;39mmissing argument label 'into:' in call[0;0m
 [0;36m39 |[0;0m                 total + subscription.monthlyEquivalent
 [0;36m40 |[0;0m             }

/Users/danielstevens/github-projects/tools-automation/MomentumFinance/Shared/Features/Subscriptions/SubscriptionSummaryViews.swift:38:32: [1;31merror: [1;39mno 'reduce' candidates produce the expected contextual result type 'Double'[0;0m
 [0;36m36 |[0;0m 
 [0;36m37 |[0;0m         private var monthlyTotal: Double {
 [0;36m38 |[0;0m             self.subscriptions.reduce(0) { total, subscription in
    [0;36m|[0;0m                                `- [1;31merror: [1;39mno 'reduce' candidates produce the expected contextual result type 'Double'[0;0m
 [0;36m39 |[0;0m                 total + subscription.monthlyEquivalent
 [0;36m40 |[0;0m             }

Swift.Sequence.reduce:2:24: [1;39mnote: [1;39m'reduce(into:_:)' produces '(String, _) -> String', not the expected contextual result type 'Double'[0;0m
[0;36m1 |[0;0m protocol Sequence {
[0;36m2 |[0;0m @inlinable public func reduce<Result>(into initialResult: __owned Result, _ updateAccumulatingResult: (_ partialResult: inout Result, Self.Element) throws -> ()) rethrows -> Result}
  [0;36m|[0;0m                        |- [1;39mnote: [1;39m'reduce(into:_:)' produces '(String, _) -> String', not the expected contextual result type 'Double'[0;0m
  [0;36m|[0;0m                        |- [1;39mnote: [1;39m'reduce(into:_:)' produces '(Duration, _) -> Duration', not the expected contextual result type 'Double'[0;0m
  [0;36m|[0;0m                        |- [1;39mnote: [1;39m'reduce(into:_:)' produces '(Int128, _) -> Int128', not the expected contextual result type 'Double'[0;0m
  [0;36m|[0;0m                        |- [1;39mnote: [1;39m'reduce(into:_:)' produces '(UInt128, _) -> UInt128', not the expected contextual result type 'Double'[0;0m
  [0;36m|[0;0m                        |- [1;39mnote: [1;39m'reduce(into:_:)' produces '(Float16, _) -> Float16', not the expected contextual result type 'Double'[0;0m
  [0;36m|[0;0m                        |- [1;39mnote: [1;39m'reduce(into:_:)' produces '(Float, _) -> Float', not the expected contextual result type 'Double'[0;0m
  [0;36m|[0;0m                        |- [1;39mnote: [1;39m'reduce(into:_:)' produces '(Double, _) -> Double', not the expected contextual result type 'Double'[0;0m
  [0;36m|[0;0m                        |- [1;39mnote: [1;39m'reduce(into:_:)' produces '(UInt8, _) -> UInt8', not the expected contextual result type 'Double'[0;0m
  [0;36m|[0;0m                        |- [1;39mnote: [1;39m'reduce(into:_:)' produces '(Int8, _) -> Int8', not the expected contextual result type 'Double'[0;0m
  [0;36m|[0;0m                        |- [1;39mnote: [1;39m'reduce(into:_:)' produces '(UInt16, _) -> UInt16', not the expected contextual result type 'Double'[0;0m
  [0;36m|[0;0m                        |- [1;39mnote: [1;39m'reduce(into:_:)' produces '(Int16, _) -> Int16', not the expected contextual result type 'Double'[0;0m
  [0;36m|[0;0m                        |- [1;39mnote: [1;39m'reduce(into:_:)' produces '(UInt32, _) -> UInt32', not the expected contextual result type 'Double'[0;0m
  [0;36m|[0;0m                        |- [1;39mnote: [1;39m'reduce(into:_:)' produces '(Int32, _) -> Int32', not the expected contextual result type 'Double'[0;0m
  [0;36m|[0;0m                        |- [1;39mnote: [1;39m'reduce(into:_:)' produces '(UInt64, _) -> UInt64', not the expected contextual result type 'Double'[0;0m
  [0;36m|[0;0m                        |- [1;39mnote: [1;39m'reduce(into:_:)' produces '(Int64, _) -> Int64', not the expected contextual result type 'Double'[0;0m
  [0;36m|[0;0m                        |- [1;39mnote: [1;39m'reduce(into:_:)' produces '(UInt, _) -> UInt', not the expected contextual result type 'Double'[0;0m
  [0;36m|[0;0m                        |- [1;39mnote: [1;39m'reduce(into:_:)' produces '(Int, _) -> Int', not the expected contextual result type 'Double'[0;0m
  [0;36m|[0;0m                        |- [1;39mnote: [1;39m'reduce(into:_:)' produces '(ContinuousClock.Instant, _) -> ContinuousClock.Instant', not the expected contextual result type 'Double'[0;0m
  [0;36m|[0;0m                        |- [1;39mnote: [1;39m'reduce(into:_:)' produces '(SuspendingClock.Instant, _) -> SuspendingClock.Instant', not the expected contextual result type 'Double'[0;0m
  [0;36m|[0;0m                        |- [1;39mnote: [1;39m'reduce(into:_:)' produces '(DispatchTime, _) -> DispatchTime', not the expected contextual result type 'Double'[0;0m
  [0;36m|[0;0m                        |- [1;39mnote: [1;39m'reduce(into:_:)' produces '(DispatchTime, _) -> DispatchTime', not the expected contextual result type 'Double'[0;0m
  [0;36m|[0;0m                        |- [1;39mnote: [1;39m'reduce(into:_:)' produces '(DispatchWallTime, _) -> DispatchWallTime', not the expected contextual result type 'Double'[0;0m
  [0;36m|[0;0m                        |- [1;39mnote: [1;39m'reduce(into:_:)' produces '(DispatchWallTime, _) -> DispatchWallTime', not the expected contextual result type 'Double'[0;0m
  [0;36m|[0;0m                        |- [1;39mnote: [1;39m'reduce(into:_:)' produces '(DispatchQueue.SchedulerTimeType.Stride, _) -> DispatchQueue.SchedulerTimeType.Stride', not the expected contextual result type 'Double'[0;0m
  [0;36m|[0;0m                        |- [1;39mnote: [1;39m'reduce(into:_:)' produces '(CGFloat, _) -> CGFloat', not the expected contextual result type 'Double'[0;0m
  [0;36m|[0;0m                        |- [1;39mnote: [1;39m'reduce(into:_:)' produces '(RunLoop.SchedulerTimeType.Stride, _) -> RunLoop.SchedulerTimeType.Stride', not the expected contextual result type 'Double'[0;0m
  [0;36m|[0;0m                        |- [1;39mnote: [1;39m'reduce(into:_:)' produces '(AttributedString, _) -> AttributedString', not the expected contextual result type 'Double'[0;0m
  [0;36m|[0;0m                        |- [1;39mnote: [1;39m'reduce(into:_:)' produces '(Decimal, _) -> Decimal', not the expected contextual result type 'Double'[0;0m
  [0;36m|[0;0m                        |- [1;39mnote: [1;39m'reduce(into:_:)' produces '(Date, _) -> Date', not the expected contextual result type 'Double'[0;0m
  [0;36m|[0;0m                        |- [1;39mnote: [1;39m'reduce(into:_:)' produces '(IndexPath, _) -> IndexPath', not the expected contextual result type 'Double'[0;0m
  [0;36m|[0;0m                        |- [1;39mnote: [1;39m'reduce(into:_:)' produces '(OperationQueue.SchedulerTimeType.Stride, _) -> OperationQueue.SchedulerTimeType.Stride', not the expected contextual result type 'Double'[0;0m
  [0;36m|[0;0m                        |- [1;39mnote: [1;39m'reduce(into:_:)' produces '(_AnyAnimatableData, _) -> _AnyAnimatableData', not the expected contextual result type 'Double'[0;0m
  [0;36m|[0;0m                        |- [1;39mnote: [1;39m'reduce(into:_:)' produces '(Color.ResolvedHDR._Animatable, _) -> Color.ResolvedHDR._Animatable', not the expected contextual result type 'Double'[0;0m
  [0;36m|[0;0m                        |- [1;39mnote: [1;39m'reduce(into:_:)' produces '(Text, _) -> Text', not the expected contextual result type 'Double'[0;0m
  [0;36m|[0;0m                        |- [1;39mnote: [1;39m'reduce(into:_:)' produces '(ConcentricRectangle.AnimatableData, _) -> ConcentricRectangle.AnimatableData', not the expected contextual result type 'Double'[0;0m
  [0;36m|[0;0m                        |- [1;39mnote: [1;39m'reduce(into:_:)' produces '(RoundedRectangularShapeCorners.AnimatableData, _) -> RoundedRectangularShapeCorners.AnimatableData', not the expected contextual result type 'Double'[0;0m
  [0;36m|[0;0m                        |- [1;39mnote: [1;39m'reduce(into:_:)' produces '(EmptyAnimatableData, _) -> EmptyAnimatableData', not the expected contextual result type 'Double'[0;0m
  [0;36m|[0;0m                        |- [1;39mnote: [1;39m'reduce(into:_:)' produces '(Edge.Corner.Style.AnimatableData, _) -> Edge.Corner.Style.AnimatableData', not the expected contextual result type 'Double'[0;0m
  [0;36m|[0;0m                        |- [1;39mnote: [1;39m'reduce(into:_:)' produces '(Measurement<Dimension>, _) -> Measurement<Dimension>', not the expected contextual result type 'Double'[0;0m
  [0;36m|[0;0m                        `- [1;39mnote: [1;39m'reduce(into:_:)' produces '(Measurement<Unit>, _) -> Measurement<Unit>', not the expected contextual result type 'Double'[0;0m
[0;36m3 |[0;0m 

/Users/danielstevens/github-projects/tools-automation/MomentumFinance/Shared/Features/Subscriptions/SubscriptionSummaryViews.swift:203:38: [1;31merror: [1;39mmissing argument label 'into:' in call[0;0m
[0;36m201 |[0;0m 
[0;36m202 |[0;0m         private var monthlyTotal: Double {
[0;36m203 |[0;0m             self.subscriptions.reduce(0) { total, subscription in
    [0;36m|[0;0m                                      `- [1;31merror: [1;39mmissing argument label 'into:' in call[0;0m
[0;36m204 |[0;0m                 total + subscription.monthlyEquivalent
[0;36m205 |[0;0m             }

/Users/danielstevens/github-projects/tools-automation/MomentumFinance/Shared/Features/Subscriptions/SubscriptionSummaryViews.swift:203:32: [1;31merror: [1;39mno 'reduce' candidates produce the expected contextual result type 'Double'[0;0m
[0;36m201 |[0;0m 
[0;36m202 |[0;0m         private var monthlyTotal: Double {
[0;36m203 |[0;0m             self.subscriptions.reduce(0) { total, subscription in
    [0;36m|[0;0m                                `- [1;31merror: [1;39mno 'reduce' candidates produce the expected contextual result type 'Double'[0;0m
[0;36m204 |[0;0m                 total + subscription.monthlyEquivalent
[0;36m205 |[0;0m             }

Swift.Sequence.reduce:2:24: [1;39mnote: [1;39m'reduce(into:_:)' produces '(String, _) -> String', not the expected contextual result type 'Double'[0;0m
[0;36m1 |[0;0m protocol Sequence {
[0;36m2 |[0;0m @inlinable public func reduce<Result>(into initialResult: __owned Result, _ updateAccumulatingResult: (_ partialResult: inout Result, Self.Element) throws -> ()) rethrows -> Result}
  [0;36m|[0;0m                        |- [1;39mnote: [1;39m'reduce(into:_:)' produces '(String, _) -> String', not the expected contextual result type 'Double'[0;0m
  [0;36m|[0;0m                        |- [1;39mnote: [1;39m'reduce(into:_:)' produces '(Duration, _) -> Duration', not the expected contextual result type 'Double'[0;0m
  [0;36m|[0;0m                        |- [1;39mnote: [1;39m'reduce(into:_:)' produces '(Int128, _) -> Int128', not the expected contextual result type 'Double'[0;0m
  [0;36m|[0;0m                        |- [1;39mnote: [1;39m'reduce(into:_:)' produces '(UInt128, _) -> UInt128', not the expected contextual result type 'Double'[0;0m
  [0;36m|[0;0m                        |- [1;39mnote: [1;39m'reduce(into:_:)' produces '(Float16, _) -> Float16', not the expected contextual result type 'Double'[0;0m
  [0;36m|[0;0m                        |- [1;39mnote: [1;39m'reduce(into:_:)' produces '(Float, _) -> Float', not the expected contextual result type 'Double'[0;0m
  [0;36m|[0;0m                        |- [1;39mnote: [1;39m'reduce(into:_:)' produces '(Double, _) -> Double', not the expected contextual result type 'Double'[0;0m
  [0;36m|[0;0m                        |- [1;39mnote: [1;39m'reduce(into:_:)' produces '(UInt8, _) -> UInt8', not the expected contextual result type 'Double'[0;0m
  [0;36m|[0;0m                        |- [1;39mnote: [1;39m'reduce(into:_:)' produces '(Int8, _) -> Int8', not the expected contextual result type 'Double'[0;0m
  [0;36m|[0;0m                        |- [1;39mnote: [1;39m'reduce(into:_:)' produces '(UInt16, _) -> UInt16', not the expected contextual result type 'Double'[0;0m
  [0;36m|[0;0m                        |- [1;39mnote: [1;39m'reduce(into:_:)' produces '(Int16, _) -> Int16', not the expected contextual result type 'Double'[0;0m
  [0;36m|[0;0m                        |- [1;39mnote: [1;39m'reduce(into:_:)' produces '(UInt32, _) -> UInt32', not the expected contextual result type 'Double'[0;0m
  [0;36m|[0;0m                        |- [1;39mnote: [1;39m'reduce(into:_:)' produces '(Int32, _) -> Int32', not the expected contextual result type 'Double'[0;0m
  [0;36m|[0;0m                        |- [1;39mnote: [1;39m'reduce(into:_:)' produces '(UInt64, _) -> UInt64', not the expected contextual result type 'Double'[0;0m
  [0;36m|[0;0m                        |- [1;39mnote: [1;39m'reduce(into:_:)' produces '(Int64, _) -> Int64', not the expected contextual result type 'Double'[0;0m
  [0;36m|[0;0m                        |- [1;39mnote: [1;39m'reduce(into:_:)' produces '(UInt, _) -> UInt', not the expected contextual result type 'Double'[0;0m
  [0;36m|[0;0m                        |- [1;39mnote: [1;39m'reduce(into:_:)' produces '(Int, _) -> Int', not the expected contextual result type 'Double'[0;0m
  [0;36m|[0;0m                        |- [1;39mnote: [1;39m'reduce(into:_:)' produces '(ContinuousClock.Instant, _) -> ContinuousClock.Instant', not the expected contextual result type 'Double'[0;0m
  [0;36m|[0;0m                        |- [1;39mnote: [1;39m'reduce(into:_:)' produces '(SuspendingClock.Instant, _) -> SuspendingClock.Instant', not the expected contextual result type 'Double'[0;0m
  [0;36m|[0;0m                        |- [1;39mnote: [1;39m'reduce(into:_:)' produces '(DispatchTime, _) -> DispatchTime', not the expected contextual result type 'Double'[0;0m
  [0;36m|[0;0m                        |- [1;39mnote: [1;39m'reduce(into:_:)' produces '(DispatchTime, _) -> DispatchTime', not the expected contextual result type 'Double'[0;0m
  [0;36m|[0;0m                        |- [1;39mnote: [1;39m'reduce(into:_:)' produces '(DispatchWallTime, _) -> DispatchWallTime', not the expected contextual result type 'Double'[0;0m
  [0;36m|[0;0m                        |- [1;39mnote: [1;39m'reduce(into:_:)' produces '(DispatchWallTime, _) -> DispatchWallTime', not the expected contextual result type 'Double'[0;0m
  [0;36m|[0;0m                        |- [1;39mnote: [1;39m'reduce(into:_:)' produces '(DispatchQueue.SchedulerTimeType.Stride, _) -> DispatchQueue.SchedulerTimeType.Stride', not the expected contextual result type 'Double'[0;0m
  [0;36m|[0;0m                        |- [1;39mnote: [1;39m'reduce(into:_:)' produces '(CGFloat, _) -> CGFloat', not the expected contextual result type 'Double'[0;0m
  [0;36m|[0;0m                        |- [1;39mnote: [1;39m'reduce(into:_:)' produces '(RunLoop.SchedulerTimeType.Stride, _) -> RunLoop.SchedulerTimeType.Stride', not the expected contextual result type 'Double'[0;0m
  [0;36m|[0;0m                        |- [1;39mnote: [1;39m'reduce(into:_:)' produces '(AttributedString, _) -> AttributedString', not the expected contextual result type 'Double'[0;0m
  [0;36m|[0;0m                        |- [1;39mnote: [1;39m'reduce(into:_:)' produces '(Decimal, _) -> Decimal', not the expected contextual result type 'Double'[0;0m
  [0;36m|[0;0m                        |- [1;39mnote: [1;39m'reduce(into:_:)' produces '(Date, _) -> Date', not the expected contextual result type 'Double'[0;0m
  [0;36m|[0;0m                        |- [1;39mnote: [1;39m'reduce(into:_:)' produces '(IndexPath, _) -> IndexPath', not the expected contextual result type 'Double'[0;0m
  [0;36m|[0;0m                        |- [1;39mnote: [1;39m'reduce(into:_:)' produces '(OperationQueue.SchedulerTimeType.Stride, _) -> OperationQueue.SchedulerTimeType.Stride', not the expected contextual result type 'Double'[0;0m
  [0;36m|[0;0m                        |- [1;39mnote: [1;39m'reduce(into:_:)' produces '(_AnyAnimatableData, _) -> _AnyAnimatableData', not the expected contextual result type 'Double'[0;0m
  [0;36m|[0;0m                        |- [1;39mnote: [1;39m'reduce(into:_:)' produces '(Color.ResolvedHDR._Animatable, _) -> Color.ResolvedHDR._Animatable', not the expected contextual result type 'Double'[0;0m
  [0;36m|[0;0m                        |- [1;39mnote: [1;39m'reduce(into:_:)' produces '(Text, _) -> Text', not the expected contextual result type 'Double'[0;0m
  [0;36m|[0;0m                        |- [1;39mnote: [1;39m'reduce(into:_:)' produces '(ConcentricRectangle.AnimatableData, _) -> ConcentricRectangle.AnimatableData', not the expected contextual result type 'Double'[0;0m
  [0;36m|[0;0m                        |- [1;39mnote: [1;39m'reduce(into:_:)' produces '(RoundedRectangularShapeCorners.AnimatableData, _) -> RoundedRectangularShapeCorners.AnimatableData', not the expected contextual result type 'Double'[0;0m
  [0;36m|[0;0m                        |- [1;39mnote: [1;39m'reduce(into:_:)' produces '(EmptyAnimatableData, _) -> EmptyAnimatableData', not the expected contextual result type 'Double'[0;0m
  [0;36m|[0;0m                        |- [1;39mnote: [1;39m'reduce(into:_:)' produces '(Edge.Corner.Style.AnimatableData, _) -> Edge.Corner.Style.AnimatableData', not the expected contextual result type 'Double'[0;0m
  [0;36m|[0;0m                        |- [1;39mnote: [1;39m'reduce(into:_:)' produces '(Measurement<Dimension>, _) -> Measurement<Dimension>', not the expected contextual result type 'Double'[0;0m
  [0;36m|[0;0m                        `- [1;39mnote: [1;39m'reduce(into:_:)' produces '(Measurement<Unit>, _) -> Measurement<Unit>', not the expected contextual result type 'Double'[0;0m
[0;36m3 |[0;0m 

/Users/danielstevens/github-projects/tools-automation/MomentumFinance/Shared/Features/Transactions/AddTransactionView.swift:43:26: [1;31merror: [1;39mtrailing closure passed to parameter of type 'Visibility' that does not accept a closure[0;0m
 [0;36m41 |[0;0m                     .navigationBarTitleDisplayMode(.inline)
 [0;36m42 |[0;0m                 #endif
 [0;36m43 |[0;0m                 .toolbar [4;39m{[0;0m
    [0;36m|[0;0m                          `- [1;31merror: [1;39mtrailing closure passed to parameter of type 'Visibility' that does not accept a closure[0;0m
 [0;36m44 |[0;0m                     #if canImport(UIKit)
 [0;36m45 |[0;0m                         ToolbarItem(placement: .navigationBarLeading) {

SwiftUI.View.toolbar:6:27: [1;39mnote: [1;39m'toolbar(_:for:)' declared here[0;0m
[0;36m4 |[0;0m   @available(tvOS, introduced: 16.0, deprecated: 100000.0, renamed: "toolbarVisibility(_:for:)")
[0;36m5 |[0;0m   @available(watchOS, introduced: 9.0, deprecated: 100000.0, renamed: "toolbarVisibility(_:for:)")
[0;36m6 |[0;0m   nonisolated public func toolbar(_ visibility: Visibility, for bars: ToolbarPlacement...) -> some View
  [0;36m|[0;0m                           `- [1;39mnote: [1;39m'toolbar(_:for:)' declared here[0;0m
[0;36m7 |[0;0m   }
[0;36m8 |[0;0m 

/Users/danielstevens/github-projects/tools-automation/MomentumFinance/Shared/Features/Transactions/AddTransactionView.swift:85:22: [1;33mwarning: [1;39m'onChange(of:perform:)' was deprecated in macOS 14.0: Use `onChange` with a two or zero parameter action closure instead.[0;0m [#]8;;https://docs.swift.org/compiler/documentation/diagnostics/deprecated-declaration\DeprecatedDeclaration]8;;\]
 [0;36m83 |[0;0m             Section(header: Text("Transaction Details")) {
 [0;36m84 |[0;0m                 TextField("Title", text: self.$title)
 [0;36m85 |[0;0m                     .onChange(of: self.title) { _ in
    [0;36m|[0;0m                      `- [1;33mwarning: [1;39m'onChange(of:perform:)' was deprecated in macOS 14.0: Use `onChange` with a two or zero parameter action closure instead.[0;0m [#]8;;https://docs.swift.org/compiler/documentation/diagnostics/deprecated-declaration\DeprecatedDeclaration]8;;\]
 [0;36m86 |[0;0m                         self.handleTitleChange()
 [0;36m87 |[0;0m                     }

[#DeprecatedDeclaration]: <https://docs.swift.org/compiler/documentation/diagnostics/deprecated-declaration>
[69/148] Compiling Shared SubscriptionsViewModel.swift
/Users/danielstevens/github-projects/tools-automation/MomentumFinance/Shared/Features/Subscriptions/SubscriptionManagementViews.swift:109:67: [1;31merror: [1;39mexpected ',' separator[0;0m
[0;36m107 |[0;0m                     Section(header: Text("Notes")) {
[0;36m108 |[0;0m                         TextField(
[0;36m109 |[0;0m                             "Notes (optional).accessibilityLabel("Text Field")",
    [0;36m|[0;0m                                                                   `- [1;31merror: [1;39mexpected ',' separator[0;0m
[0;36m110 |[0;0m                             text: self.$notes,
[0;36m111 |[0;0m                             axis: .vertical

/Users/danielstevens/github-projects/tools-automation/MomentumFinance/Shared/Features/NotificationsView.swift:23:9: [1;31merror: [1;39mproperty 'body' must be declared public because it matches a requirement in public protocol 'View'[0;0m
 [0;36m21 |[0;0m     @State private var isLoading = true
 [0;36m22 |[0;0m 
 [0;36m23 |[0;0m     var body: some View {
    [0;36m|[0;0m         |- [1;31merror: [1;39mproperty 'body' must be declared public because it matches a requirement in public protocol 'View'[0;0m
    [0;36m|[0;0m         `- [1;39mnote: [1;39mmark the property as 'public' to satisfy the requirement[0;0m
 [0;36m24 |[0;0m         NavigationView {
 [0;36m25 |[0;0m             VStack(spacing: 0) {

/Users/danielstevens/github-projects/tools-automation/MomentumFinance/Shared/Features/NotificationsView.swift:266:16: [1;31merror: [1;39mmissing argument for parameter #1 in call[0;0m
[0;36m264 |[0;0m     public var body: some View {
[0;36m265 |[0;0m 
[0;36m266 |[0;0m         Button(action: self.action).accessibilityLabel("Button") {
    [0;36m|[0;0m                `- [1;31merror: [1;39mmissing argument for parameter #1 in call[0;0m
[0;36m267 |[0;0m             HStack(spacing: 8) {
[0;36m268 |[0;0m                 Image(systemName: self.filter.icon)

SwiftUI.Button.init:2:36: [1;39mnote: [1;39m'init(_:action:)' declared here[0;0m
[0;36m1 |[0;0m generic struct Button {
[0;36m2 |[0;0m @preconcurrency nonisolated public init(_ titleKey: LocalizedStringKey, action: @escaping @MainActor () -> Void)}
  [0;36m|[0;0m                                    `- [1;39mnote: [1;39m'init(_:action:)' declared here[0;0m
[0;36m3 |[0;0m 

/Users/danielstevens/github-projects/tools-automation/MomentumFinance/Shared/Features/NotificationsView.swift:266:66: [1;31merror: [1;39mtype '_' cannot be used as a boolean; test for '!= 0' instead[0;0m
[0;36m264 |[0;0m     public var body: some View {
[0;36m265 |[0;0m 
[0;36m266 |[0;0m         Button(action: self.action).accessibilityLabel("Button") {
    [0;36m|[0;0m                                                                  `- [1;31merror: [1;39mtype '_' cannot be used as a boolean; test for '!= 0' instead[0;0m
[0;36m267 |[0;0m             HStack(spacing: 8) {
[0;36m268 |[0;0m                 Image(systemName: self.filter.icon)

/Users/danielstevens/github-projects/tools-automation/MomentumFinance/Shared/Features/Subscriptions/SubscriptionDetailView.swift:240:13: [1;31merror: [1;39mswitch must be exhaustive[0;0m
[0;36m238 |[0;0m 
[0;36m239 |[0;0m         private func billingFrequencyText(_ cycle: BillingCycle) -> String {
[0;36m240 |[0;0m             switch cycle {
    [0;36m|[0;0m             |- [1;31merror: [1;39mswitch must be exhaustive[0;0m
    [0;36m|[0;0m             |- [1;39mnote: [1;39madd missing case: '.daily'[0;0m
    [0;36m|[0;0m             |- [1;39mnote: [1;39madd missing case: '.quarterly'[0;0m
    [0;36m|[0;0m             `- [1;39mnote: [1;39madd missing cases[0;0m
[0;36m241 |[0;0m             case .weekly:
[0;36m242 |[0;0m                 "Billed Weekly"

/Users/danielstevens/github-projects/tools-automation/MomentumFinance/Shared/Features/Subscriptions/SubscriptionManagementViews.swift:108:34: [1;31merror: [1;39mincorrect argument labels in call (have '_:_:text:axis:', expected '_:text:prompt:axis:')[0;0m
[0;36m106 |[0;0m 
[0;36m107 |[0;0m                     Section(header: Text("Notes")) {
[0;36m108 |[0;0m                         TextField(
    [0;36m|[0;0m                                  `- [1;31merror: [1;39mincorrect argument labels in call (have '_:_:text:axis:', expected '_:text:prompt:axis:')[0;0m
[0;36m109 |[0;0m                             "Notes (optional).accessibilityLabel("Text Field")",
[0;36m110 |[0;0m                             text: self.$notes,

/Users/danielstevens/github-projects/tools-automation/MomentumFinance/Shared/Features/Subscriptions/SubscriptionManagementViews.swift:109:67: [1;31merror: [1;39mcannot convert value of type 'Text.Type' to expected argument type 'Text'[0;0m
[0;36m107 |[0;0m                     Section(header: Text("Notes")) {
[0;36m108 |[0;0m                         TextField(
[0;36m109 |[0;0m                             "Notes (optional).accessibilityLabel("Text Field")",
    [0;36m|[0;0m                                                                   `- [1;31merror: [1;39mcannot convert value of type 'Text.Type' to expected argument type 'Text'[0;0m
[0;36m110 |[0;0m                             text: self.$notes,
[0;36m111 |[0;0m                             axis: .vertical

/Users/danielstevens/github-projects/tools-automation/MomentumFinance/Shared/Features/Subscriptions/SubscriptionManagementViews.swift:139:40: [1;31merror: [1;39mcannot convert value of type 'String' to expected argument type 'PrimitiveButtonStyleConfiguration'[0;0m
[0;36m137 |[0;0m                         #else
[0;36m138 |[0;0m                             ToolbarItem(placement: .cancellationAction) {
[0;36m139 |[0;0m                                 Button("Cancel").accessibilityLabel("Button") {
    [0;36m|[0;0m                                        `- [1;31merror: [1;39mcannot convert value of type 'String' to expected argument type 'PrimitiveButtonStyleConfiguration'[0;0m
[0;36m140 |[0;0m                                     self.dismiss()
[0;36m141 |[0;0m                                 }

/Users/danielstevens/github-projects/tools-automation/MomentumFinance/Shared/Features/Subscriptions/SubscriptionManagementViews.swift:139:79: [1;31merror: [1;39mtype '_' cannot be used as a boolean; test for '!= 0' instead[0;0m
[0;36m137 |[0;0m                         #else
[0;36m138 |[0;0m                             ToolbarItem(placement: .cancellationAction) {
[0;36m139 |[0;0m                                 Button("Cancel").accessibilityLabel("Button") {
    [0;36m|[0;0m                                                                               `- [1;31merror: [1;39mtype '_' cannot be used as a boolean; test for '!= 0' instead[0;0m
[0;36m140 |[0;0m                                     self.dismiss()
[0;36m141 |[0;0m                                 }

/Users/danielstevens/github-projects/tools-automation/MomentumFinance/Shared/Features/Subscriptions/SubscriptionSummaryViews.swift:38:38: [1;31merror: [1;39mmissing argument label 'into:' in call[0;0m
 [0;36m36 |[0;0m 
 [0;36m37 |[0;0m         private var monthlyTotal: Double {
 [0;36m38 |[0;0m             self.subscriptions.reduce(0) { total, subscription in
    [0;36m|[0;0m                                      `- [1;31merror: [1;39mmissing argument label 'into:' in call[0;0m
 [0;36m39 |[0;0m                 total + subscription.monthlyEquivalent
 [0;36m40 |[0;0m             }

/Users/danielstevens/github-projects/tools-automation/MomentumFinance/Shared/Features/Subscriptions/SubscriptionSummaryViews.swift:38:32: [1;31merror: [1;39mno 'reduce' candidates produce the expected contextual result type 'Double'[0;0m
 [0;36m36 |[0;0m 
 [0;36m37 |[0;0m         private var monthlyTotal: Double {
 [0;36m38 |[0;0m             self.subscriptions.reduce(0) { total, subscription in
    [0;36m|[0;0m                                `- [1;31merror: [1;39mno 'reduce' candidates produce the expected contextual result type 'Double'[0;0m
 [0;36m39 |[0;0m                 total + subscription.monthlyEquivalent
 [0;36m40 |[0;0m             }

Swift.Sequence.reduce:2:24: [1;39mnote: [1;39m'reduce(into:_:)' produces '(String, _) -> String', not the expected contextual result type 'Double'[0;0m
[0;36m1 |[0;0m protocol Sequence {
[0;36m2 |[0;0m @inlinable public func reduce<Result>(into initialResult: __owned Result, _ updateAccumulatingResult: (_ partialResult: inout Result, Self.Element) throws -> ()) rethrows -> Result}
  [0;36m|[0;0m                        |- [1;39mnote: [1;39m'reduce(into:_:)' produces '(String, _) -> String', not the expected contextual result type 'Double'[0;0m
  [0;36m|[0;0m                        |- [1;39mnote: [1;39m'reduce(into:_:)' produces '(Duration, _) -> Duration', not the expected contextual result type 'Double'[0;0m
  [0;36m|[0;0m                        |- [1;39mnote: [1;39m'reduce(into:_:)' produces '(Int128, _) -> Int128', not the expected contextual result type 'Double'[0;0m
  [0;36m|[0;0m                        |- [1;39mnote: [1;39m'reduce(into:_:)' produces '(UInt128, _) -> UInt128', not the expected contextual result type 'Double'[0;0m
  [0;36m|[0;0m                        |- [1;39mnote: [1;39m'reduce(into:_:)' produces '(Float16, _) -> Float16', not the expected contextual result type 'Double'[0;0m
  [0;36m|[0;0m                        |- [1;39mnote: [1;39m'reduce(into:_:)' produces '(Float, _) -> Float', not the expected contextual result type 'Double'[0;0m
  [0;36m|[0;0m                        |- [1;39mnote: [1;39m'reduce(into:_:)' produces '(Double, _) -> Double', not the expected contextual result type 'Double'[0;0m
  [0;36m|[0;0m                        |- [1;39mnote: [1;39m'reduce(into:_:)' produces '(UInt8, _) -> UInt8', not the expected contextual result type 'Double'[0;0m
  [0;36m|[0;0m                        |- [1;39mnote: [1;39m'reduce(into:_:)' produces '(Int8, _) -> Int8', not the expected contextual result type 'Double'[0;0m
  [0;36m|[0;0m                        |- [1;39mnote: [1;39m'reduce(into:_:)' produces '(UInt16, _) -> UInt16', not the expected contextual result type 'Double'[0;0m
  [0;36m|[0;0m                        |- [1;39mnote: [1;39m'reduce(into:_:)' produces '(Int16, _) -> Int16', not the expected contextual result type 'Double'[0;0m
  [0;36m|[0;0m                        |- [1;39mnote: [1;39m'reduce(into:_:)' produces '(UInt32, _) -> UInt32', not the expected contextual result type 'Double'[0;0m
  [0;36m|[0;0m                        |- [1;39mnote: [1;39m'reduce(into:_:)' produces '(Int32, _) -> Int32', not the expected contextual result type 'Double'[0;0m
  [0;36m|[0;0m                        |- [1;39mnote: [1;39m'reduce(into:_:)' produces '(UInt64, _) -> UInt64', not the expected contextual result type 'Double'[0;0m
  [0;36m|[0;0m                        |- [1;39mnote: [1;39m'reduce(into:_:)' produces '(Int64, _) -> Int64', not the expected contextual result type 'Double'[0;0m
  [0;36m|[0;0m                        |- [1;39mnote: [1;39m'reduce(into:_:)' produces '(UInt, _) -> UInt', not the expected contextual result type 'Double'[0;0m
  [0;36m|[0;0m                        |- [1;39mnote: [1;39m'reduce(into:_:)' produces '(Int, _) -> Int', not the expected contextual result type 'Double'[0;0m
  [0;36m|[0;0m                        |- [1;39mnote: [1;39m'reduce(into:_:)' produces '(ContinuousClock.Instant, _) -> ContinuousClock.Instant', not the expected contextual result type 'Double'[0;0m
  [0;36m|[0;0m                        |- [1;39mnote: [1;39m'reduce(into:_:)' produces '(SuspendingClock.Instant, _) -> SuspendingClock.Instant', not the expected contextual result type 'Double'[0;0m
  [0;36m|[0;0m                        |- [1;39mnote: [1;39m'reduce(into:_:)' produces '(DispatchTime, _) -> DispatchTime', not the expected contextual result type 'Double'[0;0m
  [0;36m|[0;0m                        |- [1;39mnote: [1;39m'reduce(into:_:)' produces '(DispatchTime, _) -> DispatchTime', not the expected contextual result type 'Double'[0;0m
  [0;36m|[0;0m                        |- [1;39mnote: [1;39m'reduce(into:_:)' produces '(DispatchWallTime, _) -> DispatchWallTime', not the expected contextual result type 'Double'[0;0m
  [0;36m|[0;0m                        |- [1;39mnote: [1;39m'reduce(into:_:)' produces '(DispatchWallTime, _) -> DispatchWallTime', not the expected contextual result type 'Double'[0;0m
  [0;36m|[0;0m                        |- [1;39mnote: [1;39m'reduce(into:_:)' produces '(DispatchQueue.SchedulerTimeType.Stride, _) -> DispatchQueue.SchedulerTimeType.Stride', not the expected contextual result type 'Double'[0;0m
  [0;36m|[0;0m                        |- [1;39mnote: [1;39m'reduce(into:_:)' produces '(CGFloat, _) -> CGFloat', not the expected contextual result type 'Double'[0;0m
  [0;36m|[0;0m                        |- [1;39mnote: [1;39m'reduce(into:_:)' produces '(RunLoop.SchedulerTimeType.Stride, _) -> RunLoop.SchedulerTimeType.Stride', not the expected contextual result type 'Double'[0;0m
  [0;36m|[0;0m                        |- [1;39mnote: [1;39m'reduce(into:_:)' produces '(AttributedString, _) -> AttributedString', not the expected contextual result type 'Double'[0;0m
  [0;36m|[0;0m                        |- [1;39mnote: [1;39m'reduce(into:_:)' produces '(Decimal, _) -> Decimal', not the expected contextual result type 'Double'[0;0m
  [0;36m|[0;0m                        |- [1;39mnote: [1;39m'reduce(into:_:)' produces '(Date, _) -> Date', not the expected contextual result type 'Double'[0;0m
  [0;36m|[0;0m                        |- [1;39mnote: [1;39m'reduce(into:_:)' produces '(IndexPath, _) -> IndexPath', not the expected contextual result type 'Double'[0;0m
  [0;36m|[0;0m                        |- [1;39mnote: [1;39m'reduce(into:_:)' produces '(OperationQueue.SchedulerTimeType.Stride, _) -> OperationQueue.SchedulerTimeType.Stride', not the expected contextual result type 'Double'[0;0m
  [0;36m|[0;0m                        |- [1;39mnote: [1;39m'reduce(into:_:)' produces '(_AnyAnimatableData, _) -> _AnyAnimatableData', not the expected contextual result type 'Double'[0;0m
  [0;36m|[0;0m                        |- [1;39mnote: [1;39m'reduce(into:_:)' produces '(Color.ResolvedHDR._Animatable, _) -> Color.ResolvedHDR._Animatable', not the expected contextual result type 'Double'[0;0m
  [0;36m|[0;0m                        |- [1;39mnote: [1;39m'reduce(into:_:)' produces '(Text, _) -> Text', not the expected contextual result type 'Double'[0;0m
  [0;36m|[0;0m                        |- [1;39mnote: [1;39m'reduce(into:_:)' produces '(ConcentricRectangle.AnimatableData, _) -> ConcentricRectangle.AnimatableData', not the expected contextual result type 'Double'[0;0m
  [0;36m|[0;0m                        |- [1;39mnote: [1;39m'reduce(into:_:)' produces '(RoundedRectangularShapeCorners.AnimatableData, _) -> RoundedRectangularShapeCorners.AnimatableData', not the expected contextual result type 'Double'[0;0m
  [0;36m|[0;0m                        |- [1;39mnote: [1;39m'reduce(into:_:)' produces '(EmptyAnimatableData, _) -> EmptyAnimatableData', not the expected contextual result type 'Double'[0;0m
  [0;36m|[0;0m                        |- [1;39mnote: [1;39m'reduce(into:_:)' produces '(Edge.Corner.Style.AnimatableData, _) -> Edge.Corner.Style.AnimatableData', not the expected contextual result type 'Double'[0;0m
  [0;36m|[0;0m                        |- [1;39mnote: [1;39m'reduce(into:_:)' produces '(Measurement<Dimension>, _) -> Measurement<Dimension>', not the expected contextual result type 'Double'[0;0m
  [0;36m|[0;0m                        `- [1;39mnote: [1;39m'reduce(into:_:)' produces '(Measurement<Unit>, _) -> Measurement<Unit>', not the expected contextual result type 'Double'[0;0m
[0;36m3 |[0;0m 

/Users/danielstevens/github-projects/tools-automation/MomentumFinance/Shared/Features/Subscriptions/SubscriptionSummaryViews.swift:203:38: [1;31merror: [1;39mmissing argument label 'into:' in call[0;0m
[0;36m201 |[0;0m 
[0;36m202 |[0;0m         private var monthlyTotal: Double {
[0;36m203 |[0;0m             self.subscriptions.reduce(0) { total, subscription in
    [0;36m|[0;0m                                      `- [1;31merror: [1;39mmissing argument label 'into:' in call[0;0m
[0;36m204 |[0;0m                 total + subscription.monthlyEquivalent
[0;36m205 |[0;0m             }

/Users/danielstevens/github-projects/tools-automation/MomentumFinance/Shared/Features/Subscriptions/SubscriptionSummaryViews.swift:203:32: [1;31merror: [1;39mno 'reduce' candidates produce the expected contextual result type 'Double'[0;0m
[0;36m201 |[0;0m 
[0;36m202 |[0;0m         private var monthlyTotal: Double {
[0;36m203 |[0;0m             self.subscriptions.reduce(0) { total, subscription in
    [0;36m|[0;0m                                `- [1;31merror: [1;39mno 'reduce' candidates produce the expected contextual result type 'Double'[0;0m
[0;36m204 |[0;0m                 total + subscription.monthlyEquivalent
[0;36m205 |[0;0m             }

Swift.Sequence.reduce:2:24: [1;39mnote: [1;39m'reduce(into:_:)' produces '(String, _) -> String', not the expected contextual result type 'Double'[0;0m
[0;36m1 |[0;0m protocol Sequence {
[0;36m2 |[0;0m @inlinable public func reduce<Result>(into initialResult: __owned Result, _ updateAccumulatingResult: (_ partialResult: inout Result, Self.Element) throws -> ()) rethrows -> Result}
  [0;36m|[0;0m                        |- [1;39mnote: [1;39m'reduce(into:_:)' produces '(String, _) -> String', not the expected contextual result type 'Double'[0;0m
  [0;36m|[0;0m                        |- [1;39mnote: [1;39m'reduce(into:_:)' produces '(Duration, _) -> Duration', not the expected contextual result type 'Double'[0;0m
  [0;36m|[0;0m                        |- [1;39mnote: [1;39m'reduce(into:_:)' produces '(Int128, _) -> Int128', not the expected contextual result type 'Double'[0;0m
  [0;36m|[0;0m                        |- [1;39mnote: [1;39m'reduce(into:_:)' produces '(UInt128, _) -> UInt128', not the expected contextual result type 'Double'[0;0m
  [0;36m|[0;0m                        |- [1;39mnote: [1;39m'reduce(into:_:)' produces '(Float16, _) -> Float16', not the expected contextual result type 'Double'[0;0m
  [0;36m|[0;0m                        |- [1;39mnote: [1;39m'reduce(into:_:)' produces '(Float, _) -> Float', not the expected contextual result type 'Double'[0;0m
  [0;36m|[0;0m                        |- [1;39mnote: [1;39m'reduce(into:_:)' produces '(Double, _) -> Double', not the expected contextual result type 'Double'[0;0m
  [0;36m|[0;0m                        |- [1;39mnote: [1;39m'reduce(into:_:)' produces '(UInt8, _) -> UInt8', not the expected contextual result type 'Double'[0;0m
  [0;36m|[0;0m                        |- [1;39mnote: [1;39m'reduce(into:_:)' produces '(Int8, _) -> Int8', not the expected contextual result type 'Double'[0;0m
  [0;36m|[0;0m                        |- [1;39mnote: [1;39m'reduce(into:_:)' produces '(UInt16, _) -> UInt16', not the expected contextual result type 'Double'[0;0m
  [0;36m|[0;0m                        |- [1;39mnote: [1;39m'reduce(into:_:)' produces '(Int16, _) -> Int16', not the expected contextual result type 'Double'[0;0m
  [0;36m|[0;0m                        |- [1;39mnote: [1;39m'reduce(into:_:)' produces '(UInt32, _) -> UInt32', not the expected contextual result type 'Double'[0;0m
  [0;36m|[0;0m                        |- [1;39mnote: [1;39m'reduce(into:_:)' produces '(Int32, _) -> Int32', not the expected contextual result type 'Double'[0;0m
  [0;36m|[0;0m                        |- [1;39mnote: [1;39m'reduce(into:_:)' produces '(UInt64, _) -> UInt64', not the expected contextual result type 'Double'[0;0m
  [0;36m|[0;0m                        |- [1;39mnote: [1;39m'reduce(into:_:)' produces '(Int64, _) -> Int64', not the expected contextual result type 'Double'[0;0m
  [0;36m|[0;0m                        |- [1;39mnote: [1;39m'reduce(into:_:)' produces '(UInt, _) -> UInt', not the expected contextual result type 'Double'[0;0m
  [0;36m|[0;0m                        |- [1;39mnote: [1;39m'reduce(into:_:)' produces '(Int, _) -> Int', not the expected contextual result type 'Double'[0;0m
  [0;36m|[0;0m                        |- [1;39mnote: [1;39m'reduce(into:_:)' produces '(ContinuousClock.Instant, _) -> ContinuousClock.Instant', not the expected contextual result type 'Double'[0;0m
  [0;36m|[0;0m                        |- [1;39mnote: [1;39m'reduce(into:_:)' produces '(SuspendingClock.Instant, _) -> SuspendingClock.Instant', not the expected contextual result type 'Double'[0;0m
  [0;36m|[0;0m                        |- [1;39mnote: [1;39m'reduce(into:_:)' produces '(DispatchTime, _) -> DispatchTime', not the expected contextual result type 'Double'[0;0m
  [0;36m|[0;0m                        |- [1;39mnote: [1;39m'reduce(into:_:)' produces '(DispatchTime, _) -> DispatchTime', not the expected contextual result type 'Double'[0;0m
  [0;36m|[0;0m                        |- [1;39mnote: [1;39m'reduce(into:_:)' produces '(DispatchWallTime, _) -> DispatchWallTime', not the expected contextual result type 'Double'[0;0m
  [0;36m|[0;0m                        |- [1;39mnote: [1;39m'reduce(into:_:)' produces '(DispatchWallTime, _) -> DispatchWallTime', not the expected contextual result type 'Double'[0;0m
  [0;36m|[0;0m                        |- [1;39mnote: [1;39m'reduce(into:_:)' produces '(DispatchQueue.SchedulerTimeType.Stride, _) -> DispatchQueue.SchedulerTimeType.Stride', not the expected contextual result type 'Double'[0;0m
  [0;36m|[0;0m                        |- [1;39mnote: [1;39m'reduce(into:_:)' produces '(CGFloat, _) -> CGFloat', not the expected contextual result type 'Double'[0;0m
  [0;36m|[0;0m                        |- [1;39mnote: [1;39m'reduce(into:_:)' produces '(RunLoop.SchedulerTimeType.Stride, _) -> RunLoop.SchedulerTimeType.Stride', not the expected contextual result type 'Double'[0;0m
  [0;36m|[0;0m                        |- [1;39mnote: [1;39m'reduce(into:_:)' produces '(AttributedString, _) -> AttributedString', not the expected contextual result type 'Double'[0;0m
  [0;36m|[0;0m                        |- [1;39mnote: [1;39m'reduce(into:_:)' produces '(Decimal, _) -> Decimal', not the expected contextual result type 'Double'[0;0m
  [0;36m|[0;0m                        |- [1;39mnote: [1;39m'reduce(into:_:)' produces '(Date, _) -> Date', not the expected contextual result type 'Double'[0;0m
  [0;36m|[0;0m                        |- [1;39mnote: [1;39m'reduce(into:_:)' produces '(IndexPath, _) -> IndexPath', not the expected contextual result type 'Double'[0;0m
  [0;36m|[0;0m                        |- [1;39mnote: [1;39m'reduce(into:_:)' produces '(OperationQueue.SchedulerTimeType.Stride, _) -> OperationQueue.SchedulerTimeType.Stride', not the expected contextual result type 'Double'[0;0m
  [0;36m|[0;0m                        |- [1;39mnote: [1;39m'reduce(into:_:)' produces '(_AnyAnimatableData, _) -> _AnyAnimatableData', not the expected contextual result type 'Double'[0;0m
  [0;36m|[0;0m                        |- [1;39mnote: [1;39m'reduce(into:_:)' produces '(Color.ResolvedHDR._Animatable, _) -> Color.ResolvedHDR._Animatable', not the expected contextual result type 'Double'[0;0m
  [0;36m|[0;0m                        |- [1;39mnote: [1;39m'reduce(into:_:)' produces '(Text, _) -> Text', not the expected contextual result type 'Double'[0;0m
  [0;36m|[0;0m                        |- [1;39mnote: [1;39m'reduce(into:_:)' produces '(ConcentricRectangle.AnimatableData, _) -> ConcentricRectangle.AnimatableData', not the expected contextual result type 'Double'[0;0m
  [0;36m|[0;0m                        |- [1;39mnote: [1;39m'reduce(into:_:)' produces '(RoundedRectangularShapeCorners.AnimatableData, _) -> RoundedRectangularShapeCorners.AnimatableData', not the expected contextual result type 'Double'[0;0m
  [0;36m|[0;0m                        |- [1;39mnote: [1;39m'reduce(into:_:)' produces '(EmptyAnimatableData, _) -> EmptyAnimatableData', not the expected contextual result type 'Double'[0;0m
  [0;36m|[0;0m                        |- [1;39mnote: [1;39m'reduce(into:_:)' produces '(Edge.Corner.Style.AnimatableData, _) -> Edge.Corner.Style.AnimatableData', not the expected contextual result type 'Double'[0;0m
  [0;36m|[0;0m                        |- [1;39mnote: [1;39m'reduce(into:_:)' produces '(Measurement<Dimension>, _) -> Measurement<Dimension>', not the expected contextual result type 'Double'[0;0m
  [0;36m|[0;0m                        `- [1;39mnote: [1;39m'reduce(into:_:)' produces '(Measurement<Unit>, _) -> Measurement<Unit>', not the expected contextual result type 'Double'[0;0m
[0;36m3 |[0;0m 

/Users/danielstevens/github-projects/tools-automation/MomentumFinance/Shared/Features/Transactions/AddTransactionView.swift:43:26: [1;31merror: [1;39mtrailing closure passed to parameter of type 'Visibility' that does not accept a closure[0;0m
 [0;36m41 |[0;0m                     .navigationBarTitleDisplayMode(.inline)
 [0;36m42 |[0;0m                 #endif
 [0;36m43 |[0;0m                 .toolbar [4;39m{[0;0m
    [0;36m|[0;0m                          `- [1;31merror: [1;39mtrailing closure passed to parameter of type 'Visibility' that does not accept a closure[0;0m
 [0;36m44 |[0;0m                     #if canImport(UIKit)
 [0;36m45 |[0;0m                         ToolbarItem(placement: .navigationBarLeading) {

SwiftUI.View.toolbar:6:27: [1;39mnote: [1;39m'toolbar(_:for:)' declared here[0;0m
[0;36m4 |[0;0m   @available(tvOS, introduced: 16.0, deprecated: 100000.0, renamed: "toolbarVisibility(_:for:)")
[0;36m5 |[0;0m   @available(watchOS, introduced: 9.0, deprecated: 100000.0, renamed: "toolbarVisibility(_:for:)")
[0;36m6 |[0;0m   nonisolated public func toolbar(_ visibility: Visibility, for bars: ToolbarPlacement...) -> some View
  [0;36m|[0;0m                           `- [1;39mnote: [1;39m'toolbar(_:for:)' declared here[0;0m
[0;36m7 |[0;0m   }
[0;36m8 |[0;0m 

/Users/danielstevens/github-projects/tools-automation/MomentumFinance/Shared/Features/Transactions/AddTransactionView.swift:85:22: [1;33mwarning: [1;39m'onChange(of:perform:)' was deprecated in macOS 14.0: Use `onChange` with a two or zero parameter action closure instead.[0;0m [#]8;;https://docs.swift.org/compiler/documentation/diagnostics/deprecated-declaration\DeprecatedDeclaration]8;;\]
 [0;36m83 |[0;0m             Section(header: Text("Transaction Details")) {
 [0;36m84 |[0;0m                 TextField("Title", text: self.$title)
 [0;36m85 |[0;0m                     .onChange(of: self.title) { _ in
    [0;36m|[0;0m                      `- [1;33mwarning: [1;39m'onChange(of:perform:)' was deprecated in macOS 14.0: Use `onChange` with a two or zero parameter action closure instead.[0;0m [#]8;;https://docs.swift.org/compiler/documentation/diagnostics/deprecated-declaration\DeprecatedDeclaration]8;;\]
 [0;36m86 |[0;0m                         self.handleTitleChange()
 [0;36m87 |[0;0m                     }

[#DeprecatedDeclaration]: <https://docs.swift.org/compiler/documentation/diagnostics/deprecated-declaration>
[70/148] Compiling Shared SubscriptionsView_New.swift
/Users/danielstevens/github-projects/tools-automation/MomentumFinance/Shared/Features/Subscriptions/SubscriptionManagementViews.swift:109:67: [1;31merror: [1;39mexpected ',' separator[0;0m
[0;36m107 |[0;0m                     Section(header: Text("Notes")) {
[0;36m108 |[0;0m                         TextField(
[0;36m109 |[0;0m                             "Notes (optional).accessibilityLabel("Text Field")",
    [0;36m|[0;0m                                                                   `- [1;31merror: [1;39mexpected ',' separator[0;0m
[0;36m110 |[0;0m                             text: self.$notes,
[0;36m111 |[0;0m                             axis: .vertical

/Users/danielstevens/github-projects/tools-automation/MomentumFinance/Shared/Features/NotificationsView.swift:23:9: [1;31merror: [1;39mproperty 'body' must be declared public because it matches a requirement in public protocol 'View'[0;0m
 [0;36m21 |[0;0m     @State private var isLoading = true
 [0;36m22 |[0;0m 
 [0;36m23 |[0;0m     var body: some View {
    [0;36m|[0;0m         |- [1;31merror: [1;39mproperty 'body' must be declared public because it matches a requirement in public protocol 'View'[0;0m
    [0;36m|[0;0m         `- [1;39mnote: [1;39mmark the property as 'public' to satisfy the requirement[0;0m
 [0;36m24 |[0;0m         NavigationView {
 [0;36m25 |[0;0m             VStack(spacing: 0) {

/Users/danielstevens/github-projects/tools-automation/MomentumFinance/Shared/Features/NotificationsView.swift:266:16: [1;31merror: [1;39mmissing argument for parameter #1 in call[0;0m
[0;36m264 |[0;0m     public var body: some View {
[0;36m265 |[0;0m 
[0;36m266 |[0;0m         Button(action: self.action).accessibilityLabel("Button") {
    [0;36m|[0;0m                `- [1;31merror: [1;39mmissing argument for parameter #1 in call[0;0m
[0;36m267 |[0;0m             HStack(spacing: 8) {
[0;36m268 |[0;0m                 Image(systemName: self.filter.icon)

SwiftUI.Button.init:2:36: [1;39mnote: [1;39m'init(_:action:)' declared here[0;0m
[0;36m1 |[0;0m generic struct Button {
[0;36m2 |[0;0m @preconcurrency nonisolated public init(_ titleKey: LocalizedStringKey, action: @escaping @MainActor () -> Void)}
  [0;36m|[0;0m                                    `- [1;39mnote: [1;39m'init(_:action:)' declared here[0;0m
[0;36m3 |[0;0m 

/Users/danielstevens/github-projects/tools-automation/MomentumFinance/Shared/Features/NotificationsView.swift:266:66: [1;31merror: [1;39mtype '_' cannot be used as a boolean; test for '!= 0' instead[0;0m
[0;36m264 |[0;0m     public var body: some View {
[0;36m265 |[0;0m 
[0;36m266 |[0;0m         Button(action: self.action).accessibilityLabel("Button") {
    [0;36m|[0;0m                                                                  `- [1;31merror: [1;39mtype '_' cannot be used as a boolean; test for '!= 0' instead[0;0m
[0;36m267 |[0;0m             HStack(spacing: 8) {
[0;36m268 |[0;0m                 Image(systemName: self.filter.icon)

/Users/danielstevens/github-projects/tools-automation/MomentumFinance/Shared/Features/Subscriptions/SubscriptionDetailView.swift:240:13: [1;31merror: [1;39mswitch must be exhaustive[0;0m
[0;36m238 |[0;0m 
[0;36m239 |[0;0m         private func billingFrequencyText(_ cycle: BillingCycle) -> String {
[0;36m240 |[0;0m             switch cycle {
    [0;36m|[0;0m             |- [1;31merror: [1;39mswitch must be exhaustive[0;0m
    [0;36m|[0;0m             |- [1;39mnote: [1;39madd missing case: '.daily'[0;0m
    [0;36m|[0;0m             |- [1;39mnote: [1;39madd missing case: '.quarterly'[0;0m
    [0;36m|[0;0m             `- [1;39mnote: [1;39madd missing cases[0;0m
[0;36m241 |[0;0m             case .weekly:
[0;36m242 |[0;0m                 "Billed Weekly"

/Users/danielstevens/github-projects/tools-automation/MomentumFinance/Shared/Features/Subscriptions/SubscriptionManagementViews.swift:108:34: [1;31merror: [1;39mincorrect argument labels in call (have '_:_:text:axis:', expected '_:text:prompt:axis:')[0;0m
[0;36m106 |[0;0m 
[0;36m107 |[0;0m                     Section(header: Text("Notes")) {
[0;36m108 |[0;0m                         TextField(
    [0;36m|[0;0m                                  `- [1;31merror: [1;39mincorrect argument labels in call (have '_:_:text:axis:', expected '_:text:prompt:axis:')[0;0m
[0;36m109 |[0;0m                             "Notes (optional).accessibilityLabel("Text Field")",
[0;36m110 |[0;0m                             text: self.$notes,

/Users/danielstevens/github-projects/tools-automation/MomentumFinance/Shared/Features/Subscriptions/SubscriptionManagementViews.swift:109:67: [1;31merror: [1;39mcannot convert value of type 'Text.Type' to expected argument type 'Text'[0;0m
[0;36m107 |[0;0m                     Section(header: Text("Notes")) {
[0;36m108 |[0;0m                         TextField(
[0;36m109 |[0;0m                             "Notes (optional).accessibilityLabel("Text Field")",
    [0;36m|[0;0m                                                                   `- [1;31merror: [1;39mcannot convert value of type 'Text.Type' to expected argument type 'Text'[0;0m
[0;36m110 |[0;0m                             text: self.$notes,
[0;36m111 |[0;0m                             axis: .vertical

/Users/danielstevens/github-projects/tools-automation/MomentumFinance/Shared/Features/Subscriptions/SubscriptionManagementViews.swift:139:40: [1;31merror: [1;39mcannot convert value of type 'String' to expected argument type 'PrimitiveButtonStyleConfiguration'[0;0m
[0;36m137 |[0;0m                         #else
[0;36m138 |[0;0m                             ToolbarItem(placement: .cancellationAction) {
[0;36m139 |[0;0m                                 Button("Cancel").accessibilityLabel("Button") {
    [0;36m|[0;0m                                        `- [1;31merror: [1;39mcannot convert value of type 'String' to expected argument type 'PrimitiveButtonStyleConfiguration'[0;0m
[0;36m140 |[0;0m                                     self.dismiss()
[0;36m141 |[0;0m                                 }

/Users/danielstevens/github-projects/tools-automation/MomentumFinance/Shared/Features/Subscriptions/SubscriptionManagementViews.swift:139:79: [1;31merror: [1;39mtype '_' cannot be used as a boolean; test for '!= 0' instead[0;0m
[0;36m137 |[0;0m                         #else
[0;36m138 |[0;0m                             ToolbarItem(placement: .cancellationAction) {
[0;36m139 |[0;0m                                 Button("Cancel").accessibilityLabel("Button") {
    [0;36m|[0;0m                                                                               `- [1;31merror: [1;39mtype '_' cannot be used as a boolean; test for '!= 0' instead[0;0m
[0;36m140 |[0;0m                                     self.dismiss()
[0;36m141 |[0;0m                                 }

/Users/danielstevens/github-projects/tools-automation/MomentumFinance/Shared/Features/Subscriptions/SubscriptionSummaryViews.swift:38:38: [1;31merror: [1;39mmissing argument label 'into:' in call[0;0m
 [0;36m36 |[0;0m 
 [0;36m37 |[0;0m         private var monthlyTotal: Double {
 [0;36m38 |[0;0m             self.subscriptions.reduce(0) { total, subscription in
    [0;36m|[0;0m                                      `- [1;31merror: [1;39mmissing argument label 'into:' in call[0;0m
 [0;36m39 |[0;0m                 total + subscription.monthlyEquivalent
 [0;36m40 |[0;0m             }

/Users/danielstevens/github-projects/tools-automation/MomentumFinance/Shared/Features/Subscriptions/SubscriptionSummaryViews.swift:38:32: [1;31merror: [1;39mno 'reduce' candidates produce the expected contextual result type 'Double'[0;0m
 [0;36m36 |[0;0m 
 [0;36m37 |[0;0m         private var monthlyTotal: Double {
 [0;36m38 |[0;0m             self.subscriptions.reduce(0) { total, subscription in
    [0;36m|[0;0m                                `- [1;31merror: [1;39mno 'reduce' candidates produce the expected contextual result type 'Double'[0;0m
 [0;36m39 |[0;0m                 total + subscription.monthlyEquivalent
 [0;36m40 |[0;0m             }

Swift.Sequence.reduce:2:24: [1;39mnote: [1;39m'reduce(into:_:)' produces '(String, _) -> String', not the expected contextual result type 'Double'[0;0m
[0;36m1 |[0;0m protocol Sequence {
[0;36m2 |[0;0m @inlinable public func reduce<Result>(into initialResult: __owned Result, _ updateAccumulatingResult: (_ partialResult: inout Result, Self.Element) throws -> ()) rethrows -> Result}
  [0;36m|[0;0m                        |- [1;39mnote: [1;39m'reduce(into:_:)' produces '(String, _) -> String', not the expected contextual result type 'Double'[0;0m
  [0;36m|[0;0m                        |- [1;39mnote: [1;39m'reduce(into:_:)' produces '(Duration, _) -> Duration', not the expected contextual result type 'Double'[0;0m
  [0;36m|[0;0m                        |- [1;39mnote: [1;39m'reduce(into:_:)' produces '(Int128, _) -> Int128', not the expected contextual result type 'Double'[0;0m
  [0;36m|[0;0m                        |- [1;39mnote: [1;39m'reduce(into:_:)' produces '(UInt128, _) -> UInt128', not the expected contextual result type 'Double'[0;0m
  [0;36m|[0;0m                        |- [1;39mnote: [1;39m'reduce(into:_:)' produces '(Float16, _) -> Float16', not the expected contextual result type 'Double'[0;0m
  [0;36m|[0;0m                        |- [1;39mnote: [1;39m'reduce(into:_:)' produces '(Float, _) -> Float', not the expected contextual result type 'Double'[0;0m
  [0;36m|[0;0m                        |- [1;39mnote: [1;39m'reduce(into:_:)' produces '(Double, _) -> Double', not the expected contextual result type 'Double'[0;0m
  [0;36m|[0;0m                        |- [1;39mnote: [1;39m'reduce(into:_:)' produces '(UInt8, _) -> UInt8', not the expected contextual result type 'Double'[0;0m
  [0;36m|[0;0m                        |- [1;39mnote: [1;39m'reduce(into:_:)' produces '(Int8, _) -> Int8', not the expected contextual result type 'Double'[0;0m
  [0;36m|[0;0m                        |- [1;39mnote: [1;39m'reduce(into:_:)' produces '(UInt16, _) -> UInt16', not the expected contextual result type 'Double'[0;0m
  [0;36m|[0;0m                        |- [1;39mnote: [1;39m'reduce(into:_:)' produces '(Int16, _) -> Int16', not the expected contextual result type 'Double'[0;0m
  [0;36m|[0;0m                        |- [1;39mnote: [1;39m'reduce(into:_:)' produces '(UInt32, _) -> UInt32', not the expected contextual result type 'Double'[0;0m
  [0;36m|[0;0m                        |- [1;39mnote: [1;39m'reduce(into:_:)' produces '(Int32, _) -> Int32', not the expected contextual result type 'Double'[0;0m
  [0;36m|[0;0m                        |- [1;39mnote: [1;39m'reduce(into:_:)' produces '(UInt64, _) -> UInt64', not the expected contextual result type 'Double'[0;0m
  [0;36m|[0;0m                        |- [1;39mnote: [1;39m'reduce(into:_:)' produces '(Int64, _) -> Int64', not the expected contextual result type 'Double'[0;0m
  [0;36m|[0;0m                        |- [1;39mnote: [1;39m'reduce(into:_:)' produces '(UInt, _) -> UInt', not the expected contextual result type 'Double'[0;0m
  [0;36m|[0;0m                        |- [1;39mnote: [1;39m'reduce(into:_:)' produces '(Int, _) -> Int', not the expected contextual result type 'Double'[0;0m
  [0;36m|[0;0m                        |- [1;39mnote: [1;39m'reduce(into:_:)' produces '(ContinuousClock.Instant, _) -> ContinuousClock.Instant', not the expected contextual result type 'Double'[0;0m
  [0;36m|[0;0m                        |- [1;39mnote: [1;39m'reduce(into:_:)' produces '(SuspendingClock.Instant, _) -> SuspendingClock.Instant', not the expected contextual result type 'Double'[0;0m
  [0;36m|[0;0m                        |- [1;39mnote: [1;39m'reduce(into:_:)' produces '(DispatchTime, _) -> DispatchTime', not the expected contextual result type 'Double'[0;0m
  [0;36m|[0;0m                        |- [1;39mnote: [1;39m'reduce(into:_:)' produces '(DispatchTime, _) -> DispatchTime', not the expected contextual result type 'Double'[0;0m
  [0;36m|[0;0m                        |- [1;39mnote: [1;39m'reduce(into:_:)' produces '(DispatchWallTime, _) -> DispatchWallTime', not the expected contextual result type 'Double'[0;0m
  [0;36m|[0;0m                        |- [1;39mnote: [1;39m'reduce(into:_:)' produces '(DispatchWallTime, _) -> DispatchWallTime', not the expected contextual result type 'Double'[0;0m
  [0;36m|[0;0m                        |- [1;39mnote: [1;39m'reduce(into:_:)' produces '(DispatchQueue.SchedulerTimeType.Stride, _) -> DispatchQueue.SchedulerTimeType.Stride', not the expected contextual result type 'Double'[0;0m
  [0;36m|[0;0m                        |- [1;39mnote: [1;39m'reduce(into:_:)' produces '(CGFloat, _) -> CGFloat', not the expected contextual result type 'Double'[0;0m
  [0;36m|[0;0m                        |- [1;39mnote: [1;39m'reduce(into:_:)' produces '(RunLoop.SchedulerTimeType.Stride, _) -> RunLoop.SchedulerTimeType.Stride', not the expected contextual result type 'Double'[0;0m
  [0;36m|[0;0m                        |- [1;39mnote: [1;39m'reduce(into:_:)' produces '(AttributedString, _) -> AttributedString', not the expected contextual result type 'Double'[0;0m
  [0;36m|[0;0m                        |- [1;39mnote: [1;39m'reduce(into:_:)' produces '(Decimal, _) -> Decimal', not the expected contextual result type 'Double'[0;0m
  [0;36m|[0;0m                        |- [1;39mnote: [1;39m'reduce(into:_:)' produces '(Date, _) -> Date', not the expected contextual result type 'Double'[0;0m
  [0;36m|[0;0m                        |- [1;39mnote: [1;39m'reduce(into:_:)' produces '(IndexPath, _) -> IndexPath', not the expected contextual result type 'Double'[0;0m
  [0;36m|[0;0m                        |- [1;39mnote: [1;39m'reduce(into:_:)' produces '(OperationQueue.SchedulerTimeType.Stride, _) -> OperationQueue.SchedulerTimeType.Stride', not the expected contextual result type 'Double'[0;0m
  [0;36m|[0;0m                        |- [1;39mnote: [1;39m'reduce(into:_:)' produces '(_AnyAnimatableData, _) -> _AnyAnimatableData', not the expected contextual result type 'Double'[0;0m
  [0;36m|[0;0m                        |- [1;39mnote: [1;39m'reduce(into:_:)' produces '(Color.ResolvedHDR._Animatable, _) -> Color.ResolvedHDR._Animatable', not the expected contextual result type 'Double'[0;0m
  [0;36m|[0;0m                        |- [1;39mnote: [1;39m'reduce(into:_:)' produces '(Text, _) -> Text', not the expected contextual result type 'Double'[0;0m
  [0;36m|[0;0m                        |- [1;39mnote: [1;39m'reduce(into:_:)' produces '(ConcentricRectangle.AnimatableData, _) -> ConcentricRectangle.AnimatableData', not the expected contextual result type 'Double'[0;0m
  [0;36m|[0;0m                        |- [1;39mnote: [1;39m'reduce(into:_:)' produces '(RoundedRectangularShapeCorners.AnimatableData, _) -> RoundedRectangularShapeCorners.AnimatableData', not the expected contextual result type 'Double'[0;0m
  [0;36m|[0;0m                        |- [1;39mnote: [1;39m'reduce(into:_:)' produces '(EmptyAnimatableData, _) -> EmptyAnimatableData', not the expected contextual result type 'Double'[0;0m
  [0;36m|[0;0m                        |- [1;39mnote: [1;39m'reduce(into:_:)' produces '(Edge.Corner.Style.AnimatableData, _) -> Edge.Corner.Style.AnimatableData', not the expected contextual result type 'Double'[0;0m
  [0;36m|[0;0m                        |- [1;39mnote: [1;39m'reduce(into:_:)' produces '(Measurement<Dimension>, _) -> Measurement<Dimension>', not the expected contextual result type 'Double'[0;0m
  [0;36m|[0;0m                        `- [1;39mnote: [1;39m'reduce(into:_:)' produces '(Measurement<Unit>, _) -> Measurement<Unit>', not the expected contextual result type 'Double'[0;0m
[0;36m3 |[0;0m 

/Users/danielstevens/github-projects/tools-automation/MomentumFinance/Shared/Features/Subscriptions/SubscriptionSummaryViews.swift:203:38: [1;31merror: [1;39mmissing argument label 'into:' in call[0;0m
[0;36m201 |[0;0m 
[0;36m202 |[0;0m         private var monthlyTotal: Double {
[0;36m203 |[0;0m             self.subscriptions.reduce(0) { total, subscription in
    [0;36m|[0;0m                                      `- [1;31merror: [1;39mmissing argument label 'into:' in call[0;0m
[0;36m204 |[0;0m                 total + subscription.monthlyEquivalent
[0;36m205 |[0;0m             }

/Users/danielstevens/github-projects/tools-automation/MomentumFinance/Shared/Features/Subscriptions/SubscriptionSummaryViews.swift:203:32: [1;31merror: [1;39mno 'reduce' candidates produce the expected contextual result type 'Double'[0;0m
[0;36m201 |[0;0m 
[0;36m202 |[0;0m         private var monthlyTotal: Double {
[0;36m203 |[0;0m             self.subscriptions.reduce(0) { total, subscription in
    [0;36m|[0;0m                                `- [1;31merror: [1;39mno 'reduce' candidates produce the expected contextual result type 'Double'[0;0m
[0;36m204 |[0;0m                 total + subscription.monthlyEquivalent
[0;36m205 |[0;0m             }

Swift.Sequence.reduce:2:24: [1;39mnote: [1;39m'reduce(into:_:)' produces '(String, _) -> String', not the expected contextual result type 'Double'[0;0m
[0;36m1 |[0;0m protocol Sequence {
[0;36m2 |[0;0m @inlinable public func reduce<Result>(into initialResult: __owned Result, _ updateAccumulatingResult: (_ partialResult: inout Result, Self.Element) throws -> ()) rethrows -> Result}
  [0;36m|[0;0m                        |- [1;39mnote: [1;39m'reduce(into:_:)' produces '(String, _) -> String', not the expected contextual result type 'Double'[0;0m
  [0;36m|[0;0m                        |- [1;39mnote: [1;39m'reduce(into:_:)' produces '(Duration, _) -> Duration', not the expected contextual result type 'Double'[0;0m
  [0;36m|[0;0m                        |- [1;39mnote: [1;39m'reduce(into:_:)' produces '(Int128, _) -> Int128', not the expected contextual result type 'Double'[0;0m
  [0;36m|[0;0m                        |- [1;39mnote: [1;39m'reduce(into:_:)' produces '(UInt128, _) -> UInt128', not the expected contextual result type 'Double'[0;0m
  [0;36m|[0;0m                        |- [1;39mnote: [1;39m'reduce(into:_:)' produces '(Float16, _) -> Float16', not the expected contextual result type 'Double'[0;0m
  [0;36m|[0;0m                        |- [1;39mnote: [1;39m'reduce(into:_:)' produces '(Float, _) -> Float', not the expected contextual result type 'Double'[0;0m
  [0;36m|[0;0m                        |- [1;39mnote: [1;39m'reduce(into:_:)' produces '(Double, _) -> Double', not the expected contextual result type 'Double'[0;0m
  [0;36m|[0;0m                        |- [1;39mnote: [1;39m'reduce(into:_:)' produces '(UInt8, _) -> UInt8', not the expected contextual result type 'Double'[0;0m
  [0;36m|[0;0m                        |- [1;39mnote: [1;39m'reduce(into:_:)' produces '(Int8, _) -> Int8', not the expected contextual result type 'Double'[0;0m
  [0;36m|[0;0m                        |- [1;39mnote: [1;39m'reduce(into:_:)' produces '(UInt16, _) -> UInt16', not the expected contextual result type 'Double'[0;0m
  [0;36m|[0;0m                        |- [1;39mnote: [1;39m'reduce(into:_:)' produces '(Int16, _) -> Int16', not the expected contextual result type 'Double'[0;0m
  [0;36m|[0;0m                        |- [1;39mnote: [1;39m'reduce(into:_:)' produces '(UInt32, _) -> UInt32', not the expected contextual result type 'Double'[0;0m
  [0;36m|[0;0m                        |- [1;39mnote: [1;39m'reduce(into:_:)' produces '(Int32, _) -> Int32', not the expected contextual result type 'Double'[0;0m
  [0;36m|[0;0m                        |- [1;39mnote: [1;39m'reduce(into:_:)' produces '(UInt64, _) -> UInt64', not the expected contextual result type 'Double'[0;0m
  [0;36m|[0;0m                        |- [1;39mnote: [1;39m'reduce(into:_:)' produces '(Int64, _) -> Int64', not the expected contextual result type 'Double'[0;0m
  [0;36m|[0;0m                        |- [1;39mnote: [1;39m'reduce(into:_:)' produces '(UInt, _) -> UInt', not the expected contextual result type 'Double'[0;0m
  [0;36m|[0;0m                        |- [1;39mnote: [1;39m'reduce(into:_:)' produces '(Int, _) -> Int', not the expected contextual result type 'Double'[0;0m
  [0;36m|[0;0m                        |- [1;39mnote: [1;39m'reduce(into:_:)' produces '(ContinuousClock.Instant, _) -> ContinuousClock.Instant', not the expected contextual result type 'Double'[0;0m
  [0;36m|[0;0m                        |- [1;39mnote: [1;39m'reduce(into:_:)' produces '(SuspendingClock.Instant, _) -> SuspendingClock.Instant', not the expected contextual result type 'Double'[0;0m
  [0;36m|[0;0m                        |- [1;39mnote: [1;39m'reduce(into:_:)' produces '(DispatchTime, _) -> DispatchTime', not the expected contextual result type 'Double'[0;0m
  [0;36m|[0;0m                        |- [1;39mnote: [1;39m'reduce(into:_:)' produces '(DispatchTime, _) -> DispatchTime', not the expected contextual result type 'Double'[0;0m
  [0;36m|[0;0m                        |- [1;39mnote: [1;39m'reduce(into:_:)' produces '(DispatchWallTime, _) -> DispatchWallTime', not the expected contextual result type 'Double'[0;0m
  [0;36m|[0;0m                        |- [1;39mnote: [1;39m'reduce(into:_:)' produces '(DispatchWallTime, _) -> DispatchWallTime', not the expected contextual result type 'Double'[0;0m
  [0;36m|[0;0m                        |- [1;39mnote: [1;39m'reduce(into:_:)' produces '(DispatchQueue.SchedulerTimeType.Stride, _) -> DispatchQueue.SchedulerTimeType.Stride', not the expected contextual result type 'Double'[0;0m
  [0;36m|[0;0m                        |- [1;39mnote: [1;39m'reduce(into:_:)' produces '(CGFloat, _) -> CGFloat', not the expected contextual result type 'Double'[0;0m
  [0;36m|[0;0m                        |- [1;39mnote: [1;39m'reduce(into:_:)' produces '(RunLoop.SchedulerTimeType.Stride, _) -> RunLoop.SchedulerTimeType.Stride', not the expected contextual result type 'Double'[0;0m
  [0;36m|[0;0m                        |- [1;39mnote: [1;39m'reduce(into:_:)' produces '(AttributedString, _) -> AttributedString', not the expected contextual result type 'Double'[0;0m
  [0;36m|[0;0m                        |- [1;39mnote: [1;39m'reduce(into:_:)' produces '(Decimal, _) -> Decimal', not the expected contextual result type 'Double'[0;0m
  [0;36m|[0;0m                        |- [1;39mnote: [1;39m'reduce(into:_:)' produces '(Date, _) -> Date', not the expected contextual result type 'Double'[0;0m
  [0;36m|[0;0m                        |- [1;39mnote: [1;39m'reduce(into:_:)' produces '(IndexPath, _) -> IndexPath', not the expected contextual result type 'Double'[0;0m
  [0;36m|[0;0m                        |- [1;39mnote: [1;39m'reduce(into:_:)' produces '(OperationQueue.SchedulerTimeType.Stride, _) -> OperationQueue.SchedulerTimeType.Stride', not the expected contextual result type 'Double'[0;0m
  [0;36m|[0;0m                        |- [1;39mnote: [1;39m'reduce(into:_:)' produces '(_AnyAnimatableData, _) -> _AnyAnimatableData', not the expected contextual result type 'Double'[0;0m
  [0;36m|[0;0m                        |- [1;39mnote: [1;39m'reduce(into:_:)' produces '(Color.ResolvedHDR._Animatable, _) -> Color.ResolvedHDR._Animatable', not the expected contextual result type 'Double'[0;0m
  [0;36m|[0;0m                        |- [1;39mnote: [1;39m'reduce(into:_:)' produces '(Text, _) -> Text', not the expected contextual result type 'Double'[0;0m
  [0;36m|[0;0m                        |- [1;39mnote: [1;39m'reduce(into:_:)' produces '(ConcentricRectangle.AnimatableData, _) -> ConcentricRectangle.AnimatableData', not the expected contextual result type 'Double'[0;0m
  [0;36m|[0;0m                        |- [1;39mnote: [1;39m'reduce(into:_:)' produces '(RoundedRectangularShapeCorners.AnimatableData, _) -> RoundedRectangularShapeCorners.AnimatableData', not the expected contextual result type 'Double'[0;0m
  [0;36m|[0;0m                        |- [1;39mnote: [1;39m'reduce(into:_:)' produces '(EmptyAnimatableData, _) -> EmptyAnimatableData', not the expected contextual result type 'Double'[0;0m
  [0;36m|[0;0m                        |- [1;39mnote: [1;39m'reduce(into:_:)' produces '(Edge.Corner.Style.AnimatableData, _) -> Edge.Corner.Style.AnimatableData', not the expected contextual result type 'Double'[0;0m
  [0;36m|[0;0m                        |- [1;39mnote: [1;39m'reduce(into:_:)' produces '(Measurement<Dimension>, _) -> Measurement<Dimension>', not the expected contextual result type 'Double'[0;0m
  [0;36m|[0;0m                        `- [1;39mnote: [1;39m'reduce(into:_:)' produces '(Measurement<Unit>, _) -> Measurement<Unit>', not the expected contextual result type 'Double'[0;0m
[0;36m3 |[0;0m 

/Users/danielstevens/github-projects/tools-automation/MomentumFinance/Shared/Features/Transactions/AddTransactionView.swift:43:26: [1;31merror: [1;39mtrailing closure passed to parameter of type 'Visibility' that does not accept a closure[0;0m
 [0;36m41 |[0;0m                     .navigationBarTitleDisplayMode(.inline)
 [0;36m42 |[0;0m                 #endif
 [0;36m43 |[0;0m                 .toolbar [4;39m{[0;0m
    [0;36m|[0;0m                          `- [1;31merror: [1;39mtrailing closure passed to parameter of type 'Visibility' that does not accept a closure[0;0m
 [0;36m44 |[0;0m                     #if canImport(UIKit)
 [0;36m45 |[0;0m                         ToolbarItem(placement: .navigationBarLeading) {

SwiftUI.View.toolbar:6:27: [1;39mnote: [1;39m'toolbar(_:for:)' declared here[0;0m
[0;36m4 |[0;0m   @available(tvOS, introduced: 16.0, deprecated: 100000.0, renamed: "toolbarVisibility(_:for:)")
[0;36m5 |[0;0m   @available(watchOS, introduced: 9.0, deprecated: 100000.0, renamed: "toolbarVisibility(_:for:)")
[0;36m6 |[0;0m   nonisolated public func toolbar(_ visibility: Visibility, for bars: ToolbarPlacement...) -> some View
  [0;36m|[0;0m                           `- [1;39mnote: [1;39m'toolbar(_:for:)' declared here[0;0m
[0;36m7 |[0;0m   }
[0;36m8 |[0;0m 

/Users/danielstevens/github-projects/tools-automation/MomentumFinance/Shared/Features/Transactions/AddTransactionView.swift:85:22: [1;33mwarning: [1;39m'onChange(of:perform:)' was deprecated in macOS 14.0: Use `onChange` with a two or zero parameter action closure instead.[0;0m [#]8;;https://docs.swift.org/compiler/documentation/diagnostics/deprecated-declaration\DeprecatedDeclaration]8;;\]
 [0;36m83 |[0;0m             Section(header: Text("Transaction Details")) {
 [0;36m84 |[0;0m                 TextField("Title", text: self.$title)
 [0;36m85 |[0;0m                     .onChange(of: self.title) { _ in
    [0;36m|[0;0m                      `- [1;33mwarning: [1;39m'onChange(of:perform:)' was deprecated in macOS 14.0: Use `onChange` with a two or zero parameter action closure instead.[0;0m [#]8;;https://docs.swift.org/compiler/documentation/diagnostics/deprecated-declaration\DeprecatedDeclaration]8;;\]
 [0;36m86 |[0;0m                         self.handleTitleChange()
 [0;36m87 |[0;0m                     }

[#DeprecatedDeclaration]: <https://docs.swift.org/compiler/documentation/diagnostics/deprecated-declaration>
[71/148] Compiling Shared AccountDetailView.swift
/Users/danielstevens/github-projects/tools-automation/MomentumFinance/Shared/Features/Subscriptions/SubscriptionManagementViews.swift:109:67: [1;31merror: [1;39mexpected ',' separator[0;0m
[0;36m107 |[0;0m                     Section(header: Text("Notes")) {
[0;36m108 |[0;0m                         TextField(
[0;36m109 |[0;0m                             "Notes (optional).accessibilityLabel("Text Field")",
    [0;36m|[0;0m                                                                   `- [1;31merror: [1;39mexpected ',' separator[0;0m
[0;36m110 |[0;0m                             text: self.$notes,
[0;36m111 |[0;0m                             axis: .vertical

/Users/danielstevens/github-projects/tools-automation/MomentumFinance/Shared/Features/NotificationsView.swift:23:9: [1;31merror: [1;39mproperty 'body' must be declared public because it matches a requirement in public protocol 'View'[0;0m
 [0;36m21 |[0;0m     @State private var isLoading = true
 [0;36m22 |[0;0m 
 [0;36m23 |[0;0m     var body: some View {
    [0;36m|[0;0m         |- [1;31merror: [1;39mproperty 'body' must be declared public because it matches a requirement in public protocol 'View'[0;0m
    [0;36m|[0;0m         `- [1;39mnote: [1;39mmark the property as 'public' to satisfy the requirement[0;0m
 [0;36m24 |[0;0m         NavigationView {
 [0;36m25 |[0;0m             VStack(spacing: 0) {

/Users/danielstevens/github-projects/tools-automation/MomentumFinance/Shared/Features/NotificationsView.swift:266:16: [1;31merror: [1;39mmissing argument for parameter #1 in call[0;0m
[0;36m264 |[0;0m     public var body: some View {
[0;36m265 |[0;0m 
[0;36m266 |[0;0m         Button(action: self.action).accessibilityLabel("Button") {
    [0;36m|[0;0m                `- [1;31merror: [1;39mmissing argument for parameter #1 in call[0;0m
[0;36m267 |[0;0m             HStack(spacing: 8) {
[0;36m268 |[0;0m                 Image(systemName: self.filter.icon)

SwiftUI.Button.init:2:36: [1;39mnote: [1;39m'init(_:action:)' declared here[0;0m
[0;36m1 |[0;0m generic struct Button {
[0;36m2 |[0;0m @preconcurrency nonisolated public init(_ titleKey: LocalizedStringKey, action: @escaping @MainActor () -> Void)}
  [0;36m|[0;0m                                    `- [1;39mnote: [1;39m'init(_:action:)' declared here[0;0m
[0;36m3 |[0;0m 

/Users/danielstevens/github-projects/tools-automation/MomentumFinance/Shared/Features/NotificationsView.swift:266:66: [1;31merror: [1;39mtype '_' cannot be used as a boolean; test for '!= 0' instead[0;0m
[0;36m264 |[0;0m     public var body: some View {
[0;36m265 |[0;0m 
[0;36m266 |[0;0m         Button(action: self.action).accessibilityLabel("Button") {
    [0;36m|[0;0m                                                                  `- [1;31merror: [1;39mtype '_' cannot be used as a boolean; test for '!= 0' instead[0;0m
[0;36m267 |[0;0m             HStack(spacing: 8) {
[0;36m268 |[0;0m                 Image(systemName: self.filter.icon)

/Users/danielstevens/github-projects/tools-automation/MomentumFinance/Shared/Features/Subscriptions/SubscriptionDetailView.swift:240:13: [1;31merror: [1;39mswitch must be exhaustive[0;0m
[0;36m238 |[0;0m 
[0;36m239 |[0;0m         private func billingFrequencyText(_ cycle: BillingCycle) -> String {
[0;36m240 |[0;0m             switch cycle {
    [0;36m|[0;0m             |- [1;31merror: [1;39mswitch must be exhaustive[0;0m
    [0;36m|[0;0m             |- [1;39mnote: [1;39madd missing case: '.daily'[0;0m
    [0;36m|[0;0m             |- [1;39mnote: [1;39madd missing case: '.quarterly'[0;0m
    [0;36m|[0;0m             `- [1;39mnote: [1;39madd missing cases[0;0m
[0;36m241 |[0;0m             case .weekly:
[0;36m242 |[0;0m                 "Billed Weekly"

/Users/danielstevens/github-projects/tools-automation/MomentumFinance/Shared/Features/Subscriptions/SubscriptionManagementViews.swift:108:34: [1;31merror: [1;39mincorrect argument labels in call (have '_:_:text:axis:', expected '_:text:prompt:axis:')[0;0m
[0;36m106 |[0;0m 
[0;36m107 |[0;0m                     Section(header: Text("Notes")) {
[0;36m108 |[0;0m                         TextField(
    [0;36m|[0;0m                                  `- [1;31merror: [1;39mincorrect argument labels in call (have '_:_:text:axis:', expected '_:text:prompt:axis:')[0;0m
[0;36m109 |[0;0m                             "Notes (optional).accessibilityLabel("Text Field")",
[0;36m110 |[0;0m                             text: self.$notes,

/Users/danielstevens/github-projects/tools-automation/MomentumFinance/Shared/Features/Subscriptions/SubscriptionManagementViews.swift:109:67: [1;31merror: [1;39mcannot convert value of type 'Text.Type' to expected argument type 'Text'[0;0m
[0;36m107 |[0;0m                     Section(header: Text("Notes")) {
[0;36m108 |[0;0m                         TextField(
[0;36m109 |[0;0m                             "Notes (optional).accessibilityLabel("Text Field")",
    [0;36m|[0;0m                                                                   `- [1;31merror: [1;39mcannot convert value of type 'Text.Type' to expected argument type 'Text'[0;0m
[0;36m110 |[0;0m                             text: self.$notes,
[0;36m111 |[0;0m                             axis: .vertical

/Users/danielstevens/github-projects/tools-automation/MomentumFinance/Shared/Features/Subscriptions/SubscriptionManagementViews.swift:139:40: [1;31merror: [1;39mcannot convert value of type 'String' to expected argument type 'PrimitiveButtonStyleConfiguration'[0;0m
[0;36m137 |[0;0m                         #else
[0;36m138 |[0;0m                             ToolbarItem(placement: .cancellationAction) {
[0;36m139 |[0;0m                                 Button("Cancel").accessibilityLabel("Button") {
    [0;36m|[0;0m                                        `- [1;31merror: [1;39mcannot convert value of type 'String' to expected argument type 'PrimitiveButtonStyleConfiguration'[0;0m
[0;36m140 |[0;0m                                     self.dismiss()
[0;36m141 |[0;0m                                 }

/Users/danielstevens/github-projects/tools-automation/MomentumFinance/Shared/Features/Subscriptions/SubscriptionManagementViews.swift:139:79: [1;31merror: [1;39mtype '_' cannot be used as a boolean; test for '!= 0' instead[0;0m
[0;36m137 |[0;0m                         #else
[0;36m138 |[0;0m                             ToolbarItem(placement: .cancellationAction) {
[0;36m139 |[0;0m                                 Button("Cancel").accessibilityLabel("Button") {
    [0;36m|[0;0m                                                                               `- [1;31merror: [1;39mtype '_' cannot be used as a boolean; test for '!= 0' instead[0;0m
[0;36m140 |[0;0m                                     self.dismiss()
[0;36m141 |[0;0m                                 }

/Users/danielstevens/github-projects/tools-automation/MomentumFinance/Shared/Features/Subscriptions/SubscriptionSummaryViews.swift:38:38: [1;31merror: [1;39mmissing argument label 'into:' in call[0;0m
 [0;36m36 |[0;0m 
 [0;36m37 |[0;0m         private var monthlyTotal: Double {
 [0;36m38 |[0;0m             self.subscriptions.reduce(0) { total, subscription in
    [0;36m|[0;0m                                      `- [1;31merror: [1;39mmissing argument label 'into:' in call[0;0m
 [0;36m39 |[0;0m                 total + subscription.monthlyEquivalent
 [0;36m40 |[0;0m             }

/Users/danielstevens/github-projects/tools-automation/MomentumFinance/Shared/Features/Subscriptions/SubscriptionSummaryViews.swift:38:32: [1;31merror: [1;39mno 'reduce' candidates produce the expected contextual result type 'Double'[0;0m
 [0;36m36 |[0;0m 
 [0;36m37 |[0;0m         private var monthlyTotal: Double {
 [0;36m38 |[0;0m             self.subscriptions.reduce(0) { total, subscription in
    [0;36m|[0;0m                                `- [1;31merror: [1;39mno 'reduce' candidates produce the expected contextual result type 'Double'[0;0m
 [0;36m39 |[0;0m                 total + subscription.monthlyEquivalent
 [0;36m40 |[0;0m             }

Swift.Sequence.reduce:2:24: [1;39mnote: [1;39m'reduce(into:_:)' produces '(String, _) -> String', not the expected contextual result type 'Double'[0;0m
[0;36m1 |[0;0m protocol Sequence {
[0;36m2 |[0;0m @inlinable public func reduce<Result>(into initialResult: __owned Result, _ updateAccumulatingResult: (_ partialResult: inout Result, Self.Element) throws -> ()) rethrows -> Result}
  [0;36m|[0;0m                        |- [1;39mnote: [1;39m'reduce(into:_:)' produces '(String, _) -> String', not the expected contextual result type 'Double'[0;0m
  [0;36m|[0;0m                        |- [1;39mnote: [1;39m'reduce(into:_:)' produces '(Duration, _) -> Duration', not the expected contextual result type 'Double'[0;0m
  [0;36m|[0;0m                        |- [1;39mnote: [1;39m'reduce(into:_:)' produces '(Int128, _) -> Int128', not the expected contextual result type 'Double'[0;0m
  [0;36m|[0;0m                        |- [1;39mnote: [1;39m'reduce(into:_:)' produces '(UInt128, _) -> UInt128', not the expected contextual result type 'Double'[0;0m
  [0;36m|[0;0m                        |- [1;39mnote: [1;39m'reduce(into:_:)' produces '(Float16, _) -> Float16', not the expected contextual result type 'Double'[0;0m
  [0;36m|[0;0m                        |- [1;39mnote: [1;39m'reduce(into:_:)' produces '(Float, _) -> Float', not the expected contextual result type 'Double'[0;0m
  [0;36m|[0;0m                        |- [1;39mnote: [1;39m'reduce(into:_:)' produces '(Double, _) -> Double', not the expected contextual result type 'Double'[0;0m
  [0;36m|[0;0m                        |- [1;39mnote: [1;39m'reduce(into:_:)' produces '(UInt8, _) -> UInt8', not the expected contextual result type 'Double'[0;0m
  [0;36m|[0;0m                        |- [1;39mnote: [1;39m'reduce(into:_:)' produces '(Int8, _) -> Int8', not the expected contextual result type 'Double'[0;0m
  [0;36m|[0;0m                        |- [1;39mnote: [1;39m'reduce(into:_:)' produces '(UInt16, _) -> UInt16', not the expected contextual result type 'Double'[0;0m
  [0;36m|[0;0m                        |- [1;39mnote: [1;39m'reduce(into:_:)' produces '(Int16, _) -> Int16', not the expected contextual result type 'Double'[0;0m
  [0;36m|[0;0m                        |- [1;39mnote: [1;39m'reduce(into:_:)' produces '(UInt32, _) -> UInt32', not the expected contextual result type 'Double'[0;0m
  [0;36m|[0;0m                        |- [1;39mnote: [1;39m'reduce(into:_:)' produces '(Int32, _) -> Int32', not the expected contextual result type 'Double'[0;0m
  [0;36m|[0;0m                        |- [1;39mnote: [1;39m'reduce(into:_:)' produces '(UInt64, _) -> UInt64', not the expected contextual result type 'Double'[0;0m
  [0;36m|[0;0m                        |- [1;39mnote: [1;39m'reduce(into:_:)' produces '(Int64, _) -> Int64', not the expected contextual result type 'Double'[0;0m
  [0;36m|[0;0m                        |- [1;39mnote: [1;39m'reduce(into:_:)' produces '(UInt, _) -> UInt', not the expected contextual result type 'Double'[0;0m
  [0;36m|[0;0m                        |- [1;39mnote: [1;39m'reduce(into:_:)' produces '(Int, _) -> Int', not the expected contextual result type 'Double'[0;0m
  [0;36m|[0;0m                        |- [1;39mnote: [1;39m'reduce(into:_:)' produces '(ContinuousClock.Instant, _) -> ContinuousClock.Instant', not the expected contextual result type 'Double'[0;0m
  [0;36m|[0;0m                        |- [1;39mnote: [1;39m'reduce(into:_:)' produces '(SuspendingClock.Instant, _) -> SuspendingClock.Instant', not the expected contextual result type 'Double'[0;0m
  [0;36m|[0;0m                        |- [1;39mnote: [1;39m'reduce(into:_:)' produces '(DispatchTime, _) -> DispatchTime', not the expected contextual result type 'Double'[0;0m
  [0;36m|[0;0m                        |- [1;39mnote: [1;39m'reduce(into:_:)' produces '(DispatchTime, _) -> DispatchTime', not the expected contextual result type 'Double'[0;0m
  [0;36m|[0;0m                        |- [1;39mnote: [1;39m'reduce(into:_:)' produces '(DispatchWallTime, _) -> DispatchWallTime', not the expected contextual result type 'Double'[0;0m
  [0;36m|[0;0m                        |- [1;39mnote: [1;39m'reduce(into:_:)' produces '(DispatchWallTime, _) -> DispatchWallTime', not the expected contextual result type 'Double'[0;0m
  [0;36m|[0;0m                        |- [1;39mnote: [1;39m'reduce(into:_:)' produces '(DispatchQueue.SchedulerTimeType.Stride, _) -> DispatchQueue.SchedulerTimeType.Stride', not the expected contextual result type 'Double'[0;0m
  [0;36m|[0;0m                        |- [1;39mnote: [1;39m'reduce(into:_:)' produces '(CGFloat, _) -> CGFloat', not the expected contextual result type 'Double'[0;0m
  [0;36m|[0;0m                        |- [1;39mnote: [1;39m'reduce(into:_:)' produces '(RunLoop.SchedulerTimeType.Stride, _) -> RunLoop.SchedulerTimeType.Stride', not the expected contextual result type 'Double'[0;0m
  [0;36m|[0;0m                        |- [1;39mnote: [1;39m'reduce(into:_:)' produces '(AttributedString, _) -> AttributedString', not the expected contextual result type 'Double'[0;0m
  [0;36m|[0;0m                        |- [1;39mnote: [1;39m'reduce(into:_:)' produces '(Decimal, _) -> Decimal', not the expected contextual result type 'Double'[0;0m
  [0;36m|[0;0m                        |- [1;39mnote: [1;39m'reduce(into:_:)' produces '(Date, _) -> Date', not the expected contextual result type 'Double'[0;0m
  [0;36m|[0;0m                        |- [1;39mnote: [1;39m'reduce(into:_:)' produces '(IndexPath, _) -> IndexPath', not the expected contextual result type 'Double'[0;0m
  [0;36m|[0;0m                        |- [1;39mnote: [1;39m'reduce(into:_:)' produces '(OperationQueue.SchedulerTimeType.Stride, _) -> OperationQueue.SchedulerTimeType.Stride', not the expected contextual result type 'Double'[0;0m
  [0;36m|[0;0m                        |- [1;39mnote: [1;39m'reduce(into:_:)' produces '(_AnyAnimatableData, _) -> _AnyAnimatableData', not the expected contextual result type 'Double'[0;0m
  [0;36m|[0;0m                        |- [1;39mnote: [1;39m'reduce(into:_:)' produces '(Color.ResolvedHDR._Animatable, _) -> Color.ResolvedHDR._Animatable', not the expected contextual result type 'Double'[0;0m
  [0;36m|[0;0m                        |- [1;39mnote: [1;39m'reduce(into:_:)' produces '(Text, _) -> Text', not the expected contextual result type 'Double'[0;0m
  [0;36m|[0;0m                        |- [1;39mnote: [1;39m'reduce(into:_:)' produces '(ConcentricRectangle.AnimatableData, _) -> ConcentricRectangle.AnimatableData', not the expected contextual result type 'Double'[0;0m
  [0;36m|[0;0m                        |- [1;39mnote: [1;39m'reduce(into:_:)' produces '(RoundedRectangularShapeCorners.AnimatableData, _) -> RoundedRectangularShapeCorners.AnimatableData', not the expected contextual result type 'Double'[0;0m
  [0;36m|[0;0m                        |- [1;39mnote: [1;39m'reduce(into:_:)' produces '(EmptyAnimatableData, _) -> EmptyAnimatableData', not the expected contextual result type 'Double'[0;0m
  [0;36m|[0;0m                        |- [1;39mnote: [1;39m'reduce(into:_:)' produces '(Edge.Corner.Style.AnimatableData, _) -> Edge.Corner.Style.AnimatableData', not the expected contextual result type 'Double'[0;0m
  [0;36m|[0;0m                        |- [1;39mnote: [1;39m'reduce(into:_:)' produces '(Measurement<Dimension>, _) -> Measurement<Dimension>', not the expected contextual result type 'Double'[0;0m
  [0;36m|[0;0m                        `- [1;39mnote: [1;39m'reduce(into:_:)' produces '(Measurement<Unit>, _) -> Measurement<Unit>', not the expected contextual result type 'Double'[0;0m
[0;36m3 |[0;0m 

/Users/danielstevens/github-projects/tools-automation/MomentumFinance/Shared/Features/Subscriptions/SubscriptionSummaryViews.swift:203:38: [1;31merror: [1;39mmissing argument label 'into:' in call[0;0m
[0;36m201 |[0;0m 
[0;36m202 |[0;0m         private var monthlyTotal: Double {
[0;36m203 |[0;0m             self.subscriptions.reduce(0) { total, subscription in
    [0;36m|[0;0m                                      `- [1;31merror: [1;39mmissing argument label 'into:' in call[0;0m
[0;36m204 |[0;0m                 total + subscription.monthlyEquivalent
[0;36m205 |[0;0m             }

/Users/danielstevens/github-projects/tools-automation/MomentumFinance/Shared/Features/Subscriptions/SubscriptionSummaryViews.swift:203:32: [1;31merror: [1;39mno 'reduce' candidates produce the expected contextual result type 'Double'[0;0m
[0;36m201 |[0;0m 
[0;36m202 |[0;0m         private var monthlyTotal: Double {
[0;36m203 |[0;0m             self.subscriptions.reduce(0) { total, subscription in
    [0;36m|[0;0m                                `- [1;31merror: [1;39mno 'reduce' candidates produce the expected contextual result type 'Double'[0;0m
[0;36m204 |[0;0m                 total + subscription.monthlyEquivalent
[0;36m205 |[0;0m             }

Swift.Sequence.reduce:2:24: [1;39mnote: [1;39m'reduce(into:_:)' produces '(String, _) -> String', not the expected contextual result type 'Double'[0;0m
[0;36m1 |[0;0m protocol Sequence {
[0;36m2 |[0;0m @inlinable public func reduce<Result>(into initialResult: __owned Result, _ updateAccumulatingResult: (_ partialResult: inout Result, Self.Element) throws -> ()) rethrows -> Result}
  [0;36m|[0;0m                        |- [1;39mnote: [1;39m'reduce(into:_:)' produces '(String, _) -> String', not the expected contextual result type 'Double'[0;0m
  [0;36m|[0;0m                        |- [1;39mnote: [1;39m'reduce(into:_:)' produces '(Duration, _) -> Duration', not the expected contextual result type 'Double'[0;0m
  [0;36m|[0;0m                        |- [1;39mnote: [1;39m'reduce(into:_:)' produces '(Int128, _) -> Int128', not the expected contextual result type 'Double'[0;0m
  [0;36m|[0;0m                        |- [1;39mnote: [1;39m'reduce(into:_:)' produces '(UInt128, _) -> UInt128', not the expected contextual result type 'Double'[0;0m
  [0;36m|[0;0m                        |- [1;39mnote: [1;39m'reduce(into:_:)' produces '(Float16, _) -> Float16', not the expected contextual result type 'Double'[0;0m
  [0;36m|[0;0m                        |- [1;39mnote: [1;39m'reduce(into:_:)' produces '(Float, _) -> Float', not the expected contextual result type 'Double'[0;0m
  [0;36m|[0;0m                        |- [1;39mnote: [1;39m'reduce(into:_:)' produces '(Double, _) -> Double', not the expected contextual result type 'Double'[0;0m
  [0;36m|[0;0m                        |- [1;39mnote: [1;39m'reduce(into:_:)' produces '(UInt8, _) -> UInt8', not the expected contextual result type 'Double'[0;0m
  [0;36m|[0;0m                        |- [1;39mnote: [1;39m'reduce(into:_:)' produces '(Int8, _) -> Int8', not the expected contextual result type 'Double'[0;0m
  [0;36m|[0;0m                        |- [1;39mnote: [1;39m'reduce(into:_:)' produces '(UInt16, _) -> UInt16', not the expected contextual result type 'Double'[0;0m
  [0;36m|[0;0m                        |- [1;39mnote: [1;39m'reduce(into:_:)' produces '(Int16, _) -> Int16', not the expected contextual result type 'Double'[0;0m
  [0;36m|[0;0m                        |- [1;39mnote: [1;39m'reduce(into:_:)' produces '(UInt32, _) -> UInt32', not the expected contextual result type 'Double'[0;0m
  [0;36m|[0;0m                        |- [1;39mnote: [1;39m'reduce(into:_:)' produces '(Int32, _) -> Int32', not the expected contextual result type 'Double'[0;0m
  [0;36m|[0;0m                        |- [1;39mnote: [1;39m'reduce(into:_:)' produces '(UInt64, _) -> UInt64', not the expected contextual result type 'Double'[0;0m
  [0;36m|[0;0m                        |- [1;39mnote: [1;39m'reduce(into:_:)' produces '(Int64, _) -> Int64', not the expected contextual result type 'Double'[0;0m
  [0;36m|[0;0m                        |- [1;39mnote: [1;39m'reduce(into:_:)' produces '(UInt, _) -> UInt', not the expected contextual result type 'Double'[0;0m
  [0;36m|[0;0m                        |- [1;39mnote: [1;39m'reduce(into:_:)' produces '(Int, _) -> Int', not the expected contextual result type 'Double'[0;0m
  [0;36m|[0;0m                        |- [1;39mnote: [1;39m'reduce(into:_:)' produces '(ContinuousClock.Instant, _) -> ContinuousClock.Instant', not the expected contextual result type 'Double'[0;0m
  [0;36m|[0;0m                        |- [1;39mnote: [1;39m'reduce(into:_:)' produces '(SuspendingClock.Instant, _) -> SuspendingClock.Instant', not the expected contextual result type 'Double'[0;0m
  [0;36m|[0;0m                        |- [1;39mnote: [1;39m'reduce(into:_:)' produces '(DispatchTime, _) -> DispatchTime', not the expected contextual result type 'Double'[0;0m
  [0;36m|[0;0m                        |- [1;39mnote: [1;39m'reduce(into:_:)' produces '(DispatchTime, _) -> DispatchTime', not the expected contextual result type 'Double'[0;0m
  [0;36m|[0;0m                        |- [1;39mnote: [1;39m'reduce(into:_:)' produces '(DispatchWallTime, _) -> DispatchWallTime', not the expected contextual result type 'Double'[0;0m
  [0;36m|[0;0m                        |- [1;39mnote: [1;39m'reduce(into:_:)' produces '(DispatchWallTime, _) -> DispatchWallTime', not the expected contextual result type 'Double'[0;0m
  [0;36m|[0;0m                        |- [1;39mnote: [1;39m'reduce(into:_:)' produces '(DispatchQueue.SchedulerTimeType.Stride, _) -> DispatchQueue.SchedulerTimeType.Stride', not the expected contextual result type 'Double'[0;0m
  [0;36m|[0;0m                        |- [1;39mnote: [1;39m'reduce(into:_:)' produces '(CGFloat, _) -> CGFloat', not the expected contextual result type 'Double'[0;0m
  [0;36m|[0;0m                        |- [1;39mnote: [1;39m'reduce(into:_:)' produces '(RunLoop.SchedulerTimeType.Stride, _) -> RunLoop.SchedulerTimeType.Stride', not the expected contextual result type 'Double'[0;0m
  [0;36m|[0;0m                        |- [1;39mnote: [1;39m'reduce(into:_:)' produces '(AttributedString, _) -> AttributedString', not the expected contextual result type 'Double'[0;0m
  [0;36m|[0;0m                        |- [1;39mnote: [1;39m'reduce(into:_:)' produces '(Decimal, _) -> Decimal', not the expected contextual result type 'Double'[0;0m
  [0;36m|[0;0m                        |- [1;39mnote: [1;39m'reduce(into:_:)' produces '(Date, _) -> Date', not the expected contextual result type 'Double'[0;0m
  [0;36m|[0;0m                        |- [1;39mnote: [1;39m'reduce(into:_:)' produces '(IndexPath, _) -> IndexPath', not the expected contextual result type 'Double'[0;0m
  [0;36m|[0;0m                        |- [1;39mnote: [1;39m'reduce(into:_:)' produces '(OperationQueue.SchedulerTimeType.Stride, _) -> OperationQueue.SchedulerTimeType.Stride', not the expected contextual result type 'Double'[0;0m
  [0;36m|[0;0m                        |- [1;39mnote: [1;39m'reduce(into:_:)' produces '(_AnyAnimatableData, _) -> _AnyAnimatableData', not the expected contextual result type 'Double'[0;0m
  [0;36m|[0;0m                        |- [1;39mnote: [1;39m'reduce(into:_:)' produces '(Color.ResolvedHDR._Animatable, _) -> Color.ResolvedHDR._Animatable', not the expected contextual result type 'Double'[0;0m
  [0;36m|[0;0m                        |- [1;39mnote: [1;39m'reduce(into:_:)' produces '(Text, _) -> Text', not the expected contextual result type 'Double'[0;0m
  [0;36m|[0;0m                        |- [1;39mnote: [1;39m'reduce(into:_:)' produces '(ConcentricRectangle.AnimatableData, _) -> ConcentricRectangle.AnimatableData', not the expected contextual result type 'Double'[0;0m
  [0;36m|[0;0m                        |- [1;39mnote: [1;39m'reduce(into:_:)' produces '(RoundedRectangularShapeCorners.AnimatableData, _) -> RoundedRectangularShapeCorners.AnimatableData', not the expected contextual result type 'Double'[0;0m
  [0;36m|[0;0m                        |- [1;39mnote: [1;39m'reduce(into:_:)' produces '(EmptyAnimatableData, _) -> EmptyAnimatableData', not the expected contextual result type 'Double'[0;0m
  [0;36m|[0;0m                        |- [1;39mnote: [1;39m'reduce(into:_:)' produces '(Edge.Corner.Style.AnimatableData, _) -> Edge.Corner.Style.AnimatableData', not the expected contextual result type 'Double'[0;0m
  [0;36m|[0;0m                        |- [1;39mnote: [1;39m'reduce(into:_:)' produces '(Measurement<Dimension>, _) -> Measurement<Dimension>', not the expected contextual result type 'Double'[0;0m
  [0;36m|[0;0m                        `- [1;39mnote: [1;39m'reduce(into:_:)' produces '(Measurement<Unit>, _) -> Measurement<Unit>', not the expected contextual result type 'Double'[0;0m
[0;36m3 |[0;0m 

/Users/danielstevens/github-projects/tools-automation/MomentumFinance/Shared/Features/Transactions/AddTransactionView.swift:43:26: [1;31merror: [1;39mtrailing closure passed to parameter of type 'Visibility' that does not accept a closure[0;0m
 [0;36m41 |[0;0m                     .navigationBarTitleDisplayMode(.inline)
 [0;36m42 |[0;0m                 #endif
 [0;36m43 |[0;0m                 .toolbar [4;39m{[0;0m
    [0;36m|[0;0m                          `- [1;31merror: [1;39mtrailing closure passed to parameter of type 'Visibility' that does not accept a closure[0;0m
 [0;36m44 |[0;0m                     #if canImport(UIKit)
 [0;36m45 |[0;0m                         ToolbarItem(placement: .navigationBarLeading) {

SwiftUI.View.toolbar:6:27: [1;39mnote: [1;39m'toolbar(_:for:)' declared here[0;0m
[0;36m4 |[0;0m   @available(tvOS, introduced: 16.0, deprecated: 100000.0, renamed: "toolbarVisibility(_:for:)")
[0;36m5 |[0;0m   @available(watchOS, introduced: 9.0, deprecated: 100000.0, renamed: "toolbarVisibility(_:for:)")
[0;36m6 |[0;0m   nonisolated public func toolbar(_ visibility: Visibility, for bars: ToolbarPlacement...) -> some View
  [0;36m|[0;0m                           `- [1;39mnote: [1;39m'toolbar(_:for:)' declared here[0;0m
[0;36m7 |[0;0m   }
[0;36m8 |[0;0m 

/Users/danielstevens/github-projects/tools-automation/MomentumFinance/Shared/Features/Transactions/AddTransactionView.swift:85:22: [1;33mwarning: [1;39m'onChange(of:perform:)' was deprecated in macOS 14.0: Use `onChange` with a two or zero parameter action closure instead.[0;0m [#]8;;https://docs.swift.org/compiler/documentation/diagnostics/deprecated-declaration\DeprecatedDeclaration]8;;\]
 [0;36m83 |[0;0m             Section(header: Text("Transaction Details")) {
 [0;36m84 |[0;0m                 TextField("Title", text: self.$title)
 [0;36m85 |[0;0m                     .onChange(of: self.title) { _ in
    [0;36m|[0;0m                      `- [1;33mwarning: [1;39m'onChange(of:perform:)' was deprecated in macOS 14.0: Use `onChange` with a two or zero parameter action closure instead.[0;0m [#]8;;https://docs.swift.org/compiler/documentation/diagnostics/deprecated-declaration\DeprecatedDeclaration]8;;\]
 [0;36m86 |[0;0m                         self.handleTitleChange()
 [0;36m87 |[0;0m                     }

[#DeprecatedDeclaration]: <https://docs.swift.org/compiler/documentation/diagnostics/deprecated-declaration>
[72/148] Compiling Shared AccountsListView.swift
/Users/danielstevens/github-projects/tools-automation/MomentumFinance/Shared/Features/Subscriptions/SubscriptionManagementViews.swift:109:67: [1;31merror: [1;39mexpected ',' separator[0;0m
[0;36m107 |[0;0m                     Section(header: Text("Notes")) {
[0;36m108 |[0;0m                         TextField(
[0;36m109 |[0;0m                             "Notes (optional).accessibilityLabel("Text Field")",
    [0;36m|[0;0m                                                                   `- [1;31merror: [1;39mexpected ',' separator[0;0m
[0;36m110 |[0;0m                             text: self.$notes,
[0;36m111 |[0;0m                             axis: .vertical

/Users/danielstevens/github-projects/tools-automation/MomentumFinance/Shared/Features/NotificationsView.swift:23:9: [1;31merror: [1;39mproperty 'body' must be declared public because it matches a requirement in public protocol 'View'[0;0m
 [0;36m21 |[0;0m     @State private var isLoading = true
 [0;36m22 |[0;0m 
 [0;36m23 |[0;0m     var body: some View {
    [0;36m|[0;0m         |- [1;31merror: [1;39mproperty 'body' must be declared public because it matches a requirement in public protocol 'View'[0;0m
    [0;36m|[0;0m         `- [1;39mnote: [1;39mmark the property as 'public' to satisfy the requirement[0;0m
 [0;36m24 |[0;0m         NavigationView {
 [0;36m25 |[0;0m             VStack(spacing: 0) {

/Users/danielstevens/github-projects/tools-automation/MomentumFinance/Shared/Features/NotificationsView.swift:266:16: [1;31merror: [1;39mmissing argument for parameter #1 in call[0;0m
[0;36m264 |[0;0m     public var body: some View {
[0;36m265 |[0;0m 
[0;36m266 |[0;0m         Button(action: self.action).accessibilityLabel("Button") {
    [0;36m|[0;0m                `- [1;31merror: [1;39mmissing argument for parameter #1 in call[0;0m
[0;36m267 |[0;0m             HStack(spacing: 8) {
[0;36m268 |[0;0m                 Image(systemName: self.filter.icon)

SwiftUI.Button.init:2:36: [1;39mnote: [1;39m'init(_:action:)' declared here[0;0m
[0;36m1 |[0;0m generic struct Button {
[0;36m2 |[0;0m @preconcurrency nonisolated public init(_ titleKey: LocalizedStringKey, action: @escaping @MainActor () -> Void)}
  [0;36m|[0;0m                                    `- [1;39mnote: [1;39m'init(_:action:)' declared here[0;0m
[0;36m3 |[0;0m 

/Users/danielstevens/github-projects/tools-automation/MomentumFinance/Shared/Features/NotificationsView.swift:266:66: [1;31merror: [1;39mtype '_' cannot be used as a boolean; test for '!= 0' instead[0;0m
[0;36m264 |[0;0m     public var body: some View {
[0;36m265 |[0;0m 
[0;36m266 |[0;0m         Button(action: self.action).accessibilityLabel("Button") {
    [0;36m|[0;0m                                                                  `- [1;31merror: [1;39mtype '_' cannot be used as a boolean; test for '!= 0' instead[0;0m
[0;36m267 |[0;0m             HStack(spacing: 8) {
[0;36m268 |[0;0m                 Image(systemName: self.filter.icon)

/Users/danielstevens/github-projects/tools-automation/MomentumFinance/Shared/Features/Subscriptions/SubscriptionDetailView.swift:240:13: [1;31merror: [1;39mswitch must be exhaustive[0;0m
[0;36m238 |[0;0m 
[0;36m239 |[0;0m         private func billingFrequencyText(_ cycle: BillingCycle) -> String {
[0;36m240 |[0;0m             switch cycle {
    [0;36m|[0;0m             |- [1;31merror: [1;39mswitch must be exhaustive[0;0m
    [0;36m|[0;0m             |- [1;39mnote: [1;39madd missing case: '.daily'[0;0m
    [0;36m|[0;0m             |- [1;39mnote: [1;39madd missing case: '.quarterly'[0;0m
    [0;36m|[0;0m             `- [1;39mnote: [1;39madd missing cases[0;0m
[0;36m241 |[0;0m             case .weekly:
[0;36m242 |[0;0m                 "Billed Weekly"

/Users/danielstevens/github-projects/tools-automation/MomentumFinance/Shared/Features/Subscriptions/SubscriptionManagementViews.swift:108:34: [1;31merror: [1;39mincorrect argument labels in call (have '_:_:text:axis:', expected '_:text:prompt:axis:')[0;0m
[0;36m106 |[0;0m 
[0;36m107 |[0;0m                     Section(header: Text("Notes")) {
[0;36m108 |[0;0m                         TextField(
    [0;36m|[0;0m                                  `- [1;31merror: [1;39mincorrect argument labels in call (have '_:_:text:axis:', expected '_:text:prompt:axis:')[0;0m
[0;36m109 |[0;0m                             "Notes (optional).accessibilityLabel("Text Field")",
[0;36m110 |[0;0m                             text: self.$notes,

/Users/danielstevens/github-projects/tools-automation/MomentumFinance/Shared/Features/Subscriptions/SubscriptionManagementViews.swift:109:67: [1;31merror: [1;39mcannot convert value of type 'Text.Type' to expected argument type 'Text'[0;0m
[0;36m107 |[0;0m                     Section(header: Text("Notes")) {
[0;36m108 |[0;0m                         TextField(
[0;36m109 |[0;0m                             "Notes (optional).accessibilityLabel("Text Field")",
    [0;36m|[0;0m                                                                   `- [1;31merror: [1;39mcannot convert value of type 'Text.Type' to expected argument type 'Text'[0;0m
[0;36m110 |[0;0m                             text: self.$notes,
[0;36m111 |[0;0m                             axis: .vertical

/Users/danielstevens/github-projects/tools-automation/MomentumFinance/Shared/Features/Subscriptions/SubscriptionManagementViews.swift:139:40: [1;31merror: [1;39mcannot convert value of type 'String' to expected argument type 'PrimitiveButtonStyleConfiguration'[0;0m
[0;36m137 |[0;0m                         #else
[0;36m138 |[0;0m                             ToolbarItem(placement: .cancellationAction) {
[0;36m139 |[0;0m                                 Button("Cancel").accessibilityLabel("Button") {
    [0;36m|[0;0m                                        `- [1;31merror: [1;39mcannot convert value of type 'String' to expected argument type 'PrimitiveButtonStyleConfiguration'[0;0m
[0;36m140 |[0;0m                                     self.dismiss()
[0;36m141 |[0;0m                                 }

/Users/danielstevens/github-projects/tools-automation/MomentumFinance/Shared/Features/Subscriptions/SubscriptionManagementViews.swift:139:79: [1;31merror: [1;39mtype '_' cannot be used as a boolean; test for '!= 0' instead[0;0m
[0;36m137 |[0;0m                         #else
[0;36m138 |[0;0m                             ToolbarItem(placement: .cancellationAction) {
[0;36m139 |[0;0m                                 Button("Cancel").accessibilityLabel("Button") {
    [0;36m|[0;0m                                                                               `- [1;31merror: [1;39mtype '_' cannot be used as a boolean; test for '!= 0' instead[0;0m
[0;36m140 |[0;0m                                     self.dismiss()
[0;36m141 |[0;0m                                 }

/Users/danielstevens/github-projects/tools-automation/MomentumFinance/Shared/Features/Subscriptions/SubscriptionSummaryViews.swift:38:38: [1;31merror: [1;39mmissing argument label 'into:' in call[0;0m
 [0;36m36 |[0;0m 
 [0;36m37 |[0;0m         private var monthlyTotal: Double {
 [0;36m38 |[0;0m             self.subscriptions.reduce(0) { total, subscription in
    [0;36m|[0;0m                                      `- [1;31merror: [1;39mmissing argument label 'into:' in call[0;0m
 [0;36m39 |[0;0m                 total + subscription.monthlyEquivalent
 [0;36m40 |[0;0m             }

/Users/danielstevens/github-projects/tools-automation/MomentumFinance/Shared/Features/Subscriptions/SubscriptionSummaryViews.swift:38:32: [1;31merror: [1;39mno 'reduce' candidates produce the expected contextual result type 'Double'[0;0m
 [0;36m36 |[0;0m 
 [0;36m37 |[0;0m         private var monthlyTotal: Double {
 [0;36m38 |[0;0m             self.subscriptions.reduce(0) { total, subscription in
    [0;36m|[0;0m                                `- [1;31merror: [1;39mno 'reduce' candidates produce the expected contextual result type 'Double'[0;0m
 [0;36m39 |[0;0m                 total + subscription.monthlyEquivalent
 [0;36m40 |[0;0m             }

Swift.Sequence.reduce:2:24: [1;39mnote: [1;39m'reduce(into:_:)' produces '(String, _) -> String', not the expected contextual result type 'Double'[0;0m
[0;36m1 |[0;0m protocol Sequence {
[0;36m2 |[0;0m @inlinable public func reduce<Result>(into initialResult: __owned Result, _ updateAccumulatingResult: (_ partialResult: inout Result, Self.Element) throws -> ()) rethrows -> Result}
  [0;36m|[0;0m                        |- [1;39mnote: [1;39m'reduce(into:_:)' produces '(String, _) -> String', not the expected contextual result type 'Double'[0;0m
  [0;36m|[0;0m                        |- [1;39mnote: [1;39m'reduce(into:_:)' produces '(Duration, _) -> Duration', not the expected contextual result type 'Double'[0;0m
  [0;36m|[0;0m                        |- [1;39mnote: [1;39m'reduce(into:_:)' produces '(Int128, _) -> Int128', not the expected contextual result type 'Double'[0;0m
  [0;36m|[0;0m                        |- [1;39mnote: [1;39m'reduce(into:_:)' produces '(UInt128, _) -> UInt128', not the expected contextual result type 'Double'[0;0m
  [0;36m|[0;0m                        |- [1;39mnote: [1;39m'reduce(into:_:)' produces '(Float16, _) -> Float16', not the expected contextual result type 'Double'[0;0m
  [0;36m|[0;0m                        |- [1;39mnote: [1;39m'reduce(into:_:)' produces '(Float, _) -> Float', not the expected contextual result type 'Double'[0;0m
  [0;36m|[0;0m                        |- [1;39mnote: [1;39m'reduce(into:_:)' produces '(Double, _) -> Double', not the expected contextual result type 'Double'[0;0m
  [0;36m|[0;0m                        |- [1;39mnote: [1;39m'reduce(into:_:)' produces '(UInt8, _) -> UInt8', not the expected contextual result type 'Double'[0;0m
  [0;36m|[0;0m                        |- [1;39mnote: [1;39m'reduce(into:_:)' produces '(Int8, _) -> Int8', not the expected contextual result type 'Double'[0;0m
  [0;36m|[0;0m                        |- [1;39mnote: [1;39m'reduce(into:_:)' produces '(UInt16, _) -> UInt16', not the expected contextual result type 'Double'[0;0m
  [0;36m|[0;0m                        |- [1;39mnote: [1;39m'reduce(into:_:)' produces '(Int16, _) -> Int16', not the expected contextual result type 'Double'[0;0m
  [0;36m|[0;0m                        |- [1;39mnote: [1;39m'reduce(into:_:)' produces '(UInt32, _) -> UInt32', not the expected contextual result type 'Double'[0;0m
  [0;36m|[0;0m                        |- [1;39mnote: [1;39m'reduce(into:_:)' produces '(Int32, _) -> Int32', not the expected contextual result type 'Double'[0;0m
  [0;36m|[0;0m                        |- [1;39mnote: [1;39m'reduce(into:_:)' produces '(UInt64, _) -> UInt64', not the expected contextual result type 'Double'[0;0m
  [0;36m|[0;0m                        |- [1;39mnote: [1;39m'reduce(into:_:)' produces '(Int64, _) -> Int64', not the expected contextual result type 'Double'[0;0m
  [0;36m|[0;0m                        |- [1;39mnote: [1;39m'reduce(into:_:)' produces '(UInt, _) -> UInt', not the expected contextual result type 'Double'[0;0m
  [0;36m|[0;0m                        |- [1;39mnote: [1;39m'reduce(into:_:)' produces '(Int, _) -> Int', not the expected contextual result type 'Double'[0;0m
  [0;36m|[0;0m                        |- [1;39mnote: [1;39m'reduce(into:_:)' produces '(ContinuousClock.Instant, _) -> ContinuousClock.Instant', not the expected contextual result type 'Double'[0;0m
  [0;36m|[0;0m                        |- [1;39mnote: [1;39m'reduce(into:_:)' produces '(SuspendingClock.Instant, _) -> SuspendingClock.Instant', not the expected contextual result type 'Double'[0;0m
  [0;36m|[0;0m                        |- [1;39mnote: [1;39m'reduce(into:_:)' produces '(DispatchTime, _) -> DispatchTime', not the expected contextual result type 'Double'[0;0m
  [0;36m|[0;0m                        |- [1;39mnote: [1;39m'reduce(into:_:)' produces '(DispatchTime, _) -> DispatchTime', not the expected contextual result type 'Double'[0;0m
  [0;36m|[0;0m                        |- [1;39mnote: [1;39m'reduce(into:_:)' produces '(DispatchWallTime, _) -> DispatchWallTime', not the expected contextual result type 'Double'[0;0m
  [0;36m|[0;0m                        |- [1;39mnote: [1;39m'reduce(into:_:)' produces '(DispatchWallTime, _) -> DispatchWallTime', not the expected contextual result type 'Double'[0;0m
  [0;36m|[0;0m                        |- [1;39mnote: [1;39m'reduce(into:_:)' produces '(DispatchQueue.SchedulerTimeType.Stride, _) -> DispatchQueue.SchedulerTimeType.Stride', not the expected contextual result type 'Double'[0;0m
  [0;36m|[0;0m                        |- [1;39mnote: [1;39m'reduce(into:_:)' produces '(CGFloat, _) -> CGFloat', not the expected contextual result type 'Double'[0;0m
  [0;36m|[0;0m                        |- [1;39mnote: [1;39m'reduce(into:_:)' produces '(RunLoop.SchedulerTimeType.Stride, _) -> RunLoop.SchedulerTimeType.Stride', not the expected contextual result type 'Double'[0;0m
  [0;36m|[0;0m                        |- [1;39mnote: [1;39m'reduce(into:_:)' produces '(AttributedString, _) -> AttributedString', not the expected contextual result type 'Double'[0;0m
  [0;36m|[0;0m                        |- [1;39mnote: [1;39m'reduce(into:_:)' produces '(Decimal, _) -> Decimal', not the expected contextual result type 'Double'[0;0m
  [0;36m|[0;0m                        |- [1;39mnote: [1;39m'reduce(into:_:)' produces '(Date, _) -> Date', not the expected contextual result type 'Double'[0;0m
  [0;36m|[0;0m                        |- [1;39mnote: [1;39m'reduce(into:_:)' produces '(IndexPath, _) -> IndexPath', not the expected contextual result type 'Double'[0;0m
  [0;36m|[0;0m                        |- [1;39mnote: [1;39m'reduce(into:_:)' produces '(OperationQueue.SchedulerTimeType.Stride, _) -> OperationQueue.SchedulerTimeType.Stride', not the expected contextual result type 'Double'[0;0m
  [0;36m|[0;0m                        |- [1;39mnote: [1;39m'reduce(into:_:)' produces '(_AnyAnimatableData, _) -> _AnyAnimatableData', not the expected contextual result type 'Double'[0;0m
  [0;36m|[0;0m                        |- [1;39mnote: [1;39m'reduce(into:_:)' produces '(Color.ResolvedHDR._Animatable, _) -> Color.ResolvedHDR._Animatable', not the expected contextual result type 'Double'[0;0m
  [0;36m|[0;0m                        |- [1;39mnote: [1;39m'reduce(into:_:)' produces '(Text, _) -> Text', not the expected contextual result type 'Double'[0;0m
  [0;36m|[0;0m                        |- [1;39mnote: [1;39m'reduce(into:_:)' produces '(ConcentricRectangle.AnimatableData, _) -> ConcentricRectangle.AnimatableData', not the expected contextual result type 'Double'[0;0m
  [0;36m|[0;0m                        |- [1;39mnote: [1;39m'reduce(into:_:)' produces '(RoundedRectangularShapeCorners.AnimatableData, _) -> RoundedRectangularShapeCorners.AnimatableData', not the expected contextual result type 'Double'[0;0m
  [0;36m|[0;0m                        |- [1;39mnote: [1;39m'reduce(into:_:)' produces '(EmptyAnimatableData, _) -> EmptyAnimatableData', not the expected contextual result type 'Double'[0;0m
  [0;36m|[0;0m                        |- [1;39mnote: [1;39m'reduce(into:_:)' produces '(Edge.Corner.Style.AnimatableData, _) -> Edge.Corner.Style.AnimatableData', not the expected contextual result type 'Double'[0;0m
  [0;36m|[0;0m                        |- [1;39mnote: [1;39m'reduce(into:_:)' produces '(Measurement<Dimension>, _) -> Measurement<Dimension>', not the expected contextual result type 'Double'[0;0m
  [0;36m|[0;0m                        `- [1;39mnote: [1;39m'reduce(into:_:)' produces '(Measurement<Unit>, _) -> Measurement<Unit>', not the expected contextual result type 'Double'[0;0m
[0;36m3 |[0;0m 

/Users/danielstevens/github-projects/tools-automation/MomentumFinance/Shared/Features/Subscriptions/SubscriptionSummaryViews.swift:203:38: [1;31merror: [1;39mmissing argument label 'into:' in call[0;0m
[0;36m201 |[0;0m 
[0;36m202 |[0;0m         private var monthlyTotal: Double {
[0;36m203 |[0;0m             self.subscriptions.reduce(0) { total, subscription in
    [0;36m|[0;0m                                      `- [1;31merror: [1;39mmissing argument label 'into:' in call[0;0m
[0;36m204 |[0;0m                 total + subscription.monthlyEquivalent
[0;36m205 |[0;0m             }

/Users/danielstevens/github-projects/tools-automation/MomentumFinance/Shared/Features/Subscriptions/SubscriptionSummaryViews.swift:203:32: [1;31merror: [1;39mno 'reduce' candidates produce the expected contextual result type 'Double'[0;0m
[0;36m201 |[0;0m 
[0;36m202 |[0;0m         private var monthlyTotal: Double {
[0;36m203 |[0;0m             self.subscriptions.reduce(0) { total, subscription in
    [0;36m|[0;0m                                `- [1;31merror: [1;39mno 'reduce' candidates produce the expected contextual result type 'Double'[0;0m
[0;36m204 |[0;0m                 total + subscription.monthlyEquivalent
[0;36m205 |[0;0m             }

Swift.Sequence.reduce:2:24: [1;39mnote: [1;39m'reduce(into:_:)' produces '(String, _) -> String', not the expected contextual result type 'Double'[0;0m
[0;36m1 |[0;0m protocol Sequence {
[0;36m2 |[0;0m @inlinable public func reduce<Result>(into initialResult: __owned Result, _ updateAccumulatingResult: (_ partialResult: inout Result, Self.Element) throws -> ()) rethrows -> Result}
  [0;36m|[0;0m                        |- [1;39mnote: [1;39m'reduce(into:_:)' produces '(String, _) -> String', not the expected contextual result type 'Double'[0;0m
  [0;36m|[0;0m                        |- [1;39mnote: [1;39m'reduce(into:_:)' produces '(Duration, _) -> Duration', not the expected contextual result type 'Double'[0;0m
  [0;36m|[0;0m                        |- [1;39mnote: [1;39m'reduce(into:_:)' produces '(Int128, _) -> Int128', not the expected contextual result type 'Double'[0;0m
  [0;36m|[0;0m                        |- [1;39mnote: [1;39m'reduce(into:_:)' produces '(UInt128, _) -> UInt128', not the expected contextual result type 'Double'[0;0m
  [0;36m|[0;0m                        |- [1;39mnote: [1;39m'reduce(into:_:)' produces '(Float16, _) -> Float16', not the expected contextual result type 'Double'[0;0m
  [0;36m|[0;0m                        |- [1;39mnote: [1;39m'reduce(into:_:)' produces '(Float, _) -> Float', not the expected contextual result type 'Double'[0;0m
  [0;36m|[0;0m                        |- [1;39mnote: [1;39m'reduce(into:_:)' produces '(Double, _) -> Double', not the expected contextual result type 'Double'[0;0m
  [0;36m|[0;0m                        |- [1;39mnote: [1;39m'reduce(into:_:)' produces '(UInt8, _) -> UInt8', not the expected contextual result type 'Double'[0;0m
  [0;36m|[0;0m                        |- [1;39mnote: [1;39m'reduce(into:_:)' produces '(Int8, _) -> Int8', not the expected contextual result type 'Double'[0;0m
  [0;36m|[0;0m                        |- [1;39mnote: [1;39m'reduce(into:_:)' produces '(UInt16, _) -> UInt16', not the expected contextual result type 'Double'[0;0m
  [0;36m|[0;0m                        |- [1;39mnote: [1;39m'reduce(into:_:)' produces '(Int16, _) -> Int16', not the expected contextual result type 'Double'[0;0m
  [0;36m|[0;0m                        |- [1;39mnote: [1;39m'reduce(into:_:)' produces '(UInt32, _) -> UInt32', not the expected contextual result type 'Double'[0;0m
  [0;36m|[0;0m                        |- [1;39mnote: [1;39m'reduce(into:_:)' produces '(Int32, _) -> Int32', not the expected contextual result type 'Double'[0;0m
  [0;36m|[0;0m                        |- [1;39mnote: [1;39m'reduce(into:_:)' produces '(UInt64, _) -> UInt64', not the expected contextual result type 'Double'[0;0m
  [0;36m|[0;0m                        |- [1;39mnote: [1;39m'reduce(into:_:)' produces '(Int64, _) -> Int64', not the expected contextual result type 'Double'[0;0m
  [0;36m|[0;0m                        |- [1;39mnote: [1;39m'reduce(into:_:)' produces '(UInt, _) -> UInt', not the expected contextual result type 'Double'[0;0m
  [0;36m|[0;0m                        |- [1;39mnote: [1;39m'reduce(into:_:)' produces '(Int, _) -> Int', not the expected contextual result type 'Double'[0;0m
  [0;36m|[0;0m                        |- [1;39mnote: [1;39m'reduce(into:_:)' produces '(ContinuousClock.Instant, _) -> ContinuousClock.Instant', not the expected contextual result type 'Double'[0;0m
  [0;36m|[0;0m                        |- [1;39mnote: [1;39m'reduce(into:_:)' produces '(SuspendingClock.Instant, _) -> SuspendingClock.Instant', not the expected contextual result type 'Double'[0;0m
  [0;36m|[0;0m                        |- [1;39mnote: [1;39m'reduce(into:_:)' produces '(DispatchTime, _) -> DispatchTime', not the expected contextual result type 'Double'[0;0m
  [0;36m|[0;0m                        |- [1;39mnote: [1;39m'reduce(into:_:)' produces '(DispatchTime, _) -> DispatchTime', not the expected contextual result type 'Double'[0;0m
  [0;36m|[0;0m                        |- [1;39mnote: [1;39m'reduce(into:_:)' produces '(DispatchWallTime, _) -> DispatchWallTime', not the expected contextual result type 'Double'[0;0m
  [0;36m|[0;0m                        |- [1;39mnote: [1;39m'reduce(into:_:)' produces '(DispatchWallTime, _) -> DispatchWallTime', not the expected contextual result type 'Double'[0;0m
  [0;36m|[0;0m                        |- [1;39mnote: [1;39m'reduce(into:_:)' produces '(DispatchQueue.SchedulerTimeType.Stride, _) -> DispatchQueue.SchedulerTimeType.Stride', not the expected contextual result type 'Double'[0;0m
  [0;36m|[0;0m                        |- [1;39mnote: [1;39m'reduce(into:_:)' produces '(CGFloat, _) -> CGFloat', not the expected contextual result type 'Double'[0;0m
  [0;36m|[0;0m                        |- [1;39mnote: [1;39m'reduce(into:_:)' produces '(RunLoop.SchedulerTimeType.Stride, _) -> RunLoop.SchedulerTimeType.Stride', not the expected contextual result type 'Double'[0;0m
  [0;36m|[0;0m                        |- [1;39mnote: [1;39m'reduce(into:_:)' produces '(AttributedString, _) -> AttributedString', not the expected contextual result type 'Double'[0;0m
  [0;36m|[0;0m                        |- [1;39mnote: [1;39m'reduce(into:_:)' produces '(Decimal, _) -> Decimal', not the expected contextual result type 'Double'[0;0m
  [0;36m|[0;0m                        |- [1;39mnote: [1;39m'reduce(into:_:)' produces '(Date, _) -> Date', not the expected contextual result type 'Double'[0;0m
  [0;36m|[0;0m                        |- [1;39mnote: [1;39m'reduce(into:_:)' produces '(IndexPath, _) -> IndexPath', not the expected contextual result type 'Double'[0;0m
  [0;36m|[0;0m                        |- [1;39mnote: [1;39m'reduce(into:_:)' produces '(OperationQueue.SchedulerTimeType.Stride, _) -> OperationQueue.SchedulerTimeType.Stride', not the expected contextual result type 'Double'[0;0m
  [0;36m|[0;0m                        |- [1;39mnote: [1;39m'reduce(into:_:)' produces '(_AnyAnimatableData, _) -> _AnyAnimatableData', not the expected contextual result type 'Double'[0;0m
  [0;36m|[0;0m                        |- [1;39mnote: [1;39m'reduce(into:_:)' produces '(Color.ResolvedHDR._Animatable, _) -> Color.ResolvedHDR._Animatable', not the expected contextual result type 'Double'[0;0m
  [0;36m|[0;0m                        |- [1;39mnote: [1;39m'reduce(into:_:)' produces '(Text, _) -> Text', not the expected contextual result type 'Double'[0;0m
  [0;36m|[0;0m                        |- [1;39mnote: [1;39m'reduce(into:_:)' produces '(ConcentricRectangle.AnimatableData, _) -> ConcentricRectangle.AnimatableData', not the expected contextual result type 'Double'[0;0m
  [0;36m|[0;0m                        |- [1;39mnote: [1;39m'reduce(into:_:)' produces '(RoundedRectangularShapeCorners.AnimatableData, _) -> RoundedRectangularShapeCorners.AnimatableData', not the expected contextual result type 'Double'[0;0m
  [0;36m|[0;0m                        |- [1;39mnote: [1;39m'reduce(into:_:)' produces '(EmptyAnimatableData, _) -> EmptyAnimatableData', not the expected contextual result type 'Double'[0;0m
  [0;36m|[0;0m                        |- [1;39mnote: [1;39m'reduce(into:_:)' produces '(Edge.Corner.Style.AnimatableData, _) -> Edge.Corner.Style.AnimatableData', not the expected contextual result type 'Double'[0;0m
  [0;36m|[0;0m                        |- [1;39mnote: [1;39m'reduce(into:_:)' produces '(Measurement<Dimension>, _) -> Measurement<Dimension>', not the expected contextual result type 'Double'[0;0m
  [0;36m|[0;0m                        `- [1;39mnote: [1;39m'reduce(into:_:)' produces '(Measurement<Unit>, _) -> Measurement<Unit>', not the expected contextual result type 'Double'[0;0m
[0;36m3 |[0;0m 

/Users/danielstevens/github-projects/tools-automation/MomentumFinance/Shared/Features/Transactions/AddTransactionView.swift:43:26: [1;31merror: [1;39mtrailing closure passed to parameter of type 'Visibility' that does not accept a closure[0;0m
 [0;36m41 |[0;0m                     .navigationBarTitleDisplayMode(.inline)
 [0;36m42 |[0;0m                 #endif
 [0;36m43 |[0;0m                 .toolbar [4;39m{[0;0m
    [0;36m|[0;0m                          `- [1;31merror: [1;39mtrailing closure passed to parameter of type 'Visibility' that does not accept a closure[0;0m
 [0;36m44 |[0;0m                     #if canImport(UIKit)
 [0;36m45 |[0;0m                         ToolbarItem(placement: .navigationBarLeading) {

SwiftUI.View.toolbar:6:27: [1;39mnote: [1;39m'toolbar(_:for:)' declared here[0;0m
[0;36m4 |[0;0m   @available(tvOS, introduced: 16.0, deprecated: 100000.0, renamed: "toolbarVisibility(_:for:)")
[0;36m5 |[0;0m   @available(watchOS, introduced: 9.0, deprecated: 100000.0, renamed: "toolbarVisibility(_:for:)")
[0;36m6 |[0;0m   nonisolated public func toolbar(_ visibility: Visibility, for bars: ToolbarPlacement...) -> some View
  [0;36m|[0;0m                           `- [1;39mnote: [1;39m'toolbar(_:for:)' declared here[0;0m
[0;36m7 |[0;0m   }
[0;36m8 |[0;0m 

/Users/danielstevens/github-projects/tools-automation/MomentumFinance/Shared/Features/Transactions/AddTransactionView.swift:85:22: [1;33mwarning: [1;39m'onChange(of:perform:)' was deprecated in macOS 14.0: Use `onChange` with a two or zero parameter action closure instead.[0;0m [#]8;;https://docs.swift.org/compiler/documentation/diagnostics/deprecated-declaration\DeprecatedDeclaration]8;;\]
 [0;36m83 |[0;0m             Section(header: Text("Transaction Details")) {
 [0;36m84 |[0;0m                 TextField("Title", text: self.$title)
 [0;36m85 |[0;0m                     .onChange(of: self.title) { _ in
    [0;36m|[0;0m                      `- [1;33mwarning: [1;39m'onChange(of:perform:)' was deprecated in macOS 14.0: Use `onChange` with a two or zero parameter action closure instead.[0;0m [#]8;;https://docs.swift.org/compiler/documentation/diagnostics/deprecated-declaration\DeprecatedDeclaration]8;;\]
 [0;36m86 |[0;0m                         self.handleTitleChange()
 [0;36m87 |[0;0m                     }

[#DeprecatedDeclaration]: <https://docs.swift.org/compiler/documentation/diagnostics/deprecated-declaration>
[73/148] Compiling Shared AddTransactionView.swift
/Users/danielstevens/github-projects/tools-automation/MomentumFinance/Shared/Features/Subscriptions/SubscriptionManagementViews.swift:109:67: [1;31merror: [1;39mexpected ',' separator[0;0m
[0;36m107 |[0;0m                     Section(header: Text("Notes")) {
[0;36m108 |[0;0m                         TextField(
[0;36m109 |[0;0m                             "Notes (optional).accessibilityLabel("Text Field")",
    [0;36m|[0;0m                                                                   `- [1;31merror: [1;39mexpected ',' separator[0;0m
[0;36m110 |[0;0m                             text: self.$notes,
[0;36m111 |[0;0m                             axis: .vertical

/Users/danielstevens/github-projects/tools-automation/MomentumFinance/Shared/Features/NotificationsView.swift:23:9: [1;31merror: [1;39mproperty 'body' must be declared public because it matches a requirement in public protocol 'View'[0;0m
 [0;36m21 |[0;0m     @State private var isLoading = true
 [0;36m22 |[0;0m 
 [0;36m23 |[0;0m     var body: some View {
    [0;36m|[0;0m         |- [1;31merror: [1;39mproperty 'body' must be declared public because it matches a requirement in public protocol 'View'[0;0m
    [0;36m|[0;0m         `- [1;39mnote: [1;39mmark the property as 'public' to satisfy the requirement[0;0m
 [0;36m24 |[0;0m         NavigationView {
 [0;36m25 |[0;0m             VStack(spacing: 0) {

/Users/danielstevens/github-projects/tools-automation/MomentumFinance/Shared/Features/NotificationsView.swift:266:16: [1;31merror: [1;39mmissing argument for parameter #1 in call[0;0m
[0;36m264 |[0;0m     public var body: some View {
[0;36m265 |[0;0m 
[0;36m266 |[0;0m         Button(action: self.action).accessibilityLabel("Button") {
    [0;36m|[0;0m                `- [1;31merror: [1;39mmissing argument for parameter #1 in call[0;0m
[0;36m267 |[0;0m             HStack(spacing: 8) {
[0;36m268 |[0;0m                 Image(systemName: self.filter.icon)

SwiftUI.Button.init:2:36: [1;39mnote: [1;39m'init(_:action:)' declared here[0;0m
[0;36m1 |[0;0m generic struct Button {
[0;36m2 |[0;0m @preconcurrency nonisolated public init(_ titleKey: LocalizedStringKey, action: @escaping @MainActor () -> Void)}
  [0;36m|[0;0m                                    `- [1;39mnote: [1;39m'init(_:action:)' declared here[0;0m
[0;36m3 |[0;0m 

/Users/danielstevens/github-projects/tools-automation/MomentumFinance/Shared/Features/NotificationsView.swift:266:66: [1;31merror: [1;39mtype '_' cannot be used as a boolean; test for '!= 0' instead[0;0m
[0;36m264 |[0;0m     public var body: some View {
[0;36m265 |[0;0m 
[0;36m266 |[0;0m         Button(action: self.action).accessibilityLabel("Button") {
    [0;36m|[0;0m                                                                  `- [1;31merror: [1;39mtype '_' cannot be used as a boolean; test for '!= 0' instead[0;0m
[0;36m267 |[0;0m             HStack(spacing: 8) {
[0;36m268 |[0;0m                 Image(systemName: self.filter.icon)

/Users/danielstevens/github-projects/tools-automation/MomentumFinance/Shared/Features/Subscriptions/SubscriptionDetailView.swift:240:13: [1;31merror: [1;39mswitch must be exhaustive[0;0m
[0;36m238 |[0;0m 
[0;36m239 |[0;0m         private func billingFrequencyText(_ cycle: BillingCycle) -> String {
[0;36m240 |[0;0m             switch cycle {
    [0;36m|[0;0m             |- [1;31merror: [1;39mswitch must be exhaustive[0;0m
    [0;36m|[0;0m             |- [1;39mnote: [1;39madd missing case: '.daily'[0;0m
    [0;36m|[0;0m             |- [1;39mnote: [1;39madd missing case: '.quarterly'[0;0m
    [0;36m|[0;0m             `- [1;39mnote: [1;39madd missing cases[0;0m
[0;36m241 |[0;0m             case .weekly:
[0;36m242 |[0;0m                 "Billed Weekly"

/Users/danielstevens/github-projects/tools-automation/MomentumFinance/Shared/Features/Subscriptions/SubscriptionManagementViews.swift:108:34: [1;31merror: [1;39mincorrect argument labels in call (have '_:_:text:axis:', expected '_:text:prompt:axis:')[0;0m
[0;36m106 |[0;0m 
[0;36m107 |[0;0m                     Section(header: Text("Notes")) {
[0;36m108 |[0;0m                         TextField(
    [0;36m|[0;0m                                  `- [1;31merror: [1;39mincorrect argument labels in call (have '_:_:text:axis:', expected '_:text:prompt:axis:')[0;0m
[0;36m109 |[0;0m                             "Notes (optional).accessibilityLabel("Text Field")",
[0;36m110 |[0;0m                             text: self.$notes,

/Users/danielstevens/github-projects/tools-automation/MomentumFinance/Shared/Features/Subscriptions/SubscriptionManagementViews.swift:109:67: [1;31merror: [1;39mcannot convert value of type 'Text.Type' to expected argument type 'Text'[0;0m
[0;36m107 |[0;0m                     Section(header: Text("Notes")) {
[0;36m108 |[0;0m                         TextField(
[0;36m109 |[0;0m                             "Notes (optional).accessibilityLabel("Text Field")",
    [0;36m|[0;0m                                                                   `- [1;31merror: [1;39mcannot convert value of type 'Text.Type' to expected argument type 'Text'[0;0m
[0;36m110 |[0;0m                             text: self.$notes,
[0;36m111 |[0;0m                             axis: .vertical

/Users/danielstevens/github-projects/tools-automation/MomentumFinance/Shared/Features/Subscriptions/SubscriptionManagementViews.swift:139:40: [1;31merror: [1;39mcannot convert value of type 'String' to expected argument type 'PrimitiveButtonStyleConfiguration'[0;0m
[0;36m137 |[0;0m                         #else
[0;36m138 |[0;0m                             ToolbarItem(placement: .cancellationAction) {
[0;36m139 |[0;0m                                 Button("Cancel").accessibilityLabel("Button") {
    [0;36m|[0;0m                                        `- [1;31merror: [1;39mcannot convert value of type 'String' to expected argument type 'PrimitiveButtonStyleConfiguration'[0;0m
[0;36m140 |[0;0m                                     self.dismiss()
[0;36m141 |[0;0m                                 }

/Users/danielstevens/github-projects/tools-automation/MomentumFinance/Shared/Features/Subscriptions/SubscriptionManagementViews.swift:139:79: [1;31merror: [1;39mtype '_' cannot be used as a boolean; test for '!= 0' instead[0;0m
[0;36m137 |[0;0m                         #else
[0;36m138 |[0;0m                             ToolbarItem(placement: .cancellationAction) {
[0;36m139 |[0;0m                                 Button("Cancel").accessibilityLabel("Button") {
    [0;36m|[0;0m                                                                               `- [1;31merror: [1;39mtype '_' cannot be used as a boolean; test for '!= 0' instead[0;0m
[0;36m140 |[0;0m                                     self.dismiss()
[0;36m141 |[0;0m                                 }

/Users/danielstevens/github-projects/tools-automation/MomentumFinance/Shared/Features/Subscriptions/SubscriptionSummaryViews.swift:38:38: [1;31merror: [1;39mmissing argument label 'into:' in call[0;0m
 [0;36m36 |[0;0m 
 [0;36m37 |[0;0m         private var monthlyTotal: Double {
 [0;36m38 |[0;0m             self.subscriptions.reduce(0) { total, subscription in
    [0;36m|[0;0m                                      `- [1;31merror: [1;39mmissing argument label 'into:' in call[0;0m
 [0;36m39 |[0;0m                 total + subscription.monthlyEquivalent
 [0;36m40 |[0;0m             }

/Users/danielstevens/github-projects/tools-automation/MomentumFinance/Shared/Features/Subscriptions/SubscriptionSummaryViews.swift:38:32: [1;31merror: [1;39mno 'reduce' candidates produce the expected contextual result type 'Double'[0;0m
 [0;36m36 |[0;0m 
 [0;36m37 |[0;0m         private var monthlyTotal: Double {
 [0;36m38 |[0;0m             self.subscriptions.reduce(0) { total, subscription in
    [0;36m|[0;0m                                `- [1;31merror: [1;39mno 'reduce' candidates produce the expected contextual result type 'Double'[0;0m
 [0;36m39 |[0;0m                 total + subscription.monthlyEquivalent
 [0;36m40 |[0;0m             }

Swift.Sequence.reduce:2:24: [1;39mnote: [1;39m'reduce(into:_:)' produces '(String, _) -> String', not the expected contextual result type 'Double'[0;0m
[0;36m1 |[0;0m protocol Sequence {
[0;36m2 |[0;0m @inlinable public func reduce<Result>(into initialResult: __owned Result, _ updateAccumulatingResult: (_ partialResult: inout Result, Self.Element) throws -> ()) rethrows -> Result}
  [0;36m|[0;0m                        |- [1;39mnote: [1;39m'reduce(into:_:)' produces '(String, _) -> String', not the expected contextual result type 'Double'[0;0m
  [0;36m|[0;0m                        |- [1;39mnote: [1;39m'reduce(into:_:)' produces '(Duration, _) -> Duration', not the expected contextual result type 'Double'[0;0m
  [0;36m|[0;0m                        |- [1;39mnote: [1;39m'reduce(into:_:)' produces '(Int128, _) -> Int128', not the expected contextual result type 'Double'[0;0m
  [0;36m|[0;0m                        |- [1;39mnote: [1;39m'reduce(into:_:)' produces '(UInt128, _) -> UInt128', not the expected contextual result type 'Double'[0;0m
  [0;36m|[0;0m                        |- [1;39mnote: [1;39m'reduce(into:_:)' produces '(Float16, _) -> Float16', not the expected contextual result type 'Double'[0;0m
  [0;36m|[0;0m                        |- [1;39mnote: [1;39m'reduce(into:_:)' produces '(Float, _) -> Float', not the expected contextual result type 'Double'[0;0m
  [0;36m|[0;0m                        |- [1;39mnote: [1;39m'reduce(into:_:)' produces '(Double, _) -> Double', not the expected contextual result type 'Double'[0;0m
  [0;36m|[0;0m                        |- [1;39mnote: [1;39m'reduce(into:_:)' produces '(UInt8, _) -> UInt8', not the expected contextual result type 'Double'[0;0m
  [0;36m|[0;0m                        |- [1;39mnote: [1;39m'reduce(into:_:)' produces '(Int8, _) -> Int8', not the expected contextual result type 'Double'[0;0m
  [0;36m|[0;0m                        |- [1;39mnote: [1;39m'reduce(into:_:)' produces '(UInt16, _) -> UInt16', not the expected contextual result type 'Double'[0;0m
  [0;36m|[0;0m                        |- [1;39mnote: [1;39m'reduce(into:_:)' produces '(Int16, _) -> Int16', not the expected contextual result type 'Double'[0;0m
  [0;36m|[0;0m                        |- [1;39mnote: [1;39m'reduce(into:_:)' produces '(UInt32, _) -> UInt32', not the expected contextual result type 'Double'[0;0m
  [0;36m|[0;0m                        |- [1;39mnote: [1;39m'reduce(into:_:)' produces '(Int32, _) -> Int32', not the expected contextual result type 'Double'[0;0m
  [0;36m|[0;0m                        |- [1;39mnote: [1;39m'reduce(into:_:)' produces '(UInt64, _) -> UInt64', not the expected contextual result type 'Double'[0;0m
  [0;36m|[0;0m                        |- [1;39mnote: [1;39m'reduce(into:_:)' produces '(Int64, _) -> Int64', not the expected contextual result type 'Double'[0;0m
  [0;36m|[0;0m                        |- [1;39mnote: [1;39m'reduce(into:_:)' produces '(UInt, _) -> UInt', not the expected contextual result type 'Double'[0;0m
  [0;36m|[0;0m                        |- [1;39mnote: [1;39m'reduce(into:_:)' produces '(Int, _) -> Int', not the expected contextual result type 'Double'[0;0m
  [0;36m|[0;0m                        |- [1;39mnote: [1;39m'reduce(into:_:)' produces '(ContinuousClock.Instant, _) -> ContinuousClock.Instant', not the expected contextual result type 'Double'[0;0m
  [0;36m|[0;0m                        |- [1;39mnote: [1;39m'reduce(into:_:)' produces '(SuspendingClock.Instant, _) -> SuspendingClock.Instant', not the expected contextual result type 'Double'[0;0m
  [0;36m|[0;0m                        |- [1;39mnote: [1;39m'reduce(into:_:)' produces '(DispatchTime, _) -> DispatchTime', not the expected contextual result type 'Double'[0;0m
  [0;36m|[0;0m                        |- [1;39mnote: [1;39m'reduce(into:_:)' produces '(DispatchTime, _) -> DispatchTime', not the expected contextual result type 'Double'[0;0m
  [0;36m|[0;0m                        |- [1;39mnote: [1;39m'reduce(into:_:)' produces '(DispatchWallTime, _) -> DispatchWallTime', not the expected contextual result type 'Double'[0;0m
  [0;36m|[0;0m                        |- [1;39mnote: [1;39m'reduce(into:_:)' produces '(DispatchWallTime, _) -> DispatchWallTime', not the expected contextual result type 'Double'[0;0m
  [0;36m|[0;0m                        |- [1;39mnote: [1;39m'reduce(into:_:)' produces '(DispatchQueue.SchedulerTimeType.Stride, _) -> DispatchQueue.SchedulerTimeType.Stride', not the expected contextual result type 'Double'[0;0m
  [0;36m|[0;0m                        |- [1;39mnote: [1;39m'reduce(into:_:)' produces '(CGFloat, _) -> CGFloat', not the expected contextual result type 'Double'[0;0m
  [0;36m|[0;0m                        |- [1;39mnote: [1;39m'reduce(into:_:)' produces '(RunLoop.SchedulerTimeType.Stride, _) -> RunLoop.SchedulerTimeType.Stride', not the expected contextual result type 'Double'[0;0m
  [0;36m|[0;0m                        |- [1;39mnote: [1;39m'reduce(into:_:)' produces '(AttributedString, _) -> AttributedString', not the expected contextual result type 'Double'[0;0m
  [0;36m|[0;0m                        |- [1;39mnote: [1;39m'reduce(into:_:)' produces '(Decimal, _) -> Decimal', not the expected contextual result type 'Double'[0;0m
  [0;36m|[0;0m                        |- [1;39mnote: [1;39m'reduce(into:_:)' produces '(Date, _) -> Date', not the expected contextual result type 'Double'[0;0m
  [0;36m|[0;0m                        |- [1;39mnote: [1;39m'reduce(into:_:)' produces '(IndexPath, _) -> IndexPath', not the expected contextual result type 'Double'[0;0m
  [0;36m|[0;0m                        |- [1;39mnote: [1;39m'reduce(into:_:)' produces '(OperationQueue.SchedulerTimeType.Stride, _) -> OperationQueue.SchedulerTimeType.Stride', not the expected contextual result type 'Double'[0;0m
  [0;36m|[0;0m                        |- [1;39mnote: [1;39m'reduce(into:_:)' produces '(_AnyAnimatableData, _) -> _AnyAnimatableData', not the expected contextual result type 'Double'[0;0m
  [0;36m|[0;0m                        |- [1;39mnote: [1;39m'reduce(into:_:)' produces '(Color.ResolvedHDR._Animatable, _) -> Color.ResolvedHDR._Animatable', not the expected contextual result type 'Double'[0;0m
  [0;36m|[0;0m                        |- [1;39mnote: [1;39m'reduce(into:_:)' produces '(Text, _) -> Text', not the expected contextual result type 'Double'[0;0m
  [0;36m|[0;0m                        |- [1;39mnote: [1;39m'reduce(into:_:)' produces '(ConcentricRectangle.AnimatableData, _) -> ConcentricRectangle.AnimatableData', not the expected contextual result type 'Double'[0;0m
  [0;36m|[0;0m                        |- [1;39mnote: [1;39m'reduce(into:_:)' produces '(RoundedRectangularShapeCorners.AnimatableData, _) -> RoundedRectangularShapeCorners.AnimatableData', not the expected contextual result type 'Double'[0;0m
  [0;36m|[0;0m                        |- [1;39mnote: [1;39m'reduce(into:_:)' produces '(EmptyAnimatableData, _) -> EmptyAnimatableData', not the expected contextual result type 'Double'[0;0m
  [0;36m|[0;0m                        |- [1;39mnote: [1;39m'reduce(into:_:)' produces '(Edge.Corner.Style.AnimatableData, _) -> Edge.Corner.Style.AnimatableData', not the expected contextual result type 'Double'[0;0m
  [0;36m|[0;0m                        |- [1;39mnote: [1;39m'reduce(into:_:)' produces '(Measurement<Dimension>, _) -> Measurement<Dimension>', not the expected contextual result type 'Double'[0;0m
  [0;36m|[0;0m                        `- [1;39mnote: [1;39m'reduce(into:_:)' produces '(Measurement<Unit>, _) -> Measurement<Unit>', not the expected contextual result type 'Double'[0;0m
[0;36m3 |[0;0m 

/Users/danielstevens/github-projects/tools-automation/MomentumFinance/Shared/Features/Subscriptions/SubscriptionSummaryViews.swift:203:38: [1;31merror: [1;39mmissing argument label 'into:' in call[0;0m
[0;36m201 |[0;0m 
[0;36m202 |[0;0m         private var monthlyTotal: Double {
[0;36m203 |[0;0m             self.subscriptions.reduce(0) { total, subscription in
    [0;36m|[0;0m                                      `- [1;31merror: [1;39mmissing argument label 'into:' in call[0;0m
[0;36m204 |[0;0m                 total + subscription.monthlyEquivalent
[0;36m205 |[0;0m             }

/Users/danielstevens/github-projects/tools-automation/MomentumFinance/Shared/Features/Subscriptions/SubscriptionSummaryViews.swift:203:32: [1;31merror: [1;39mno 'reduce' candidates produce the expected contextual result type 'Double'[0;0m
[0;36m201 |[0;0m 
[0;36m202 |[0;0m         private var monthlyTotal: Double {
[0;36m203 |[0;0m             self.subscriptions.reduce(0) { total, subscription in
    [0;36m|[0;0m                                `- [1;31merror: [1;39mno 'reduce' candidates produce the expected contextual result type 'Double'[0;0m
[0;36m204 |[0;0m                 total + subscription.monthlyEquivalent
[0;36m205 |[0;0m             }

Swift.Sequence.reduce:2:24: [1;39mnote: [1;39m'reduce(into:_:)' produces '(String, _) -> String', not the expected contextual result type 'Double'[0;0m
[0;36m1 |[0;0m protocol Sequence {
[0;36m2 |[0;0m @inlinable public func reduce<Result>(into initialResult: __owned Result, _ updateAccumulatingResult: (_ partialResult: inout Result, Self.Element) throws -> ()) rethrows -> Result}
  [0;36m|[0;0m                        |- [1;39mnote: [1;39m'reduce(into:_:)' produces '(String, _) -> String', not the expected contextual result type 'Double'[0;0m
  [0;36m|[0;0m                        |- [1;39mnote: [1;39m'reduce(into:_:)' produces '(Duration, _) -> Duration', not the expected contextual result type 'Double'[0;0m
  [0;36m|[0;0m                        |- [1;39mnote: [1;39m'reduce(into:_:)' produces '(Int128, _) -> Int128', not the expected contextual result type 'Double'[0;0m
  [0;36m|[0;0m                        |- [1;39mnote: [1;39m'reduce(into:_:)' produces '(UInt128, _) -> UInt128', not the expected contextual result type 'Double'[0;0m
  [0;36m|[0;0m                        |- [1;39mnote: [1;39m'reduce(into:_:)' produces '(Float16, _) -> Float16', not the expected contextual result type 'Double'[0;0m
  [0;36m|[0;0m                        |- [1;39mnote: [1;39m'reduce(into:_:)' produces '(Float, _) -> Float', not the expected contextual result type 'Double'[0;0m
  [0;36m|[0;0m                        |- [1;39mnote: [1;39m'reduce(into:_:)' produces '(Double, _) -> Double', not the expected contextual result type 'Double'[0;0m
  [0;36m|[0;0m                        |- [1;39mnote: [1;39m'reduce(into:_:)' produces '(UInt8, _) -> UInt8', not the expected contextual result type 'Double'[0;0m
  [0;36m|[0;0m                        |- [1;39mnote: [1;39m'reduce(into:_:)' produces '(Int8, _) -> Int8', not the expected contextual result type 'Double'[0;0m
  [0;36m|[0;0m                        |- [1;39mnote: [1;39m'reduce(into:_:)' produces '(UInt16, _) -> UInt16', not the expected contextual result type 'Double'[0;0m
  [0;36m|[0;0m                        |- [1;39mnote: [1;39m'reduce(into:_:)' produces '(Int16, _) -> Int16', not the expected contextual result type 'Double'[0;0m
  [0;36m|[0;0m                        |- [1;39mnote: [1;39m'reduce(into:_:)' produces '(UInt32, _) -> UInt32', not the expected contextual result type 'Double'[0;0m
  [0;36m|[0;0m                        |- [1;39mnote: [1;39m'reduce(into:_:)' produces '(Int32, _) -> Int32', not the expected contextual result type 'Double'[0;0m
  [0;36m|[0;0m                        |- [1;39mnote: [1;39m'reduce(into:_:)' produces '(UInt64, _) -> UInt64', not the expected contextual result type 'Double'[0;0m
  [0;36m|[0;0m                        |- [1;39mnote: [1;39m'reduce(into:_:)' produces '(Int64, _) -> Int64', not the expected contextual result type 'Double'[0;0m
  [0;36m|[0;0m                        |- [1;39mnote: [1;39m'reduce(into:_:)' produces '(UInt, _) -> UInt', not the expected contextual result type 'Double'[0;0m
  [0;36m|[0;0m                        |- [1;39mnote: [1;39m'reduce(into:_:)' produces '(Int, _) -> Int', not the expected contextual result type 'Double'[0;0m
  [0;36m|[0;0m                        |- [1;39mnote: [1;39m'reduce(into:_:)' produces '(ContinuousClock.Instant, _) -> ContinuousClock.Instant', not the expected contextual result type 'Double'[0;0m
  [0;36m|[0;0m                        |- [1;39mnote: [1;39m'reduce(into:_:)' produces '(SuspendingClock.Instant, _) -> SuspendingClock.Instant', not the expected contextual result type 'Double'[0;0m
  [0;36m|[0;0m                        |- [1;39mnote: [1;39m'reduce(into:_:)' produces '(DispatchTime, _) -> DispatchTime', not the expected contextual result type 'Double'[0;0m
  [0;36m|[0;0m                        |- [1;39mnote: [1;39m'reduce(into:_:)' produces '(DispatchTime, _) -> DispatchTime', not the expected contextual result type 'Double'[0;0m
  [0;36m|[0;0m                        |- [1;39mnote: [1;39m'reduce(into:_:)' produces '(DispatchWallTime, _) -> DispatchWallTime', not the expected contextual result type 'Double'[0;0m
  [0;36m|[0;0m                        |- [1;39mnote: [1;39m'reduce(into:_:)' produces '(DispatchWallTime, _) -> DispatchWallTime', not the expected contextual result type 'Double'[0;0m
  [0;36m|[0;0m                        |- [1;39mnote: [1;39m'reduce(into:_:)' produces '(DispatchQueue.SchedulerTimeType.Stride, _) -> DispatchQueue.SchedulerTimeType.Stride', not the expected contextual result type 'Double'[0;0m
  [0;36m|[0;0m                        |- [1;39mnote: [1;39m'reduce(into:_:)' produces '(CGFloat, _) -> CGFloat', not the expected contextual result type 'Double'[0;0m
  [0;36m|[0;0m                        |- [1;39mnote: [1;39m'reduce(into:_:)' produces '(RunLoop.SchedulerTimeType.Stride, _) -> RunLoop.SchedulerTimeType.Stride', not the expected contextual result type 'Double'[0;0m
  [0;36m|[0;0m                        |- [1;39mnote: [1;39m'reduce(into:_:)' produces '(AttributedString, _) -> AttributedString', not the expected contextual result type 'Double'[0;0m
  [0;36m|[0;0m                        |- [1;39mnote: [1;39m'reduce(into:_:)' produces '(Decimal, _) -> Decimal', not the expected contextual result type 'Double'[0;0m
  [0;36m|[0;0m                        |- [1;39mnote: [1;39m'reduce(into:_:)' produces '(Date, _) -> Date', not the expected contextual result type 'Double'[0;0m
  [0;36m|[0;0m                        |- [1;39mnote: [1;39m'reduce(into:_:)' produces '(IndexPath, _) -> IndexPath', not the expected contextual result type 'Double'[0;0m
  [0;36m|[0;0m                        |- [1;39mnote: [1;39m'reduce(into:_:)' produces '(OperationQueue.SchedulerTimeType.Stride, _) -> OperationQueue.SchedulerTimeType.Stride', not the expected contextual result type 'Double'[0;0m
  [0;36m|[0;0m                        |- [1;39mnote: [1;39m'reduce(into:_:)' produces '(_AnyAnimatableData, _) -> _AnyAnimatableData', not the expected contextual result type 'Double'[0;0m
  [0;36m|[0;0m                        |- [1;39mnote: [1;39m'reduce(into:_:)' produces '(Color.ResolvedHDR._Animatable, _) -> Color.ResolvedHDR._Animatable', not the expected contextual result type 'Double'[0;0m
  [0;36m|[0;0m                        |- [1;39mnote: [1;39m'reduce(into:_:)' produces '(Text, _) -> Text', not the expected contextual result type 'Double'[0;0m
  [0;36m|[0;0m                        |- [1;39mnote: [1;39m'reduce(into:_:)' produces '(ConcentricRectangle.AnimatableData, _) -> ConcentricRectangle.AnimatableData', not the expected contextual result type 'Double'[0;0m
  [0;36m|[0;0m                        |- [1;39mnote: [1;39m'reduce(into:_:)' produces '(RoundedRectangularShapeCorners.AnimatableData, _) -> RoundedRectangularShapeCorners.AnimatableData', not the expected contextual result type 'Double'[0;0m
  [0;36m|[0;0m                        |- [1;39mnote: [1;39m'reduce(into:_:)' produces '(EmptyAnimatableData, _) -> EmptyAnimatableData', not the expected contextual result type 'Double'[0;0m
  [0;36m|[0;0m                        |- [1;39mnote: [1;39m'reduce(into:_:)' produces '(Edge.Corner.Style.AnimatableData, _) -> Edge.Corner.Style.AnimatableData', not the expected contextual result type 'Double'[0;0m
  [0;36m|[0;0m                        |- [1;39mnote: [1;39m'reduce(into:_:)' produces '(Measurement<Dimension>, _) -> Measurement<Dimension>', not the expected contextual result type 'Double'[0;0m
  [0;36m|[0;0m                        `- [1;39mnote: [1;39m'reduce(into:_:)' produces '(Measurement<Unit>, _) -> Measurement<Unit>', not the expected contextual result type 'Double'[0;0m
[0;36m3 |[0;0m 

/Users/danielstevens/github-projects/tools-automation/MomentumFinance/Shared/Features/Transactions/AddTransactionView.swift:43:26: [1;31merror: [1;39mtrailing closure passed to parameter of type 'Visibility' that does not accept a closure[0;0m
 [0;36m41 |[0;0m                     .navigationBarTitleDisplayMode(.inline)
 [0;36m42 |[0;0m                 #endif
 [0;36m43 |[0;0m                 .toolbar [4;39m{[0;0m
    [0;36m|[0;0m                          `- [1;31merror: [1;39mtrailing closure passed to parameter of type 'Visibility' that does not accept a closure[0;0m
 [0;36m44 |[0;0m                     #if canImport(UIKit)
 [0;36m45 |[0;0m                         ToolbarItem(placement: .navigationBarLeading) {

SwiftUI.View.toolbar:6:27: [1;39mnote: [1;39m'toolbar(_:for:)' declared here[0;0m
[0;36m4 |[0;0m   @available(tvOS, introduced: 16.0, deprecated: 100000.0, renamed: "toolbarVisibility(_:for:)")
[0;36m5 |[0;0m   @available(watchOS, introduced: 9.0, deprecated: 100000.0, renamed: "toolbarVisibility(_:for:)")
[0;36m6 |[0;0m   nonisolated public func toolbar(_ visibility: Visibility, for bars: ToolbarPlacement...) -> some View
  [0;36m|[0;0m                           `- [1;39mnote: [1;39m'toolbar(_:for:)' declared here[0;0m
[0;36m7 |[0;0m   }
[0;36m8 |[0;0m 

/Users/danielstevens/github-projects/tools-automation/MomentumFinance/Shared/Features/Transactions/AddTransactionView.swift:85:22: [1;33mwarning: [1;39m'onChange(of:perform:)' was deprecated in macOS 14.0: Use `onChange` with a two or zero parameter action closure instead.[0;0m [#]8;;https://docs.swift.org/compiler/documentation/diagnostics/deprecated-declaration\DeprecatedDeclaration]8;;\]
 [0;36m83 |[0;0m             Section(header: Text("Transaction Details")) {
 [0;36m84 |[0;0m                 TextField("Title", text: self.$title)
 [0;36m85 |[0;0m                     .onChange(of: self.title) { _ in
    [0;36m|[0;0m                      `- [1;33mwarning: [1;39m'onChange(of:perform:)' was deprecated in macOS 14.0: Use `onChange` with a two or zero parameter action closure instead.[0;0m [#]8;;https://docs.swift.org/compiler/documentation/diagnostics/deprecated-declaration\DeprecatedDeclaration]8;;\]
 [0;36m86 |[0;0m                         self.handleTitleChange()
 [0;36m87 |[0;0m                     }

[#DeprecatedDeclaration]: <https://docs.swift.org/compiler/documentation/diagnostics/deprecated-declaration>
[74/148] Compiling Shared CategoryTransactionsView.swift
/Users/danielstevens/github-projects/tools-automation/MomentumFinance/Shared/Features/Subscriptions/SubscriptionManagementViews.swift:109:67: [1;31merror: [1;39mexpected ',' separator[0;0m
[0;36m107 |[0;0m                     Section(header: Text("Notes")) {
[0;36m108 |[0;0m                         TextField(
[0;36m109 |[0;0m                             "Notes (optional).accessibilityLabel("Text Field")",
    [0;36m|[0;0m                                                                   `- [1;31merror: [1;39mexpected ',' separator[0;0m
[0;36m110 |[0;0m                             text: self.$notes,
[0;36m111 |[0;0m                             axis: .vertical

/Users/danielstevens/github-projects/tools-automation/MomentumFinance/Shared/Features/NotificationsView.swift:23:9: [1;31merror: [1;39mproperty 'body' must be declared public because it matches a requirement in public protocol 'View'[0;0m
 [0;36m21 |[0;0m     @State private var isLoading = true
 [0;36m22 |[0;0m 
 [0;36m23 |[0;0m     var body: some View {
    [0;36m|[0;0m         |- [1;31merror: [1;39mproperty 'body' must be declared public because it matches a requirement in public protocol 'View'[0;0m
    [0;36m|[0;0m         `- [1;39mnote: [1;39mmark the property as 'public' to satisfy the requirement[0;0m
 [0;36m24 |[0;0m         NavigationView {
 [0;36m25 |[0;0m             VStack(spacing: 0) {

/Users/danielstevens/github-projects/tools-automation/MomentumFinance/Shared/Features/NotificationsView.swift:266:16: [1;31merror: [1;39mmissing argument for parameter #1 in call[0;0m
[0;36m264 |[0;0m     public var body: some View {
[0;36m265 |[0;0m 
[0;36m266 |[0;0m         Button(action: self.action).accessibilityLabel("Button") {
    [0;36m|[0;0m                `- [1;31merror: [1;39mmissing argument for parameter #1 in call[0;0m
[0;36m267 |[0;0m             HStack(spacing: 8) {
[0;36m268 |[0;0m                 Image(systemName: self.filter.icon)

SwiftUI.Button.init:2:36: [1;39mnote: [1;39m'init(_:action:)' declared here[0;0m
[0;36m1 |[0;0m generic struct Button {
[0;36m2 |[0;0m @preconcurrency nonisolated public init(_ titleKey: LocalizedStringKey, action: @escaping @MainActor () -> Void)}
  [0;36m|[0;0m                                    `- [1;39mnote: [1;39m'init(_:action:)' declared here[0;0m
[0;36m3 |[0;0m 

/Users/danielstevens/github-projects/tools-automation/MomentumFinance/Shared/Features/NotificationsView.swift:266:66: [1;31merror: [1;39mtype '_' cannot be used as a boolean; test for '!= 0' instead[0;0m
[0;36m264 |[0;0m     public var body: some View {
[0;36m265 |[0;0m 
[0;36m266 |[0;0m         Button(action: self.action).accessibilityLabel("Button") {
    [0;36m|[0;0m                                                                  `- [1;31merror: [1;39mtype '_' cannot be used as a boolean; test for '!= 0' instead[0;0m
[0;36m267 |[0;0m             HStack(spacing: 8) {
[0;36m268 |[0;0m                 Image(systemName: self.filter.icon)

/Users/danielstevens/github-projects/tools-automation/MomentumFinance/Shared/Features/Subscriptions/SubscriptionDetailView.swift:240:13: [1;31merror: [1;39mswitch must be exhaustive[0;0m
[0;36m238 |[0;0m 
[0;36m239 |[0;0m         private func billingFrequencyText(_ cycle: BillingCycle) -> String {
[0;36m240 |[0;0m             switch cycle {
    [0;36m|[0;0m             |- [1;31merror: [1;39mswitch must be exhaustive[0;0m
    [0;36m|[0;0m             |- [1;39mnote: [1;39madd missing case: '.daily'[0;0m
    [0;36m|[0;0m             |- [1;39mnote: [1;39madd missing case: '.quarterly'[0;0m
    [0;36m|[0;0m             `- [1;39mnote: [1;39madd missing cases[0;0m
[0;36m241 |[0;0m             case .weekly:
[0;36m242 |[0;0m                 "Billed Weekly"

/Users/danielstevens/github-projects/tools-automation/MomentumFinance/Shared/Features/Subscriptions/SubscriptionManagementViews.swift:108:34: [1;31merror: [1;39mincorrect argument labels in call (have '_:_:text:axis:', expected '_:text:prompt:axis:')[0;0m
[0;36m106 |[0;0m 
[0;36m107 |[0;0m                     Section(header: Text("Notes")) {
[0;36m108 |[0;0m                         TextField(
    [0;36m|[0;0m                                  `- [1;31merror: [1;39mincorrect argument labels in call (have '_:_:text:axis:', expected '_:text:prompt:axis:')[0;0m
[0;36m109 |[0;0m                             "Notes (optional).accessibilityLabel("Text Field")",
[0;36m110 |[0;0m                             text: self.$notes,

/Users/danielstevens/github-projects/tools-automation/MomentumFinance/Shared/Features/Subscriptions/SubscriptionManagementViews.swift:109:67: [1;31merror: [1;39mcannot convert value of type 'Text.Type' to expected argument type 'Text'[0;0m
[0;36m107 |[0;0m                     Section(header: Text("Notes")) {
[0;36m108 |[0;0m                         TextField(
[0;36m109 |[0;0m                             "Notes (optional).accessibilityLabel("Text Field")",
    [0;36m|[0;0m                                                                   `- [1;31merror: [1;39mcannot convert value of type 'Text.Type' to expected argument type 'Text'[0;0m
[0;36m110 |[0;0m                             text: self.$notes,
[0;36m111 |[0;0m                             axis: .vertical

/Users/danielstevens/github-projects/tools-automation/MomentumFinance/Shared/Features/Subscriptions/SubscriptionManagementViews.swift:139:40: [1;31merror: [1;39mcannot convert value of type 'String' to expected argument type 'PrimitiveButtonStyleConfiguration'[0;0m
[0;36m137 |[0;0m                         #else
[0;36m138 |[0;0m                             ToolbarItem(placement: .cancellationAction) {
[0;36m139 |[0;0m                                 Button("Cancel").accessibilityLabel("Button") {
    [0;36m|[0;0m                                        `- [1;31merror: [1;39mcannot convert value of type 'String' to expected argument type 'PrimitiveButtonStyleConfiguration'[0;0m
[0;36m140 |[0;0m                                     self.dismiss()
[0;36m141 |[0;0m                                 }

/Users/danielstevens/github-projects/tools-automation/MomentumFinance/Shared/Features/Subscriptions/SubscriptionManagementViews.swift:139:79: [1;31merror: [1;39mtype '_' cannot be used as a boolean; test for '!= 0' instead[0;0m
[0;36m137 |[0;0m                         #else
[0;36m138 |[0;0m                             ToolbarItem(placement: .cancellationAction) {
[0;36m139 |[0;0m                                 Button("Cancel").accessibilityLabel("Button") {
    [0;36m|[0;0m                                                                               `- [1;31merror: [1;39mtype '_' cannot be used as a boolean; test for '!= 0' instead[0;0m
[0;36m140 |[0;0m                                     self.dismiss()
[0;36m141 |[0;0m                                 }

/Users/danielstevens/github-projects/tools-automation/MomentumFinance/Shared/Features/Subscriptions/SubscriptionSummaryViews.swift:38:38: [1;31merror: [1;39mmissing argument label 'into:' in call[0;0m
 [0;36m36 |[0;0m 
 [0;36m37 |[0;0m         private var monthlyTotal: Double {
 [0;36m38 |[0;0m             self.subscriptions.reduce(0) { total, subscription in
    [0;36m|[0;0m                                      `- [1;31merror: [1;39mmissing argument label 'into:' in call[0;0m
 [0;36m39 |[0;0m                 total + subscription.monthlyEquivalent
 [0;36m40 |[0;0m             }

/Users/danielstevens/github-projects/tools-automation/MomentumFinance/Shared/Features/Subscriptions/SubscriptionSummaryViews.swift:38:32: [1;31merror: [1;39mno 'reduce' candidates produce the expected contextual result type 'Double'[0;0m
 [0;36m36 |[0;0m 
 [0;36m37 |[0;0m         private var monthlyTotal: Double {
 [0;36m38 |[0;0m             self.subscriptions.reduce(0) { total, subscription in
    [0;36m|[0;0m                                `- [1;31merror: [1;39mno 'reduce' candidates produce the expected contextual result type 'Double'[0;0m
 [0;36m39 |[0;0m                 total + subscription.monthlyEquivalent
 [0;36m40 |[0;0m             }

Swift.Sequence.reduce:2:24: [1;39mnote: [1;39m'reduce(into:_:)' produces '(String, _) -> String', not the expected contextual result type 'Double'[0;0m
[0;36m1 |[0;0m protocol Sequence {
[0;36m2 |[0;0m @inlinable public func reduce<Result>(into initialResult: __owned Result, _ updateAccumulatingResult: (_ partialResult: inout Result, Self.Element) throws -> ()) rethrows -> Result}
  [0;36m|[0;0m                        |- [1;39mnote: [1;39m'reduce(into:_:)' produces '(String, _) -> String', not the expected contextual result type 'Double'[0;0m
  [0;36m|[0;0m                        |- [1;39mnote: [1;39m'reduce(into:_:)' produces '(Duration, _) -> Duration', not the expected contextual result type 'Double'[0;0m
  [0;36m|[0;0m                        |- [1;39mnote: [1;39m'reduce(into:_:)' produces '(Int128, _) -> Int128', not the expected contextual result type 'Double'[0;0m
  [0;36m|[0;0m                        |- [1;39mnote: [1;39m'reduce(into:_:)' produces '(UInt128, _) -> UInt128', not the expected contextual result type 'Double'[0;0m
  [0;36m|[0;0m                        |- [1;39mnote: [1;39m'reduce(into:_:)' produces '(Float16, _) -> Float16', not the expected contextual result type 'Double'[0;0m
  [0;36m|[0;0m                        |- [1;39mnote: [1;39m'reduce(into:_:)' produces '(Float, _) -> Float', not the expected contextual result type 'Double'[0;0m
  [0;36m|[0;0m                        |- [1;39mnote: [1;39m'reduce(into:_:)' produces '(Double, _) -> Double', not the expected contextual result type 'Double'[0;0m
  [0;36m|[0;0m                        |- [1;39mnote: [1;39m'reduce(into:_:)' produces '(UInt8, _) -> UInt8', not the expected contextual result type 'Double'[0;0m
  [0;36m|[0;0m                        |- [1;39mnote: [1;39m'reduce(into:_:)' produces '(Int8, _) -> Int8', not the expected contextual result type 'Double'[0;0m
  [0;36m|[0;0m                        |- [1;39mnote: [1;39m'reduce(into:_:)' produces '(UInt16, _) -> UInt16', not the expected contextual result type 'Double'[0;0m
  [0;36m|[0;0m                        |- [1;39mnote: [1;39m'reduce(into:_:)' produces '(Int16, _) -> Int16', not the expected contextual result type 'Double'[0;0m
  [0;36m|[0;0m                        |- [1;39mnote: [1;39m'reduce(into:_:)' produces '(UInt32, _) -> UInt32', not the expected contextual result type 'Double'[0;0m
  [0;36m|[0;0m                        |- [1;39mnote: [1;39m'reduce(into:_:)' produces '(Int32, _) -> Int32', not the expected contextual result type 'Double'[0;0m
  [0;36m|[0;0m                        |- [1;39mnote: [1;39m'reduce(into:_:)' produces '(UInt64, _) -> UInt64', not the expected contextual result type 'Double'[0;0m
  [0;36m|[0;0m                        |- [1;39mnote: [1;39m'reduce(into:_:)' produces '(Int64, _) -> Int64', not the expected contextual result type 'Double'[0;0m
  [0;36m|[0;0m                        |- [1;39mnote: [1;39m'reduce(into:_:)' produces '(UInt, _) -> UInt', not the expected contextual result type 'Double'[0;0m
  [0;36m|[0;0m                        |- [1;39mnote: [1;39m'reduce(into:_:)' produces '(Int, _) -> Int', not the expected contextual result type 'Double'[0;0m
  [0;36m|[0;0m                        |- [1;39mnote: [1;39m'reduce(into:_:)' produces '(ContinuousClock.Instant, _) -> ContinuousClock.Instant', not the expected contextual result type 'Double'[0;0m
  [0;36m|[0;0m                        |- [1;39mnote: [1;39m'reduce(into:_:)' produces '(SuspendingClock.Instant, _) -> SuspendingClock.Instant', not the expected contextual result type 'Double'[0;0m
  [0;36m|[0;0m                        |- [1;39mnote: [1;39m'reduce(into:_:)' produces '(DispatchTime, _) -> DispatchTime', not the expected contextual result type 'Double'[0;0m
  [0;36m|[0;0m                        |- [1;39mnote: [1;39m'reduce(into:_:)' produces '(DispatchTime, _) -> DispatchTime', not the expected contextual result type 'Double'[0;0m
  [0;36m|[0;0m                        |- [1;39mnote: [1;39m'reduce(into:_:)' produces '(DispatchWallTime, _) -> DispatchWallTime', not the expected contextual result type 'Double'[0;0m
  [0;36m|[0;0m                        |- [1;39mnote: [1;39m'reduce(into:_:)' produces '(DispatchWallTime, _) -> DispatchWallTime', not the expected contextual result type 'Double'[0;0m
  [0;36m|[0;0m                        |- [1;39mnote: [1;39m'reduce(into:_:)' produces '(DispatchQueue.SchedulerTimeType.Stride, _) -> DispatchQueue.SchedulerTimeType.Stride', not the expected contextual result type 'Double'[0;0m
  [0;36m|[0;0m                        |- [1;39mnote: [1;39m'reduce(into:_:)' produces '(CGFloat, _) -> CGFloat', not the expected contextual result type 'Double'[0;0m
  [0;36m|[0;0m                        |- [1;39mnote: [1;39m'reduce(into:_:)' produces '(RunLoop.SchedulerTimeType.Stride, _) -> RunLoop.SchedulerTimeType.Stride', not the expected contextual result type 'Double'[0;0m
  [0;36m|[0;0m                        |- [1;39mnote: [1;39m'reduce(into:_:)' produces '(AttributedString, _) -> AttributedString', not the expected contextual result type 'Double'[0;0m
  [0;36m|[0;0m                        |- [1;39mnote: [1;39m'reduce(into:_:)' produces '(Decimal, _) -> Decimal', not the expected contextual result type 'Double'[0;0m
  [0;36m|[0;0m                        |- [1;39mnote: [1;39m'reduce(into:_:)' produces '(Date, _) -> Date', not the expected contextual result type 'Double'[0;0m
  [0;36m|[0;0m                        |- [1;39mnote: [1;39m'reduce(into:_:)' produces '(IndexPath, _) -> IndexPath', not the expected contextual result type 'Double'[0;0m
  [0;36m|[0;0m                        |- [1;39mnote: [1;39m'reduce(into:_:)' produces '(OperationQueue.SchedulerTimeType.Stride, _) -> OperationQueue.SchedulerTimeType.Stride', not the expected contextual result type 'Double'[0;0m
  [0;36m|[0;0m                        |- [1;39mnote: [1;39m'reduce(into:_:)' produces '(_AnyAnimatableData, _) -> _AnyAnimatableData', not the expected contextual result type 'Double'[0;0m
  [0;36m|[0;0m                        |- [1;39mnote: [1;39m'reduce(into:_:)' produces '(Color.ResolvedHDR._Animatable, _) -> Color.ResolvedHDR._Animatable', not the expected contextual result type 'Double'[0;0m
  [0;36m|[0;0m                        |- [1;39mnote: [1;39m'reduce(into:_:)' produces '(Text, _) -> Text', not the expected contextual result type 'Double'[0;0m
  [0;36m|[0;0m                        |- [1;39mnote: [1;39m'reduce(into:_:)' produces '(ConcentricRectangle.AnimatableData, _) -> ConcentricRectangle.AnimatableData', not the expected contextual result type 'Double'[0;0m
  [0;36m|[0;0m                        |- [1;39mnote: [1;39m'reduce(into:_:)' produces '(RoundedRectangularShapeCorners.AnimatableData, _) -> RoundedRectangularShapeCorners.AnimatableData', not the expected contextual result type 'Double'[0;0m
  [0;36m|[0;0m                        |- [1;39mnote: [1;39m'reduce(into:_:)' produces '(EmptyAnimatableData, _) -> EmptyAnimatableData', not the expected contextual result type 'Double'[0;0m
  [0;36m|[0;0m                        |- [1;39mnote: [1;39m'reduce(into:_:)' produces '(Edge.Corner.Style.AnimatableData, _) -> Edge.Corner.Style.AnimatableData', not the expected contextual result type 'Double'[0;0m
  [0;36m|[0;0m                        |- [1;39mnote: [1;39m'reduce(into:_:)' produces '(Measurement<Dimension>, _) -> Measurement<Dimension>', not the expected contextual result type 'Double'[0;0m
  [0;36m|[0;0m                        `- [1;39mnote: [1;39m'reduce(into:_:)' produces '(Measurement<Unit>, _) -> Measurement<Unit>', not the expected contextual result type 'Double'[0;0m
[0;36m3 |[0;0m 

/Users/danielstevens/github-projects/tools-automation/MomentumFinance/Shared/Features/Subscriptions/SubscriptionSummaryViews.swift:203:38: [1;31merror: [1;39mmissing argument label 'into:' in call[0;0m
[0;36m201 |[0;0m 
[0;36m202 |[0;0m         private var monthlyTotal: Double {
[0;36m203 |[0;0m             self.subscriptions.reduce(0) { total, subscription in
    [0;36m|[0;0m                                      `- [1;31merror: [1;39mmissing argument label 'into:' in call[0;0m
[0;36m204 |[0;0m                 total + subscription.monthlyEquivalent
[0;36m205 |[0;0m             }

/Users/danielstevens/github-projects/tools-automation/MomentumFinance/Shared/Features/Subscriptions/SubscriptionSummaryViews.swift:203:32: [1;31merror: [1;39mno 'reduce' candidates produce the expected contextual result type 'Double'[0;0m
[0;36m201 |[0;0m 
[0;36m202 |[0;0m         private var monthlyTotal: Double {
[0;36m203 |[0;0m             self.subscriptions.reduce(0) { total, subscription in
    [0;36m|[0;0m                                `- [1;31merror: [1;39mno 'reduce' candidates produce the expected contextual result type 'Double'[0;0m
[0;36m204 |[0;0m                 total + subscription.monthlyEquivalent
[0;36m205 |[0;0m             }

Swift.Sequence.reduce:2:24: [1;39mnote: [1;39m'reduce(into:_:)' produces '(String, _) -> String', not the expected contextual result type 'Double'[0;0m
[0;36m1 |[0;0m protocol Sequence {
[0;36m2 |[0;0m @inlinable public func reduce<Result>(into initialResult: __owned Result, _ updateAccumulatingResult: (_ partialResult: inout Result, Self.Element) throws -> ()) rethrows -> Result}
  [0;36m|[0;0m                        |- [1;39mnote: [1;39m'reduce(into:_:)' produces '(String, _) -> String', not the expected contextual result type 'Double'[0;0m
  [0;36m|[0;0m                        |- [1;39mnote: [1;39m'reduce(into:_:)' produces '(Duration, _) -> Duration', not the expected contextual result type 'Double'[0;0m
  [0;36m|[0;0m                        |- [1;39mnote: [1;39m'reduce(into:_:)' produces '(Int128, _) -> Int128', not the expected contextual result type 'Double'[0;0m
  [0;36m|[0;0m                        |- [1;39mnote: [1;39m'reduce(into:_:)' produces '(UInt128, _) -> UInt128', not the expected contextual result type 'Double'[0;0m
  [0;36m|[0;0m                        |- [1;39mnote: [1;39m'reduce(into:_:)' produces '(Float16, _) -> Float16', not the expected contextual result type 'Double'[0;0m
  [0;36m|[0;0m                        |- [1;39mnote: [1;39m'reduce(into:_:)' produces '(Float, _) -> Float', not the expected contextual result type 'Double'[0;0m
  [0;36m|[0;0m                        |- [1;39mnote: [1;39m'reduce(into:_:)' produces '(Double, _) -> Double', not the expected contextual result type 'Double'[0;0m
  [0;36m|[0;0m                        |- [1;39mnote: [1;39m'reduce(into:_:)' produces '(UInt8, _) -> UInt8', not the expected contextual result type 'Double'[0;0m
  [0;36m|[0;0m                        |- [1;39mnote: [1;39m'reduce(into:_:)' produces '(Int8, _) -> Int8', not the expected contextual result type 'Double'[0;0m
  [0;36m|[0;0m                        |- [1;39mnote: [1;39m'reduce(into:_:)' produces '(UInt16, _) -> UInt16', not the expected contextual result type 'Double'[0;0m
  [0;36m|[0;0m                        |- [1;39mnote: [1;39m'reduce(into:_:)' produces '(Int16, _) -> Int16', not the expected contextual result type 'Double'[0;0m
  [0;36m|[0;0m                        |- [1;39mnote: [1;39m'reduce(into:_:)' produces '(UInt32, _) -> UInt32', not the expected contextual result type 'Double'[0;0m
  [0;36m|[0;0m                        |- [1;39mnote: [1;39m'reduce(into:_:)' produces '(Int32, _) -> Int32', not the expected contextual result type 'Double'[0;0m
  [0;36m|[0;0m                        |- [1;39mnote: [1;39m'reduce(into:_:)' produces '(UInt64, _) -> UInt64', not the expected contextual result type 'Double'[0;0m
  [0;36m|[0;0m                        |- [1;39mnote: [1;39m'reduce(into:_:)' produces '(Int64, _) -> Int64', not the expected contextual result type 'Double'[0;0m
  [0;36m|[0;0m                        |- [1;39mnote: [1;39m'reduce(into:_:)' produces '(UInt, _) -> UInt', not the expected contextual result type 'Double'[0;0m
  [0;36m|[0;0m                        |- [1;39mnote: [1;39m'reduce(into:_:)' produces '(Int, _) -> Int', not the expected contextual result type 'Double'[0;0m
  [0;36m|[0;0m                        |- [1;39mnote: [1;39m'reduce(into:_:)' produces '(ContinuousClock.Instant, _) -> ContinuousClock.Instant', not the expected contextual result type 'Double'[0;0m
  [0;36m|[0;0m                        |- [1;39mnote: [1;39m'reduce(into:_:)' produces '(SuspendingClock.Instant, _) -> SuspendingClock.Instant', not the expected contextual result type 'Double'[0;0m
  [0;36m|[0;0m                        |- [1;39mnote: [1;39m'reduce(into:_:)' produces '(DispatchTime, _) -> DispatchTime', not the expected contextual result type 'Double'[0;0m
  [0;36m|[0;0m                        |- [1;39mnote: [1;39m'reduce(into:_:)' produces '(DispatchTime, _) -> DispatchTime', not the expected contextual result type 'Double'[0;0m
  [0;36m|[0;0m                        |- [1;39mnote: [1;39m'reduce(into:_:)' produces '(DispatchWallTime, _) -> DispatchWallTime', not the expected contextual result type 'Double'[0;0m
  [0;36m|[0;0m                        |- [1;39mnote: [1;39m'reduce(into:_:)' produces '(DispatchWallTime, _) -> DispatchWallTime', not the expected contextual result type 'Double'[0;0m
  [0;36m|[0;0m                        |- [1;39mnote: [1;39m'reduce(into:_:)' produces '(DispatchQueue.SchedulerTimeType.Stride, _) -> DispatchQueue.SchedulerTimeType.Stride', not the expected contextual result type 'Double'[0;0m
  [0;36m|[0;0m                        |- [1;39mnote: [1;39m'reduce(into:_:)' produces '(CGFloat, _) -> CGFloat', not the expected contextual result type 'Double'[0;0m
  [0;36m|[0;0m                        |- [1;39mnote: [1;39m'reduce(into:_:)' produces '(RunLoop.SchedulerTimeType.Stride, _) -> RunLoop.SchedulerTimeType.Stride', not the expected contextual result type 'Double'[0;0m
  [0;36m|[0;0m                        |- [1;39mnote: [1;39m'reduce(into:_:)' produces '(AttributedString, _) -> AttributedString', not the expected contextual result type 'Double'[0;0m
  [0;36m|[0;0m                        |- [1;39mnote: [1;39m'reduce(into:_:)' produces '(Decimal, _) -> Decimal', not the expected contextual result type 'Double'[0;0m
  [0;36m|[0;0m                        |- [1;39mnote: [1;39m'reduce(into:_:)' produces '(Date, _) -> Date', not the expected contextual result type 'Double'[0;0m
  [0;36m|[0;0m                        |- [1;39mnote: [1;39m'reduce(into:_:)' produces '(IndexPath, _) -> IndexPath', not the expected contextual result type 'Double'[0;0m
  [0;36m|[0;0m                        |- [1;39mnote: [1;39m'reduce(into:_:)' produces '(OperationQueue.SchedulerTimeType.Stride, _) -> OperationQueue.SchedulerTimeType.Stride', not the expected contextual result type 'Double'[0;0m
  [0;36m|[0;0m                        |- [1;39mnote: [1;39m'reduce(into:_:)' produces '(_AnyAnimatableData, _) -> _AnyAnimatableData', not the expected contextual result type 'Double'[0;0m
  [0;36m|[0;0m                        |- [1;39mnote: [1;39m'reduce(into:_:)' produces '(Color.ResolvedHDR._Animatable, _) -> Color.ResolvedHDR._Animatable', not the expected contextual result type 'Double'[0;0m
  [0;36m|[0;0m                        |- [1;39mnote: [1;39m'reduce(into:_:)' produces '(Text, _) -> Text', not the expected contextual result type 'Double'[0;0m
  [0;36m|[0;0m                        |- [1;39mnote: [1;39m'reduce(into:_:)' produces '(ConcentricRectangle.AnimatableData, _) -> ConcentricRectangle.AnimatableData', not the expected contextual result type 'Double'[0;0m
  [0;36m|[0;0m                        |- [1;39mnote: [1;39m'reduce(into:_:)' produces '(RoundedRectangularShapeCorners.AnimatableData, _) -> RoundedRectangularShapeCorners.AnimatableData', not the expected contextual result type 'Double'[0;0m
  [0;36m|[0;0m                        |- [1;39mnote: [1;39m'reduce(into:_:)' produces '(EmptyAnimatableData, _) -> EmptyAnimatableData', not the expected contextual result type 'Double'[0;0m
  [0;36m|[0;0m                        |- [1;39mnote: [1;39m'reduce(into:_:)' produces '(Edge.Corner.Style.AnimatableData, _) -> Edge.Corner.Style.AnimatableData', not the expected contextual result type 'Double'[0;0m
  [0;36m|[0;0m                        |- [1;39mnote: [1;39m'reduce(into:_:)' produces '(Measurement<Dimension>, _) -> Measurement<Dimension>', not the expected contextual result type 'Double'[0;0m
  [0;36m|[0;0m                        `- [1;39mnote: [1;39m'reduce(into:_:)' produces '(Measurement<Unit>, _) -> Measurement<Unit>', not the expected contextual result type 'Double'[0;0m
[0;36m3 |[0;0m 

/Users/danielstevens/github-projects/tools-automation/MomentumFinance/Shared/Features/Transactions/AddTransactionView.swift:43:26: [1;31merror: [1;39mtrailing closure passed to parameter of type 'Visibility' that does not accept a closure[0;0m
 [0;36m41 |[0;0m                     .navigationBarTitleDisplayMode(.inline)
 [0;36m42 |[0;0m                 #endif
 [0;36m43 |[0;0m                 .toolbar [4;39m{[0;0m
    [0;36m|[0;0m                          `- [1;31merror: [1;39mtrailing closure passed to parameter of type 'Visibility' that does not accept a closure[0;0m
 [0;36m44 |[0;0m                     #if canImport(UIKit)
 [0;36m45 |[0;0m                         ToolbarItem(placement: .navigationBarLeading) {

SwiftUI.View.toolbar:6:27: [1;39mnote: [1;39m'toolbar(_:for:)' declared here[0;0m
[0;36m4 |[0;0m   @available(tvOS, introduced: 16.0, deprecated: 100000.0, renamed: "toolbarVisibility(_:for:)")
[0;36m5 |[0;0m   @available(watchOS, introduced: 9.0, deprecated: 100000.0, renamed: "toolbarVisibility(_:for:)")
[0;36m6 |[0;0m   nonisolated public func toolbar(_ visibility: Visibility, for bars: ToolbarPlacement...) -> some View
  [0;36m|[0;0m                           `- [1;39mnote: [1;39m'toolbar(_:for:)' declared here[0;0m
[0;36m7 |[0;0m   }
[0;36m8 |[0;0m 

/Users/danielstevens/github-projects/tools-automation/MomentumFinance/Shared/Features/Transactions/AddTransactionView.swift:85:22: [1;33mwarning: [1;39m'onChange(of:perform:)' was deprecated in macOS 14.0: Use `onChange` with a two or zero parameter action closure instead.[0;0m [#]8;;https://docs.swift.org/compiler/documentation/diagnostics/deprecated-declaration\DeprecatedDeclaration]8;;\]
 [0;36m83 |[0;0m             Section(header: Text("Transaction Details")) {
 [0;36m84 |[0;0m                 TextField("Title", text: self.$title)
 [0;36m85 |[0;0m                     .onChange(of: self.title) { _ in
    [0;36m|[0;0m                      `- [1;33mwarning: [1;39m'onChange(of:perform:)' was deprecated in macOS 14.0: Use `onChange` with a two or zero parameter action closure instead.[0;0m [#]8;;https://docs.swift.org/compiler/documentation/diagnostics/deprecated-declaration\DeprecatedDeclaration]8;;\]
 [0;36m86 |[0;0m                         self.handleTitleChange()
 [0;36m87 |[0;0m                     }

[#DeprecatedDeclaration]: <https://docs.swift.org/compiler/documentation/diagnostics/deprecated-declaration>
[75/148] Compiling Shared SearchAndFilterSection.swift
/Users/danielstevens/github-projects/tools-automation/MomentumFinance/Shared/Features/Subscriptions/SubscriptionManagementViews.swift:109:67: [1;31merror: [1;39mexpected ',' separator[0;0m
[0;36m107 |[0;0m                     Section(header: Text("Notes")) {
[0;36m108 |[0;0m                         TextField(
[0;36m109 |[0;0m                             "Notes (optional).accessibilityLabel("Text Field")",
    [0;36m|[0;0m                                                                   `- [1;31merror: [1;39mexpected ',' separator[0;0m
[0;36m110 |[0;0m                             text: self.$notes,
[0;36m111 |[0;0m                             axis: .vertical

/Users/danielstevens/github-projects/tools-automation/MomentumFinance/Shared/Features/NotificationsView.swift:23:9: [1;31merror: [1;39mproperty 'body' must be declared public because it matches a requirement in public protocol 'View'[0;0m
 [0;36m21 |[0;0m     @State private var isLoading = true
 [0;36m22 |[0;0m 
 [0;36m23 |[0;0m     var body: some View {
    [0;36m|[0;0m         |- [1;31merror: [1;39mproperty 'body' must be declared public because it matches a requirement in public protocol 'View'[0;0m
    [0;36m|[0;0m         `- [1;39mnote: [1;39mmark the property as 'public' to satisfy the requirement[0;0m
 [0;36m24 |[0;0m         NavigationView {
 [0;36m25 |[0;0m             VStack(spacing: 0) {

/Users/danielstevens/github-projects/tools-automation/MomentumFinance/Shared/Features/NotificationsView.swift:266:16: [1;31merror: [1;39mmissing argument for parameter #1 in call[0;0m
[0;36m264 |[0;0m     public var body: some View {
[0;36m265 |[0;0m 
[0;36m266 |[0;0m         Button(action: self.action).accessibilityLabel("Button") {
    [0;36m|[0;0m                `- [1;31merror: [1;39mmissing argument for parameter #1 in call[0;0m
[0;36m267 |[0;0m             HStack(spacing: 8) {
[0;36m268 |[0;0m                 Image(systemName: self.filter.icon)

SwiftUI.Button.init:2:36: [1;39mnote: [1;39m'init(_:action:)' declared here[0;0m
[0;36m1 |[0;0m generic struct Button {
[0;36m2 |[0;0m @preconcurrency nonisolated public init(_ titleKey: LocalizedStringKey, action: @escaping @MainActor () -> Void)}
  [0;36m|[0;0m                                    `- [1;39mnote: [1;39m'init(_:action:)' declared here[0;0m
[0;36m3 |[0;0m 

/Users/danielstevens/github-projects/tools-automation/MomentumFinance/Shared/Features/NotificationsView.swift:266:66: [1;31merror: [1;39mtype '_' cannot be used as a boolean; test for '!= 0' instead[0;0m
[0;36m264 |[0;0m     public var body: some View {
[0;36m265 |[0;0m 
[0;36m266 |[0;0m         Button(action: self.action).accessibilityLabel("Button") {
    [0;36m|[0;0m                                                                  `- [1;31merror: [1;39mtype '_' cannot be used as a boolean; test for '!= 0' instead[0;0m
[0;36m267 |[0;0m             HStack(spacing: 8) {
[0;36m268 |[0;0m                 Image(systemName: self.filter.icon)

/Users/danielstevens/github-projects/tools-automation/MomentumFinance/Shared/Features/Subscriptions/SubscriptionDetailView.swift:240:13: [1;31merror: [1;39mswitch must be exhaustive[0;0m
[0;36m238 |[0;0m 
[0;36m239 |[0;0m         private func billingFrequencyText(_ cycle: BillingCycle) -> String {
[0;36m240 |[0;0m             switch cycle {
    [0;36m|[0;0m             |- [1;31merror: [1;39mswitch must be exhaustive[0;0m
    [0;36m|[0;0m             |- [1;39mnote: [1;39madd missing case: '.daily'[0;0m
    [0;36m|[0;0m             |- [1;39mnote: [1;39madd missing case: '.quarterly'[0;0m
    [0;36m|[0;0m             `- [1;39mnote: [1;39madd missing cases[0;0m
[0;36m241 |[0;0m             case .weekly:
[0;36m242 |[0;0m                 "Billed Weekly"

/Users/danielstevens/github-projects/tools-automation/MomentumFinance/Shared/Features/Subscriptions/SubscriptionManagementViews.swift:108:34: [1;31merror: [1;39mincorrect argument labels in call (have '_:_:text:axis:', expected '_:text:prompt:axis:')[0;0m
[0;36m106 |[0;0m 
[0;36m107 |[0;0m                     Section(header: Text("Notes")) {
[0;36m108 |[0;0m                         TextField(
    [0;36m|[0;0m                                  `- [1;31merror: [1;39mincorrect argument labels in call (have '_:_:text:axis:', expected '_:text:prompt:axis:')[0;0m
[0;36m109 |[0;0m                             "Notes (optional).accessibilityLabel("Text Field")",
[0;36m110 |[0;0m                             text: self.$notes,

/Users/danielstevens/github-projects/tools-automation/MomentumFinance/Shared/Features/Subscriptions/SubscriptionManagementViews.swift:109:67: [1;31merror: [1;39mcannot convert value of type 'Text.Type' to expected argument type 'Text'[0;0m
[0;36m107 |[0;0m                     Section(header: Text("Notes")) {
[0;36m108 |[0;0m                         TextField(
[0;36m109 |[0;0m                             "Notes (optional).accessibilityLabel("Text Field")",
    [0;36m|[0;0m                                                                   `- [1;31merror: [1;39mcannot convert value of type 'Text.Type' to expected argument type 'Text'[0;0m
[0;36m110 |[0;0m                             text: self.$notes,
[0;36m111 |[0;0m                             axis: .vertical

/Users/danielstevens/github-projects/tools-automation/MomentumFinance/Shared/Features/Subscriptions/SubscriptionManagementViews.swift:139:40: [1;31merror: [1;39mcannot convert value of type 'String' to expected argument type 'PrimitiveButtonStyleConfiguration'[0;0m
[0;36m137 |[0;0m                         #else
[0;36m138 |[0;0m                             ToolbarItem(placement: .cancellationAction) {
[0;36m139 |[0;0m                                 Button("Cancel").accessibilityLabel("Button") {
    [0;36m|[0;0m                                        `- [1;31merror: [1;39mcannot convert value of type 'String' to expected argument type 'PrimitiveButtonStyleConfiguration'[0;0m
[0;36m140 |[0;0m                                     self.dismiss()
[0;36m141 |[0;0m                                 }

/Users/danielstevens/github-projects/tools-automation/MomentumFinance/Shared/Features/Subscriptions/SubscriptionManagementViews.swift:139:79: [1;31merror: [1;39mtype '_' cannot be used as a boolean; test for '!= 0' instead[0;0m
[0;36m137 |[0;0m                         #else
[0;36m138 |[0;0m                             ToolbarItem(placement: .cancellationAction) {
[0;36m139 |[0;0m                                 Button("Cancel").accessibilityLabel("Button") {
    [0;36m|[0;0m                                                                               `- [1;31merror: [1;39mtype '_' cannot be used as a boolean; test for '!= 0' instead[0;0m
[0;36m140 |[0;0m                                     self.dismiss()
[0;36m141 |[0;0m                                 }

/Users/danielstevens/github-projects/tools-automation/MomentumFinance/Shared/Features/Subscriptions/SubscriptionSummaryViews.swift:38:38: [1;31merror: [1;39mmissing argument label 'into:' in call[0;0m
 [0;36m36 |[0;0m 
 [0;36m37 |[0;0m         private var monthlyTotal: Double {
 [0;36m38 |[0;0m             self.subscriptions.reduce(0) { total, subscription in
    [0;36m|[0;0m                                      `- [1;31merror: [1;39mmissing argument label 'into:' in call[0;0m
 [0;36m39 |[0;0m                 total + subscription.monthlyEquivalent
 [0;36m40 |[0;0m             }

/Users/danielstevens/github-projects/tools-automation/MomentumFinance/Shared/Features/Subscriptions/SubscriptionSummaryViews.swift:38:32: [1;31merror: [1;39mno 'reduce' candidates produce the expected contextual result type 'Double'[0;0m
 [0;36m36 |[0;0m 
 [0;36m37 |[0;0m         private var monthlyTotal: Double {
 [0;36m38 |[0;0m             self.subscriptions.reduce(0) { total, subscription in
    [0;36m|[0;0m                                `- [1;31merror: [1;39mno 'reduce' candidates produce the expected contextual result type 'Double'[0;0m
 [0;36m39 |[0;0m                 total + subscription.monthlyEquivalent
 [0;36m40 |[0;0m             }

Swift.Sequence.reduce:2:24: [1;39mnote: [1;39m'reduce(into:_:)' produces '(String, _) -> String', not the expected contextual result type 'Double'[0;0m
[0;36m1 |[0;0m protocol Sequence {
[0;36m2 |[0;0m @inlinable public func reduce<Result>(into initialResult: __owned Result, _ updateAccumulatingResult: (_ partialResult: inout Result, Self.Element) throws -> ()) rethrows -> Result}
  [0;36m|[0;0m                        |- [1;39mnote: [1;39m'reduce(into:_:)' produces '(String, _) -> String', not the expected contextual result type 'Double'[0;0m
  [0;36m|[0;0m                        |- [1;39mnote: [1;39m'reduce(into:_:)' produces '(Duration, _) -> Duration', not the expected contextual result type 'Double'[0;0m
  [0;36m|[0;0m                        |- [1;39mnote: [1;39m'reduce(into:_:)' produces '(Int128, _) -> Int128', not the expected contextual result type 'Double'[0;0m
  [0;36m|[0;0m                        |- [1;39mnote: [1;39m'reduce(into:_:)' produces '(UInt128, _) -> UInt128', not the expected contextual result type 'Double'[0;0m
  [0;36m|[0;0m                        |- [1;39mnote: [1;39m'reduce(into:_:)' produces '(Float16, _) -> Float16', not the expected contextual result type 'Double'[0;0m
  [0;36m|[0;0m                        |- [1;39mnote: [1;39m'reduce(into:_:)' produces '(Float, _) -> Float', not the expected contextual result type 'Double'[0;0m
  [0;36m|[0;0m                        |- [1;39mnote: [1;39m'reduce(into:_:)' produces '(Double, _) -> Double', not the expected contextual result type 'Double'[0;0m
  [0;36m|[0;0m                        |- [1;39mnote: [1;39m'reduce(into:_:)' produces '(UInt8, _) -> UInt8', not the expected contextual result type 'Double'[0;0m
  [0;36m|[0;0m                        |- [1;39mnote: [1;39m'reduce(into:_:)' produces '(Int8, _) -> Int8', not the expected contextual result type 'Double'[0;0m
  [0;36m|[0;0m                        |- [1;39mnote: [1;39m'reduce(into:_:)' produces '(UInt16, _) -> UInt16', not the expected contextual result type 'Double'[0;0m
  [0;36m|[0;0m                        |- [1;39mnote: [1;39m'reduce(into:_:)' produces '(Int16, _) -> Int16', not the expected contextual result type 'Double'[0;0m
  [0;36m|[0;0m                        |- [1;39mnote: [1;39m'reduce(into:_:)' produces '(UInt32, _) -> UInt32', not the expected contextual result type 'Double'[0;0m
  [0;36m|[0;0m                        |- [1;39mnote: [1;39m'reduce(into:_:)' produces '(Int32, _) -> Int32', not the expected contextual result type 'Double'[0;0m
  [0;36m|[0;0m                        |- [1;39mnote: [1;39m'reduce(into:_:)' produces '(UInt64, _) -> UInt64', not the expected contextual result type 'Double'[0;0m
  [0;36m|[0;0m                        |- [1;39mnote: [1;39m'reduce(into:_:)' produces '(Int64, _) -> Int64', not the expected contextual result type 'Double'[0;0m
  [0;36m|[0;0m                        |- [1;39mnote: [1;39m'reduce(into:_:)' produces '(UInt, _) -> UInt', not the expected contextual result type 'Double'[0;0m
  [0;36m|[0;0m                        |- [1;39mnote: [1;39m'reduce(into:_:)' produces '(Int, _) -> Int', not the expected contextual result type 'Double'[0;0m
  [0;36m|[0;0m                        |- [1;39mnote: [1;39m'reduce(into:_:)' produces '(ContinuousClock.Instant, _) -> ContinuousClock.Instant', not the expected contextual result type 'Double'[0;0m
  [0;36m|[0;0m                        |- [1;39mnote: [1;39m'reduce(into:_:)' produces '(SuspendingClock.Instant, _) -> SuspendingClock.Instant', not the expected contextual result type 'Double'[0;0m
  [0;36m|[0;0m                        |- [1;39mnote: [1;39m'reduce(into:_:)' produces '(DispatchTime, _) -> DispatchTime', not the expected contextual result type 'Double'[0;0m
  [0;36m|[0;0m                        |- [1;39mnote: [1;39m'reduce(into:_:)' produces '(DispatchTime, _) -> DispatchTime', not the expected contextual result type 'Double'[0;0m
  [0;36m|[0;0m                        |- [1;39mnote: [1;39m'reduce(into:_:)' produces '(DispatchWallTime, _) -> DispatchWallTime', not the expected contextual result type 'Double'[0;0m
  [0;36m|[0;0m                        |- [1;39mnote: [1;39m'reduce(into:_:)' produces '(DispatchWallTime, _) -> DispatchWallTime', not the expected contextual result type 'Double'[0;0m
  [0;36m|[0;0m                        |- [1;39mnote: [1;39m'reduce(into:_:)' produces '(DispatchQueue.SchedulerTimeType.Stride, _) -> DispatchQueue.SchedulerTimeType.Stride', not the expected contextual result type 'Double'[0;0m
  [0;36m|[0;0m                        |- [1;39mnote: [1;39m'reduce(into:_:)' produces '(CGFloat, _) -> CGFloat', not the expected contextual result type 'Double'[0;0m
  [0;36m|[0;0m                        |- [1;39mnote: [1;39m'reduce(into:_:)' produces '(RunLoop.SchedulerTimeType.Stride, _) -> RunLoop.SchedulerTimeType.Stride', not the expected contextual result type 'Double'[0;0m
  [0;36m|[0;0m                        |- [1;39mnote: [1;39m'reduce(into:_:)' produces '(AttributedString, _) -> AttributedString', not the expected contextual result type 'Double'[0;0m
  [0;36m|[0;0m                        |- [1;39mnote: [1;39m'reduce(into:_:)' produces '(Decimal, _) -> Decimal', not the expected contextual result type 'Double'[0;0m
  [0;36m|[0;0m                        |- [1;39mnote: [1;39m'reduce(into:_:)' produces '(Date, _) -> Date', not the expected contextual result type 'Double'[0;0m
  [0;36m|[0;0m                        |- [1;39mnote: [1;39m'reduce(into:_:)' produces '(IndexPath, _) -> IndexPath', not the expected contextual result type 'Double'[0;0m
  [0;36m|[0;0m                        |- [1;39mnote: [1;39m'reduce(into:_:)' produces '(OperationQueue.SchedulerTimeType.Stride, _) -> OperationQueue.SchedulerTimeType.Stride', not the expected contextual result type 'Double'[0;0m
  [0;36m|[0;0m                        |- [1;39mnote: [1;39m'reduce(into:_:)' produces '(_AnyAnimatableData, _) -> _AnyAnimatableData', not the expected contextual result type 'Double'[0;0m
  [0;36m|[0;0m                        |- [1;39mnote: [1;39m'reduce(into:_:)' produces '(Color.ResolvedHDR._Animatable, _) -> Color.ResolvedHDR._Animatable', not the expected contextual result type 'Double'[0;0m
  [0;36m|[0;0m                        |- [1;39mnote: [1;39m'reduce(into:_:)' produces '(Text, _) -> Text', not the expected contextual result type 'Double'[0;0m
  [0;36m|[0;0m                        |- [1;39mnote: [1;39m'reduce(into:_:)' produces '(ConcentricRectangle.AnimatableData, _) -> ConcentricRectangle.AnimatableData', not the expected contextual result type 'Double'[0;0m
  [0;36m|[0;0m                        |- [1;39mnote: [1;39m'reduce(into:_:)' produces '(RoundedRectangularShapeCorners.AnimatableData, _) -> RoundedRectangularShapeCorners.AnimatableData', not the expected contextual result type 'Double'[0;0m
  [0;36m|[0;0m                        |- [1;39mnote: [1;39m'reduce(into:_:)' produces '(EmptyAnimatableData, _) -> EmptyAnimatableData', not the expected contextual result type 'Double'[0;0m
  [0;36m|[0;0m                        |- [1;39mnote: [1;39m'reduce(into:_:)' produces '(Edge.Corner.Style.AnimatableData, _) -> Edge.Corner.Style.AnimatableData', not the expected contextual result type 'Double'[0;0m
  [0;36m|[0;0m                        |- [1;39mnote: [1;39m'reduce(into:_:)' produces '(Measurement<Dimension>, _) -> Measurement<Dimension>', not the expected contextual result type 'Double'[0;0m
  [0;36m|[0;0m                        `- [1;39mnote: [1;39m'reduce(into:_:)' produces '(Measurement<Unit>, _) -> Measurement<Unit>', not the expected contextual result type 'Double'[0;0m
[0;36m3 |[0;0m 

/Users/danielstevens/github-projects/tools-automation/MomentumFinance/Shared/Features/Subscriptions/SubscriptionSummaryViews.swift:203:38: [1;31merror: [1;39mmissing argument label 'into:' in call[0;0m
[0;36m201 |[0;0m 
[0;36m202 |[0;0m         private var monthlyTotal: Double {
[0;36m203 |[0;0m             self.subscriptions.reduce(0) { total, subscription in
    [0;36m|[0;0m                                      `- [1;31merror: [1;39mmissing argument label 'into:' in call[0;0m
[0;36m204 |[0;0m                 total + subscription.monthlyEquivalent
[0;36m205 |[0;0m             }

/Users/danielstevens/github-projects/tools-automation/MomentumFinance/Shared/Features/Subscriptions/SubscriptionSummaryViews.swift:203:32: [1;31merror: [1;39mno 'reduce' candidates produce the expected contextual result type 'Double'[0;0m
[0;36m201 |[0;0m 
[0;36m202 |[0;0m         private var monthlyTotal: Double {
[0;36m203 |[0;0m             self.subscriptions.reduce(0) { total, subscription in
    [0;36m|[0;0m                                `- [1;31merror: [1;39mno 'reduce' candidates produce the expected contextual result type 'Double'[0;0m
[0;36m204 |[0;0m                 total + subscription.monthlyEquivalent
[0;36m205 |[0;0m             }

Swift.Sequence.reduce:2:24: [1;39mnote: [1;39m'reduce(into:_:)' produces '(String, _) -> String', not the expected contextual result type 'Double'[0;0m
[0;36m1 |[0;0m protocol Sequence {
[0;36m2 |[0;0m @inlinable public func reduce<Result>(into initialResult: __owned Result, _ updateAccumulatingResult: (_ partialResult: inout Result, Self.Element) throws -> ()) rethrows -> Result}
  [0;36m|[0;0m                        |- [1;39mnote: [1;39m'reduce(into:_:)' produces '(String, _) -> String', not the expected contextual result type 'Double'[0;0m
  [0;36m|[0;0m                        |- [1;39mnote: [1;39m'reduce(into:_:)' produces '(Duration, _) -> Duration', not the expected contextual result type 'Double'[0;0m
  [0;36m|[0;0m                        |- [1;39mnote: [1;39m'reduce(into:_:)' produces '(Int128, _) -> Int128', not the expected contextual result type 'Double'[0;0m
  [0;36m|[0;0m                        |- [1;39mnote: [1;39m'reduce(into:_:)' produces '(UInt128, _) -> UInt128', not the expected contextual result type 'Double'[0;0m
  [0;36m|[0;0m                        |- [1;39mnote: [1;39m'reduce(into:_:)' produces '(Float16, _) -> Float16', not the expected contextual result type 'Double'[0;0m
  [0;36m|[0;0m                        |- [1;39mnote: [1;39m'reduce(into:_:)' produces '(Float, _) -> Float', not the expected contextual result type 'Double'[0;0m
  [0;36m|[0;0m                        |- [1;39mnote: [1;39m'reduce(into:_:)' produces '(Double, _) -> Double', not the expected contextual result type 'Double'[0;0m
  [0;36m|[0;0m                        |- [1;39mnote: [1;39m'reduce(into:_:)' produces '(UInt8, _) -> UInt8', not the expected contextual result type 'Double'[0;0m
  [0;36m|[0;0m                        |- [1;39mnote: [1;39m'reduce(into:_:)' produces '(Int8, _) -> Int8', not the expected contextual result type 'Double'[0;0m
  [0;36m|[0;0m                        |- [1;39mnote: [1;39m'reduce(into:_:)' produces '(UInt16, _) -> UInt16', not the expected contextual result type 'Double'[0;0m
  [0;36m|[0;0m                        |- [1;39mnote: [1;39m'reduce(into:_:)' produces '(Int16, _) -> Int16', not the expected contextual result type 'Double'[0;0m
  [0;36m|[0;0m                        |- [1;39mnote: [1;39m'reduce(into:_:)' produces '(UInt32, _) -> UInt32', not the expected contextual result type 'Double'[0;0m
  [0;36m|[0;0m                        |- [1;39mnote: [1;39m'reduce(into:_:)' produces '(Int32, _) -> Int32', not the expected contextual result type 'Double'[0;0m
  [0;36m|[0;0m                        |- [1;39mnote: [1;39m'reduce(into:_:)' produces '(UInt64, _) -> UInt64', not the expected contextual result type 'Double'[0;0m
  [0;36m|[0;0m                        |- [1;39mnote: [1;39m'reduce(into:_:)' produces '(Int64, _) -> Int64', not the expected contextual result type 'Double'[0;0m
  [0;36m|[0;0m                        |- [1;39mnote: [1;39m'reduce(into:_:)' produces '(UInt, _) -> UInt', not the expected contextual result type 'Double'[0;0m
  [0;36m|[0;0m                        |- [1;39mnote: [1;39m'reduce(into:_:)' produces '(Int, _) -> Int', not the expected contextual result type 'Double'[0;0m
  [0;36m|[0;0m                        |- [1;39mnote: [1;39m'reduce(into:_:)' produces '(ContinuousClock.Instant, _) -> ContinuousClock.Instant', not the expected contextual result type 'Double'[0;0m
  [0;36m|[0;0m                        |- [1;39mnote: [1;39m'reduce(into:_:)' produces '(SuspendingClock.Instant, _) -> SuspendingClock.Instant', not the expected contextual result type 'Double'[0;0m
  [0;36m|[0;0m                        |- [1;39mnote: [1;39m'reduce(into:_:)' produces '(DispatchTime, _) -> DispatchTime', not the expected contextual result type 'Double'[0;0m
  [0;36m|[0;0m                        |- [1;39mnote: [1;39m'reduce(into:_:)' produces '(DispatchTime, _) -> DispatchTime', not the expected contextual result type 'Double'[0;0m
  [0;36m|[0;0m                        |- [1;39mnote: [1;39m'reduce(into:_:)' produces '(DispatchWallTime, _) -> DispatchWallTime', not the expected contextual result type 'Double'[0;0m
  [0;36m|[0;0m                        |- [1;39mnote: [1;39m'reduce(into:_:)' produces '(DispatchWallTime, _) -> DispatchWallTime', not the expected contextual result type 'Double'[0;0m
  [0;36m|[0;0m                        |- [1;39mnote: [1;39m'reduce(into:_:)' produces '(DispatchQueue.SchedulerTimeType.Stride, _) -> DispatchQueue.SchedulerTimeType.Stride', not the expected contextual result type 'Double'[0;0m
  [0;36m|[0;0m                        |- [1;39mnote: [1;39m'reduce(into:_:)' produces '(CGFloat, _) -> CGFloat', not the expected contextual result type 'Double'[0;0m
  [0;36m|[0;0m                        |- [1;39mnote: [1;39m'reduce(into:_:)' produces '(RunLoop.SchedulerTimeType.Stride, _) -> RunLoop.SchedulerTimeType.Stride', not the expected contextual result type 'Double'[0;0m
  [0;36m|[0;0m                        |- [1;39mnote: [1;39m'reduce(into:_:)' produces '(AttributedString, _) -> AttributedString', not the expected contextual result type 'Double'[0;0m
  [0;36m|[0;0m                        |- [1;39mnote: [1;39m'reduce(into:_:)' produces '(Decimal, _) -> Decimal', not the expected contextual result type 'Double'[0;0m
  [0;36m|[0;0m                        |- [1;39mnote: [1;39m'reduce(into:_:)' produces '(Date, _) -> Date', not the expected contextual result type 'Double'[0;0m
  [0;36m|[0;0m                        |- [1;39mnote: [1;39m'reduce(into:_:)' produces '(IndexPath, _) -> IndexPath', not the expected contextual result type 'Double'[0;0m
  [0;36m|[0;0m                        |- [1;39mnote: [1;39m'reduce(into:_:)' produces '(OperationQueue.SchedulerTimeType.Stride, _) -> OperationQueue.SchedulerTimeType.Stride', not the expected contextual result type 'Double'[0;0m
  [0;36m|[0;0m                        |- [1;39mnote: [1;39m'reduce(into:_:)' produces '(_AnyAnimatableData, _) -> _AnyAnimatableData', not the expected contextual result type 'Double'[0;0m
  [0;36m|[0;0m                        |- [1;39mnote: [1;39m'reduce(into:_:)' produces '(Color.ResolvedHDR._Animatable, _) -> Color.ResolvedHDR._Animatable', not the expected contextual result type 'Double'[0;0m
  [0;36m|[0;0m                        |- [1;39mnote: [1;39m'reduce(into:_:)' produces '(Text, _) -> Text', not the expected contextual result type 'Double'[0;0m
  [0;36m|[0;0m                        |- [1;39mnote: [1;39m'reduce(into:_:)' produces '(ConcentricRectangle.AnimatableData, _) -> ConcentricRectangle.AnimatableData', not the expected contextual result type 'Double'[0;0m
  [0;36m|[0;0m                        |- [1;39mnote: [1;39m'reduce(into:_:)' produces '(RoundedRectangularShapeCorners.AnimatableData, _) -> RoundedRectangularShapeCorners.AnimatableData', not the expected contextual result type 'Double'[0;0m
  [0;36m|[0;0m                        |- [1;39mnote: [1;39m'reduce(into:_:)' produces '(EmptyAnimatableData, _) -> EmptyAnimatableData', not the expected contextual result type 'Double'[0;0m
  [0;36m|[0;0m                        |- [1;39mnote: [1;39m'reduce(into:_:)' produces '(Edge.Corner.Style.AnimatableData, _) -> Edge.Corner.Style.AnimatableData', not the expected contextual result type 'Double'[0;0m
  [0;36m|[0;0m                        |- [1;39mnote: [1;39m'reduce(into:_:)' produces '(Measurement<Dimension>, _) -> Measurement<Dimension>', not the expected contextual result type 'Double'[0;0m
  [0;36m|[0;0m                        `- [1;39mnote: [1;39m'reduce(into:_:)' produces '(Measurement<Unit>, _) -> Measurement<Unit>', not the expected contextual result type 'Double'[0;0m
[0;36m3 |[0;0m 

/Users/danielstevens/github-projects/tools-automation/MomentumFinance/Shared/Features/Transactions/AddTransactionView.swift:43:26: [1;31merror: [1;39mtrailing closure passed to parameter of type 'Visibility' that does not accept a closure[0;0m
 [0;36m41 |[0;0m                     .navigationBarTitleDisplayMode(.inline)
 [0;36m42 |[0;0m                 #endif
 [0;36m43 |[0;0m                 .toolbar [4;39m{[0;0m
    [0;36m|[0;0m                          `- [1;31merror: [1;39mtrailing closure passed to parameter of type 'Visibility' that does not accept a closure[0;0m
 [0;36m44 |[0;0m                     #if canImport(UIKit)
 [0;36m45 |[0;0m                         ToolbarItem(placement: .navigationBarLeading) {

SwiftUI.View.toolbar:6:27: [1;39mnote: [1;39m'toolbar(_:for:)' declared here[0;0m
[0;36m4 |[0;0m   @available(tvOS, introduced: 16.0, deprecated: 100000.0, renamed: "toolbarVisibility(_:for:)")
[0;36m5 |[0;0m   @available(watchOS, introduced: 9.0, deprecated: 100000.0, renamed: "toolbarVisibility(_:for:)")
[0;36m6 |[0;0m   nonisolated public func toolbar(_ visibility: Visibility, for bars: ToolbarPlacement...) -> some View
  [0;36m|[0;0m                           `- [1;39mnote: [1;39m'toolbar(_:for:)' declared here[0;0m
[0;36m7 |[0;0m   }
[0;36m8 |[0;0m 

/Users/danielstevens/github-projects/tools-automation/MomentumFinance/Shared/Features/Transactions/AddTransactionView.swift:85:22: [1;33mwarning: [1;39m'onChange(of:perform:)' was deprecated in macOS 14.0: Use `onChange` with a two or zero parameter action closure instead.[0;0m [#]8;;https://docs.swift.org/compiler/documentation/diagnostics/deprecated-declaration\DeprecatedDeclaration]8;;\]
 [0;36m83 |[0;0m             Section(header: Text("Transaction Details")) {
 [0;36m84 |[0;0m                 TextField("Title", text: self.$title)
 [0;36m85 |[0;0m                     .onChange(of: self.title) { _ in
    [0;36m|[0;0m                      `- [1;33mwarning: [1;39m'onChange(of:perform:)' was deprecated in macOS 14.0: Use `onChange` with a two or zero parameter action closure instead.[0;0m [#]8;;https://docs.swift.org/compiler/documentation/diagnostics/deprecated-declaration\DeprecatedDeclaration]8;;\]
 [0;36m86 |[0;0m                         self.handleTitleChange()
 [0;36m87 |[0;0m                     }

[#DeprecatedDeclaration]: <https://docs.swift.org/compiler/documentation/diagnostics/deprecated-declaration>
[76/148] Compiling Shared SimpleTransactionRow.swift
/Users/danielstevens/github-projects/tools-automation/MomentumFinance/Shared/Features/Subscriptions/SubscriptionManagementViews.swift:109:67: [1;31merror: [1;39mexpected ',' separator[0;0m
[0;36m107 |[0;0m                     Section(header: Text("Notes")) {
[0;36m108 |[0;0m                         TextField(
[0;36m109 |[0;0m                             "Notes (optional).accessibilityLabel("Text Field")",
    [0;36m|[0;0m                                                                   `- [1;31merror: [1;39mexpected ',' separator[0;0m
[0;36m110 |[0;0m                             text: self.$notes,
[0;36m111 |[0;0m                             axis: .vertical

/Users/danielstevens/github-projects/tools-automation/MomentumFinance/Shared/Features/NotificationsView.swift:23:9: [1;31merror: [1;39mproperty 'body' must be declared public because it matches a requirement in public protocol 'View'[0;0m
 [0;36m21 |[0;0m     @State private var isLoading = true
 [0;36m22 |[0;0m 
 [0;36m23 |[0;0m     var body: some View {
    [0;36m|[0;0m         |- [1;31merror: [1;39mproperty 'body' must be declared public because it matches a requirement in public protocol 'View'[0;0m
    [0;36m|[0;0m         `- [1;39mnote: [1;39mmark the property as 'public' to satisfy the requirement[0;0m
 [0;36m24 |[0;0m         NavigationView {
 [0;36m25 |[0;0m             VStack(spacing: 0) {

/Users/danielstevens/github-projects/tools-automation/MomentumFinance/Shared/Features/NotificationsView.swift:266:16: [1;31merror: [1;39mmissing argument for parameter #1 in call[0;0m
[0;36m264 |[0;0m     public var body: some View {
[0;36m265 |[0;0m 
[0;36m266 |[0;0m         Button(action: self.action).accessibilityLabel("Button") {
    [0;36m|[0;0m                `- [1;31merror: [1;39mmissing argument for parameter #1 in call[0;0m
[0;36m267 |[0;0m             HStack(spacing: 8) {
[0;36m268 |[0;0m                 Image(systemName: self.filter.icon)

SwiftUI.Button.init:2:36: [1;39mnote: [1;39m'init(_:action:)' declared here[0;0m
[0;36m1 |[0;0m generic struct Button {
[0;36m2 |[0;0m @preconcurrency nonisolated public init(_ titleKey: LocalizedStringKey, action: @escaping @MainActor () -> Void)}
  [0;36m|[0;0m                                    `- [1;39mnote: [1;39m'init(_:action:)' declared here[0;0m
[0;36m3 |[0;0m 

/Users/danielstevens/github-projects/tools-automation/MomentumFinance/Shared/Features/NotificationsView.swift:266:66: [1;31merror: [1;39mtype '_' cannot be used as a boolean; test for '!= 0' instead[0;0m
[0;36m264 |[0;0m     public var body: some View {
[0;36m265 |[0;0m 
[0;36m266 |[0;0m         Button(action: self.action).accessibilityLabel("Button") {
    [0;36m|[0;0m                                                                  `- [1;31merror: [1;39mtype '_' cannot be used as a boolean; test for '!= 0' instead[0;0m
[0;36m267 |[0;0m             HStack(spacing: 8) {
[0;36m268 |[0;0m                 Image(systemName: self.filter.icon)

/Users/danielstevens/github-projects/tools-automation/MomentumFinance/Shared/Features/Subscriptions/SubscriptionDetailView.swift:240:13: [1;31merror: [1;39mswitch must be exhaustive[0;0m
[0;36m238 |[0;0m 
[0;36m239 |[0;0m         private func billingFrequencyText(_ cycle: BillingCycle) -> String {
[0;36m240 |[0;0m             switch cycle {
    [0;36m|[0;0m             |- [1;31merror: [1;39mswitch must be exhaustive[0;0m
    [0;36m|[0;0m             |- [1;39mnote: [1;39madd missing case: '.daily'[0;0m
    [0;36m|[0;0m             |- [1;39mnote: [1;39madd missing case: '.quarterly'[0;0m
    [0;36m|[0;0m             `- [1;39mnote: [1;39madd missing cases[0;0m
[0;36m241 |[0;0m             case .weekly:
[0;36m242 |[0;0m                 "Billed Weekly"

/Users/danielstevens/github-projects/tools-automation/MomentumFinance/Shared/Features/Subscriptions/SubscriptionManagementViews.swift:108:34: [1;31merror: [1;39mincorrect argument labels in call (have '_:_:text:axis:', expected '_:text:prompt:axis:')[0;0m
[0;36m106 |[0;0m 
[0;36m107 |[0;0m                     Section(header: Text("Notes")) {
[0;36m108 |[0;0m                         TextField(
    [0;36m|[0;0m                                  `- [1;31merror: [1;39mincorrect argument labels in call (have '_:_:text:axis:', expected '_:text:prompt:axis:')[0;0m
[0;36m109 |[0;0m                             "Notes (optional).accessibilityLabel("Text Field")",
[0;36m110 |[0;0m                             text: self.$notes,

/Users/danielstevens/github-projects/tools-automation/MomentumFinance/Shared/Features/Subscriptions/SubscriptionManagementViews.swift:109:67: [1;31merror: [1;39mcannot convert value of type 'Text.Type' to expected argument type 'Text'[0;0m
[0;36m107 |[0;0m                     Section(header: Text("Notes")) {
[0;36m108 |[0;0m                         TextField(
[0;36m109 |[0;0m                             "Notes (optional).accessibilityLabel("Text Field")",
    [0;36m|[0;0m                                                                   `- [1;31merror: [1;39mcannot convert value of type 'Text.Type' to expected argument type 'Text'[0;0m
[0;36m110 |[0;0m                             text: self.$notes,
[0;36m111 |[0;0m                             axis: .vertical

/Users/danielstevens/github-projects/tools-automation/MomentumFinance/Shared/Features/Subscriptions/SubscriptionManagementViews.swift:139:40: [1;31merror: [1;39mcannot convert value of type 'String' to expected argument type 'PrimitiveButtonStyleConfiguration'[0;0m
[0;36m137 |[0;0m                         #else
[0;36m138 |[0;0m                             ToolbarItem(placement: .cancellationAction) {
[0;36m139 |[0;0m                                 Button("Cancel").accessibilityLabel("Button") {
    [0;36m|[0;0m                                        `- [1;31merror: [1;39mcannot convert value of type 'String' to expected argument type 'PrimitiveButtonStyleConfiguration'[0;0m
[0;36m140 |[0;0m                                     self.dismiss()
[0;36m141 |[0;0m                                 }

/Users/danielstevens/github-projects/tools-automation/MomentumFinance/Shared/Features/Subscriptions/SubscriptionManagementViews.swift:139:79: [1;31merror: [1;39mtype '_' cannot be used as a boolean; test for '!= 0' instead[0;0m
[0;36m137 |[0;0m                         #else
[0;36m138 |[0;0m                             ToolbarItem(placement: .cancellationAction) {
[0;36m139 |[0;0m                                 Button("Cancel").accessibilityLabel("Button") {
    [0;36m|[0;0m                                                                               `- [1;31merror: [1;39mtype '_' cannot be used as a boolean; test for '!= 0' instead[0;0m
[0;36m140 |[0;0m                                     self.dismiss()
[0;36m141 |[0;0m                                 }

/Users/danielstevens/github-projects/tools-automation/MomentumFinance/Shared/Features/Subscriptions/SubscriptionSummaryViews.swift:38:38: [1;31merror: [1;39mmissing argument label 'into:' in call[0;0m
 [0;36m36 |[0;0m 
 [0;36m37 |[0;0m         private var monthlyTotal: Double {
 [0;36m38 |[0;0m             self.subscriptions.reduce(0) { total, subscription in
    [0;36m|[0;0m                                      `- [1;31merror: [1;39mmissing argument label 'into:' in call[0;0m
 [0;36m39 |[0;0m                 total + subscription.monthlyEquivalent
 [0;36m40 |[0;0m             }

/Users/danielstevens/github-projects/tools-automation/MomentumFinance/Shared/Features/Subscriptions/SubscriptionSummaryViews.swift:38:32: [1;31merror: [1;39mno 'reduce' candidates produce the expected contextual result type 'Double'[0;0m
 [0;36m36 |[0;0m 
 [0;36m37 |[0;0m         private var monthlyTotal: Double {
 [0;36m38 |[0;0m             self.subscriptions.reduce(0) { total, subscription in
    [0;36m|[0;0m                                `- [1;31merror: [1;39mno 'reduce' candidates produce the expected contextual result type 'Double'[0;0m
 [0;36m39 |[0;0m                 total + subscription.monthlyEquivalent
 [0;36m40 |[0;0m             }

Swift.Sequence.reduce:2:24: [1;39mnote: [1;39m'reduce(into:_:)' produces '(String, _) -> String', not the expected contextual result type 'Double'[0;0m
[0;36m1 |[0;0m protocol Sequence {
[0;36m2 |[0;0m @inlinable public func reduce<Result>(into initialResult: __owned Result, _ updateAccumulatingResult: (_ partialResult: inout Result, Self.Element) throws -> ()) rethrows -> Result}
  [0;36m|[0;0m                        |- [1;39mnote: [1;39m'reduce(into:_:)' produces '(String, _) -> String', not the expected contextual result type 'Double'[0;0m
  [0;36m|[0;0m                        |- [1;39mnote: [1;39m'reduce(into:_:)' produces '(Duration, _) -> Duration', not the expected contextual result type 'Double'[0;0m
  [0;36m|[0;0m                        |- [1;39mnote: [1;39m'reduce(into:_:)' produces '(Int128, _) -> Int128', not the expected contextual result type 'Double'[0;0m
  [0;36m|[0;0m                        |- [1;39mnote: [1;39m'reduce(into:_:)' produces '(UInt128, _) -> UInt128', not the expected contextual result type 'Double'[0;0m
  [0;36m|[0;0m                        |- [1;39mnote: [1;39m'reduce(into:_:)' produces '(Float16, _) -> Float16', not the expected contextual result type 'Double'[0;0m
  [0;36m|[0;0m                        |- [1;39mnote: [1;39m'reduce(into:_:)' produces '(Float, _) -> Float', not the expected contextual result type 'Double'[0;0m
  [0;36m|[0;0m                        |- [1;39mnote: [1;39m'reduce(into:_:)' produces '(Double, _) -> Double', not the expected contextual result type 'Double'[0;0m
  [0;36m|[0;0m                        |- [1;39mnote: [1;39m'reduce(into:_:)' produces '(UInt8, _) -> UInt8', not the expected contextual result type 'Double'[0;0m
  [0;36m|[0;0m                        |- [1;39mnote: [1;39m'reduce(into:_:)' produces '(Int8, _) -> Int8', not the expected contextual result type 'Double'[0;0m
  [0;36m|[0;0m                        |- [1;39mnote: [1;39m'reduce(into:_:)' produces '(UInt16, _) -> UInt16', not the expected contextual result type 'Double'[0;0m
  [0;36m|[0;0m                        |- [1;39mnote: [1;39m'reduce(into:_:)' produces '(Int16, _) -> Int16', not the expected contextual result type 'Double'[0;0m
  [0;36m|[0;0m                        |- [1;39mnote: [1;39m'reduce(into:_:)' produces '(UInt32, _) -> UInt32', not the expected contextual result type 'Double'[0;0m
  [0;36m|[0;0m                        |- [1;39mnote: [1;39m'reduce(into:_:)' produces '(Int32, _) -> Int32', not the expected contextual result type 'Double'[0;0m
  [0;36m|[0;0m                        |- [1;39mnote: [1;39m'reduce(into:_:)' produces '(UInt64, _) -> UInt64', not the expected contextual result type 'Double'[0;0m
  [0;36m|[0;0m                        |- [1;39mnote: [1;39m'reduce(into:_:)' produces '(Int64, _) -> Int64', not the expected contextual result type 'Double'[0;0m
  [0;36m|[0;0m                        |- [1;39mnote: [1;39m'reduce(into:_:)' produces '(UInt, _) -> UInt', not the expected contextual result type 'Double'[0;0m
  [0;36m|[0;0m                        |- [1;39mnote: [1;39m'reduce(into:_:)' produces '(Int, _) -> Int', not the expected contextual result type 'Double'[0;0m
  [0;36m|[0;0m                        |- [1;39mnote: [1;39m'reduce(into:_:)' produces '(ContinuousClock.Instant, _) -> ContinuousClock.Instant', not the expected contextual result type 'Double'[0;0m
  [0;36m|[0;0m                        |- [1;39mnote: [1;39m'reduce(into:_:)' produces '(SuspendingClock.Instant, _) -> SuspendingClock.Instant', not the expected contextual result type 'Double'[0;0m
  [0;36m|[0;0m                        |- [1;39mnote: [1;39m'reduce(into:_:)' produces '(DispatchTime, _) -> DispatchTime', not the expected contextual result type 'Double'[0;0m
  [0;36m|[0;0m                        |- [1;39mnote: [1;39m'reduce(into:_:)' produces '(DispatchTime, _) -> DispatchTime', not the expected contextual result type 'Double'[0;0m
  [0;36m|[0;0m                        |- [1;39mnote: [1;39m'reduce(into:_:)' produces '(DispatchWallTime, _) -> DispatchWallTime', not the expected contextual result type 'Double'[0;0m
  [0;36m|[0;0m                        |- [1;39mnote: [1;39m'reduce(into:_:)' produces '(DispatchWallTime, _) -> DispatchWallTime', not the expected contextual result type 'Double'[0;0m
  [0;36m|[0;0m                        |- [1;39mnote: [1;39m'reduce(into:_:)' produces '(DispatchQueue.SchedulerTimeType.Stride, _) -> DispatchQueue.SchedulerTimeType.Stride', not the expected contextual result type 'Double'[0;0m
  [0;36m|[0;0m                        |- [1;39mnote: [1;39m'reduce(into:_:)' produces '(CGFloat, _) -> CGFloat', not the expected contextual result type 'Double'[0;0m
  [0;36m|[0;0m                        |- [1;39mnote: [1;39m'reduce(into:_:)' produces '(RunLoop.SchedulerTimeType.Stride, _) -> RunLoop.SchedulerTimeType.Stride', not the expected contextual result type 'Double'[0;0m
  [0;36m|[0;0m                        |- [1;39mnote: [1;39m'reduce(into:_:)' produces '(AttributedString, _) -> AttributedString', not the expected contextual result type 'Double'[0;0m
  [0;36m|[0;0m                        |- [1;39mnote: [1;39m'reduce(into:_:)' produces '(Decimal, _) -> Decimal', not the expected contextual result type 'Double'[0;0m
  [0;36m|[0;0m                        |- [1;39mnote: [1;39m'reduce(into:_:)' produces '(Date, _) -> Date', not the expected contextual result type 'Double'[0;0m
  [0;36m|[0;0m                        |- [1;39mnote: [1;39m'reduce(into:_:)' produces '(IndexPath, _) -> IndexPath', not the expected contextual result type 'Double'[0;0m
  [0;36m|[0;0m                        |- [1;39mnote: [1;39m'reduce(into:_:)' produces '(OperationQueue.SchedulerTimeType.Stride, _) -> OperationQueue.SchedulerTimeType.Stride', not the expected contextual result type 'Double'[0;0m
  [0;36m|[0;0m                        |- [1;39mnote: [1;39m'reduce(into:_:)' produces '(_AnyAnimatableData, _) -> _AnyAnimatableData', not the expected contextual result type 'Double'[0;0m
  [0;36m|[0;0m                        |- [1;39mnote: [1;39m'reduce(into:_:)' produces '(Color.ResolvedHDR._Animatable, _) -> Color.ResolvedHDR._Animatable', not the expected contextual result type 'Double'[0;0m
  [0;36m|[0;0m                        |- [1;39mnote: [1;39m'reduce(into:_:)' produces '(Text, _) -> Text', not the expected contextual result type 'Double'[0;0m
  [0;36m|[0;0m                        |- [1;39mnote: [1;39m'reduce(into:_:)' produces '(ConcentricRectangle.AnimatableData, _) -> ConcentricRectangle.AnimatableData', not the expected contextual result type 'Double'[0;0m
  [0;36m|[0;0m                        |- [1;39mnote: [1;39m'reduce(into:_:)' produces '(RoundedRectangularShapeCorners.AnimatableData, _) -> RoundedRectangularShapeCorners.AnimatableData', not the expected contextual result type 'Double'[0;0m
  [0;36m|[0;0m                        |- [1;39mnote: [1;39m'reduce(into:_:)' produces '(EmptyAnimatableData, _) -> EmptyAnimatableData', not the expected contextual result type 'Double'[0;0m
  [0;36m|[0;0m                        |- [1;39mnote: [1;39m'reduce(into:_:)' produces '(Edge.Corner.Style.AnimatableData, _) -> Edge.Corner.Style.AnimatableData', not the expected contextual result type 'Double'[0;0m
  [0;36m|[0;0m                        |- [1;39mnote: [1;39m'reduce(into:_:)' produces '(Measurement<Dimension>, _) -> Measurement<Dimension>', not the expected contextual result type 'Double'[0;0m
  [0;36m|[0;0m                        `- [1;39mnote: [1;39m'reduce(into:_:)' produces '(Measurement<Unit>, _) -> Measurement<Unit>', not the expected contextual result type 'Double'[0;0m
[0;36m3 |[0;0m 

/Users/danielstevens/github-projects/tools-automation/MomentumFinance/Shared/Features/Subscriptions/SubscriptionSummaryViews.swift:203:38: [1;31merror: [1;39mmissing argument label 'into:' in call[0;0m
[0;36m201 |[0;0m 
[0;36m202 |[0;0m         private var monthlyTotal: Double {
[0;36m203 |[0;0m             self.subscriptions.reduce(0) { total, subscription in
    [0;36m|[0;0m                                      `- [1;31merror: [1;39mmissing argument label 'into:' in call[0;0m
[0;36m204 |[0;0m                 total + subscription.monthlyEquivalent
[0;36m205 |[0;0m             }

/Users/danielstevens/github-projects/tools-automation/MomentumFinance/Shared/Features/Subscriptions/SubscriptionSummaryViews.swift:203:32: [1;31merror: [1;39mno 'reduce' candidates produce the expected contextual result type 'Double'[0;0m
[0;36m201 |[0;0m 
[0;36m202 |[0;0m         private var monthlyTotal: Double {
[0;36m203 |[0;0m             self.subscriptions.reduce(0) { total, subscription in
    [0;36m|[0;0m                                `- [1;31merror: [1;39mno 'reduce' candidates produce the expected contextual result type 'Double'[0;0m
[0;36m204 |[0;0m                 total + subscription.monthlyEquivalent
[0;36m205 |[0;0m             }

Swift.Sequence.reduce:2:24: [1;39mnote: [1;39m'reduce(into:_:)' produces '(String, _) -> String', not the expected contextual result type 'Double'[0;0m
[0;36m1 |[0;0m protocol Sequence {
[0;36m2 |[0;0m @inlinable public func reduce<Result>(into initialResult: __owned Result, _ updateAccumulatingResult: (_ partialResult: inout Result, Self.Element) throws -> ()) rethrows -> Result}
  [0;36m|[0;0m                        |- [1;39mnote: [1;39m'reduce(into:_:)' produces '(String, _) -> String', not the expected contextual result type 'Double'[0;0m
  [0;36m|[0;0m                        |- [1;39mnote: [1;39m'reduce(into:_:)' produces '(Duration, _) -> Duration', not the expected contextual result type 'Double'[0;0m
  [0;36m|[0;0m                        |- [1;39mnote: [1;39m'reduce(into:_:)' produces '(Int128, _) -> Int128', not the expected contextual result type 'Double'[0;0m
  [0;36m|[0;0m                        |- [1;39mnote: [1;39m'reduce(into:_:)' produces '(UInt128, _) -> UInt128', not the expected contextual result type 'Double'[0;0m
  [0;36m|[0;0m                        |- [1;39mnote: [1;39m'reduce(into:_:)' produces '(Float16, _) -> Float16', not the expected contextual result type 'Double'[0;0m
  [0;36m|[0;0m                        |- [1;39mnote: [1;39m'reduce(into:_:)' produces '(Float, _) -> Float', not the expected contextual result type 'Double'[0;0m
  [0;36m|[0;0m                        |- [1;39mnote: [1;39m'reduce(into:_:)' produces '(Double, _) -> Double', not the expected contextual result type 'Double'[0;0m
  [0;36m|[0;0m                        |- [1;39mnote: [1;39m'reduce(into:_:)' produces '(UInt8, _) -> UInt8', not the expected contextual result type 'Double'[0;0m
  [0;36m|[0;0m                        |- [1;39mnote: [1;39m'reduce(into:_:)' produces '(Int8, _) -> Int8', not the expected contextual result type 'Double'[0;0m
  [0;36m|[0;0m                        |- [1;39mnote: [1;39m'reduce(into:_:)' produces '(UInt16, _) -> UInt16', not the expected contextual result type 'Double'[0;0m
  [0;36m|[0;0m                        |- [1;39mnote: [1;39m'reduce(into:_:)' produces '(Int16, _) -> Int16', not the expected contextual result type 'Double'[0;0m
  [0;36m|[0;0m                        |- [1;39mnote: [1;39m'reduce(into:_:)' produces '(UInt32, _) -> UInt32', not the expected contextual result type 'Double'[0;0m
  [0;36m|[0;0m                        |- [1;39mnote: [1;39m'reduce(into:_:)' produces '(Int32, _) -> Int32', not the expected contextual result type 'Double'[0;0m
  [0;36m|[0;0m                        |- [1;39mnote: [1;39m'reduce(into:_:)' produces '(UInt64, _) -> UInt64', not the expected contextual result type 'Double'[0;0m
  [0;36m|[0;0m                        |- [1;39mnote: [1;39m'reduce(into:_:)' produces '(Int64, _) -> Int64', not the expected contextual result type 'Double'[0;0m
  [0;36m|[0;0m                        |- [1;39mnote: [1;39m'reduce(into:_:)' produces '(UInt, _) -> UInt', not the expected contextual result type 'Double'[0;0m
  [0;36m|[0;0m                        |- [1;39mnote: [1;39m'reduce(into:_:)' produces '(Int, _) -> Int', not the expected contextual result type 'Double'[0;0m
  [0;36m|[0;0m                        |- [1;39mnote: [1;39m'reduce(into:_:)' produces '(ContinuousClock.Instant, _) -> ContinuousClock.Instant', not the expected contextual result type 'Double'[0;0m
  [0;36m|[0;0m                        |- [1;39mnote: [1;39m'reduce(into:_:)' produces '(SuspendingClock.Instant, _) -> SuspendingClock.Instant', not the expected contextual result type 'Double'[0;0m
  [0;36m|[0;0m                        |- [1;39mnote: [1;39m'reduce(into:_:)' produces '(DispatchTime, _) -> DispatchTime', not the expected contextual result type 'Double'[0;0m
  [0;36m|[0;0m                        |- [1;39mnote: [1;39m'reduce(into:_:)' produces '(DispatchTime, _) -> DispatchTime', not the expected contextual result type 'Double'[0;0m
  [0;36m|[0;0m                        |- [1;39mnote: [1;39m'reduce(into:_:)' produces '(DispatchWallTime, _) -> DispatchWallTime', not the expected contextual result type 'Double'[0;0m
  [0;36m|[0;0m                        |- [1;39mnote: [1;39m'reduce(into:_:)' produces '(DispatchWallTime, _) -> DispatchWallTime', not the expected contextual result type 'Double'[0;0m
  [0;36m|[0;0m                        |- [1;39mnote: [1;39m'reduce(into:_:)' produces '(DispatchQueue.SchedulerTimeType.Stride, _) -> DispatchQueue.SchedulerTimeType.Stride', not the expected contextual result type 'Double'[0;0m
  [0;36m|[0;0m                        |- [1;39mnote: [1;39m'reduce(into:_:)' produces '(CGFloat, _) -> CGFloat', not the expected contextual result type 'Double'[0;0m
  [0;36m|[0;0m                        |- [1;39mnote: [1;39m'reduce(into:_:)' produces '(RunLoop.SchedulerTimeType.Stride, _) -> RunLoop.SchedulerTimeType.Stride', not the expected contextual result type 'Double'[0;0m
  [0;36m|[0;0m                        |- [1;39mnote: [1;39m'reduce(into:_:)' produces '(AttributedString, _) -> AttributedString', not the expected contextual result type 'Double'[0;0m
  [0;36m|[0;0m                        |- [1;39mnote: [1;39m'reduce(into:_:)' produces '(Decimal, _) -> Decimal', not the expected contextual result type 'Double'[0;0m
  [0;36m|[0;0m                        |- [1;39mnote: [1;39m'reduce(into:_:)' produces '(Date, _) -> Date', not the expected contextual result type 'Double'[0;0m
  [0;36m|[0;0m                        |- [1;39mnote: [1;39m'reduce(into:_:)' produces '(IndexPath, _) -> IndexPath', not the expected contextual result type 'Double'[0;0m
  [0;36m|[0;0m                        |- [1;39mnote: [1;39m'reduce(into:_:)' produces '(OperationQueue.SchedulerTimeType.Stride, _) -> OperationQueue.SchedulerTimeType.Stride', not the expected contextual result type 'Double'[0;0m
  [0;36m|[0;0m                        |- [1;39mnote: [1;39m'reduce(into:_:)' produces '(_AnyAnimatableData, _) -> _AnyAnimatableData', not the expected contextual result type 'Double'[0;0m
  [0;36m|[0;0m                        |- [1;39mnote: [1;39m'reduce(into:_:)' produces '(Color.ResolvedHDR._Animatable, _) -> Color.ResolvedHDR._Animatable', not the expected contextual result type 'Double'[0;0m
  [0;36m|[0;0m                        |- [1;39mnote: [1;39m'reduce(into:_:)' produces '(Text, _) -> Text', not the expected contextual result type 'Double'[0;0m
  [0;36m|[0;0m                        |- [1;39mnote: [1;39m'reduce(into:_:)' produces '(ConcentricRectangle.AnimatableData, _) -> ConcentricRectangle.AnimatableData', not the expected contextual result type 'Double'[0;0m
  [0;36m|[0;0m                        |- [1;39mnote: [1;39m'reduce(into:_:)' produces '(RoundedRectangularShapeCorners.AnimatableData, _) -> RoundedRectangularShapeCorners.AnimatableData', not the expected contextual result type 'Double'[0;0m
  [0;36m|[0;0m                        |- [1;39mnote: [1;39m'reduce(into:_:)' produces '(EmptyAnimatableData, _) -> EmptyAnimatableData', not the expected contextual result type 'Double'[0;0m
  [0;36m|[0;0m                        |- [1;39mnote: [1;39m'reduce(into:_:)' produces '(Edge.Corner.Style.AnimatableData, _) -> Edge.Corner.Style.AnimatableData', not the expected contextual result type 'Double'[0;0m
  [0;36m|[0;0m                        |- [1;39mnote: [1;39m'reduce(into:_:)' produces '(Measurement<Dimension>, _) -> Measurement<Dimension>', not the expected contextual result type 'Double'[0;0m
  [0;36m|[0;0m                        `- [1;39mnote: [1;39m'reduce(into:_:)' produces '(Measurement<Unit>, _) -> Measurement<Unit>', not the expected contextual result type 'Double'[0;0m
[0;36m3 |[0;0m 

/Users/danielstevens/github-projects/tools-automation/MomentumFinance/Shared/Features/Transactions/AddTransactionView.swift:43:26: [1;31merror: [1;39mtrailing closure passed to parameter of type 'Visibility' that does not accept a closure[0;0m
 [0;36m41 |[0;0m                     .navigationBarTitleDisplayMode(.inline)
 [0;36m42 |[0;0m                 #endif
 [0;36m43 |[0;0m                 .toolbar [4;39m{[0;0m
    [0;36m|[0;0m                          `- [1;31merror: [1;39mtrailing closure passed to parameter of type 'Visibility' that does not accept a closure[0;0m
 [0;36m44 |[0;0m                     #if canImport(UIKit)
 [0;36m45 |[0;0m                         ToolbarItem(placement: .navigationBarLeading) {

SwiftUI.View.toolbar:6:27: [1;39mnote: [1;39m'toolbar(_:for:)' declared here[0;0m
[0;36m4 |[0;0m   @available(tvOS, introduced: 16.0, deprecated: 100000.0, renamed: "toolbarVisibility(_:for:)")
[0;36m5 |[0;0m   @available(watchOS, introduced: 9.0, deprecated: 100000.0, renamed: "toolbarVisibility(_:for:)")
[0;36m6 |[0;0m   nonisolated public func toolbar(_ visibility: Visibility, for bars: ToolbarPlacement...) -> some View
  [0;36m|[0;0m                           `- [1;39mnote: [1;39m'toolbar(_:for:)' declared here[0;0m
[0;36m7 |[0;0m   }
[0;36m8 |[0;0m 

/Users/danielstevens/github-projects/tools-automation/MomentumFinance/Shared/Features/Transactions/AddTransactionView.swift:85:22: [1;33mwarning: [1;39m'onChange(of:perform:)' was deprecated in macOS 14.0: Use `onChange` with a two or zero parameter action closure instead.[0;0m [#]8;;https://docs.swift.org/compiler/documentation/diagnostics/deprecated-declaration\DeprecatedDeclaration]8;;\]
 [0;36m83 |[0;0m             Section(header: Text("Transaction Details")) {
 [0;36m84 |[0;0m                 TextField("Title", text: self.$title)
 [0;36m85 |[0;0m                     .onChange(of: self.title) { _ in
    [0;36m|[0;0m                      `- [1;33mwarning: [1;39m'onChange(of:perform:)' was deprecated in macOS 14.0: Use `onChange` with a two or zero parameter action closure instead.[0;0m [#]8;;https://docs.swift.org/compiler/documentation/diagnostics/deprecated-declaration\DeprecatedDeclaration]8;;\]
 [0;36m86 |[0;0m                         self.handleTitleChange()
 [0;36m87 |[0;0m                     }

[#DeprecatedDeclaration]: <https://docs.swift.org/compiler/documentation/diagnostics/deprecated-declaration>
[77/148] Compiling Shared DarkModePreference.swift
/Users/danielstevens/github-projects/tools-automation/MomentumFinance/Shared/Theme/ThemeDemoComponents.swift:29:15: [1;31merror: [1;39minvalid redeclaration of 'ThemeSelectorCard'[0;0m
 [0;36m27 |[0;0m 
 [0;36m28 |[0;0m /// Theme selector card for the demo view
 [0;36m29 |[0;0m public struct ThemeSelectorCard: View {
    [0;36m|[0;0m               `- [1;31merror: [1;39minvalid redeclaration of 'ThemeSelectorCard'[0;0m
 [0;36m30 |[0;0m     @Binding var selectedThemeMode: ThemeMode
 [0;36m31 |[0;0m     let theme: ColorTheme

/Users/danielstevens/github-projects/tools-automation/MomentumFinance/Shared/Theme/ThemeDemoComponents.swift:57:15: [1;31merror: [1;39minvalid redeclaration of 'ThemeFinancialSummaryCard'[0;0m
 [0;36m55 |[0;0m 
 [0;36m56 |[0;0m /// Financial summary card for the demo view
 [0;36m57 |[0;0m public struct ThemeFinancialSummaryCard: View {
    [0;36m|[0;0m               `- [1;31merror: [1;39minvalid redeclaration of 'ThemeFinancialSummaryCard'[0;0m
 [0;36m58 |[0;0m     let theme: ColorTheme
 [0;36m59 |[0;0m 

/Users/danielstevens/github-projects/tools-automation/MomentumFinance/Shared/Theme/ThemeDemoComponents.swift:97:15: [1;31merror: [1;39minvalid redeclaration of 'ThemeAccountsList'[0;0m
 [0;36m95 |[0;0m 
 [0;36m96 |[0;0m /// Accounts list for the demo view
 [0;36m97 |[0;0m public struct ThemeAccountsList: View {
    [0;36m|[0;0m               `- [1;31merror: [1;39minvalid redeclaration of 'ThemeAccountsList'[0;0m
 [0;36m98 |[0;0m     let accounts: [AccountData]
 [0;36m99 |[0;0m     let theme: ColorTheme

/Users/danielstevens/github-projects/tools-automation/MomentumFinance/Shared/Theme/ThemeDemoComponents.swift:308:24: [1;31merror: [1;39mcannot convert value of type 'String' to expected argument type 'PrimitiveButtonStyleConfiguration'[0;0m
[0;36m306 |[0;0m 
[0;36m307 |[0;0m             VStack(spacing: 12) {
[0;36m308 |[0;0m                 Button("Primary Button").accessibilityLabel("Button").accessibilityLabel("Button") {}
    [0;36m|[0;0m                        `- [1;31merror: [1;39mcannot convert value of type 'String' to expected argument type 'PrimitiveButtonStyleConfiguration'[0;0m
[0;36m309 |[0;0m                     .buttonStyle(.borderedProminent)
[0;36m310 |[0;0m                     .tint(self.theme.accentPrimary)

/Users/danielstevens/github-projects/tools-automation/MomentumFinance/Shared/Theme/ThemeDemoComponents.swift:308:100: [1;31merror: [1;39mtype '_' cannot be used as a boolean; test for '!= 0' instead[0;0m
[0;36m306 |[0;0m 
[0;36m307 |[0;0m             VStack(spacing: 12) {
[0;36m308 |[0;0m                 Button("Primary Button").accessibilityLabel("Button").accessibilityLabel("Button") {}
    [0;36m|[0;0m                                                                                                    `- [1;31merror: [1;39mtype '_' cannot be used as a boolean; test for '!= 0' instead[0;0m
[0;36m309 |[0;0m                     .buttonStyle(.borderedProminent)
[0;36m310 |[0;0m                     .tint(self.theme.accentPrimary)

/Users/danielstevens/github-projects/tools-automation/MomentumFinance/Shared/Theme/ThemeDemoComponents.swift:363:22: [1;31merror: [1;39mtrailing closure passed to parameter of type 'Visibility' that does not accept a closure[0;0m
[0;36m361 |[0;0m             .navigationTitle("Theme Settings")
[0;36m362 |[0;0m             .navigationBarTitleDisplayMode(.inline)
[0;36m363 |[0;0m             .toolbar [4;39m{[0;0m
    [0;36m|[0;0m                      `- [1;31merror: [1;39mtrailing closure passed to parameter of type 'Visibility' that does not accept a closure[0;0m
[0;36m364 |[0;0m                 ToolbarItem(placement: .confirmationAction) {
[0;36m365 |[0;0m                     Button("Done").accessibilityLabel("Button").accessibilityLabel("Button") {

SwiftUI.View.toolbar:6:27: [1;39mnote: [1;39m'toolbar(_:for:)' declared here[0;0m
[0;36m4 |[0;0m   @available(tvOS, introduced: 16.0, deprecated: 100000.0, renamed: "toolbarVisibility(_:for:)")
[0;36m5 |[0;0m   @available(watchOS, introduced: 9.0, deprecated: 100000.0, renamed: "toolbarVisibility(_:for:)")
[0;36m6 |[0;0m   nonisolated public func toolbar(_ visibility: Visibility, for bars: ToolbarPlacement...) -> some View
  [0;36m|[0;0m                           `- [1;39mnote: [1;39m'toolbar(_:for:)' declared here[0;0m
[0;36m7 |[0;0m   }
[0;36m8 |[0;0m 

/Users/danielstevens/github-projects/tools-automation/MomentumFinance/Shared/Theme/ThemeDemoView.swift:39:9: [1;31merror: [1;39mproperty 'body' must be declared public because it matches a requirement in public protocol 'View'[0;0m
 [0;36m37 |[0;0m     ]
 [0;36m38 |[0;0m 
 [0;36m39 |[0;0m     var body: some View {
    [0;36m|[0;0m         |- [1;31merror: [1;39mproperty 'body' must be declared public because it matches a requirement in public protocol 'View'[0;0m
    [0;36m|[0;0m         `- [1;39mnote: [1;39mmark the property as 'public' to satisfy the requirement[0;0m
 [0;36m40 |[0;0m         NavigationStack {
 [0;36m41 |[0;0m             ScrollView {

/Users/danielstevens/github-projects/tools-automation/MomentumFinance/Shared/Theme/ThemeDemoView.swift:71:22: [1;31merror: [1;39mtrailing closure passed to parameter of type 'Visibility' that does not accept a closure[0;0m
 [0;36m69 |[0;0m             .background(self.theme.background)
 [0;36m70 |[0;0m             .navigationTitle("Theme Showcase")
 [0;36m71 |[0;0m             .toolbar [4;39m{[0;0m
    [0;36m|[0;0m                      `- [1;31merror: [1;39mtrailing closure passed to parameter of type 'Visibility' that does not accept a closure[0;0m
 [0;36m72 |[0;0m                 ToolbarItem(placement: .primaryAction) {
 [0;36m73 |[0;0m                     Button(action: { self.showSheet = true }).accessibilityLabel("Button") {

SwiftUI.View.toolbar:6:27: [1;39mnote: [1;39m'toolbar(_:for:)' declared here[0;0m
[0;36m4 |[0;0m   @available(tvOS, introduced: 16.0, deprecated: 100000.0, renamed: "toolbarVisibility(_:for:)")
[0;36m5 |[0;0m   @available(watchOS, introduced: 9.0, deprecated: 100000.0, renamed: "toolbarVisibility(_:for:)")
[0;36m6 |[0;0m   nonisolated public func toolbar(_ visibility: Visibility, for bars: ToolbarPlacement...) -> some View
  [0;36m|[0;0m                           `- [1;39mnote: [1;39m'toolbar(_:for:)' declared here[0;0m
[0;36m7 |[0;0m   }
[0;36m8 |[0;0m 

/Users/danielstevens/github-projects/tools-automation/MomentumFinance/Shared/Theme/ThemeManager.swift:154:13: [1;31merror: [1;39mvar 'objectPool' is not concurrency-safe because it is nonisolated global shared mutable state[0;0m [#]8;;https://docs.swift.org/compiler/documentation/diagnostics/mutable-global-variable\MutableGlobalVariable]8;;\]
[0;36m152 |[0;0m 
[0;36m153 |[0;0m /// Object pool for performance optimization
[0;36m154 |[0;0m private var objectPool: [Any] = []
    [0;36m|[0;0m             |- [1;31merror: [1;39mvar 'objectPool' is not concurrency-safe because it is nonisolated global shared mutable state[0;0m [#]8;;https://docs.swift.org/compiler/documentation/diagnostics/mutable-global-variable\MutableGlobalVariable]8;;\]
    [0;36m|[0;0m             |- [1;39mnote: [1;39mconvert 'objectPool' to a 'let' constant to make 'Sendable' shared state immutable[0;0m
    [0;36m|[0;0m             |- [1;39mnote: [1;39madd '@MainActor' to make var 'objectPool' part of global actor 'MainActor'[0;0m
    [0;36m|[0;0m             `- [1;39mnote: [1;39mdisable concurrency-safety checks if accesses are protected by an external synchronization mechanism[0;0m
[0;36m155 |[0;0m private let maxPoolSize = 50
[0;36m156 |[0;0m 

[#MutableGlobalVariable]: <https://docs.swift.org/compiler/documentation/diagnostics/mutable-global-variable>
[78/148] Compiling Shared ThemeComponentStubs.swift
/Users/danielstevens/github-projects/tools-automation/MomentumFinance/Shared/Theme/ThemeDemoComponents.swift:29:15: [1;31merror: [1;39minvalid redeclaration of 'ThemeSelectorCard'[0;0m
 [0;36m27 |[0;0m 
 [0;36m28 |[0;0m /// Theme selector card for the demo view
 [0;36m29 |[0;0m public struct ThemeSelectorCard: View {
    [0;36m|[0;0m               `- [1;31merror: [1;39minvalid redeclaration of 'ThemeSelectorCard'[0;0m
 [0;36m30 |[0;0m     @Binding var selectedThemeMode: ThemeMode
 [0;36m31 |[0;0m     let theme: ColorTheme

/Users/danielstevens/github-projects/tools-automation/MomentumFinance/Shared/Theme/ThemeDemoComponents.swift:57:15: [1;31merror: [1;39minvalid redeclaration of 'ThemeFinancialSummaryCard'[0;0m
 [0;36m55 |[0;0m 
 [0;36m56 |[0;0m /// Financial summary card for the demo view
 [0;36m57 |[0;0m public struct ThemeFinancialSummaryCard: View {
    [0;36m|[0;0m               `- [1;31merror: [1;39minvalid redeclaration of 'ThemeFinancialSummaryCard'[0;0m
 [0;36m58 |[0;0m     let theme: ColorTheme
 [0;36m59 |[0;0m 

/Users/danielstevens/github-projects/tools-automation/MomentumFinance/Shared/Theme/ThemeDemoComponents.swift:97:15: [1;31merror: [1;39minvalid redeclaration of 'ThemeAccountsList'[0;0m
 [0;36m95 |[0;0m 
 [0;36m96 |[0;0m /// Accounts list for the demo view
 [0;36m97 |[0;0m public struct ThemeAccountsList: View {
    [0;36m|[0;0m               `- [1;31merror: [1;39minvalid redeclaration of 'ThemeAccountsList'[0;0m
 [0;36m98 |[0;0m     let accounts: [AccountData]
 [0;36m99 |[0;0m     let theme: ColorTheme

/Users/danielstevens/github-projects/tools-automation/MomentumFinance/Shared/Theme/ThemeDemoComponents.swift:308:24: [1;31merror: [1;39mcannot convert value of type 'String' to expected argument type 'PrimitiveButtonStyleConfiguration'[0;0m
[0;36m306 |[0;0m 
[0;36m307 |[0;0m             VStack(spacing: 12) {
[0;36m308 |[0;0m                 Button("Primary Button").accessibilityLabel("Button").accessibilityLabel("Button") {}
    [0;36m|[0;0m                        `- [1;31merror: [1;39mcannot convert value of type 'String' to expected argument type 'PrimitiveButtonStyleConfiguration'[0;0m
[0;36m309 |[0;0m                     .buttonStyle(.borderedProminent)
[0;36m310 |[0;0m                     .tint(self.theme.accentPrimary)

/Users/danielstevens/github-projects/tools-automation/MomentumFinance/Shared/Theme/ThemeDemoComponents.swift:308:100: [1;31merror: [1;39mtype '_' cannot be used as a boolean; test for '!= 0' instead[0;0m
[0;36m306 |[0;0m 
[0;36m307 |[0;0m             VStack(spacing: 12) {
[0;36m308 |[0;0m                 Button("Primary Button").accessibilityLabel("Button").accessibilityLabel("Button") {}
    [0;36m|[0;0m                                                                                                    `- [1;31merror: [1;39mtype '_' cannot be used as a boolean; test for '!= 0' instead[0;0m
[0;36m309 |[0;0m                     .buttonStyle(.borderedProminent)
[0;36m310 |[0;0m                     .tint(self.theme.accentPrimary)

/Users/danielstevens/github-projects/tools-automation/MomentumFinance/Shared/Theme/ThemeDemoComponents.swift:363:22: [1;31merror: [1;39mtrailing closure passed to parameter of type 'Visibility' that does not accept a closure[0;0m
[0;36m361 |[0;0m             .navigationTitle("Theme Settings")
[0;36m362 |[0;0m             .navigationBarTitleDisplayMode(.inline)
[0;36m363 |[0;0m             .toolbar [4;39m{[0;0m
    [0;36m|[0;0m                      `- [1;31merror: [1;39mtrailing closure passed to parameter of type 'Visibility' that does not accept a closure[0;0m
[0;36m364 |[0;0m                 ToolbarItem(placement: .confirmationAction) {
[0;36m365 |[0;0m                     Button("Done").accessibilityLabel("Button").accessibilityLabel("Button") {

SwiftUI.View.toolbar:6:27: [1;39mnote: [1;39m'toolbar(_:for:)' declared here[0;0m
[0;36m4 |[0;0m   @available(tvOS, introduced: 16.0, deprecated: 100000.0, renamed: "toolbarVisibility(_:for:)")
[0;36m5 |[0;0m   @available(watchOS, introduced: 9.0, deprecated: 100000.0, renamed: "toolbarVisibility(_:for:)")
[0;36m6 |[0;0m   nonisolated public func toolbar(_ visibility: Visibility, for bars: ToolbarPlacement...) -> some View
  [0;36m|[0;0m                           `- [1;39mnote: [1;39m'toolbar(_:for:)' declared here[0;0m
[0;36m7 |[0;0m   }
[0;36m8 |[0;0m 

/Users/danielstevens/github-projects/tools-automation/MomentumFinance/Shared/Theme/ThemeDemoView.swift:39:9: [1;31merror: [1;39mproperty 'body' must be declared public because it matches a requirement in public protocol 'View'[0;0m
 [0;36m37 |[0;0m     ]
 [0;36m38 |[0;0m 
 [0;36m39 |[0;0m     var body: some View {
    [0;36m|[0;0m         |- [1;31merror: [1;39mproperty 'body' must be declared public because it matches a requirement in public protocol 'View'[0;0m
    [0;36m|[0;0m         `- [1;39mnote: [1;39mmark the property as 'public' to satisfy the requirement[0;0m
 [0;36m40 |[0;0m         NavigationStack {
 [0;36m41 |[0;0m             ScrollView {

/Users/danielstevens/github-projects/tools-automation/MomentumFinance/Shared/Theme/ThemeDemoView.swift:71:22: [1;31merror: [1;39mtrailing closure passed to parameter of type 'Visibility' that does not accept a closure[0;0m
 [0;36m69 |[0;0m             .background(self.theme.background)
 [0;36m70 |[0;0m             .navigationTitle("Theme Showcase")
 [0;36m71 |[0;0m             .toolbar [4;39m{[0;0m
    [0;36m|[0;0m                      `- [1;31merror: [1;39mtrailing closure passed to parameter of type 'Visibility' that does not accept a closure[0;0m
 [0;36m72 |[0;0m                 ToolbarItem(placement: .primaryAction) {
 [0;36m73 |[0;0m                     Button(action: { self.showSheet = true }).accessibilityLabel("Button") {

SwiftUI.View.toolbar:6:27: [1;39mnote: [1;39m'toolbar(_:for:)' declared here[0;0m
[0;36m4 |[0;0m   @available(tvOS, introduced: 16.0, deprecated: 100000.0, renamed: "toolbarVisibility(_:for:)")
[0;36m5 |[0;0m   @available(watchOS, introduced: 9.0, deprecated: 100000.0, renamed: "toolbarVisibility(_:for:)")
[0;36m6 |[0;0m   nonisolated public func toolbar(_ visibility: Visibility, for bars: ToolbarPlacement...) -> some View
  [0;36m|[0;0m                           `- [1;39mnote: [1;39m'toolbar(_:for:)' declared here[0;0m
[0;36m7 |[0;0m   }
[0;36m8 |[0;0m 

/Users/danielstevens/github-projects/tools-automation/MomentumFinance/Shared/Theme/ThemeManager.swift:154:13: [1;31merror: [1;39mvar 'objectPool' is not concurrency-safe because it is nonisolated global shared mutable state[0;0m [#]8;;https://docs.swift.org/compiler/documentation/diagnostics/mutable-global-variable\MutableGlobalVariable]8;;\]
[0;36m152 |[0;0m 
[0;36m153 |[0;0m /// Object pool for performance optimization
[0;36m154 |[0;0m private var objectPool: [Any] = []
    [0;36m|[0;0m             |- [1;31merror: [1;39mvar 'objectPool' is not concurrency-safe because it is nonisolated global shared mutable state[0;0m [#]8;;https://docs.swift.org/compiler/documentation/diagnostics/mutable-global-variable\MutableGlobalVariable]8;;\]
    [0;36m|[0;0m             |- [1;39mnote: [1;39mconvert 'objectPool' to a 'let' constant to make 'Sendable' shared state immutable[0;0m
    [0;36m|[0;0m             |- [1;39mnote: [1;39madd '@MainActor' to make var 'objectPool' part of global actor 'MainActor'[0;0m
    [0;36m|[0;0m             `- [1;39mnote: [1;39mdisable concurrency-safety checks if accesses are protected by an external synchronization mechanism[0;0m
[0;36m155 |[0;0m private let maxPoolSize = 50
[0;36m156 |[0;0m 

[#MutableGlobalVariable]: <https://docs.swift.org/compiler/documentation/diagnostics/mutable-global-variable>
[79/148] Compiling Shared ThemeComponents.swift
/Users/danielstevens/github-projects/tools-automation/MomentumFinance/Shared/Theme/ThemeDemoComponents.swift:29:15: [1;31merror: [1;39minvalid redeclaration of 'ThemeSelectorCard'[0;0m
 [0;36m27 |[0;0m 
 [0;36m28 |[0;0m /// Theme selector card for the demo view
 [0;36m29 |[0;0m public struct ThemeSelectorCard: View {
    [0;36m|[0;0m               `- [1;31merror: [1;39minvalid redeclaration of 'ThemeSelectorCard'[0;0m
 [0;36m30 |[0;0m     @Binding var selectedThemeMode: ThemeMode
 [0;36m31 |[0;0m     let theme: ColorTheme

/Users/danielstevens/github-projects/tools-automation/MomentumFinance/Shared/Theme/ThemeDemoComponents.swift:57:15: [1;31merror: [1;39minvalid redeclaration of 'ThemeFinancialSummaryCard'[0;0m
 [0;36m55 |[0;0m 
 [0;36m56 |[0;0m /// Financial summary card for the demo view
 [0;36m57 |[0;0m public struct ThemeFinancialSummaryCard: View {
    [0;36m|[0;0m               `- [1;31merror: [1;39minvalid redeclaration of 'ThemeFinancialSummaryCard'[0;0m
 [0;36m58 |[0;0m     let theme: ColorTheme
 [0;36m59 |[0;0m 

/Users/danielstevens/github-projects/tools-automation/MomentumFinance/Shared/Theme/ThemeDemoComponents.swift:97:15: [1;31merror: [1;39minvalid redeclaration of 'ThemeAccountsList'[0;0m
 [0;36m95 |[0;0m 
 [0;36m96 |[0;0m /// Accounts list for the demo view
 [0;36m97 |[0;0m public struct ThemeAccountsList: View {
    [0;36m|[0;0m               `- [1;31merror: [1;39minvalid redeclaration of 'ThemeAccountsList'[0;0m
 [0;36m98 |[0;0m     let accounts: [AccountData]
 [0;36m99 |[0;0m     let theme: ColorTheme

/Users/danielstevens/github-projects/tools-automation/MomentumFinance/Shared/Theme/ThemeDemoComponents.swift:308:24: [1;31merror: [1;39mcannot convert value of type 'String' to expected argument type 'PrimitiveButtonStyleConfiguration'[0;0m
[0;36m306 |[0;0m 
[0;36m307 |[0;0m             VStack(spacing: 12) {
[0;36m308 |[0;0m                 Button("Primary Button").accessibilityLabel("Button").accessibilityLabel("Button") {}
    [0;36m|[0;0m                        `- [1;31merror: [1;39mcannot convert value of type 'String' to expected argument type 'PrimitiveButtonStyleConfiguration'[0;0m
[0;36m309 |[0;0m                     .buttonStyle(.borderedProminent)
[0;36m310 |[0;0m                     .tint(self.theme.accentPrimary)

/Users/danielstevens/github-projects/tools-automation/MomentumFinance/Shared/Theme/ThemeDemoComponents.swift:308:100: [1;31merror: [1;39mtype '_' cannot be used as a boolean; test for '!= 0' instead[0;0m
[0;36m306 |[0;0m 
[0;36m307 |[0;0m             VStack(spacing: 12) {
[0;36m308 |[0;0m                 Button("Primary Button").accessibilityLabel("Button").accessibilityLabel("Button") {}
    [0;36m|[0;0m                                                                                                    `- [1;31merror: [1;39mtype '_' cannot be used as a boolean; test for '!= 0' instead[0;0m
[0;36m309 |[0;0m                     .buttonStyle(.borderedProminent)
[0;36m310 |[0;0m                     .tint(self.theme.accentPrimary)

/Users/danielstevens/github-projects/tools-automation/MomentumFinance/Shared/Theme/ThemeDemoComponents.swift:363:22: [1;31merror: [1;39mtrailing closure passed to parameter of type 'Visibility' that does not accept a closure[0;0m
[0;36m361 |[0;0m             .navigationTitle("Theme Settings")
[0;36m362 |[0;0m             .navigationBarTitleDisplayMode(.inline)
[0;36m363 |[0;0m             .toolbar [4;39m{[0;0m
    [0;36m|[0;0m                      `- [1;31merror: [1;39mtrailing closure passed to parameter of type 'Visibility' that does not accept a closure[0;0m
[0;36m364 |[0;0m                 ToolbarItem(placement: .confirmationAction) {
[0;36m365 |[0;0m                     Button("Done").accessibilityLabel("Button").accessibilityLabel("Button") {

SwiftUI.View.toolbar:6:27: [1;39mnote: [1;39m'toolbar(_:for:)' declared here[0;0m
[0;36m4 |[0;0m   @available(tvOS, introduced: 16.0, deprecated: 100000.0, renamed: "toolbarVisibility(_:for:)")
[0;36m5 |[0;0m   @available(watchOS, introduced: 9.0, deprecated: 100000.0, renamed: "toolbarVisibility(_:for:)")
[0;36m6 |[0;0m   nonisolated public func toolbar(_ visibility: Visibility, for bars: ToolbarPlacement...) -> some View
  [0;36m|[0;0m                           `- [1;39mnote: [1;39m'toolbar(_:for:)' declared here[0;0m
[0;36m7 |[0;0m   }
[0;36m8 |[0;0m 

/Users/danielstevens/github-projects/tools-automation/MomentumFinance/Shared/Theme/ThemeDemoView.swift:39:9: [1;31merror: [1;39mproperty 'body' must be declared public because it matches a requirement in public protocol 'View'[0;0m
 [0;36m37 |[0;0m     ]
 [0;36m38 |[0;0m 
 [0;36m39 |[0;0m     var body: some View {
    [0;36m|[0;0m         |- [1;31merror: [1;39mproperty 'body' must be declared public because it matches a requirement in public protocol 'View'[0;0m
    [0;36m|[0;0m         `- [1;39mnote: [1;39mmark the property as 'public' to satisfy the requirement[0;0m
 [0;36m40 |[0;0m         NavigationStack {
 [0;36m41 |[0;0m             ScrollView {

/Users/danielstevens/github-projects/tools-automation/MomentumFinance/Shared/Theme/ThemeDemoView.swift:71:22: [1;31merror: [1;39mtrailing closure passed to parameter of type 'Visibility' that does not accept a closure[0;0m
 [0;36m69 |[0;0m             .background(self.theme.background)
 [0;36m70 |[0;0m             .navigationTitle("Theme Showcase")
 [0;36m71 |[0;0m             .toolbar [4;39m{[0;0m
    [0;36m|[0;0m                      `- [1;31merror: [1;39mtrailing closure passed to parameter of type 'Visibility' that does not accept a closure[0;0m
 [0;36m72 |[0;0m                 ToolbarItem(placement: .primaryAction) {
 [0;36m73 |[0;0m                     Button(action: { self.showSheet = true }).accessibilityLabel("Button") {

SwiftUI.View.toolbar:6:27: [1;39mnote: [1;39m'toolbar(_:for:)' declared here[0;0m
[0;36m4 |[0;0m   @available(tvOS, introduced: 16.0, deprecated: 100000.0, renamed: "toolbarVisibility(_:for:)")
[0;36m5 |[0;0m   @available(watchOS, introduced: 9.0, deprecated: 100000.0, renamed: "toolbarVisibility(_:for:)")
[0;36m6 |[0;0m   nonisolated public func toolbar(_ visibility: Visibility, for bars: ToolbarPlacement...) -> some View
  [0;36m|[0;0m                           `- [1;39mnote: [1;39m'toolbar(_:for:)' declared here[0;0m
[0;36m7 |[0;0m   }
[0;36m8 |[0;0m 

/Users/danielstevens/github-projects/tools-automation/MomentumFinance/Shared/Theme/ThemeManager.swift:154:13: [1;31merror: [1;39mvar 'objectPool' is not concurrency-safe because it is nonisolated global shared mutable state[0;0m [#]8;;https://docs.swift.org/compiler/documentation/diagnostics/mutable-global-variable\MutableGlobalVariable]8;;\]
[0;36m152 |[0;0m 
[0;36m153 |[0;0m /// Object pool for performance optimization
[0;36m154 |[0;0m private var objectPool: [Any] = []
    [0;36m|[0;0m             |- [1;31merror: [1;39mvar 'objectPool' is not concurrency-safe because it is nonisolated global shared mutable state[0;0m [#]8;;https://docs.swift.org/compiler/documentation/diagnostics/mutable-global-variable\MutableGlobalVariable]8;;\]
    [0;36m|[0;0m             |- [1;39mnote: [1;39mconvert 'objectPool' to a 'let' constant to make 'Sendable' shared state immutable[0;0m
    [0;36m|[0;0m             |- [1;39mnote: [1;39madd '@MainActor' to make var 'objectPool' part of global actor 'MainActor'[0;0m
    [0;36m|[0;0m             `- [1;39mnote: [1;39mdisable concurrency-safety checks if accesses are protected by an external synchronization mechanism[0;0m
[0;36m155 |[0;0m private let maxPoolSize = 50
[0;36m156 |[0;0m 

[#MutableGlobalVariable]: <https://docs.swift.org/compiler/documentation/diagnostics/mutable-global-variable>
[80/148] Compiling Shared ThemeDemoComponents.swift
/Users/danielstevens/github-projects/tools-automation/MomentumFinance/Shared/Theme/ThemeDemoComponents.swift:29:15: [1;31merror: [1;39minvalid redeclaration of 'ThemeSelectorCard'[0;0m
 [0;36m27 |[0;0m 
 [0;36m28 |[0;0m /// Theme selector card for the demo view
 [0;36m29 |[0;0m public struct ThemeSelectorCard: View {
    [0;36m|[0;0m               `- [1;31merror: [1;39minvalid redeclaration of 'ThemeSelectorCard'[0;0m
 [0;36m30 |[0;0m     @Binding var selectedThemeMode: ThemeMode
 [0;36m31 |[0;0m     let theme: ColorTheme

/Users/danielstevens/github-projects/tools-automation/MomentumFinance/Shared/Theme/ThemeDemoComponents.swift:57:15: [1;31merror: [1;39minvalid redeclaration of 'ThemeFinancialSummaryCard'[0;0m
 [0;36m55 |[0;0m 
 [0;36m56 |[0;0m /// Financial summary card for the demo view
 [0;36m57 |[0;0m public struct ThemeFinancialSummaryCard: View {
    [0;36m|[0;0m               `- [1;31merror: [1;39minvalid redeclaration of 'ThemeFinancialSummaryCard'[0;0m
 [0;36m58 |[0;0m     let theme: ColorTheme
 [0;36m59 |[0;0m 

/Users/danielstevens/github-projects/tools-automation/MomentumFinance/Shared/Theme/ThemeDemoComponents.swift:97:15: [1;31merror: [1;39minvalid redeclaration of 'ThemeAccountsList'[0;0m
 [0;36m95 |[0;0m 
 [0;36m96 |[0;0m /// Accounts list for the demo view
 [0;36m97 |[0;0m public struct ThemeAccountsList: View {
    [0;36m|[0;0m               `- [1;31merror: [1;39minvalid redeclaration of 'ThemeAccountsList'[0;0m
 [0;36m98 |[0;0m     let accounts: [AccountData]
 [0;36m99 |[0;0m     let theme: ColorTheme

/Users/danielstevens/github-projects/tools-automation/MomentumFinance/Shared/Theme/ThemeDemoComponents.swift:308:24: [1;31merror: [1;39mcannot convert value of type 'String' to expected argument type 'PrimitiveButtonStyleConfiguration'[0;0m
[0;36m306 |[0;0m 
[0;36m307 |[0;0m             VStack(spacing: 12) {
[0;36m308 |[0;0m                 Button("Primary Button").accessibilityLabel("Button").accessibilityLabel("Button") {}
    [0;36m|[0;0m                        `- [1;31merror: [1;39mcannot convert value of type 'String' to expected argument type 'PrimitiveButtonStyleConfiguration'[0;0m
[0;36m309 |[0;0m                     .buttonStyle(.borderedProminent)
[0;36m310 |[0;0m                     .tint(self.theme.accentPrimary)

/Users/danielstevens/github-projects/tools-automation/MomentumFinance/Shared/Theme/ThemeDemoComponents.swift:308:100: [1;31merror: [1;39mtype '_' cannot be used as a boolean; test for '!= 0' instead[0;0m
[0;36m306 |[0;0m 
[0;36m307 |[0;0m             VStack(spacing: 12) {
[0;36m308 |[0;0m                 Button("Primary Button").accessibilityLabel("Button").accessibilityLabel("Button") {}
    [0;36m|[0;0m                                                                                                    `- [1;31merror: [1;39mtype '_' cannot be used as a boolean; test for '!= 0' instead[0;0m
[0;36m309 |[0;0m                     .buttonStyle(.borderedProminent)
[0;36m310 |[0;0m                     .tint(self.theme.accentPrimary)

/Users/danielstevens/github-projects/tools-automation/MomentumFinance/Shared/Theme/ThemeDemoComponents.swift:363:22: [1;31merror: [1;39mtrailing closure passed to parameter of type 'Visibility' that does not accept a closure[0;0m
[0;36m361 |[0;0m             .navigationTitle("Theme Settings")
[0;36m362 |[0;0m             .navigationBarTitleDisplayMode(.inline)
[0;36m363 |[0;0m             .toolbar [4;39m{[0;0m
    [0;36m|[0;0m                      `- [1;31merror: [1;39mtrailing closure passed to parameter of type 'Visibility' that does not accept a closure[0;0m
[0;36m364 |[0;0m                 ToolbarItem(placement: .confirmationAction) {
[0;36m365 |[0;0m                     Button("Done").accessibilityLabel("Button").accessibilityLabel("Button") {

SwiftUI.View.toolbar:6:27: [1;39mnote: [1;39m'toolbar(_:for:)' declared here[0;0m
[0;36m4 |[0;0m   @available(tvOS, introduced: 16.0, deprecated: 100000.0, renamed: "toolbarVisibility(_:for:)")
[0;36m5 |[0;0m   @available(watchOS, introduced: 9.0, deprecated: 100000.0, renamed: "toolbarVisibility(_:for:)")
[0;36m6 |[0;0m   nonisolated public func toolbar(_ visibility: Visibility, for bars: ToolbarPlacement...) -> some View
  [0;36m|[0;0m                           `- [1;39mnote: [1;39m'toolbar(_:for:)' declared here[0;0m
[0;36m7 |[0;0m   }
[0;36m8 |[0;0m 

/Users/danielstevens/github-projects/tools-automation/MomentumFinance/Shared/Theme/ThemeDemoView.swift:39:9: [1;31merror: [1;39mproperty 'body' must be declared public because it matches a requirement in public protocol 'View'[0;0m
 [0;36m37 |[0;0m     ]
 [0;36m38 |[0;0m 
 [0;36m39 |[0;0m     var body: some View {
    [0;36m|[0;0m         |- [1;31merror: [1;39mproperty 'body' must be declared public because it matches a requirement in public protocol 'View'[0;0m
    [0;36m|[0;0m         `- [1;39mnote: [1;39mmark the property as 'public' to satisfy the requirement[0;0m
 [0;36m40 |[0;0m         NavigationStack {
 [0;36m41 |[0;0m             ScrollView {

/Users/danielstevens/github-projects/tools-automation/MomentumFinance/Shared/Theme/ThemeDemoView.swift:71:22: [1;31merror: [1;39mtrailing closure passed to parameter of type 'Visibility' that does not accept a closure[0;0m
 [0;36m69 |[0;0m             .background(self.theme.background)
 [0;36m70 |[0;0m             .navigationTitle("Theme Showcase")
 [0;36m71 |[0;0m             .toolbar [4;39m{[0;0m
    [0;36m|[0;0m                      `- [1;31merror: [1;39mtrailing closure passed to parameter of type 'Visibility' that does not accept a closure[0;0m
 [0;36m72 |[0;0m                 ToolbarItem(placement: .primaryAction) {
 [0;36m73 |[0;0m                     Button(action: { self.showSheet = true }).accessibilityLabel("Button") {

SwiftUI.View.toolbar:6:27: [1;39mnote: [1;39m'toolbar(_:for:)' declared here[0;0m
[0;36m4 |[0;0m   @available(tvOS, introduced: 16.0, deprecated: 100000.0, renamed: "toolbarVisibility(_:for:)")
[0;36m5 |[0;0m   @available(watchOS, introduced: 9.0, deprecated: 100000.0, renamed: "toolbarVisibility(_:for:)")
[0;36m6 |[0;0m   nonisolated public func toolbar(_ visibility: Visibility, for bars: ToolbarPlacement...) -> some View
  [0;36m|[0;0m                           `- [1;39mnote: [1;39m'toolbar(_:for:)' declared here[0;0m
[0;36m7 |[0;0m   }
[0;36m8 |[0;0m 

/Users/danielstevens/github-projects/tools-automation/MomentumFinance/Shared/Theme/ThemeManager.swift:154:13: [1;31merror: [1;39mvar 'objectPool' is not concurrency-safe because it is nonisolated global shared mutable state[0;0m [#]8;;https://docs.swift.org/compiler/documentation/diagnostics/mutable-global-variable\MutableGlobalVariable]8;;\]
[0;36m152 |[0;0m 
[0;36m153 |[0;0m /// Object pool for performance optimization
[0;36m154 |[0;0m private var objectPool: [Any] = []
    [0;36m|[0;0m             |- [1;31merror: [1;39mvar 'objectPool' is not concurrency-safe because it is nonisolated global shared mutable state[0;0m [#]8;;https://docs.swift.org/compiler/documentation/diagnostics/mutable-global-variable\MutableGlobalVariable]8;;\]
    [0;36m|[0;0m             |- [1;39mnote: [1;39mconvert 'objectPool' to a 'let' constant to make 'Sendable' shared state immutable[0;0m
    [0;36m|[0;0m             |- [1;39mnote: [1;39madd '@MainActor' to make var 'objectPool' part of global actor 'MainActor'[0;0m
    [0;36m|[0;0m             `- [1;39mnote: [1;39mdisable concurrency-safety checks if accesses are protected by an external synchronization mechanism[0;0m
[0;36m155 |[0;0m private let maxPoolSize = 50
[0;36m156 |[0;0m 

[#MutableGlobalVariable]: <https://docs.swift.org/compiler/documentation/diagnostics/mutable-global-variable>
[81/148] Compiling Shared ThemeDemoPlaceholders.swift
/Users/danielstevens/github-projects/tools-automation/MomentumFinance/Shared/Theme/ThemeDemoComponents.swift:29:15: [1;31merror: [1;39minvalid redeclaration of 'ThemeSelectorCard'[0;0m
 [0;36m27 |[0;0m 
 [0;36m28 |[0;0m /// Theme selector card for the demo view
 [0;36m29 |[0;0m public struct ThemeSelectorCard: View {
    [0;36m|[0;0m               `- [1;31merror: [1;39minvalid redeclaration of 'ThemeSelectorCard'[0;0m
 [0;36m30 |[0;0m     @Binding var selectedThemeMode: ThemeMode
 [0;36m31 |[0;0m     let theme: ColorTheme

/Users/danielstevens/github-projects/tools-automation/MomentumFinance/Shared/Theme/ThemeDemoComponents.swift:57:15: [1;31merror: [1;39minvalid redeclaration of 'ThemeFinancialSummaryCard'[0;0m
 [0;36m55 |[0;0m 
 [0;36m56 |[0;0m /// Financial summary card for the demo view
 [0;36m57 |[0;0m public struct ThemeFinancialSummaryCard: View {
    [0;36m|[0;0m               `- [1;31merror: [1;39minvalid redeclaration of 'ThemeFinancialSummaryCard'[0;0m
 [0;36m58 |[0;0m     let theme: ColorTheme
 [0;36m59 |[0;0m 

/Users/danielstevens/github-projects/tools-automation/MomentumFinance/Shared/Theme/ThemeDemoComponents.swift:97:15: [1;31merror: [1;39minvalid redeclaration of 'ThemeAccountsList'[0;0m
 [0;36m95 |[0;0m 
 [0;36m96 |[0;0m /// Accounts list for the demo view
 [0;36m97 |[0;0m public struct ThemeAccountsList: View {
    [0;36m|[0;0m               `- [1;31merror: [1;39minvalid redeclaration of 'ThemeAccountsList'[0;0m
 [0;36m98 |[0;0m     let accounts: [AccountData]
 [0;36m99 |[0;0m     let theme: ColorTheme

/Users/danielstevens/github-projects/tools-automation/MomentumFinance/Shared/Theme/ThemeDemoComponents.swift:308:24: [1;31merror: [1;39mcannot convert value of type 'String' to expected argument type 'PrimitiveButtonStyleConfiguration'[0;0m
[0;36m306 |[0;0m 
[0;36m307 |[0;0m             VStack(spacing: 12) {
[0;36m308 |[0;0m                 Button("Primary Button").accessibilityLabel("Button").accessibilityLabel("Button") {}
    [0;36m|[0;0m                        `- [1;31merror: [1;39mcannot convert value of type 'String' to expected argument type 'PrimitiveButtonStyleConfiguration'[0;0m
[0;36m309 |[0;0m                     .buttonStyle(.borderedProminent)
[0;36m310 |[0;0m                     .tint(self.theme.accentPrimary)

/Users/danielstevens/github-projects/tools-automation/MomentumFinance/Shared/Theme/ThemeDemoComponents.swift:308:100: [1;31merror: [1;39mtype '_' cannot be used as a boolean; test for '!= 0' instead[0;0m
[0;36m306 |[0;0m 
[0;36m307 |[0;0m             VStack(spacing: 12) {
[0;36m308 |[0;0m                 Button("Primary Button").accessibilityLabel("Button").accessibilityLabel("Button") {}
    [0;36m|[0;0m                                                                                                    `- [1;31merror: [1;39mtype '_' cannot be used as a boolean; test for '!= 0' instead[0;0m
[0;36m309 |[0;0m                     .buttonStyle(.borderedProminent)
[0;36m310 |[0;0m                     .tint(self.theme.accentPrimary)

/Users/danielstevens/github-projects/tools-automation/MomentumFinance/Shared/Theme/ThemeDemoComponents.swift:363:22: [1;31merror: [1;39mtrailing closure passed to parameter of type 'Visibility' that does not accept a closure[0;0m
[0;36m361 |[0;0m             .navigationTitle("Theme Settings")
[0;36m362 |[0;0m             .navigationBarTitleDisplayMode(.inline)
[0;36m363 |[0;0m             .toolbar [4;39m{[0;0m
    [0;36m|[0;0m                      `- [1;31merror: [1;39mtrailing closure passed to parameter of type 'Visibility' that does not accept a closure[0;0m
[0;36m364 |[0;0m                 ToolbarItem(placement: .confirmationAction) {
[0;36m365 |[0;0m                     Button("Done").accessibilityLabel("Button").accessibilityLabel("Button") {

SwiftUI.View.toolbar:6:27: [1;39mnote: [1;39m'toolbar(_:for:)' declared here[0;0m
[0;36m4 |[0;0m   @available(tvOS, introduced: 16.0, deprecated: 100000.0, renamed: "toolbarVisibility(_:for:)")
[0;36m5 |[0;0m   @available(watchOS, introduced: 9.0, deprecated: 100000.0, renamed: "toolbarVisibility(_:for:)")
[0;36m6 |[0;0m   nonisolated public func toolbar(_ visibility: Visibility, for bars: ToolbarPlacement...) -> some View
  [0;36m|[0;0m                           `- [1;39mnote: [1;39m'toolbar(_:for:)' declared here[0;0m
[0;36m7 |[0;0m   }
[0;36m8 |[0;0m 

/Users/danielstevens/github-projects/tools-automation/MomentumFinance/Shared/Theme/ThemeDemoView.swift:39:9: [1;31merror: [1;39mproperty 'body' must be declared public because it matches a requirement in public protocol 'View'[0;0m
 [0;36m37 |[0;0m     ]
 [0;36m38 |[0;0m 
 [0;36m39 |[0;0m     var body: some View {
    [0;36m|[0;0m         |- [1;31merror: [1;39mproperty 'body' must be declared public because it matches a requirement in public protocol 'View'[0;0m
    [0;36m|[0;0m         `- [1;39mnote: [1;39mmark the property as 'public' to satisfy the requirement[0;0m
 [0;36m40 |[0;0m         NavigationStack {
 [0;36m41 |[0;0m             ScrollView {

/Users/danielstevens/github-projects/tools-automation/MomentumFinance/Shared/Theme/ThemeDemoView.swift:71:22: [1;31merror: [1;39mtrailing closure passed to parameter of type 'Visibility' that does not accept a closure[0;0m
 [0;36m69 |[0;0m             .background(self.theme.background)
 [0;36m70 |[0;0m             .navigationTitle("Theme Showcase")
 [0;36m71 |[0;0m             .toolbar [4;39m{[0;0m
    [0;36m|[0;0m                      `- [1;31merror: [1;39mtrailing closure passed to parameter of type 'Visibility' that does not accept a closure[0;0m
 [0;36m72 |[0;0m                 ToolbarItem(placement: .primaryAction) {
 [0;36m73 |[0;0m                     Button(action: { self.showSheet = true }).accessibilityLabel("Button") {

SwiftUI.View.toolbar:6:27: [1;39mnote: [1;39m'toolbar(_:for:)' declared here[0;0m
[0;36m4 |[0;0m   @available(tvOS, introduced: 16.0, deprecated: 100000.0, renamed: "toolbarVisibility(_:for:)")
[0;36m5 |[0;0m   @available(watchOS, introduced: 9.0, deprecated: 100000.0, renamed: "toolbarVisibility(_:for:)")
[0;36m6 |[0;0m   nonisolated public func toolbar(_ visibility: Visibility, for bars: ToolbarPlacement...) -> some View
  [0;36m|[0;0m                           `- [1;39mnote: [1;39m'toolbar(_:for:)' declared here[0;0m
[0;36m7 |[0;0m   }
[0;36m8 |[0;0m 

/Users/danielstevens/github-projects/tools-automation/MomentumFinance/Shared/Theme/ThemeManager.swift:154:13: [1;31merror: [1;39mvar 'objectPool' is not concurrency-safe because it is nonisolated global shared mutable state[0;0m [#]8;;https://docs.swift.org/compiler/documentation/diagnostics/mutable-global-variable\MutableGlobalVariable]8;;\]
[0;36m152 |[0;0m 
[0;36m153 |[0;0m /// Object pool for performance optimization
[0;36m154 |[0;0m private var objectPool: [Any] = []
    [0;36m|[0;0m             |- [1;31merror: [1;39mvar 'objectPool' is not concurrency-safe because it is nonisolated global shared mutable state[0;0m [#]8;;https://docs.swift.org/compiler/documentation/diagnostics/mutable-global-variable\MutableGlobalVariable]8;;\]
    [0;36m|[0;0m             |- [1;39mnote: [1;39mconvert 'objectPool' to a 'let' constant to make 'Sendable' shared state immutable[0;0m
    [0;36m|[0;0m             |- [1;39mnote: [1;39madd '@MainActor' to make var 'objectPool' part of global actor 'MainActor'[0;0m
    [0;36m|[0;0m             `- [1;39mnote: [1;39mdisable concurrency-safety checks if accesses are protected by an external synchronization mechanism[0;0m
[0;36m155 |[0;0m private let maxPoolSize = 50
[0;36m156 |[0;0m 

[#MutableGlobalVariable]: <https://docs.swift.org/compiler/documentation/diagnostics/mutable-global-variable>
[82/148] Compiling Shared ThemeDemoPublicWrappers.swift
/Users/danielstevens/github-projects/tools-automation/MomentumFinance/Shared/Theme/ThemeDemoComponents.swift:29:15: [1;31merror: [1;39minvalid redeclaration of 'ThemeSelectorCard'[0;0m
 [0;36m27 |[0;0m 
 [0;36m28 |[0;0m /// Theme selector card for the demo view
 [0;36m29 |[0;0m public struct ThemeSelectorCard: View {
    [0;36m|[0;0m               `- [1;31merror: [1;39minvalid redeclaration of 'ThemeSelectorCard'[0;0m
 [0;36m30 |[0;0m     @Binding var selectedThemeMode: ThemeMode
 [0;36m31 |[0;0m     let theme: ColorTheme

/Users/danielstevens/github-projects/tools-automation/MomentumFinance/Shared/Theme/ThemeDemoComponents.swift:57:15: [1;31merror: [1;39minvalid redeclaration of 'ThemeFinancialSummaryCard'[0;0m
 [0;36m55 |[0;0m 
 [0;36m56 |[0;0m /// Financial summary card for the demo view
 [0;36m57 |[0;0m public struct ThemeFinancialSummaryCard: View {
    [0;36m|[0;0m               `- [1;31merror: [1;39minvalid redeclaration of 'ThemeFinancialSummaryCard'[0;0m
 [0;36m58 |[0;0m     let theme: ColorTheme
 [0;36m59 |[0;0m 

/Users/danielstevens/github-projects/tools-automation/MomentumFinance/Shared/Theme/ThemeDemoComponents.swift:97:15: [1;31merror: [1;39minvalid redeclaration of 'ThemeAccountsList'[0;0m
 [0;36m95 |[0;0m 
 [0;36m96 |[0;0m /// Accounts list for the demo view
 [0;36m97 |[0;0m public struct ThemeAccountsList: View {
    [0;36m|[0;0m               `- [1;31merror: [1;39minvalid redeclaration of 'ThemeAccountsList'[0;0m
 [0;36m98 |[0;0m     let accounts: [AccountData]
 [0;36m99 |[0;0m     let theme: ColorTheme

/Users/danielstevens/github-projects/tools-automation/MomentumFinance/Shared/Theme/ThemeDemoComponents.swift:308:24: [1;31merror: [1;39mcannot convert value of type 'String' to expected argument type 'PrimitiveButtonStyleConfiguration'[0;0m
[0;36m306 |[0;0m 
[0;36m307 |[0;0m             VStack(spacing: 12) {
[0;36m308 |[0;0m                 Button("Primary Button").accessibilityLabel("Button").accessibilityLabel("Button") {}
    [0;36m|[0;0m                        `- [1;31merror: [1;39mcannot convert value of type 'String' to expected argument type 'PrimitiveButtonStyleConfiguration'[0;0m
[0;36m309 |[0;0m                     .buttonStyle(.borderedProminent)
[0;36m310 |[0;0m                     .tint(self.theme.accentPrimary)

/Users/danielstevens/github-projects/tools-automation/MomentumFinance/Shared/Theme/ThemeDemoComponents.swift:308:100: [1;31merror: [1;39mtype '_' cannot be used as a boolean; test for '!= 0' instead[0;0m
[0;36m306 |[0;0m 
[0;36m307 |[0;0m             VStack(spacing: 12) {
[0;36m308 |[0;0m                 Button("Primary Button").accessibilityLabel("Button").accessibilityLabel("Button") {}
    [0;36m|[0;0m                                                                                                    `- [1;31merror: [1;39mtype '_' cannot be used as a boolean; test for '!= 0' instead[0;0m
[0;36m309 |[0;0m                     .buttonStyle(.borderedProminent)
[0;36m310 |[0;0m                     .tint(self.theme.accentPrimary)

/Users/danielstevens/github-projects/tools-automation/MomentumFinance/Shared/Theme/ThemeDemoComponents.swift:363:22: [1;31merror: [1;39mtrailing closure passed to parameter of type 'Visibility' that does not accept a closure[0;0m
[0;36m361 |[0;0m             .navigationTitle("Theme Settings")
[0;36m362 |[0;0m             .navigationBarTitleDisplayMode(.inline)
[0;36m363 |[0;0m             .toolbar [4;39m{[0;0m
    [0;36m|[0;0m                      `- [1;31merror: [1;39mtrailing closure passed to parameter of type 'Visibility' that does not accept a closure[0;0m
[0;36m364 |[0;0m                 ToolbarItem(placement: .confirmationAction) {
[0;36m365 |[0;0m                     Button("Done").accessibilityLabel("Button").accessibilityLabel("Button") {

SwiftUI.View.toolbar:6:27: [1;39mnote: [1;39m'toolbar(_:for:)' declared here[0;0m
[0;36m4 |[0;0m   @available(tvOS, introduced: 16.0, deprecated: 100000.0, renamed: "toolbarVisibility(_:for:)")
[0;36m5 |[0;0m   @available(watchOS, introduced: 9.0, deprecated: 100000.0, renamed: "toolbarVisibility(_:for:)")
[0;36m6 |[0;0m   nonisolated public func toolbar(_ visibility: Visibility, for bars: ToolbarPlacement...) -> some View
  [0;36m|[0;0m                           `- [1;39mnote: [1;39m'toolbar(_:for:)' declared here[0;0m
[0;36m7 |[0;0m   }
[0;36m8 |[0;0m 

/Users/danielstevens/github-projects/tools-automation/MomentumFinance/Shared/Theme/ThemeDemoView.swift:39:9: [1;31merror: [1;39mproperty 'body' must be declared public because it matches a requirement in public protocol 'View'[0;0m
 [0;36m37 |[0;0m     ]
 [0;36m38 |[0;0m 
 [0;36m39 |[0;0m     var body: some View {
    [0;36m|[0;0m         |- [1;31merror: [1;39mproperty 'body' must be declared public because it matches a requirement in public protocol 'View'[0;0m
    [0;36m|[0;0m         `- [1;39mnote: [1;39mmark the property as 'public' to satisfy the requirement[0;0m
 [0;36m40 |[0;0m         NavigationStack {
 [0;36m41 |[0;0m             ScrollView {

/Users/danielstevens/github-projects/tools-automation/MomentumFinance/Shared/Theme/ThemeDemoView.swift:71:22: [1;31merror: [1;39mtrailing closure passed to parameter of type 'Visibility' that does not accept a closure[0;0m
 [0;36m69 |[0;0m             .background(self.theme.background)
 [0;36m70 |[0;0m             .navigationTitle("Theme Showcase")
 [0;36m71 |[0;0m             .toolbar [4;39m{[0;0m
    [0;36m|[0;0m                      `- [1;31merror: [1;39mtrailing closure passed to parameter of type 'Visibility' that does not accept a closure[0;0m
 [0;36m72 |[0;0m                 ToolbarItem(placement: .primaryAction) {
 [0;36m73 |[0;0m                     Button(action: { self.showSheet = true }).accessibilityLabel("Button") {

SwiftUI.View.toolbar:6:27: [1;39mnote: [1;39m'toolbar(_:for:)' declared here[0;0m
[0;36m4 |[0;0m   @available(tvOS, introduced: 16.0, deprecated: 100000.0, renamed: "toolbarVisibility(_:for:)")
[0;36m5 |[0;0m   @available(watchOS, introduced: 9.0, deprecated: 100000.0, renamed: "toolbarVisibility(_:for:)")
[0;36m6 |[0;0m   nonisolated public func toolbar(_ visibility: Visibility, for bars: ToolbarPlacement...) -> some View
  [0;36m|[0;0m                           `- [1;39mnote: [1;39m'toolbar(_:for:)' declared here[0;0m
[0;36m7 |[0;0m   }
[0;36m8 |[0;0m 

/Users/danielstevens/github-projects/tools-automation/MomentumFinance/Shared/Theme/ThemeManager.swift:154:13: [1;31merror: [1;39mvar 'objectPool' is not concurrency-safe because it is nonisolated global shared mutable state[0;0m [#]8;;https://docs.swift.org/compiler/documentation/diagnostics/mutable-global-variable\MutableGlobalVariable]8;;\]
[0;36m152 |[0;0m 
[0;36m153 |[0;0m /// Object pool for performance optimization
[0;36m154 |[0;0m private var objectPool: [Any] = []
    [0;36m|[0;0m             |- [1;31merror: [1;39mvar 'objectPool' is not concurrency-safe because it is nonisolated global shared mutable state[0;0m [#]8;;https://docs.swift.org/compiler/documentation/diagnostics/mutable-global-variable\MutableGlobalVariable]8;;\]
    [0;36m|[0;0m             |- [1;39mnote: [1;39mconvert 'objectPool' to a 'let' constant to make 'Sendable' shared state immutable[0;0m
    [0;36m|[0;0m             |- [1;39mnote: [1;39madd '@MainActor' to make var 'objectPool' part of global actor 'MainActor'[0;0m
    [0;36m|[0;0m             `- [1;39mnote: [1;39mdisable concurrency-safety checks if accesses are protected by an external synchronization mechanism[0;0m
[0;36m155 |[0;0m private let maxPoolSize = 50
[0;36m156 |[0;0m 

[#MutableGlobalVariable]: <https://docs.swift.org/compiler/documentation/diagnostics/mutable-global-variable>
[83/148] Compiling Shared ThemeDemoView.swift
/Users/danielstevens/github-projects/tools-automation/MomentumFinance/Shared/Theme/ThemeDemoComponents.swift:29:15: [1;31merror: [1;39minvalid redeclaration of 'ThemeSelectorCard'[0;0m
 [0;36m27 |[0;0m 
 [0;36m28 |[0;0m /// Theme selector card for the demo view
 [0;36m29 |[0;0m public struct ThemeSelectorCard: View {
    [0;36m|[0;0m               `- [1;31merror: [1;39minvalid redeclaration of 'ThemeSelectorCard'[0;0m
 [0;36m30 |[0;0m     @Binding var selectedThemeMode: ThemeMode
 [0;36m31 |[0;0m     let theme: ColorTheme

/Users/danielstevens/github-projects/tools-automation/MomentumFinance/Shared/Theme/ThemeDemoComponents.swift:57:15: [1;31merror: [1;39minvalid redeclaration of 'ThemeFinancialSummaryCard'[0;0m
 [0;36m55 |[0;0m 
 [0;36m56 |[0;0m /// Financial summary card for the demo view
 [0;36m57 |[0;0m public struct ThemeFinancialSummaryCard: View {
    [0;36m|[0;0m               `- [1;31merror: [1;39minvalid redeclaration of 'ThemeFinancialSummaryCard'[0;0m
 [0;36m58 |[0;0m     let theme: ColorTheme
 [0;36m59 |[0;0m 

/Users/danielstevens/github-projects/tools-automation/MomentumFinance/Shared/Theme/ThemeDemoComponents.swift:97:15: [1;31merror: [1;39minvalid redeclaration of 'ThemeAccountsList'[0;0m
 [0;36m95 |[0;0m 
 [0;36m96 |[0;0m /// Accounts list for the demo view
 [0;36m97 |[0;0m public struct ThemeAccountsList: View {
    [0;36m|[0;0m               `- [1;31merror: [1;39minvalid redeclaration of 'ThemeAccountsList'[0;0m
 [0;36m98 |[0;0m     let accounts: [AccountData]
 [0;36m99 |[0;0m     let theme: ColorTheme

/Users/danielstevens/github-projects/tools-automation/MomentumFinance/Shared/Theme/ThemeDemoComponents.swift:308:24: [1;31merror: [1;39mcannot convert value of type 'String' to expected argument type 'PrimitiveButtonStyleConfiguration'[0;0m
[0;36m306 |[0;0m 
[0;36m307 |[0;0m             VStack(spacing: 12) {
[0;36m308 |[0;0m                 Button("Primary Button").accessibilityLabel("Button").accessibilityLabel("Button") {}
    [0;36m|[0;0m                        `- [1;31merror: [1;39mcannot convert value of type 'String' to expected argument type 'PrimitiveButtonStyleConfiguration'[0;0m
[0;36m309 |[0;0m                     .buttonStyle(.borderedProminent)
[0;36m310 |[0;0m                     .tint(self.theme.accentPrimary)

/Users/danielstevens/github-projects/tools-automation/MomentumFinance/Shared/Theme/ThemeDemoComponents.swift:308:100: [1;31merror: [1;39mtype '_' cannot be used as a boolean; test for '!= 0' instead[0;0m
[0;36m306 |[0;0m 
[0;36m307 |[0;0m             VStack(spacing: 12) {
[0;36m308 |[0;0m                 Button("Primary Button").accessibilityLabel("Button").accessibilityLabel("Button") {}
    [0;36m|[0;0m                                                                                                    `- [1;31merror: [1;39mtype '_' cannot be used as a boolean; test for '!= 0' instead[0;0m
[0;36m309 |[0;0m                     .buttonStyle(.borderedProminent)
[0;36m310 |[0;0m                     .tint(self.theme.accentPrimary)

/Users/danielstevens/github-projects/tools-automation/MomentumFinance/Shared/Theme/ThemeDemoComponents.swift:363:22: [1;31merror: [1;39mtrailing closure passed to parameter of type 'Visibility' that does not accept a closure[0;0m
[0;36m361 |[0;0m             .navigationTitle("Theme Settings")
[0;36m362 |[0;0m             .navigationBarTitleDisplayMode(.inline)
[0;36m363 |[0;0m             .toolbar [4;39m{[0;0m
    [0;36m|[0;0m                      `- [1;31merror: [1;39mtrailing closure passed to parameter of type 'Visibility' that does not accept a closure[0;0m
[0;36m364 |[0;0m                 ToolbarItem(placement: .confirmationAction) {
[0;36m365 |[0;0m                     Button("Done").accessibilityLabel("Button").accessibilityLabel("Button") {

SwiftUI.View.toolbar:6:27: [1;39mnote: [1;39m'toolbar(_:for:)' declared here[0;0m
[0;36m4 |[0;0m   @available(tvOS, introduced: 16.0, deprecated: 100000.0, renamed: "toolbarVisibility(_:for:)")
[0;36m5 |[0;0m   @available(watchOS, introduced: 9.0, deprecated: 100000.0, renamed: "toolbarVisibility(_:for:)")
[0;36m6 |[0;0m   nonisolated public func toolbar(_ visibility: Visibility, for bars: ToolbarPlacement...) -> some View
  [0;36m|[0;0m                           `- [1;39mnote: [1;39m'toolbar(_:for:)' declared here[0;0m
[0;36m7 |[0;0m   }
[0;36m8 |[0;0m 

/Users/danielstevens/github-projects/tools-automation/MomentumFinance/Shared/Theme/ThemeDemoView.swift:39:9: [1;31merror: [1;39mproperty 'body' must be declared public because it matches a requirement in public protocol 'View'[0;0m
 [0;36m37 |[0;0m     ]
 [0;36m38 |[0;0m 
 [0;36m39 |[0;0m     var body: some View {
    [0;36m|[0;0m         |- [1;31merror: [1;39mproperty 'body' must be declared public because it matches a requirement in public protocol 'View'[0;0m
    [0;36m|[0;0m         `- [1;39mnote: [1;39mmark the property as 'public' to satisfy the requirement[0;0m
 [0;36m40 |[0;0m         NavigationStack {
 [0;36m41 |[0;0m             ScrollView {

/Users/danielstevens/github-projects/tools-automation/MomentumFinance/Shared/Theme/ThemeDemoView.swift:71:22: [1;31merror: [1;39mtrailing closure passed to parameter of type 'Visibility' that does not accept a closure[0;0m
 [0;36m69 |[0;0m             .background(self.theme.background)
 [0;36m70 |[0;0m             .navigationTitle("Theme Showcase")
 [0;36m71 |[0;0m             .toolbar [4;39m{[0;0m
    [0;36m|[0;0m                      `- [1;31merror: [1;39mtrailing closure passed to parameter of type 'Visibility' that does not accept a closure[0;0m
 [0;36m72 |[0;0m                 ToolbarItem(placement: .primaryAction) {
 [0;36m73 |[0;0m                     Button(action: { self.showSheet = true }).accessibilityLabel("Button") {

SwiftUI.View.toolbar:6:27: [1;39mnote: [1;39m'toolbar(_:for:)' declared here[0;0m
[0;36m4 |[0;0m   @available(tvOS, introduced: 16.0, deprecated: 100000.0, renamed: "toolbarVisibility(_:for:)")
[0;36m5 |[0;0m   @available(watchOS, introduced: 9.0, deprecated: 100000.0, renamed: "toolbarVisibility(_:for:)")
[0;36m6 |[0;0m   nonisolated public func toolbar(_ visibility: Visibility, for bars: ToolbarPlacement...) -> some View
  [0;36m|[0;0m                           `- [1;39mnote: [1;39m'toolbar(_:for:)' declared here[0;0m
[0;36m7 |[0;0m   }
[0;36m8 |[0;0m 

/Users/danielstevens/github-projects/tools-automation/MomentumFinance/Shared/Theme/ThemeManager.swift:154:13: [1;31merror: [1;39mvar 'objectPool' is not concurrency-safe because it is nonisolated global shared mutable state[0;0m [#]8;;https://docs.swift.org/compiler/documentation/diagnostics/mutable-global-variable\MutableGlobalVariable]8;;\]
[0;36m152 |[0;0m 
[0;36m153 |[0;0m /// Object pool for performance optimization
[0;36m154 |[0;0m private var objectPool: [Any] = []
    [0;36m|[0;0m             |- [1;31merror: [1;39mvar 'objectPool' is not concurrency-safe because it is nonisolated global shared mutable state[0;0m [#]8;;https://docs.swift.org/compiler/documentation/diagnostics/mutable-global-variable\MutableGlobalVariable]8;;\]
    [0;36m|[0;0m             |- [1;39mnote: [1;39mconvert 'objectPool' to a 'let' constant to make 'Sendable' shared state immutable[0;0m
    [0;36m|[0;0m             |- [1;39mnote: [1;39madd '@MainActor' to make var 'objectPool' part of global actor 'MainActor'[0;0m
    [0;36m|[0;0m             `- [1;39mnote: [1;39mdisable concurrency-safety checks if accesses are protected by an external synchronization mechanism[0;0m
[0;36m155 |[0;0m private let maxPoolSize = 50
[0;36m156 |[0;0m 

[#MutableGlobalVariable]: <https://docs.swift.org/compiler/documentation/diagnostics/mutable-global-variable>
[84/148] Compiling Shared ThemeEnums.swift
/Users/danielstevens/github-projects/tools-automation/MomentumFinance/Shared/Theme/ThemeDemoComponents.swift:29:15: [1;31merror: [1;39minvalid redeclaration of 'ThemeSelectorCard'[0;0m
 [0;36m27 |[0;0m 
 [0;36m28 |[0;0m /// Theme selector card for the demo view
 [0;36m29 |[0;0m public struct ThemeSelectorCard: View {
    [0;36m|[0;0m               `- [1;31merror: [1;39minvalid redeclaration of 'ThemeSelectorCard'[0;0m
 [0;36m30 |[0;0m     @Binding var selectedThemeMode: ThemeMode
 [0;36m31 |[0;0m     let theme: ColorTheme

/Users/danielstevens/github-projects/tools-automation/MomentumFinance/Shared/Theme/ThemeDemoComponents.swift:57:15: [1;31merror: [1;39minvalid redeclaration of 'ThemeFinancialSummaryCard'[0;0m
 [0;36m55 |[0;0m 
 [0;36m56 |[0;0m /// Financial summary card for the demo view
 [0;36m57 |[0;0m public struct ThemeFinancialSummaryCard: View {
    [0;36m|[0;0m               `- [1;31merror: [1;39minvalid redeclaration of 'ThemeFinancialSummaryCard'[0;0m
 [0;36m58 |[0;0m     let theme: ColorTheme
 [0;36m59 |[0;0m 

/Users/danielstevens/github-projects/tools-automation/MomentumFinance/Shared/Theme/ThemeDemoComponents.swift:97:15: [1;31merror: [1;39minvalid redeclaration of 'ThemeAccountsList'[0;0m
 [0;36m95 |[0;0m 
 [0;36m96 |[0;0m /// Accounts list for the demo view
 [0;36m97 |[0;0m public struct ThemeAccountsList: View {
    [0;36m|[0;0m               `- [1;31merror: [1;39minvalid redeclaration of 'ThemeAccountsList'[0;0m
 [0;36m98 |[0;0m     let accounts: [AccountData]
 [0;36m99 |[0;0m     let theme: ColorTheme

/Users/danielstevens/github-projects/tools-automation/MomentumFinance/Shared/Theme/ThemeDemoComponents.swift:308:24: [1;31merror: [1;39mcannot convert value of type 'String' to expected argument type 'PrimitiveButtonStyleConfiguration'[0;0m
[0;36m306 |[0;0m 
[0;36m307 |[0;0m             VStack(spacing: 12) {
[0;36m308 |[0;0m                 Button("Primary Button").accessibilityLabel("Button").accessibilityLabel("Button") {}
    [0;36m|[0;0m                        `- [1;31merror: [1;39mcannot convert value of type 'String' to expected argument type 'PrimitiveButtonStyleConfiguration'[0;0m
[0;36m309 |[0;0m                     .buttonStyle(.borderedProminent)
[0;36m310 |[0;0m                     .tint(self.theme.accentPrimary)

/Users/danielstevens/github-projects/tools-automation/MomentumFinance/Shared/Theme/ThemeDemoComponents.swift:308:100: [1;31merror: [1;39mtype '_' cannot be used as a boolean; test for '!= 0' instead[0;0m
[0;36m306 |[0;0m 
[0;36m307 |[0;0m             VStack(spacing: 12) {
[0;36m308 |[0;0m                 Button("Primary Button").accessibilityLabel("Button").accessibilityLabel("Button") {}
    [0;36m|[0;0m                                                                                                    `- [1;31merror: [1;39mtype '_' cannot be used as a boolean; test for '!= 0' instead[0;0m
[0;36m309 |[0;0m                     .buttonStyle(.borderedProminent)
[0;36m310 |[0;0m                     .tint(self.theme.accentPrimary)

/Users/danielstevens/github-projects/tools-automation/MomentumFinance/Shared/Theme/ThemeDemoComponents.swift:363:22: [1;31merror: [1;39mtrailing closure passed to parameter of type 'Visibility' that does not accept a closure[0;0m
[0;36m361 |[0;0m             .navigationTitle("Theme Settings")
[0;36m362 |[0;0m             .navigationBarTitleDisplayMode(.inline)
[0;36m363 |[0;0m             .toolbar [4;39m{[0;0m
    [0;36m|[0;0m                      `- [1;31merror: [1;39mtrailing closure passed to parameter of type 'Visibility' that does not accept a closure[0;0m
[0;36m364 |[0;0m                 ToolbarItem(placement: .confirmationAction) {
[0;36m365 |[0;0m                     Button("Done").accessibilityLabel("Button").accessibilityLabel("Button") {

SwiftUI.View.toolbar:6:27: [1;39mnote: [1;39m'toolbar(_:for:)' declared here[0;0m
[0;36m4 |[0;0m   @available(tvOS, introduced: 16.0, deprecated: 100000.0, renamed: "toolbarVisibility(_:for:)")
[0;36m5 |[0;0m   @available(watchOS, introduced: 9.0, deprecated: 100000.0, renamed: "toolbarVisibility(_:for:)")
[0;36m6 |[0;0m   nonisolated public func toolbar(_ visibility: Visibility, for bars: ToolbarPlacement...) -> some View
  [0;36m|[0;0m                           `- [1;39mnote: [1;39m'toolbar(_:for:)' declared here[0;0m
[0;36m7 |[0;0m   }
[0;36m8 |[0;0m 

/Users/danielstevens/github-projects/tools-automation/MomentumFinance/Shared/Theme/ThemeDemoView.swift:39:9: [1;31merror: [1;39mproperty 'body' must be declared public because it matches a requirement in public protocol 'View'[0;0m
 [0;36m37 |[0;0m     ]
 [0;36m38 |[0;0m 
 [0;36m39 |[0;0m     var body: some View {
    [0;36m|[0;0m         |- [1;31merror: [1;39mproperty 'body' must be declared public because it matches a requirement in public protocol 'View'[0;0m
    [0;36m|[0;0m         `- [1;39mnote: [1;39mmark the property as 'public' to satisfy the requirement[0;0m
 [0;36m40 |[0;0m         NavigationStack {
 [0;36m41 |[0;0m             ScrollView {

/Users/danielstevens/github-projects/tools-automation/MomentumFinance/Shared/Theme/ThemeDemoView.swift:71:22: [1;31merror: [1;39mtrailing closure passed to parameter of type 'Visibility' that does not accept a closure[0;0m
 [0;36m69 |[0;0m             .background(self.theme.background)
 [0;36m70 |[0;0m             .navigationTitle("Theme Showcase")
 [0;36m71 |[0;0m             .toolbar [4;39m{[0;0m
    [0;36m|[0;0m                      `- [1;31merror: [1;39mtrailing closure passed to parameter of type 'Visibility' that does not accept a closure[0;0m
 [0;36m72 |[0;0m                 ToolbarItem(placement: .primaryAction) {
 [0;36m73 |[0;0m                     Button(action: { self.showSheet = true }).accessibilityLabel("Button") {

SwiftUI.View.toolbar:6:27: [1;39mnote: [1;39m'toolbar(_:for:)' declared here[0;0m
[0;36m4 |[0;0m   @available(tvOS, introduced: 16.0, deprecated: 100000.0, renamed: "toolbarVisibility(_:for:)")
[0;36m5 |[0;0m   @available(watchOS, introduced: 9.0, deprecated: 100000.0, renamed: "toolbarVisibility(_:for:)")
[0;36m6 |[0;0m   nonisolated public func toolbar(_ visibility: Visibility, for bars: ToolbarPlacement...) -> some View
  [0;36m|[0;0m                           `- [1;39mnote: [1;39m'toolbar(_:for:)' declared here[0;0m
[0;36m7 |[0;0m   }
[0;36m8 |[0;0m 

/Users/danielstevens/github-projects/tools-automation/MomentumFinance/Shared/Theme/ThemeManager.swift:154:13: [1;31merror: [1;39mvar 'objectPool' is not concurrency-safe because it is nonisolated global shared mutable state[0;0m [#]8;;https://docs.swift.org/compiler/documentation/diagnostics/mutable-global-variable\MutableGlobalVariable]8;;\]
[0;36m152 |[0;0m 
[0;36m153 |[0;0m /// Object pool for performance optimization
[0;36m154 |[0;0m private var objectPool: [Any] = []
    [0;36m|[0;0m             |- [1;31merror: [1;39mvar 'objectPool' is not concurrency-safe because it is nonisolated global shared mutable state[0;0m [#]8;;https://docs.swift.org/compiler/documentation/diagnostics/mutable-global-variable\MutableGlobalVariable]8;;\]
    [0;36m|[0;0m             |- [1;39mnote: [1;39mconvert 'objectPool' to a 'let' constant to make 'Sendable' shared state immutable[0;0m
    [0;36m|[0;0m             |- [1;39mnote: [1;39madd '@MainActor' to make var 'objectPool' part of global actor 'MainActor'[0;0m
    [0;36m|[0;0m             `- [1;39mnote: [1;39mdisable concurrency-safety checks if accesses are protected by an external synchronization mechanism[0;0m
[0;36m155 |[0;0m private let maxPoolSize = 50
[0;36m156 |[0;0m 

[#MutableGlobalVariable]: <https://docs.swift.org/compiler/documentation/diagnostics/mutable-global-variable>
[85/148] Compiling Shared ThemeManager.swift
/Users/danielstevens/github-projects/tools-automation/MomentumFinance/Shared/Theme/ThemeDemoComponents.swift:29:15: [1;31merror: [1;39minvalid redeclaration of 'ThemeSelectorCard'[0;0m
 [0;36m27 |[0;0m 
 [0;36m28 |[0;0m /// Theme selector card for the demo view
 [0;36m29 |[0;0m public struct ThemeSelectorCard: View {
    [0;36m|[0;0m               `- [1;31merror: [1;39minvalid redeclaration of 'ThemeSelectorCard'[0;0m
 [0;36m30 |[0;0m     @Binding var selectedThemeMode: ThemeMode
 [0;36m31 |[0;0m     let theme: ColorTheme

/Users/danielstevens/github-projects/tools-automation/MomentumFinance/Shared/Theme/ThemeDemoComponents.swift:57:15: [1;31merror: [1;39minvalid redeclaration of 'ThemeFinancialSummaryCard'[0;0m
 [0;36m55 |[0;0m 
 [0;36m56 |[0;0m /// Financial summary card for the demo view
 [0;36m57 |[0;0m public struct ThemeFinancialSummaryCard: View {
    [0;36m|[0;0m               `- [1;31merror: [1;39minvalid redeclaration of 'ThemeFinancialSummaryCard'[0;0m
 [0;36m58 |[0;0m     let theme: ColorTheme
 [0;36m59 |[0;0m 

/Users/danielstevens/github-projects/tools-automation/MomentumFinance/Shared/Theme/ThemeDemoComponents.swift:97:15: [1;31merror: [1;39minvalid redeclaration of 'ThemeAccountsList'[0;0m
 [0;36m95 |[0;0m 
 [0;36m96 |[0;0m /// Accounts list for the demo view
 [0;36m97 |[0;0m public struct ThemeAccountsList: View {
    [0;36m|[0;0m               `- [1;31merror: [1;39minvalid redeclaration of 'ThemeAccountsList'[0;0m
 [0;36m98 |[0;0m     let accounts: [AccountData]
 [0;36m99 |[0;0m     let theme: ColorTheme

/Users/danielstevens/github-projects/tools-automation/MomentumFinance/Shared/Theme/ThemeDemoComponents.swift:308:24: [1;31merror: [1;39mcannot convert value of type 'String' to expected argument type 'PrimitiveButtonStyleConfiguration'[0;0m
[0;36m306 |[0;0m 
[0;36m307 |[0;0m             VStack(spacing: 12) {
[0;36m308 |[0;0m                 Button("Primary Button").accessibilityLabel("Button").accessibilityLabel("Button") {}
    [0;36m|[0;0m                        `- [1;31merror: [1;39mcannot convert value of type 'String' to expected argument type 'PrimitiveButtonStyleConfiguration'[0;0m
[0;36m309 |[0;0m                     .buttonStyle(.borderedProminent)
[0;36m310 |[0;0m                     .tint(self.theme.accentPrimary)

/Users/danielstevens/github-projects/tools-automation/MomentumFinance/Shared/Theme/ThemeDemoComponents.swift:308:100: [1;31merror: [1;39mtype '_' cannot be used as a boolean; test for '!= 0' instead[0;0m
[0;36m306 |[0;0m 
[0;36m307 |[0;0m             VStack(spacing: 12) {
[0;36m308 |[0;0m                 Button("Primary Button").accessibilityLabel("Button").accessibilityLabel("Button") {}
    [0;36m|[0;0m                                                                                                    `- [1;31merror: [1;39mtype '_' cannot be used as a boolean; test for '!= 0' instead[0;0m
[0;36m309 |[0;0m                     .buttonStyle(.borderedProminent)
[0;36m310 |[0;0m                     .tint(self.theme.accentPrimary)

/Users/danielstevens/github-projects/tools-automation/MomentumFinance/Shared/Theme/ThemeDemoComponents.swift:363:22: [1;31merror: [1;39mtrailing closure passed to parameter of type 'Visibility' that does not accept a closure[0;0m
[0;36m361 |[0;0m             .navigationTitle("Theme Settings")
[0;36m362 |[0;0m             .navigationBarTitleDisplayMode(.inline)
[0;36m363 |[0;0m             .toolbar [4;39m{[0;0m
    [0;36m|[0;0m                      `- [1;31merror: [1;39mtrailing closure passed to parameter of type 'Visibility' that does not accept a closure[0;0m
[0;36m364 |[0;0m                 ToolbarItem(placement: .confirmationAction) {
[0;36m365 |[0;0m                     Button("Done").accessibilityLabel("Button").accessibilityLabel("Button") {

SwiftUI.View.toolbar:6:27: [1;39mnote: [1;39m'toolbar(_:for:)' declared here[0;0m
[0;36m4 |[0;0m   @available(tvOS, introduced: 16.0, deprecated: 100000.0, renamed: "toolbarVisibility(_:for:)")
[0;36m5 |[0;0m   @available(watchOS, introduced: 9.0, deprecated: 100000.0, renamed: "toolbarVisibility(_:for:)")
[0;36m6 |[0;0m   nonisolated public func toolbar(_ visibility: Visibility, for bars: ToolbarPlacement...) -> some View
  [0;36m|[0;0m                           `- [1;39mnote: [1;39m'toolbar(_:for:)' declared here[0;0m
[0;36m7 |[0;0m   }
[0;36m8 |[0;0m 

/Users/danielstevens/github-projects/tools-automation/MomentumFinance/Shared/Theme/ThemeDemoView.swift:39:9: [1;31merror: [1;39mproperty 'body' must be declared public because it matches a requirement in public protocol 'View'[0;0m
 [0;36m37 |[0;0m     ]
 [0;36m38 |[0;0m 
 [0;36m39 |[0;0m     var body: some View {
    [0;36m|[0;0m         |- [1;31merror: [1;39mproperty 'body' must be declared public because it matches a requirement in public protocol 'View'[0;0m
    [0;36m|[0;0m         `- [1;39mnote: [1;39mmark the property as 'public' to satisfy the requirement[0;0m
 [0;36m40 |[0;0m         NavigationStack {
 [0;36m41 |[0;0m             ScrollView {

/Users/danielstevens/github-projects/tools-automation/MomentumFinance/Shared/Theme/ThemeDemoView.swift:71:22: [1;31merror: [1;39mtrailing closure passed to parameter of type 'Visibility' that does not accept a closure[0;0m
 [0;36m69 |[0;0m             .background(self.theme.background)
 [0;36m70 |[0;0m             .navigationTitle("Theme Showcase")
 [0;36m71 |[0;0m             .toolbar [4;39m{[0;0m
    [0;36m|[0;0m                      `- [1;31merror: [1;39mtrailing closure passed to parameter of type 'Visibility' that does not accept a closure[0;0m
 [0;36m72 |[0;0m                 ToolbarItem(placement: .primaryAction) {
 [0;36m73 |[0;0m                     Button(action: { self.showSheet = true }).accessibilityLabel("Button") {

SwiftUI.View.toolbar:6:27: [1;39mnote: [1;39m'toolbar(_:for:)' declared here[0;0m
[0;36m4 |[0;0m   @available(tvOS, introduced: 16.0, deprecated: 100000.0, renamed: "toolbarVisibility(_:for:)")
[0;36m5 |[0;0m   @available(watchOS, introduced: 9.0, deprecated: 100000.0, renamed: "toolbarVisibility(_:for:)")
[0;36m6 |[0;0m   nonisolated public func toolbar(_ visibility: Visibility, for bars: ToolbarPlacement...) -> some View
  [0;36m|[0;0m                           `- [1;39mnote: [1;39m'toolbar(_:for:)' declared here[0;0m
[0;36m7 |[0;0m   }
[0;36m8 |[0;0m 

/Users/danielstevens/github-projects/tools-automation/MomentumFinance/Shared/Theme/ThemeManager.swift:154:13: [1;31merror: [1;39mvar 'objectPool' is not concurrency-safe because it is nonisolated global shared mutable state[0;0m [#]8;;https://docs.swift.org/compiler/documentation/diagnostics/mutable-global-variable\MutableGlobalVariable]8;;\]
[0;36m152 |[0;0m 
[0;36m153 |[0;0m /// Object pool for performance optimization
[0;36m154 |[0;0m private var objectPool: [Any] = []
    [0;36m|[0;0m             |- [1;31merror: [1;39mvar 'objectPool' is not concurrency-safe because it is nonisolated global shared mutable state[0;0m [#]8;;https://docs.swift.org/compiler/documentation/diagnostics/mutable-global-variable\MutableGlobalVariable]8;;\]
    [0;36m|[0;0m             |- [1;39mnote: [1;39mconvert 'objectPool' to a 'let' constant to make 'Sendable' shared state immutable[0;0m
    [0;36m|[0;0m             |- [1;39mnote: [1;39madd '@MainActor' to make var 'objectPool' part of global actor 'MainActor'[0;0m
    [0;36m|[0;0m             `- [1;39mnote: [1;39mdisable concurrency-safety checks if accesses are protected by an external synchronization mechanism[0;0m
[0;36m155 |[0;0m private let maxPoolSize = 50
[0;36m156 |[0;0m 

[#MutableGlobalVariable]: <https://docs.swift.org/compiler/documentation/diagnostics/mutable-global-variable>
[86/148] Compiling Shared ThemePersistence.swift
/Users/danielstevens/github-projects/tools-automation/MomentumFinance/Shared/Theme/ThemeDemoComponents.swift:29:15: [1;31merror: [1;39minvalid redeclaration of 'ThemeSelectorCard'[0;0m
 [0;36m27 |[0;0m 
 [0;36m28 |[0;0m /// Theme selector card for the demo view
 [0;36m29 |[0;0m public struct ThemeSelectorCard: View {
    [0;36m|[0;0m               `- [1;31merror: [1;39minvalid redeclaration of 'ThemeSelectorCard'[0;0m
 [0;36m30 |[0;0m     @Binding var selectedThemeMode: ThemeMode
 [0;36m31 |[0;0m     let theme: ColorTheme

/Users/danielstevens/github-projects/tools-automation/MomentumFinance/Shared/Theme/ThemeDemoComponents.swift:57:15: [1;31merror: [1;39minvalid redeclaration of 'ThemeFinancialSummaryCard'[0;0m
 [0;36m55 |[0;0m 
 [0;36m56 |[0;0m /// Financial summary card for the demo view
 [0;36m57 |[0;0m public struct ThemeFinancialSummaryCard: View {
    [0;36m|[0;0m               `- [1;31merror: [1;39minvalid redeclaration of 'ThemeFinancialSummaryCard'[0;0m
 [0;36m58 |[0;0m     let theme: ColorTheme
 [0;36m59 |[0;0m 

/Users/danielstevens/github-projects/tools-automation/MomentumFinance/Shared/Theme/ThemeDemoComponents.swift:97:15: [1;31merror: [1;39minvalid redeclaration of 'ThemeAccountsList'[0;0m
 [0;36m95 |[0;0m 
 [0;36m96 |[0;0m /// Accounts list for the demo view
 [0;36m97 |[0;0m public struct ThemeAccountsList: View {
    [0;36m|[0;0m               `- [1;31merror: [1;39minvalid redeclaration of 'ThemeAccountsList'[0;0m
 [0;36m98 |[0;0m     let accounts: [AccountData]
 [0;36m99 |[0;0m     let theme: ColorTheme

/Users/danielstevens/github-projects/tools-automation/MomentumFinance/Shared/Theme/ThemeDemoComponents.swift:308:24: [1;31merror: [1;39mcannot convert value of type 'String' to expected argument type 'PrimitiveButtonStyleConfiguration'[0;0m
[0;36m306 |[0;0m 
[0;36m307 |[0;0m             VStack(spacing: 12) {
[0;36m308 |[0;0m                 Button("Primary Button").accessibilityLabel("Button").accessibilityLabel("Button") {}
    [0;36m|[0;0m                        `- [1;31merror: [1;39mcannot convert value of type 'String' to expected argument type 'PrimitiveButtonStyleConfiguration'[0;0m
[0;36m309 |[0;0m                     .buttonStyle(.borderedProminent)
[0;36m310 |[0;0m                     .tint(self.theme.accentPrimary)

/Users/danielstevens/github-projects/tools-automation/MomentumFinance/Shared/Theme/ThemeDemoComponents.swift:308:100: [1;31merror: [1;39mtype '_' cannot be used as a boolean; test for '!= 0' instead[0;0m
[0;36m306 |[0;0m 
[0;36m307 |[0;0m             VStack(spacing: 12) {
[0;36m308 |[0;0m                 Button("Primary Button").accessibilityLabel("Button").accessibilityLabel("Button") {}
    [0;36m|[0;0m                                                                                                    `- [1;31merror: [1;39mtype '_' cannot be used as a boolean; test for '!= 0' instead[0;0m
[0;36m309 |[0;0m                     .buttonStyle(.borderedProminent)
[0;36m310 |[0;0m                     .tint(self.theme.accentPrimary)

/Users/danielstevens/github-projects/tools-automation/MomentumFinance/Shared/Theme/ThemeDemoComponents.swift:363:22: [1;31merror: [1;39mtrailing closure passed to parameter of type 'Visibility' that does not accept a closure[0;0m
[0;36m361 |[0;0m             .navigationTitle("Theme Settings")
[0;36m362 |[0;0m             .navigationBarTitleDisplayMode(.inline)
[0;36m363 |[0;0m             .toolbar [4;39m{[0;0m
    [0;36m|[0;0m                      `- [1;31merror: [1;39mtrailing closure passed to parameter of type 'Visibility' that does not accept a closure[0;0m
[0;36m364 |[0;0m                 ToolbarItem(placement: .confirmationAction) {
[0;36m365 |[0;0m                     Button("Done").accessibilityLabel("Button").accessibilityLabel("Button") {

SwiftUI.View.toolbar:6:27: [1;39mnote: [1;39m'toolbar(_:for:)' declared here[0;0m
[0;36m4 |[0;0m   @available(tvOS, introduced: 16.0, deprecated: 100000.0, renamed: "toolbarVisibility(_:for:)")
[0;36m5 |[0;0m   @available(watchOS, introduced: 9.0, deprecated: 100000.0, renamed: "toolbarVisibility(_:for:)")
[0;36m6 |[0;0m   nonisolated public func toolbar(_ visibility: Visibility, for bars: ToolbarPlacement...) -> some View
  [0;36m|[0;0m                           `- [1;39mnote: [1;39m'toolbar(_:for:)' declared here[0;0m
[0;36m7 |[0;0m   }
[0;36m8 |[0;0m 

/Users/danielstevens/github-projects/tools-automation/MomentumFinance/Shared/Theme/ThemeDemoView.swift:39:9: [1;31merror: [1;39mproperty 'body' must be declared public because it matches a requirement in public protocol 'View'[0;0m
 [0;36m37 |[0;0m     ]
 [0;36m38 |[0;0m 
 [0;36m39 |[0;0m     var body: some View {
    [0;36m|[0;0m         |- [1;31merror: [1;39mproperty 'body' must be declared public because it matches a requirement in public protocol 'View'[0;0m
    [0;36m|[0;0m         `- [1;39mnote: [1;39mmark the property as 'public' to satisfy the requirement[0;0m
 [0;36m40 |[0;0m         NavigationStack {
 [0;36m41 |[0;0m             ScrollView {

/Users/danielstevens/github-projects/tools-automation/MomentumFinance/Shared/Theme/ThemeDemoView.swift:71:22: [1;31merror: [1;39mtrailing closure passed to parameter of type 'Visibility' that does not accept a closure[0;0m
 [0;36m69 |[0;0m             .background(self.theme.background)
 [0;36m70 |[0;0m             .navigationTitle("Theme Showcase")
 [0;36m71 |[0;0m             .toolbar [4;39m{[0;0m
    [0;36m|[0;0m                      `- [1;31merror: [1;39mtrailing closure passed to parameter of type 'Visibility' that does not accept a closure[0;0m
 [0;36m72 |[0;0m                 ToolbarItem(placement: .primaryAction) {
 [0;36m73 |[0;0m                     Button(action: { self.showSheet = true }).accessibilityLabel("Button") {

SwiftUI.View.toolbar:6:27: [1;39mnote: [1;39m'toolbar(_:for:)' declared here[0;0m
[0;36m4 |[0;0m   @available(tvOS, introduced: 16.0, deprecated: 100000.0, renamed: "toolbarVisibility(_:for:)")
[0;36m5 |[0;0m   @available(watchOS, introduced: 9.0, deprecated: 100000.0, renamed: "toolbarVisibility(_:for:)")
[0;36m6 |[0;0m   nonisolated public func toolbar(_ visibility: Visibility, for bars: ToolbarPlacement...) -> some View
  [0;36m|[0;0m                           `- [1;39mnote: [1;39m'toolbar(_:for:)' declared here[0;0m
[0;36m7 |[0;0m   }
[0;36m8 |[0;0m 

/Users/danielstevens/github-projects/tools-automation/MomentumFinance/Shared/Theme/ThemeManager.swift:154:13: [1;31merror: [1;39mvar 'objectPool' is not concurrency-safe because it is nonisolated global shared mutable state[0;0m [#]8;;https://docs.swift.org/compiler/documentation/diagnostics/mutable-global-variable\MutableGlobalVariable]8;;\]
[0;36m152 |[0;0m 
[0;36m153 |[0;0m /// Object pool for performance optimization
[0;36m154 |[0;0m private var objectPool: [Any] = []
    [0;36m|[0;0m             |- [1;31merror: [1;39mvar 'objectPool' is not concurrency-safe because it is nonisolated global shared mutable state[0;0m [#]8;;https://docs.swift.org/compiler/documentation/diagnostics/mutable-global-variable\MutableGlobalVariable]8;;\]
    [0;36m|[0;0m             |- [1;39mnote: [1;39mconvert 'objectPool' to a 'let' constant to make 'Sendable' shared state immutable[0;0m
    [0;36m|[0;0m             |- [1;39mnote: [1;39madd '@MainActor' to make var 'objectPool' part of global actor 'MainActor'[0;0m
    [0;36m|[0;0m             `- [1;39mnote: [1;39mdisable concurrency-safety checks if accesses are protected by an external synchronization mechanism[0;0m
[0;36m155 |[0;0m private let maxPoolSize = 50
[0;36m156 |[0;0m 

[#MutableGlobalVariable]: <https://docs.swift.org/compiler/documentation/diagnostics/mutable-global-variable>
[87/148] Compiling Shared ThemeSettingsView.swift
/Users/danielstevens/github-projects/tools-automation/MomentumFinance/Shared/Theme/ThemeDemoComponents.swift:29:15: [1;31merror: [1;39minvalid redeclaration of 'ThemeSelectorCard'[0;0m
 [0;36m27 |[0;0m 
 [0;36m28 |[0;0m /// Theme selector card for the demo view
 [0;36m29 |[0;0m public struct ThemeSelectorCard: View {
    [0;36m|[0;0m               `- [1;31merror: [1;39minvalid redeclaration of 'ThemeSelectorCard'[0;0m
 [0;36m30 |[0;0m     @Binding var selectedThemeMode: ThemeMode
 [0;36m31 |[0;0m     let theme: ColorTheme

/Users/danielstevens/github-projects/tools-automation/MomentumFinance/Shared/Theme/ThemeDemoComponents.swift:57:15: [1;31merror: [1;39minvalid redeclaration of 'ThemeFinancialSummaryCard'[0;0m
 [0;36m55 |[0;0m 
 [0;36m56 |[0;0m /// Financial summary card for the demo view
 [0;36m57 |[0;0m public struct ThemeFinancialSummaryCard: View {
    [0;36m|[0;0m               `- [1;31merror: [1;39minvalid redeclaration of 'ThemeFinancialSummaryCard'[0;0m
 [0;36m58 |[0;0m     let theme: ColorTheme
 [0;36m59 |[0;0m 

/Users/danielstevens/github-projects/tools-automation/MomentumFinance/Shared/Theme/ThemeDemoComponents.swift:97:15: [1;31merror: [1;39minvalid redeclaration of 'ThemeAccountsList'[0;0m
 [0;36m95 |[0;0m 
 [0;36m96 |[0;0m /// Accounts list for the demo view
 [0;36m97 |[0;0m public struct ThemeAccountsList: View {
    [0;36m|[0;0m               `- [1;31merror: [1;39minvalid redeclaration of 'ThemeAccountsList'[0;0m
 [0;36m98 |[0;0m     let accounts: [AccountData]
 [0;36m99 |[0;0m     let theme: ColorTheme

/Users/danielstevens/github-projects/tools-automation/MomentumFinance/Shared/Theme/ThemeDemoComponents.swift:308:24: [1;31merror: [1;39mcannot convert value of type 'String' to expected argument type 'PrimitiveButtonStyleConfiguration'[0;0m
[0;36m306 |[0;0m 
[0;36m307 |[0;0m             VStack(spacing: 12) {
[0;36m308 |[0;0m                 Button("Primary Button").accessibilityLabel("Button").accessibilityLabel("Button") {}
    [0;36m|[0;0m                        `- [1;31merror: [1;39mcannot convert value of type 'String' to expected argument type 'PrimitiveButtonStyleConfiguration'[0;0m
[0;36m309 |[0;0m                     .buttonStyle(.borderedProminent)
[0;36m310 |[0;0m                     .tint(self.theme.accentPrimary)

/Users/danielstevens/github-projects/tools-automation/MomentumFinance/Shared/Theme/ThemeDemoComponents.swift:308:100: [1;31merror: [1;39mtype '_' cannot be used as a boolean; test for '!= 0' instead[0;0m
[0;36m306 |[0;0m 
[0;36m307 |[0;0m             VStack(spacing: 12) {
[0;36m308 |[0;0m                 Button("Primary Button").accessibilityLabel("Button").accessibilityLabel("Button") {}
    [0;36m|[0;0m                                                                                                    `- [1;31merror: [1;39mtype '_' cannot be used as a boolean; test for '!= 0' instead[0;0m
[0;36m309 |[0;0m                     .buttonStyle(.borderedProminent)
[0;36m310 |[0;0m                     .tint(self.theme.accentPrimary)

/Users/danielstevens/github-projects/tools-automation/MomentumFinance/Shared/Theme/ThemeDemoComponents.swift:363:22: [1;31merror: [1;39mtrailing closure passed to parameter of type 'Visibility' that does not accept a closure[0;0m
[0;36m361 |[0;0m             .navigationTitle("Theme Settings")
[0;36m362 |[0;0m             .navigationBarTitleDisplayMode(.inline)
[0;36m363 |[0;0m             .toolbar [4;39m{[0;0m
    [0;36m|[0;0m                      `- [1;31merror: [1;39mtrailing closure passed to parameter of type 'Visibility' that does not accept a closure[0;0m
[0;36m364 |[0;0m                 ToolbarItem(placement: .confirmationAction) {
[0;36m365 |[0;0m                     Button("Done").accessibilityLabel("Button").accessibilityLabel("Button") {

SwiftUI.View.toolbar:6:27: [1;39mnote: [1;39m'toolbar(_:for:)' declared here[0;0m
[0;36m4 |[0;0m   @available(tvOS, introduced: 16.0, deprecated: 100000.0, renamed: "toolbarVisibility(_:for:)")
[0;36m5 |[0;0m   @available(watchOS, introduced: 9.0, deprecated: 100000.0, renamed: "toolbarVisibility(_:for:)")
[0;36m6 |[0;0m   nonisolated public func toolbar(_ visibility: Visibility, for bars: ToolbarPlacement...) -> some View
  [0;36m|[0;0m                           `- [1;39mnote: [1;39m'toolbar(_:for:)' declared here[0;0m
[0;36m7 |[0;0m   }
[0;36m8 |[0;0m 

/Users/danielstevens/github-projects/tools-automation/MomentumFinance/Shared/Theme/ThemeDemoView.swift:39:9: [1;31merror: [1;39mproperty 'body' must be declared public because it matches a requirement in public protocol 'View'[0;0m
 [0;36m37 |[0;0m     ]
 [0;36m38 |[0;0m 
 [0;36m39 |[0;0m     var body: some View {
    [0;36m|[0;0m         |- [1;31merror: [1;39mproperty 'body' must be declared public because it matches a requirement in public protocol 'View'[0;0m
    [0;36m|[0;0m         `- [1;39mnote: [1;39mmark the property as 'public' to satisfy the requirement[0;0m
 [0;36m40 |[0;0m         NavigationStack {
 [0;36m41 |[0;0m             ScrollView {

/Users/danielstevens/github-projects/tools-automation/MomentumFinance/Shared/Theme/ThemeDemoView.swift:71:22: [1;31merror: [1;39mtrailing closure passed to parameter of type 'Visibility' that does not accept a closure[0;0m
 [0;36m69 |[0;0m             .background(self.theme.background)
 [0;36m70 |[0;0m             .navigationTitle("Theme Showcase")
 [0;36m71 |[0;0m             .toolbar [4;39m{[0;0m
    [0;36m|[0;0m                      `- [1;31merror: [1;39mtrailing closure passed to parameter of type 'Visibility' that does not accept a closure[0;0m
 [0;36m72 |[0;0m                 ToolbarItem(placement: .primaryAction) {
 [0;36m73 |[0;0m                     Button(action: { self.showSheet = true }).accessibilityLabel("Button") {

SwiftUI.View.toolbar:6:27: [1;39mnote: [1;39m'toolbar(_:for:)' declared here[0;0m
[0;36m4 |[0;0m   @available(tvOS, introduced: 16.0, deprecated: 100000.0, renamed: "toolbarVisibility(_:for:)")
[0;36m5 |[0;0m   @available(watchOS, introduced: 9.0, deprecated: 100000.0, renamed: "toolbarVisibility(_:for:)")
[0;36m6 |[0;0m   nonisolated public func toolbar(_ visibility: Visibility, for bars: ToolbarPlacement...) -> some View
  [0;36m|[0;0m                           `- [1;39mnote: [1;39m'toolbar(_:for:)' declared here[0;0m
[0;36m7 |[0;0m   }
[0;36m8 |[0;0m 

/Users/danielstevens/github-projects/tools-automation/MomentumFinance/Shared/Theme/ThemeManager.swift:154:13: [1;31merror: [1;39mvar 'objectPool' is not concurrency-safe because it is nonisolated global shared mutable state[0;0m [#]8;;https://docs.swift.org/compiler/documentation/diagnostics/mutable-global-variable\MutableGlobalVariable]8;;\]
[0;36m152 |[0;0m 
[0;36m153 |[0;0m /// Object pool for performance optimization
[0;36m154 |[0;0m private var objectPool: [Any] = []
    [0;36m|[0;0m             |- [1;31merror: [1;39mvar 'objectPool' is not concurrency-safe because it is nonisolated global shared mutable state[0;0m [#]8;;https://docs.swift.org/compiler/documentation/diagnostics/mutable-global-variable\MutableGlobalVariable]8;;\]
    [0;36m|[0;0m             |- [1;39mnote: [1;39mconvert 'objectPool' to a 'let' constant to make 'Sendable' shared state immutable[0;0m
    [0;36m|[0;0m             |- [1;39mnote: [1;39madd '@MainActor' to make var 'objectPool' part of global actor 'MainActor'[0;0m
    [0;36m|[0;0m             `- [1;39mnote: [1;39mdisable concurrency-safety checks if accesses are protected by an external synchronization mechanism[0;0m
[0;36m155 |[0;0m private let maxPoolSize = 50
[0;36m156 |[0;0m 

[#MutableGlobalVariable]: <https://docs.swift.org/compiler/documentation/diagnostics/mutable-global-variable>
[88/148] Compiling Shared AppLogger.swift
/Users/danielstevens/github-projects/tools-automation/MomentumFinance/Shared/Theme/ThemeDemoComponents.swift:29:15: [1;31merror: [1;39minvalid redeclaration of 'ThemeSelectorCard'[0;0m
 [0;36m27 |[0;0m 
 [0;36m28 |[0;0m /// Theme selector card for the demo view
 [0;36m29 |[0;0m public struct ThemeSelectorCard: View {
    [0;36m|[0;0m               `- [1;31merror: [1;39minvalid redeclaration of 'ThemeSelectorCard'[0;0m
 [0;36m30 |[0;0m     @Binding var selectedThemeMode: ThemeMode
 [0;36m31 |[0;0m     let theme: ColorTheme

/Users/danielstevens/github-projects/tools-automation/MomentumFinance/Shared/Theme/ThemeDemoComponents.swift:57:15: [1;31merror: [1;39minvalid redeclaration of 'ThemeFinancialSummaryCard'[0;0m
 [0;36m55 |[0;0m 
 [0;36m56 |[0;0m /// Financial summary card for the demo view
 [0;36m57 |[0;0m public struct ThemeFinancialSummaryCard: View {
    [0;36m|[0;0m               `- [1;31merror: [1;39minvalid redeclaration of 'ThemeFinancialSummaryCard'[0;0m
 [0;36m58 |[0;0m     let theme: ColorTheme
 [0;36m59 |[0;0m 

/Users/danielstevens/github-projects/tools-automation/MomentumFinance/Shared/Theme/ThemeDemoComponents.swift:97:15: [1;31merror: [1;39minvalid redeclaration of 'ThemeAccountsList'[0;0m
 [0;36m95 |[0;0m 
 [0;36m96 |[0;0m /// Accounts list for the demo view
 [0;36m97 |[0;0m public struct ThemeAccountsList: View {
    [0;36m|[0;0m               `- [1;31merror: [1;39minvalid redeclaration of 'ThemeAccountsList'[0;0m
 [0;36m98 |[0;0m     let accounts: [AccountData]
 [0;36m99 |[0;0m     let theme: ColorTheme

/Users/danielstevens/github-projects/tools-automation/MomentumFinance/Shared/Theme/ThemeDemoComponents.swift:308:24: [1;31merror: [1;39mcannot convert value of type 'String' to expected argument type 'PrimitiveButtonStyleConfiguration'[0;0m
[0;36m306 |[0;0m 
[0;36m307 |[0;0m             VStack(spacing: 12) {
[0;36m308 |[0;0m                 Button("Primary Button").accessibilityLabel("Button").accessibilityLabel("Button") {}
    [0;36m|[0;0m                        `- [1;31merror: [1;39mcannot convert value of type 'String' to expected argument type 'PrimitiveButtonStyleConfiguration'[0;0m
[0;36m309 |[0;0m                     .buttonStyle(.borderedProminent)
[0;36m310 |[0;0m                     .tint(self.theme.accentPrimary)

/Users/danielstevens/github-projects/tools-automation/MomentumFinance/Shared/Theme/ThemeDemoComponents.swift:308:100: [1;31merror: [1;39mtype '_' cannot be used as a boolean; test for '!= 0' instead[0;0m
[0;36m306 |[0;0m 
[0;36m307 |[0;0m             VStack(spacing: 12) {
[0;36m308 |[0;0m                 Button("Primary Button").accessibilityLabel("Button").accessibilityLabel("Button") {}
    [0;36m|[0;0m                                                                                                    `- [1;31merror: [1;39mtype '_' cannot be used as a boolean; test for '!= 0' instead[0;0m
[0;36m309 |[0;0m                     .buttonStyle(.borderedProminent)
[0;36m310 |[0;0m                     .tint(self.theme.accentPrimary)

/Users/danielstevens/github-projects/tools-automation/MomentumFinance/Shared/Theme/ThemeDemoComponents.swift:363:22: [1;31merror: [1;39mtrailing closure passed to parameter of type 'Visibility' that does not accept a closure[0;0m
[0;36m361 |[0;0m             .navigationTitle("Theme Settings")
[0;36m362 |[0;0m             .navigationBarTitleDisplayMode(.inline)
[0;36m363 |[0;0m             .toolbar [4;39m{[0;0m
    [0;36m|[0;0m                      `- [1;31merror: [1;39mtrailing closure passed to parameter of type 'Visibility' that does not accept a closure[0;0m
[0;36m364 |[0;0m                 ToolbarItem(placement: .confirmationAction) {
[0;36m365 |[0;0m                     Button("Done").accessibilityLabel("Button").accessibilityLabel("Button") {

SwiftUI.View.toolbar:6:27: [1;39mnote: [1;39m'toolbar(_:for:)' declared here[0;0m
[0;36m4 |[0;0m   @available(tvOS, introduced: 16.0, deprecated: 100000.0, renamed: "toolbarVisibility(_:for:)")
[0;36m5 |[0;0m   @available(watchOS, introduced: 9.0, deprecated: 100000.0, renamed: "toolbarVisibility(_:for:)")
[0;36m6 |[0;0m   nonisolated public func toolbar(_ visibility: Visibility, for bars: ToolbarPlacement...) -> some View
  [0;36m|[0;0m                           `- [1;39mnote: [1;39m'toolbar(_:for:)' declared here[0;0m
[0;36m7 |[0;0m   }
[0;36m8 |[0;0m 

/Users/danielstevens/github-projects/tools-automation/MomentumFinance/Shared/Theme/ThemeDemoView.swift:39:9: [1;31merror: [1;39mproperty 'body' must be declared public because it matches a requirement in public protocol 'View'[0;0m
 [0;36m37 |[0;0m     ]
 [0;36m38 |[0;0m 
 [0;36m39 |[0;0m     var body: some View {
    [0;36m|[0;0m         |- [1;31merror: [1;39mproperty 'body' must be declared public because it matches a requirement in public protocol 'View'[0;0m
    [0;36m|[0;0m         `- [1;39mnote: [1;39mmark the property as 'public' to satisfy the requirement[0;0m
 [0;36m40 |[0;0m         NavigationStack {
 [0;36m41 |[0;0m             ScrollView {

/Users/danielstevens/github-projects/tools-automation/MomentumFinance/Shared/Theme/ThemeDemoView.swift:71:22: [1;31merror: [1;39mtrailing closure passed to parameter of type 'Visibility' that does not accept a closure[0;0m
 [0;36m69 |[0;0m             .background(self.theme.background)
 [0;36m70 |[0;0m             .navigationTitle("Theme Showcase")
 [0;36m71 |[0;0m             .toolbar [4;39m{[0;0m
    [0;36m|[0;0m                      `- [1;31merror: [1;39mtrailing closure passed to parameter of type 'Visibility' that does not accept a closure[0;0m
 [0;36m72 |[0;0m                 ToolbarItem(placement: .primaryAction) {
 [0;36m73 |[0;0m                     Button(action: { self.showSheet = true }).accessibilityLabel("Button") {

SwiftUI.View.toolbar:6:27: [1;39mnote: [1;39m'toolbar(_:for:)' declared here[0;0m
[0;36m4 |[0;0m   @available(tvOS, introduced: 16.0, deprecated: 100000.0, renamed: "toolbarVisibility(_:for:)")
[0;36m5 |[0;0m   @available(watchOS, introduced: 9.0, deprecated: 100000.0, renamed: "toolbarVisibility(_:for:)")
[0;36m6 |[0;0m   nonisolated public func toolbar(_ visibility: Visibility, for bars: ToolbarPlacement...) -> some View
  [0;36m|[0;0m                           `- [1;39mnote: [1;39m'toolbar(_:for:)' declared here[0;0m
[0;36m7 |[0;0m   }
[0;36m8 |[0;0m 

/Users/danielstevens/github-projects/tools-automation/MomentumFinance/Shared/Theme/ThemeManager.swift:154:13: [1;31merror: [1;39mvar 'objectPool' is not concurrency-safe because it is nonisolated global shared mutable state[0;0m [#]8;;https://docs.swift.org/compiler/documentation/diagnostics/mutable-global-variable\MutableGlobalVariable]8;;\]
[0;36m152 |[0;0m 
[0;36m153 |[0;0m /// Object pool for performance optimization
[0;36m154 |[0;0m private var objectPool: [Any] = []
    [0;36m|[0;0m             |- [1;31merror: [1;39mvar 'objectPool' is not concurrency-safe because it is nonisolated global shared mutable state[0;0m [#]8;;https://docs.swift.org/compiler/documentation/diagnostics/mutable-global-variable\MutableGlobalVariable]8;;\]
    [0;36m|[0;0m             |- [1;39mnote: [1;39mconvert 'objectPool' to a 'let' constant to make 'Sendable' shared state immutable[0;0m
    [0;36m|[0;0m             |- [1;39mnote: [1;39madd '@MainActor' to make var 'objectPool' part of global actor 'MainActor'[0;0m
    [0;36m|[0;0m             `- [1;39mnote: [1;39mdisable concurrency-safety checks if accesses are protected by an external synchronization mechanism[0;0m
[0;36m155 |[0;0m private let maxPoolSize = 50
[0;36m156 |[0;0m 

[#MutableGlobalVariable]: <https://docs.swift.org/compiler/documentation/diagnostics/mutable-global-variable>
[89/148] Compiling Shared ErrorHandler.swift
/Users/danielstevens/github-projects/tools-automation/MomentumFinance/Shared/Theme/ThemeDemoComponents.swift:29:15: [1;31merror: [1;39minvalid redeclaration of 'ThemeSelectorCard'[0;0m
 [0;36m27 |[0;0m 
 [0;36m28 |[0;0m /// Theme selector card for the demo view
 [0;36m29 |[0;0m public struct ThemeSelectorCard: View {
    [0;36m|[0;0m               `- [1;31merror: [1;39minvalid redeclaration of 'ThemeSelectorCard'[0;0m
 [0;36m30 |[0;0m     @Binding var selectedThemeMode: ThemeMode
 [0;36m31 |[0;0m     let theme: ColorTheme

/Users/danielstevens/github-projects/tools-automation/MomentumFinance/Shared/Theme/ThemeDemoComponents.swift:57:15: [1;31merror: [1;39minvalid redeclaration of 'ThemeFinancialSummaryCard'[0;0m
 [0;36m55 |[0;0m 
 [0;36m56 |[0;0m /// Financial summary card for the demo view
 [0;36m57 |[0;0m public struct ThemeFinancialSummaryCard: View {
    [0;36m|[0;0m               `- [1;31merror: [1;39minvalid redeclaration of 'ThemeFinancialSummaryCard'[0;0m
 [0;36m58 |[0;0m     let theme: ColorTheme
 [0;36m59 |[0;0m 

/Users/danielstevens/github-projects/tools-automation/MomentumFinance/Shared/Theme/ThemeDemoComponents.swift:97:15: [1;31merror: [1;39minvalid redeclaration of 'ThemeAccountsList'[0;0m
 [0;36m95 |[0;0m 
 [0;36m96 |[0;0m /// Accounts list for the demo view
 [0;36m97 |[0;0m public struct ThemeAccountsList: View {
    [0;36m|[0;0m               `- [1;31merror: [1;39minvalid redeclaration of 'ThemeAccountsList'[0;0m
 [0;36m98 |[0;0m     let accounts: [AccountData]
 [0;36m99 |[0;0m     let theme: ColorTheme

/Users/danielstevens/github-projects/tools-automation/MomentumFinance/Shared/Theme/ThemeDemoComponents.swift:308:24: [1;31merror: [1;39mcannot convert value of type 'String' to expected argument type 'PrimitiveButtonStyleConfiguration'[0;0m
[0;36m306 |[0;0m 
[0;36m307 |[0;0m             VStack(spacing: 12) {
[0;36m308 |[0;0m                 Button("Primary Button").accessibilityLabel("Button").accessibilityLabel("Button") {}
    [0;36m|[0;0m                        `- [1;31merror: [1;39mcannot convert value of type 'String' to expected argument type 'PrimitiveButtonStyleConfiguration'[0;0m
[0;36m309 |[0;0m                     .buttonStyle(.borderedProminent)
[0;36m310 |[0;0m                     .tint(self.theme.accentPrimary)

/Users/danielstevens/github-projects/tools-automation/MomentumFinance/Shared/Theme/ThemeDemoComponents.swift:308:100: [1;31merror: [1;39mtype '_' cannot be used as a boolean; test for '!= 0' instead[0;0m
[0;36m306 |[0;0m 
[0;36m307 |[0;0m             VStack(spacing: 12) {
[0;36m308 |[0;0m                 Button("Primary Button").accessibilityLabel("Button").accessibilityLabel("Button") {}
    [0;36m|[0;0m                                                                                                    `- [1;31merror: [1;39mtype '_' cannot be used as a boolean; test for '!= 0' instead[0;0m
[0;36m309 |[0;0m                     .buttonStyle(.borderedProminent)
[0;36m310 |[0;0m                     .tint(self.theme.accentPrimary)

/Users/danielstevens/github-projects/tools-automation/MomentumFinance/Shared/Theme/ThemeDemoComponents.swift:363:22: [1;31merror: [1;39mtrailing closure passed to parameter of type 'Visibility' that does not accept a closure[0;0m
[0;36m361 |[0;0m             .navigationTitle("Theme Settings")
[0;36m362 |[0;0m             .navigationBarTitleDisplayMode(.inline)
[0;36m363 |[0;0m             .toolbar [4;39m{[0;0m
    [0;36m|[0;0m                      `- [1;31merror: [1;39mtrailing closure passed to parameter of type 'Visibility' that does not accept a closure[0;0m
[0;36m364 |[0;0m                 ToolbarItem(placement: .confirmationAction) {
[0;36m365 |[0;0m                     Button("Done").accessibilityLabel("Button").accessibilityLabel("Button") {

SwiftUI.View.toolbar:6:27: [1;39mnote: [1;39m'toolbar(_:for:)' declared here[0;0m
[0;36m4 |[0;0m   @available(tvOS, introduced: 16.0, deprecated: 100000.0, renamed: "toolbarVisibility(_:for:)")
[0;36m5 |[0;0m   @available(watchOS, introduced: 9.0, deprecated: 100000.0, renamed: "toolbarVisibility(_:for:)")
[0;36m6 |[0;0m   nonisolated public func toolbar(_ visibility: Visibility, for bars: ToolbarPlacement...) -> some View
  [0;36m|[0;0m                           `- [1;39mnote: [1;39m'toolbar(_:for:)' declared here[0;0m
[0;36m7 |[0;0m   }
[0;36m8 |[0;0m 

/Users/danielstevens/github-projects/tools-automation/MomentumFinance/Shared/Theme/ThemeDemoView.swift:39:9: [1;31merror: [1;39mproperty 'body' must be declared public because it matches a requirement in public protocol 'View'[0;0m
 [0;36m37 |[0;0m     ]
 [0;36m38 |[0;0m 
 [0;36m39 |[0;0m     var body: some View {
    [0;36m|[0;0m         |- [1;31merror: [1;39mproperty 'body' must be declared public because it matches a requirement in public protocol 'View'[0;0m
    [0;36m|[0;0m         `- [1;39mnote: [1;39mmark the property as 'public' to satisfy the requirement[0;0m
 [0;36m40 |[0;0m         NavigationStack {
 [0;36m41 |[0;0m             ScrollView {

/Users/danielstevens/github-projects/tools-automation/MomentumFinance/Shared/Theme/ThemeDemoView.swift:71:22: [1;31merror: [1;39mtrailing closure passed to parameter of type 'Visibility' that does not accept a closure[0;0m
 [0;36m69 |[0;0m             .background(self.theme.background)
 [0;36m70 |[0;0m             .navigationTitle("Theme Showcase")
 [0;36m71 |[0;0m             .toolbar [4;39m{[0;0m
    [0;36m|[0;0m                      `- [1;31merror: [1;39mtrailing closure passed to parameter of type 'Visibility' that does not accept a closure[0;0m
 [0;36m72 |[0;0m                 ToolbarItem(placement: .primaryAction) {
 [0;36m73 |[0;0m                     Button(action: { self.showSheet = true }).accessibilityLabel("Button") {

SwiftUI.View.toolbar:6:27: [1;39mnote: [1;39m'toolbar(_:for:)' declared here[0;0m
[0;36m4 |[0;0m   @available(tvOS, introduced: 16.0, deprecated: 100000.0, renamed: "toolbarVisibility(_:for:)")
[0;36m5 |[0;0m   @available(watchOS, introduced: 9.0, deprecated: 100000.0, renamed: "toolbarVisibility(_:for:)")
[0;36m6 |[0;0m   nonisolated public func toolbar(_ visibility: Visibility, for bars: ToolbarPlacement...) -> some View
  [0;36m|[0;0m                           `- [1;39mnote: [1;39m'toolbar(_:for:)' declared here[0;0m
[0;36m7 |[0;0m   }
[0;36m8 |[0;0m 

/Users/danielstevens/github-projects/tools-automation/MomentumFinance/Shared/Theme/ThemeManager.swift:154:13: [1;31merror: [1;39mvar 'objectPool' is not concurrency-safe because it is nonisolated global shared mutable state[0;0m [#]8;;https://docs.swift.org/compiler/documentation/diagnostics/mutable-global-variable\MutableGlobalVariable]8;;\]
[0;36m152 |[0;0m 
[0;36m153 |[0;0m /// Object pool for performance optimization
[0;36m154 |[0;0m private var objectPool: [Any] = []
    [0;36m|[0;0m             |- [1;31merror: [1;39mvar 'objectPool' is not concurrency-safe because it is nonisolated global shared mutable state[0;0m [#]8;;https://docs.swift.org/compiler/documentation/diagnostics/mutable-global-variable\MutableGlobalVariable]8;;\]
    [0;36m|[0;0m             |- [1;39mnote: [1;39mconvert 'objectPool' to a 'let' constant to make 'Sendable' shared state immutable[0;0m
    [0;36m|[0;0m             |- [1;39mnote: [1;39madd '@MainActor' to make var 'objectPool' part of global actor 'MainActor'[0;0m
    [0;36m|[0;0m             `- [1;39mnote: [1;39mdisable concurrency-safety checks if accesses are protected by an external synchronization mechanism[0;0m
[0;36m155 |[0;0m private let maxPoolSize = 50
[0;36m156 |[0;0m 

[#MutableGlobalVariable]: <https://docs.swift.org/compiler/documentation/diagnostics/mutable-global-variable>
[90/148] Compiling Shared FinancialUtilities.swift
/Users/danielstevens/github-projects/tools-automation/MomentumFinance/Shared/Theme/ThemeDemoComponents.swift:29:15: [1;31merror: [1;39minvalid redeclaration of 'ThemeSelectorCard'[0;0m
 [0;36m27 |[0;0m 
 [0;36m28 |[0;0m /// Theme selector card for the demo view
 [0;36m29 |[0;0m public struct ThemeSelectorCard: View {
    [0;36m|[0;0m               `- [1;31merror: [1;39minvalid redeclaration of 'ThemeSelectorCard'[0;0m
 [0;36m30 |[0;0m     @Binding var selectedThemeMode: ThemeMode
 [0;36m31 |[0;0m     let theme: ColorTheme

/Users/danielstevens/github-projects/tools-automation/MomentumFinance/Shared/Theme/ThemeDemoComponents.swift:57:15: [1;31merror: [1;39minvalid redeclaration of 'ThemeFinancialSummaryCard'[0;0m
 [0;36m55 |[0;0m 
 [0;36m56 |[0;0m /// Financial summary card for the demo view
 [0;36m57 |[0;0m public struct ThemeFinancialSummaryCard: View {
    [0;36m|[0;0m               `- [1;31merror: [1;39minvalid redeclaration of 'ThemeFinancialSummaryCard'[0;0m
 [0;36m58 |[0;0m     let theme: ColorTheme
 [0;36m59 |[0;0m 

/Users/danielstevens/github-projects/tools-automation/MomentumFinance/Shared/Theme/ThemeDemoComponents.swift:97:15: [1;31merror: [1;39minvalid redeclaration of 'ThemeAccountsList'[0;0m
 [0;36m95 |[0;0m 
 [0;36m96 |[0;0m /// Accounts list for the demo view
 [0;36m97 |[0;0m public struct ThemeAccountsList: View {
    [0;36m|[0;0m               `- [1;31merror: [1;39minvalid redeclaration of 'ThemeAccountsList'[0;0m
 [0;36m98 |[0;0m     let accounts: [AccountData]
 [0;36m99 |[0;0m     let theme: ColorTheme

/Users/danielstevens/github-projects/tools-automation/MomentumFinance/Shared/Theme/ThemeDemoComponents.swift:308:24: [1;31merror: [1;39mcannot convert value of type 'String' to expected argument type 'PrimitiveButtonStyleConfiguration'[0;0m
[0;36m306 |[0;0m 
[0;36m307 |[0;0m             VStack(spacing: 12) {
[0;36m308 |[0;0m                 Button("Primary Button").accessibilityLabel("Button").accessibilityLabel("Button") {}
    [0;36m|[0;0m                        `- [1;31merror: [1;39mcannot convert value of type 'String' to expected argument type 'PrimitiveButtonStyleConfiguration'[0;0m
[0;36m309 |[0;0m                     .buttonStyle(.borderedProminent)
[0;36m310 |[0;0m                     .tint(self.theme.accentPrimary)

/Users/danielstevens/github-projects/tools-automation/MomentumFinance/Shared/Theme/ThemeDemoComponents.swift:308:100: [1;31merror: [1;39mtype '_' cannot be used as a boolean; test for '!= 0' instead[0;0m
[0;36m306 |[0;0m 
[0;36m307 |[0;0m             VStack(spacing: 12) {
[0;36m308 |[0;0m                 Button("Primary Button").accessibilityLabel("Button").accessibilityLabel("Button") {}
    [0;36m|[0;0m                                                                                                    `- [1;31merror: [1;39mtype '_' cannot be used as a boolean; test for '!= 0' instead[0;0m
[0;36m309 |[0;0m                     .buttonStyle(.borderedProminent)
[0;36m310 |[0;0m                     .tint(self.theme.accentPrimary)

/Users/danielstevens/github-projects/tools-automation/MomentumFinance/Shared/Theme/ThemeDemoComponents.swift:363:22: [1;31merror: [1;39mtrailing closure passed to parameter of type 'Visibility' that does not accept a closure[0;0m
[0;36m361 |[0;0m             .navigationTitle("Theme Settings")
[0;36m362 |[0;0m             .navigationBarTitleDisplayMode(.inline)
[0;36m363 |[0;0m             .toolbar [4;39m{[0;0m
    [0;36m|[0;0m                      `- [1;31merror: [1;39mtrailing closure passed to parameter of type 'Visibility' that does not accept a closure[0;0m
[0;36m364 |[0;0m                 ToolbarItem(placement: .confirmationAction) {
[0;36m365 |[0;0m                     Button("Done").accessibilityLabel("Button").accessibilityLabel("Button") {

SwiftUI.View.toolbar:6:27: [1;39mnote: [1;39m'toolbar(_:for:)' declared here[0;0m
[0;36m4 |[0;0m   @available(tvOS, introduced: 16.0, deprecated: 100000.0, renamed: "toolbarVisibility(_:for:)")
[0;36m5 |[0;0m   @available(watchOS, introduced: 9.0, deprecated: 100000.0, renamed: "toolbarVisibility(_:for:)")
[0;36m6 |[0;0m   nonisolated public func toolbar(_ visibility: Visibility, for bars: ToolbarPlacement...) -> some View
  [0;36m|[0;0m                           `- [1;39mnote: [1;39m'toolbar(_:for:)' declared here[0;0m
[0;36m7 |[0;0m   }
[0;36m8 |[0;0m 

/Users/danielstevens/github-projects/tools-automation/MomentumFinance/Shared/Theme/ThemeDemoView.swift:39:9: [1;31merror: [1;39mproperty 'body' must be declared public because it matches a requirement in public protocol 'View'[0;0m
 [0;36m37 |[0;0m     ]
 [0;36m38 |[0;0m 
 [0;36m39 |[0;0m     var body: some View {
    [0;36m|[0;0m         |- [1;31merror: [1;39mproperty 'body' must be declared public because it matches a requirement in public protocol 'View'[0;0m
    [0;36m|[0;0m         `- [1;39mnote: [1;39mmark the property as 'public' to satisfy the requirement[0;0m
 [0;36m40 |[0;0m         NavigationStack {
 [0;36m41 |[0;0m             ScrollView {

/Users/danielstevens/github-projects/tools-automation/MomentumFinance/Shared/Theme/ThemeDemoView.swift:71:22: [1;31merror: [1;39mtrailing closure passed to parameter of type 'Visibility' that does not accept a closure[0;0m
 [0;36m69 |[0;0m             .background(self.theme.background)
 [0;36m70 |[0;0m             .navigationTitle("Theme Showcase")
 [0;36m71 |[0;0m             .toolbar [4;39m{[0;0m
    [0;36m|[0;0m                      `- [1;31merror: [1;39mtrailing closure passed to parameter of type 'Visibility' that does not accept a closure[0;0m
 [0;36m72 |[0;0m                 ToolbarItem(placement: .primaryAction) {
 [0;36m73 |[0;0m                     Button(action: { self.showSheet = true }).accessibilityLabel("Button") {

SwiftUI.View.toolbar:6:27: [1;39mnote: [1;39m'toolbar(_:for:)' declared here[0;0m
[0;36m4 |[0;0m   @available(tvOS, introduced: 16.0, deprecated: 100000.0, renamed: "toolbarVisibility(_:for:)")
[0;36m5 |[0;0m   @available(watchOS, introduced: 9.0, deprecated: 100000.0, renamed: "toolbarVisibility(_:for:)")
[0;36m6 |[0;0m   nonisolated public func toolbar(_ visibility: Visibility, for bars: ToolbarPlacement...) -> some View
  [0;36m|[0;0m                           `- [1;39mnote: [1;39m'toolbar(_:for:)' declared here[0;0m
[0;36m7 |[0;0m   }
[0;36m8 |[0;0m 

/Users/danielstevens/github-projects/tools-automation/MomentumFinance/Shared/Theme/ThemeManager.swift:154:13: [1;31merror: [1;39mvar 'objectPool' is not concurrency-safe because it is nonisolated global shared mutable state[0;0m [#]8;;https://docs.swift.org/compiler/documentation/diagnostics/mutable-global-variable\MutableGlobalVariable]8;;\]
[0;36m152 |[0;0m 
[0;36m153 |[0;0m /// Object pool for performance optimization
[0;36m154 |[0;0m private var objectPool: [Any] = []
    [0;36m|[0;0m             |- [1;31merror: [1;39mvar 'objectPool' is not concurrency-safe because it is nonisolated global shared mutable state[0;0m [#]8;;https://docs.swift.org/compiler/documentation/diagnostics/mutable-global-variable\MutableGlobalVariable]8;;\]
    [0;36m|[0;0m             |- [1;39mnote: [1;39mconvert 'objectPool' to a 'let' constant to make 'Sendable' shared state immutable[0;0m
    [0;36m|[0;0m             |- [1;39mnote: [1;39madd '@MainActor' to make var 'objectPool' part of global actor 'MainActor'[0;0m
    [0;36m|[0;0m             `- [1;39mnote: [1;39mdisable concurrency-safety checks if accesses are protected by an external synchronization mechanism[0;0m
[0;36m155 |[0;0m private let maxPoolSize = 50
[0;36m156 |[0;0m 

[#MutableGlobalVariable]: <https://docs.swift.org/compiler/documentation/diagnostics/mutable-global-variable>
[91/148] Compiling Shared SimpleTransactionSectionHeader.swift
/Users/danielstevens/github-projects/tools-automation/MomentumFinance/Shared/Intelligence/AdvancedFinancialIntelligence.swift:580:1: [1;31merror: [1;39mexpected '}' in class[0;0m
 [0;36m15 |[0;0m /// Provides predictive analytics, risk assessment, and smart recommendations
 [0;36m16 |[0;0m @MainActor
 [0;36m17 |[0;0m public class AdvancedFinancialIntelligence: ObservableObject {
    [0;36m|[0;0m                                                              `- [1;39mnote: [1;39mto match this opening '{'[0;0m
 [0;36m18 |[0;0m     // MARK: - Published Properties
 [0;36m19 |[0;0m 
    [0;36m:[0;0m
[0;36m578 |[0;0m     // Implementation would go here
[0;36m579 |[0;0m }
[0;36m580 |[0;0m 
    [0;36m|[0;0m `- [1;31merror: [1;39mexpected '}' in class[0;0m

/Users/danielstevens/github-projects/tools-automation/MomentumFinance/Shared/Features/Transactions/TransactionComponents.swift:4:15: [1;31merror: [1;39minvalid redeclaration of 'TransactionEmptyStateView'[0;0m
  [0;36m2 |[0;0m import SwiftUI
  [0;36m3 |[0;0m 
  [0;36m4 |[0;0m public struct TransactionEmptyStateView: View {
    [0;36m|[0;0m               `- [1;31merror: [1;39minvalid redeclaration of 'TransactionEmptyStateView'[0;0m
  [0;36m5 |[0;0m     let searchText: String
  [0;36m6 |[0;0m     let onAddTransaction: () -> Void

/Users/danielstevens/github-projects/tools-automation/MomentumFinance/Shared/Features/Transactions/TransactionComponents.swift:50:15: [1;31merror: [1;39minvalid redeclaration of 'TransactionListView'[0;0m
 [0;36m48 |[0;0m }
 [0;36m49 |[0;0m 
 [0;36m50 |[0;0m public struct TransactionListView: View {
    [0;36m|[0;0m               `- [1;31merror: [1;39minvalid redeclaration of 'TransactionListView'[0;0m
 [0;36m51 |[0;0m     let transactions: [FinancialTransaction]
 [0;36m52 |[0;0m     let onTransactionTapped: (FinancialTransaction) -> Void

/Users/danielstevens/github-projects/tools-automation/MomentumFinance/Shared/Features/Transactions/TransactionComponents.swift:85:15: [1;31merror: [1;39minvalid redeclaration of 'TransactionRowView'[0;0m
 [0;36m83 |[0;0m }
 [0;36m84 |[0;0m 
 [0;36m85 |[0;0m public struct TransactionRowView: View {
    [0;36m|[0;0m               `- [1;31merror: [1;39minvalid redeclaration of 'TransactionRowView'[0;0m
 [0;36m86 |[0;0m     let transaction: FinancialTransaction
 [0;36m87 |[0;0m     let onTap: () -> Void

/Users/danielstevens/github-projects/tools-automation/MomentumFinance/Shared/Features/Transactions/TransactionComponents.swift:109:15: [1;31merror: [1;39minvalid redeclaration of 'AddTransactionView'[0;0m
[0;36m107 |[0;0m }
[0;36m108 |[0;0m 
[0;36m109 |[0;0m public struct AddTransactionView: View {
    [0;36m|[0;0m               `- [1;31merror: [1;39minvalid redeclaration of 'AddTransactionView'[0;0m
[0;36m110 |[0;0m     let categories: [ExpenseCategory]
[0;36m111 |[0;0m     let accounts: [FinancialAccount]

/Users/danielstevens/github-projects/tools-automation/MomentumFinance/Shared/Features/Transactions/TransactionComponents.swift:190:15: [1;31merror: [1;39minvalid redeclaration of 'TransactionDetailView'[0;0m
[0;36m188 |[0;0m }
[0;36m189 |[0;0m 
[0;36m190 |[0;0m public struct TransactionDetailView: View {
    [0;36m|[0;0m               `- [1;31merror: [1;39minvalid redeclaration of 'TransactionDetailView'[0;0m
[0;36m191 |[0;0m     let transaction: FinancialTransaction
[0;36m192 |[0;0m     public init(transaction: FinancialTransaction) { self.transaction = transaction }

/Users/danielstevens/github-projects/tools-automation/MomentumFinance/Shared/Features/Transactions/TransactionComponents.swift:225:15: [1;31merror: [1;39minvalid redeclaration of 'TransactionStatsCard'[0;0m
[0;36m223 |[0;0m }
[0;36m224 |[0;0m 
[0;36m225 |[0;0m public struct TransactionStatsCard: View {
    [0;36m|[0;0m               `- [1;31merror: [1;39minvalid redeclaration of 'TransactionStatsCard'[0;0m
[0;36m226 |[0;0m     let transactions: [FinancialTransaction]
[0;36m227 |[0;0m     public init(transactions: [FinancialTransaction]) { self.transactions = transactions }

/Users/danielstevens/github-projects/tools-automation/MomentumFinance/Shared/Features/Transactions/TransactionComponents.swift:261:15: [1;31merror: [1;39minvalid redeclaration of 'SearchAndFilterSection'[0;0m
[0;36m259 |[0;0m }
[0;36m260 |[0;0m 
[0;36m261 |[0;0m public struct SearchAndFilterSection: View {
    [0;36m|[0;0m               `- [1;31merror: [1;39minvalid redeclaration of 'SearchAndFilterSection'[0;0m
[0;36m262 |[0;0m     @Binding var searchText: String
[0;36m263 |[0;0m     @Binding var selectedFilter: TransactionFilter

/Users/danielstevens/github-projects/tools-automation/MomentumFinance/Shared/Features/Transactions/TransactionDetailView.swift:56:26: [1;31merror: [1;39mtrailing closure passed to parameter of type 'Visibility' that does not accept a closure[0;0m
[0;36m54 |[0;0m                 }
[0;36m55 |[0;0m                 .navigationTitle("Transaction Details")
[0;36m56 |[0;0m                 .toolbar [4;39m{[0;0m
   [0;36m|[0;0m                          `- [1;31merror: [1;39mtrailing closure passed to parameter of type 'Visibility' that does not accept a closure[0;0m
[0;36m57 |[0;0m                     ToolbarItem(placement: .primaryAction) {
[0;36m58 |[0;0m                         Button("Done").accessibilityLabel("Button").accessibilityLabel("Button") {

SwiftUI.View.toolbar:6:27: [1;39mnote: [1;39m'toolbar(_:for:)' declared here[0;0m
[0;36m4 |[0;0m   @available(tvOS, introduced: 16.0, deprecated: 100000.0, renamed: "toolbarVisibility(_:for:)")
[0;36m5 |[0;0m   @available(watchOS, introduced: 9.0, deprecated: 100000.0, renamed: "toolbarVisibility(_:for:)")
[0;36m6 |[0;0m   nonisolated public func toolbar(_ visibility: Visibility, for bars: ToolbarPlacement...) -> some View
  [0;36m|[0;0m                           `- [1;39mnote: [1;39m'toolbar(_:for:)' declared here[0;0m
[0;36m7 |[0;0m   }
[0;36m8 |[0;0m 

/Users/danielstevens/github-projects/tools-automation/MomentumFinance/Shared/Features/Transactions/TransactionEmptyStateView.swift:39:28: [1;31merror: [1;39mcannot convert value of type 'String' to expected argument type 'PrimitiveButtonStyleConfiguration'[0;0m
[0;36m37 |[0;0m 
[0;36m38 |[0;0m                 if self.searchText.isEmpty {
[0;36m39 |[0;0m                     Button("Add Transaction").accessibilityLabel("Button").accessibilityLabel("Button") {
   [0;36m|[0;0m                            `- [1;31merror: [1;39mcannot convert value of type 'String' to expected argument type 'PrimitiveButtonStyleConfiguration'[0;0m
[0;36m40 |[0;0m                         self.onAddTransaction()
[0;36m41 |[0;0m                     }

/Users/danielstevens/github-projects/tools-automation/MomentumFinance/Shared/Features/Transactions/TransactionEmptyStateView.swift:39:105: [1;31merror: [1;39mtype '_' cannot be used as a boolean; test for '!= 0' instead[0;0m
[0;36m37 |[0;0m 
[0;36m38 |[0;0m                 if self.searchText.isEmpty {
[0;36m39 |[0;0m                     Button("Add Transaction").accessibilityLabel("Button").accessibilityLabel("Button") {
   [0;36m|[0;0m                                                                                                         `- [1;31merror: [1;39mtype '_' cannot be used as a boolean; test for '!= 0' instead[0;0m
[0;36m40 |[0;0m                         self.onAddTransaction()
[0;36m41 |[0;0m                     }

/Users/danielstevens/github-projects/tools-automation/MomentumFinance/Shared/Features/Transactions/TransactionListView.swift:28:29: [1;31merror: [1;39mthe compiler is unable to type-check this expression in reasonable time; try breaking up the expression into distinct sub-expressions[0;0m
[0;36m26 |[0;0m         }
[0;36m27 |[0;0m 
[0;36m28 |[0;0m         var body: some View [4;39m{[0;0m
   [0;36m|[0;0m                             `- [1;31merror: [1;39mthe compiler is unable to type-check this expression in reasonable time; try breaking up the expression into distinct sub-expressions[0;0m
[0;36m29 |[0;0m             List {
[0;36m30 |[0;0m                 ForEach(Array(self.groupedTransactions.enumerated()), id: \.element.key) { _, group in

/Users/danielstevens/github-projects/tools-automation/MomentumFinance/Shared/Features/Transactions/TransactionRowView.swift:18:20: [1;31merror: [1;39mmissing argument for parameter #1 in call[0;0m
[0;36m16 |[0;0m 
[0;36m17 |[0;0m         var body: some View {
[0;36m18 |[0;0m             Button(action: self.onTapped).accessibilityLabel("Button").accessibilityLabel("Button") {
   [0;36m|[0;0m                    `- [1;31merror: [1;39mmissing argument for parameter #1 in call[0;0m
[0;36m19 |[0;0m                 HStack {
[0;36m20 |[0;0m                     VStack(alignment: .leading) {

SwiftUI.Button.init:2:36: [1;39mnote: [1;39m'init(_:action:)' declared here[0;0m
[0;36m1 |[0;0m generic struct Button {
[0;36m2 |[0;0m @preconcurrency nonisolated public init(_ titleKey: LocalizedStringKey, action: @escaping @MainActor () -> Void)}
  [0;36m|[0;0m                                    `- [1;39mnote: [1;39m'init(_:action:)' declared here[0;0m
[0;36m3 |[0;0m 

/Users/danielstevens/github-projects/tools-automation/MomentumFinance/Shared/Features/Transactions/TransactionRowView.swift:18:101: [1;31merror: [1;39mtype '_' cannot be used as a boolean; test for '!= 0' instead[0;0m
[0;36m16 |[0;0m 
[0;36m17 |[0;0m         var body: some View {
[0;36m18 |[0;0m             Button(action: self.onTapped).accessibilityLabel("Button").accessibilityLabel("Button") {
   [0;36m|[0;0m                                                                                                     `- [1;31merror: [1;39mtype '_' cannot be used as a boolean; test for '!= 0' instead[0;0m
[0;36m19 |[0;0m                 HStack {
[0;36m20 |[0;0m                     VStack(alignment: .leading) {

/Users/danielstevens/github-projects/tools-automation/MomentumFinance/Shared/Intelligence/AdvancedFinancialIntelligence.swift:44:19: [1;31merror: [1;39mcannot find type 'AIBudget' in scope[0;0m
 [0;36m42 |[0;0m         from transactions: [FinancialTransaction],
 [0;36m43 |[0;0m         accounts: [FinancialAccount],
 [0;36m44 |[0;0m         budgets: [[4;39mAIBudget[0;0m]
    [0;36m|[0;0m                   `- [1;31merror: [1;39mcannot find type 'AIBudget' in scope[0;0m
 [0;36m45 |[0;0m     ) async {
 [0;36m46 |[0;0m 

/Users/danielstevens/github-projects/tools-automation/MomentumFinance/Shared/Intelligence/AdvancedFinancialIntelligence.swift:79:24: [1;31merror: [1;39mcannot find type 'RiskTolerance' in scope[0;0m
 [0;36m77 |[0;0m     /// Get personalized investment recommendations
 [0;36m78 |[0;0m     public func getInvestmentRecommendations(
 [0;36m79 |[0;0m         riskTolerance: [4;39mRiskTolerance[0;0m,
    [0;36m|[0;0m                        `- [1;31merror: [1;39mcannot find type 'RiskTolerance' in scope[0;0m
 [0;36m80 |[0;0m         timeHorizon: TimeHorizon,
 [0;36m81 |[0;0m         currentPortfolio: [Investment]

/Users/danielstevens/github-projects/tools-automation/MomentumFinance/Shared/Intelligence/AdvancedFinancialIntelligence.swift:81:28: [1;31merror: [1;39mcannot find type 'Investment' in scope[0;0m
 [0;36m79 |[0;0m         riskTolerance: RiskTolerance,
 [0;36m80 |[0;0m         timeHorizon: TimeHorizon,
 [0;36m81 |[0;0m         currentPortfolio: [[4;39mInvestment[0;0m]
    [0;36m|[0;0m                            `- [1;31merror: [1;39mcannot find type 'Investment' in scope[0;0m
 [0;36m82 |[0;0m     ) -> [InvestmentRecommendation] {
 [0;36m83 |[0;0m         self.analyticsEngine.generateInvestmentRecommendations(

/Users/danielstevens/github-projects/tools-automation/MomentumFinance/Shared/Intelligence/AdvancedFinancialIntelligence.swift:216:21: [1;31merror: [1;39mcannot find type 'AIBudget' in scope[0;0m
[0;36m214 |[0;0m     private func analyzeBudgetPerformance(
[0;36m215 |[0;0m         _ transactions: [FinancialTransaction],
[0;36m216 |[0;0m         _ budgets: [[4;39mAIBudget[0;0m]
    [0;36m|[0;0m                     `- [1;31merror: [1;39mcannot find type 'AIBudget' in scope[0;0m
[0;36m217 |[0;0m     ) async -> [EnhancedFinancialInsight] {
[0;36m218 |[0;0m         var insights: [EnhancedFinancialInsight] = []

/Users/danielstevens/github-projects/tools-automation/MomentumFinance/Shared/Intelligence/AdvancedFinancialIntelligence.swift:372:73: [1;31merror: [1;39mcannot find type 'AIBudget' in scope[0;0m
[0;36m370 |[0;0m     }
[0;36m371 |[0;0m 
[0;36m372 |[0;0m     private func calculateSpentAmount(_: [FinancialTransaction], for _: [4;39mAIBudget[0;0m) -> Double {
    [0;36m|[0;0m                                                                         `- [1;31merror: [1;39mcannot find type 'AIBudget' in scope[0;0m
[0;36m373 |[0;0m 
[0;36m374 |[0;0m         // Implementation for calculating spent amount against budget

/Users/danielstevens/github-projects/tools-automation/MomentumFinance/Shared/Intelligence/AdvancedFinancialIntelligence.swift:555:30: [1;31merror: [1;39mcannot find type 'RiskTolerance' in scope[0;0m
[0;36m553 |[0;0m     private class FinancialAnalyticsEngine {
[0;36m554 |[0;0m         func generateInvestmentRecommendations(
[0;36m555 |[0;0m             riskTolerance _: [4;39mRiskTolerance[0;0m,
    [0;36m|[0;0m                              `- [1;31merror: [1;39mcannot find type 'RiskTolerance' in scope[0;0m
[0;36m556 |[0;0m             timeHorizon _: TimeHorizon,
[0;36m557 |[0;0m             currentPortfolio _: [Investment]

/Users/danielstevens/github-projects/tools-automation/MomentumFinance/Shared/Intelligence/AdvancedFinancialIntelligence.swift:557:34: [1;31merror: [1;39mcannot find type 'Investment' in scope[0;0m
[0;36m555 |[0;0m             riskTolerance _: RiskTolerance,
[0;36m556 |[0;0m             timeHorizon _: TimeHorizon,
[0;36m557 |[0;0m             currentPortfolio _: [[4;39mInvestment[0;0m]
    [0;36m|[0;0m                                  `- [1;31merror: [1;39mcannot find type 'Investment' in scope[0;0m
[0;36m558 |[0;0m         ) -> [InvestmentRecommendation] {
[0;36m559 |[0;0m             // Implementation would go here

/Users/danielstevens/github-projects/tools-automation/MomentumFinance/Shared/Intelligence/AdvancedFinancialIntelligence.swift:257:50: [1;31merror: [1;39mvalue of type 'FinancialAccount' has no member 'type'[0;0m
[0;36m255 |[0;0m         // Emergency fund assessment
[0;36m256 |[0;0m         let monthlyExpenses = self.calculateMonthlyExpenses(transactions)
[0;36m257 |[0;0m         let emergencyFund = accounts.filter { [4;39m$0[0;0m.[4;39mtype[0;0m == .savings }
    [0;36m|[0;0m                                                  `- [1;31merror: [1;39mvalue of type 'FinancialAccount' has no member 'type'[0;0m
[0;36m258 |[0;0m             .reduce(0) { $0 + $1.balance }
[0;36m259 |[0;0m         let monthsCovered = emergencyFund / monthlyExpenses

/Users/danielstevens/github-projects/tools-automation/MomentumFinance/Shared/Intelligence/AdvancedFinancialIntelligence.swift:257:59: [1;31merror: [1;39mcannot infer contextual base in reference to member 'savings'[0;0m
[0;36m255 |[0;0m         // Emergency fund assessment
[0;36m256 |[0;0m         let monthlyExpenses = self.calculateMonthlyExpenses(transactions)
[0;36m257 |[0;0m         let emergencyFund = accounts.filter { $0.type == [4;39m.savings[0;0m }
    [0;36m|[0;0m                                                           `- [1;31merror: [1;39mcannot infer contextual base in reference to member 'savings'[0;0m
[0;36m258 |[0;0m             .reduce(0) { $0 + $1.balance }
[0;36m259 |[0;0m         let monthsCovered = emergencyFund / monthlyExpenses

/Users/danielstevens/github-projects/tools-automation/MomentumFinance/Shared/Intelligence/AdvancedFinancialIntelligence.swift:266:50: [1;31merror: [1;39mincorrect argument label in call (have '_:specifier:', expected '_:default:')[0;0m
[0;36m264 |[0;0m                     title: "Emergency Fund Below Recommended Level",
[0;36m265 |[0;0m                     description:
[0;36m266 |[0;0m                     "Your emergency fund covers \(monthsCovered, specifier: "%.1f") months of expenses. Experts recommend 3-6 months.",
    [0;36m|[0;0m                                                  `- [1;31merror: [1;39mincorrect argument label in call (have '_:specifier:', expected '_:default:')[0;0m
[0;36m267 |[0;0m                     priority: monthsCovered < 1 ? .critical : .high,
[0;36m268 |[0;0m                     type: .riskAlert,
[92/148] Compiling Shared TransactionComponentStubs.swift
/Users/danielstevens/github-projects/tools-automation/MomentumFinance/Shared/Intelligence/AdvancedFinancialIntelligence.swift:580:1: [1;31merror: [1;39mexpected '}' in class[0;0m
 [0;36m15 |[0;0m /// Provides predictive analytics, risk assessment, and smart recommendations
 [0;36m16 |[0;0m @MainActor
 [0;36m17 |[0;0m public class AdvancedFinancialIntelligence: ObservableObject {
    [0;36m|[0;0m                                                              `- [1;39mnote: [1;39mto match this opening '{'[0;0m
 [0;36m18 |[0;0m     // MARK: - Published Properties
 [0;36m19 |[0;0m 
    [0;36m:[0;0m
[0;36m578 |[0;0m     // Implementation would go here
[0;36m579 |[0;0m }
[0;36m580 |[0;0m 
    [0;36m|[0;0m `- [1;31merror: [1;39mexpected '}' in class[0;0m

/Users/danielstevens/github-projects/tools-automation/MomentumFinance/Shared/Features/Transactions/TransactionComponents.swift:4:15: [1;31merror: [1;39minvalid redeclaration of 'TransactionEmptyStateView'[0;0m
  [0;36m2 |[0;0m import SwiftUI
  [0;36m3 |[0;0m 
  [0;36m4 |[0;0m public struct TransactionEmptyStateView: View {
    [0;36m|[0;0m               `- [1;31merror: [1;39minvalid redeclaration of 'TransactionEmptyStateView'[0;0m
  [0;36m5 |[0;0m     let searchText: String
  [0;36m6 |[0;0m     let onAddTransaction: () -> Void

/Users/danielstevens/github-projects/tools-automation/MomentumFinance/Shared/Features/Transactions/TransactionComponents.swift:50:15: [1;31merror: [1;39minvalid redeclaration of 'TransactionListView'[0;0m
 [0;36m48 |[0;0m }
 [0;36m49 |[0;0m 
 [0;36m50 |[0;0m public struct TransactionListView: View {
    [0;36m|[0;0m               `- [1;31merror: [1;39minvalid redeclaration of 'TransactionListView'[0;0m
 [0;36m51 |[0;0m     let transactions: [FinancialTransaction]
 [0;36m52 |[0;0m     let onTransactionTapped: (FinancialTransaction) -> Void

/Users/danielstevens/github-projects/tools-automation/MomentumFinance/Shared/Features/Transactions/TransactionComponents.swift:85:15: [1;31merror: [1;39minvalid redeclaration of 'TransactionRowView'[0;0m
 [0;36m83 |[0;0m }
 [0;36m84 |[0;0m 
 [0;36m85 |[0;0m public struct TransactionRowView: View {
    [0;36m|[0;0m               `- [1;31merror: [1;39minvalid redeclaration of 'TransactionRowView'[0;0m
 [0;36m86 |[0;0m     let transaction: FinancialTransaction
 [0;36m87 |[0;0m     let onTap: () -> Void

/Users/danielstevens/github-projects/tools-automation/MomentumFinance/Shared/Features/Transactions/TransactionComponents.swift:109:15: [1;31merror: [1;39minvalid redeclaration of 'AddTransactionView'[0;0m
[0;36m107 |[0;0m }
[0;36m108 |[0;0m 
[0;36m109 |[0;0m public struct AddTransactionView: View {
    [0;36m|[0;0m               `- [1;31merror: [1;39minvalid redeclaration of 'AddTransactionView'[0;0m
[0;36m110 |[0;0m     let categories: [ExpenseCategory]
[0;36m111 |[0;0m     let accounts: [FinancialAccount]

/Users/danielstevens/github-projects/tools-automation/MomentumFinance/Shared/Features/Transactions/TransactionComponents.swift:190:15: [1;31merror: [1;39minvalid redeclaration of 'TransactionDetailView'[0;0m
[0;36m188 |[0;0m }
[0;36m189 |[0;0m 
[0;36m190 |[0;0m public struct TransactionDetailView: View {
    [0;36m|[0;0m               `- [1;31merror: [1;39minvalid redeclaration of 'TransactionDetailView'[0;0m
[0;36m191 |[0;0m     let transaction: FinancialTransaction
[0;36m192 |[0;0m     public init(transaction: FinancialTransaction) { self.transaction = transaction }

/Users/danielstevens/github-projects/tools-automation/MomentumFinance/Shared/Features/Transactions/TransactionComponents.swift:225:15: [1;31merror: [1;39minvalid redeclaration of 'TransactionStatsCard'[0;0m
[0;36m223 |[0;0m }
[0;36m224 |[0;0m 
[0;36m225 |[0;0m public struct TransactionStatsCard: View {
    [0;36m|[0;0m               `- [1;31merror: [1;39minvalid redeclaration of 'TransactionStatsCard'[0;0m
[0;36m226 |[0;0m     let transactions: [FinancialTransaction]
[0;36m227 |[0;0m     public init(transactions: [FinancialTransaction]) { self.transactions = transactions }

/Users/danielstevens/github-projects/tools-automation/MomentumFinance/Shared/Features/Transactions/TransactionComponents.swift:261:15: [1;31merror: [1;39minvalid redeclaration of 'SearchAndFilterSection'[0;0m
[0;36m259 |[0;0m }
[0;36m260 |[0;0m 
[0;36m261 |[0;0m public struct SearchAndFilterSection: View {
    [0;36m|[0;0m               `- [1;31merror: [1;39minvalid redeclaration of 'SearchAndFilterSection'[0;0m
[0;36m262 |[0;0m     @Binding var searchText: String
[0;36m263 |[0;0m     @Binding var selectedFilter: TransactionFilter

/Users/danielstevens/github-projects/tools-automation/MomentumFinance/Shared/Features/Transactions/TransactionDetailView.swift:56:26: [1;31merror: [1;39mtrailing closure passed to parameter of type 'Visibility' that does not accept a closure[0;0m
[0;36m54 |[0;0m                 }
[0;36m55 |[0;0m                 .navigationTitle("Transaction Details")
[0;36m56 |[0;0m                 .toolbar [4;39m{[0;0m
   [0;36m|[0;0m                          `- [1;31merror: [1;39mtrailing closure passed to parameter of type 'Visibility' that does not accept a closure[0;0m
[0;36m57 |[0;0m                     ToolbarItem(placement: .primaryAction) {
[0;36m58 |[0;0m                         Button("Done").accessibilityLabel("Button").accessibilityLabel("Button") {

SwiftUI.View.toolbar:6:27: [1;39mnote: [1;39m'toolbar(_:for:)' declared here[0;0m
[0;36m4 |[0;0m   @available(tvOS, introduced: 16.0, deprecated: 100000.0, renamed: "toolbarVisibility(_:for:)")
[0;36m5 |[0;0m   @available(watchOS, introduced: 9.0, deprecated: 100000.0, renamed: "toolbarVisibility(_:for:)")
[0;36m6 |[0;0m   nonisolated public func toolbar(_ visibility: Visibility, for bars: ToolbarPlacement...) -> some View
  [0;36m|[0;0m                           `- [1;39mnote: [1;39m'toolbar(_:for:)' declared here[0;0m
[0;36m7 |[0;0m   }
[0;36m8 |[0;0m 

/Users/danielstevens/github-projects/tools-automation/MomentumFinance/Shared/Features/Transactions/TransactionEmptyStateView.swift:39:28: [1;31merror: [1;39mcannot convert value of type 'String' to expected argument type 'PrimitiveButtonStyleConfiguration'[0;0m
[0;36m37 |[0;0m 
[0;36m38 |[0;0m                 if self.searchText.isEmpty {
[0;36m39 |[0;0m                     Button("Add Transaction").accessibilityLabel("Button").accessibilityLabel("Button") {
   [0;36m|[0;0m                            `- [1;31merror: [1;39mcannot convert value of type 'String' to expected argument type 'PrimitiveButtonStyleConfiguration'[0;0m
[0;36m40 |[0;0m                         self.onAddTransaction()
[0;36m41 |[0;0m                     }

/Users/danielstevens/github-projects/tools-automation/MomentumFinance/Shared/Features/Transactions/TransactionEmptyStateView.swift:39:105: [1;31merror: [1;39mtype '_' cannot be used as a boolean; test for '!= 0' instead[0;0m
[0;36m37 |[0;0m 
[0;36m38 |[0;0m                 if self.searchText.isEmpty {
[0;36m39 |[0;0m                     Button("Add Transaction").accessibilityLabel("Button").accessibilityLabel("Button") {
   [0;36m|[0;0m                                                                                                         `- [1;31merror: [1;39mtype '_' cannot be used as a boolean; test for '!= 0' instead[0;0m
[0;36m40 |[0;0m                         self.onAddTransaction()
[0;36m41 |[0;0m                     }

/Users/danielstevens/github-projects/tools-automation/MomentumFinance/Shared/Features/Transactions/TransactionListView.swift:28:29: [1;31merror: [1;39mthe compiler is unable to type-check this expression in reasonable time; try breaking up the expression into distinct sub-expressions[0;0m
[0;36m26 |[0;0m         }
[0;36m27 |[0;0m 
[0;36m28 |[0;0m         var body: some View [4;39m{[0;0m
   [0;36m|[0;0m                             `- [1;31merror: [1;39mthe compiler is unable to type-check this expression in reasonable time; try breaking up the expression into distinct sub-expressions[0;0m
[0;36m29 |[0;0m             List {
[0;36m30 |[0;0m                 ForEach(Array(self.groupedTransactions.enumerated()), id: \.element.key) { _, group in

/Users/danielstevens/github-projects/tools-automation/MomentumFinance/Shared/Features/Transactions/TransactionRowView.swift:18:20: [1;31merror: [1;39mmissing argument for parameter #1 in call[0;0m
[0;36m16 |[0;0m 
[0;36m17 |[0;0m         var body: some View {
[0;36m18 |[0;0m             Button(action: self.onTapped).accessibilityLabel("Button").accessibilityLabel("Button") {
   [0;36m|[0;0m                    `- [1;31merror: [1;39mmissing argument for parameter #1 in call[0;0m
[0;36m19 |[0;0m                 HStack {
[0;36m20 |[0;0m                     VStack(alignment: .leading) {

SwiftUI.Button.init:2:36: [1;39mnote: [1;39m'init(_:action:)' declared here[0;0m
[0;36m1 |[0;0m generic struct Button {
[0;36m2 |[0;0m @preconcurrency nonisolated public init(_ titleKey: LocalizedStringKey, action: @escaping @MainActor () -> Void)}
  [0;36m|[0;0m                                    `- [1;39mnote: [1;39m'init(_:action:)' declared here[0;0m
[0;36m3 |[0;0m 

/Users/danielstevens/github-projects/tools-automation/MomentumFinance/Shared/Features/Transactions/TransactionRowView.swift:18:101: [1;31merror: [1;39mtype '_' cannot be used as a boolean; test for '!= 0' instead[0;0m
[0;36m16 |[0;0m 
[0;36m17 |[0;0m         var body: some View {
[0;36m18 |[0;0m             Button(action: self.onTapped).accessibilityLabel("Button").accessibilityLabel("Button") {
   [0;36m|[0;0m                                                                                                     `- [1;31merror: [1;39mtype '_' cannot be used as a boolean; test for '!= 0' instead[0;0m
[0;36m19 |[0;0m                 HStack {
[0;36m20 |[0;0m                     VStack(alignment: .leading) {

/Users/danielstevens/github-projects/tools-automation/MomentumFinance/Shared/Intelligence/AdvancedFinancialIntelligence.swift:44:19: [1;31merror: [1;39mcannot find type 'AIBudget' in scope[0;0m
 [0;36m42 |[0;0m         from transactions: [FinancialTransaction],
 [0;36m43 |[0;0m         accounts: [FinancialAccount],
 [0;36m44 |[0;0m         budgets: [[4;39mAIBudget[0;0m]
    [0;36m|[0;0m                   `- [1;31merror: [1;39mcannot find type 'AIBudget' in scope[0;0m
 [0;36m45 |[0;0m     ) async {
 [0;36m46 |[0;0m 

/Users/danielstevens/github-projects/tools-automation/MomentumFinance/Shared/Intelligence/AdvancedFinancialIntelligence.swift:79:24: [1;31merror: [1;39mcannot find type 'RiskTolerance' in scope[0;0m
 [0;36m77 |[0;0m     /// Get personalized investment recommendations
 [0;36m78 |[0;0m     public func getInvestmentRecommendations(
 [0;36m79 |[0;0m         riskTolerance: [4;39mRiskTolerance[0;0m,
    [0;36m|[0;0m                        `- [1;31merror: [1;39mcannot find type 'RiskTolerance' in scope[0;0m
 [0;36m80 |[0;0m         timeHorizon: TimeHorizon,
 [0;36m81 |[0;0m         currentPortfolio: [Investment]

/Users/danielstevens/github-projects/tools-automation/MomentumFinance/Shared/Intelligence/AdvancedFinancialIntelligence.swift:81:28: [1;31merror: [1;39mcannot find type 'Investment' in scope[0;0m
 [0;36m79 |[0;0m         riskTolerance: RiskTolerance,
 [0;36m80 |[0;0m         timeHorizon: TimeHorizon,
 [0;36m81 |[0;0m         currentPortfolio: [[4;39mInvestment[0;0m]
    [0;36m|[0;0m                            `- [1;31merror: [1;39mcannot find type 'Investment' in scope[0;0m
 [0;36m82 |[0;0m     ) -> [InvestmentRecommendation] {
 [0;36m83 |[0;0m         self.analyticsEngine.generateInvestmentRecommendations(

/Users/danielstevens/github-projects/tools-automation/MomentumFinance/Shared/Intelligence/AdvancedFinancialIntelligence.swift:216:21: [1;31merror: [1;39mcannot find type 'AIBudget' in scope[0;0m
[0;36m214 |[0;0m     private func analyzeBudgetPerformance(
[0;36m215 |[0;0m         _ transactions: [FinancialTransaction],
[0;36m216 |[0;0m         _ budgets: [[4;39mAIBudget[0;0m]
    [0;36m|[0;0m                     `- [1;31merror: [1;39mcannot find type 'AIBudget' in scope[0;0m
[0;36m217 |[0;0m     ) async -> [EnhancedFinancialInsight] {
[0;36m218 |[0;0m         var insights: [EnhancedFinancialInsight] = []

/Users/danielstevens/github-projects/tools-automation/MomentumFinance/Shared/Intelligence/AdvancedFinancialIntelligence.swift:372:73: [1;31merror: [1;39mcannot find type 'AIBudget' in scope[0;0m
[0;36m370 |[0;0m     }
[0;36m371 |[0;0m 
[0;36m372 |[0;0m     private func calculateSpentAmount(_: [FinancialTransaction], for _: [4;39mAIBudget[0;0m) -> Double {
    [0;36m|[0;0m                                                                         `- [1;31merror: [1;39mcannot find type 'AIBudget' in scope[0;0m
[0;36m373 |[0;0m 
[0;36m374 |[0;0m         // Implementation for calculating spent amount against budget

/Users/danielstevens/github-projects/tools-automation/MomentumFinance/Shared/Intelligence/AdvancedFinancialIntelligence.swift:555:30: [1;31merror: [1;39mcannot find type 'RiskTolerance' in scope[0;0m
[0;36m553 |[0;0m     private class FinancialAnalyticsEngine {
[0;36m554 |[0;0m         func generateInvestmentRecommendations(
[0;36m555 |[0;0m             riskTolerance _: [4;39mRiskTolerance[0;0m,
    [0;36m|[0;0m                              `- [1;31merror: [1;39mcannot find type 'RiskTolerance' in scope[0;0m
[0;36m556 |[0;0m             timeHorizon _: TimeHorizon,
[0;36m557 |[0;0m             currentPortfolio _: [Investment]

/Users/danielstevens/github-projects/tools-automation/MomentumFinance/Shared/Intelligence/AdvancedFinancialIntelligence.swift:557:34: [1;31merror: [1;39mcannot find type 'Investment' in scope[0;0m
[0;36m555 |[0;0m             riskTolerance _: RiskTolerance,
[0;36m556 |[0;0m             timeHorizon _: TimeHorizon,
[0;36m557 |[0;0m             currentPortfolio _: [[4;39mInvestment[0;0m]
    [0;36m|[0;0m                                  `- [1;31merror: [1;39mcannot find type 'Investment' in scope[0;0m
[0;36m558 |[0;0m         ) -> [InvestmentRecommendation] {
[0;36m559 |[0;0m             // Implementation would go here

/Users/danielstevens/github-projects/tools-automation/MomentumFinance/Shared/Intelligence/AdvancedFinancialIntelligence.swift:257:50: [1;31merror: [1;39mvalue of type 'FinancialAccount' has no member 'type'[0;0m
[0;36m255 |[0;0m         // Emergency fund assessment
[0;36m256 |[0;0m         let monthlyExpenses = self.calculateMonthlyExpenses(transactions)
[0;36m257 |[0;0m         let emergencyFund = accounts.filter { [4;39m$0[0;0m.[4;39mtype[0;0m == .savings }
    [0;36m|[0;0m                                                  `- [1;31merror: [1;39mvalue of type 'FinancialAccount' has no member 'type'[0;0m
[0;36m258 |[0;0m             .reduce(0) { $0 + $1.balance }
[0;36m259 |[0;0m         let monthsCovered = emergencyFund / monthlyExpenses

/Users/danielstevens/github-projects/tools-automation/MomentumFinance/Shared/Intelligence/AdvancedFinancialIntelligence.swift:257:59: [1;31merror: [1;39mcannot infer contextual base in reference to member 'savings'[0;0m
[0;36m255 |[0;0m         // Emergency fund assessment
[0;36m256 |[0;0m         let monthlyExpenses = self.calculateMonthlyExpenses(transactions)
[0;36m257 |[0;0m         let emergencyFund = accounts.filter { $0.type == [4;39m.savings[0;0m }
    [0;36m|[0;0m                                                           `- [1;31merror: [1;39mcannot infer contextual base in reference to member 'savings'[0;0m
[0;36m258 |[0;0m             .reduce(0) { $0 + $1.balance }
[0;36m259 |[0;0m         let monthsCovered = emergencyFund / monthlyExpenses

/Users/danielstevens/github-projects/tools-automation/MomentumFinance/Shared/Intelligence/AdvancedFinancialIntelligence.swift:266:50: [1;31merror: [1;39mincorrect argument label in call (have '_:specifier:', expected '_:default:')[0;0m
[0;36m264 |[0;0m                     title: "Emergency Fund Below Recommended Level",
[0;36m265 |[0;0m                     description:
[0;36m266 |[0;0m                     "Your emergency fund covers \(monthsCovered, specifier: "%.1f") months of expenses. Experts recommend 3-6 months.",
    [0;36m|[0;0m                                                  `- [1;31merror: [1;39mincorrect argument label in call (have '_:specifier:', expected '_:default:')[0;0m
[0;36m267 |[0;0m                     priority: monthsCovered < 1 ? .critical : .high,
[0;36m268 |[0;0m                     type: .riskAlert,
[93/148] Compiling Shared TransactionComponents.swift
/Users/danielstevens/github-projects/tools-automation/MomentumFinance/Shared/Intelligence/AdvancedFinancialIntelligence.swift:580:1: [1;31merror: [1;39mexpected '}' in class[0;0m
 [0;36m15 |[0;0m /// Provides predictive analytics, risk assessment, and smart recommendations
 [0;36m16 |[0;0m @MainActor
 [0;36m17 |[0;0m public class AdvancedFinancialIntelligence: ObservableObject {
    [0;36m|[0;0m                                                              `- [1;39mnote: [1;39mto match this opening '{'[0;0m
 [0;36m18 |[0;0m     // MARK: - Published Properties
 [0;36m19 |[0;0m 
    [0;36m:[0;0m
[0;36m578 |[0;0m     // Implementation would go here
[0;36m579 |[0;0m }
[0;36m580 |[0;0m 
    [0;36m|[0;0m `- [1;31merror: [1;39mexpected '}' in class[0;0m

/Users/danielstevens/github-projects/tools-automation/MomentumFinance/Shared/Features/Transactions/TransactionComponents.swift:4:15: [1;31merror: [1;39minvalid redeclaration of 'TransactionEmptyStateView'[0;0m
  [0;36m2 |[0;0m import SwiftUI
  [0;36m3 |[0;0m 
  [0;36m4 |[0;0m public struct TransactionEmptyStateView: View {
    [0;36m|[0;0m               `- [1;31merror: [1;39minvalid redeclaration of 'TransactionEmptyStateView'[0;0m
  [0;36m5 |[0;0m     let searchText: String
  [0;36m6 |[0;0m     let onAddTransaction: () -> Void

/Users/danielstevens/github-projects/tools-automation/MomentumFinance/Shared/Features/Transactions/TransactionComponents.swift:50:15: [1;31merror: [1;39minvalid redeclaration of 'TransactionListView'[0;0m
 [0;36m48 |[0;0m }
 [0;36m49 |[0;0m 
 [0;36m50 |[0;0m public struct TransactionListView: View {
    [0;36m|[0;0m               `- [1;31merror: [1;39minvalid redeclaration of 'TransactionListView'[0;0m
 [0;36m51 |[0;0m     let transactions: [FinancialTransaction]
 [0;36m52 |[0;0m     let onTransactionTapped: (FinancialTransaction) -> Void

/Users/danielstevens/github-projects/tools-automation/MomentumFinance/Shared/Features/Transactions/TransactionComponents.swift:85:15: [1;31merror: [1;39minvalid redeclaration of 'TransactionRowView'[0;0m
 [0;36m83 |[0;0m }
 [0;36m84 |[0;0m 
 [0;36m85 |[0;0m public struct TransactionRowView: View {
    [0;36m|[0;0m               `- [1;31merror: [1;39minvalid redeclaration of 'TransactionRowView'[0;0m
 [0;36m86 |[0;0m     let transaction: FinancialTransaction
 [0;36m87 |[0;0m     let onTap: () -> Void

/Users/danielstevens/github-projects/tools-automation/MomentumFinance/Shared/Features/Transactions/TransactionComponents.swift:109:15: [1;31merror: [1;39minvalid redeclaration of 'AddTransactionView'[0;0m
[0;36m107 |[0;0m }
[0;36m108 |[0;0m 
[0;36m109 |[0;0m public struct AddTransactionView: View {
    [0;36m|[0;0m               `- [1;31merror: [1;39minvalid redeclaration of 'AddTransactionView'[0;0m
[0;36m110 |[0;0m     let categories: [ExpenseCategory]
[0;36m111 |[0;0m     let accounts: [FinancialAccount]

/Users/danielstevens/github-projects/tools-automation/MomentumFinance/Shared/Features/Transactions/TransactionComponents.swift:190:15: [1;31merror: [1;39minvalid redeclaration of 'TransactionDetailView'[0;0m
[0;36m188 |[0;0m }
[0;36m189 |[0;0m 
[0;36m190 |[0;0m public struct TransactionDetailView: View {
    [0;36m|[0;0m               `- [1;31merror: [1;39minvalid redeclaration of 'TransactionDetailView'[0;0m
[0;36m191 |[0;0m     let transaction: FinancialTransaction
[0;36m192 |[0;0m     public init(transaction: FinancialTransaction) { self.transaction = transaction }

/Users/danielstevens/github-projects/tools-automation/MomentumFinance/Shared/Features/Transactions/TransactionComponents.swift:225:15: [1;31merror: [1;39minvalid redeclaration of 'TransactionStatsCard'[0;0m
[0;36m223 |[0;0m }
[0;36m224 |[0;0m 
[0;36m225 |[0;0m public struct TransactionStatsCard: View {
    [0;36m|[0;0m               `- [1;31merror: [1;39minvalid redeclaration of 'TransactionStatsCard'[0;0m
[0;36m226 |[0;0m     let transactions: [FinancialTransaction]
[0;36m227 |[0;0m     public init(transactions: [FinancialTransaction]) { self.transactions = transactions }

/Users/danielstevens/github-projects/tools-automation/MomentumFinance/Shared/Features/Transactions/TransactionComponents.swift:261:15: [1;31merror: [1;39minvalid redeclaration of 'SearchAndFilterSection'[0;0m
[0;36m259 |[0;0m }
[0;36m260 |[0;0m 
[0;36m261 |[0;0m public struct SearchAndFilterSection: View {
    [0;36m|[0;0m               `- [1;31merror: [1;39minvalid redeclaration of 'SearchAndFilterSection'[0;0m
[0;36m262 |[0;0m     @Binding var searchText: String
[0;36m263 |[0;0m     @Binding var selectedFilter: TransactionFilter

/Users/danielstevens/github-projects/tools-automation/MomentumFinance/Shared/Features/Transactions/TransactionDetailView.swift:56:26: [1;31merror: [1;39mtrailing closure passed to parameter of type 'Visibility' that does not accept a closure[0;0m
[0;36m54 |[0;0m                 }
[0;36m55 |[0;0m                 .navigationTitle("Transaction Details")
[0;36m56 |[0;0m                 .toolbar [4;39m{[0;0m
   [0;36m|[0;0m                          `- [1;31merror: [1;39mtrailing closure passed to parameter of type 'Visibility' that does not accept a closure[0;0m
[0;36m57 |[0;0m                     ToolbarItem(placement: .primaryAction) {
[0;36m58 |[0;0m                         Button("Done").accessibilityLabel("Button").accessibilityLabel("Button") {

SwiftUI.View.toolbar:6:27: [1;39mnote: [1;39m'toolbar(_:for:)' declared here[0;0m
[0;36m4 |[0;0m   @available(tvOS, introduced: 16.0, deprecated: 100000.0, renamed: "toolbarVisibility(_:for:)")
[0;36m5 |[0;0m   @available(watchOS, introduced: 9.0, deprecated: 100000.0, renamed: "toolbarVisibility(_:for:)")
[0;36m6 |[0;0m   nonisolated public func toolbar(_ visibility: Visibility, for bars: ToolbarPlacement...) -> some View
  [0;36m|[0;0m                           `- [1;39mnote: [1;39m'toolbar(_:for:)' declared here[0;0m
[0;36m7 |[0;0m   }
[0;36m8 |[0;0m 

/Users/danielstevens/github-projects/tools-automation/MomentumFinance/Shared/Features/Transactions/TransactionEmptyStateView.swift:39:28: [1;31merror: [1;39mcannot convert value of type 'String' to expected argument type 'PrimitiveButtonStyleConfiguration'[0;0m
[0;36m37 |[0;0m 
[0;36m38 |[0;0m                 if self.searchText.isEmpty {
[0;36m39 |[0;0m                     Button("Add Transaction").accessibilityLabel("Button").accessibilityLabel("Button") {
   [0;36m|[0;0m                            `- [1;31merror: [1;39mcannot convert value of type 'String' to expected argument type 'PrimitiveButtonStyleConfiguration'[0;0m
[0;36m40 |[0;0m                         self.onAddTransaction()
[0;36m41 |[0;0m                     }

/Users/danielstevens/github-projects/tools-automation/MomentumFinance/Shared/Features/Transactions/TransactionEmptyStateView.swift:39:105: [1;31merror: [1;39mtype '_' cannot be used as a boolean; test for '!= 0' instead[0;0m
[0;36m37 |[0;0m 
[0;36m38 |[0;0m                 if self.searchText.isEmpty {
[0;36m39 |[0;0m                     Button("Add Transaction").accessibilityLabel("Button").accessibilityLabel("Button") {
   [0;36m|[0;0m                                                                                                         `- [1;31merror: [1;39mtype '_' cannot be used as a boolean; test for '!= 0' instead[0;0m
[0;36m40 |[0;0m                         self.onAddTransaction()
[0;36m41 |[0;0m                     }

/Users/danielstevens/github-projects/tools-automation/MomentumFinance/Shared/Features/Transactions/TransactionListView.swift:28:29: [1;31merror: [1;39mthe compiler is unable to type-check this expression in reasonable time; try breaking up the expression into distinct sub-expressions[0;0m
[0;36m26 |[0;0m         }
[0;36m27 |[0;0m 
[0;36m28 |[0;0m         var body: some View [4;39m{[0;0m
   [0;36m|[0;0m                             `- [1;31merror: [1;39mthe compiler is unable to type-check this expression in reasonable time; try breaking up the expression into distinct sub-expressions[0;0m
[0;36m29 |[0;0m             List {
[0;36m30 |[0;0m                 ForEach(Array(self.groupedTransactions.enumerated()), id: \.element.key) { _, group in

/Users/danielstevens/github-projects/tools-automation/MomentumFinance/Shared/Features/Transactions/TransactionRowView.swift:18:20: [1;31merror: [1;39mmissing argument for parameter #1 in call[0;0m
[0;36m16 |[0;0m 
[0;36m17 |[0;0m         var body: some View {
[0;36m18 |[0;0m             Button(action: self.onTapped).accessibilityLabel("Button").accessibilityLabel("Button") {
   [0;36m|[0;0m                    `- [1;31merror: [1;39mmissing argument for parameter #1 in call[0;0m
[0;36m19 |[0;0m                 HStack {
[0;36m20 |[0;0m                     VStack(alignment: .leading) {

SwiftUI.Button.init:2:36: [1;39mnote: [1;39m'init(_:action:)' declared here[0;0m
[0;36m1 |[0;0m generic struct Button {
[0;36m2 |[0;0m @preconcurrency nonisolated public init(_ titleKey: LocalizedStringKey, action: @escaping @MainActor () -> Void)}
  [0;36m|[0;0m                                    `- [1;39mnote: [1;39m'init(_:action:)' declared here[0;0m
[0;36m3 |[0;0m 

/Users/danielstevens/github-projects/tools-automation/MomentumFinance/Shared/Features/Transactions/TransactionRowView.swift:18:101: [1;31merror: [1;39mtype '_' cannot be used as a boolean; test for '!= 0' instead[0;0m
[0;36m16 |[0;0m 
[0;36m17 |[0;0m         var body: some View {
[0;36m18 |[0;0m             Button(action: self.onTapped).accessibilityLabel("Button").accessibilityLabel("Button") {
   [0;36m|[0;0m                                                                                                     `- [1;31merror: [1;39mtype '_' cannot be used as a boolean; test for '!= 0' instead[0;0m
[0;36m19 |[0;0m                 HStack {
[0;36m20 |[0;0m                     VStack(alignment: .leading) {

/Users/danielstevens/github-projects/tools-automation/MomentumFinance/Shared/Intelligence/AdvancedFinancialIntelligence.swift:44:19: [1;31merror: [1;39mcannot find type 'AIBudget' in scope[0;0m
 [0;36m42 |[0;0m         from transactions: [FinancialTransaction],
 [0;36m43 |[0;0m         accounts: [FinancialAccount],
 [0;36m44 |[0;0m         budgets: [[4;39mAIBudget[0;0m]
    [0;36m|[0;0m                   `- [1;31merror: [1;39mcannot find type 'AIBudget' in scope[0;0m
 [0;36m45 |[0;0m     ) async {
 [0;36m46 |[0;0m 

/Users/danielstevens/github-projects/tools-automation/MomentumFinance/Shared/Intelligence/AdvancedFinancialIntelligence.swift:79:24: [1;31merror: [1;39mcannot find type 'RiskTolerance' in scope[0;0m
 [0;36m77 |[0;0m     /// Get personalized investment recommendations
 [0;36m78 |[0;0m     public func getInvestmentRecommendations(
 [0;36m79 |[0;0m         riskTolerance: [4;39mRiskTolerance[0;0m,
    [0;36m|[0;0m                        `- [1;31merror: [1;39mcannot find type 'RiskTolerance' in scope[0;0m
 [0;36m80 |[0;0m         timeHorizon: TimeHorizon,
 [0;36m81 |[0;0m         currentPortfolio: [Investment]

/Users/danielstevens/github-projects/tools-automation/MomentumFinance/Shared/Intelligence/AdvancedFinancialIntelligence.swift:81:28: [1;31merror: [1;39mcannot find type 'Investment' in scope[0;0m
 [0;36m79 |[0;0m         riskTolerance: RiskTolerance,
 [0;36m80 |[0;0m         timeHorizon: TimeHorizon,
 [0;36m81 |[0;0m         currentPortfolio: [[4;39mInvestment[0;0m]
    [0;36m|[0;0m                            `- [1;31merror: [1;39mcannot find type 'Investment' in scope[0;0m
 [0;36m82 |[0;0m     ) -> [InvestmentRecommendation] {
 [0;36m83 |[0;0m         self.analyticsEngine.generateInvestmentRecommendations(

/Users/danielstevens/github-projects/tools-automation/MomentumFinance/Shared/Intelligence/AdvancedFinancialIntelligence.swift:216:21: [1;31merror: [1;39mcannot find type 'AIBudget' in scope[0;0m
[0;36m214 |[0;0m     private func analyzeBudgetPerformance(
[0;36m215 |[0;0m         _ transactions: [FinancialTransaction],
[0;36m216 |[0;0m         _ budgets: [[4;39mAIBudget[0;0m]
    [0;36m|[0;0m                     `- [1;31merror: [1;39mcannot find type 'AIBudget' in scope[0;0m
[0;36m217 |[0;0m     ) async -> [EnhancedFinancialInsight] {
[0;36m218 |[0;0m         var insights: [EnhancedFinancialInsight] = []

/Users/danielstevens/github-projects/tools-automation/MomentumFinance/Shared/Intelligence/AdvancedFinancialIntelligence.swift:372:73: [1;31merror: [1;39mcannot find type 'AIBudget' in scope[0;0m
[0;36m370 |[0;0m     }
[0;36m371 |[0;0m 
[0;36m372 |[0;0m     private func calculateSpentAmount(_: [FinancialTransaction], for _: [4;39mAIBudget[0;0m) -> Double {
    [0;36m|[0;0m                                                                         `- [1;31merror: [1;39mcannot find type 'AIBudget' in scope[0;0m
[0;36m373 |[0;0m 
[0;36m374 |[0;0m         // Implementation for calculating spent amount against budget

/Users/danielstevens/github-projects/tools-automation/MomentumFinance/Shared/Intelligence/AdvancedFinancialIntelligence.swift:555:30: [1;31merror: [1;39mcannot find type 'RiskTolerance' in scope[0;0m
[0;36m553 |[0;0m     private class FinancialAnalyticsEngine {
[0;36m554 |[0;0m         func generateInvestmentRecommendations(
[0;36m555 |[0;0m             riskTolerance _: [4;39mRiskTolerance[0;0m,
    [0;36m|[0;0m                              `- [1;31merror: [1;39mcannot find type 'RiskTolerance' in scope[0;0m
[0;36m556 |[0;0m             timeHorizon _: TimeHorizon,
[0;36m557 |[0;0m             currentPortfolio _: [Investment]

/Users/danielstevens/github-projects/tools-automation/MomentumFinance/Shared/Intelligence/AdvancedFinancialIntelligence.swift:557:34: [1;31merror: [1;39mcannot find type 'Investment' in scope[0;0m
[0;36m555 |[0;0m             riskTolerance _: RiskTolerance,
[0;36m556 |[0;0m             timeHorizon _: TimeHorizon,
[0;36m557 |[0;0m             currentPortfolio _: [[4;39mInvestment[0;0m]
    [0;36m|[0;0m                                  `- [1;31merror: [1;39mcannot find type 'Investment' in scope[0;0m
[0;36m558 |[0;0m         ) -> [InvestmentRecommendation] {
[0;36m559 |[0;0m             // Implementation would go here

/Users/danielstevens/github-projects/tools-automation/MomentumFinance/Shared/Intelligence/AdvancedFinancialIntelligence.swift:257:50: [1;31merror: [1;39mvalue of type 'FinancialAccount' has no member 'type'[0;0m
[0;36m255 |[0;0m         // Emergency fund assessment
[0;36m256 |[0;0m         let monthlyExpenses = self.calculateMonthlyExpenses(transactions)
[0;36m257 |[0;0m         let emergencyFund = accounts.filter { [4;39m$0[0;0m.[4;39mtype[0;0m == .savings }
    [0;36m|[0;0m                                                  `- [1;31merror: [1;39mvalue of type 'FinancialAccount' has no member 'type'[0;0m
[0;36m258 |[0;0m             .reduce(0) { $0 + $1.balance }
[0;36m259 |[0;0m         let monthsCovered = emergencyFund / monthlyExpenses

/Users/danielstevens/github-projects/tools-automation/MomentumFinance/Shared/Intelligence/AdvancedFinancialIntelligence.swift:257:59: [1;31merror: [1;39mcannot infer contextual base in reference to member 'savings'[0;0m
[0;36m255 |[0;0m         // Emergency fund assessment
[0;36m256 |[0;0m         let monthlyExpenses = self.calculateMonthlyExpenses(transactions)
[0;36m257 |[0;0m         let emergencyFund = accounts.filter { $0.type == [4;39m.savings[0;0m }
    [0;36m|[0;0m                                                           `- [1;31merror: [1;39mcannot infer contextual base in reference to member 'savings'[0;0m
[0;36m258 |[0;0m             .reduce(0) { $0 + $1.balance }
[0;36m259 |[0;0m         let monthsCovered = emergencyFund / monthlyExpenses

/Users/danielstevens/github-projects/tools-automation/MomentumFinance/Shared/Intelligence/AdvancedFinancialIntelligence.swift:266:50: [1;31merror: [1;39mincorrect argument label in call (have '_:specifier:', expected '_:default:')[0;0m
[0;36m264 |[0;0m                     title: "Emergency Fund Below Recommended Level",
[0;36m265 |[0;0m                     description:
[0;36m266 |[0;0m                     "Your emergency fund covers \(monthsCovered, specifier: "%.1f") months of expenses. Experts recommend 3-6 months.",
    [0;36m|[0;0m                                                  `- [1;31merror: [1;39mincorrect argument label in call (have '_:specifier:', expected '_:default:')[0;0m
[0;36m267 |[0;0m                     priority: monthsCovered < 1 ? .critical : .high,
[0;36m268 |[0;0m                     type: .riskAlert,
[94/148] Compiling Shared TransactionDetailView.swift
/Users/danielstevens/github-projects/tools-automation/MomentumFinance/Shared/Intelligence/AdvancedFinancialIntelligence.swift:580:1: [1;31merror: [1;39mexpected '}' in class[0;0m
 [0;36m15 |[0;0m /// Provides predictive analytics, risk assessment, and smart recommendations
 [0;36m16 |[0;0m @MainActor
 [0;36m17 |[0;0m public class AdvancedFinancialIntelligence: ObservableObject {
    [0;36m|[0;0m                                                              `- [1;39mnote: [1;39mto match this opening '{'[0;0m
 [0;36m18 |[0;0m     // MARK: - Published Properties
 [0;36m19 |[0;0m 
    [0;36m:[0;0m
[0;36m578 |[0;0m     // Implementation would go here
[0;36m579 |[0;0m }
[0;36m580 |[0;0m 
    [0;36m|[0;0m `- [1;31merror: [1;39mexpected '}' in class[0;0m

/Users/danielstevens/github-projects/tools-automation/MomentumFinance/Shared/Features/Transactions/TransactionComponents.swift:4:15: [1;31merror: [1;39minvalid redeclaration of 'TransactionEmptyStateView'[0;0m
  [0;36m2 |[0;0m import SwiftUI
  [0;36m3 |[0;0m 
  [0;36m4 |[0;0m public struct TransactionEmptyStateView: View {
    [0;36m|[0;0m               `- [1;31merror: [1;39minvalid redeclaration of 'TransactionEmptyStateView'[0;0m
  [0;36m5 |[0;0m     let searchText: String
  [0;36m6 |[0;0m     let onAddTransaction: () -> Void

/Users/danielstevens/github-projects/tools-automation/MomentumFinance/Shared/Features/Transactions/TransactionComponents.swift:50:15: [1;31merror: [1;39minvalid redeclaration of 'TransactionListView'[0;0m
 [0;36m48 |[0;0m }
 [0;36m49 |[0;0m 
 [0;36m50 |[0;0m public struct TransactionListView: View {
    [0;36m|[0;0m               `- [1;31merror: [1;39minvalid redeclaration of 'TransactionListView'[0;0m
 [0;36m51 |[0;0m     let transactions: [FinancialTransaction]
 [0;36m52 |[0;0m     let onTransactionTapped: (FinancialTransaction) -> Void

/Users/danielstevens/github-projects/tools-automation/MomentumFinance/Shared/Features/Transactions/TransactionComponents.swift:85:15: [1;31merror: [1;39minvalid redeclaration of 'TransactionRowView'[0;0m
 [0;36m83 |[0;0m }
 [0;36m84 |[0;0m 
 [0;36m85 |[0;0m public struct TransactionRowView: View {
    [0;36m|[0;0m               `- [1;31merror: [1;39minvalid redeclaration of 'TransactionRowView'[0;0m
 [0;36m86 |[0;0m     let transaction: FinancialTransaction
 [0;36m87 |[0;0m     let onTap: () -> Void

/Users/danielstevens/github-projects/tools-automation/MomentumFinance/Shared/Features/Transactions/TransactionComponents.swift:109:15: [1;31merror: [1;39minvalid redeclaration of 'AddTransactionView'[0;0m
[0;36m107 |[0;0m }
[0;36m108 |[0;0m 
[0;36m109 |[0;0m public struct AddTransactionView: View {
    [0;36m|[0;0m               `- [1;31merror: [1;39minvalid redeclaration of 'AddTransactionView'[0;0m
[0;36m110 |[0;0m     let categories: [ExpenseCategory]
[0;36m111 |[0;0m     let accounts: [FinancialAccount]

/Users/danielstevens/github-projects/tools-automation/MomentumFinance/Shared/Features/Transactions/TransactionComponents.swift:190:15: [1;31merror: [1;39minvalid redeclaration of 'TransactionDetailView'[0;0m
[0;36m188 |[0;0m }
[0;36m189 |[0;0m 
[0;36m190 |[0;0m public struct TransactionDetailView: View {
    [0;36m|[0;0m               `- [1;31merror: [1;39minvalid redeclaration of 'TransactionDetailView'[0;0m
[0;36m191 |[0;0m     let transaction: FinancialTransaction
[0;36m192 |[0;0m     public init(transaction: FinancialTransaction) { self.transaction = transaction }

/Users/danielstevens/github-projects/tools-automation/MomentumFinance/Shared/Features/Transactions/TransactionComponents.swift:225:15: [1;31merror: [1;39minvalid redeclaration of 'TransactionStatsCard'[0;0m
[0;36m223 |[0;0m }
[0;36m224 |[0;0m 
[0;36m225 |[0;0m public struct TransactionStatsCard: View {
    [0;36m|[0;0m               `- [1;31merror: [1;39minvalid redeclaration of 'TransactionStatsCard'[0;0m
[0;36m226 |[0;0m     let transactions: [FinancialTransaction]
[0;36m227 |[0;0m     public init(transactions: [FinancialTransaction]) { self.transactions = transactions }

/Users/danielstevens/github-projects/tools-automation/MomentumFinance/Shared/Features/Transactions/TransactionComponents.swift:261:15: [1;31merror: [1;39minvalid redeclaration of 'SearchAndFilterSection'[0;0m
[0;36m259 |[0;0m }
[0;36m260 |[0;0m 
[0;36m261 |[0;0m public struct SearchAndFilterSection: View {
    [0;36m|[0;0m               `- [1;31merror: [1;39minvalid redeclaration of 'SearchAndFilterSection'[0;0m
[0;36m262 |[0;0m     @Binding var searchText: String
[0;36m263 |[0;0m     @Binding var selectedFilter: TransactionFilter

/Users/danielstevens/github-projects/tools-automation/MomentumFinance/Shared/Features/Transactions/TransactionDetailView.swift:56:26: [1;31merror: [1;39mtrailing closure passed to parameter of type 'Visibility' that does not accept a closure[0;0m
[0;36m54 |[0;0m                 }
[0;36m55 |[0;0m                 .navigationTitle("Transaction Details")
[0;36m56 |[0;0m                 .toolbar [4;39m{[0;0m
   [0;36m|[0;0m                          `- [1;31merror: [1;39mtrailing closure passed to parameter of type 'Visibility' that does not accept a closure[0;0m
[0;36m57 |[0;0m                     ToolbarItem(placement: .primaryAction) {
[0;36m58 |[0;0m                         Button("Done").accessibilityLabel("Button").accessibilityLabel("Button") {

SwiftUI.View.toolbar:6:27: [1;39mnote: [1;39m'toolbar(_:for:)' declared here[0;0m
[0;36m4 |[0;0m   @available(tvOS, introduced: 16.0, deprecated: 100000.0, renamed: "toolbarVisibility(_:for:)")
[0;36m5 |[0;0m   @available(watchOS, introduced: 9.0, deprecated: 100000.0, renamed: "toolbarVisibility(_:for:)")
[0;36m6 |[0;0m   nonisolated public func toolbar(_ visibility: Visibility, for bars: ToolbarPlacement...) -> some View
  [0;36m|[0;0m                           `- [1;39mnote: [1;39m'toolbar(_:for:)' declared here[0;0m
[0;36m7 |[0;0m   }
[0;36m8 |[0;0m 

/Users/danielstevens/github-projects/tools-automation/MomentumFinance/Shared/Features/Transactions/TransactionEmptyStateView.swift:39:28: [1;31merror: [1;39mcannot convert value of type 'String' to expected argument type 'PrimitiveButtonStyleConfiguration'[0;0m
[0;36m37 |[0;0m 
[0;36m38 |[0;0m                 if self.searchText.isEmpty {
[0;36m39 |[0;0m                     Button("Add Transaction").accessibilityLabel("Button").accessibilityLabel("Button") {
   [0;36m|[0;0m                            `- [1;31merror: [1;39mcannot convert value of type 'String' to expected argument type 'PrimitiveButtonStyleConfiguration'[0;0m
[0;36m40 |[0;0m                         self.onAddTransaction()
[0;36m41 |[0;0m                     }

/Users/danielstevens/github-projects/tools-automation/MomentumFinance/Shared/Features/Transactions/TransactionEmptyStateView.swift:39:105: [1;31merror: [1;39mtype '_' cannot be used as a boolean; test for '!= 0' instead[0;0m
[0;36m37 |[0;0m 
[0;36m38 |[0;0m                 if self.searchText.isEmpty {
[0;36m39 |[0;0m                     Button("Add Transaction").accessibilityLabel("Button").accessibilityLabel("Button") {
   [0;36m|[0;0m                                                                                                         `- [1;31merror: [1;39mtype '_' cannot be used as a boolean; test for '!= 0' instead[0;0m
[0;36m40 |[0;0m                         self.onAddTransaction()
[0;36m41 |[0;0m                     }

/Users/danielstevens/github-projects/tools-automation/MomentumFinance/Shared/Features/Transactions/TransactionListView.swift:28:29: [1;31merror: [1;39mthe compiler is unable to type-check this expression in reasonable time; try breaking up the expression into distinct sub-expressions[0;0m
[0;36m26 |[0;0m         }
[0;36m27 |[0;0m 
[0;36m28 |[0;0m         var body: some View [4;39m{[0;0m
   [0;36m|[0;0m                             `- [1;31merror: [1;39mthe compiler is unable to type-check this expression in reasonable time; try breaking up the expression into distinct sub-expressions[0;0m
[0;36m29 |[0;0m             List {
[0;36m30 |[0;0m                 ForEach(Array(self.groupedTransactions.enumerated()), id: \.element.key) { _, group in

/Users/danielstevens/github-projects/tools-automation/MomentumFinance/Shared/Features/Transactions/TransactionRowView.swift:18:20: [1;31merror: [1;39mmissing argument for parameter #1 in call[0;0m
[0;36m16 |[0;0m 
[0;36m17 |[0;0m         var body: some View {
[0;36m18 |[0;0m             Button(action: self.onTapped).accessibilityLabel("Button").accessibilityLabel("Button") {
   [0;36m|[0;0m                    `- [1;31merror: [1;39mmissing argument for parameter #1 in call[0;0m
[0;36m19 |[0;0m                 HStack {
[0;36m20 |[0;0m                     VStack(alignment: .leading) {

SwiftUI.Button.init:2:36: [1;39mnote: [1;39m'init(_:action:)' declared here[0;0m
[0;36m1 |[0;0m generic struct Button {
[0;36m2 |[0;0m @preconcurrency nonisolated public init(_ titleKey: LocalizedStringKey, action: @escaping @MainActor () -> Void)}
  [0;36m|[0;0m                                    `- [1;39mnote: [1;39m'init(_:action:)' declared here[0;0m
[0;36m3 |[0;0m 

/Users/danielstevens/github-projects/tools-automation/MomentumFinance/Shared/Features/Transactions/TransactionRowView.swift:18:101: [1;31merror: [1;39mtype '_' cannot be used as a boolean; test for '!= 0' instead[0;0m
[0;36m16 |[0;0m 
[0;36m17 |[0;0m         var body: some View {
[0;36m18 |[0;0m             Button(action: self.onTapped).accessibilityLabel("Button").accessibilityLabel("Button") {
   [0;36m|[0;0m                                                                                                     `- [1;31merror: [1;39mtype '_' cannot be used as a boolean; test for '!= 0' instead[0;0m
[0;36m19 |[0;0m                 HStack {
[0;36m20 |[0;0m                     VStack(alignment: .leading) {

/Users/danielstevens/github-projects/tools-automation/MomentumFinance/Shared/Intelligence/AdvancedFinancialIntelligence.swift:44:19: [1;31merror: [1;39mcannot find type 'AIBudget' in scope[0;0m
 [0;36m42 |[0;0m         from transactions: [FinancialTransaction],
 [0;36m43 |[0;0m         accounts: [FinancialAccount],
 [0;36m44 |[0;0m         budgets: [[4;39mAIBudget[0;0m]
    [0;36m|[0;0m                   `- [1;31merror: [1;39mcannot find type 'AIBudget' in scope[0;0m
 [0;36m45 |[0;0m     ) async {
 [0;36m46 |[0;0m 

/Users/danielstevens/github-projects/tools-automation/MomentumFinance/Shared/Intelligence/AdvancedFinancialIntelligence.swift:79:24: [1;31merror: [1;39mcannot find type 'RiskTolerance' in scope[0;0m
 [0;36m77 |[0;0m     /// Get personalized investment recommendations
 [0;36m78 |[0;0m     public func getInvestmentRecommendations(
 [0;36m79 |[0;0m         riskTolerance: [4;39mRiskTolerance[0;0m,
    [0;36m|[0;0m                        `- [1;31merror: [1;39mcannot find type 'RiskTolerance' in scope[0;0m
 [0;36m80 |[0;0m         timeHorizon: TimeHorizon,
 [0;36m81 |[0;0m         currentPortfolio: [Investment]

/Users/danielstevens/github-projects/tools-automation/MomentumFinance/Shared/Intelligence/AdvancedFinancialIntelligence.swift:81:28: [1;31merror: [1;39mcannot find type 'Investment' in scope[0;0m
 [0;36m79 |[0;0m         riskTolerance: RiskTolerance,
 [0;36m80 |[0;0m         timeHorizon: TimeHorizon,
 [0;36m81 |[0;0m         currentPortfolio: [[4;39mInvestment[0;0m]
    [0;36m|[0;0m                            `- [1;31merror: [1;39mcannot find type 'Investment' in scope[0;0m
 [0;36m82 |[0;0m     ) -> [InvestmentRecommendation] {
 [0;36m83 |[0;0m         self.analyticsEngine.generateInvestmentRecommendations(

/Users/danielstevens/github-projects/tools-automation/MomentumFinance/Shared/Intelligence/AdvancedFinancialIntelligence.swift:216:21: [1;31merror: [1;39mcannot find type 'AIBudget' in scope[0;0m
[0;36m214 |[0;0m     private func analyzeBudgetPerformance(
[0;36m215 |[0;0m         _ transactions: [FinancialTransaction],
[0;36m216 |[0;0m         _ budgets: [[4;39mAIBudget[0;0m]
    [0;36m|[0;0m                     `- [1;31merror: [1;39mcannot find type 'AIBudget' in scope[0;0m
[0;36m217 |[0;0m     ) async -> [EnhancedFinancialInsight] {
[0;36m218 |[0;0m         var insights: [EnhancedFinancialInsight] = []

/Users/danielstevens/github-projects/tools-automation/MomentumFinance/Shared/Intelligence/AdvancedFinancialIntelligence.swift:372:73: [1;31merror: [1;39mcannot find type 'AIBudget' in scope[0;0m
[0;36m370 |[0;0m     }
[0;36m371 |[0;0m 
[0;36m372 |[0;0m     private func calculateSpentAmount(_: [FinancialTransaction], for _: [4;39mAIBudget[0;0m) -> Double {
    [0;36m|[0;0m                                                                         `- [1;31merror: [1;39mcannot find type 'AIBudget' in scope[0;0m
[0;36m373 |[0;0m 
[0;36m374 |[0;0m         // Implementation for calculating spent amount against budget

/Users/danielstevens/github-projects/tools-automation/MomentumFinance/Shared/Intelligence/AdvancedFinancialIntelligence.swift:555:30: [1;31merror: [1;39mcannot find type 'RiskTolerance' in scope[0;0m
[0;36m553 |[0;0m     private class FinancialAnalyticsEngine {
[0;36m554 |[0;0m         func generateInvestmentRecommendations(
[0;36m555 |[0;0m             riskTolerance _: [4;39mRiskTolerance[0;0m,
    [0;36m|[0;0m                              `- [1;31merror: [1;39mcannot find type 'RiskTolerance' in scope[0;0m
[0;36m556 |[0;0m             timeHorizon _: TimeHorizon,
[0;36m557 |[0;0m             currentPortfolio _: [Investment]

/Users/danielstevens/github-projects/tools-automation/MomentumFinance/Shared/Intelligence/AdvancedFinancialIntelligence.swift:557:34: [1;31merror: [1;39mcannot find type 'Investment' in scope[0;0m
[0;36m555 |[0;0m             riskTolerance _: RiskTolerance,
[0;36m556 |[0;0m             timeHorizon _: TimeHorizon,
[0;36m557 |[0;0m             currentPortfolio _: [[4;39mInvestment[0;0m]
    [0;36m|[0;0m                                  `- [1;31merror: [1;39mcannot find type 'Investment' in scope[0;0m
[0;36m558 |[0;0m         ) -> [InvestmentRecommendation] {
[0;36m559 |[0;0m             // Implementation would go here

/Users/danielstevens/github-projects/tools-automation/MomentumFinance/Shared/Intelligence/AdvancedFinancialIntelligence.swift:257:50: [1;31merror: [1;39mvalue of type 'FinancialAccount' has no member 'type'[0;0m
[0;36m255 |[0;0m         // Emergency fund assessment
[0;36m256 |[0;0m         let monthlyExpenses = self.calculateMonthlyExpenses(transactions)
[0;36m257 |[0;0m         let emergencyFund = accounts.filter { [4;39m$0[0;0m.[4;39mtype[0;0m == .savings }
    [0;36m|[0;0m                                                  `- [1;31merror: [1;39mvalue of type 'FinancialAccount' has no member 'type'[0;0m
[0;36m258 |[0;0m             .reduce(0) { $0 + $1.balance }
[0;36m259 |[0;0m         let monthsCovered = emergencyFund / monthlyExpenses

/Users/danielstevens/github-projects/tools-automation/MomentumFinance/Shared/Intelligence/AdvancedFinancialIntelligence.swift:257:59: [1;31merror: [1;39mcannot infer contextual base in reference to member 'savings'[0;0m
[0;36m255 |[0;0m         // Emergency fund assessment
[0;36m256 |[0;0m         let monthlyExpenses = self.calculateMonthlyExpenses(transactions)
[0;36m257 |[0;0m         let emergencyFund = accounts.filter { $0.type == [4;39m.savings[0;0m }
    [0;36m|[0;0m                                                           `- [1;31merror: [1;39mcannot infer contextual base in reference to member 'savings'[0;0m
[0;36m258 |[0;0m             .reduce(0) { $0 + $1.balance }
[0;36m259 |[0;0m         let monthsCovered = emergencyFund / monthlyExpenses

/Users/danielstevens/github-projects/tools-automation/MomentumFinance/Shared/Intelligence/AdvancedFinancialIntelligence.swift:266:50: [1;31merror: [1;39mincorrect argument label in call (have '_:specifier:', expected '_:default:')[0;0m
[0;36m264 |[0;0m                     title: "Emergency Fund Below Recommended Level",
[0;36m265 |[0;0m                     description:
[0;36m266 |[0;0m                     "Your emergency fund covers \(monthsCovered, specifier: "%.1f") months of expenses. Experts recommend 3-6 months.",
    [0;36m|[0;0m                                                  `- [1;31merror: [1;39mincorrect argument label in call (have '_:specifier:', expected '_:default:')[0;0m
[0;36m267 |[0;0m                     priority: monthsCovered < 1 ? .critical : .high,
[0;36m268 |[0;0m                     type: .riskAlert,
[95/148] Compiling Shared TransactionEmptyStateView.swift
/Users/danielstevens/github-projects/tools-automation/MomentumFinance/Shared/Intelligence/AdvancedFinancialIntelligence.swift:580:1: [1;31merror: [1;39mexpected '}' in class[0;0m
 [0;36m15 |[0;0m /// Provides predictive analytics, risk assessment, and smart recommendations
 [0;36m16 |[0;0m @MainActor
 [0;36m17 |[0;0m public class AdvancedFinancialIntelligence: ObservableObject {
    [0;36m|[0;0m                                                              `- [1;39mnote: [1;39mto match this opening '{'[0;0m
 [0;36m18 |[0;0m     // MARK: - Published Properties
 [0;36m19 |[0;0m 
    [0;36m:[0;0m
[0;36m578 |[0;0m     // Implementation would go here
[0;36m579 |[0;0m }
[0;36m580 |[0;0m 
    [0;36m|[0;0m `- [1;31merror: [1;39mexpected '}' in class[0;0m

/Users/danielstevens/github-projects/tools-automation/MomentumFinance/Shared/Features/Transactions/TransactionComponents.swift:4:15: [1;31merror: [1;39minvalid redeclaration of 'TransactionEmptyStateView'[0;0m
  [0;36m2 |[0;0m import SwiftUI
  [0;36m3 |[0;0m 
  [0;36m4 |[0;0m public struct TransactionEmptyStateView: View {
    [0;36m|[0;0m               `- [1;31merror: [1;39minvalid redeclaration of 'TransactionEmptyStateView'[0;0m
  [0;36m5 |[0;0m     let searchText: String
  [0;36m6 |[0;0m     let onAddTransaction: () -> Void

/Users/danielstevens/github-projects/tools-automation/MomentumFinance/Shared/Features/Transactions/TransactionComponents.swift:50:15: [1;31merror: [1;39minvalid redeclaration of 'TransactionListView'[0;0m
 [0;36m48 |[0;0m }
 [0;36m49 |[0;0m 
 [0;36m50 |[0;0m public struct TransactionListView: View {
    [0;36m|[0;0m               `- [1;31merror: [1;39minvalid redeclaration of 'TransactionListView'[0;0m
 [0;36m51 |[0;0m     let transactions: [FinancialTransaction]
 [0;36m52 |[0;0m     let onTransactionTapped: (FinancialTransaction) -> Void

/Users/danielstevens/github-projects/tools-automation/MomentumFinance/Shared/Features/Transactions/TransactionComponents.swift:85:15: [1;31merror: [1;39minvalid redeclaration of 'TransactionRowView'[0;0m
 [0;36m83 |[0;0m }
 [0;36m84 |[0;0m 
 [0;36m85 |[0;0m public struct TransactionRowView: View {
    [0;36m|[0;0m               `- [1;31merror: [1;39minvalid redeclaration of 'TransactionRowView'[0;0m
 [0;36m86 |[0;0m     let transaction: FinancialTransaction
 [0;36m87 |[0;0m     let onTap: () -> Void

/Users/danielstevens/github-projects/tools-automation/MomentumFinance/Shared/Features/Transactions/TransactionComponents.swift:109:15: [1;31merror: [1;39minvalid redeclaration of 'AddTransactionView'[0;0m
[0;36m107 |[0;0m }
[0;36m108 |[0;0m 
[0;36m109 |[0;0m public struct AddTransactionView: View {
    [0;36m|[0;0m               `- [1;31merror: [1;39minvalid redeclaration of 'AddTransactionView'[0;0m
[0;36m110 |[0;0m     let categories: [ExpenseCategory]
[0;36m111 |[0;0m     let accounts: [FinancialAccount]

/Users/danielstevens/github-projects/tools-automation/MomentumFinance/Shared/Features/Transactions/TransactionComponents.swift:190:15: [1;31merror: [1;39minvalid redeclaration of 'TransactionDetailView'[0;0m
[0;36m188 |[0;0m }
[0;36m189 |[0;0m 
[0;36m190 |[0;0m public struct TransactionDetailView: View {
    [0;36m|[0;0m               `- [1;31merror: [1;39minvalid redeclaration of 'TransactionDetailView'[0;0m
[0;36m191 |[0;0m     let transaction: FinancialTransaction
[0;36m192 |[0;0m     public init(transaction: FinancialTransaction) { self.transaction = transaction }

/Users/danielstevens/github-projects/tools-automation/MomentumFinance/Shared/Features/Transactions/TransactionComponents.swift:225:15: [1;31merror: [1;39minvalid redeclaration of 'TransactionStatsCard'[0;0m
[0;36m223 |[0;0m }
[0;36m224 |[0;0m 
[0;36m225 |[0;0m public struct TransactionStatsCard: View {
    [0;36m|[0;0m               `- [1;31merror: [1;39minvalid redeclaration of 'TransactionStatsCard'[0;0m
[0;36m226 |[0;0m     let transactions: [FinancialTransaction]
[0;36m227 |[0;0m     public init(transactions: [FinancialTransaction]) { self.transactions = transactions }

/Users/danielstevens/github-projects/tools-automation/MomentumFinance/Shared/Features/Transactions/TransactionComponents.swift:261:15: [1;31merror: [1;39minvalid redeclaration of 'SearchAndFilterSection'[0;0m
[0;36m259 |[0;0m }
[0;36m260 |[0;0m 
[0;36m261 |[0;0m public struct SearchAndFilterSection: View {
    [0;36m|[0;0m               `- [1;31merror: [1;39minvalid redeclaration of 'SearchAndFilterSection'[0;0m
[0;36m262 |[0;0m     @Binding var searchText: String
[0;36m263 |[0;0m     @Binding var selectedFilter: TransactionFilter

/Users/danielstevens/github-projects/tools-automation/MomentumFinance/Shared/Features/Transactions/TransactionDetailView.swift:56:26: [1;31merror: [1;39mtrailing closure passed to parameter of type 'Visibility' that does not accept a closure[0;0m
[0;36m54 |[0;0m                 }
[0;36m55 |[0;0m                 .navigationTitle("Transaction Details")
[0;36m56 |[0;0m                 .toolbar [4;39m{[0;0m
   [0;36m|[0;0m                          `- [1;31merror: [1;39mtrailing closure passed to parameter of type 'Visibility' that does not accept a closure[0;0m
[0;36m57 |[0;0m                     ToolbarItem(placement: .primaryAction) {
[0;36m58 |[0;0m                         Button("Done").accessibilityLabel("Button").accessibilityLabel("Button") {

SwiftUI.View.toolbar:6:27: [1;39mnote: [1;39m'toolbar(_:for:)' declared here[0;0m
[0;36m4 |[0;0m   @available(tvOS, introduced: 16.0, deprecated: 100000.0, renamed: "toolbarVisibility(_:for:)")
[0;36m5 |[0;0m   @available(watchOS, introduced: 9.0, deprecated: 100000.0, renamed: "toolbarVisibility(_:for:)")
[0;36m6 |[0;0m   nonisolated public func toolbar(_ visibility: Visibility, for bars: ToolbarPlacement...) -> some View
  [0;36m|[0;0m                           `- [1;39mnote: [1;39m'toolbar(_:for:)' declared here[0;0m
[0;36m7 |[0;0m   }
[0;36m8 |[0;0m 

/Users/danielstevens/github-projects/tools-automation/MomentumFinance/Shared/Features/Transactions/TransactionEmptyStateView.swift:39:28: [1;31merror: [1;39mcannot convert value of type 'String' to expected argument type 'PrimitiveButtonStyleConfiguration'[0;0m
[0;36m37 |[0;0m 
[0;36m38 |[0;0m                 if self.searchText.isEmpty {
[0;36m39 |[0;0m                     Button("Add Transaction").accessibilityLabel("Button").accessibilityLabel("Button") {
   [0;36m|[0;0m                            `- [1;31merror: [1;39mcannot convert value of type 'String' to expected argument type 'PrimitiveButtonStyleConfiguration'[0;0m
[0;36m40 |[0;0m                         self.onAddTransaction()
[0;36m41 |[0;0m                     }

/Users/danielstevens/github-projects/tools-automation/MomentumFinance/Shared/Features/Transactions/TransactionEmptyStateView.swift:39:105: [1;31merror: [1;39mtype '_' cannot be used as a boolean; test for '!= 0' instead[0;0m
[0;36m37 |[0;0m 
[0;36m38 |[0;0m                 if self.searchText.isEmpty {
[0;36m39 |[0;0m                     Button("Add Transaction").accessibilityLabel("Button").accessibilityLabel("Button") {
   [0;36m|[0;0m                                                                                                         `- [1;31merror: [1;39mtype '_' cannot be used as a boolean; test for '!= 0' instead[0;0m
[0;36m40 |[0;0m                         self.onAddTransaction()
[0;36m41 |[0;0m                     }

/Users/danielstevens/github-projects/tools-automation/MomentumFinance/Shared/Features/Transactions/TransactionListView.swift:28:29: [1;31merror: [1;39mthe compiler is unable to type-check this expression in reasonable time; try breaking up the expression into distinct sub-expressions[0;0m
[0;36m26 |[0;0m         }
[0;36m27 |[0;0m 
[0;36m28 |[0;0m         var body: some View [4;39m{[0;0m
   [0;36m|[0;0m                             `- [1;31merror: [1;39mthe compiler is unable to type-check this expression in reasonable time; try breaking up the expression into distinct sub-expressions[0;0m
[0;36m29 |[0;0m             List {
[0;36m30 |[0;0m                 ForEach(Array(self.groupedTransactions.enumerated()), id: \.element.key) { _, group in

/Users/danielstevens/github-projects/tools-automation/MomentumFinance/Shared/Features/Transactions/TransactionRowView.swift:18:20: [1;31merror: [1;39mmissing argument for parameter #1 in call[0;0m
[0;36m16 |[0;0m 
[0;36m17 |[0;0m         var body: some View {
[0;36m18 |[0;0m             Button(action: self.onTapped).accessibilityLabel("Button").accessibilityLabel("Button") {
   [0;36m|[0;0m                    `- [1;31merror: [1;39mmissing argument for parameter #1 in call[0;0m
[0;36m19 |[0;0m                 HStack {
[0;36m20 |[0;0m                     VStack(alignment: .leading) {

SwiftUI.Button.init:2:36: [1;39mnote: [1;39m'init(_:action:)' declared here[0;0m
[0;36m1 |[0;0m generic struct Button {
[0;36m2 |[0;0m @preconcurrency nonisolated public init(_ titleKey: LocalizedStringKey, action: @escaping @MainActor () -> Void)}
  [0;36m|[0;0m                                    `- [1;39mnote: [1;39m'init(_:action:)' declared here[0;0m
[0;36m3 |[0;0m 

/Users/danielstevens/github-projects/tools-automation/MomentumFinance/Shared/Features/Transactions/TransactionRowView.swift:18:101: [1;31merror: [1;39mtype '_' cannot be used as a boolean; test for '!= 0' instead[0;0m
[0;36m16 |[0;0m 
[0;36m17 |[0;0m         var body: some View {
[0;36m18 |[0;0m             Button(action: self.onTapped).accessibilityLabel("Button").accessibilityLabel("Button") {
   [0;36m|[0;0m                                                                                                     `- [1;31merror: [1;39mtype '_' cannot be used as a boolean; test for '!= 0' instead[0;0m
[0;36m19 |[0;0m                 HStack {
[0;36m20 |[0;0m                     VStack(alignment: .leading) {

/Users/danielstevens/github-projects/tools-automation/MomentumFinance/Shared/Intelligence/AdvancedFinancialIntelligence.swift:44:19: [1;31merror: [1;39mcannot find type 'AIBudget' in scope[0;0m
 [0;36m42 |[0;0m         from transactions: [FinancialTransaction],
 [0;36m43 |[0;0m         accounts: [FinancialAccount],
 [0;36m44 |[0;0m         budgets: [[4;39mAIBudget[0;0m]
    [0;36m|[0;0m                   `- [1;31merror: [1;39mcannot find type 'AIBudget' in scope[0;0m
 [0;36m45 |[0;0m     ) async {
 [0;36m46 |[0;0m 

/Users/danielstevens/github-projects/tools-automation/MomentumFinance/Shared/Intelligence/AdvancedFinancialIntelligence.swift:79:24: [1;31merror: [1;39mcannot find type 'RiskTolerance' in scope[0;0m
 [0;36m77 |[0;0m     /// Get personalized investment recommendations
 [0;36m78 |[0;0m     public func getInvestmentRecommendations(
 [0;36m79 |[0;0m         riskTolerance: [4;39mRiskTolerance[0;0m,
    [0;36m|[0;0m                        `- [1;31merror: [1;39mcannot find type 'RiskTolerance' in scope[0;0m
 [0;36m80 |[0;0m         timeHorizon: TimeHorizon,
 [0;36m81 |[0;0m         currentPortfolio: [Investment]

/Users/danielstevens/github-projects/tools-automation/MomentumFinance/Shared/Intelligence/AdvancedFinancialIntelligence.swift:81:28: [1;31merror: [1;39mcannot find type 'Investment' in scope[0;0m
 [0;36m79 |[0;0m         riskTolerance: RiskTolerance,
 [0;36m80 |[0;0m         timeHorizon: TimeHorizon,
 [0;36m81 |[0;0m         currentPortfolio: [[4;39mInvestment[0;0m]
    [0;36m|[0;0m                            `- [1;31merror: [1;39mcannot find type 'Investment' in scope[0;0m
 [0;36m82 |[0;0m     ) -> [InvestmentRecommendation] {
 [0;36m83 |[0;0m         self.analyticsEngine.generateInvestmentRecommendations(

/Users/danielstevens/github-projects/tools-automation/MomentumFinance/Shared/Intelligence/AdvancedFinancialIntelligence.swift:216:21: [1;31merror: [1;39mcannot find type 'AIBudget' in scope[0;0m
[0;36m214 |[0;0m     private func analyzeBudgetPerformance(
[0;36m215 |[0;0m         _ transactions: [FinancialTransaction],
[0;36m216 |[0;0m         _ budgets: [[4;39mAIBudget[0;0m]
    [0;36m|[0;0m                     `- [1;31merror: [1;39mcannot find type 'AIBudget' in scope[0;0m
[0;36m217 |[0;0m     ) async -> [EnhancedFinancialInsight] {
[0;36m218 |[0;0m         var insights: [EnhancedFinancialInsight] = []

/Users/danielstevens/github-projects/tools-automation/MomentumFinance/Shared/Intelligence/AdvancedFinancialIntelligence.swift:372:73: [1;31merror: [1;39mcannot find type 'AIBudget' in scope[0;0m
[0;36m370 |[0;0m     }
[0;36m371 |[0;0m 
[0;36m372 |[0;0m     private func calculateSpentAmount(_: [FinancialTransaction], for _: [4;39mAIBudget[0;0m) -> Double {
    [0;36m|[0;0m                                                                         `- [1;31merror: [1;39mcannot find type 'AIBudget' in scope[0;0m
[0;36m373 |[0;0m 
[0;36m374 |[0;0m         // Implementation for calculating spent amount against budget

/Users/danielstevens/github-projects/tools-automation/MomentumFinance/Shared/Intelligence/AdvancedFinancialIntelligence.swift:555:30: [1;31merror: [1;39mcannot find type 'RiskTolerance' in scope[0;0m
[0;36m553 |[0;0m     private class FinancialAnalyticsEngine {
[0;36m554 |[0;0m         func generateInvestmentRecommendations(
[0;36m555 |[0;0m             riskTolerance _: [4;39mRiskTolerance[0;0m,
    [0;36m|[0;0m                              `- [1;31merror: [1;39mcannot find type 'RiskTolerance' in scope[0;0m
[0;36m556 |[0;0m             timeHorizon _: TimeHorizon,
[0;36m557 |[0;0m             currentPortfolio _: [Investment]

/Users/danielstevens/github-projects/tools-automation/MomentumFinance/Shared/Intelligence/AdvancedFinancialIntelligence.swift:557:34: [1;31merror: [1;39mcannot find type 'Investment' in scope[0;0m
[0;36m555 |[0;0m             riskTolerance _: RiskTolerance,
[0;36m556 |[0;0m             timeHorizon _: TimeHorizon,
[0;36m557 |[0;0m             currentPortfolio _: [[4;39mInvestment[0;0m]
    [0;36m|[0;0m                                  `- [1;31merror: [1;39mcannot find type 'Investment' in scope[0;0m
[0;36m558 |[0;0m         ) -> [InvestmentRecommendation] {
[0;36m559 |[0;0m             // Implementation would go here

/Users/danielstevens/github-projects/tools-automation/MomentumFinance/Shared/Intelligence/AdvancedFinancialIntelligence.swift:257:50: [1;31merror: [1;39mvalue of type 'FinancialAccount' has no member 'type'[0;0m
[0;36m255 |[0;0m         // Emergency fund assessment
[0;36m256 |[0;0m         let monthlyExpenses = self.calculateMonthlyExpenses(transactions)
[0;36m257 |[0;0m         let emergencyFund = accounts.filter { [4;39m$0[0;0m.[4;39mtype[0;0m == .savings }
    [0;36m|[0;0m                                                  `- [1;31merror: [1;39mvalue of type 'FinancialAccount' has no member 'type'[0;0m
[0;36m258 |[0;0m             .reduce(0) { $0 + $1.balance }
[0;36m259 |[0;0m         let monthsCovered = emergencyFund / monthlyExpenses

/Users/danielstevens/github-projects/tools-automation/MomentumFinance/Shared/Intelligence/AdvancedFinancialIntelligence.swift:257:59: [1;31merror: [1;39mcannot infer contextual base in reference to member 'savings'[0;0m
[0;36m255 |[0;0m         // Emergency fund assessment
[0;36m256 |[0;0m         let monthlyExpenses = self.calculateMonthlyExpenses(transactions)
[0;36m257 |[0;0m         let emergencyFund = accounts.filter { $0.type == [4;39m.savings[0;0m }
    [0;36m|[0;0m                                                           `- [1;31merror: [1;39mcannot infer contextual base in reference to member 'savings'[0;0m
[0;36m258 |[0;0m             .reduce(0) { $0 + $1.balance }
[0;36m259 |[0;0m         let monthsCovered = emergencyFund / monthlyExpenses

/Users/danielstevens/github-projects/tools-automation/MomentumFinance/Shared/Intelligence/AdvancedFinancialIntelligence.swift:266:50: [1;31merror: [1;39mincorrect argument label in call (have '_:specifier:', expected '_:default:')[0;0m
[0;36m264 |[0;0m                     title: "Emergency Fund Below Recommended Level",
[0;36m265 |[0;0m                     description:
[0;36m266 |[0;0m                     "Your emergency fund covers \(monthsCovered, specifier: "%.1f") months of expenses. Experts recommend 3-6 months.",
    [0;36m|[0;0m                                                  `- [1;31merror: [1;39mincorrect argument label in call (have '_:specifier:', expected '_:default:')[0;0m
[0;36m267 |[0;0m                     priority: monthsCovered < 1 ? .critical : .high,
[0;36m268 |[0;0m                     type: .riskAlert,
[96/148] Compiling Shared TransactionFilter.swift
/Users/danielstevens/github-projects/tools-automation/MomentumFinance/Shared/Intelligence/AdvancedFinancialIntelligence.swift:580:1: [1;31merror: [1;39mexpected '}' in class[0;0m
 [0;36m15 |[0;0m /// Provides predictive analytics, risk assessment, and smart recommendations
 [0;36m16 |[0;0m @MainActor
 [0;36m17 |[0;0m public class AdvancedFinancialIntelligence: ObservableObject {
    [0;36m|[0;0m                                                              `- [1;39mnote: [1;39mto match this opening '{'[0;0m
 [0;36m18 |[0;0m     // MARK: - Published Properties
 [0;36m19 |[0;0m 
    [0;36m:[0;0m
[0;36m578 |[0;0m     // Implementation would go here
[0;36m579 |[0;0m }
[0;36m580 |[0;0m 
    [0;36m|[0;0m `- [1;31merror: [1;39mexpected '}' in class[0;0m

/Users/danielstevens/github-projects/tools-automation/MomentumFinance/Shared/Features/Transactions/TransactionComponents.swift:4:15: [1;31merror: [1;39minvalid redeclaration of 'TransactionEmptyStateView'[0;0m
  [0;36m2 |[0;0m import SwiftUI
  [0;36m3 |[0;0m 
  [0;36m4 |[0;0m public struct TransactionEmptyStateView: View {
    [0;36m|[0;0m               `- [1;31merror: [1;39minvalid redeclaration of 'TransactionEmptyStateView'[0;0m
  [0;36m5 |[0;0m     let searchText: String
  [0;36m6 |[0;0m     let onAddTransaction: () -> Void

/Users/danielstevens/github-projects/tools-automation/MomentumFinance/Shared/Features/Transactions/TransactionComponents.swift:50:15: [1;31merror: [1;39minvalid redeclaration of 'TransactionListView'[0;0m
 [0;36m48 |[0;0m }
 [0;36m49 |[0;0m 
 [0;36m50 |[0;0m public struct TransactionListView: View {
    [0;36m|[0;0m               `- [1;31merror: [1;39minvalid redeclaration of 'TransactionListView'[0;0m
 [0;36m51 |[0;0m     let transactions: [FinancialTransaction]
 [0;36m52 |[0;0m     let onTransactionTapped: (FinancialTransaction) -> Void

/Users/danielstevens/github-projects/tools-automation/MomentumFinance/Shared/Features/Transactions/TransactionComponents.swift:85:15: [1;31merror: [1;39minvalid redeclaration of 'TransactionRowView'[0;0m
 [0;36m83 |[0;0m }
 [0;36m84 |[0;0m 
 [0;36m85 |[0;0m public struct TransactionRowView: View {
    [0;36m|[0;0m               `- [1;31merror: [1;39minvalid redeclaration of 'TransactionRowView'[0;0m
 [0;36m86 |[0;0m     let transaction: FinancialTransaction
 [0;36m87 |[0;0m     let onTap: () -> Void

/Users/danielstevens/github-projects/tools-automation/MomentumFinance/Shared/Features/Transactions/TransactionComponents.swift:109:15: [1;31merror: [1;39minvalid redeclaration of 'AddTransactionView'[0;0m
[0;36m107 |[0;0m }
[0;36m108 |[0;0m 
[0;36m109 |[0;0m public struct AddTransactionView: View {
    [0;36m|[0;0m               `- [1;31merror: [1;39minvalid redeclaration of 'AddTransactionView'[0;0m
[0;36m110 |[0;0m     let categories: [ExpenseCategory]
[0;36m111 |[0;0m     let accounts: [FinancialAccount]

/Users/danielstevens/github-projects/tools-automation/MomentumFinance/Shared/Features/Transactions/TransactionComponents.swift:190:15: [1;31merror: [1;39minvalid redeclaration of 'TransactionDetailView'[0;0m
[0;36m188 |[0;0m }
[0;36m189 |[0;0m 
[0;36m190 |[0;0m public struct TransactionDetailView: View {
    [0;36m|[0;0m               `- [1;31merror: [1;39minvalid redeclaration of 'TransactionDetailView'[0;0m
[0;36m191 |[0;0m     let transaction: FinancialTransaction
[0;36m192 |[0;0m     public init(transaction: FinancialTransaction) { self.transaction = transaction }

/Users/danielstevens/github-projects/tools-automation/MomentumFinance/Shared/Features/Transactions/TransactionComponents.swift:225:15: [1;31merror: [1;39minvalid redeclaration of 'TransactionStatsCard'[0;0m
[0;36m223 |[0;0m }
[0;36m224 |[0;0m 
[0;36m225 |[0;0m public struct TransactionStatsCard: View {
    [0;36m|[0;0m               `- [1;31merror: [1;39minvalid redeclaration of 'TransactionStatsCard'[0;0m
[0;36m226 |[0;0m     let transactions: [FinancialTransaction]
[0;36m227 |[0;0m     public init(transactions: [FinancialTransaction]) { self.transactions = transactions }

/Users/danielstevens/github-projects/tools-automation/MomentumFinance/Shared/Features/Transactions/TransactionComponents.swift:261:15: [1;31merror: [1;39minvalid redeclaration of 'SearchAndFilterSection'[0;0m
[0;36m259 |[0;0m }
[0;36m260 |[0;0m 
[0;36m261 |[0;0m public struct SearchAndFilterSection: View {
    [0;36m|[0;0m               `- [1;31merror: [1;39minvalid redeclaration of 'SearchAndFilterSection'[0;0m
[0;36m262 |[0;0m     @Binding var searchText: String
[0;36m263 |[0;0m     @Binding var selectedFilter: TransactionFilter

/Users/danielstevens/github-projects/tools-automation/MomentumFinance/Shared/Features/Transactions/TransactionDetailView.swift:56:26: [1;31merror: [1;39mtrailing closure passed to parameter of type 'Visibility' that does not accept a closure[0;0m
[0;36m54 |[0;0m                 }
[0;36m55 |[0;0m                 .navigationTitle("Transaction Details")
[0;36m56 |[0;0m                 .toolbar [4;39m{[0;0m
   [0;36m|[0;0m                          `- [1;31merror: [1;39mtrailing closure passed to parameter of type 'Visibility' that does not accept a closure[0;0m
[0;36m57 |[0;0m                     ToolbarItem(placement: .primaryAction) {
[0;36m58 |[0;0m                         Button("Done").accessibilityLabel("Button").accessibilityLabel("Button") {

SwiftUI.View.toolbar:6:27: [1;39mnote: [1;39m'toolbar(_:for:)' declared here[0;0m
[0;36m4 |[0;0m   @available(tvOS, introduced: 16.0, deprecated: 100000.0, renamed: "toolbarVisibility(_:for:)")
[0;36m5 |[0;0m   @available(watchOS, introduced: 9.0, deprecated: 100000.0, renamed: "toolbarVisibility(_:for:)")
[0;36m6 |[0;0m   nonisolated public func toolbar(_ visibility: Visibility, for bars: ToolbarPlacement...) -> some View
  [0;36m|[0;0m                           `- [1;39mnote: [1;39m'toolbar(_:for:)' declared here[0;0m
[0;36m7 |[0;0m   }
[0;36m8 |[0;0m 

/Users/danielstevens/github-projects/tools-automation/MomentumFinance/Shared/Features/Transactions/TransactionEmptyStateView.swift:39:28: [1;31merror: [1;39mcannot convert value of type 'String' to expected argument type 'PrimitiveButtonStyleConfiguration'[0;0m
[0;36m37 |[0;0m 
[0;36m38 |[0;0m                 if self.searchText.isEmpty {
[0;36m39 |[0;0m                     Button("Add Transaction").accessibilityLabel("Button").accessibilityLabel("Button") {
   [0;36m|[0;0m                            `- [1;31merror: [1;39mcannot convert value of type 'String' to expected argument type 'PrimitiveButtonStyleConfiguration'[0;0m
[0;36m40 |[0;0m                         self.onAddTransaction()
[0;36m41 |[0;0m                     }

/Users/danielstevens/github-projects/tools-automation/MomentumFinance/Shared/Features/Transactions/TransactionEmptyStateView.swift:39:105: [1;31merror: [1;39mtype '_' cannot be used as a boolean; test for '!= 0' instead[0;0m
[0;36m37 |[0;0m 
[0;36m38 |[0;0m                 if self.searchText.isEmpty {
[0;36m39 |[0;0m                     Button("Add Transaction").accessibilityLabel("Button").accessibilityLabel("Button") {
   [0;36m|[0;0m                                                                                                         `- [1;31merror: [1;39mtype '_' cannot be used as a boolean; test for '!= 0' instead[0;0m
[0;36m40 |[0;0m                         self.onAddTransaction()
[0;36m41 |[0;0m                     }

/Users/danielstevens/github-projects/tools-automation/MomentumFinance/Shared/Features/Transactions/TransactionListView.swift:28:29: [1;31merror: [1;39mthe compiler is unable to type-check this expression in reasonable time; try breaking up the expression into distinct sub-expressions[0;0m
[0;36m26 |[0;0m         }
[0;36m27 |[0;0m 
[0;36m28 |[0;0m         var body: some View [4;39m{[0;0m
   [0;36m|[0;0m                             `- [1;31merror: [1;39mthe compiler is unable to type-check this expression in reasonable time; try breaking up the expression into distinct sub-expressions[0;0m
[0;36m29 |[0;0m             List {
[0;36m30 |[0;0m                 ForEach(Array(self.groupedTransactions.enumerated()), id: \.element.key) { _, group in

/Users/danielstevens/github-projects/tools-automation/MomentumFinance/Shared/Features/Transactions/TransactionRowView.swift:18:20: [1;31merror: [1;39mmissing argument for parameter #1 in call[0;0m
[0;36m16 |[0;0m 
[0;36m17 |[0;0m         var body: some View {
[0;36m18 |[0;0m             Button(action: self.onTapped).accessibilityLabel("Button").accessibilityLabel("Button") {
   [0;36m|[0;0m                    `- [1;31merror: [1;39mmissing argument for parameter #1 in call[0;0m
[0;36m19 |[0;0m                 HStack {
[0;36m20 |[0;0m                     VStack(alignment: .leading) {

SwiftUI.Button.init:2:36: [1;39mnote: [1;39m'init(_:action:)' declared here[0;0m
[0;36m1 |[0;0m generic struct Button {
[0;36m2 |[0;0m @preconcurrency nonisolated public init(_ titleKey: LocalizedStringKey, action: @escaping @MainActor () -> Void)}
  [0;36m|[0;0m                                    `- [1;39mnote: [1;39m'init(_:action:)' declared here[0;0m
[0;36m3 |[0;0m 

/Users/danielstevens/github-projects/tools-automation/MomentumFinance/Shared/Features/Transactions/TransactionRowView.swift:18:101: [1;31merror: [1;39mtype '_' cannot be used as a boolean; test for '!= 0' instead[0;0m
[0;36m16 |[0;0m 
[0;36m17 |[0;0m         var body: some View {
[0;36m18 |[0;0m             Button(action: self.onTapped).accessibilityLabel("Button").accessibilityLabel("Button") {
   [0;36m|[0;0m                                                                                                     `- [1;31merror: [1;39mtype '_' cannot be used as a boolean; test for '!= 0' instead[0;0m
[0;36m19 |[0;0m                 HStack {
[0;36m20 |[0;0m                     VStack(alignment: .leading) {

/Users/danielstevens/github-projects/tools-automation/MomentumFinance/Shared/Intelligence/AdvancedFinancialIntelligence.swift:44:19: [1;31merror: [1;39mcannot find type 'AIBudget' in scope[0;0m
 [0;36m42 |[0;0m         from transactions: [FinancialTransaction],
 [0;36m43 |[0;0m         accounts: [FinancialAccount],
 [0;36m44 |[0;0m         budgets: [[4;39mAIBudget[0;0m]
    [0;36m|[0;0m                   `- [1;31merror: [1;39mcannot find type 'AIBudget' in scope[0;0m
 [0;36m45 |[0;0m     ) async {
 [0;36m46 |[0;0m 

/Users/danielstevens/github-projects/tools-automation/MomentumFinance/Shared/Intelligence/AdvancedFinancialIntelligence.swift:79:24: [1;31merror: [1;39mcannot find type 'RiskTolerance' in scope[0;0m
 [0;36m77 |[0;0m     /// Get personalized investment recommendations
 [0;36m78 |[0;0m     public func getInvestmentRecommendations(
 [0;36m79 |[0;0m         riskTolerance: [4;39mRiskTolerance[0;0m,
    [0;36m|[0;0m                        `- [1;31merror: [1;39mcannot find type 'RiskTolerance' in scope[0;0m
 [0;36m80 |[0;0m         timeHorizon: TimeHorizon,
 [0;36m81 |[0;0m         currentPortfolio: [Investment]

/Users/danielstevens/github-projects/tools-automation/MomentumFinance/Shared/Intelligence/AdvancedFinancialIntelligence.swift:81:28: [1;31merror: [1;39mcannot find type 'Investment' in scope[0;0m
 [0;36m79 |[0;0m         riskTolerance: RiskTolerance,
 [0;36m80 |[0;0m         timeHorizon: TimeHorizon,
 [0;36m81 |[0;0m         currentPortfolio: [[4;39mInvestment[0;0m]
    [0;36m|[0;0m                            `- [1;31merror: [1;39mcannot find type 'Investment' in scope[0;0m
 [0;36m82 |[0;0m     ) -> [InvestmentRecommendation] {
 [0;36m83 |[0;0m         self.analyticsEngine.generateInvestmentRecommendations(

/Users/danielstevens/github-projects/tools-automation/MomentumFinance/Shared/Intelligence/AdvancedFinancialIntelligence.swift:216:21: [1;31merror: [1;39mcannot find type 'AIBudget' in scope[0;0m
[0;36m214 |[0;0m     private func analyzeBudgetPerformance(
[0;36m215 |[0;0m         _ transactions: [FinancialTransaction],
[0;36m216 |[0;0m         _ budgets: [[4;39mAIBudget[0;0m]
    [0;36m|[0;0m                     `- [1;31merror: [1;39mcannot find type 'AIBudget' in scope[0;0m
[0;36m217 |[0;0m     ) async -> [EnhancedFinancialInsight] {
[0;36m218 |[0;0m         var insights: [EnhancedFinancialInsight] = []

/Users/danielstevens/github-projects/tools-automation/MomentumFinance/Shared/Intelligence/AdvancedFinancialIntelligence.swift:372:73: [1;31merror: [1;39mcannot find type 'AIBudget' in scope[0;0m
[0;36m370 |[0;0m     }
[0;36m371 |[0;0m 
[0;36m372 |[0;0m     private func calculateSpentAmount(_: [FinancialTransaction], for _: [4;39mAIBudget[0;0m) -> Double {
    [0;36m|[0;0m                                                                         `- [1;31merror: [1;39mcannot find type 'AIBudget' in scope[0;0m
[0;36m373 |[0;0m 
[0;36m374 |[0;0m         // Implementation for calculating spent amount against budget

/Users/danielstevens/github-projects/tools-automation/MomentumFinance/Shared/Intelligence/AdvancedFinancialIntelligence.swift:555:30: [1;31merror: [1;39mcannot find type 'RiskTolerance' in scope[0;0m
[0;36m553 |[0;0m     private class FinancialAnalyticsEngine {
[0;36m554 |[0;0m         func generateInvestmentRecommendations(
[0;36m555 |[0;0m             riskTolerance _: [4;39mRiskTolerance[0;0m,
    [0;36m|[0;0m                              `- [1;31merror: [1;39mcannot find type 'RiskTolerance' in scope[0;0m
[0;36m556 |[0;0m             timeHorizon _: TimeHorizon,
[0;36m557 |[0;0m             currentPortfolio _: [Investment]

/Users/danielstevens/github-projects/tools-automation/MomentumFinance/Shared/Intelligence/AdvancedFinancialIntelligence.swift:557:34: [1;31merror: [1;39mcannot find type 'Investment' in scope[0;0m
[0;36m555 |[0;0m             riskTolerance _: RiskTolerance,
[0;36m556 |[0;0m             timeHorizon _: TimeHorizon,
[0;36m557 |[0;0m             currentPortfolio _: [[4;39mInvestment[0;0m]
    [0;36m|[0;0m                                  `- [1;31merror: [1;39mcannot find type 'Investment' in scope[0;0m
[0;36m558 |[0;0m         ) -> [InvestmentRecommendation] {
[0;36m559 |[0;0m             // Implementation would go here

/Users/danielstevens/github-projects/tools-automation/MomentumFinance/Shared/Intelligence/AdvancedFinancialIntelligence.swift:257:50: [1;31merror: [1;39mvalue of type 'FinancialAccount' has no member 'type'[0;0m
[0;36m255 |[0;0m         // Emergency fund assessment
[0;36m256 |[0;0m         let monthlyExpenses = self.calculateMonthlyExpenses(transactions)
[0;36m257 |[0;0m         let emergencyFund = accounts.filter { [4;39m$0[0;0m.[4;39mtype[0;0m == .savings }
    [0;36m|[0;0m                                                  `- [1;31merror: [1;39mvalue of type 'FinancialAccount' has no member 'type'[0;0m
[0;36m258 |[0;0m             .reduce(0) { $0 + $1.balance }
[0;36m259 |[0;0m         let monthsCovered = emergencyFund / monthlyExpenses

/Users/danielstevens/github-projects/tools-automation/MomentumFinance/Shared/Intelligence/AdvancedFinancialIntelligence.swift:257:59: [1;31merror: [1;39mcannot infer contextual base in reference to member 'savings'[0;0m
[0;36m255 |[0;0m         // Emergency fund assessment
[0;36m256 |[0;0m         let monthlyExpenses = self.calculateMonthlyExpenses(transactions)
[0;36m257 |[0;0m         let emergencyFund = accounts.filter { $0.type == [4;39m.savings[0;0m }
    [0;36m|[0;0m                                                           `- [1;31merror: [1;39mcannot infer contextual base in reference to member 'savings'[0;0m
[0;36m258 |[0;0m             .reduce(0) { $0 + $1.balance }
[0;36m259 |[0;0m         let monthsCovered = emergencyFund / monthlyExpenses

/Users/danielstevens/github-projects/tools-automation/MomentumFinance/Shared/Intelligence/AdvancedFinancialIntelligence.swift:266:50: [1;31merror: [1;39mincorrect argument label in call (have '_:specifier:', expected '_:default:')[0;0m
[0;36m264 |[0;0m                     title: "Emergency Fund Below Recommended Level",
[0;36m265 |[0;0m                     description:
[0;36m266 |[0;0m                     "Your emergency fund covers \(monthsCovered, specifier: "%.1f") months of expenses. Experts recommend 3-6 months.",
    [0;36m|[0;0m                                                  `- [1;31merror: [1;39mincorrect argument label in call (have '_:specifier:', expected '_:default:')[0;0m
[0;36m267 |[0;0m                     priority: monthsCovered < 1 ? .critical : .high,
[0;36m268 |[0;0m                     type: .riskAlert,
[97/148] Compiling Shared TransactionFilters.swift
/Users/danielstevens/github-projects/tools-automation/MomentumFinance/Shared/Intelligence/AdvancedFinancialIntelligence.swift:580:1: [1;31merror: [1;39mexpected '}' in class[0;0m
 [0;36m15 |[0;0m /// Provides predictive analytics, risk assessment, and smart recommendations
 [0;36m16 |[0;0m @MainActor
 [0;36m17 |[0;0m public class AdvancedFinancialIntelligence: ObservableObject {
    [0;36m|[0;0m                                                              `- [1;39mnote: [1;39mto match this opening '{'[0;0m
 [0;36m18 |[0;0m     // MARK: - Published Properties
 [0;36m19 |[0;0m 
    [0;36m:[0;0m
[0;36m578 |[0;0m     // Implementation would go here
[0;36m579 |[0;0m }
[0;36m580 |[0;0m 
    [0;36m|[0;0m `- [1;31merror: [1;39mexpected '}' in class[0;0m

/Users/danielstevens/github-projects/tools-automation/MomentumFinance/Shared/Features/Transactions/TransactionComponents.swift:4:15: [1;31merror: [1;39minvalid redeclaration of 'TransactionEmptyStateView'[0;0m
  [0;36m2 |[0;0m import SwiftUI
  [0;36m3 |[0;0m 
  [0;36m4 |[0;0m public struct TransactionEmptyStateView: View {
    [0;36m|[0;0m               `- [1;31merror: [1;39minvalid redeclaration of 'TransactionEmptyStateView'[0;0m
  [0;36m5 |[0;0m     let searchText: String
  [0;36m6 |[0;0m     let onAddTransaction: () -> Void

/Users/danielstevens/github-projects/tools-automation/MomentumFinance/Shared/Features/Transactions/TransactionComponents.swift:50:15: [1;31merror: [1;39minvalid redeclaration of 'TransactionListView'[0;0m
 [0;36m48 |[0;0m }
 [0;36m49 |[0;0m 
 [0;36m50 |[0;0m public struct TransactionListView: View {
    [0;36m|[0;0m               `- [1;31merror: [1;39minvalid redeclaration of 'TransactionListView'[0;0m
 [0;36m51 |[0;0m     let transactions: [FinancialTransaction]
 [0;36m52 |[0;0m     let onTransactionTapped: (FinancialTransaction) -> Void

/Users/danielstevens/github-projects/tools-automation/MomentumFinance/Shared/Features/Transactions/TransactionComponents.swift:85:15: [1;31merror: [1;39minvalid redeclaration of 'TransactionRowView'[0;0m
 [0;36m83 |[0;0m }
 [0;36m84 |[0;0m 
 [0;36m85 |[0;0m public struct TransactionRowView: View {
    [0;36m|[0;0m               `- [1;31merror: [1;39minvalid redeclaration of 'TransactionRowView'[0;0m
 [0;36m86 |[0;0m     let transaction: FinancialTransaction
 [0;36m87 |[0;0m     let onTap: () -> Void

/Users/danielstevens/github-projects/tools-automation/MomentumFinance/Shared/Features/Transactions/TransactionComponents.swift:109:15: [1;31merror: [1;39minvalid redeclaration of 'AddTransactionView'[0;0m
[0;36m107 |[0;0m }
[0;36m108 |[0;0m 
[0;36m109 |[0;0m public struct AddTransactionView: View {
    [0;36m|[0;0m               `- [1;31merror: [1;39minvalid redeclaration of 'AddTransactionView'[0;0m
[0;36m110 |[0;0m     let categories: [ExpenseCategory]
[0;36m111 |[0;0m     let accounts: [FinancialAccount]

/Users/danielstevens/github-projects/tools-automation/MomentumFinance/Shared/Features/Transactions/TransactionComponents.swift:190:15: [1;31merror: [1;39minvalid redeclaration of 'TransactionDetailView'[0;0m
[0;36m188 |[0;0m }
[0;36m189 |[0;0m 
[0;36m190 |[0;0m public struct TransactionDetailView: View {
    [0;36m|[0;0m               `- [1;31merror: [1;39minvalid redeclaration of 'TransactionDetailView'[0;0m
[0;36m191 |[0;0m     let transaction: FinancialTransaction
[0;36m192 |[0;0m     public init(transaction: FinancialTransaction) { self.transaction = transaction }

/Users/danielstevens/github-projects/tools-automation/MomentumFinance/Shared/Features/Transactions/TransactionComponents.swift:225:15: [1;31merror: [1;39minvalid redeclaration of 'TransactionStatsCard'[0;0m
[0;36m223 |[0;0m }
[0;36m224 |[0;0m 
[0;36m225 |[0;0m public struct TransactionStatsCard: View {
    [0;36m|[0;0m               `- [1;31merror: [1;39minvalid redeclaration of 'TransactionStatsCard'[0;0m
[0;36m226 |[0;0m     let transactions: [FinancialTransaction]
[0;36m227 |[0;0m     public init(transactions: [FinancialTransaction]) { self.transactions = transactions }

/Users/danielstevens/github-projects/tools-automation/MomentumFinance/Shared/Features/Transactions/TransactionComponents.swift:261:15: [1;31merror: [1;39minvalid redeclaration of 'SearchAndFilterSection'[0;0m
[0;36m259 |[0;0m }
[0;36m260 |[0;0m 
[0;36m261 |[0;0m public struct SearchAndFilterSection: View {
    [0;36m|[0;0m               `- [1;31merror: [1;39minvalid redeclaration of 'SearchAndFilterSection'[0;0m
[0;36m262 |[0;0m     @Binding var searchText: String
[0;36m263 |[0;0m     @Binding var selectedFilter: TransactionFilter

/Users/danielstevens/github-projects/tools-automation/MomentumFinance/Shared/Features/Transactions/TransactionDetailView.swift:56:26: [1;31merror: [1;39mtrailing closure passed to parameter of type 'Visibility' that does not accept a closure[0;0m
[0;36m54 |[0;0m                 }
[0;36m55 |[0;0m                 .navigationTitle("Transaction Details")
[0;36m56 |[0;0m                 .toolbar [4;39m{[0;0m
   [0;36m|[0;0m                          `- [1;31merror: [1;39mtrailing closure passed to parameter of type 'Visibility' that does not accept a closure[0;0m
[0;36m57 |[0;0m                     ToolbarItem(placement: .primaryAction) {
[0;36m58 |[0;0m                         Button("Done").accessibilityLabel("Button").accessibilityLabel("Button") {

SwiftUI.View.toolbar:6:27: [1;39mnote: [1;39m'toolbar(_:for:)' declared here[0;0m
[0;36m4 |[0;0m   @available(tvOS, introduced: 16.0, deprecated: 100000.0, renamed: "toolbarVisibility(_:for:)")
[0;36m5 |[0;0m   @available(watchOS, introduced: 9.0, deprecated: 100000.0, renamed: "toolbarVisibility(_:for:)")
[0;36m6 |[0;0m   nonisolated public func toolbar(_ visibility: Visibility, for bars: ToolbarPlacement...) -> some View
  [0;36m|[0;0m                           `- [1;39mnote: [1;39m'toolbar(_:for:)' declared here[0;0m
[0;36m7 |[0;0m   }
[0;36m8 |[0;0m 

/Users/danielstevens/github-projects/tools-automation/MomentumFinance/Shared/Features/Transactions/TransactionEmptyStateView.swift:39:28: [1;31merror: [1;39mcannot convert value of type 'String' to expected argument type 'PrimitiveButtonStyleConfiguration'[0;0m
[0;36m37 |[0;0m 
[0;36m38 |[0;0m                 if self.searchText.isEmpty {
[0;36m39 |[0;0m                     Button("Add Transaction").accessibilityLabel("Button").accessibilityLabel("Button") {
   [0;36m|[0;0m                            `- [1;31merror: [1;39mcannot convert value of type 'String' to expected argument type 'PrimitiveButtonStyleConfiguration'[0;0m
[0;36m40 |[0;0m                         self.onAddTransaction()
[0;36m41 |[0;0m                     }

/Users/danielstevens/github-projects/tools-automation/MomentumFinance/Shared/Features/Transactions/TransactionEmptyStateView.swift:39:105: [1;31merror: [1;39mtype '_' cannot be used as a boolean; test for '!= 0' instead[0;0m
[0;36m37 |[0;0m 
[0;36m38 |[0;0m                 if self.searchText.isEmpty {
[0;36m39 |[0;0m                     Button("Add Transaction").accessibilityLabel("Button").accessibilityLabel("Button") {
   [0;36m|[0;0m                                                                                                         `- [1;31merror: [1;39mtype '_' cannot be used as a boolean; test for '!= 0' instead[0;0m
[0;36m40 |[0;0m                         self.onAddTransaction()
[0;36m41 |[0;0m                     }

/Users/danielstevens/github-projects/tools-automation/MomentumFinance/Shared/Features/Transactions/TransactionListView.swift:28:29: [1;31merror: [1;39mthe compiler is unable to type-check this expression in reasonable time; try breaking up the expression into distinct sub-expressions[0;0m
[0;36m26 |[0;0m         }
[0;36m27 |[0;0m 
[0;36m28 |[0;0m         var body: some View [4;39m{[0;0m
   [0;36m|[0;0m                             `- [1;31merror: [1;39mthe compiler is unable to type-check this expression in reasonable time; try breaking up the expression into distinct sub-expressions[0;0m
[0;36m29 |[0;0m             List {
[0;36m30 |[0;0m                 ForEach(Array(self.groupedTransactions.enumerated()), id: \.element.key) { _, group in

/Users/danielstevens/github-projects/tools-automation/MomentumFinance/Shared/Features/Transactions/TransactionRowView.swift:18:20: [1;31merror: [1;39mmissing argument for parameter #1 in call[0;0m
[0;36m16 |[0;0m 
[0;36m17 |[0;0m         var body: some View {
[0;36m18 |[0;0m             Button(action: self.onTapped).accessibilityLabel("Button").accessibilityLabel("Button") {
   [0;36m|[0;0m                    `- [1;31merror: [1;39mmissing argument for parameter #1 in call[0;0m
[0;36m19 |[0;0m                 HStack {
[0;36m20 |[0;0m                     VStack(alignment: .leading) {

SwiftUI.Button.init:2:36: [1;39mnote: [1;39m'init(_:action:)' declared here[0;0m
[0;36m1 |[0;0m generic struct Button {
[0;36m2 |[0;0m @preconcurrency nonisolated public init(_ titleKey: LocalizedStringKey, action: @escaping @MainActor () -> Void)}
  [0;36m|[0;0m                                    `- [1;39mnote: [1;39m'init(_:action:)' declared here[0;0m
[0;36m3 |[0;0m 

/Users/danielstevens/github-projects/tools-automation/MomentumFinance/Shared/Features/Transactions/TransactionRowView.swift:18:101: [1;31merror: [1;39mtype '_' cannot be used as a boolean; test for '!= 0' instead[0;0m
[0;36m16 |[0;0m 
[0;36m17 |[0;0m         var body: some View {
[0;36m18 |[0;0m             Button(action: self.onTapped).accessibilityLabel("Button").accessibilityLabel("Button") {
   [0;36m|[0;0m                                                                                                     `- [1;31merror: [1;39mtype '_' cannot be used as a boolean; test for '!= 0' instead[0;0m
[0;36m19 |[0;0m                 HStack {
[0;36m20 |[0;0m                     VStack(alignment: .leading) {

/Users/danielstevens/github-projects/tools-automation/MomentumFinance/Shared/Intelligence/AdvancedFinancialIntelligence.swift:44:19: [1;31merror: [1;39mcannot find type 'AIBudget' in scope[0;0m
 [0;36m42 |[0;0m         from transactions: [FinancialTransaction],
 [0;36m43 |[0;0m         accounts: [FinancialAccount],
 [0;36m44 |[0;0m         budgets: [[4;39mAIBudget[0;0m]
    [0;36m|[0;0m                   `- [1;31merror: [1;39mcannot find type 'AIBudget' in scope[0;0m
 [0;36m45 |[0;0m     ) async {
 [0;36m46 |[0;0m 

/Users/danielstevens/github-projects/tools-automation/MomentumFinance/Shared/Intelligence/AdvancedFinancialIntelligence.swift:79:24: [1;31merror: [1;39mcannot find type 'RiskTolerance' in scope[0;0m
 [0;36m77 |[0;0m     /// Get personalized investment recommendations
 [0;36m78 |[0;0m     public func getInvestmentRecommendations(
 [0;36m79 |[0;0m         riskTolerance: [4;39mRiskTolerance[0;0m,
    [0;36m|[0;0m                        `- [1;31merror: [1;39mcannot find type 'RiskTolerance' in scope[0;0m
 [0;36m80 |[0;0m         timeHorizon: TimeHorizon,
 [0;36m81 |[0;0m         currentPortfolio: [Investment]

/Users/danielstevens/github-projects/tools-automation/MomentumFinance/Shared/Intelligence/AdvancedFinancialIntelligence.swift:81:28: [1;31merror: [1;39mcannot find type 'Investment' in scope[0;0m
 [0;36m79 |[0;0m         riskTolerance: RiskTolerance,
 [0;36m80 |[0;0m         timeHorizon: TimeHorizon,
 [0;36m81 |[0;0m         currentPortfolio: [[4;39mInvestment[0;0m]
    [0;36m|[0;0m                            `- [1;31merror: [1;39mcannot find type 'Investment' in scope[0;0m
 [0;36m82 |[0;0m     ) -> [InvestmentRecommendation] {
 [0;36m83 |[0;0m         self.analyticsEngine.generateInvestmentRecommendations(

/Users/danielstevens/github-projects/tools-automation/MomentumFinance/Shared/Intelligence/AdvancedFinancialIntelligence.swift:216:21: [1;31merror: [1;39mcannot find type 'AIBudget' in scope[0;0m
[0;36m214 |[0;0m     private func analyzeBudgetPerformance(
[0;36m215 |[0;0m         _ transactions: [FinancialTransaction],
[0;36m216 |[0;0m         _ budgets: [[4;39mAIBudget[0;0m]
    [0;36m|[0;0m                     `- [1;31merror: [1;39mcannot find type 'AIBudget' in scope[0;0m
[0;36m217 |[0;0m     ) async -> [EnhancedFinancialInsight] {
[0;36m218 |[0;0m         var insights: [EnhancedFinancialInsight] = []

/Users/danielstevens/github-projects/tools-automation/MomentumFinance/Shared/Intelligence/AdvancedFinancialIntelligence.swift:372:73: [1;31merror: [1;39mcannot find type 'AIBudget' in scope[0;0m
[0;36m370 |[0;0m     }
[0;36m371 |[0;0m 
[0;36m372 |[0;0m     private func calculateSpentAmount(_: [FinancialTransaction], for _: [4;39mAIBudget[0;0m) -> Double {
    [0;36m|[0;0m                                                                         `- [1;31merror: [1;39mcannot find type 'AIBudget' in scope[0;0m
[0;36m373 |[0;0m 
[0;36m374 |[0;0m         // Implementation for calculating spent amount against budget

/Users/danielstevens/github-projects/tools-automation/MomentumFinance/Shared/Intelligence/AdvancedFinancialIntelligence.swift:555:30: [1;31merror: [1;39mcannot find type 'RiskTolerance' in scope[0;0m
[0;36m553 |[0;0m     private class FinancialAnalyticsEngine {
[0;36m554 |[0;0m         func generateInvestmentRecommendations(
[0;36m555 |[0;0m             riskTolerance _: [4;39mRiskTolerance[0;0m,
    [0;36m|[0;0m                              `- [1;31merror: [1;39mcannot find type 'RiskTolerance' in scope[0;0m
[0;36m556 |[0;0m             timeHorizon _: TimeHorizon,
[0;36m557 |[0;0m             currentPortfolio _: [Investment]

/Users/danielstevens/github-projects/tools-automation/MomentumFinance/Shared/Intelligence/AdvancedFinancialIntelligence.swift:557:34: [1;31merror: [1;39mcannot find type 'Investment' in scope[0;0m
[0;36m555 |[0;0m             riskTolerance _: RiskTolerance,
[0;36m556 |[0;0m             timeHorizon _: TimeHorizon,
[0;36m557 |[0;0m             currentPortfolio _: [[4;39mInvestment[0;0m]
    [0;36m|[0;0m                                  `- [1;31merror: [1;39mcannot find type 'Investment' in scope[0;0m
[0;36m558 |[0;0m         ) -> [InvestmentRecommendation] {
[0;36m559 |[0;0m             // Implementation would go here

/Users/danielstevens/github-projects/tools-automation/MomentumFinance/Shared/Intelligence/AdvancedFinancialIntelligence.swift:257:50: [1;31merror: [1;39mvalue of type 'FinancialAccount' has no member 'type'[0;0m
[0;36m255 |[0;0m         // Emergency fund assessment
[0;36m256 |[0;0m         let monthlyExpenses = self.calculateMonthlyExpenses(transactions)
[0;36m257 |[0;0m         let emergencyFund = accounts.filter { [4;39m$0[0;0m.[4;39mtype[0;0m == .savings }
    [0;36m|[0;0m                                                  `- [1;31merror: [1;39mvalue of type 'FinancialAccount' has no member 'type'[0;0m
[0;36m258 |[0;0m             .reduce(0) { $0 + $1.balance }
[0;36m259 |[0;0m         let monthsCovered = emergencyFund / monthlyExpenses

/Users/danielstevens/github-projects/tools-automation/MomentumFinance/Shared/Intelligence/AdvancedFinancialIntelligence.swift:257:59: [1;31merror: [1;39mcannot infer contextual base in reference to member 'savings'[0;0m
[0;36m255 |[0;0m         // Emergency fund assessment
[0;36m256 |[0;0m         let monthlyExpenses = self.calculateMonthlyExpenses(transactions)
[0;36m257 |[0;0m         let emergencyFund = accounts.filter { $0.type == [4;39m.savings[0;0m }
    [0;36m|[0;0m                                                           `- [1;31merror: [1;39mcannot infer contextual base in reference to member 'savings'[0;0m
[0;36m258 |[0;0m             .reduce(0) { $0 + $1.balance }
[0;36m259 |[0;0m         let monthsCovered = emergencyFund / monthlyExpenses

/Users/danielstevens/github-projects/tools-automation/MomentumFinance/Shared/Intelligence/AdvancedFinancialIntelligence.swift:266:50: [1;31merror: [1;39mincorrect argument label in call (have '_:specifier:', expected '_:default:')[0;0m
[0;36m264 |[0;0m                     title: "Emergency Fund Below Recommended Level",
[0;36m265 |[0;0m                     description:
[0;36m266 |[0;0m                     "Your emergency fund covers \(monthsCovered, specifier: "%.1f") months of expenses. Experts recommend 3-6 months.",
    [0;36m|[0;0m                                                  `- [1;31merror: [1;39mincorrect argument label in call (have '_:specifier:', expected '_:default:')[0;0m
[0;36m267 |[0;0m                     priority: monthsCovered < 1 ? .critical : .high,
[0;36m268 |[0;0m                     type: .riskAlert,
[98/148] Compiling Shared TransactionListView.swift
/Users/danielstevens/github-projects/tools-automation/MomentumFinance/Shared/Intelligence/AdvancedFinancialIntelligence.swift:580:1: [1;31merror: [1;39mexpected '}' in class[0;0m
 [0;36m15 |[0;0m /// Provides predictive analytics, risk assessment, and smart recommendations
 [0;36m16 |[0;0m @MainActor
 [0;36m17 |[0;0m public class AdvancedFinancialIntelligence: ObservableObject {
    [0;36m|[0;0m                                                              `- [1;39mnote: [1;39mto match this opening '{'[0;0m
 [0;36m18 |[0;0m     // MARK: - Published Properties
 [0;36m19 |[0;0m 
    [0;36m:[0;0m
[0;36m578 |[0;0m     // Implementation would go here
[0;36m579 |[0;0m }
[0;36m580 |[0;0m 
    [0;36m|[0;0m `- [1;31merror: [1;39mexpected '}' in class[0;0m

/Users/danielstevens/github-projects/tools-automation/MomentumFinance/Shared/Features/Transactions/TransactionComponents.swift:4:15: [1;31merror: [1;39minvalid redeclaration of 'TransactionEmptyStateView'[0;0m
  [0;36m2 |[0;0m import SwiftUI
  [0;36m3 |[0;0m 
  [0;36m4 |[0;0m public struct TransactionEmptyStateView: View {
    [0;36m|[0;0m               `- [1;31merror: [1;39minvalid redeclaration of 'TransactionEmptyStateView'[0;0m
  [0;36m5 |[0;0m     let searchText: String
  [0;36m6 |[0;0m     let onAddTransaction: () -> Void

/Users/danielstevens/github-projects/tools-automation/MomentumFinance/Shared/Features/Transactions/TransactionComponents.swift:50:15: [1;31merror: [1;39minvalid redeclaration of 'TransactionListView'[0;0m
 [0;36m48 |[0;0m }
 [0;36m49 |[0;0m 
 [0;36m50 |[0;0m public struct TransactionListView: View {
    [0;36m|[0;0m               `- [1;31merror: [1;39minvalid redeclaration of 'TransactionListView'[0;0m
 [0;36m51 |[0;0m     let transactions: [FinancialTransaction]
 [0;36m52 |[0;0m     let onTransactionTapped: (FinancialTransaction) -> Void

/Users/danielstevens/github-projects/tools-automation/MomentumFinance/Shared/Features/Transactions/TransactionComponents.swift:85:15: [1;31merror: [1;39minvalid redeclaration of 'TransactionRowView'[0;0m
 [0;36m83 |[0;0m }
 [0;36m84 |[0;0m 
 [0;36m85 |[0;0m public struct TransactionRowView: View {
    [0;36m|[0;0m               `- [1;31merror: [1;39minvalid redeclaration of 'TransactionRowView'[0;0m
 [0;36m86 |[0;0m     let transaction: FinancialTransaction
 [0;36m87 |[0;0m     let onTap: () -> Void

/Users/danielstevens/github-projects/tools-automation/MomentumFinance/Shared/Features/Transactions/TransactionComponents.swift:109:15: [1;31merror: [1;39minvalid redeclaration of 'AddTransactionView'[0;0m
[0;36m107 |[0;0m }
[0;36m108 |[0;0m 
[0;36m109 |[0;0m public struct AddTransactionView: View {
    [0;36m|[0;0m               `- [1;31merror: [1;39minvalid redeclaration of 'AddTransactionView'[0;0m
[0;36m110 |[0;0m     let categories: [ExpenseCategory]
[0;36m111 |[0;0m     let accounts: [FinancialAccount]

/Users/danielstevens/github-projects/tools-automation/MomentumFinance/Shared/Features/Transactions/TransactionComponents.swift:190:15: [1;31merror: [1;39minvalid redeclaration of 'TransactionDetailView'[0;0m
[0;36m188 |[0;0m }
[0;36m189 |[0;0m 
[0;36m190 |[0;0m public struct TransactionDetailView: View {
    [0;36m|[0;0m               `- [1;31merror: [1;39minvalid redeclaration of 'TransactionDetailView'[0;0m
[0;36m191 |[0;0m     let transaction: FinancialTransaction
[0;36m192 |[0;0m     public init(transaction: FinancialTransaction) { self.transaction = transaction }

/Users/danielstevens/github-projects/tools-automation/MomentumFinance/Shared/Features/Transactions/TransactionComponents.swift:225:15: [1;31merror: [1;39minvalid redeclaration of 'TransactionStatsCard'[0;0m
[0;36m223 |[0;0m }
[0;36m224 |[0;0m 
[0;36m225 |[0;0m public struct TransactionStatsCard: View {
    [0;36m|[0;0m               `- [1;31merror: [1;39minvalid redeclaration of 'TransactionStatsCard'[0;0m
[0;36m226 |[0;0m     let transactions: [FinancialTransaction]
[0;36m227 |[0;0m     public init(transactions: [FinancialTransaction]) { self.transactions = transactions }

/Users/danielstevens/github-projects/tools-automation/MomentumFinance/Shared/Features/Transactions/TransactionComponents.swift:261:15: [1;31merror: [1;39minvalid redeclaration of 'SearchAndFilterSection'[0;0m
[0;36m259 |[0;0m }
[0;36m260 |[0;0m 
[0;36m261 |[0;0m public struct SearchAndFilterSection: View {
    [0;36m|[0;0m               `- [1;31merror: [1;39minvalid redeclaration of 'SearchAndFilterSection'[0;0m
[0;36m262 |[0;0m     @Binding var searchText: String
[0;36m263 |[0;0m     @Binding var selectedFilter: TransactionFilter

/Users/danielstevens/github-projects/tools-automation/MomentumFinance/Shared/Features/Transactions/TransactionDetailView.swift:56:26: [1;31merror: [1;39mtrailing closure passed to parameter of type 'Visibility' that does not accept a closure[0;0m
[0;36m54 |[0;0m                 }
[0;36m55 |[0;0m                 .navigationTitle("Transaction Details")
[0;36m56 |[0;0m                 .toolbar [4;39m{[0;0m
   [0;36m|[0;0m                          `- [1;31merror: [1;39mtrailing closure passed to parameter of type 'Visibility' that does not accept a closure[0;0m
[0;36m57 |[0;0m                     ToolbarItem(placement: .primaryAction) {
[0;36m58 |[0;0m                         Button("Done").accessibilityLabel("Button").accessibilityLabel("Button") {

SwiftUI.View.toolbar:6:27: [1;39mnote: [1;39m'toolbar(_:for:)' declared here[0;0m
[0;36m4 |[0;0m   @available(tvOS, introduced: 16.0, deprecated: 100000.0, renamed: "toolbarVisibility(_:for:)")
[0;36m5 |[0;0m   @available(watchOS, introduced: 9.0, deprecated: 100000.0, renamed: "toolbarVisibility(_:for:)")
[0;36m6 |[0;0m   nonisolated public func toolbar(_ visibility: Visibility, for bars: ToolbarPlacement...) -> some View
  [0;36m|[0;0m                           `- [1;39mnote: [1;39m'toolbar(_:for:)' declared here[0;0m
[0;36m7 |[0;0m   }
[0;36m8 |[0;0m 

/Users/danielstevens/github-projects/tools-automation/MomentumFinance/Shared/Features/Transactions/TransactionEmptyStateView.swift:39:28: [1;31merror: [1;39mcannot convert value of type 'String' to expected argument type 'PrimitiveButtonStyleConfiguration'[0;0m
[0;36m37 |[0;0m 
[0;36m38 |[0;0m                 if self.searchText.isEmpty {
[0;36m39 |[0;0m                     Button("Add Transaction").accessibilityLabel("Button").accessibilityLabel("Button") {
   [0;36m|[0;0m                            `- [1;31merror: [1;39mcannot convert value of type 'String' to expected argument type 'PrimitiveButtonStyleConfiguration'[0;0m
[0;36m40 |[0;0m                         self.onAddTransaction()
[0;36m41 |[0;0m                     }

/Users/danielstevens/github-projects/tools-automation/MomentumFinance/Shared/Features/Transactions/TransactionEmptyStateView.swift:39:105: [1;31merror: [1;39mtype '_' cannot be used as a boolean; test for '!= 0' instead[0;0m
[0;36m37 |[0;0m 
[0;36m38 |[0;0m                 if self.searchText.isEmpty {
[0;36m39 |[0;0m                     Button("Add Transaction").accessibilityLabel("Button").accessibilityLabel("Button") {
   [0;36m|[0;0m                                                                                                         `- [1;31merror: [1;39mtype '_' cannot be used as a boolean; test for '!= 0' instead[0;0m
[0;36m40 |[0;0m                         self.onAddTransaction()
[0;36m41 |[0;0m                     }

/Users/danielstevens/github-projects/tools-automation/MomentumFinance/Shared/Features/Transactions/TransactionListView.swift:28:29: [1;31merror: [1;39mthe compiler is unable to type-check this expression in reasonable time; try breaking up the expression into distinct sub-expressions[0;0m
[0;36m26 |[0;0m         }
[0;36m27 |[0;0m 
[0;36m28 |[0;0m         var body: some View [4;39m{[0;0m
   [0;36m|[0;0m                             `- [1;31merror: [1;39mthe compiler is unable to type-check this expression in reasonable time; try breaking up the expression into distinct sub-expressions[0;0m
[0;36m29 |[0;0m             List {
[0;36m30 |[0;0m                 ForEach(Array(self.groupedTransactions.enumerated()), id: \.element.key) { _, group in

/Users/danielstevens/github-projects/tools-automation/MomentumFinance/Shared/Features/Transactions/TransactionRowView.swift:18:20: [1;31merror: [1;39mmissing argument for parameter #1 in call[0;0m
[0;36m16 |[0;0m 
[0;36m17 |[0;0m         var body: some View {
[0;36m18 |[0;0m             Button(action: self.onTapped).accessibilityLabel("Button").accessibilityLabel("Button") {
   [0;36m|[0;0m                    `- [1;31merror: [1;39mmissing argument for parameter #1 in call[0;0m
[0;36m19 |[0;0m                 HStack {
[0;36m20 |[0;0m                     VStack(alignment: .leading) {

SwiftUI.Button.init:2:36: [1;39mnote: [1;39m'init(_:action:)' declared here[0;0m
[0;36m1 |[0;0m generic struct Button {
[0;36m2 |[0;0m @preconcurrency nonisolated public init(_ titleKey: LocalizedStringKey, action: @escaping @MainActor () -> Void)}
  [0;36m|[0;0m                                    `- [1;39mnote: [1;39m'init(_:action:)' declared here[0;0m
[0;36m3 |[0;0m 

/Users/danielstevens/github-projects/tools-automation/MomentumFinance/Shared/Features/Transactions/TransactionRowView.swift:18:101: [1;31merror: [1;39mtype '_' cannot be used as a boolean; test for '!= 0' instead[0;0m
[0;36m16 |[0;0m 
[0;36m17 |[0;0m         var body: some View {
[0;36m18 |[0;0m             Button(action: self.onTapped).accessibilityLabel("Button").accessibilityLabel("Button") {
   [0;36m|[0;0m                                                                                                     `- [1;31merror: [1;39mtype '_' cannot be used as a boolean; test for '!= 0' instead[0;0m
[0;36m19 |[0;0m                 HStack {
[0;36m20 |[0;0m                     VStack(alignment: .leading) {

/Users/danielstevens/github-projects/tools-automation/MomentumFinance/Shared/Intelligence/AdvancedFinancialIntelligence.swift:44:19: [1;31merror: [1;39mcannot find type 'AIBudget' in scope[0;0m
 [0;36m42 |[0;0m         from transactions: [FinancialTransaction],
 [0;36m43 |[0;0m         accounts: [FinancialAccount],
 [0;36m44 |[0;0m         budgets: [[4;39mAIBudget[0;0m]
    [0;36m|[0;0m                   `- [1;31merror: [1;39mcannot find type 'AIBudget' in scope[0;0m
 [0;36m45 |[0;0m     ) async {
 [0;36m46 |[0;0m 

/Users/danielstevens/github-projects/tools-automation/MomentumFinance/Shared/Intelligence/AdvancedFinancialIntelligence.swift:79:24: [1;31merror: [1;39mcannot find type 'RiskTolerance' in scope[0;0m
 [0;36m77 |[0;0m     /// Get personalized investment recommendations
 [0;36m78 |[0;0m     public func getInvestmentRecommendations(
 [0;36m79 |[0;0m         riskTolerance: [4;39mRiskTolerance[0;0m,
    [0;36m|[0;0m                        `- [1;31merror: [1;39mcannot find type 'RiskTolerance' in scope[0;0m
 [0;36m80 |[0;0m         timeHorizon: TimeHorizon,
 [0;36m81 |[0;0m         currentPortfolio: [Investment]

/Users/danielstevens/github-projects/tools-automation/MomentumFinance/Shared/Intelligence/AdvancedFinancialIntelligence.swift:81:28: [1;31merror: [1;39mcannot find type 'Investment' in scope[0;0m
 [0;36m79 |[0;0m         riskTolerance: RiskTolerance,
 [0;36m80 |[0;0m         timeHorizon: TimeHorizon,
 [0;36m81 |[0;0m         currentPortfolio: [[4;39mInvestment[0;0m]
    [0;36m|[0;0m                            `- [1;31merror: [1;39mcannot find type 'Investment' in scope[0;0m
 [0;36m82 |[0;0m     ) -> [InvestmentRecommendation] {
 [0;36m83 |[0;0m         self.analyticsEngine.generateInvestmentRecommendations(

/Users/danielstevens/github-projects/tools-automation/MomentumFinance/Shared/Intelligence/AdvancedFinancialIntelligence.swift:216:21: [1;31merror: [1;39mcannot find type 'AIBudget' in scope[0;0m
[0;36m214 |[0;0m     private func analyzeBudgetPerformance(
[0;36m215 |[0;0m         _ transactions: [FinancialTransaction],
[0;36m216 |[0;0m         _ budgets: [[4;39mAIBudget[0;0m]
    [0;36m|[0;0m                     `- [1;31merror: [1;39mcannot find type 'AIBudget' in scope[0;0m
[0;36m217 |[0;0m     ) async -> [EnhancedFinancialInsight] {
[0;36m218 |[0;0m         var insights: [EnhancedFinancialInsight] = []

/Users/danielstevens/github-projects/tools-automation/MomentumFinance/Shared/Intelligence/AdvancedFinancialIntelligence.swift:372:73: [1;31merror: [1;39mcannot find type 'AIBudget' in scope[0;0m
[0;36m370 |[0;0m     }
[0;36m371 |[0;0m 
[0;36m372 |[0;0m     private func calculateSpentAmount(_: [FinancialTransaction], for _: [4;39mAIBudget[0;0m) -> Double {
    [0;36m|[0;0m                                                                         `- [1;31merror: [1;39mcannot find type 'AIBudget' in scope[0;0m
[0;36m373 |[0;0m 
[0;36m374 |[0;0m         // Implementation for calculating spent amount against budget

/Users/danielstevens/github-projects/tools-automation/MomentumFinance/Shared/Intelligence/AdvancedFinancialIntelligence.swift:555:30: [1;31merror: [1;39mcannot find type 'RiskTolerance' in scope[0;0m
[0;36m553 |[0;0m     private class FinancialAnalyticsEngine {
[0;36m554 |[0;0m         func generateInvestmentRecommendations(
[0;36m555 |[0;0m             riskTolerance _: [4;39mRiskTolerance[0;0m,
    [0;36m|[0;0m                              `- [1;31merror: [1;39mcannot find type 'RiskTolerance' in scope[0;0m
[0;36m556 |[0;0m             timeHorizon _: TimeHorizon,
[0;36m557 |[0;0m             currentPortfolio _: [Investment]

/Users/danielstevens/github-projects/tools-automation/MomentumFinance/Shared/Intelligence/AdvancedFinancialIntelligence.swift:557:34: [1;31merror: [1;39mcannot find type 'Investment' in scope[0;0m
[0;36m555 |[0;0m             riskTolerance _: RiskTolerance,
[0;36m556 |[0;0m             timeHorizon _: TimeHorizon,
[0;36m557 |[0;0m             currentPortfolio _: [[4;39mInvestment[0;0m]
    [0;36m|[0;0m                                  `- [1;31merror: [1;39mcannot find type 'Investment' in scope[0;0m
[0;36m558 |[0;0m         ) -> [InvestmentRecommendation] {
[0;36m559 |[0;0m             // Implementation would go here

/Users/danielstevens/github-projects/tools-automation/MomentumFinance/Shared/Intelligence/AdvancedFinancialIntelligence.swift:257:50: [1;31merror: [1;39mvalue of type 'FinancialAccount' has no member 'type'[0;0m
[0;36m255 |[0;0m         // Emergency fund assessment
[0;36m256 |[0;0m         let monthlyExpenses = self.calculateMonthlyExpenses(transactions)
[0;36m257 |[0;0m         let emergencyFund = accounts.filter { [4;39m$0[0;0m.[4;39mtype[0;0m == .savings }
    [0;36m|[0;0m                                                  `- [1;31merror: [1;39mvalue of type 'FinancialAccount' has no member 'type'[0;0m
[0;36m258 |[0;0m             .reduce(0) { $0 + $1.balance }
[0;36m259 |[0;0m         let monthsCovered = emergencyFund / monthlyExpenses

/Users/danielstevens/github-projects/tools-automation/MomentumFinance/Shared/Intelligence/AdvancedFinancialIntelligence.swift:257:59: [1;31merror: [1;39mcannot infer contextual base in reference to member 'savings'[0;0m
[0;36m255 |[0;0m         // Emergency fund assessment
[0;36m256 |[0;0m         let monthlyExpenses = self.calculateMonthlyExpenses(transactions)
[0;36m257 |[0;0m         let emergencyFund = accounts.filter { $0.type == [4;39m.savings[0;0m }
    [0;36m|[0;0m                                                           `- [1;31merror: [1;39mcannot infer contextual base in reference to member 'savings'[0;0m
[0;36m258 |[0;0m             .reduce(0) { $0 + $1.balance }
[0;36m259 |[0;0m         let monthsCovered = emergencyFund / monthlyExpenses

/Users/danielstevens/github-projects/tools-automation/MomentumFinance/Shared/Intelligence/AdvancedFinancialIntelligence.swift:266:50: [1;31merror: [1;39mincorrect argument label in call (have '_:specifier:', expected '_:default:')[0;0m
[0;36m264 |[0;0m                     title: "Emergency Fund Below Recommended Level",
[0;36m265 |[0;0m                     description:
[0;36m266 |[0;0m                     "Your emergency fund covers \(monthsCovered, specifier: "%.1f") months of expenses. Experts recommend 3-6 months.",
    [0;36m|[0;0m                                                  `- [1;31merror: [1;39mincorrect argument label in call (have '_:specifier:', expected '_:default:')[0;0m
[0;36m267 |[0;0m                     priority: monthsCovered < 1 ? .critical : .high,
[0;36m268 |[0;0m                     type: .riskAlert,
[99/148] Compiling Shared TransactionRowView.swift
/Users/danielstevens/github-projects/tools-automation/MomentumFinance/Shared/Intelligence/AdvancedFinancialIntelligence.swift:580:1: [1;31merror: [1;39mexpected '}' in class[0;0m
 [0;36m15 |[0;0m /// Provides predictive analytics, risk assessment, and smart recommendations
 [0;36m16 |[0;0m @MainActor
 [0;36m17 |[0;0m public class AdvancedFinancialIntelligence: ObservableObject {
    [0;36m|[0;0m                                                              `- [1;39mnote: [1;39mto match this opening '{'[0;0m
 [0;36m18 |[0;0m     // MARK: - Published Properties
 [0;36m19 |[0;0m 
    [0;36m:[0;0m
[0;36m578 |[0;0m     // Implementation would go here
[0;36m579 |[0;0m }
[0;36m580 |[0;0m 
    [0;36m|[0;0m `- [1;31merror: [1;39mexpected '}' in class[0;0m

/Users/danielstevens/github-projects/tools-automation/MomentumFinance/Shared/Features/Transactions/TransactionComponents.swift:4:15: [1;31merror: [1;39minvalid redeclaration of 'TransactionEmptyStateView'[0;0m
  [0;36m2 |[0;0m import SwiftUI
  [0;36m3 |[0;0m 
  [0;36m4 |[0;0m public struct TransactionEmptyStateView: View {
    [0;36m|[0;0m               `- [1;31merror: [1;39minvalid redeclaration of 'TransactionEmptyStateView'[0;0m
  [0;36m5 |[0;0m     let searchText: String
  [0;36m6 |[0;0m     let onAddTransaction: () -> Void

/Users/danielstevens/github-projects/tools-automation/MomentumFinance/Shared/Features/Transactions/TransactionComponents.swift:50:15: [1;31merror: [1;39minvalid redeclaration of 'TransactionListView'[0;0m
 [0;36m48 |[0;0m }
 [0;36m49 |[0;0m 
 [0;36m50 |[0;0m public struct TransactionListView: View {
    [0;36m|[0;0m               `- [1;31merror: [1;39minvalid redeclaration of 'TransactionListView'[0;0m
 [0;36m51 |[0;0m     let transactions: [FinancialTransaction]
 [0;36m52 |[0;0m     let onTransactionTapped: (FinancialTransaction) -> Void

/Users/danielstevens/github-projects/tools-automation/MomentumFinance/Shared/Features/Transactions/TransactionComponents.swift:85:15: [1;31merror: [1;39minvalid redeclaration of 'TransactionRowView'[0;0m
 [0;36m83 |[0;0m }
 [0;36m84 |[0;0m 
 [0;36m85 |[0;0m public struct TransactionRowView: View {
    [0;36m|[0;0m               `- [1;31merror: [1;39minvalid redeclaration of 'TransactionRowView'[0;0m
 [0;36m86 |[0;0m     let transaction: FinancialTransaction
 [0;36m87 |[0;0m     let onTap: () -> Void

/Users/danielstevens/github-projects/tools-automation/MomentumFinance/Shared/Features/Transactions/TransactionComponents.swift:109:15: [1;31merror: [1;39minvalid redeclaration of 'AddTransactionView'[0;0m
[0;36m107 |[0;0m }
[0;36m108 |[0;0m 
[0;36m109 |[0;0m public struct AddTransactionView: View {
    [0;36m|[0;0m               `- [1;31merror: [1;39minvalid redeclaration of 'AddTransactionView'[0;0m
[0;36m110 |[0;0m     let categories: [ExpenseCategory]
[0;36m111 |[0;0m     let accounts: [FinancialAccount]

/Users/danielstevens/github-projects/tools-automation/MomentumFinance/Shared/Features/Transactions/TransactionComponents.swift:190:15: [1;31merror: [1;39minvalid redeclaration of 'TransactionDetailView'[0;0m
[0;36m188 |[0;0m }
[0;36m189 |[0;0m 
[0;36m190 |[0;0m public struct TransactionDetailView: View {
    [0;36m|[0;0m               `- [1;31merror: [1;39minvalid redeclaration of 'TransactionDetailView'[0;0m
[0;36m191 |[0;0m     let transaction: FinancialTransaction
[0;36m192 |[0;0m     public init(transaction: FinancialTransaction) { self.transaction = transaction }

/Users/danielstevens/github-projects/tools-automation/MomentumFinance/Shared/Features/Transactions/TransactionComponents.swift:225:15: [1;31merror: [1;39minvalid redeclaration of 'TransactionStatsCard'[0;0m
[0;36m223 |[0;0m }
[0;36m224 |[0;0m 
[0;36m225 |[0;0m public struct TransactionStatsCard: View {
    [0;36m|[0;0m               `- [1;31merror: [1;39minvalid redeclaration of 'TransactionStatsCard'[0;0m
[0;36m226 |[0;0m     let transactions: [FinancialTransaction]
[0;36m227 |[0;0m     public init(transactions: [FinancialTransaction]) { self.transactions = transactions }

/Users/danielstevens/github-projects/tools-automation/MomentumFinance/Shared/Features/Transactions/TransactionComponents.swift:261:15: [1;31merror: [1;39minvalid redeclaration of 'SearchAndFilterSection'[0;0m
[0;36m259 |[0;0m }
[0;36m260 |[0;0m 
[0;36m261 |[0;0m public struct SearchAndFilterSection: View {
    [0;36m|[0;0m               `- [1;31merror: [1;39minvalid redeclaration of 'SearchAndFilterSection'[0;0m
[0;36m262 |[0;0m     @Binding var searchText: String
[0;36m263 |[0;0m     @Binding var selectedFilter: TransactionFilter

/Users/danielstevens/github-projects/tools-automation/MomentumFinance/Shared/Features/Transactions/TransactionDetailView.swift:56:26: [1;31merror: [1;39mtrailing closure passed to parameter of type 'Visibility' that does not accept a closure[0;0m
[0;36m54 |[0;0m                 }
[0;36m55 |[0;0m                 .navigationTitle("Transaction Details")
[0;36m56 |[0;0m                 .toolbar [4;39m{[0;0m
   [0;36m|[0;0m                          `- [1;31merror: [1;39mtrailing closure passed to parameter of type 'Visibility' that does not accept a closure[0;0m
[0;36m57 |[0;0m                     ToolbarItem(placement: .primaryAction) {
[0;36m58 |[0;0m                         Button("Done").accessibilityLabel("Button").accessibilityLabel("Button") {

SwiftUI.View.toolbar:6:27: [1;39mnote: [1;39m'toolbar(_:for:)' declared here[0;0m
[0;36m4 |[0;0m   @available(tvOS, introduced: 16.0, deprecated: 100000.0, renamed: "toolbarVisibility(_:for:)")
[0;36m5 |[0;0m   @available(watchOS, introduced: 9.0, deprecated: 100000.0, renamed: "toolbarVisibility(_:for:)")
[0;36m6 |[0;0m   nonisolated public func toolbar(_ visibility: Visibility, for bars: ToolbarPlacement...) -> some View
  [0;36m|[0;0m                           `- [1;39mnote: [1;39m'toolbar(_:for:)' declared here[0;0m
[0;36m7 |[0;0m   }
[0;36m8 |[0;0m 

/Users/danielstevens/github-projects/tools-automation/MomentumFinance/Shared/Features/Transactions/TransactionEmptyStateView.swift:39:28: [1;31merror: [1;39mcannot convert value of type 'String' to expected argument type 'PrimitiveButtonStyleConfiguration'[0;0m
[0;36m37 |[0;0m 
[0;36m38 |[0;0m                 if self.searchText.isEmpty {
[0;36m39 |[0;0m                     Button("Add Transaction").accessibilityLabel("Button").accessibilityLabel("Button") {
   [0;36m|[0;0m                            `- [1;31merror: [1;39mcannot convert value of type 'String' to expected argument type 'PrimitiveButtonStyleConfiguration'[0;0m
[0;36m40 |[0;0m                         self.onAddTransaction()
[0;36m41 |[0;0m                     }

/Users/danielstevens/github-projects/tools-automation/MomentumFinance/Shared/Features/Transactions/TransactionEmptyStateView.swift:39:105: [1;31merror: [1;39mtype '_' cannot be used as a boolean; test for '!= 0' instead[0;0m
[0;36m37 |[0;0m 
[0;36m38 |[0;0m                 if self.searchText.isEmpty {
[0;36m39 |[0;0m                     Button("Add Transaction").accessibilityLabel("Button").accessibilityLabel("Button") {
   [0;36m|[0;0m                                                                                                         `- [1;31merror: [1;39mtype '_' cannot be used as a boolean; test for '!= 0' instead[0;0m
[0;36m40 |[0;0m                         self.onAddTransaction()
[0;36m41 |[0;0m                     }

/Users/danielstevens/github-projects/tools-automation/MomentumFinance/Shared/Features/Transactions/TransactionListView.swift:28:29: [1;31merror: [1;39mthe compiler is unable to type-check this expression in reasonable time; try breaking up the expression into distinct sub-expressions[0;0m
[0;36m26 |[0;0m         }
[0;36m27 |[0;0m 
[0;36m28 |[0;0m         var body: some View [4;39m{[0;0m
   [0;36m|[0;0m                             `- [1;31merror: [1;39mthe compiler is unable to type-check this expression in reasonable time; try breaking up the expression into distinct sub-expressions[0;0m
[0;36m29 |[0;0m             List {
[0;36m30 |[0;0m                 ForEach(Array(self.groupedTransactions.enumerated()), id: \.element.key) { _, group in

/Users/danielstevens/github-projects/tools-automation/MomentumFinance/Shared/Features/Transactions/TransactionRowView.swift:18:20: [1;31merror: [1;39mmissing argument for parameter #1 in call[0;0m
[0;36m16 |[0;0m 
[0;36m17 |[0;0m         var body: some View {
[0;36m18 |[0;0m             Button(action: self.onTapped).accessibilityLabel("Button").accessibilityLabel("Button") {
   [0;36m|[0;0m                    `- [1;31merror: [1;39mmissing argument for parameter #1 in call[0;0m
[0;36m19 |[0;0m                 HStack {
[0;36m20 |[0;0m                     VStack(alignment: .leading) {

SwiftUI.Button.init:2:36: [1;39mnote: [1;39m'init(_:action:)' declared here[0;0m
[0;36m1 |[0;0m generic struct Button {
[0;36m2 |[0;0m @preconcurrency nonisolated public init(_ titleKey: LocalizedStringKey, action: @escaping @MainActor () -> Void)}
  [0;36m|[0;0m                                    `- [1;39mnote: [1;39m'init(_:action:)' declared here[0;0m
[0;36m3 |[0;0m 

/Users/danielstevens/github-projects/tools-automation/MomentumFinance/Shared/Features/Transactions/TransactionRowView.swift:18:101: [1;31merror: [1;39mtype '_' cannot be used as a boolean; test for '!= 0' instead[0;0m
[0;36m16 |[0;0m 
[0;36m17 |[0;0m         var body: some View {
[0;36m18 |[0;0m             Button(action: self.onTapped).accessibilityLabel("Button").accessibilityLabel("Button") {
   [0;36m|[0;0m                                                                                                     `- [1;31merror: [1;39mtype '_' cannot be used as a boolean; test for '!= 0' instead[0;0m
[0;36m19 |[0;0m                 HStack {
[0;36m20 |[0;0m                     VStack(alignment: .leading) {

/Users/danielstevens/github-projects/tools-automation/MomentumFinance/Shared/Intelligence/AdvancedFinancialIntelligence.swift:44:19: [1;31merror: [1;39mcannot find type 'AIBudget' in scope[0;0m
 [0;36m42 |[0;0m         from transactions: [FinancialTransaction],
 [0;36m43 |[0;0m         accounts: [FinancialAccount],
 [0;36m44 |[0;0m         budgets: [[4;39mAIBudget[0;0m]
    [0;36m|[0;0m                   `- [1;31merror: [1;39mcannot find type 'AIBudget' in scope[0;0m
 [0;36m45 |[0;0m     ) async {
 [0;36m46 |[0;0m 

/Users/danielstevens/github-projects/tools-automation/MomentumFinance/Shared/Intelligence/AdvancedFinancialIntelligence.swift:79:24: [1;31merror: [1;39mcannot find type 'RiskTolerance' in scope[0;0m
 [0;36m77 |[0;0m     /// Get personalized investment recommendations
 [0;36m78 |[0;0m     public func getInvestmentRecommendations(
 [0;36m79 |[0;0m         riskTolerance: [4;39mRiskTolerance[0;0m,
    [0;36m|[0;0m                        `- [1;31merror: [1;39mcannot find type 'RiskTolerance' in scope[0;0m
 [0;36m80 |[0;0m         timeHorizon: TimeHorizon,
 [0;36m81 |[0;0m         currentPortfolio: [Investment]

/Users/danielstevens/github-projects/tools-automation/MomentumFinance/Shared/Intelligence/AdvancedFinancialIntelligence.swift:81:28: [1;31merror: [1;39mcannot find type 'Investment' in scope[0;0m
 [0;36m79 |[0;0m         riskTolerance: RiskTolerance,
 [0;36m80 |[0;0m         timeHorizon: TimeHorizon,
 [0;36m81 |[0;0m         currentPortfolio: [[4;39mInvestment[0;0m]
    [0;36m|[0;0m                            `- [1;31merror: [1;39mcannot find type 'Investment' in scope[0;0m
 [0;36m82 |[0;0m     ) -> [InvestmentRecommendation] {
 [0;36m83 |[0;0m         self.analyticsEngine.generateInvestmentRecommendations(

/Users/danielstevens/github-projects/tools-automation/MomentumFinance/Shared/Intelligence/AdvancedFinancialIntelligence.swift:216:21: [1;31merror: [1;39mcannot find type 'AIBudget' in scope[0;0m
[0;36m214 |[0;0m     private func analyzeBudgetPerformance(
[0;36m215 |[0;0m         _ transactions: [FinancialTransaction],
[0;36m216 |[0;0m         _ budgets: [[4;39mAIBudget[0;0m]
    [0;36m|[0;0m                     `- [1;31merror: [1;39mcannot find type 'AIBudget' in scope[0;0m
[0;36m217 |[0;0m     ) async -> [EnhancedFinancialInsight] {
[0;36m218 |[0;0m         var insights: [EnhancedFinancialInsight] = []

/Users/danielstevens/github-projects/tools-automation/MomentumFinance/Shared/Intelligence/AdvancedFinancialIntelligence.swift:372:73: [1;31merror: [1;39mcannot find type 'AIBudget' in scope[0;0m
[0;36m370 |[0;0m     }
[0;36m371 |[0;0m 
[0;36m372 |[0;0m     private func calculateSpentAmount(_: [FinancialTransaction], for _: [4;39mAIBudget[0;0m) -> Double {
    [0;36m|[0;0m                                                                         `- [1;31merror: [1;39mcannot find type 'AIBudget' in scope[0;0m
[0;36m373 |[0;0m 
[0;36m374 |[0;0m         // Implementation for calculating spent amount against budget

/Users/danielstevens/github-projects/tools-automation/MomentumFinance/Shared/Intelligence/AdvancedFinancialIntelligence.swift:555:30: [1;31merror: [1;39mcannot find type 'RiskTolerance' in scope[0;0m
[0;36m553 |[0;0m     private class FinancialAnalyticsEngine {
[0;36m554 |[0;0m         func generateInvestmentRecommendations(
[0;36m555 |[0;0m             riskTolerance _: [4;39mRiskTolerance[0;0m,
    [0;36m|[0;0m                              `- [1;31merror: [1;39mcannot find type 'RiskTolerance' in scope[0;0m
[0;36m556 |[0;0m             timeHorizon _: TimeHorizon,
[0;36m557 |[0;0m             currentPortfolio _: [Investment]

/Users/danielstevens/github-projects/tools-automation/MomentumFinance/Shared/Intelligence/AdvancedFinancialIntelligence.swift:557:34: [1;31merror: [1;39mcannot find type 'Investment' in scope[0;0m
[0;36m555 |[0;0m             riskTolerance _: RiskTolerance,
[0;36m556 |[0;0m             timeHorizon _: TimeHorizon,
[0;36m557 |[0;0m             currentPortfolio _: [[4;39mInvestment[0;0m]
    [0;36m|[0;0m                                  `- [1;31merror: [1;39mcannot find type 'Investment' in scope[0;0m
[0;36m558 |[0;0m         ) -> [InvestmentRecommendation] {
[0;36m559 |[0;0m             // Implementation would go here

/Users/danielstevens/github-projects/tools-automation/MomentumFinance/Shared/Intelligence/AdvancedFinancialIntelligence.swift:257:50: [1;31merror: [1;39mvalue of type 'FinancialAccount' has no member 'type'[0;0m
[0;36m255 |[0;0m         // Emergency fund assessment
[0;36m256 |[0;0m         let monthlyExpenses = self.calculateMonthlyExpenses(transactions)
[0;36m257 |[0;0m         let emergencyFund = accounts.filter { [4;39m$0[0;0m.[4;39mtype[0;0m == .savings }
    [0;36m|[0;0m                                                  `- [1;31merror: [1;39mvalue of type 'FinancialAccount' has no member 'type'[0;0m
[0;36m258 |[0;0m             .reduce(0) { $0 + $1.balance }
[0;36m259 |[0;0m         let monthsCovered = emergencyFund / monthlyExpenses

/Users/danielstevens/github-projects/tools-automation/MomentumFinance/Shared/Intelligence/AdvancedFinancialIntelligence.swift:257:59: [1;31merror: [1;39mcannot infer contextual base in reference to member 'savings'[0;0m
[0;36m255 |[0;0m         // Emergency fund assessment
[0;36m256 |[0;0m         let monthlyExpenses = self.calculateMonthlyExpenses(transactions)
[0;36m257 |[0;0m         let emergencyFund = accounts.filter { $0.type == [4;39m.savings[0;0m }
    [0;36m|[0;0m                                                           `- [1;31merror: [1;39mcannot infer contextual base in reference to member 'savings'[0;0m
[0;36m258 |[0;0m             .reduce(0) { $0 + $1.balance }
[0;36m259 |[0;0m         let monthsCovered = emergencyFund / monthlyExpenses

/Users/danielstevens/github-projects/tools-automation/MomentumFinance/Shared/Intelligence/AdvancedFinancialIntelligence.swift:266:50: [1;31merror: [1;39mincorrect argument label in call (have '_:specifier:', expected '_:default:')[0;0m
[0;36m264 |[0;0m                     title: "Emergency Fund Below Recommended Level",
[0;36m265 |[0;0m                     description:
[0;36m266 |[0;0m                     "Your emergency fund covers \(monthsCovered, specifier: "%.1f") months of expenses. Experts recommend 3-6 months.",
    [0;36m|[0;0m                                                  `- [1;31merror: [1;39mincorrect argument label in call (have '_:specifier:', expected '_:default:')[0;0m
[0;36m267 |[0;0m                     priority: monthsCovered < 1 ? .critical : .high,
[0;36m268 |[0;0m                     type: .riskAlert,
[100/148] Compiling Shared TransactionStatsCard.swift
/Users/danielstevens/github-projects/tools-automation/MomentumFinance/Shared/Intelligence/AdvancedFinancialIntelligence.swift:580:1: [1;31merror: [1;39mexpected '}' in class[0;0m
 [0;36m15 |[0;0m /// Provides predictive analytics, risk assessment, and smart recommendations
 [0;36m16 |[0;0m @MainActor
 [0;36m17 |[0;0m public class AdvancedFinancialIntelligence: ObservableObject {
    [0;36m|[0;0m                                                              `- [1;39mnote: [1;39mto match this opening '{'[0;0m
 [0;36m18 |[0;0m     // MARK: - Published Properties
 [0;36m19 |[0;0m 
    [0;36m:[0;0m
[0;36m578 |[0;0m     // Implementation would go here
[0;36m579 |[0;0m }
[0;36m580 |[0;0m 
    [0;36m|[0;0m `- [1;31merror: [1;39mexpected '}' in class[0;0m

/Users/danielstevens/github-projects/tools-automation/MomentumFinance/Shared/Features/Transactions/TransactionComponents.swift:4:15: [1;31merror: [1;39minvalid redeclaration of 'TransactionEmptyStateView'[0;0m
  [0;36m2 |[0;0m import SwiftUI
  [0;36m3 |[0;0m 
  [0;36m4 |[0;0m public struct TransactionEmptyStateView: View {
    [0;36m|[0;0m               `- [1;31merror: [1;39minvalid redeclaration of 'TransactionEmptyStateView'[0;0m
  [0;36m5 |[0;0m     let searchText: String
  [0;36m6 |[0;0m     let onAddTransaction: () -> Void

/Users/danielstevens/github-projects/tools-automation/MomentumFinance/Shared/Features/Transactions/TransactionComponents.swift:50:15: [1;31merror: [1;39minvalid redeclaration of 'TransactionListView'[0;0m
 [0;36m48 |[0;0m }
 [0;36m49 |[0;0m 
 [0;36m50 |[0;0m public struct TransactionListView: View {
    [0;36m|[0;0m               `- [1;31merror: [1;39minvalid redeclaration of 'TransactionListView'[0;0m
 [0;36m51 |[0;0m     let transactions: [FinancialTransaction]
 [0;36m52 |[0;0m     let onTransactionTapped: (FinancialTransaction) -> Void

/Users/danielstevens/github-projects/tools-automation/MomentumFinance/Shared/Features/Transactions/TransactionComponents.swift:85:15: [1;31merror: [1;39minvalid redeclaration of 'TransactionRowView'[0;0m
 [0;36m83 |[0;0m }
 [0;36m84 |[0;0m 
 [0;36m85 |[0;0m public struct TransactionRowView: View {
    [0;36m|[0;0m               `- [1;31merror: [1;39minvalid redeclaration of 'TransactionRowView'[0;0m
 [0;36m86 |[0;0m     let transaction: FinancialTransaction
 [0;36m87 |[0;0m     let onTap: () -> Void

/Users/danielstevens/github-projects/tools-automation/MomentumFinance/Shared/Features/Transactions/TransactionComponents.swift:109:15: [1;31merror: [1;39minvalid redeclaration of 'AddTransactionView'[0;0m
[0;36m107 |[0;0m }
[0;36m108 |[0;0m 
[0;36m109 |[0;0m public struct AddTransactionView: View {
    [0;36m|[0;0m               `- [1;31merror: [1;39minvalid redeclaration of 'AddTransactionView'[0;0m
[0;36m110 |[0;0m     let categories: [ExpenseCategory]
[0;36m111 |[0;0m     let accounts: [FinancialAccount]

/Users/danielstevens/github-projects/tools-automation/MomentumFinance/Shared/Features/Transactions/TransactionComponents.swift:190:15: [1;31merror: [1;39minvalid redeclaration of 'TransactionDetailView'[0;0m
[0;36m188 |[0;0m }
[0;36m189 |[0;0m 
[0;36m190 |[0;0m public struct TransactionDetailView: View {
    [0;36m|[0;0m               `- [1;31merror: [1;39minvalid redeclaration of 'TransactionDetailView'[0;0m
[0;36m191 |[0;0m     let transaction: FinancialTransaction
[0;36m192 |[0;0m     public init(transaction: FinancialTransaction) { self.transaction = transaction }

/Users/danielstevens/github-projects/tools-automation/MomentumFinance/Shared/Features/Transactions/TransactionComponents.swift:225:15: [1;31merror: [1;39minvalid redeclaration of 'TransactionStatsCard'[0;0m
[0;36m223 |[0;0m }
[0;36m224 |[0;0m 
[0;36m225 |[0;0m public struct TransactionStatsCard: View {
    [0;36m|[0;0m               `- [1;31merror: [1;39minvalid redeclaration of 'TransactionStatsCard'[0;0m
[0;36m226 |[0;0m     let transactions: [FinancialTransaction]
[0;36m227 |[0;0m     public init(transactions: [FinancialTransaction]) { self.transactions = transactions }

/Users/danielstevens/github-projects/tools-automation/MomentumFinance/Shared/Features/Transactions/TransactionComponents.swift:261:15: [1;31merror: [1;39minvalid redeclaration of 'SearchAndFilterSection'[0;0m
[0;36m259 |[0;0m }
[0;36m260 |[0;0m 
[0;36m261 |[0;0m public struct SearchAndFilterSection: View {
    [0;36m|[0;0m               `- [1;31merror: [1;39minvalid redeclaration of 'SearchAndFilterSection'[0;0m
[0;36m262 |[0;0m     @Binding var searchText: String
[0;36m263 |[0;0m     @Binding var selectedFilter: TransactionFilter

/Users/danielstevens/github-projects/tools-automation/MomentumFinance/Shared/Features/Transactions/TransactionDetailView.swift:56:26: [1;31merror: [1;39mtrailing closure passed to parameter of type 'Visibility' that does not accept a closure[0;0m
[0;36m54 |[0;0m                 }
[0;36m55 |[0;0m                 .navigationTitle("Transaction Details")
[0;36m56 |[0;0m                 .toolbar [4;39m{[0;0m
   [0;36m|[0;0m                          `- [1;31merror: [1;39mtrailing closure passed to parameter of type 'Visibility' that does not accept a closure[0;0m
[0;36m57 |[0;0m                     ToolbarItem(placement: .primaryAction) {
[0;36m58 |[0;0m                         Button("Done").accessibilityLabel("Button").accessibilityLabel("Button") {

SwiftUI.View.toolbar:6:27: [1;39mnote: [1;39m'toolbar(_:for:)' declared here[0;0m
[0;36m4 |[0;0m   @available(tvOS, introduced: 16.0, deprecated: 100000.0, renamed: "toolbarVisibility(_:for:)")
[0;36m5 |[0;0m   @available(watchOS, introduced: 9.0, deprecated: 100000.0, renamed: "toolbarVisibility(_:for:)")
[0;36m6 |[0;0m   nonisolated public func toolbar(_ visibility: Visibility, for bars: ToolbarPlacement...) -> some View
  [0;36m|[0;0m                           `- [1;39mnote: [1;39m'toolbar(_:for:)' declared here[0;0m
[0;36m7 |[0;0m   }
[0;36m8 |[0;0m 

/Users/danielstevens/github-projects/tools-automation/MomentumFinance/Shared/Features/Transactions/TransactionEmptyStateView.swift:39:28: [1;31merror: [1;39mcannot convert value of type 'String' to expected argument type 'PrimitiveButtonStyleConfiguration'[0;0m
[0;36m37 |[0;0m 
[0;36m38 |[0;0m                 if self.searchText.isEmpty {
[0;36m39 |[0;0m                     Button("Add Transaction").accessibilityLabel("Button").accessibilityLabel("Button") {
   [0;36m|[0;0m                            `- [1;31merror: [1;39mcannot convert value of type 'String' to expected argument type 'PrimitiveButtonStyleConfiguration'[0;0m
[0;36m40 |[0;0m                         self.onAddTransaction()
[0;36m41 |[0;0m                     }

/Users/danielstevens/github-projects/tools-automation/MomentumFinance/Shared/Features/Transactions/TransactionEmptyStateView.swift:39:105: [1;31merror: [1;39mtype '_' cannot be used as a boolean; test for '!= 0' instead[0;0m
[0;36m37 |[0;0m 
[0;36m38 |[0;0m                 if self.searchText.isEmpty {
[0;36m39 |[0;0m                     Button("Add Transaction").accessibilityLabel("Button").accessibilityLabel("Button") {
   [0;36m|[0;0m                                                                                                         `- [1;31merror: [1;39mtype '_' cannot be used as a boolean; test for '!= 0' instead[0;0m
[0;36m40 |[0;0m                         self.onAddTransaction()
[0;36m41 |[0;0m                     }

/Users/danielstevens/github-projects/tools-automation/MomentumFinance/Shared/Features/Transactions/TransactionListView.swift:28:29: [1;31merror: [1;39mthe compiler is unable to type-check this expression in reasonable time; try breaking up the expression into distinct sub-expressions[0;0m
[0;36m26 |[0;0m         }
[0;36m27 |[0;0m 
[0;36m28 |[0;0m         var body: some View [4;39m{[0;0m
   [0;36m|[0;0m                             `- [1;31merror: [1;39mthe compiler is unable to type-check this expression in reasonable time; try breaking up the expression into distinct sub-expressions[0;0m
[0;36m29 |[0;0m             List {
[0;36m30 |[0;0m                 ForEach(Array(self.groupedTransactions.enumerated()), id: \.element.key) { _, group in

/Users/danielstevens/github-projects/tools-automation/MomentumFinance/Shared/Features/Transactions/TransactionRowView.swift:18:20: [1;31merror: [1;39mmissing argument for parameter #1 in call[0;0m
[0;36m16 |[0;0m 
[0;36m17 |[0;0m         var body: some View {
[0;36m18 |[0;0m             Button(action: self.onTapped).accessibilityLabel("Button").accessibilityLabel("Button") {
   [0;36m|[0;0m                    `- [1;31merror: [1;39mmissing argument for parameter #1 in call[0;0m
[0;36m19 |[0;0m                 HStack {
[0;36m20 |[0;0m                     VStack(alignment: .leading) {

SwiftUI.Button.init:2:36: [1;39mnote: [1;39m'init(_:action:)' declared here[0;0m
[0;36m1 |[0;0m generic struct Button {
[0;36m2 |[0;0m @preconcurrency nonisolated public init(_ titleKey: LocalizedStringKey, action: @escaping @MainActor () -> Void)}
  [0;36m|[0;0m                                    `- [1;39mnote: [1;39m'init(_:action:)' declared here[0;0m
[0;36m3 |[0;0m 

/Users/danielstevens/github-projects/tools-automation/MomentumFinance/Shared/Features/Transactions/TransactionRowView.swift:18:101: [1;31merror: [1;39mtype '_' cannot be used as a boolean; test for '!= 0' instead[0;0m
[0;36m16 |[0;0m 
[0;36m17 |[0;0m         var body: some View {
[0;36m18 |[0;0m             Button(action: self.onTapped).accessibilityLabel("Button").accessibilityLabel("Button") {
   [0;36m|[0;0m                                                                                                     `- [1;31merror: [1;39mtype '_' cannot be used as a boolean; test for '!= 0' instead[0;0m
[0;36m19 |[0;0m                 HStack {
[0;36m20 |[0;0m                     VStack(alignment: .leading) {

/Users/danielstevens/github-projects/tools-automation/MomentumFinance/Shared/Intelligence/AdvancedFinancialIntelligence.swift:44:19: [1;31merror: [1;39mcannot find type 'AIBudget' in scope[0;0m
 [0;36m42 |[0;0m         from transactions: [FinancialTransaction],
 [0;36m43 |[0;0m         accounts: [FinancialAccount],
 [0;36m44 |[0;0m         budgets: [[4;39mAIBudget[0;0m]
    [0;36m|[0;0m                   `- [1;31merror: [1;39mcannot find type 'AIBudget' in scope[0;0m
 [0;36m45 |[0;0m     ) async {
 [0;36m46 |[0;0m 

/Users/danielstevens/github-projects/tools-automation/MomentumFinance/Shared/Intelligence/AdvancedFinancialIntelligence.swift:79:24: [1;31merror: [1;39mcannot find type 'RiskTolerance' in scope[0;0m
 [0;36m77 |[0;0m     /// Get personalized investment recommendations
 [0;36m78 |[0;0m     public func getInvestmentRecommendations(
 [0;36m79 |[0;0m         riskTolerance: [4;39mRiskTolerance[0;0m,
    [0;36m|[0;0m                        `- [1;31merror: [1;39mcannot find type 'RiskTolerance' in scope[0;0m
 [0;36m80 |[0;0m         timeHorizon: TimeHorizon,
 [0;36m81 |[0;0m         currentPortfolio: [Investment]

/Users/danielstevens/github-projects/tools-automation/MomentumFinance/Shared/Intelligence/AdvancedFinancialIntelligence.swift:81:28: [1;31merror: [1;39mcannot find type 'Investment' in scope[0;0m
 [0;36m79 |[0;0m         riskTolerance: RiskTolerance,
 [0;36m80 |[0;0m         timeHorizon: TimeHorizon,
 [0;36m81 |[0;0m         currentPortfolio: [[4;39mInvestment[0;0m]
    [0;36m|[0;0m                            `- [1;31merror: [1;39mcannot find type 'Investment' in scope[0;0m
 [0;36m82 |[0;0m     ) -> [InvestmentRecommendation] {
 [0;36m83 |[0;0m         self.analyticsEngine.generateInvestmentRecommendations(

/Users/danielstevens/github-projects/tools-automation/MomentumFinance/Shared/Intelligence/AdvancedFinancialIntelligence.swift:216:21: [1;31merror: [1;39mcannot find type 'AIBudget' in scope[0;0m
[0;36m214 |[0;0m     private func analyzeBudgetPerformance(
[0;36m215 |[0;0m         _ transactions: [FinancialTransaction],
[0;36m216 |[0;0m         _ budgets: [[4;39mAIBudget[0;0m]
    [0;36m|[0;0m                     `- [1;31merror: [1;39mcannot find type 'AIBudget' in scope[0;0m
[0;36m217 |[0;0m     ) async -> [EnhancedFinancialInsight] {
[0;36m218 |[0;0m         var insights: [EnhancedFinancialInsight] = []

/Users/danielstevens/github-projects/tools-automation/MomentumFinance/Shared/Intelligence/AdvancedFinancialIntelligence.swift:372:73: [1;31merror: [1;39mcannot find type 'AIBudget' in scope[0;0m
[0;36m370 |[0;0m     }
[0;36m371 |[0;0m 
[0;36m372 |[0;0m     private func calculateSpentAmount(_: [FinancialTransaction], for _: [4;39mAIBudget[0;0m) -> Double {
    [0;36m|[0;0m                                                                         `- [1;31merror: [1;39mcannot find type 'AIBudget' in scope[0;0m
[0;36m373 |[0;0m 
[0;36m374 |[0;0m         // Implementation for calculating spent amount against budget

/Users/danielstevens/github-projects/tools-automation/MomentumFinance/Shared/Intelligence/AdvancedFinancialIntelligence.swift:555:30: [1;31merror: [1;39mcannot find type 'RiskTolerance' in scope[0;0m
[0;36m553 |[0;0m     private class FinancialAnalyticsEngine {
[0;36m554 |[0;0m         func generateInvestmentRecommendations(
[0;36m555 |[0;0m             riskTolerance _: [4;39mRiskTolerance[0;0m,
    [0;36m|[0;0m                              `- [1;31merror: [1;39mcannot find type 'RiskTolerance' in scope[0;0m
[0;36m556 |[0;0m             timeHorizon _: TimeHorizon,
[0;36m557 |[0;0m             currentPortfolio _: [Investment]

/Users/danielstevens/github-projects/tools-automation/MomentumFinance/Shared/Intelligence/AdvancedFinancialIntelligence.swift:557:34: [1;31merror: [1;39mcannot find type 'Investment' in scope[0;0m
[0;36m555 |[0;0m             riskTolerance _: RiskTolerance,
[0;36m556 |[0;0m             timeHorizon _: TimeHorizon,
[0;36m557 |[0;0m             currentPortfolio _: [[4;39mInvestment[0;0m]
    [0;36m|[0;0m                                  `- [1;31merror: [1;39mcannot find type 'Investment' in scope[0;0m
[0;36m558 |[0;0m         ) -> [InvestmentRecommendation] {
[0;36m559 |[0;0m             // Implementation would go here

/Users/danielstevens/github-projects/tools-automation/MomentumFinance/Shared/Intelligence/AdvancedFinancialIntelligence.swift:257:50: [1;31merror: [1;39mvalue of type 'FinancialAccount' has no member 'type'[0;0m
[0;36m255 |[0;0m         // Emergency fund assessment
[0;36m256 |[0;0m         let monthlyExpenses = self.calculateMonthlyExpenses(transactions)
[0;36m257 |[0;0m         let emergencyFund = accounts.filter { [4;39m$0[0;0m.[4;39mtype[0;0m == .savings }
    [0;36m|[0;0m                                                  `- [1;31merror: [1;39mvalue of type 'FinancialAccount' has no member 'type'[0;0m
[0;36m258 |[0;0m             .reduce(0) { $0 + $1.balance }
[0;36m259 |[0;0m         let monthsCovered = emergencyFund / monthlyExpenses

/Users/danielstevens/github-projects/tools-automation/MomentumFinance/Shared/Intelligence/AdvancedFinancialIntelligence.swift:257:59: [1;31merror: [1;39mcannot infer contextual base in reference to member 'savings'[0;0m
[0;36m255 |[0;0m         // Emergency fund assessment
[0;36m256 |[0;0m         let monthlyExpenses = self.calculateMonthlyExpenses(transactions)
[0;36m257 |[0;0m         let emergencyFund = accounts.filter { $0.type == [4;39m.savings[0;0m }
    [0;36m|[0;0m                                                           `- [1;31merror: [1;39mcannot infer contextual base in reference to member 'savings'[0;0m
[0;36m258 |[0;0m             .reduce(0) { $0 + $1.balance }
[0;36m259 |[0;0m         let monthsCovered = emergencyFund / monthlyExpenses

/Users/danielstevens/github-projects/tools-automation/MomentumFinance/Shared/Intelligence/AdvancedFinancialIntelligence.swift:266:50: [1;31merror: [1;39mincorrect argument label in call (have '_:specifier:', expected '_:default:')[0;0m
[0;36m264 |[0;0m                     title: "Emergency Fund Below Recommended Level",
[0;36m265 |[0;0m                     description:
[0;36m266 |[0;0m                     "Your emergency fund covers \(monthsCovered, specifier: "%.1f") months of expenses. Experts recommend 3-6 months.",
    [0;36m|[0;0m                                                  `- [1;31merror: [1;39mincorrect argument label in call (have '_:specifier:', expected '_:default:')[0;0m
[0;36m267 |[0;0m                     priority: monthsCovered < 1 ? .critical : .high,
[0;36m268 |[0;0m                     type: .riskAlert,
[101/148] Compiling Shared TransactionsComponentStubs.swift
/Users/danielstevens/github-projects/tools-automation/MomentumFinance/Shared/Intelligence/AdvancedFinancialIntelligence.swift:580:1: [1;31merror: [1;39mexpected '}' in class[0;0m
 [0;36m15 |[0;0m /// Provides predictive analytics, risk assessment, and smart recommendations
 [0;36m16 |[0;0m @MainActor
 [0;36m17 |[0;0m public class AdvancedFinancialIntelligence: ObservableObject {
    [0;36m|[0;0m                                                              `- [1;39mnote: [1;39mto match this opening '{'[0;0m
 [0;36m18 |[0;0m     // MARK: - Published Properties
 [0;36m19 |[0;0m 
    [0;36m:[0;0m
[0;36m578 |[0;0m     // Implementation would go here
[0;36m579 |[0;0m }
[0;36m580 |[0;0m 
    [0;36m|[0;0m `- [1;31merror: [1;39mexpected '}' in class[0;0m

/Users/danielstevens/github-projects/tools-automation/MomentumFinance/Shared/Features/Transactions/TransactionComponents.swift:4:15: [1;31merror: [1;39minvalid redeclaration of 'TransactionEmptyStateView'[0;0m
  [0;36m2 |[0;0m import SwiftUI
  [0;36m3 |[0;0m 
  [0;36m4 |[0;0m public struct TransactionEmptyStateView: View {
    [0;36m|[0;0m               `- [1;31merror: [1;39minvalid redeclaration of 'TransactionEmptyStateView'[0;0m
  [0;36m5 |[0;0m     let searchText: String
  [0;36m6 |[0;0m     let onAddTransaction: () -> Void

/Users/danielstevens/github-projects/tools-automation/MomentumFinance/Shared/Features/Transactions/TransactionComponents.swift:50:15: [1;31merror: [1;39minvalid redeclaration of 'TransactionListView'[0;0m
 [0;36m48 |[0;0m }
 [0;36m49 |[0;0m 
 [0;36m50 |[0;0m public struct TransactionListView: View {
    [0;36m|[0;0m               `- [1;31merror: [1;39minvalid redeclaration of 'TransactionListView'[0;0m
 [0;36m51 |[0;0m     let transactions: [FinancialTransaction]
 [0;36m52 |[0;0m     let onTransactionTapped: (FinancialTransaction) -> Void

/Users/danielstevens/github-projects/tools-automation/MomentumFinance/Shared/Features/Transactions/TransactionComponents.swift:85:15: [1;31merror: [1;39minvalid redeclaration of 'TransactionRowView'[0;0m
 [0;36m83 |[0;0m }
 [0;36m84 |[0;0m 
 [0;36m85 |[0;0m public struct TransactionRowView: View {
    [0;36m|[0;0m               `- [1;31merror: [1;39minvalid redeclaration of 'TransactionRowView'[0;0m
 [0;36m86 |[0;0m     let transaction: FinancialTransaction
 [0;36m87 |[0;0m     let onTap: () -> Void

/Users/danielstevens/github-projects/tools-automation/MomentumFinance/Shared/Features/Transactions/TransactionComponents.swift:109:15: [1;31merror: [1;39minvalid redeclaration of 'AddTransactionView'[0;0m
[0;36m107 |[0;0m }
[0;36m108 |[0;0m 
[0;36m109 |[0;0m public struct AddTransactionView: View {
    [0;36m|[0;0m               `- [1;31merror: [1;39minvalid redeclaration of 'AddTransactionView'[0;0m
[0;36m110 |[0;0m     let categories: [ExpenseCategory]
[0;36m111 |[0;0m     let accounts: [FinancialAccount]

/Users/danielstevens/github-projects/tools-automation/MomentumFinance/Shared/Features/Transactions/TransactionComponents.swift:190:15: [1;31merror: [1;39minvalid redeclaration of 'TransactionDetailView'[0;0m
[0;36m188 |[0;0m }
[0;36m189 |[0;0m 
[0;36m190 |[0;0m public struct TransactionDetailView: View {
    [0;36m|[0;0m               `- [1;31merror: [1;39minvalid redeclaration of 'TransactionDetailView'[0;0m
[0;36m191 |[0;0m     let transaction: FinancialTransaction
[0;36m192 |[0;0m     public init(transaction: FinancialTransaction) { self.transaction = transaction }

/Users/danielstevens/github-projects/tools-automation/MomentumFinance/Shared/Features/Transactions/TransactionComponents.swift:225:15: [1;31merror: [1;39minvalid redeclaration of 'TransactionStatsCard'[0;0m
[0;36m223 |[0;0m }
[0;36m224 |[0;0m 
[0;36m225 |[0;0m public struct TransactionStatsCard: View {
    [0;36m|[0;0m               `- [1;31merror: [1;39minvalid redeclaration of 'TransactionStatsCard'[0;0m
[0;36m226 |[0;0m     let transactions: [FinancialTransaction]
[0;36m227 |[0;0m     public init(transactions: [FinancialTransaction]) { self.transactions = transactions }

/Users/danielstevens/github-projects/tools-automation/MomentumFinance/Shared/Features/Transactions/TransactionComponents.swift:261:15: [1;31merror: [1;39minvalid redeclaration of 'SearchAndFilterSection'[0;0m
[0;36m259 |[0;0m }
[0;36m260 |[0;0m 
[0;36m261 |[0;0m public struct SearchAndFilterSection: View {
    [0;36m|[0;0m               `- [1;31merror: [1;39minvalid redeclaration of 'SearchAndFilterSection'[0;0m
[0;36m262 |[0;0m     @Binding var searchText: String
[0;36m263 |[0;0m     @Binding var selectedFilter: TransactionFilter

/Users/danielstevens/github-projects/tools-automation/MomentumFinance/Shared/Features/Transactions/TransactionDetailView.swift:56:26: [1;31merror: [1;39mtrailing closure passed to parameter of type 'Visibility' that does not accept a closure[0;0m
[0;36m54 |[0;0m                 }
[0;36m55 |[0;0m                 .navigationTitle("Transaction Details")
[0;36m56 |[0;0m                 .toolbar [4;39m{[0;0m
   [0;36m|[0;0m                          `- [1;31merror: [1;39mtrailing closure passed to parameter of type 'Visibility' that does not accept a closure[0;0m
[0;36m57 |[0;0m                     ToolbarItem(placement: .primaryAction) {
[0;36m58 |[0;0m                         Button("Done").accessibilityLabel("Button").accessibilityLabel("Button") {

SwiftUI.View.toolbar:6:27: [1;39mnote: [1;39m'toolbar(_:for:)' declared here[0;0m
[0;36m4 |[0;0m   @available(tvOS, introduced: 16.0, deprecated: 100000.0, renamed: "toolbarVisibility(_:for:)")
[0;36m5 |[0;0m   @available(watchOS, introduced: 9.0, deprecated: 100000.0, renamed: "toolbarVisibility(_:for:)")
[0;36m6 |[0;0m   nonisolated public func toolbar(_ visibility: Visibility, for bars: ToolbarPlacement...) -> some View
  [0;36m|[0;0m                           `- [1;39mnote: [1;39m'toolbar(_:for:)' declared here[0;0m
[0;36m7 |[0;0m   }
[0;36m8 |[0;0m 

/Users/danielstevens/github-projects/tools-automation/MomentumFinance/Shared/Features/Transactions/TransactionEmptyStateView.swift:39:28: [1;31merror: [1;39mcannot convert value of type 'String' to expected argument type 'PrimitiveButtonStyleConfiguration'[0;0m
[0;36m37 |[0;0m 
[0;36m38 |[0;0m                 if self.searchText.isEmpty {
[0;36m39 |[0;0m                     Button("Add Transaction").accessibilityLabel("Button").accessibilityLabel("Button") {
   [0;36m|[0;0m                            `- [1;31merror: [1;39mcannot convert value of type 'String' to expected argument type 'PrimitiveButtonStyleConfiguration'[0;0m
[0;36m40 |[0;0m                         self.onAddTransaction()
[0;36m41 |[0;0m                     }

/Users/danielstevens/github-projects/tools-automation/MomentumFinance/Shared/Features/Transactions/TransactionEmptyStateView.swift:39:105: [1;31merror: [1;39mtype '_' cannot be used as a boolean; test for '!= 0' instead[0;0m
[0;36m37 |[0;0m 
[0;36m38 |[0;0m                 if self.searchText.isEmpty {
[0;36m39 |[0;0m                     Button("Add Transaction").accessibilityLabel("Button").accessibilityLabel("Button") {
   [0;36m|[0;0m                                                                                                         `- [1;31merror: [1;39mtype '_' cannot be used as a boolean; test for '!= 0' instead[0;0m
[0;36m40 |[0;0m                         self.onAddTransaction()
[0;36m41 |[0;0m                     }

/Users/danielstevens/github-projects/tools-automation/MomentumFinance/Shared/Features/Transactions/TransactionListView.swift:28:29: [1;31merror: [1;39mthe compiler is unable to type-check this expression in reasonable time; try breaking up the expression into distinct sub-expressions[0;0m
[0;36m26 |[0;0m         }
[0;36m27 |[0;0m 
[0;36m28 |[0;0m         var body: some View [4;39m{[0;0m
   [0;36m|[0;0m                             `- [1;31merror: [1;39mthe compiler is unable to type-check this expression in reasonable time; try breaking up the expression into distinct sub-expressions[0;0m
[0;36m29 |[0;0m             List {
[0;36m30 |[0;0m                 ForEach(Array(self.groupedTransactions.enumerated()), id: \.element.key) { _, group in

/Users/danielstevens/github-projects/tools-automation/MomentumFinance/Shared/Features/Transactions/TransactionRowView.swift:18:20: [1;31merror: [1;39mmissing argument for parameter #1 in call[0;0m
[0;36m16 |[0;0m 
[0;36m17 |[0;0m         var body: some View {
[0;36m18 |[0;0m             Button(action: self.onTapped).accessibilityLabel("Button").accessibilityLabel("Button") {
   [0;36m|[0;0m                    `- [1;31merror: [1;39mmissing argument for parameter #1 in call[0;0m
[0;36m19 |[0;0m                 HStack {
[0;36m20 |[0;0m                     VStack(alignment: .leading) {

SwiftUI.Button.init:2:36: [1;39mnote: [1;39m'init(_:action:)' declared here[0;0m
[0;36m1 |[0;0m generic struct Button {
[0;36m2 |[0;0m @preconcurrency nonisolated public init(_ titleKey: LocalizedStringKey, action: @escaping @MainActor () -> Void)}
  [0;36m|[0;0m                                    `- [1;39mnote: [1;39m'init(_:action:)' declared here[0;0m
[0;36m3 |[0;0m 

/Users/danielstevens/github-projects/tools-automation/MomentumFinance/Shared/Features/Transactions/TransactionRowView.swift:18:101: [1;31merror: [1;39mtype '_' cannot be used as a boolean; test for '!= 0' instead[0;0m
[0;36m16 |[0;0m 
[0;36m17 |[0;0m         var body: some View {
[0;36m18 |[0;0m             Button(action: self.onTapped).accessibilityLabel("Button").accessibilityLabel("Button") {
   [0;36m|[0;0m                                                                                                     `- [1;31merror: [1;39mtype '_' cannot be used as a boolean; test for '!= 0' instead[0;0m
[0;36m19 |[0;0m                 HStack {
[0;36m20 |[0;0m                     VStack(alignment: .leading) {

/Users/danielstevens/github-projects/tools-automation/MomentumFinance/Shared/Intelligence/AdvancedFinancialIntelligence.swift:44:19: [1;31merror: [1;39mcannot find type 'AIBudget' in scope[0;0m
 [0;36m42 |[0;0m         from transactions: [FinancialTransaction],
 [0;36m43 |[0;0m         accounts: [FinancialAccount],
 [0;36m44 |[0;0m         budgets: [[4;39mAIBudget[0;0m]
    [0;36m|[0;0m                   `- [1;31merror: [1;39mcannot find type 'AIBudget' in scope[0;0m
 [0;36m45 |[0;0m     ) async {
 [0;36m46 |[0;0m 

/Users/danielstevens/github-projects/tools-automation/MomentumFinance/Shared/Intelligence/AdvancedFinancialIntelligence.swift:79:24: [1;31merror: [1;39mcannot find type 'RiskTolerance' in scope[0;0m
 [0;36m77 |[0;0m     /// Get personalized investment recommendations
 [0;36m78 |[0;0m     public func getInvestmentRecommendations(
 [0;36m79 |[0;0m         riskTolerance: [4;39mRiskTolerance[0;0m,
    [0;36m|[0;0m                        `- [1;31merror: [1;39mcannot find type 'RiskTolerance' in scope[0;0m
 [0;36m80 |[0;0m         timeHorizon: TimeHorizon,
 [0;36m81 |[0;0m         currentPortfolio: [Investment]

/Users/danielstevens/github-projects/tools-automation/MomentumFinance/Shared/Intelligence/AdvancedFinancialIntelligence.swift:81:28: [1;31merror: [1;39mcannot find type 'Investment' in scope[0;0m
 [0;36m79 |[0;0m         riskTolerance: RiskTolerance,
 [0;36m80 |[0;0m         timeHorizon: TimeHorizon,
 [0;36m81 |[0;0m         currentPortfolio: [[4;39mInvestment[0;0m]
    [0;36m|[0;0m                            `- [1;31merror: [1;39mcannot find type 'Investment' in scope[0;0m
 [0;36m82 |[0;0m     ) -> [InvestmentRecommendation] {
 [0;36m83 |[0;0m         self.analyticsEngine.generateInvestmentRecommendations(

/Users/danielstevens/github-projects/tools-automation/MomentumFinance/Shared/Intelligence/AdvancedFinancialIntelligence.swift:216:21: [1;31merror: [1;39mcannot find type 'AIBudget' in scope[0;0m
[0;36m214 |[0;0m     private func analyzeBudgetPerformance(
[0;36m215 |[0;0m         _ transactions: [FinancialTransaction],
[0;36m216 |[0;0m         _ budgets: [[4;39mAIBudget[0;0m]
    [0;36m|[0;0m                     `- [1;31merror: [1;39mcannot find type 'AIBudget' in scope[0;0m
[0;36m217 |[0;0m     ) async -> [EnhancedFinancialInsight] {
[0;36m218 |[0;0m         var insights: [EnhancedFinancialInsight] = []

/Users/danielstevens/github-projects/tools-automation/MomentumFinance/Shared/Intelligence/AdvancedFinancialIntelligence.swift:372:73: [1;31merror: [1;39mcannot find type 'AIBudget' in scope[0;0m
[0;36m370 |[0;0m     }
[0;36m371 |[0;0m 
[0;36m372 |[0;0m     private func calculateSpentAmount(_: [FinancialTransaction], for _: [4;39mAIBudget[0;0m) -> Double {
    [0;36m|[0;0m                                                                         `- [1;31merror: [1;39mcannot find type 'AIBudget' in scope[0;0m
[0;36m373 |[0;0m 
[0;36m374 |[0;0m         // Implementation for calculating spent amount against budget

/Users/danielstevens/github-projects/tools-automation/MomentumFinance/Shared/Intelligence/AdvancedFinancialIntelligence.swift:555:30: [1;31merror: [1;39mcannot find type 'RiskTolerance' in scope[0;0m
[0;36m553 |[0;0m     private class FinancialAnalyticsEngine {
[0;36m554 |[0;0m         func generateInvestmentRecommendations(
[0;36m555 |[0;0m             riskTolerance _: [4;39mRiskTolerance[0;0m,
    [0;36m|[0;0m                              `- [1;31merror: [1;39mcannot find type 'RiskTolerance' in scope[0;0m
[0;36m556 |[0;0m             timeHorizon _: TimeHorizon,
[0;36m557 |[0;0m             currentPortfolio _: [Investment]

/Users/danielstevens/github-projects/tools-automation/MomentumFinance/Shared/Intelligence/AdvancedFinancialIntelligence.swift:557:34: [1;31merror: [1;39mcannot find type 'Investment' in scope[0;0m
[0;36m555 |[0;0m             riskTolerance _: RiskTolerance,
[0;36m556 |[0;0m             timeHorizon _: TimeHorizon,
[0;36m557 |[0;0m             currentPortfolio _: [[4;39mInvestment[0;0m]
    [0;36m|[0;0m                                  `- [1;31merror: [1;39mcannot find type 'Investment' in scope[0;0m
[0;36m558 |[0;0m         ) -> [InvestmentRecommendation] {
[0;36m559 |[0;0m             // Implementation would go here

/Users/danielstevens/github-projects/tools-automation/MomentumFinance/Shared/Intelligence/AdvancedFinancialIntelligence.swift:257:50: [1;31merror: [1;39mvalue of type 'FinancialAccount' has no member 'type'[0;0m
[0;36m255 |[0;0m         // Emergency fund assessment
[0;36m256 |[0;0m         let monthlyExpenses = self.calculateMonthlyExpenses(transactions)
[0;36m257 |[0;0m         let emergencyFund = accounts.filter { [4;39m$0[0;0m.[4;39mtype[0;0m == .savings }
    [0;36m|[0;0m                                                  `- [1;31merror: [1;39mvalue of type 'FinancialAccount' has no member 'type'[0;0m
[0;36m258 |[0;0m             .reduce(0) { $0 + $1.balance }
[0;36m259 |[0;0m         let monthsCovered = emergencyFund / monthlyExpenses

/Users/danielstevens/github-projects/tools-automation/MomentumFinance/Shared/Intelligence/AdvancedFinancialIntelligence.swift:257:59: [1;31merror: [1;39mcannot infer contextual base in reference to member 'savings'[0;0m
[0;36m255 |[0;0m         // Emergency fund assessment
[0;36m256 |[0;0m         let monthlyExpenses = self.calculateMonthlyExpenses(transactions)
[0;36m257 |[0;0m         let emergencyFund = accounts.filter { $0.type == [4;39m.savings[0;0m }
    [0;36m|[0;0m                                                           `- [1;31merror: [1;39mcannot infer contextual base in reference to member 'savings'[0;0m
[0;36m258 |[0;0m             .reduce(0) { $0 + $1.balance }
[0;36m259 |[0;0m         let monthsCovered = emergencyFund / monthlyExpenses

/Users/danielstevens/github-projects/tools-automation/MomentumFinance/Shared/Intelligence/AdvancedFinancialIntelligence.swift:266:50: [1;31merror: [1;39mincorrect argument label in call (have '_:specifier:', expected '_:default:')[0;0m
[0;36m264 |[0;0m                     title: "Emergency Fund Below Recommended Level",
[0;36m265 |[0;0m                     description:
[0;36m266 |[0;0m                     "Your emergency fund covers \(monthsCovered, specifier: "%.1f") months of expenses. Experts recommend 3-6 months.",
    [0;36m|[0;0m                                                  `- [1;31merror: [1;39mincorrect argument label in call (have '_:specifier:', expected '_:default:')[0;0m
[0;36m267 |[0;0m                     priority: monthsCovered < 1 ? .critical : .high,
[0;36m268 |[0;0m                     type: .riskAlert,
[102/148] Compiling Shared TransactionsHeaderSection.swift
/Users/danielstevens/github-projects/tools-automation/MomentumFinance/Shared/Intelligence/AdvancedFinancialIntelligence.swift:580:1: [1;31merror: [1;39mexpected '}' in class[0;0m
 [0;36m15 |[0;0m /// Provides predictive analytics, risk assessment, and smart recommendations
 [0;36m16 |[0;0m @MainActor
 [0;36m17 |[0;0m public class AdvancedFinancialIntelligence: ObservableObject {
    [0;36m|[0;0m                                                              `- [1;39mnote: [1;39mto match this opening '{'[0;0m
 [0;36m18 |[0;0m     // MARK: - Published Properties
 [0;36m19 |[0;0m 
    [0;36m:[0;0m
[0;36m578 |[0;0m     // Implementation would go here
[0;36m579 |[0;0m }
[0;36m580 |[0;0m 
    [0;36m|[0;0m `- [1;31merror: [1;39mexpected '}' in class[0;0m

/Users/danielstevens/github-projects/tools-automation/MomentumFinance/Shared/Features/Transactions/TransactionComponents.swift:4:15: [1;31merror: [1;39minvalid redeclaration of 'TransactionEmptyStateView'[0;0m
  [0;36m2 |[0;0m import SwiftUI
  [0;36m3 |[0;0m 
  [0;36m4 |[0;0m public struct TransactionEmptyStateView: View {
    [0;36m|[0;0m               `- [1;31merror: [1;39minvalid redeclaration of 'TransactionEmptyStateView'[0;0m
  [0;36m5 |[0;0m     let searchText: String
  [0;36m6 |[0;0m     let onAddTransaction: () -> Void

/Users/danielstevens/github-projects/tools-automation/MomentumFinance/Shared/Features/Transactions/TransactionComponents.swift:50:15: [1;31merror: [1;39minvalid redeclaration of 'TransactionListView'[0;0m
 [0;36m48 |[0;0m }
 [0;36m49 |[0;0m 
 [0;36m50 |[0;0m public struct TransactionListView: View {
    [0;36m|[0;0m               `- [1;31merror: [1;39minvalid redeclaration of 'TransactionListView'[0;0m
 [0;36m51 |[0;0m     let transactions: [FinancialTransaction]
 [0;36m52 |[0;0m     let onTransactionTapped: (FinancialTransaction) -> Void

/Users/danielstevens/github-projects/tools-automation/MomentumFinance/Shared/Features/Transactions/TransactionComponents.swift:85:15: [1;31merror: [1;39minvalid redeclaration of 'TransactionRowView'[0;0m
 [0;36m83 |[0;0m }
 [0;36m84 |[0;0m 
 [0;36m85 |[0;0m public struct TransactionRowView: View {
    [0;36m|[0;0m               `- [1;31merror: [1;39minvalid redeclaration of 'TransactionRowView'[0;0m
 [0;36m86 |[0;0m     let transaction: FinancialTransaction
 [0;36m87 |[0;0m     let onTap: () -> Void

/Users/danielstevens/github-projects/tools-automation/MomentumFinance/Shared/Features/Transactions/TransactionComponents.swift:109:15: [1;31merror: [1;39minvalid redeclaration of 'AddTransactionView'[0;0m
[0;36m107 |[0;0m }
[0;36m108 |[0;0m 
[0;36m109 |[0;0m public struct AddTransactionView: View {
    [0;36m|[0;0m               `- [1;31merror: [1;39minvalid redeclaration of 'AddTransactionView'[0;0m
[0;36m110 |[0;0m     let categories: [ExpenseCategory]
[0;36m111 |[0;0m     let accounts: [FinancialAccount]

/Users/danielstevens/github-projects/tools-automation/MomentumFinance/Shared/Features/Transactions/TransactionComponents.swift:190:15: [1;31merror: [1;39minvalid redeclaration of 'TransactionDetailView'[0;0m
[0;36m188 |[0;0m }
[0;36m189 |[0;0m 
[0;36m190 |[0;0m public struct TransactionDetailView: View {
    [0;36m|[0;0m               `- [1;31merror: [1;39minvalid redeclaration of 'TransactionDetailView'[0;0m
[0;36m191 |[0;0m     let transaction: FinancialTransaction
[0;36m192 |[0;0m     public init(transaction: FinancialTransaction) { self.transaction = transaction }

/Users/danielstevens/github-projects/tools-automation/MomentumFinance/Shared/Features/Transactions/TransactionComponents.swift:225:15: [1;31merror: [1;39minvalid redeclaration of 'TransactionStatsCard'[0;0m
[0;36m223 |[0;0m }
[0;36m224 |[0;0m 
[0;36m225 |[0;0m public struct TransactionStatsCard: View {
    [0;36m|[0;0m               `- [1;31merror: [1;39minvalid redeclaration of 'TransactionStatsCard'[0;0m
[0;36m226 |[0;0m     let transactions: [FinancialTransaction]
[0;36m227 |[0;0m     public init(transactions: [FinancialTransaction]) { self.transactions = transactions }

/Users/danielstevens/github-projects/tools-automation/MomentumFinance/Shared/Features/Transactions/TransactionComponents.swift:261:15: [1;31merror: [1;39minvalid redeclaration of 'SearchAndFilterSection'[0;0m
[0;36m259 |[0;0m }
[0;36m260 |[0;0m 
[0;36m261 |[0;0m public struct SearchAndFilterSection: View {
    [0;36m|[0;0m               `- [1;31merror: [1;39minvalid redeclaration of 'SearchAndFilterSection'[0;0m
[0;36m262 |[0;0m     @Binding var searchText: String
[0;36m263 |[0;0m     @Binding var selectedFilter: TransactionFilter

/Users/danielstevens/github-projects/tools-automation/MomentumFinance/Shared/Features/Transactions/TransactionDetailView.swift:56:26: [1;31merror: [1;39mtrailing closure passed to parameter of type 'Visibility' that does not accept a closure[0;0m
[0;36m54 |[0;0m                 }
[0;36m55 |[0;0m                 .navigationTitle("Transaction Details")
[0;36m56 |[0;0m                 .toolbar [4;39m{[0;0m
   [0;36m|[0;0m                          `- [1;31merror: [1;39mtrailing closure passed to parameter of type 'Visibility' that does not accept a closure[0;0m
[0;36m57 |[0;0m                     ToolbarItem(placement: .primaryAction) {
[0;36m58 |[0;0m                         Button("Done").accessibilityLabel("Button").accessibilityLabel("Button") {

SwiftUI.View.toolbar:6:27: [1;39mnote: [1;39m'toolbar(_:for:)' declared here[0;0m
[0;36m4 |[0;0m   @available(tvOS, introduced: 16.0, deprecated: 100000.0, renamed: "toolbarVisibility(_:for:)")
[0;36m5 |[0;0m   @available(watchOS, introduced: 9.0, deprecated: 100000.0, renamed: "toolbarVisibility(_:for:)")
[0;36m6 |[0;0m   nonisolated public func toolbar(_ visibility: Visibility, for bars: ToolbarPlacement...) -> some View
  [0;36m|[0;0m                           `- [1;39mnote: [1;39m'toolbar(_:for:)' declared here[0;0m
[0;36m7 |[0;0m   }
[0;36m8 |[0;0m 

/Users/danielstevens/github-projects/tools-automation/MomentumFinance/Shared/Features/Transactions/TransactionEmptyStateView.swift:39:28: [1;31merror: [1;39mcannot convert value of type 'String' to expected argument type 'PrimitiveButtonStyleConfiguration'[0;0m
[0;36m37 |[0;0m 
[0;36m38 |[0;0m                 if self.searchText.isEmpty {
[0;36m39 |[0;0m                     Button("Add Transaction").accessibilityLabel("Button").accessibilityLabel("Button") {
   [0;36m|[0;0m                            `- [1;31merror: [1;39mcannot convert value of type 'String' to expected argument type 'PrimitiveButtonStyleConfiguration'[0;0m
[0;36m40 |[0;0m                         self.onAddTransaction()
[0;36m41 |[0;0m                     }

/Users/danielstevens/github-projects/tools-automation/MomentumFinance/Shared/Features/Transactions/TransactionEmptyStateView.swift:39:105: [1;31merror: [1;39mtype '_' cannot be used as a boolean; test for '!= 0' instead[0;0m
[0;36m37 |[0;0m 
[0;36m38 |[0;0m                 if self.searchText.isEmpty {
[0;36m39 |[0;0m                     Button("Add Transaction").accessibilityLabel("Button").accessibilityLabel("Button") {
   [0;36m|[0;0m                                                                                                         `- [1;31merror: [1;39mtype '_' cannot be used as a boolean; test for '!= 0' instead[0;0m
[0;36m40 |[0;0m                         self.onAddTransaction()
[0;36m41 |[0;0m                     }

/Users/danielstevens/github-projects/tools-automation/MomentumFinance/Shared/Features/Transactions/TransactionListView.swift:28:29: [1;31merror: [1;39mthe compiler is unable to type-check this expression in reasonable time; try breaking up the expression into distinct sub-expressions[0;0m
[0;36m26 |[0;0m         }
[0;36m27 |[0;0m 
[0;36m28 |[0;0m         var body: some View [4;39m{[0;0m
   [0;36m|[0;0m                             `- [1;31merror: [1;39mthe compiler is unable to type-check this expression in reasonable time; try breaking up the expression into distinct sub-expressions[0;0m
[0;36m29 |[0;0m             List {
[0;36m30 |[0;0m                 ForEach(Array(self.groupedTransactions.enumerated()), id: \.element.key) { _, group in

/Users/danielstevens/github-projects/tools-automation/MomentumFinance/Shared/Features/Transactions/TransactionRowView.swift:18:20: [1;31merror: [1;39mmissing argument for parameter #1 in call[0;0m
[0;36m16 |[0;0m 
[0;36m17 |[0;0m         var body: some View {
[0;36m18 |[0;0m             Button(action: self.onTapped).accessibilityLabel("Button").accessibilityLabel("Button") {
   [0;36m|[0;0m                    `- [1;31merror: [1;39mmissing argument for parameter #1 in call[0;0m
[0;36m19 |[0;0m                 HStack {
[0;36m20 |[0;0m                     VStack(alignment: .leading) {

SwiftUI.Button.init:2:36: [1;39mnote: [1;39m'init(_:action:)' declared here[0;0m
[0;36m1 |[0;0m generic struct Button {
[0;36m2 |[0;0m @preconcurrency nonisolated public init(_ titleKey: LocalizedStringKey, action: @escaping @MainActor () -> Void)}
  [0;36m|[0;0m                                    `- [1;39mnote: [1;39m'init(_:action:)' declared here[0;0m
[0;36m3 |[0;0m 

/Users/danielstevens/github-projects/tools-automation/MomentumFinance/Shared/Features/Transactions/TransactionRowView.swift:18:101: [1;31merror: [1;39mtype '_' cannot be used as a boolean; test for '!= 0' instead[0;0m
[0;36m16 |[0;0m 
[0;36m17 |[0;0m         var body: some View {
[0;36m18 |[0;0m             Button(action: self.onTapped).accessibilityLabel("Button").accessibilityLabel("Button") {
   [0;36m|[0;0m                                                                                                     `- [1;31merror: [1;39mtype '_' cannot be used as a boolean; test for '!= 0' instead[0;0m
[0;36m19 |[0;0m                 HStack {
[0;36m20 |[0;0m                     VStack(alignment: .leading) {

/Users/danielstevens/github-projects/tools-automation/MomentumFinance/Shared/Intelligence/AdvancedFinancialIntelligence.swift:44:19: [1;31merror: [1;39mcannot find type 'AIBudget' in scope[0;0m
 [0;36m42 |[0;0m         from transactions: [FinancialTransaction],
 [0;36m43 |[0;0m         accounts: [FinancialAccount],
 [0;36m44 |[0;0m         budgets: [[4;39mAIBudget[0;0m]
    [0;36m|[0;0m                   `- [1;31merror: [1;39mcannot find type 'AIBudget' in scope[0;0m
 [0;36m45 |[0;0m     ) async {
 [0;36m46 |[0;0m 

/Users/danielstevens/github-projects/tools-automation/MomentumFinance/Shared/Intelligence/AdvancedFinancialIntelligence.swift:79:24: [1;31merror: [1;39mcannot find type 'RiskTolerance' in scope[0;0m
 [0;36m77 |[0;0m     /// Get personalized investment recommendations
 [0;36m78 |[0;0m     public func getInvestmentRecommendations(
 [0;36m79 |[0;0m         riskTolerance: [4;39mRiskTolerance[0;0m,
    [0;36m|[0;0m                        `- [1;31merror: [1;39mcannot find type 'RiskTolerance' in scope[0;0m
 [0;36m80 |[0;0m         timeHorizon: TimeHorizon,
 [0;36m81 |[0;0m         currentPortfolio: [Investment]

/Users/danielstevens/github-projects/tools-automation/MomentumFinance/Shared/Intelligence/AdvancedFinancialIntelligence.swift:81:28: [1;31merror: [1;39mcannot find type 'Investment' in scope[0;0m
 [0;36m79 |[0;0m         riskTolerance: RiskTolerance,
 [0;36m80 |[0;0m         timeHorizon: TimeHorizon,
 [0;36m81 |[0;0m         currentPortfolio: [[4;39mInvestment[0;0m]
    [0;36m|[0;0m                            `- [1;31merror: [1;39mcannot find type 'Investment' in scope[0;0m
 [0;36m82 |[0;0m     ) -> [InvestmentRecommendation] {
 [0;36m83 |[0;0m         self.analyticsEngine.generateInvestmentRecommendations(

/Users/danielstevens/github-projects/tools-automation/MomentumFinance/Shared/Intelligence/AdvancedFinancialIntelligence.swift:216:21: [1;31merror: [1;39mcannot find type 'AIBudget' in scope[0;0m
[0;36m214 |[0;0m     private func analyzeBudgetPerformance(
[0;36m215 |[0;0m         _ transactions: [FinancialTransaction],
[0;36m216 |[0;0m         _ budgets: [[4;39mAIBudget[0;0m]
    [0;36m|[0;0m                     `- [1;31merror: [1;39mcannot find type 'AIBudget' in scope[0;0m
[0;36m217 |[0;0m     ) async -> [EnhancedFinancialInsight] {
[0;36m218 |[0;0m         var insights: [EnhancedFinancialInsight] = []

/Users/danielstevens/github-projects/tools-automation/MomentumFinance/Shared/Intelligence/AdvancedFinancialIntelligence.swift:372:73: [1;31merror: [1;39mcannot find type 'AIBudget' in scope[0;0m
[0;36m370 |[0;0m     }
[0;36m371 |[0;0m 
[0;36m372 |[0;0m     private func calculateSpentAmount(_: [FinancialTransaction], for _: [4;39mAIBudget[0;0m) -> Double {
    [0;36m|[0;0m                                                                         `- [1;31merror: [1;39mcannot find type 'AIBudget' in scope[0;0m
[0;36m373 |[0;0m 
[0;36m374 |[0;0m         // Implementation for calculating spent amount against budget

/Users/danielstevens/github-projects/tools-automation/MomentumFinance/Shared/Intelligence/AdvancedFinancialIntelligence.swift:555:30: [1;31merror: [1;39mcannot find type 'RiskTolerance' in scope[0;0m
[0;36m553 |[0;0m     private class FinancialAnalyticsEngine {
[0;36m554 |[0;0m         func generateInvestmentRecommendations(
[0;36m555 |[0;0m             riskTolerance _: [4;39mRiskTolerance[0;0m,
    [0;36m|[0;0m                              `- [1;31merror: [1;39mcannot find type 'RiskTolerance' in scope[0;0m
[0;36m556 |[0;0m             timeHorizon _: TimeHorizon,
[0;36m557 |[0;0m             currentPortfolio _: [Investment]

/Users/danielstevens/github-projects/tools-automation/MomentumFinance/Shared/Intelligence/AdvancedFinancialIntelligence.swift:557:34: [1;31merror: [1;39mcannot find type 'Investment' in scope[0;0m
[0;36m555 |[0;0m             riskTolerance _: RiskTolerance,
[0;36m556 |[0;0m             timeHorizon _: TimeHorizon,
[0;36m557 |[0;0m             currentPortfolio _: [[4;39mInvestment[0;0m]
    [0;36m|[0;0m                                  `- [1;31merror: [1;39mcannot find type 'Investment' in scope[0;0m
[0;36m558 |[0;0m         ) -> [InvestmentRecommendation] {
[0;36m559 |[0;0m             // Implementation would go here

/Users/danielstevens/github-projects/tools-automation/MomentumFinance/Shared/Intelligence/AdvancedFinancialIntelligence.swift:257:50: [1;31merror: [1;39mvalue of type 'FinancialAccount' has no member 'type'[0;0m
[0;36m255 |[0;0m         // Emergency fund assessment
[0;36m256 |[0;0m         let monthlyExpenses = self.calculateMonthlyExpenses(transactions)
[0;36m257 |[0;0m         let emergencyFund = accounts.filter { [4;39m$0[0;0m.[4;39mtype[0;0m == .savings }
    [0;36m|[0;0m                                                  `- [1;31merror: [1;39mvalue of type 'FinancialAccount' has no member 'type'[0;0m
[0;36m258 |[0;0m             .reduce(0) { $0 + $1.balance }
[0;36m259 |[0;0m         let monthsCovered = emergencyFund / monthlyExpenses

/Users/danielstevens/github-projects/tools-automation/MomentumFinance/Shared/Intelligence/AdvancedFinancialIntelligence.swift:257:59: [1;31merror: [1;39mcannot infer contextual base in reference to member 'savings'[0;0m
[0;36m255 |[0;0m         // Emergency fund assessment
[0;36m256 |[0;0m         let monthlyExpenses = self.calculateMonthlyExpenses(transactions)
[0;36m257 |[0;0m         let emergencyFund = accounts.filter { $0.type == [4;39m.savings[0;0m }
    [0;36m|[0;0m                                                           `- [1;31merror: [1;39mcannot infer contextual base in reference to member 'savings'[0;0m
[0;36m258 |[0;0m             .reduce(0) { $0 + $1.balance }
[0;36m259 |[0;0m         let monthsCovered = emergencyFund / monthlyExpenses

/Users/danielstevens/github-projects/tools-automation/MomentumFinance/Shared/Intelligence/AdvancedFinancialIntelligence.swift:266:50: [1;31merror: [1;39mincorrect argument label in call (have '_:specifier:', expected '_:default:')[0;0m
[0;36m264 |[0;0m                     title: "Emergency Fund Below Recommended Level",
[0;36m265 |[0;0m                     description:
[0;36m266 |[0;0m                     "Your emergency fund covers \(monthsCovered, specifier: "%.1f") months of expenses. Experts recommend 3-6 months.",
    [0;36m|[0;0m                                                  `- [1;31merror: [1;39mincorrect argument label in call (have '_:specifier:', expected '_:default:')[0;0m
[0;36m267 |[0;0m                     priority: monthsCovered < 1 ? .critical : .high,
[0;36m268 |[0;0m                     type: .riskAlert,
[103/148] Compiling Shared TransactionsView.swift
/Users/danielstevens/github-projects/tools-automation/MomentumFinance/Shared/Intelligence/AdvancedFinancialIntelligence.swift:580:1: [1;31merror: [1;39mexpected '}' in class[0;0m
 [0;36m15 |[0;0m /// Provides predictive analytics, risk assessment, and smart recommendations
 [0;36m16 |[0;0m @MainActor
 [0;36m17 |[0;0m public class AdvancedFinancialIntelligence: ObservableObject {
    [0;36m|[0;0m                                                              `- [1;39mnote: [1;39mto match this opening '{'[0;0m
 [0;36m18 |[0;0m     // MARK: - Published Properties
 [0;36m19 |[0;0m 
    [0;36m:[0;0m
[0;36m578 |[0;0m     // Implementation would go here
[0;36m579 |[0;0m }
[0;36m580 |[0;0m 
    [0;36m|[0;0m `- [1;31merror: [1;39mexpected '}' in class[0;0m

/Users/danielstevens/github-projects/tools-automation/MomentumFinance/Shared/Features/Transactions/TransactionComponents.swift:4:15: [1;31merror: [1;39minvalid redeclaration of 'TransactionEmptyStateView'[0;0m
  [0;36m2 |[0;0m import SwiftUI
  [0;36m3 |[0;0m 
  [0;36m4 |[0;0m public struct TransactionEmptyStateView: View {
    [0;36m|[0;0m               `- [1;31merror: [1;39minvalid redeclaration of 'TransactionEmptyStateView'[0;0m
  [0;36m5 |[0;0m     let searchText: String
  [0;36m6 |[0;0m     let onAddTransaction: () -> Void

/Users/danielstevens/github-projects/tools-automation/MomentumFinance/Shared/Features/Transactions/TransactionComponents.swift:50:15: [1;31merror: [1;39minvalid redeclaration of 'TransactionListView'[0;0m
 [0;36m48 |[0;0m }
 [0;36m49 |[0;0m 
 [0;36m50 |[0;0m public struct TransactionListView: View {
    [0;36m|[0;0m               `- [1;31merror: [1;39minvalid redeclaration of 'TransactionListView'[0;0m
 [0;36m51 |[0;0m     let transactions: [FinancialTransaction]
 [0;36m52 |[0;0m     let onTransactionTapped: (FinancialTransaction) -> Void

/Users/danielstevens/github-projects/tools-automation/MomentumFinance/Shared/Features/Transactions/TransactionComponents.swift:85:15: [1;31merror: [1;39minvalid redeclaration of 'TransactionRowView'[0;0m
 [0;36m83 |[0;0m }
 [0;36m84 |[0;0m 
 [0;36m85 |[0;0m public struct TransactionRowView: View {
    [0;36m|[0;0m               `- [1;31merror: [1;39minvalid redeclaration of 'TransactionRowView'[0;0m
 [0;36m86 |[0;0m     let transaction: FinancialTransaction
 [0;36m87 |[0;0m     let onTap: () -> Void

/Users/danielstevens/github-projects/tools-automation/MomentumFinance/Shared/Features/Transactions/TransactionComponents.swift:109:15: [1;31merror: [1;39minvalid redeclaration of 'AddTransactionView'[0;0m
[0;36m107 |[0;0m }
[0;36m108 |[0;0m 
[0;36m109 |[0;0m public struct AddTransactionView: View {
    [0;36m|[0;0m               `- [1;31merror: [1;39minvalid redeclaration of 'AddTransactionView'[0;0m
[0;36m110 |[0;0m     let categories: [ExpenseCategory]
[0;36m111 |[0;0m     let accounts: [FinancialAccount]

/Users/danielstevens/github-projects/tools-automation/MomentumFinance/Shared/Features/Transactions/TransactionComponents.swift:190:15: [1;31merror: [1;39minvalid redeclaration of 'TransactionDetailView'[0;0m
[0;36m188 |[0;0m }
[0;36m189 |[0;0m 
[0;36m190 |[0;0m public struct TransactionDetailView: View {
    [0;36m|[0;0m               `- [1;31merror: [1;39minvalid redeclaration of 'TransactionDetailView'[0;0m
[0;36m191 |[0;0m     let transaction: FinancialTransaction
[0;36m192 |[0;0m     public init(transaction: FinancialTransaction) { self.transaction = transaction }

/Users/danielstevens/github-projects/tools-automation/MomentumFinance/Shared/Features/Transactions/TransactionComponents.swift:225:15: [1;31merror: [1;39minvalid redeclaration of 'TransactionStatsCard'[0;0m
[0;36m223 |[0;0m }
[0;36m224 |[0;0m 
[0;36m225 |[0;0m public struct TransactionStatsCard: View {
    [0;36m|[0;0m               `- [1;31merror: [1;39minvalid redeclaration of 'TransactionStatsCard'[0;0m
[0;36m226 |[0;0m     let transactions: [FinancialTransaction]
[0;36m227 |[0;0m     public init(transactions: [FinancialTransaction]) { self.transactions = transactions }

/Users/danielstevens/github-projects/tools-automation/MomentumFinance/Shared/Features/Transactions/TransactionComponents.swift:261:15: [1;31merror: [1;39minvalid redeclaration of 'SearchAndFilterSection'[0;0m
[0;36m259 |[0;0m }
[0;36m260 |[0;0m 
[0;36m261 |[0;0m public struct SearchAndFilterSection: View {
    [0;36m|[0;0m               `- [1;31merror: [1;39minvalid redeclaration of 'SearchAndFilterSection'[0;0m
[0;36m262 |[0;0m     @Binding var searchText: String
[0;36m263 |[0;0m     @Binding var selectedFilter: TransactionFilter

/Users/danielstevens/github-projects/tools-automation/MomentumFinance/Shared/Features/Transactions/TransactionDetailView.swift:56:26: [1;31merror: [1;39mtrailing closure passed to parameter of type 'Visibility' that does not accept a closure[0;0m
[0;36m54 |[0;0m                 }
[0;36m55 |[0;0m                 .navigationTitle("Transaction Details")
[0;36m56 |[0;0m                 .toolbar [4;39m{[0;0m
   [0;36m|[0;0m                          `- [1;31merror: [1;39mtrailing closure passed to parameter of type 'Visibility' that does not accept a closure[0;0m
[0;36m57 |[0;0m                     ToolbarItem(placement: .primaryAction) {
[0;36m58 |[0;0m                         Button("Done").accessibilityLabel("Button").accessibilityLabel("Button") {

SwiftUI.View.toolbar:6:27: [1;39mnote: [1;39m'toolbar(_:for:)' declared here[0;0m
[0;36m4 |[0;0m   @available(tvOS, introduced: 16.0, deprecated: 100000.0, renamed: "toolbarVisibility(_:for:)")
[0;36m5 |[0;0m   @available(watchOS, introduced: 9.0, deprecated: 100000.0, renamed: "toolbarVisibility(_:for:)")
[0;36m6 |[0;0m   nonisolated public func toolbar(_ visibility: Visibility, for bars: ToolbarPlacement...) -> some View
  [0;36m|[0;0m                           `- [1;39mnote: [1;39m'toolbar(_:for:)' declared here[0;0m
[0;36m7 |[0;0m   }
[0;36m8 |[0;0m 

/Users/danielstevens/github-projects/tools-automation/MomentumFinance/Shared/Features/Transactions/TransactionEmptyStateView.swift:39:28: [1;31merror: [1;39mcannot convert value of type 'String' to expected argument type 'PrimitiveButtonStyleConfiguration'[0;0m
[0;36m37 |[0;0m 
[0;36m38 |[0;0m                 if self.searchText.isEmpty {
[0;36m39 |[0;0m                     Button("Add Transaction").accessibilityLabel("Button").accessibilityLabel("Button") {
   [0;36m|[0;0m                            `- [1;31merror: [1;39mcannot convert value of type 'String' to expected argument type 'PrimitiveButtonStyleConfiguration'[0;0m
[0;36m40 |[0;0m                         self.onAddTransaction()
[0;36m41 |[0;0m                     }

/Users/danielstevens/github-projects/tools-automation/MomentumFinance/Shared/Features/Transactions/TransactionEmptyStateView.swift:39:105: [1;31merror: [1;39mtype '_' cannot be used as a boolean; test for '!= 0' instead[0;0m
[0;36m37 |[0;0m 
[0;36m38 |[0;0m                 if self.searchText.isEmpty {
[0;36m39 |[0;0m                     Button("Add Transaction").accessibilityLabel("Button").accessibilityLabel("Button") {
   [0;36m|[0;0m                                                                                                         `- [1;31merror: [1;39mtype '_' cannot be used as a boolean; test for '!= 0' instead[0;0m
[0;36m40 |[0;0m                         self.onAddTransaction()
[0;36m41 |[0;0m                     }

/Users/danielstevens/github-projects/tools-automation/MomentumFinance/Shared/Features/Transactions/TransactionListView.swift:28:29: [1;31merror: [1;39mthe compiler is unable to type-check this expression in reasonable time; try breaking up the expression into distinct sub-expressions[0;0m
[0;36m26 |[0;0m         }
[0;36m27 |[0;0m 
[0;36m28 |[0;0m         var body: some View [4;39m{[0;0m
   [0;36m|[0;0m                             `- [1;31merror: [1;39mthe compiler is unable to type-check this expression in reasonable time; try breaking up the expression into distinct sub-expressions[0;0m
[0;36m29 |[0;0m             List {
[0;36m30 |[0;0m                 ForEach(Array(self.groupedTransactions.enumerated()), id: \.element.key) { _, group in

/Users/danielstevens/github-projects/tools-automation/MomentumFinance/Shared/Features/Transactions/TransactionRowView.swift:18:20: [1;31merror: [1;39mmissing argument for parameter #1 in call[0;0m
[0;36m16 |[0;0m 
[0;36m17 |[0;0m         var body: some View {
[0;36m18 |[0;0m             Button(action: self.onTapped).accessibilityLabel("Button").accessibilityLabel("Button") {
   [0;36m|[0;0m                    `- [1;31merror: [1;39mmissing argument for parameter #1 in call[0;0m
[0;36m19 |[0;0m                 HStack {
[0;36m20 |[0;0m                     VStack(alignment: .leading) {

SwiftUI.Button.init:2:36: [1;39mnote: [1;39m'init(_:action:)' declared here[0;0m
[0;36m1 |[0;0m generic struct Button {
[0;36m2 |[0;0m @preconcurrency nonisolated public init(_ titleKey: LocalizedStringKey, action: @escaping @MainActor () -> Void)}
  [0;36m|[0;0m                                    `- [1;39mnote: [1;39m'init(_:action:)' declared here[0;0m
[0;36m3 |[0;0m 

/Users/danielstevens/github-projects/tools-automation/MomentumFinance/Shared/Features/Transactions/TransactionRowView.swift:18:101: [1;31merror: [1;39mtype '_' cannot be used as a boolean; test for '!= 0' instead[0;0m
[0;36m16 |[0;0m 
[0;36m17 |[0;0m         var body: some View {
[0;36m18 |[0;0m             Button(action: self.onTapped).accessibilityLabel("Button").accessibilityLabel("Button") {
   [0;36m|[0;0m                                                                                                     `- [1;31merror: [1;39mtype '_' cannot be used as a boolean; test for '!= 0' instead[0;0m
[0;36m19 |[0;0m                 HStack {
[0;36m20 |[0;0m                     VStack(alignment: .leading) {

/Users/danielstevens/github-projects/tools-automation/MomentumFinance/Shared/Intelligence/AdvancedFinancialIntelligence.swift:44:19: [1;31merror: [1;39mcannot find type 'AIBudget' in scope[0;0m
 [0;36m42 |[0;0m         from transactions: [FinancialTransaction],
 [0;36m43 |[0;0m         accounts: [FinancialAccount],
 [0;36m44 |[0;0m         budgets: [[4;39mAIBudget[0;0m]
    [0;36m|[0;0m                   `- [1;31merror: [1;39mcannot find type 'AIBudget' in scope[0;0m
 [0;36m45 |[0;0m     ) async {
 [0;36m46 |[0;0m 

/Users/danielstevens/github-projects/tools-automation/MomentumFinance/Shared/Intelligence/AdvancedFinancialIntelligence.swift:79:24: [1;31merror: [1;39mcannot find type 'RiskTolerance' in scope[0;0m
 [0;36m77 |[0;0m     /// Get personalized investment recommendations
 [0;36m78 |[0;0m     public func getInvestmentRecommendations(
 [0;36m79 |[0;0m         riskTolerance: [4;39mRiskTolerance[0;0m,
    [0;36m|[0;0m                        `- [1;31merror: [1;39mcannot find type 'RiskTolerance' in scope[0;0m
 [0;36m80 |[0;0m         timeHorizon: TimeHorizon,
 [0;36m81 |[0;0m         currentPortfolio: [Investment]

/Users/danielstevens/github-projects/tools-automation/MomentumFinance/Shared/Intelligence/AdvancedFinancialIntelligence.swift:81:28: [1;31merror: [1;39mcannot find type 'Investment' in scope[0;0m
 [0;36m79 |[0;0m         riskTolerance: RiskTolerance,
 [0;36m80 |[0;0m         timeHorizon: TimeHorizon,
 [0;36m81 |[0;0m         currentPortfolio: [[4;39mInvestment[0;0m]
    [0;36m|[0;0m                            `- [1;31merror: [1;39mcannot find type 'Investment' in scope[0;0m
 [0;36m82 |[0;0m     ) -> [InvestmentRecommendation] {
 [0;36m83 |[0;0m         self.analyticsEngine.generateInvestmentRecommendations(

/Users/danielstevens/github-projects/tools-automation/MomentumFinance/Shared/Intelligence/AdvancedFinancialIntelligence.swift:216:21: [1;31merror: [1;39mcannot find type 'AIBudget' in scope[0;0m
[0;36m214 |[0;0m     private func analyzeBudgetPerformance(
[0;36m215 |[0;0m         _ transactions: [FinancialTransaction],
[0;36m216 |[0;0m         _ budgets: [[4;39mAIBudget[0;0m]
    [0;36m|[0;0m                     `- [1;31merror: [1;39mcannot find type 'AIBudget' in scope[0;0m
[0;36m217 |[0;0m     ) async -> [EnhancedFinancialInsight] {
[0;36m218 |[0;0m         var insights: [EnhancedFinancialInsight] = []

/Users/danielstevens/github-projects/tools-automation/MomentumFinance/Shared/Intelligence/AdvancedFinancialIntelligence.swift:372:73: [1;31merror: [1;39mcannot find type 'AIBudget' in scope[0;0m
[0;36m370 |[0;0m     }
[0;36m371 |[0;0m 
[0;36m372 |[0;0m     private func calculateSpentAmount(_: [FinancialTransaction], for _: [4;39mAIBudget[0;0m) -> Double {
    [0;36m|[0;0m                                                                         `- [1;31merror: [1;39mcannot find type 'AIBudget' in scope[0;0m
[0;36m373 |[0;0m 
[0;36m374 |[0;0m         // Implementation for calculating spent amount against budget

/Users/danielstevens/github-projects/tools-automation/MomentumFinance/Shared/Intelligence/AdvancedFinancialIntelligence.swift:555:30: [1;31merror: [1;39mcannot find type 'RiskTolerance' in scope[0;0m
[0;36m553 |[0;0m     private class FinancialAnalyticsEngine {
[0;36m554 |[0;0m         func generateInvestmentRecommendations(
[0;36m555 |[0;0m             riskTolerance _: [4;39mRiskTolerance[0;0m,
    [0;36m|[0;0m                              `- [1;31merror: [1;39mcannot find type 'RiskTolerance' in scope[0;0m
[0;36m556 |[0;0m             timeHorizon _: TimeHorizon,
[0;36m557 |[0;0m             currentPortfolio _: [Investment]

/Users/danielstevens/github-projects/tools-automation/MomentumFinance/Shared/Intelligence/AdvancedFinancialIntelligence.swift:557:34: [1;31merror: [1;39mcannot find type 'Investment' in scope[0;0m
[0;36m555 |[0;0m             riskTolerance _: RiskTolerance,
[0;36m556 |[0;0m             timeHorizon _: TimeHorizon,
[0;36m557 |[0;0m             currentPortfolio _: [[4;39mInvestment[0;0m]
    [0;36m|[0;0m                                  `- [1;31merror: [1;39mcannot find type 'Investment' in scope[0;0m
[0;36m558 |[0;0m         ) -> [InvestmentRecommendation] {
[0;36m559 |[0;0m             // Implementation would go here

/Users/danielstevens/github-projects/tools-automation/MomentumFinance/Shared/Intelligence/AdvancedFinancialIntelligence.swift:257:50: [1;31merror: [1;39mvalue of type 'FinancialAccount' has no member 'type'[0;0m
[0;36m255 |[0;0m         // Emergency fund assessment
[0;36m256 |[0;0m         let monthlyExpenses = self.calculateMonthlyExpenses(transactions)
[0;36m257 |[0;0m         let emergencyFund = accounts.filter { [4;39m$0[0;0m.[4;39mtype[0;0m == .savings }
    [0;36m|[0;0m                                                  `- [1;31merror: [1;39mvalue of type 'FinancialAccount' has no member 'type'[0;0m
[0;36m258 |[0;0m             .reduce(0) { $0 + $1.balance }
[0;36m259 |[0;0m         let monthsCovered = emergencyFund / monthlyExpenses

/Users/danielstevens/github-projects/tools-automation/MomentumFinance/Shared/Intelligence/AdvancedFinancialIntelligence.swift:257:59: [1;31merror: [1;39mcannot infer contextual base in reference to member 'savings'[0;0m
[0;36m255 |[0;0m         // Emergency fund assessment
[0;36m256 |[0;0m         let monthlyExpenses = self.calculateMonthlyExpenses(transactions)
[0;36m257 |[0;0m         let emergencyFund = accounts.filter { $0.type == [4;39m.savings[0;0m }
    [0;36m|[0;0m                                                           `- [1;31merror: [1;39mcannot infer contextual base in reference to member 'savings'[0;0m
[0;36m258 |[0;0m             .reduce(0) { $0 + $1.balance }
[0;36m259 |[0;0m         let monthsCovered = emergencyFund / monthlyExpenses

/Users/danielstevens/github-projects/tools-automation/MomentumFinance/Shared/Intelligence/AdvancedFinancialIntelligence.swift:266:50: [1;31merror: [1;39mincorrect argument label in call (have '_:specifier:', expected '_:default:')[0;0m
[0;36m264 |[0;0m                     title: "Emergency Fund Below Recommended Level",
[0;36m265 |[0;0m                     description:
[0;36m266 |[0;0m                     "Your emergency fund covers \(monthsCovered, specifier: "%.1f") months of expenses. Experts recommend 3-6 months.",
    [0;36m|[0;0m                                                  `- [1;31merror: [1;39mincorrect argument label in call (have '_:specifier:', expected '_:default:')[0;0m
[0;36m267 |[0;0m                     priority: monthsCovered < 1 ? .critical : .high,
[0;36m268 |[0;0m                     type: .riskAlert,
[104/148] Compiling Shared TransactionsViewModel.swift
/Users/danielstevens/github-projects/tools-automation/MomentumFinance/Shared/Intelligence/AdvancedFinancialIntelligence.swift:580:1: [1;31merror: [1;39mexpected '}' in class[0;0m
 [0;36m15 |[0;0m /// Provides predictive analytics, risk assessment, and smart recommendations
 [0;36m16 |[0;0m @MainActor
 [0;36m17 |[0;0m public class AdvancedFinancialIntelligence: ObservableObject {
    [0;36m|[0;0m                                                              `- [1;39mnote: [1;39mto match this opening '{'[0;0m
 [0;36m18 |[0;0m     // MARK: - Published Properties
 [0;36m19 |[0;0m 
    [0;36m:[0;0m
[0;36m578 |[0;0m     // Implementation would go here
[0;36m579 |[0;0m }
[0;36m580 |[0;0m 
    [0;36m|[0;0m `- [1;31merror: [1;39mexpected '}' in class[0;0m

/Users/danielstevens/github-projects/tools-automation/MomentumFinance/Shared/Features/Transactions/TransactionComponents.swift:4:15: [1;31merror: [1;39minvalid redeclaration of 'TransactionEmptyStateView'[0;0m
  [0;36m2 |[0;0m import SwiftUI
  [0;36m3 |[0;0m 
  [0;36m4 |[0;0m public struct TransactionEmptyStateView: View {
    [0;36m|[0;0m               `- [1;31merror: [1;39minvalid redeclaration of 'TransactionEmptyStateView'[0;0m
  [0;36m5 |[0;0m     let searchText: String
  [0;36m6 |[0;0m     let onAddTransaction: () -> Void

/Users/danielstevens/github-projects/tools-automation/MomentumFinance/Shared/Features/Transactions/TransactionComponents.swift:50:15: [1;31merror: [1;39minvalid redeclaration of 'TransactionListView'[0;0m
 [0;36m48 |[0;0m }
 [0;36m49 |[0;0m 
 [0;36m50 |[0;0m public struct TransactionListView: View {
    [0;36m|[0;0m               `- [1;31merror: [1;39minvalid redeclaration of 'TransactionListView'[0;0m
 [0;36m51 |[0;0m     let transactions: [FinancialTransaction]
 [0;36m52 |[0;0m     let onTransactionTapped: (FinancialTransaction) -> Void

/Users/danielstevens/github-projects/tools-automation/MomentumFinance/Shared/Features/Transactions/TransactionComponents.swift:85:15: [1;31merror: [1;39minvalid redeclaration of 'TransactionRowView'[0;0m
 [0;36m83 |[0;0m }
 [0;36m84 |[0;0m 
 [0;36m85 |[0;0m public struct TransactionRowView: View {
    [0;36m|[0;0m               `- [1;31merror: [1;39minvalid redeclaration of 'TransactionRowView'[0;0m
 [0;36m86 |[0;0m     let transaction: FinancialTransaction
 [0;36m87 |[0;0m     let onTap: () -> Void

/Users/danielstevens/github-projects/tools-automation/MomentumFinance/Shared/Features/Transactions/TransactionComponents.swift:109:15: [1;31merror: [1;39minvalid redeclaration of 'AddTransactionView'[0;0m
[0;36m107 |[0;0m }
[0;36m108 |[0;0m 
[0;36m109 |[0;0m public struct AddTransactionView: View {
    [0;36m|[0;0m               `- [1;31merror: [1;39minvalid redeclaration of 'AddTransactionView'[0;0m
[0;36m110 |[0;0m     let categories: [ExpenseCategory]
[0;36m111 |[0;0m     let accounts: [FinancialAccount]

/Users/danielstevens/github-projects/tools-automation/MomentumFinance/Shared/Features/Transactions/TransactionComponents.swift:190:15: [1;31merror: [1;39minvalid redeclaration of 'TransactionDetailView'[0;0m
[0;36m188 |[0;0m }
[0;36m189 |[0;0m 
[0;36m190 |[0;0m public struct TransactionDetailView: View {
    [0;36m|[0;0m               `- [1;31merror: [1;39minvalid redeclaration of 'TransactionDetailView'[0;0m
[0;36m191 |[0;0m     let transaction: FinancialTransaction
[0;36m192 |[0;0m     public init(transaction: FinancialTransaction) { self.transaction = transaction }

/Users/danielstevens/github-projects/tools-automation/MomentumFinance/Shared/Features/Transactions/TransactionComponents.swift:225:15: [1;31merror: [1;39minvalid redeclaration of 'TransactionStatsCard'[0;0m
[0;36m223 |[0;0m }
[0;36m224 |[0;0m 
[0;36m225 |[0;0m public struct TransactionStatsCard: View {
    [0;36m|[0;0m               `- [1;31merror: [1;39minvalid redeclaration of 'TransactionStatsCard'[0;0m
[0;36m226 |[0;0m     let transactions: [FinancialTransaction]
[0;36m227 |[0;0m     public init(transactions: [FinancialTransaction]) { self.transactions = transactions }

/Users/danielstevens/github-projects/tools-automation/MomentumFinance/Shared/Features/Transactions/TransactionComponents.swift:261:15: [1;31merror: [1;39minvalid redeclaration of 'SearchAndFilterSection'[0;0m
[0;36m259 |[0;0m }
[0;36m260 |[0;0m 
[0;36m261 |[0;0m public struct SearchAndFilterSection: View {
    [0;36m|[0;0m               `- [1;31merror: [1;39minvalid redeclaration of 'SearchAndFilterSection'[0;0m
[0;36m262 |[0;0m     @Binding var searchText: String
[0;36m263 |[0;0m     @Binding var selectedFilter: TransactionFilter

/Users/danielstevens/github-projects/tools-automation/MomentumFinance/Shared/Features/Transactions/TransactionDetailView.swift:56:26: [1;31merror: [1;39mtrailing closure passed to parameter of type 'Visibility' that does not accept a closure[0;0m
[0;36m54 |[0;0m                 }
[0;36m55 |[0;0m                 .navigationTitle("Transaction Details")
[0;36m56 |[0;0m                 .toolbar [4;39m{[0;0m
   [0;36m|[0;0m                          `- [1;31merror: [1;39mtrailing closure passed to parameter of type 'Visibility' that does not accept a closure[0;0m
[0;36m57 |[0;0m                     ToolbarItem(placement: .primaryAction) {
[0;36m58 |[0;0m                         Button("Done").accessibilityLabel("Button").accessibilityLabel("Button") {

SwiftUI.View.toolbar:6:27: [1;39mnote: [1;39m'toolbar(_:for:)' declared here[0;0m
[0;36m4 |[0;0m   @available(tvOS, introduced: 16.0, deprecated: 100000.0, renamed: "toolbarVisibility(_:for:)")
[0;36m5 |[0;0m   @available(watchOS, introduced: 9.0, deprecated: 100000.0, renamed: "toolbarVisibility(_:for:)")
[0;36m6 |[0;0m   nonisolated public func toolbar(_ visibility: Visibility, for bars: ToolbarPlacement...) -> some View
  [0;36m|[0;0m                           `- [1;39mnote: [1;39m'toolbar(_:for:)' declared here[0;0m
[0;36m7 |[0;0m   }
[0;36m8 |[0;0m 

/Users/danielstevens/github-projects/tools-automation/MomentumFinance/Shared/Features/Transactions/TransactionEmptyStateView.swift:39:28: [1;31merror: [1;39mcannot convert value of type 'String' to expected argument type 'PrimitiveButtonStyleConfiguration'[0;0m
[0;36m37 |[0;0m 
[0;36m38 |[0;0m                 if self.searchText.isEmpty {
[0;36m39 |[0;0m                     Button("Add Transaction").accessibilityLabel("Button").accessibilityLabel("Button") {
   [0;36m|[0;0m                            `- [1;31merror: [1;39mcannot convert value of type 'String' to expected argument type 'PrimitiveButtonStyleConfiguration'[0;0m
[0;36m40 |[0;0m                         self.onAddTransaction()
[0;36m41 |[0;0m                     }

/Users/danielstevens/github-projects/tools-automation/MomentumFinance/Shared/Features/Transactions/TransactionEmptyStateView.swift:39:105: [1;31merror: [1;39mtype '_' cannot be used as a boolean; test for '!= 0' instead[0;0m
[0;36m37 |[0;0m 
[0;36m38 |[0;0m                 if self.searchText.isEmpty {
[0;36m39 |[0;0m                     Button("Add Transaction").accessibilityLabel("Button").accessibilityLabel("Button") {
   [0;36m|[0;0m                                                                                                         `- [1;31merror: [1;39mtype '_' cannot be used as a boolean; test for '!= 0' instead[0;0m
[0;36m40 |[0;0m                         self.onAddTransaction()
[0;36m41 |[0;0m                     }

/Users/danielstevens/github-projects/tools-automation/MomentumFinance/Shared/Features/Transactions/TransactionListView.swift:28:29: [1;31merror: [1;39mthe compiler is unable to type-check this expression in reasonable time; try breaking up the expression into distinct sub-expressions[0;0m
[0;36m26 |[0;0m         }
[0;36m27 |[0;0m 
[0;36m28 |[0;0m         var body: some View [4;39m{[0;0m
   [0;36m|[0;0m                             `- [1;31merror: [1;39mthe compiler is unable to type-check this expression in reasonable time; try breaking up the expression into distinct sub-expressions[0;0m
[0;36m29 |[0;0m             List {
[0;36m30 |[0;0m                 ForEach(Array(self.groupedTransactions.enumerated()), id: \.element.key) { _, group in

/Users/danielstevens/github-projects/tools-automation/MomentumFinance/Shared/Features/Transactions/TransactionRowView.swift:18:20: [1;31merror: [1;39mmissing argument for parameter #1 in call[0;0m
[0;36m16 |[0;0m 
[0;36m17 |[0;0m         var body: some View {
[0;36m18 |[0;0m             Button(action: self.onTapped).accessibilityLabel("Button").accessibilityLabel("Button") {
   [0;36m|[0;0m                    `- [1;31merror: [1;39mmissing argument for parameter #1 in call[0;0m
[0;36m19 |[0;0m                 HStack {
[0;36m20 |[0;0m                     VStack(alignment: .leading) {

SwiftUI.Button.init:2:36: [1;39mnote: [1;39m'init(_:action:)' declared here[0;0m
[0;36m1 |[0;0m generic struct Button {
[0;36m2 |[0;0m @preconcurrency nonisolated public init(_ titleKey: LocalizedStringKey, action: @escaping @MainActor () -> Void)}
  [0;36m|[0;0m                                    `- [1;39mnote: [1;39m'init(_:action:)' declared here[0;0m
[0;36m3 |[0;0m 

/Users/danielstevens/github-projects/tools-automation/MomentumFinance/Shared/Features/Transactions/TransactionRowView.swift:18:101: [1;31merror: [1;39mtype '_' cannot be used as a boolean; test for '!= 0' instead[0;0m
[0;36m16 |[0;0m 
[0;36m17 |[0;0m         var body: some View {
[0;36m18 |[0;0m             Button(action: self.onTapped).accessibilityLabel("Button").accessibilityLabel("Button") {
   [0;36m|[0;0m                                                                                                     `- [1;31merror: [1;39mtype '_' cannot be used as a boolean; test for '!= 0' instead[0;0m
[0;36m19 |[0;0m                 HStack {
[0;36m20 |[0;0m                     VStack(alignment: .leading) {

/Users/danielstevens/github-projects/tools-automation/MomentumFinance/Shared/Intelligence/AdvancedFinancialIntelligence.swift:44:19: [1;31merror: [1;39mcannot find type 'AIBudget' in scope[0;0m
 [0;36m42 |[0;0m         from transactions: [FinancialTransaction],
 [0;36m43 |[0;0m         accounts: [FinancialAccount],
 [0;36m44 |[0;0m         budgets: [[4;39mAIBudget[0;0m]
    [0;36m|[0;0m                   `- [1;31merror: [1;39mcannot find type 'AIBudget' in scope[0;0m
 [0;36m45 |[0;0m     ) async {
 [0;36m46 |[0;0m 

/Users/danielstevens/github-projects/tools-automation/MomentumFinance/Shared/Intelligence/AdvancedFinancialIntelligence.swift:79:24: [1;31merror: [1;39mcannot find type 'RiskTolerance' in scope[0;0m
 [0;36m77 |[0;0m     /// Get personalized investment recommendations
 [0;36m78 |[0;0m     public func getInvestmentRecommendations(
 [0;36m79 |[0;0m         riskTolerance: [4;39mRiskTolerance[0;0m,
    [0;36m|[0;0m                        `- [1;31merror: [1;39mcannot find type 'RiskTolerance' in scope[0;0m
 [0;36m80 |[0;0m         timeHorizon: TimeHorizon,
 [0;36m81 |[0;0m         currentPortfolio: [Investment]

/Users/danielstevens/github-projects/tools-automation/MomentumFinance/Shared/Intelligence/AdvancedFinancialIntelligence.swift:81:28: [1;31merror: [1;39mcannot find type 'Investment' in scope[0;0m
 [0;36m79 |[0;0m         riskTolerance: RiskTolerance,
 [0;36m80 |[0;0m         timeHorizon: TimeHorizon,
 [0;36m81 |[0;0m         currentPortfolio: [[4;39mInvestment[0;0m]
    [0;36m|[0;0m                            `- [1;31merror: [1;39mcannot find type 'Investment' in scope[0;0m
 [0;36m82 |[0;0m     ) -> [InvestmentRecommendation] {
 [0;36m83 |[0;0m         self.analyticsEngine.generateInvestmentRecommendations(

/Users/danielstevens/github-projects/tools-automation/MomentumFinance/Shared/Intelligence/AdvancedFinancialIntelligence.swift:216:21: [1;31merror: [1;39mcannot find type 'AIBudget' in scope[0;0m
[0;36m214 |[0;0m     private func analyzeBudgetPerformance(
[0;36m215 |[0;0m         _ transactions: [FinancialTransaction],
[0;36m216 |[0;0m         _ budgets: [[4;39mAIBudget[0;0m]
    [0;36m|[0;0m                     `- [1;31merror: [1;39mcannot find type 'AIBudget' in scope[0;0m
[0;36m217 |[0;0m     ) async -> [EnhancedFinancialInsight] {
[0;36m218 |[0;0m         var insights: [EnhancedFinancialInsight] = []

/Users/danielstevens/github-projects/tools-automation/MomentumFinance/Shared/Intelligence/AdvancedFinancialIntelligence.swift:372:73: [1;31merror: [1;39mcannot find type 'AIBudget' in scope[0;0m
[0;36m370 |[0;0m     }
[0;36m371 |[0;0m 
[0;36m372 |[0;0m     private func calculateSpentAmount(_: [FinancialTransaction], for _: [4;39mAIBudget[0;0m) -> Double {
    [0;36m|[0;0m                                                                         `- [1;31merror: [1;39mcannot find type 'AIBudget' in scope[0;0m
[0;36m373 |[0;0m 
[0;36m374 |[0;0m         // Implementation for calculating spent amount against budget

/Users/danielstevens/github-projects/tools-automation/MomentumFinance/Shared/Intelligence/AdvancedFinancialIntelligence.swift:555:30: [1;31merror: [1;39mcannot find type 'RiskTolerance' in scope[0;0m
[0;36m553 |[0;0m     private class FinancialAnalyticsEngine {
[0;36m554 |[0;0m         func generateInvestmentRecommendations(
[0;36m555 |[0;0m             riskTolerance _: [4;39mRiskTolerance[0;0m,
    [0;36m|[0;0m                              `- [1;31merror: [1;39mcannot find type 'RiskTolerance' in scope[0;0m
[0;36m556 |[0;0m             timeHorizon _: TimeHorizon,
[0;36m557 |[0;0m             currentPortfolio _: [Investment]

/Users/danielstevens/github-projects/tools-automation/MomentumFinance/Shared/Intelligence/AdvancedFinancialIntelligence.swift:557:34: [1;31merror: [1;39mcannot find type 'Investment' in scope[0;0m
[0;36m555 |[0;0m             riskTolerance _: RiskTolerance,
[0;36m556 |[0;0m             timeHorizon _: TimeHorizon,
[0;36m557 |[0;0m             currentPortfolio _: [[4;39mInvestment[0;0m]
    [0;36m|[0;0m                                  `- [1;31merror: [1;39mcannot find type 'Investment' in scope[0;0m
[0;36m558 |[0;0m         ) -> [InvestmentRecommendation] {
[0;36m559 |[0;0m             // Implementation would go here

/Users/danielstevens/github-projects/tools-automation/MomentumFinance/Shared/Intelligence/AdvancedFinancialIntelligence.swift:257:50: [1;31merror: [1;39mvalue of type 'FinancialAccount' has no member 'type'[0;0m
[0;36m255 |[0;0m         // Emergency fund assessment
[0;36m256 |[0;0m         let monthlyExpenses = self.calculateMonthlyExpenses(transactions)
[0;36m257 |[0;0m         let emergencyFund = accounts.filter { [4;39m$0[0;0m.[4;39mtype[0;0m == .savings }
    [0;36m|[0;0m                                                  `- [1;31merror: [1;39mvalue of type 'FinancialAccount' has no member 'type'[0;0m
[0;36m258 |[0;0m             .reduce(0) { $0 + $1.balance }
[0;36m259 |[0;0m         let monthsCovered = emergencyFund / monthlyExpenses

/Users/danielstevens/github-projects/tools-automation/MomentumFinance/Shared/Intelligence/AdvancedFinancialIntelligence.swift:257:59: [1;31merror: [1;39mcannot infer contextual base in reference to member 'savings'[0;0m
[0;36m255 |[0;0m         // Emergency fund assessment
[0;36m256 |[0;0m         let monthlyExpenses = self.calculateMonthlyExpenses(transactions)
[0;36m257 |[0;0m         let emergencyFund = accounts.filter { $0.type == [4;39m.savings[0;0m }
    [0;36m|[0;0m                                                           `- [1;31merror: [1;39mcannot infer contextual base in reference to member 'savings'[0;0m
[0;36m258 |[0;0m             .reduce(0) { $0 + $1.balance }
[0;36m259 |[0;0m         let monthsCovered = emergencyFund / monthlyExpenses

/Users/danielstevens/github-projects/tools-automation/MomentumFinance/Shared/Intelligence/AdvancedFinancialIntelligence.swift:266:50: [1;31merror: [1;39mincorrect argument label in call (have '_:specifier:', expected '_:default:')[0;0m
[0;36m264 |[0;0m                     title: "Emergency Fund Below Recommended Level",
[0;36m265 |[0;0m                     description:
[0;36m266 |[0;0m                     "Your emergency fund covers \(monthsCovered, specifier: "%.1f") months of expenses. Experts recommend 3-6 months.",
    [0;36m|[0;0m                                                  `- [1;31merror: [1;39mincorrect argument label in call (have '_:specifier:', expected '_:default:')[0;0m
[0;36m267 |[0;0m                     priority: monthsCovered < 1 ? .critical : .high,
[0;36m268 |[0;0m                     type: .riskAlert,
[105/148] Compiling Shared AdvancedFinancialIntelligence.swift
/Users/danielstevens/github-projects/tools-automation/MomentumFinance/Shared/Intelligence/AdvancedFinancialIntelligence.swift:580:1: [1;31merror: [1;39mexpected '}' in class[0;0m
 [0;36m15 |[0;0m /// Provides predictive analytics, risk assessment, and smart recommendations
 [0;36m16 |[0;0m @MainActor
 [0;36m17 |[0;0m public class AdvancedFinancialIntelligence: ObservableObject {
    [0;36m|[0;0m                                                              `- [1;39mnote: [1;39mto match this opening '{'[0;0m
 [0;36m18 |[0;0m     // MARK: - Published Properties
 [0;36m19 |[0;0m 
    [0;36m:[0;0m
[0;36m578 |[0;0m     // Implementation would go here
[0;36m579 |[0;0m }
[0;36m580 |[0;0m 
    [0;36m|[0;0m `- [1;31merror: [1;39mexpected '}' in class[0;0m

/Users/danielstevens/github-projects/tools-automation/MomentumFinance/Shared/Features/Transactions/TransactionComponents.swift:4:15: [1;31merror: [1;39minvalid redeclaration of 'TransactionEmptyStateView'[0;0m
  [0;36m2 |[0;0m import SwiftUI
  [0;36m3 |[0;0m 
  [0;36m4 |[0;0m public struct TransactionEmptyStateView: View {
    [0;36m|[0;0m               `- [1;31merror: [1;39minvalid redeclaration of 'TransactionEmptyStateView'[0;0m
  [0;36m5 |[0;0m     let searchText: String
  [0;36m6 |[0;0m     let onAddTransaction: () -> Void

/Users/danielstevens/github-projects/tools-automation/MomentumFinance/Shared/Features/Transactions/TransactionComponents.swift:50:15: [1;31merror: [1;39minvalid redeclaration of 'TransactionListView'[0;0m
 [0;36m48 |[0;0m }
 [0;36m49 |[0;0m 
 [0;36m50 |[0;0m public struct TransactionListView: View {
    [0;36m|[0;0m               `- [1;31merror: [1;39minvalid redeclaration of 'TransactionListView'[0;0m
 [0;36m51 |[0;0m     let transactions: [FinancialTransaction]
 [0;36m52 |[0;0m     let onTransactionTapped: (FinancialTransaction) -> Void

/Users/danielstevens/github-projects/tools-automation/MomentumFinance/Shared/Features/Transactions/TransactionComponents.swift:85:15: [1;31merror: [1;39minvalid redeclaration of 'TransactionRowView'[0;0m
 [0;36m83 |[0;0m }
 [0;36m84 |[0;0m 
 [0;36m85 |[0;0m public struct TransactionRowView: View {
    [0;36m|[0;0m               `- [1;31merror: [1;39minvalid redeclaration of 'TransactionRowView'[0;0m
 [0;36m86 |[0;0m     let transaction: FinancialTransaction
 [0;36m87 |[0;0m     let onTap: () -> Void

/Users/danielstevens/github-projects/tools-automation/MomentumFinance/Shared/Features/Transactions/TransactionComponents.swift:109:15: [1;31merror: [1;39minvalid redeclaration of 'AddTransactionView'[0;0m
[0;36m107 |[0;0m }
[0;36m108 |[0;0m 
[0;36m109 |[0;0m public struct AddTransactionView: View {
    [0;36m|[0;0m               `- [1;31merror: [1;39minvalid redeclaration of 'AddTransactionView'[0;0m
[0;36m110 |[0;0m     let categories: [ExpenseCategory]
[0;36m111 |[0;0m     let accounts: [FinancialAccount]

/Users/danielstevens/github-projects/tools-automation/MomentumFinance/Shared/Features/Transactions/TransactionComponents.swift:190:15: [1;31merror: [1;39minvalid redeclaration of 'TransactionDetailView'[0;0m
[0;36m188 |[0;0m }
[0;36m189 |[0;0m 
[0;36m190 |[0;0m public struct TransactionDetailView: View {
    [0;36m|[0;0m               `- [1;31merror: [1;39minvalid redeclaration of 'TransactionDetailView'[0;0m
[0;36m191 |[0;0m     let transaction: FinancialTransaction
[0;36m192 |[0;0m     public init(transaction: FinancialTransaction) { self.transaction = transaction }

/Users/danielstevens/github-projects/tools-automation/MomentumFinance/Shared/Features/Transactions/TransactionComponents.swift:225:15: [1;31merror: [1;39minvalid redeclaration of 'TransactionStatsCard'[0;0m
[0;36m223 |[0;0m }
[0;36m224 |[0;0m 
[0;36m225 |[0;0m public struct TransactionStatsCard: View {
    [0;36m|[0;0m               `- [1;31merror: [1;39minvalid redeclaration of 'TransactionStatsCard'[0;0m
[0;36m226 |[0;0m     let transactions: [FinancialTransaction]
[0;36m227 |[0;0m     public init(transactions: [FinancialTransaction]) { self.transactions = transactions }

/Users/danielstevens/github-projects/tools-automation/MomentumFinance/Shared/Features/Transactions/TransactionComponents.swift:261:15: [1;31merror: [1;39minvalid redeclaration of 'SearchAndFilterSection'[0;0m
[0;36m259 |[0;0m }
[0;36m260 |[0;0m 
[0;36m261 |[0;0m public struct SearchAndFilterSection: View {
    [0;36m|[0;0m               `- [1;31merror: [1;39minvalid redeclaration of 'SearchAndFilterSection'[0;0m
[0;36m262 |[0;0m     @Binding var searchText: String
[0;36m263 |[0;0m     @Binding var selectedFilter: TransactionFilter

/Users/danielstevens/github-projects/tools-automation/MomentumFinance/Shared/Features/Transactions/TransactionDetailView.swift:56:26: [1;31merror: [1;39mtrailing closure passed to parameter of type 'Visibility' that does not accept a closure[0;0m
[0;36m54 |[0;0m                 }
[0;36m55 |[0;0m                 .navigationTitle("Transaction Details")
[0;36m56 |[0;0m                 .toolbar [4;39m{[0;0m
   [0;36m|[0;0m                          `- [1;31merror: [1;39mtrailing closure passed to parameter of type 'Visibility' that does not accept a closure[0;0m
[0;36m57 |[0;0m                     ToolbarItem(placement: .primaryAction) {
[0;36m58 |[0;0m                         Button("Done").accessibilityLabel("Button").accessibilityLabel("Button") {

SwiftUI.View.toolbar:6:27: [1;39mnote: [1;39m'toolbar(_:for:)' declared here[0;0m
[0;36m4 |[0;0m   @available(tvOS, introduced: 16.0, deprecated: 100000.0, renamed: "toolbarVisibility(_:for:)")
[0;36m5 |[0;0m   @available(watchOS, introduced: 9.0, deprecated: 100000.0, renamed: "toolbarVisibility(_:for:)")
[0;36m6 |[0;0m   nonisolated public func toolbar(_ visibility: Visibility, for bars: ToolbarPlacement...) -> some View
  [0;36m|[0;0m                           `- [1;39mnote: [1;39m'toolbar(_:for:)' declared here[0;0m
[0;36m7 |[0;0m   }
[0;36m8 |[0;0m 

/Users/danielstevens/github-projects/tools-automation/MomentumFinance/Shared/Features/Transactions/TransactionEmptyStateView.swift:39:28: [1;31merror: [1;39mcannot convert value of type 'String' to expected argument type 'PrimitiveButtonStyleConfiguration'[0;0m
[0;36m37 |[0;0m 
[0;36m38 |[0;0m                 if self.searchText.isEmpty {
[0;36m39 |[0;0m                     Button("Add Transaction").accessibilityLabel("Button").accessibilityLabel("Button") {
   [0;36m|[0;0m                            `- [1;31merror: [1;39mcannot convert value of type 'String' to expected argument type 'PrimitiveButtonStyleConfiguration'[0;0m
[0;36m40 |[0;0m                         self.onAddTransaction()
[0;36m41 |[0;0m                     }

/Users/danielstevens/github-projects/tools-automation/MomentumFinance/Shared/Features/Transactions/TransactionEmptyStateView.swift:39:105: [1;31merror: [1;39mtype '_' cannot be used as a boolean; test for '!= 0' instead[0;0m
[0;36m37 |[0;0m 
[0;36m38 |[0;0m                 if self.searchText.isEmpty {
[0;36m39 |[0;0m                     Button("Add Transaction").accessibilityLabel("Button").accessibilityLabel("Button") {
   [0;36m|[0;0m                                                                                                         `- [1;31merror: [1;39mtype '_' cannot be used as a boolean; test for '!= 0' instead[0;0m
[0;36m40 |[0;0m                         self.onAddTransaction()
[0;36m41 |[0;0m                     }

/Users/danielstevens/github-projects/tools-automation/MomentumFinance/Shared/Features/Transactions/TransactionListView.swift:28:29: [1;31merror: [1;39mthe compiler is unable to type-check this expression in reasonable time; try breaking up the expression into distinct sub-expressions[0;0m
[0;36m26 |[0;0m         }
[0;36m27 |[0;0m 
[0;36m28 |[0;0m         var body: some View [4;39m{[0;0m
   [0;36m|[0;0m                             `- [1;31merror: [1;39mthe compiler is unable to type-check this expression in reasonable time; try breaking up the expression into distinct sub-expressions[0;0m
[0;36m29 |[0;0m             List {
[0;36m30 |[0;0m                 ForEach(Array(self.groupedTransactions.enumerated()), id: \.element.key) { _, group in

/Users/danielstevens/github-projects/tools-automation/MomentumFinance/Shared/Features/Transactions/TransactionRowView.swift:18:20: [1;31merror: [1;39mmissing argument for parameter #1 in call[0;0m
[0;36m16 |[0;0m 
[0;36m17 |[0;0m         var body: some View {
[0;36m18 |[0;0m             Button(action: self.onTapped).accessibilityLabel("Button").accessibilityLabel("Button") {
   [0;36m|[0;0m                    `- [1;31merror: [1;39mmissing argument for parameter #1 in call[0;0m
[0;36m19 |[0;0m                 HStack {
[0;36m20 |[0;0m                     VStack(alignment: .leading) {

SwiftUI.Button.init:2:36: [1;39mnote: [1;39m'init(_:action:)' declared here[0;0m
[0;36m1 |[0;0m generic struct Button {
[0;36m2 |[0;0m @preconcurrency nonisolated public init(_ titleKey: LocalizedStringKey, action: @escaping @MainActor () -> Void)}
  [0;36m|[0;0m                                    `- [1;39mnote: [1;39m'init(_:action:)' declared here[0;0m
[0;36m3 |[0;0m 

/Users/danielstevens/github-projects/tools-automation/MomentumFinance/Shared/Features/Transactions/TransactionRowView.swift:18:101: [1;31merror: [1;39mtype '_' cannot be used as a boolean; test for '!= 0' instead[0;0m
[0;36m16 |[0;0m 
[0;36m17 |[0;0m         var body: some View {
[0;36m18 |[0;0m             Button(action: self.onTapped).accessibilityLabel("Button").accessibilityLabel("Button") {
   [0;36m|[0;0m                                                                                                     `- [1;31merror: [1;39mtype '_' cannot be used as a boolean; test for '!= 0' instead[0;0m
[0;36m19 |[0;0m                 HStack {
[0;36m20 |[0;0m                     VStack(alignment: .leading) {

/Users/danielstevens/github-projects/tools-automation/MomentumFinance/Shared/Intelligence/AdvancedFinancialIntelligence.swift:44:19: [1;31merror: [1;39mcannot find type 'AIBudget' in scope[0;0m
 [0;36m42 |[0;0m         from transactions: [FinancialTransaction],
 [0;36m43 |[0;0m         accounts: [FinancialAccount],
 [0;36m44 |[0;0m         budgets: [[4;39mAIBudget[0;0m]
    [0;36m|[0;0m                   `- [1;31merror: [1;39mcannot find type 'AIBudget' in scope[0;0m
 [0;36m45 |[0;0m     ) async {
 [0;36m46 |[0;0m 

/Users/danielstevens/github-projects/tools-automation/MomentumFinance/Shared/Intelligence/AdvancedFinancialIntelligence.swift:79:24: [1;31merror: [1;39mcannot find type 'RiskTolerance' in scope[0;0m
 [0;36m77 |[0;0m     /// Get personalized investment recommendations
 [0;36m78 |[0;0m     public func getInvestmentRecommendations(
 [0;36m79 |[0;0m         riskTolerance: [4;39mRiskTolerance[0;0m,
    [0;36m|[0;0m                        `- [1;31merror: [1;39mcannot find type 'RiskTolerance' in scope[0;0m
 [0;36m80 |[0;0m         timeHorizon: TimeHorizon,
 [0;36m81 |[0;0m         currentPortfolio: [Investment]

/Users/danielstevens/github-projects/tools-automation/MomentumFinance/Shared/Intelligence/AdvancedFinancialIntelligence.swift:81:28: [1;31merror: [1;39mcannot find type 'Investment' in scope[0;0m
 [0;36m79 |[0;0m         riskTolerance: RiskTolerance,
 [0;36m80 |[0;0m         timeHorizon: TimeHorizon,
 [0;36m81 |[0;0m         currentPortfolio: [[4;39mInvestment[0;0m]
    [0;36m|[0;0m                            `- [1;31merror: [1;39mcannot find type 'Investment' in scope[0;0m
 [0;36m82 |[0;0m     ) -> [InvestmentRecommendation] {
 [0;36m83 |[0;0m         self.analyticsEngine.generateInvestmentRecommendations(

/Users/danielstevens/github-projects/tools-automation/MomentumFinance/Shared/Intelligence/AdvancedFinancialIntelligence.swift:216:21: [1;31merror: [1;39mcannot find type 'AIBudget' in scope[0;0m
[0;36m214 |[0;0m     private func analyzeBudgetPerformance(
[0;36m215 |[0;0m         _ transactions: [FinancialTransaction],
[0;36m216 |[0;0m         _ budgets: [[4;39mAIBudget[0;0m]
    [0;36m|[0;0m                     `- [1;31merror: [1;39mcannot find type 'AIBudget' in scope[0;0m
[0;36m217 |[0;0m     ) async -> [EnhancedFinancialInsight] {
[0;36m218 |[0;0m         var insights: [EnhancedFinancialInsight] = []

/Users/danielstevens/github-projects/tools-automation/MomentumFinance/Shared/Intelligence/AdvancedFinancialIntelligence.swift:372:73: [1;31merror: [1;39mcannot find type 'AIBudget' in scope[0;0m
[0;36m370 |[0;0m     }
[0;36m371 |[0;0m 
[0;36m372 |[0;0m     private func calculateSpentAmount(_: [FinancialTransaction], for _: [4;39mAIBudget[0;0m) -> Double {
    [0;36m|[0;0m                                                                         `- [1;31merror: [1;39mcannot find type 'AIBudget' in scope[0;0m
[0;36m373 |[0;0m 
[0;36m374 |[0;0m         // Implementation for calculating spent amount against budget

/Users/danielstevens/github-projects/tools-automation/MomentumFinance/Shared/Intelligence/AdvancedFinancialIntelligence.swift:555:30: [1;31merror: [1;39mcannot find type 'RiskTolerance' in scope[0;0m
[0;36m553 |[0;0m     private class FinancialAnalyticsEngine {
[0;36m554 |[0;0m         func generateInvestmentRecommendations(
[0;36m555 |[0;0m             riskTolerance _: [4;39mRiskTolerance[0;0m,
    [0;36m|[0;0m                              `- [1;31merror: [1;39mcannot find type 'RiskTolerance' in scope[0;0m
[0;36m556 |[0;0m             timeHorizon _: TimeHorizon,
[0;36m557 |[0;0m             currentPortfolio _: [Investment]

/Users/danielstevens/github-projects/tools-automation/MomentumFinance/Shared/Intelligence/AdvancedFinancialIntelligence.swift:557:34: [1;31merror: [1;39mcannot find type 'Investment' in scope[0;0m
[0;36m555 |[0;0m             riskTolerance _: RiskTolerance,
[0;36m556 |[0;0m             timeHorizon _: TimeHorizon,
[0;36m557 |[0;0m             currentPortfolio _: [[4;39mInvestment[0;0m]
    [0;36m|[0;0m                                  `- [1;31merror: [1;39mcannot find type 'Investment' in scope[0;0m
[0;36m558 |[0;0m         ) -> [InvestmentRecommendation] {
[0;36m559 |[0;0m             // Implementation would go here

/Users/danielstevens/github-projects/tools-automation/MomentumFinance/Shared/Intelligence/AdvancedFinancialIntelligence.swift:257:50: [1;31merror: [1;39mvalue of type 'FinancialAccount' has no member 'type'[0;0m
[0;36m255 |[0;0m         // Emergency fund assessment
[0;36m256 |[0;0m         let monthlyExpenses = self.calculateMonthlyExpenses(transactions)
[0;36m257 |[0;0m         let emergencyFund = accounts.filter { [4;39m$0[0;0m.[4;39mtype[0;0m == .savings }
    [0;36m|[0;0m                                                  `- [1;31merror: [1;39mvalue of type 'FinancialAccount' has no member 'type'[0;0m
[0;36m258 |[0;0m             .reduce(0) { $0 + $1.balance }
[0;36m259 |[0;0m         let monthsCovered = emergencyFund / monthlyExpenses

/Users/danielstevens/github-projects/tools-automation/MomentumFinance/Shared/Intelligence/AdvancedFinancialIntelligence.swift:257:59: [1;31merror: [1;39mcannot infer contextual base in reference to member 'savings'[0;0m
[0;36m255 |[0;0m         // Emergency fund assessment
[0;36m256 |[0;0m         let monthlyExpenses = self.calculateMonthlyExpenses(transactions)
[0;36m257 |[0;0m         let emergencyFund = accounts.filter { $0.type == [4;39m.savings[0;0m }
    [0;36m|[0;0m                                                           `- [1;31merror: [1;39mcannot infer contextual base in reference to member 'savings'[0;0m
[0;36m258 |[0;0m             .reduce(0) { $0 + $1.balance }
[0;36m259 |[0;0m         let monthsCovered = emergencyFund / monthlyExpenses

/Users/danielstevens/github-projects/tools-automation/MomentumFinance/Shared/Intelligence/AdvancedFinancialIntelligence.swift:266:50: [1;31merror: [1;39mincorrect argument label in call (have '_:specifier:', expected '_:default:')[0;0m
[0;36m264 |[0;0m                     title: "Emergency Fund Below Recommended Level",
[0;36m265 |[0;0m                     description:
[0;36m266 |[0;0m                     "Your emergency fund covers \(monthsCovered, specifier: "%.1f") months of expenses. Experts recommend 3-6 months.",
    [0;36m|[0;0m                                                  `- [1;31merror: [1;39mincorrect argument label in call (have '_:specifier:', expected '_:default:')[0;0m
[0;36m267 |[0;0m                     priority: monthsCovered < 1 ? .critical : .high,
[0;36m268 |[0;0m                     type: .riskAlert,
[106/148] Compiling Shared TabSection.swift
macro expansion @_PersistedProperty:4:23: [1;31merror: [1;39mno exact matches in call to instance method 'setValue'[0;0m
`- /Users/danielstevens/github-projects/tools-automation/MomentumFinance/Shared/RootFinancialInsightModels.swift:216:41: [1;39mnote: [1;39mexpanded code originates here[0;0m
[0;36m214 |[0;0m     public var title: String
[0;36m215 |[0;0m     public var insightDescription: String  // Renamed from 'description' to avoid SwiftData conflict
[0;36m216 |[0;0m     public var priority: InsightPriority
[0;36m    +--- [0;0mmacro expansion @_PersistedProperty [0;36m---------------------------[0;0m
[0;36m    |[0;0m [0;36m2 |[0;0m     @storageRestrictions(accesses: _$backingData, initializes: _priority)
[0;36m    |[0;0m [0;36m3 |[0;0m     init(initialValue) {
[0;36m    |[0;0m [0;36m4 |[0;0m         _$backingData.setValue(forKey: \.priority, to: initialValue)
[0;36m    |[0;0m   [0;36m|[0;0m                       `- [1;31merror: [1;39mno exact matches in call to instance method 'setValue'[0;0m
[0;36m    |[0;0m [0;36m5 |[0;0m         _priority = _SwiftDataNoType()
[0;36m    |[0;0m [0;36m6 |[0;0m     }
[0;36m    +----------------------------------------[0;0m[0;36m---------------------------[0;0m
[0;36m217 |[0;0m     public var type: InsightType
[0;36m218 |[0;0m     public var confidence: Double  // 0.0 to 1.0

SwiftData.BackingData.setValue:2:6: [1;39mnote: [1;39mcandidate requires that 'InsightPriority' conform to 'PersistentModel' (requirement specified as 'Value' : 'PersistentModel')[0;0m
[0;36m1 |[0;0m protocol BackingData {
[0;36m2 |[0;0m func setValue<Value>(forKey: KeyPath<Self.Model, Value>, to newValue: Value) where Value : PersistentModel}
  [0;36m|[0;0m      `- [1;39mnote: [1;39mcandidate requires that 'InsightPriority' conform to 'PersistentModel' (requirement specified as 'Value' : 'PersistentModel')[0;0m
[0;36m3 |[0;0m 

SwiftData.BackingData.setValue:2:6: [1;39mnote: [1;39mcandidate requires that 'InsightPriority' conform to 'RelationshipCollection' (requirement specified as 'Value' : 'RelationshipCollection')[0;0m
[0;36m1 |[0;0m protocol BackingData {
[0;36m2 |[0;0m func setValue<Value, OtherModel>(forKey: KeyPath<Self.Model, Value>, to newValue: Value) where Value : RelationshipCollection, OtherModel == Value.PersistentElement}
  [0;36m|[0;0m      `- [1;39mnote: [1;39mcandidate requires that 'InsightPriority' conform to 'RelationshipCollection' (requirement specified as 'Value' : 'RelationshipCollection')[0;0m
[0;36m3 |[0;0m 

macro expansion @_PersistedProperty:9:21: [1;31merror: [1;39mno exact matches in call to instance method 'getValue'[0;0m
`- /Users/danielstevens/github-projects/tools-automation/MomentumFinance/Shared/RootFinancialInsightModels.swift:216:41: [1;39mnote: [1;39mexpanded code originates here[0;0m
[0;36m214 |[0;0m     public var title: String
[0;36m215 |[0;0m     public var insightDescription: String  // Renamed from 'description' to avoid SwiftData conflict
[0;36m216 |[0;0m     public var priority: InsightPriority
[0;36m    +--- [0;0mmacro expansion @_PersistedProperty [0;36m---------------------------[0;0m
[0;36m    |[0;0m [0;36m7 |[0;0m     get {
[0;36m    |[0;0m [0;36m8 |[0;0m         _$observationRegistrar.access(self, keyPath: \.priority)
[0;36m    |[0;0m [0;36m9 |[0;0m         return self.getValue(forKey: \.priority)
[0;36m    |[0;0m   [0;36m|[0;0m                     `- [1;31merror: [1;39mno exact matches in call to instance method 'getValue'[0;0m
[0;36m    |[0;0m[0;36m10 |[0;0m     }
[0;36m    |[0;0m[0;36m11 |[0;0m     set {
[0;36m    +----------------------------------------[0;0m[0;36m---------------------------[0;0m
[0;36m217 |[0;0m     public var type: InsightType
[0;36m218 |[0;0m     public var confidence: Double  // 0.0 to 1.0

SwiftData.PersistentModel.getValue:2:13: [1;39mnote: [1;39mcandidate requires that 'InsightPriority' conform to 'PersistentModel' (requirement specified as 'Value' : 'PersistentModel')[0;0m
[0;36m1 |[0;0m protocol PersistentModel {
[0;36m2 |[0;0m public func getValue<Value>(forKey: KeyPath<Self, Value>) -> Value where Value : PersistentModel}
  [0;36m|[0;0m             `- [1;39mnote: [1;39mcandidate requires that 'InsightPriority' conform to 'PersistentModel' (requirement specified as 'Value' : 'PersistentModel')[0;0m
[0;36m3 |[0;0m 

SwiftData.PersistentModel.getValue:2:13: [1;39mnote: [1;39mcandidate requires that 'InsightPriority' conform to 'RelationshipCollection' (requirement specified as 'Value' : 'RelationshipCollection')[0;0m
[0;36m1 |[0;0m protocol PersistentModel {
[0;36m2 |[0;0m public func getValue<Value, OtherModel>(forKey: KeyPath<Self, Value>) -> Value where Value : RelationshipCollection, OtherModel == Value.PersistentElement}
  [0;36m|[0;0m             `- [1;39mnote: [1;39mcandidate requires that 'InsightPriority' conform to 'RelationshipCollection' (requirement specified as 'Value' : 'RelationshipCollection')[0;0m
[0;36m3 |[0;0m 

macro expansion @_PersistedProperty:13:18: [1;31merror: [1;39mno exact matches in call to instance method 'setValue'[0;0m
`- /Users/danielstevens/github-projects/tools-automation/MomentumFinance/Shared/RootFinancialInsightModels.swift:216:41: [1;39mnote: [1;39mexpanded code originates here[0;0m
[0;36m214 |[0;0m     public var title: String
[0;36m215 |[0;0m     public var insightDescription: String  // Renamed from 'description' to avoid SwiftData conflict
[0;36m216 |[0;0m     public var priority: InsightPriority
[0;36m    +--- [0;0mmacro expansion @_PersistedProperty [0;36m---------------------------[0;0m
[0;36m    |[0;0m[0;36m11 |[0;0m     set {
[0;36m    |[0;0m[0;36m12 |[0;0m         _$observationRegistrar.withMutation(of: self, keyPath: \.priority) {
[0;36m    |[0;0m[0;36m13 |[0;0m             self.setValue(forKey: \.priority, to: newValue)
[0;36m    |[0;0m   [0;36m|[0;0m                  `- [1;31merror: [1;39mno exact matches in call to instance method 'setValue'[0;0m
[0;36m    |[0;0m[0;36m14 |[0;0m         }
[0;36m    |[0;0m[0;36m15 |[0;0m     }
[0;36m    +----------------------------------------[0;0m[0;36m---------------------------[0;0m
[0;36m217 |[0;0m     public var type: InsightType
[0;36m218 |[0;0m     public var confidence: Double  // 0.0 to 1.0

SwiftData.PersistentModel.setValue:2:13: [1;39mnote: [1;39mcandidate requires that 'InsightPriority' conform to 'PersistentModel' (requirement specified as 'Value' : 'PersistentModel')[0;0m
[0;36m1 |[0;0m protocol PersistentModel {
[0;36m2 |[0;0m public func setValue<Value>(forKey: KeyPath<Self, Value>, to newValue: Value) where Value : PersistentModel}
  [0;36m|[0;0m             `- [1;39mnote: [1;39mcandidate requires that 'InsightPriority' conform to 'PersistentModel' (requirement specified as 'Value' : 'PersistentModel')[0;0m
[0;36m3 |[0;0m 

SwiftData.PersistentModel.setValue:2:13: [1;39mnote: [1;39mcandidate requires that 'InsightPriority' conform to 'RelationshipCollection' (requirement specified as 'Value' : 'RelationshipCollection')[0;0m
[0;36m1 |[0;0m protocol PersistentModel {
[0;36m2 |[0;0m public func setValue<Value, OtherModel>(forKey: KeyPath<Self, Value>, to newValue: Value) where Value : RelationshipCollection, OtherModel == Value.PersistentElement}
  [0;36m|[0;0m             `- [1;39mnote: [1;39mcandidate requires that 'InsightPriority' conform to 'RelationshipCollection' (requirement specified as 'Value' : 'RelationshipCollection')[0;0m
[0;36m3 |[0;0m 

macro expansion @_PersistedProperty:4:23: [1;31merror: [1;39mno exact matches in call to instance method 'setValue'[0;0m
`- /Users/danielstevens/github-projects/tools-automation/MomentumFinance/Shared/RootFinancialInsightModels.swift:217:33: [1;39mnote: [1;39mexpanded code originates here[0;0m
[0;36m215 |[0;0m     public var insightDescription: String  // Renamed from 'description' to avoid SwiftData conflict
[0;36m216 |[0;0m     public var priority: InsightPriority
[0;36m217 |[0;0m     public var type: InsightType
[0;36m    +--- [0;0mmacro expansion @_PersistedProperty [0;36m---------------------------[0;0m
[0;36m    |[0;0m [0;36m2 |[0;0m     @storageRestrictions(accesses: _$backingData, initializes: _type)
[0;36m    |[0;0m [0;36m3 |[0;0m     init(initialValue) {
[0;36m    |[0;0m [0;36m4 |[0;0m         _$backingData.setValue(forKey: \.type, to: initialValue)
[0;36m    |[0;0m   [0;36m|[0;0m                       `- [1;31merror: [1;39mno exact matches in call to instance method 'setValue'[0;0m
[0;36m    |[0;0m [0;36m5 |[0;0m         _type = _SwiftDataNoType()
[0;36m    |[0;0m [0;36m6 |[0;0m     }
[0;36m    +----------------------------------------[0;0m[0;36m---------------------------[0;0m
[0;36m218 |[0;0m     public var confidence: Double  // 0.0 to 1.0
[0;36m219 |[0;0m     public var createdAt: Date

SwiftData.BackingData.setValue:2:6: [1;39mnote: [1;39mcandidate requires that 'InsightType' conform to 'PersistentModel' (requirement specified as 'Value' : 'PersistentModel')[0;0m
[0;36m1 |[0;0m protocol BackingData {
[0;36m2 |[0;0m func setValue<Value>(forKey: KeyPath<Self.Model, Value>, to newValue: Value) where Value : PersistentModel}
  [0;36m|[0;0m      `- [1;39mnote: [1;39mcandidate requires that 'InsightType' conform to 'PersistentModel' (requirement specified as 'Value' : 'PersistentModel')[0;0m
[0;36m3 |[0;0m 

SwiftData.BackingData.setValue:2:6: [1;39mnote: [1;39mcandidate requires that 'InsightType' conform to 'RelationshipCollection' (requirement specified as 'Value' : 'RelationshipCollection')[0;0m
[0;36m1 |[0;0m protocol BackingData {
[0;36m2 |[0;0m func setValue<Value, OtherModel>(forKey: KeyPath<Self.Model, Value>, to newValue: Value) where Value : RelationshipCollection, OtherModel == Value.PersistentElement}
  [0;36m|[0;0m      `- [1;39mnote: [1;39mcandidate requires that 'InsightType' conform to 'RelationshipCollection' (requirement specified as 'Value' : 'RelationshipCollection')[0;0m
[0;36m3 |[0;0m 

macro expansion @_PersistedProperty:9:21: [1;31merror: [1;39mno exact matches in call to instance method 'getValue'[0;0m
`- /Users/danielstevens/github-projects/tools-automation/MomentumFinance/Shared/RootFinancialInsightModels.swift:217:33: [1;39mnote: [1;39mexpanded code originates here[0;0m
[0;36m215 |[0;0m     public var insightDescription: String  // Renamed from 'description' to avoid SwiftData conflict
[0;36m216 |[0;0m     public var priority: InsightPriority
[0;36m217 |[0;0m     public var type: InsightType
[0;36m    +--- [0;0mmacro expansion @_PersistedProperty [0;36m---------------------------[0;0m
[0;36m    |[0;0m [0;36m7 |[0;0m     get {
[0;36m    |[0;0m [0;36m8 |[0;0m         _$observationRegistrar.access(self, keyPath: \.type)
[0;36m    |[0;0m [0;36m9 |[0;0m         return self.getValue(forKey: \.type)
[0;36m    |[0;0m   [0;36m|[0;0m                     `- [1;31merror: [1;39mno exact matches in call to instance method 'getValue'[0;0m
[0;36m    |[0;0m[0;36m10 |[0;0m     }
[0;36m    |[0;0m[0;36m11 |[0;0m     set {
[0;36m    +----------------------------------------[0;0m[0;36m---------------------------[0;0m
[0;36m218 |[0;0m     public var confidence: Double  // 0.0 to 1.0
[0;36m219 |[0;0m     public var createdAt: Date

SwiftData.PersistentModel.getValue:2:13: [1;39mnote: [1;39mcandidate requires that 'InsightType' conform to 'PersistentModel' (requirement specified as 'Value' : 'PersistentModel')[0;0m
[0;36m1 |[0;0m protocol PersistentModel {
[0;36m2 |[0;0m public func getValue<Value>(forKey: KeyPath<Self, Value>) -> Value where Value : PersistentModel}
  [0;36m|[0;0m             `- [1;39mnote: [1;39mcandidate requires that 'InsightType' conform to 'PersistentModel' (requirement specified as 'Value' : 'PersistentModel')[0;0m
[0;36m3 |[0;0m 

SwiftData.PersistentModel.getValue:2:13: [1;39mnote: [1;39mcandidate requires that 'InsightType' conform to 'RelationshipCollection' (requirement specified as 'Value' : 'RelationshipCollection')[0;0m
[0;36m1 |[0;0m protocol PersistentModel {
[0;36m2 |[0;0m public func getValue<Value, OtherModel>(forKey: KeyPath<Self, Value>) -> Value where Value : RelationshipCollection, OtherModel == Value.PersistentElement}
  [0;36m|[0;0m             `- [1;39mnote: [1;39mcandidate requires that 'InsightType' conform to 'RelationshipCollection' (requirement specified as 'Value' : 'RelationshipCollection')[0;0m
[0;36m3 |[0;0m 

macro expansion @_PersistedProperty:13:18: [1;31merror: [1;39mno exact matches in call to instance method 'setValue'[0;0m
`- /Users/danielstevens/github-projects/tools-automation/MomentumFinance/Shared/RootFinancialInsightModels.swift:217:33: [1;39mnote: [1;39mexpanded code originates here[0;0m
[0;36m215 |[0;0m     public var insightDescription: String  // Renamed from 'description' to avoid SwiftData conflict
[0;36m216 |[0;0m     public var priority: InsightPriority
[0;36m217 |[0;0m     public var type: InsightType
[0;36m    +--- [0;0mmacro expansion @_PersistedProperty [0;36m---------------------------[0;0m
[0;36m    |[0;0m[0;36m11 |[0;0m     set {
[0;36m    |[0;0m[0;36m12 |[0;0m         _$observationRegistrar.withMutation(of: self, keyPath: \.type) {
[0;36m    |[0;0m[0;36m13 |[0;0m             self.setValue(forKey: \.type, to: newValue)
[0;36m    |[0;0m   [0;36m|[0;0m                  `- [1;31merror: [1;39mno exact matches in call to instance method 'setValue'[0;0m
[0;36m    |[0;0m[0;36m14 |[0;0m         }
[0;36m    |[0;0m[0;36m15 |[0;0m     }
[0;36m    +----------------------------------------[0;0m[0;36m---------------------------[0;0m
[0;36m218 |[0;0m     public var confidence: Double  // 0.0 to 1.0
[0;36m219 |[0;0m     public var createdAt: Date

SwiftData.PersistentModel.setValue:2:13: [1;39mnote: [1;39mcandidate requires that 'InsightType' conform to 'PersistentModel' (requirement specified as 'Value' : 'PersistentModel')[0;0m
[0;36m1 |[0;0m protocol PersistentModel {
[0;36m2 |[0;0m public func setValue<Value>(forKey: KeyPath<Self, Value>, to newValue: Value) where Value : PersistentModel}
  [0;36m|[0;0m             `- [1;39mnote: [1;39mcandidate requires that 'InsightType' conform to 'PersistentModel' (requirement specified as 'Value' : 'PersistentModel')[0;0m
[0;36m3 |[0;0m 

SwiftData.PersistentModel.setValue:2:13: [1;39mnote: [1;39mcandidate requires that 'InsightType' conform to 'RelationshipCollection' (requirement specified as 'Value' : 'RelationshipCollection')[0;0m
[0;36m1 |[0;0m protocol PersistentModel {
[0;36m2 |[0;0m public func setValue<Value, OtherModel>(forKey: KeyPath<Self, Value>, to newValue: Value) where Value : RelationshipCollection, OtherModel == Value.PersistentElement}
  [0;36m|[0;0m             `- [1;39mnote: [1;39mcandidate requires that 'InsightType' conform to 'RelationshipCollection' (requirement specified as 'Value' : 'RelationshipCollection')[0;0m
[0;36m3 |[0;0m 

macro expansion @_PersistedProperty:4:23: [1;31merror: [1;39mno exact matches in call to instance method 'setValue'[0;0m
`- /Users/danielstevens/github-projects/tools-automation/MomentumFinance/Shared/RootFinancialInsightModels.swift:231:36: [1;39mnote: [1;39mexpanded code originates here[0;0m
[0;36m229 |[0;0m     public var actionRecommendations: [String]  // AI-generated action items
[0;36m230 |[0;0m     public var potentialSavings: Double?  // Estimated savings if action is taken
[0;36m231 |[0;0m     public var riskLevel: RiskLevel  // Associated risk level
[0;36m    +--- [0;0mmacro expansion @_PersistedProperty [0;36m---------------------------[0;0m
[0;36m    |[0;0m [0;36m2 |[0;0m     @storageRestrictions(accesses: _$backingData, initializes: _riskLevel)
[0;36m    |[0;0m [0;36m3 |[0;0m     init(initialValue) {
[0;36m    |[0;0m [0;36m4 |[0;0m         _$backingData.setValue(forKey: \.riskLevel, to: initialValue)
[0;36m    |[0;0m   [0;36m|[0;0m                       `- [1;31merror: [1;39mno exact matches in call to instance method 'setValue'[0;0m
[0;36m    |[0;0m [0;36m5 |[0;0m         _riskLevel = _SwiftDataNoType()
[0;36m    |[0;0m [0;36m6 |[0;0m     }
[0;36m    +----------------------------------------[0;0m[0;36m---------------------------[0;0m
[0;36m232 |[0;0m     public var aiAnalysisVersion: String  // Version of AI model used for analysis
[0;36m233 |[0;0m     public var contextualTags: [String]  // Tags for better categorization

SwiftData.BackingData.setValue:2:6: [1;39mnote: [1;39mcandidate requires that 'RiskLevel' conform to 'PersistentModel' (requirement specified as 'Value' : 'PersistentModel')[0;0m
[0;36m1 |[0;0m protocol BackingData {
[0;36m2 |[0;0m func setValue<Value>(forKey: KeyPath<Self.Model, Value>, to newValue: Value) where Value : PersistentModel}
  [0;36m|[0;0m      `- [1;39mnote: [1;39mcandidate requires that 'RiskLevel' conform to 'PersistentModel' (requirement specified as 'Value' : 'PersistentModel')[0;0m
[0;36m3 |[0;0m 

SwiftData.BackingData.setValue:2:6: [1;39mnote: [1;39mcandidate requires that 'RiskLevel' conform to 'RelationshipCollection' (requirement specified as 'Value' : 'RelationshipCollection')[0;0m
[0;36m1 |[0;0m protocol BackingData {
[0;36m2 |[0;0m func setValue<Value, OtherModel>(forKey: KeyPath<Self.Model, Value>, to newValue: Value) where Value : RelationshipCollection, OtherModel == Value.PersistentElement}
  [0;36m|[0;0m      `- [1;39mnote: [1;39mcandidate requires that 'RiskLevel' conform to 'RelationshipCollection' (requirement specified as 'Value' : 'RelationshipCollection')[0;0m
[0;36m3 |[0;0m 

macro expansion @_PersistedProperty:9:21: [1;31merror: [1;39mno exact matches in call to instance method 'getValue'[0;0m
`- /Users/danielstevens/github-projects/tools-automation/MomentumFinance/Shared/RootFinancialInsightModels.swift:231:36: [1;39mnote: [1;39mexpanded code originates here[0;0m
[0;36m229 |[0;0m     public var actionRecommendations: [String]  // AI-generated action items
[0;36m230 |[0;0m     public var potentialSavings: Double?  // Estimated savings if action is taken
[0;36m231 |[0;0m     public var riskLevel: RiskLevel  // Associated risk level
[0;36m    +--- [0;0mmacro expansion @_PersistedProperty [0;36m---------------------------[0;0m
[0;36m    |[0;0m [0;36m7 |[0;0m     get {
[0;36m    |[0;0m [0;36m8 |[0;0m         _$observationRegistrar.access(self, keyPath: \.riskLevel)
[0;36m    |[0;0m [0;36m9 |[0;0m         return self.getValue(forKey: \.riskLevel)
[0;36m    |[0;0m   [0;36m|[0;0m                     `- [1;31merror: [1;39mno exact matches in call to instance method 'getValue'[0;0m
[0;36m    |[0;0m[0;36m10 |[0;0m     }
[0;36m    |[0;0m[0;36m11 |[0;0m     set {
[0;36m    +----------------------------------------[0;0m[0;36m---------------------------[0;0m
[0;36m232 |[0;0m     public var aiAnalysisVersion: String  // Version of AI model used for analysis
[0;36m233 |[0;0m     public var contextualTags: [String]  // Tags for better categorization

SwiftData.PersistentModel.getValue:2:13: [1;39mnote: [1;39mcandidate requires that 'RiskLevel' conform to 'PersistentModel' (requirement specified as 'Value' : 'PersistentModel')[0;0m
[0;36m1 |[0;0m protocol PersistentModel {
[0;36m2 |[0;0m public func getValue<Value>(forKey: KeyPath<Self, Value>) -> Value where Value : PersistentModel}
  [0;36m|[0;0m             `- [1;39mnote: [1;39mcandidate requires that 'RiskLevel' conform to 'PersistentModel' (requirement specified as 'Value' : 'PersistentModel')[0;0m
[0;36m3 |[0;0m 

SwiftData.PersistentModel.getValue:2:13: [1;39mnote: [1;39mcandidate requires that 'RiskLevel' conform to 'RelationshipCollection' (requirement specified as 'Value' : 'RelationshipCollection')[0;0m
[0;36m1 |[0;0m protocol PersistentModel {
[0;36m2 |[0;0m public func getValue<Value, OtherModel>(forKey: KeyPath<Self, Value>) -> Value where Value : RelationshipCollection, OtherModel == Value.PersistentElement}
  [0;36m|[0;0m             `- [1;39mnote: [1;39mcandidate requires that 'RiskLevel' conform to 'RelationshipCollection' (requirement specified as 'Value' : 'RelationshipCollection')[0;0m
[0;36m3 |[0;0m 

macro expansion @_PersistedProperty:13:18: [1;31merror: [1;39mno exact matches in call to instance method 'setValue'[0;0m
`- /Users/danielstevens/github-projects/tools-automation/MomentumFinance/Shared/RootFinancialInsightModels.swift:231:36: [1;39mnote: [1;39mexpanded code originates here[0;0m
[0;36m229 |[0;0m     public var actionRecommendations: [String]  // AI-generated action items
[0;36m230 |[0;0m     public var potentialSavings: Double?  // Estimated savings if action is taken
[0;36m231 |[0;0m     public var riskLevel: RiskLevel  // Associated risk level
[0;36m    +--- [0;0mmacro expansion @_PersistedProperty [0;36m---------------------------[0;0m
[0;36m    |[0;0m[0;36m11 |[0;0m     set {
[0;36m    |[0;0m[0;36m12 |[0;0m         _$observationRegistrar.withMutation(of: self, keyPath: \.riskLevel) {
[0;36m    |[0;0m[0;36m13 |[0;0m             self.setValue(forKey: \.riskLevel, to: newValue)
[0;36m    |[0;0m   [0;36m|[0;0m                  `- [1;31merror: [1;39mno exact matches in call to instance method 'setValue'[0;0m
[0;36m    |[0;0m[0;36m14 |[0;0m         }
[0;36m    |[0;0m[0;36m15 |[0;0m     }
[0;36m    +----------------------------------------[0;0m[0;36m---------------------------[0;0m
[0;36m232 |[0;0m     public var aiAnalysisVersion: String  // Version of AI model used for analysis
[0;36m233 |[0;0m     public var contextualTags: [String]  // Tags for better categorization

SwiftData.PersistentModel.setValue:2:13: [1;39mnote: [1;39mcandidate requires that 'RiskLevel' conform to 'PersistentModel' (requirement specified as 'Value' : 'PersistentModel')[0;0m
[0;36m1 |[0;0m protocol PersistentModel {
[0;36m2 |[0;0m public func setValue<Value>(forKey: KeyPath<Self, Value>, to newValue: Value) where Value : PersistentModel}
  [0;36m|[0;0m             `- [1;39mnote: [1;39mcandidate requires that 'RiskLevel' conform to 'PersistentModel' (requirement specified as 'Value' : 'PersistentModel')[0;0m
[0;36m3 |[0;0m 

SwiftData.PersistentModel.setValue:2:13: [1;39mnote: [1;39mcandidate requires that 'RiskLevel' conform to 'RelationshipCollection' (requirement specified as 'Value' : 'RelationshipCollection')[0;0m
[0;36m1 |[0;0m protocol PersistentModel {
[0;36m2 |[0;0m public func setValue<Value, OtherModel>(forKey: KeyPath<Self, Value>, to newValue: Value) where Value : RelationshipCollection, OtherModel == Value.PersistentElement}
  [0;36m|[0;0m             `- [1;39mnote: [1;39mcandidate requires that 'RiskLevel' conform to 'RelationshipCollection' (requirement specified as 'Value' : 'RelationshipCollection')[0;0m
[0;36m3 |[0;0m 

/Users/danielstevens/github-projects/tools-automation/MomentumFinance/Shared/Services/FinancialServices.swift:123:19: [1;33mwarning: [1;39mvalue 'columnName' was defined but never used; consider replacing with boolean test[0;0m [#no-usage]
[0;36m121 |[0;0m 
[0;36m122 |[0;0m     private func getColumnIndex(for columnName: String?, in _: [String]) -> Int? {
[0;36m123 |[0;0m         guard let columnName else { return nil }
    [0;36m|[0;0m                   `- [1;33mwarning: [1;39mvalue 'columnName' was defined but never used; consider replacing with boolean test[0;0m [#no-usage]
[0;36m124 |[0;0m         // This is a simplified implementation - in a real app you'd have proper CSV parsing
[0;36m125 |[0;0m         return 0  // Placeholder
[107/148] Compiling Shared RootFinancialInsightModels.swift
macro expansion @_PersistedProperty:4:23: [1;31merror: [1;39mno exact matches in call to instance method 'setValue'[0;0m
`- /Users/danielstevens/github-projects/tools-automation/MomentumFinance/Shared/RootFinancialInsightModels.swift:216:41: [1;39mnote: [1;39mexpanded code originates here[0;0m
[0;36m214 |[0;0m     public var title: String
[0;36m215 |[0;0m     public var insightDescription: String  // Renamed from 'description' to avoid SwiftData conflict
[0;36m216 |[0;0m     public var priority: InsightPriority
[0;36m    +--- [0;0mmacro expansion @_PersistedProperty [0;36m---------------------------[0;0m
[0;36m    |[0;0m [0;36m2 |[0;0m     @storageRestrictions(accesses: _$backingData, initializes: _priority)
[0;36m    |[0;0m [0;36m3 |[0;0m     init(initialValue) {
[0;36m    |[0;0m [0;36m4 |[0;0m         _$backingData.setValue(forKey: \.priority, to: initialValue)
[0;36m    |[0;0m   [0;36m|[0;0m                       `- [1;31merror: [1;39mno exact matches in call to instance method 'setValue'[0;0m
[0;36m    |[0;0m [0;36m5 |[0;0m         _priority = _SwiftDataNoType()
[0;36m    |[0;0m [0;36m6 |[0;0m     }
[0;36m    +----------------------------------------[0;0m[0;36m---------------------------[0;0m
[0;36m217 |[0;0m     public var type: InsightType
[0;36m218 |[0;0m     public var confidence: Double  // 0.0 to 1.0

SwiftData.BackingData.setValue:2:6: [1;39mnote: [1;39mcandidate requires that 'InsightPriority' conform to 'PersistentModel' (requirement specified as 'Value' : 'PersistentModel')[0;0m
[0;36m1 |[0;0m protocol BackingData {
[0;36m2 |[0;0m func setValue<Value>(forKey: KeyPath<Self.Model, Value>, to newValue: Value) where Value : PersistentModel}
  [0;36m|[0;0m      `- [1;39mnote: [1;39mcandidate requires that 'InsightPriority' conform to 'PersistentModel' (requirement specified as 'Value' : 'PersistentModel')[0;0m
[0;36m3 |[0;0m 

SwiftData.BackingData.setValue:2:6: [1;39mnote: [1;39mcandidate requires that 'InsightPriority' conform to 'RelationshipCollection' (requirement specified as 'Value' : 'RelationshipCollection')[0;0m
[0;36m1 |[0;0m protocol BackingData {
[0;36m2 |[0;0m func setValue<Value, OtherModel>(forKey: KeyPath<Self.Model, Value>, to newValue: Value) where Value : RelationshipCollection, OtherModel == Value.PersistentElement}
  [0;36m|[0;0m      `- [1;39mnote: [1;39mcandidate requires that 'InsightPriority' conform to 'RelationshipCollection' (requirement specified as 'Value' : 'RelationshipCollection')[0;0m
[0;36m3 |[0;0m 

macro expansion @_PersistedProperty:9:21: [1;31merror: [1;39mno exact matches in call to instance method 'getValue'[0;0m
`- /Users/danielstevens/github-projects/tools-automation/MomentumFinance/Shared/RootFinancialInsightModels.swift:216:41: [1;39mnote: [1;39mexpanded code originates here[0;0m
[0;36m214 |[0;0m     public var title: String
[0;36m215 |[0;0m     public var insightDescription: String  // Renamed from 'description' to avoid SwiftData conflict
[0;36m216 |[0;0m     public var priority: InsightPriority
[0;36m    +--- [0;0mmacro expansion @_PersistedProperty [0;36m---------------------------[0;0m
[0;36m    |[0;0m [0;36m7 |[0;0m     get {
[0;36m    |[0;0m [0;36m8 |[0;0m         _$observationRegistrar.access(self, keyPath: \.priority)
[0;36m    |[0;0m [0;36m9 |[0;0m         return self.getValue(forKey: \.priority)
[0;36m    |[0;0m   [0;36m|[0;0m                     `- [1;31merror: [1;39mno exact matches in call to instance method 'getValue'[0;0m
[0;36m    |[0;0m[0;36m10 |[0;0m     }
[0;36m    |[0;0m[0;36m11 |[0;0m     set {
[0;36m    +----------------------------------------[0;0m[0;36m---------------------------[0;0m
[0;36m217 |[0;0m     public var type: InsightType
[0;36m218 |[0;0m     public var confidence: Double  // 0.0 to 1.0

SwiftData.PersistentModel.getValue:2:13: [1;39mnote: [1;39mcandidate requires that 'InsightPriority' conform to 'PersistentModel' (requirement specified as 'Value' : 'PersistentModel')[0;0m
[0;36m1 |[0;0m protocol PersistentModel {
[0;36m2 |[0;0m public func getValue<Value>(forKey: KeyPath<Self, Value>) -> Value where Value : PersistentModel}
  [0;36m|[0;0m             `- [1;39mnote: [1;39mcandidate requires that 'InsightPriority' conform to 'PersistentModel' (requirement specified as 'Value' : 'PersistentModel')[0;0m
[0;36m3 |[0;0m 

SwiftData.PersistentModel.getValue:2:13: [1;39mnote: [1;39mcandidate requires that 'InsightPriority' conform to 'RelationshipCollection' (requirement specified as 'Value' : 'RelationshipCollection')[0;0m
[0;36m1 |[0;0m protocol PersistentModel {
[0;36m2 |[0;0m public func getValue<Value, OtherModel>(forKey: KeyPath<Self, Value>) -> Value where Value : RelationshipCollection, OtherModel == Value.PersistentElement}
  [0;36m|[0;0m             `- [1;39mnote: [1;39mcandidate requires that 'InsightPriority' conform to 'RelationshipCollection' (requirement specified as 'Value' : 'RelationshipCollection')[0;0m
[0;36m3 |[0;0m 

macro expansion @_PersistedProperty:13:18: [1;31merror: [1;39mno exact matches in call to instance method 'setValue'[0;0m
`- /Users/danielstevens/github-projects/tools-automation/MomentumFinance/Shared/RootFinancialInsightModels.swift:216:41: [1;39mnote: [1;39mexpanded code originates here[0;0m
[0;36m214 |[0;0m     public var title: String
[0;36m215 |[0;0m     public var insightDescription: String  // Renamed from 'description' to avoid SwiftData conflict
[0;36m216 |[0;0m     public var priority: InsightPriority
[0;36m    +--- [0;0mmacro expansion @_PersistedProperty [0;36m---------------------------[0;0m
[0;36m    |[0;0m[0;36m11 |[0;0m     set {
[0;36m    |[0;0m[0;36m12 |[0;0m         _$observationRegistrar.withMutation(of: self, keyPath: \.priority) {
[0;36m    |[0;0m[0;36m13 |[0;0m             self.setValue(forKey: \.priority, to: newValue)
[0;36m    |[0;0m   [0;36m|[0;0m                  `- [1;31merror: [1;39mno exact matches in call to instance method 'setValue'[0;0m
[0;36m    |[0;0m[0;36m14 |[0;0m         }
[0;36m    |[0;0m[0;36m15 |[0;0m     }
[0;36m    +----------------------------------------[0;0m[0;36m---------------------------[0;0m
[0;36m217 |[0;0m     public var type: InsightType
[0;36m218 |[0;0m     public var confidence: Double  // 0.0 to 1.0

SwiftData.PersistentModel.setValue:2:13: [1;39mnote: [1;39mcandidate requires that 'InsightPriority' conform to 'PersistentModel' (requirement specified as 'Value' : 'PersistentModel')[0;0m
[0;36m1 |[0;0m protocol PersistentModel {
[0;36m2 |[0;0m public func setValue<Value>(forKey: KeyPath<Self, Value>, to newValue: Value) where Value : PersistentModel}
  [0;36m|[0;0m             `- [1;39mnote: [1;39mcandidate requires that 'InsightPriority' conform to 'PersistentModel' (requirement specified as 'Value' : 'PersistentModel')[0;0m
[0;36m3 |[0;0m 

SwiftData.PersistentModel.setValue:2:13: [1;39mnote: [1;39mcandidate requires that 'InsightPriority' conform to 'RelationshipCollection' (requirement specified as 'Value' : 'RelationshipCollection')[0;0m
[0;36m1 |[0;0m protocol PersistentModel {
[0;36m2 |[0;0m public func setValue<Value, OtherModel>(forKey: KeyPath<Self, Value>, to newValue: Value) where Value : RelationshipCollection, OtherModel == Value.PersistentElement}
  [0;36m|[0;0m             `- [1;39mnote: [1;39mcandidate requires that 'InsightPriority' conform to 'RelationshipCollection' (requirement specified as 'Value' : 'RelationshipCollection')[0;0m
[0;36m3 |[0;0m 

macro expansion @_PersistedProperty:4:23: [1;31merror: [1;39mno exact matches in call to instance method 'setValue'[0;0m
`- /Users/danielstevens/github-projects/tools-automation/MomentumFinance/Shared/RootFinancialInsightModels.swift:217:33: [1;39mnote: [1;39mexpanded code originates here[0;0m
[0;36m215 |[0;0m     public var insightDescription: String  // Renamed from 'description' to avoid SwiftData conflict
[0;36m216 |[0;0m     public var priority: InsightPriority
[0;36m217 |[0;0m     public var type: InsightType
[0;36m    +--- [0;0mmacro expansion @_PersistedProperty [0;36m---------------------------[0;0m
[0;36m    |[0;0m [0;36m2 |[0;0m     @storageRestrictions(accesses: _$backingData, initializes: _type)
[0;36m    |[0;0m [0;36m3 |[0;0m     init(initialValue) {
[0;36m    |[0;0m [0;36m4 |[0;0m         _$backingData.setValue(forKey: \.type, to: initialValue)
[0;36m    |[0;0m   [0;36m|[0;0m                       `- [1;31merror: [1;39mno exact matches in call to instance method 'setValue'[0;0m
[0;36m    |[0;0m [0;36m5 |[0;0m         _type = _SwiftDataNoType()
[0;36m    |[0;0m [0;36m6 |[0;0m     }
[0;36m    +----------------------------------------[0;0m[0;36m---------------------------[0;0m
[0;36m218 |[0;0m     public var confidence: Double  // 0.0 to 1.0
[0;36m219 |[0;0m     public var createdAt: Date

SwiftData.BackingData.setValue:2:6: [1;39mnote: [1;39mcandidate requires that 'InsightType' conform to 'PersistentModel' (requirement specified as 'Value' : 'PersistentModel')[0;0m
[0;36m1 |[0;0m protocol BackingData {
[0;36m2 |[0;0m func setValue<Value>(forKey: KeyPath<Self.Model, Value>, to newValue: Value) where Value : PersistentModel}
  [0;36m|[0;0m      `- [1;39mnote: [1;39mcandidate requires that 'InsightType' conform to 'PersistentModel' (requirement specified as 'Value' : 'PersistentModel')[0;0m
[0;36m3 |[0;0m 

SwiftData.BackingData.setValue:2:6: [1;39mnote: [1;39mcandidate requires that 'InsightType' conform to 'RelationshipCollection' (requirement specified as 'Value' : 'RelationshipCollection')[0;0m
[0;36m1 |[0;0m protocol BackingData {
[0;36m2 |[0;0m func setValue<Value, OtherModel>(forKey: KeyPath<Self.Model, Value>, to newValue: Value) where Value : RelationshipCollection, OtherModel == Value.PersistentElement}
  [0;36m|[0;0m      `- [1;39mnote: [1;39mcandidate requires that 'InsightType' conform to 'RelationshipCollection' (requirement specified as 'Value' : 'RelationshipCollection')[0;0m
[0;36m3 |[0;0m 

macro expansion @_PersistedProperty:9:21: [1;31merror: [1;39mno exact matches in call to instance method 'getValue'[0;0m
`- /Users/danielstevens/github-projects/tools-automation/MomentumFinance/Shared/RootFinancialInsightModels.swift:217:33: [1;39mnote: [1;39mexpanded code originates here[0;0m
[0;36m215 |[0;0m     public var insightDescription: String  // Renamed from 'description' to avoid SwiftData conflict
[0;36m216 |[0;0m     public var priority: InsightPriority
[0;36m217 |[0;0m     public var type: InsightType
[0;36m    +--- [0;0mmacro expansion @_PersistedProperty [0;36m---------------------------[0;0m
[0;36m    |[0;0m [0;36m7 |[0;0m     get {
[0;36m    |[0;0m [0;36m8 |[0;0m         _$observationRegistrar.access(self, keyPath: \.type)
[0;36m    |[0;0m [0;36m9 |[0;0m         return self.getValue(forKey: \.type)
[0;36m    |[0;0m   [0;36m|[0;0m                     `- [1;31merror: [1;39mno exact matches in call to instance method 'getValue'[0;0m
[0;36m    |[0;0m[0;36m10 |[0;0m     }
[0;36m    |[0;0m[0;36m11 |[0;0m     set {
[0;36m    +----------------------------------------[0;0m[0;36m---------------------------[0;0m
[0;36m218 |[0;0m     public var confidence: Double  // 0.0 to 1.0
[0;36m219 |[0;0m     public var createdAt: Date

SwiftData.PersistentModel.getValue:2:13: [1;39mnote: [1;39mcandidate requires that 'InsightType' conform to 'PersistentModel' (requirement specified as 'Value' : 'PersistentModel')[0;0m
[0;36m1 |[0;0m protocol PersistentModel {
[0;36m2 |[0;0m public func getValue<Value>(forKey: KeyPath<Self, Value>) -> Value where Value : PersistentModel}
  [0;36m|[0;0m             `- [1;39mnote: [1;39mcandidate requires that 'InsightType' conform to 'PersistentModel' (requirement specified as 'Value' : 'PersistentModel')[0;0m
[0;36m3 |[0;0m 

SwiftData.PersistentModel.getValue:2:13: [1;39mnote: [1;39mcandidate requires that 'InsightType' conform to 'RelationshipCollection' (requirement specified as 'Value' : 'RelationshipCollection')[0;0m
[0;36m1 |[0;0m protocol PersistentModel {
[0;36m2 |[0;0m public func getValue<Value, OtherModel>(forKey: KeyPath<Self, Value>) -> Value where Value : RelationshipCollection, OtherModel == Value.PersistentElement}
  [0;36m|[0;0m             `- [1;39mnote: [1;39mcandidate requires that 'InsightType' conform to 'RelationshipCollection' (requirement specified as 'Value' : 'RelationshipCollection')[0;0m
[0;36m3 |[0;0m 

macro expansion @_PersistedProperty:13:18: [1;31merror: [1;39mno exact matches in call to instance method 'setValue'[0;0m
`- /Users/danielstevens/github-projects/tools-automation/MomentumFinance/Shared/RootFinancialInsightModels.swift:217:33: [1;39mnote: [1;39mexpanded code originates here[0;0m
[0;36m215 |[0;0m     public var insightDescription: String  // Renamed from 'description' to avoid SwiftData conflict
[0;36m216 |[0;0m     public var priority: InsightPriority
[0;36m217 |[0;0m     public var type: InsightType
[0;36m    +--- [0;0mmacro expansion @_PersistedProperty [0;36m---------------------------[0;0m
[0;36m    |[0;0m[0;36m11 |[0;0m     set {
[0;36m    |[0;0m[0;36m12 |[0;0m         _$observationRegistrar.withMutation(of: self, keyPath: \.type) {
[0;36m    |[0;0m[0;36m13 |[0;0m             self.setValue(forKey: \.type, to: newValue)
[0;36m    |[0;0m   [0;36m|[0;0m                  `- [1;31merror: [1;39mno exact matches in call to instance method 'setValue'[0;0m
[0;36m    |[0;0m[0;36m14 |[0;0m         }
[0;36m    |[0;0m[0;36m15 |[0;0m     }
[0;36m    +----------------------------------------[0;0m[0;36m---------------------------[0;0m
[0;36m218 |[0;0m     public var confidence: Double  // 0.0 to 1.0
[0;36m219 |[0;0m     public var createdAt: Date

SwiftData.PersistentModel.setValue:2:13: [1;39mnote: [1;39mcandidate requires that 'InsightType' conform to 'PersistentModel' (requirement specified as 'Value' : 'PersistentModel')[0;0m
[0;36m1 |[0;0m protocol PersistentModel {
[0;36m2 |[0;0m public func setValue<Value>(forKey: KeyPath<Self, Value>, to newValue: Value) where Value : PersistentModel}
  [0;36m|[0;0m             `- [1;39mnote: [1;39mcandidate requires that 'InsightType' conform to 'PersistentModel' (requirement specified as 'Value' : 'PersistentModel')[0;0m
[0;36m3 |[0;0m 

SwiftData.PersistentModel.setValue:2:13: [1;39mnote: [1;39mcandidate requires that 'InsightType' conform to 'RelationshipCollection' (requirement specified as 'Value' : 'RelationshipCollection')[0;0m
[0;36m1 |[0;0m protocol PersistentModel {
[0;36m2 |[0;0m public func setValue<Value, OtherModel>(forKey: KeyPath<Self, Value>, to newValue: Value) where Value : RelationshipCollection, OtherModel == Value.PersistentElement}
  [0;36m|[0;0m             `- [1;39mnote: [1;39mcandidate requires that 'InsightType' conform to 'RelationshipCollection' (requirement specified as 'Value' : 'RelationshipCollection')[0;0m
[0;36m3 |[0;0m 

macro expansion @_PersistedProperty:4:23: [1;31merror: [1;39mno exact matches in call to instance method 'setValue'[0;0m
`- /Users/danielstevens/github-projects/tools-automation/MomentumFinance/Shared/RootFinancialInsightModels.swift:231:36: [1;39mnote: [1;39mexpanded code originates here[0;0m
[0;36m229 |[0;0m     public var actionRecommendations: [String]  // AI-generated action items
[0;36m230 |[0;0m     public var potentialSavings: Double?  // Estimated savings if action is taken
[0;36m231 |[0;0m     public var riskLevel: RiskLevel  // Associated risk level
[0;36m    +--- [0;0mmacro expansion @_PersistedProperty [0;36m---------------------------[0;0m
[0;36m    |[0;0m [0;36m2 |[0;0m     @storageRestrictions(accesses: _$backingData, initializes: _riskLevel)
[0;36m    |[0;0m [0;36m3 |[0;0m     init(initialValue) {
[0;36m    |[0;0m [0;36m4 |[0;0m         _$backingData.setValue(forKey: \.riskLevel, to: initialValue)
[0;36m    |[0;0m   [0;36m|[0;0m                       `- [1;31merror: [1;39mno exact matches in call to instance method 'setValue'[0;0m
[0;36m    |[0;0m [0;36m5 |[0;0m         _riskLevel = _SwiftDataNoType()
[0;36m    |[0;0m [0;36m6 |[0;0m     }
[0;36m    +----------------------------------------[0;0m[0;36m---------------------------[0;0m
[0;36m232 |[0;0m     public var aiAnalysisVersion: String  // Version of AI model used for analysis
[0;36m233 |[0;0m     public var contextualTags: [String]  // Tags for better categorization

SwiftData.BackingData.setValue:2:6: [1;39mnote: [1;39mcandidate requires that 'RiskLevel' conform to 'PersistentModel' (requirement specified as 'Value' : 'PersistentModel')[0;0m
[0;36m1 |[0;0m protocol BackingData {
[0;36m2 |[0;0m func setValue<Value>(forKey: KeyPath<Self.Model, Value>, to newValue: Value) where Value : PersistentModel}
  [0;36m|[0;0m      `- [1;39mnote: [1;39mcandidate requires that 'RiskLevel' conform to 'PersistentModel' (requirement specified as 'Value' : 'PersistentModel')[0;0m
[0;36m3 |[0;0m 

SwiftData.BackingData.setValue:2:6: [1;39mnote: [1;39mcandidate requires that 'RiskLevel' conform to 'RelationshipCollection' (requirement specified as 'Value' : 'RelationshipCollection')[0;0m
[0;36m1 |[0;0m protocol BackingData {
[0;36m2 |[0;0m func setValue<Value, OtherModel>(forKey: KeyPath<Self.Model, Value>, to newValue: Value) where Value : RelationshipCollection, OtherModel == Value.PersistentElement}
  [0;36m|[0;0m      `- [1;39mnote: [1;39mcandidate requires that 'RiskLevel' conform to 'RelationshipCollection' (requirement specified as 'Value' : 'RelationshipCollection')[0;0m
[0;36m3 |[0;0m 

macro expansion @_PersistedProperty:9:21: [1;31merror: [1;39mno exact matches in call to instance method 'getValue'[0;0m
`- /Users/danielstevens/github-projects/tools-automation/MomentumFinance/Shared/RootFinancialInsightModels.swift:231:36: [1;39mnote: [1;39mexpanded code originates here[0;0m
[0;36m229 |[0;0m     public var actionRecommendations: [String]  // AI-generated action items
[0;36m230 |[0;0m     public var potentialSavings: Double?  // Estimated savings if action is taken
[0;36m231 |[0;0m     public var riskLevel: RiskLevel  // Associated risk level
[0;36m    +--- [0;0mmacro expansion @_PersistedProperty [0;36m---------------------------[0;0m
[0;36m    |[0;0m [0;36m7 |[0;0m     get {
[0;36m    |[0;0m [0;36m8 |[0;0m         _$observationRegistrar.access(self, keyPath: \.riskLevel)
[0;36m    |[0;0m [0;36m9 |[0;0m         return self.getValue(forKey: \.riskLevel)
[0;36m    |[0;0m   [0;36m|[0;0m                     `- [1;31merror: [1;39mno exact matches in call to instance method 'getValue'[0;0m
[0;36m    |[0;0m[0;36m10 |[0;0m     }
[0;36m    |[0;0m[0;36m11 |[0;0m     set {
[0;36m    +----------------------------------------[0;0m[0;36m---------------------------[0;0m
[0;36m232 |[0;0m     public var aiAnalysisVersion: String  // Version of AI model used for analysis
[0;36m233 |[0;0m     public var contextualTags: [String]  // Tags for better categorization

SwiftData.PersistentModel.getValue:2:13: [1;39mnote: [1;39mcandidate requires that 'RiskLevel' conform to 'PersistentModel' (requirement specified as 'Value' : 'PersistentModel')[0;0m
[0;36m1 |[0;0m protocol PersistentModel {
[0;36m2 |[0;0m public func getValue<Value>(forKey: KeyPath<Self, Value>) -> Value where Value : PersistentModel}
  [0;36m|[0;0m             `- [1;39mnote: [1;39mcandidate requires that 'RiskLevel' conform to 'PersistentModel' (requirement specified as 'Value' : 'PersistentModel')[0;0m
[0;36m3 |[0;0m 

SwiftData.PersistentModel.getValue:2:13: [1;39mnote: [1;39mcandidate requires that 'RiskLevel' conform to 'RelationshipCollection' (requirement specified as 'Value' : 'RelationshipCollection')[0;0m
[0;36m1 |[0;0m protocol PersistentModel {
[0;36m2 |[0;0m public func getValue<Value, OtherModel>(forKey: KeyPath<Self, Value>) -> Value where Value : RelationshipCollection, OtherModel == Value.PersistentElement}
  [0;36m|[0;0m             `- [1;39mnote: [1;39mcandidate requires that 'RiskLevel' conform to 'RelationshipCollection' (requirement specified as 'Value' : 'RelationshipCollection')[0;0m
[0;36m3 |[0;0m 

macro expansion @_PersistedProperty:13:18: [1;31merror: [1;39mno exact matches in call to instance method 'setValue'[0;0m
`- /Users/danielstevens/github-projects/tools-automation/MomentumFinance/Shared/RootFinancialInsightModels.swift:231:36: [1;39mnote: [1;39mexpanded code originates here[0;0m
[0;36m229 |[0;0m     public var actionRecommendations: [String]  // AI-generated action items
[0;36m230 |[0;0m     public var potentialSavings: Double?  // Estimated savings if action is taken
[0;36m231 |[0;0m     public var riskLevel: RiskLevel  // Associated risk level
[0;36m    +--- [0;0mmacro expansion @_PersistedProperty [0;36m---------------------------[0;0m
[0;36m    |[0;0m[0;36m11 |[0;0m     set {
[0;36m    |[0;0m[0;36m12 |[0;0m         _$observationRegistrar.withMutation(of: self, keyPath: \.riskLevel) {
[0;36m    |[0;0m[0;36m13 |[0;0m             self.setValue(forKey: \.riskLevel, to: newValue)
[0;36m    |[0;0m   [0;36m|[0;0m                  `- [1;31merror: [1;39mno exact matches in call to instance method 'setValue'[0;0m
[0;36m    |[0;0m[0;36m14 |[0;0m         }
[0;36m    |[0;0m[0;36m15 |[0;0m     }
[0;36m    +----------------------------------------[0;0m[0;36m---------------------------[0;0m
[0;36m232 |[0;0m     public var aiAnalysisVersion: String  // Version of AI model used for analysis
[0;36m233 |[0;0m     public var contextualTags: [String]  // Tags for better categorization

SwiftData.PersistentModel.setValue:2:13: [1;39mnote: [1;39mcandidate requires that 'RiskLevel' conform to 'PersistentModel' (requirement specified as 'Value' : 'PersistentModel')[0;0m
[0;36m1 |[0;0m protocol PersistentModel {
[0;36m2 |[0;0m public func setValue<Value>(forKey: KeyPath<Self, Value>, to newValue: Value) where Value : PersistentModel}
  [0;36m|[0;0m             `- [1;39mnote: [1;39mcandidate requires that 'RiskLevel' conform to 'PersistentModel' (requirement specified as 'Value' : 'PersistentModel')[0;0m
[0;36m3 |[0;0m 

SwiftData.PersistentModel.setValue:2:13: [1;39mnote: [1;39mcandidate requires that 'RiskLevel' conform to 'RelationshipCollection' (requirement specified as 'Value' : 'RelationshipCollection')[0;0m
[0;36m1 |[0;0m protocol PersistentModel {
[0;36m2 |[0;0m public func setValue<Value, OtherModel>(forKey: KeyPath<Self, Value>, to newValue: Value) where Value : RelationshipCollection, OtherModel == Value.PersistentElement}
  [0;36m|[0;0m             `- [1;39mnote: [1;39mcandidate requires that 'RiskLevel' conform to 'RelationshipCollection' (requirement specified as 'Value' : 'RelationshipCollection')[0;0m
[0;36m3 |[0;0m 

/Users/danielstevens/github-projects/tools-automation/MomentumFinance/Shared/Services/FinancialServices.swift:123:19: [1;33mwarning: [1;39mvalue 'columnName' was defined but never used; consider replacing with boolean test[0;0m [#no-usage]
[0;36m121 |[0;0m 
[0;36m122 |[0;0m     private func getColumnIndex(for columnName: String?, in _: [String]) -> Int? {
[0;36m123 |[0;0m         guard let columnName else { return nil }
    [0;36m|[0;0m                   `- [1;33mwarning: [1;39mvalue 'columnName' was defined but never used; consider replacing with boolean test[0;0m [#no-usage]
[0;36m124 |[0;0m         // This is a simplified implementation - in a real app you'd have proper CSV parsing
[0;36m125 |[0;0m         return 0  // Placeholder
[108/148] Compiling Shared SearchTypes.swift
macro expansion @_PersistedProperty:4:23: [1;31merror: [1;39mno exact matches in call to instance method 'setValue'[0;0m
`- /Users/danielstevens/github-projects/tools-automation/MomentumFinance/Shared/RootFinancialInsightModels.swift:216:41: [1;39mnote: [1;39mexpanded code originates here[0;0m
[0;36m214 |[0;0m     public var title: String
[0;36m215 |[0;0m     public var insightDescription: String  // Renamed from 'description' to avoid SwiftData conflict
[0;36m216 |[0;0m     public var priority: InsightPriority
[0;36m    +--- [0;0mmacro expansion @_PersistedProperty [0;36m---------------------------[0;0m
[0;36m    |[0;0m [0;36m2 |[0;0m     @storageRestrictions(accesses: _$backingData, initializes: _priority)
[0;36m    |[0;0m [0;36m3 |[0;0m     init(initialValue) {
[0;36m    |[0;0m [0;36m4 |[0;0m         _$backingData.setValue(forKey: \.priority, to: initialValue)
[0;36m    |[0;0m   [0;36m|[0;0m                       `- [1;31merror: [1;39mno exact matches in call to instance method 'setValue'[0;0m
[0;36m    |[0;0m [0;36m5 |[0;0m         _priority = _SwiftDataNoType()
[0;36m    |[0;0m [0;36m6 |[0;0m     }
[0;36m    +----------------------------------------[0;0m[0;36m---------------------------[0;0m
[0;36m217 |[0;0m     public var type: InsightType
[0;36m218 |[0;0m     public var confidence: Double  // 0.0 to 1.0

SwiftData.BackingData.setValue:2:6: [1;39mnote: [1;39mcandidate requires that 'InsightPriority' conform to 'PersistentModel' (requirement specified as 'Value' : 'PersistentModel')[0;0m
[0;36m1 |[0;0m protocol BackingData {
[0;36m2 |[0;0m func setValue<Value>(forKey: KeyPath<Self.Model, Value>, to newValue: Value) where Value : PersistentModel}
  [0;36m|[0;0m      `- [1;39mnote: [1;39mcandidate requires that 'InsightPriority' conform to 'PersistentModel' (requirement specified as 'Value' : 'PersistentModel')[0;0m
[0;36m3 |[0;0m 

SwiftData.BackingData.setValue:2:6: [1;39mnote: [1;39mcandidate requires that 'InsightPriority' conform to 'RelationshipCollection' (requirement specified as 'Value' : 'RelationshipCollection')[0;0m
[0;36m1 |[0;0m protocol BackingData {
[0;36m2 |[0;0m func setValue<Value, OtherModel>(forKey: KeyPath<Self.Model, Value>, to newValue: Value) where Value : RelationshipCollection, OtherModel == Value.PersistentElement}
  [0;36m|[0;0m      `- [1;39mnote: [1;39mcandidate requires that 'InsightPriority' conform to 'RelationshipCollection' (requirement specified as 'Value' : 'RelationshipCollection')[0;0m
[0;36m3 |[0;0m 

macro expansion @_PersistedProperty:9:21: [1;31merror: [1;39mno exact matches in call to instance method 'getValue'[0;0m
`- /Users/danielstevens/github-projects/tools-automation/MomentumFinance/Shared/RootFinancialInsightModels.swift:216:41: [1;39mnote: [1;39mexpanded code originates here[0;0m
[0;36m214 |[0;0m     public var title: String
[0;36m215 |[0;0m     public var insightDescription: String  // Renamed from 'description' to avoid SwiftData conflict
[0;36m216 |[0;0m     public var priority: InsightPriority
[0;36m    +--- [0;0mmacro expansion @_PersistedProperty [0;36m---------------------------[0;0m
[0;36m    |[0;0m [0;36m7 |[0;0m     get {
[0;36m    |[0;0m [0;36m8 |[0;0m         _$observationRegistrar.access(self, keyPath: \.priority)
[0;36m    |[0;0m [0;36m9 |[0;0m         return self.getValue(forKey: \.priority)
[0;36m    |[0;0m   [0;36m|[0;0m                     `- [1;31merror: [1;39mno exact matches in call to instance method 'getValue'[0;0m
[0;36m    |[0;0m[0;36m10 |[0;0m     }
[0;36m    |[0;0m[0;36m11 |[0;0m     set {
[0;36m    +----------------------------------------[0;0m[0;36m---------------------------[0;0m
[0;36m217 |[0;0m     public var type: InsightType
[0;36m218 |[0;0m     public var confidence: Double  // 0.0 to 1.0

SwiftData.PersistentModel.getValue:2:13: [1;39mnote: [1;39mcandidate requires that 'InsightPriority' conform to 'PersistentModel' (requirement specified as 'Value' : 'PersistentModel')[0;0m
[0;36m1 |[0;0m protocol PersistentModel {
[0;36m2 |[0;0m public func getValue<Value>(forKey: KeyPath<Self, Value>) -> Value where Value : PersistentModel}
  [0;36m|[0;0m             `- [1;39mnote: [1;39mcandidate requires that 'InsightPriority' conform to 'PersistentModel' (requirement specified as 'Value' : 'PersistentModel')[0;0m
[0;36m3 |[0;0m 

SwiftData.PersistentModel.getValue:2:13: [1;39mnote: [1;39mcandidate requires that 'InsightPriority' conform to 'RelationshipCollection' (requirement specified as 'Value' : 'RelationshipCollection')[0;0m
[0;36m1 |[0;0m protocol PersistentModel {
[0;36m2 |[0;0m public func getValue<Value, OtherModel>(forKey: KeyPath<Self, Value>) -> Value where Value : RelationshipCollection, OtherModel == Value.PersistentElement}
  [0;36m|[0;0m             `- [1;39mnote: [1;39mcandidate requires that 'InsightPriority' conform to 'RelationshipCollection' (requirement specified as 'Value' : 'RelationshipCollection')[0;0m
[0;36m3 |[0;0m 

macro expansion @_PersistedProperty:13:18: [1;31merror: [1;39mno exact matches in call to instance method 'setValue'[0;0m
`- /Users/danielstevens/github-projects/tools-automation/MomentumFinance/Shared/RootFinancialInsightModels.swift:216:41: [1;39mnote: [1;39mexpanded code originates here[0;0m
[0;36m214 |[0;0m     public var title: String
[0;36m215 |[0;0m     public var insightDescription: String  // Renamed from 'description' to avoid SwiftData conflict
[0;36m216 |[0;0m     public var priority: InsightPriority
[0;36m    +--- [0;0mmacro expansion @_PersistedProperty [0;36m---------------------------[0;0m
[0;36m    |[0;0m[0;36m11 |[0;0m     set {
[0;36m    |[0;0m[0;36m12 |[0;0m         _$observationRegistrar.withMutation(of: self, keyPath: \.priority) {
[0;36m    |[0;0m[0;36m13 |[0;0m             self.setValue(forKey: \.priority, to: newValue)
[0;36m    |[0;0m   [0;36m|[0;0m                  `- [1;31merror: [1;39mno exact matches in call to instance method 'setValue'[0;0m
[0;36m    |[0;0m[0;36m14 |[0;0m         }
[0;36m    |[0;0m[0;36m15 |[0;0m     }
[0;36m    +----------------------------------------[0;0m[0;36m---------------------------[0;0m
[0;36m217 |[0;0m     public var type: InsightType
[0;36m218 |[0;0m     public var confidence: Double  // 0.0 to 1.0

SwiftData.PersistentModel.setValue:2:13: [1;39mnote: [1;39mcandidate requires that 'InsightPriority' conform to 'PersistentModel' (requirement specified as 'Value' : 'PersistentModel')[0;0m
[0;36m1 |[0;0m protocol PersistentModel {
[0;36m2 |[0;0m public func setValue<Value>(forKey: KeyPath<Self, Value>, to newValue: Value) where Value : PersistentModel}
  [0;36m|[0;0m             `- [1;39mnote: [1;39mcandidate requires that 'InsightPriority' conform to 'PersistentModel' (requirement specified as 'Value' : 'PersistentModel')[0;0m
[0;36m3 |[0;0m 

SwiftData.PersistentModel.setValue:2:13: [1;39mnote: [1;39mcandidate requires that 'InsightPriority' conform to 'RelationshipCollection' (requirement specified as 'Value' : 'RelationshipCollection')[0;0m
[0;36m1 |[0;0m protocol PersistentModel {
[0;36m2 |[0;0m public func setValue<Value, OtherModel>(forKey: KeyPath<Self, Value>, to newValue: Value) where Value : RelationshipCollection, OtherModel == Value.PersistentElement}
  [0;36m|[0;0m             `- [1;39mnote: [1;39mcandidate requires that 'InsightPriority' conform to 'RelationshipCollection' (requirement specified as 'Value' : 'RelationshipCollection')[0;0m
[0;36m3 |[0;0m 

macro expansion @_PersistedProperty:4:23: [1;31merror: [1;39mno exact matches in call to instance method 'setValue'[0;0m
`- /Users/danielstevens/github-projects/tools-automation/MomentumFinance/Shared/RootFinancialInsightModels.swift:217:33: [1;39mnote: [1;39mexpanded code originates here[0;0m
[0;36m215 |[0;0m     public var insightDescription: String  // Renamed from 'description' to avoid SwiftData conflict
[0;36m216 |[0;0m     public var priority: InsightPriority
[0;36m217 |[0;0m     public var type: InsightType
[0;36m    +--- [0;0mmacro expansion @_PersistedProperty [0;36m---------------------------[0;0m
[0;36m    |[0;0m [0;36m2 |[0;0m     @storageRestrictions(accesses: _$backingData, initializes: _type)
[0;36m    |[0;0m [0;36m3 |[0;0m     init(initialValue) {
[0;36m    |[0;0m [0;36m4 |[0;0m         _$backingData.setValue(forKey: \.type, to: initialValue)
[0;36m    |[0;0m   [0;36m|[0;0m                       `- [1;31merror: [1;39mno exact matches in call to instance method 'setValue'[0;0m
[0;36m    |[0;0m [0;36m5 |[0;0m         _type = _SwiftDataNoType()
[0;36m    |[0;0m [0;36m6 |[0;0m     }
[0;36m    +----------------------------------------[0;0m[0;36m---------------------------[0;0m
[0;36m218 |[0;0m     public var confidence: Double  // 0.0 to 1.0
[0;36m219 |[0;0m     public var createdAt: Date

SwiftData.BackingData.setValue:2:6: [1;39mnote: [1;39mcandidate requires that 'InsightType' conform to 'PersistentModel' (requirement specified as 'Value' : 'PersistentModel')[0;0m
[0;36m1 |[0;0m protocol BackingData {
[0;36m2 |[0;0m func setValue<Value>(forKey: KeyPath<Self.Model, Value>, to newValue: Value) where Value : PersistentModel}
  [0;36m|[0;0m      `- [1;39mnote: [1;39mcandidate requires that 'InsightType' conform to 'PersistentModel' (requirement specified as 'Value' : 'PersistentModel')[0;0m
[0;36m3 |[0;0m 

SwiftData.BackingData.setValue:2:6: [1;39mnote: [1;39mcandidate requires that 'InsightType' conform to 'RelationshipCollection' (requirement specified as 'Value' : 'RelationshipCollection')[0;0m
[0;36m1 |[0;0m protocol BackingData {
[0;36m2 |[0;0m func setValue<Value, OtherModel>(forKey: KeyPath<Self.Model, Value>, to newValue: Value) where Value : RelationshipCollection, OtherModel == Value.PersistentElement}
  [0;36m|[0;0m      `- [1;39mnote: [1;39mcandidate requires that 'InsightType' conform to 'RelationshipCollection' (requirement specified as 'Value' : 'RelationshipCollection')[0;0m
[0;36m3 |[0;0m 

macro expansion @_PersistedProperty:9:21: [1;31merror: [1;39mno exact matches in call to instance method 'getValue'[0;0m
`- /Users/danielstevens/github-projects/tools-automation/MomentumFinance/Shared/RootFinancialInsightModels.swift:217:33: [1;39mnote: [1;39mexpanded code originates here[0;0m
[0;36m215 |[0;0m     public var insightDescription: String  // Renamed from 'description' to avoid SwiftData conflict
[0;36m216 |[0;0m     public var priority: InsightPriority
[0;36m217 |[0;0m     public var type: InsightType
[0;36m    +--- [0;0mmacro expansion @_PersistedProperty [0;36m---------------------------[0;0m
[0;36m    |[0;0m [0;36m7 |[0;0m     get {
[0;36m    |[0;0m [0;36m8 |[0;0m         _$observationRegistrar.access(self, keyPath: \.type)
[0;36m    |[0;0m [0;36m9 |[0;0m         return self.getValue(forKey: \.type)
[0;36m    |[0;0m   [0;36m|[0;0m                     `- [1;31merror: [1;39mno exact matches in call to instance method 'getValue'[0;0m
[0;36m    |[0;0m[0;36m10 |[0;0m     }
[0;36m    |[0;0m[0;36m11 |[0;0m     set {
[0;36m    +----------------------------------------[0;0m[0;36m---------------------------[0;0m
[0;36m218 |[0;0m     public var confidence: Double  // 0.0 to 1.0
[0;36m219 |[0;0m     public var createdAt: Date

SwiftData.PersistentModel.getValue:2:13: [1;39mnote: [1;39mcandidate requires that 'InsightType' conform to 'PersistentModel' (requirement specified as 'Value' : 'PersistentModel')[0;0m
[0;36m1 |[0;0m protocol PersistentModel {
[0;36m2 |[0;0m public func getValue<Value>(forKey: KeyPath<Self, Value>) -> Value where Value : PersistentModel}
  [0;36m|[0;0m             `- [1;39mnote: [1;39mcandidate requires that 'InsightType' conform to 'PersistentModel' (requirement specified as 'Value' : 'PersistentModel')[0;0m
[0;36m3 |[0;0m 

SwiftData.PersistentModel.getValue:2:13: [1;39mnote: [1;39mcandidate requires that 'InsightType' conform to 'RelationshipCollection' (requirement specified as 'Value' : 'RelationshipCollection')[0;0m
[0;36m1 |[0;0m protocol PersistentModel {
[0;36m2 |[0;0m public func getValue<Value, OtherModel>(forKey: KeyPath<Self, Value>) -> Value where Value : RelationshipCollection, OtherModel == Value.PersistentElement}
  [0;36m|[0;0m             `- [1;39mnote: [1;39mcandidate requires that 'InsightType' conform to 'RelationshipCollection' (requirement specified as 'Value' : 'RelationshipCollection')[0;0m
[0;36m3 |[0;0m 

macro expansion @_PersistedProperty:13:18: [1;31merror: [1;39mno exact matches in call to instance method 'setValue'[0;0m
`- /Users/danielstevens/github-projects/tools-automation/MomentumFinance/Shared/RootFinancialInsightModels.swift:217:33: [1;39mnote: [1;39mexpanded code originates here[0;0m
[0;36m215 |[0;0m     public var insightDescription: String  // Renamed from 'description' to avoid SwiftData conflict
[0;36m216 |[0;0m     public var priority: InsightPriority
[0;36m217 |[0;0m     public var type: InsightType
[0;36m    +--- [0;0mmacro expansion @_PersistedProperty [0;36m---------------------------[0;0m
[0;36m    |[0;0m[0;36m11 |[0;0m     set {
[0;36m    |[0;0m[0;36m12 |[0;0m         _$observationRegistrar.withMutation(of: self, keyPath: \.type) {
[0;36m    |[0;0m[0;36m13 |[0;0m             self.setValue(forKey: \.type, to: newValue)
[0;36m    |[0;0m   [0;36m|[0;0m                  `- [1;31merror: [1;39mno exact matches in call to instance method 'setValue'[0;0m
[0;36m    |[0;0m[0;36m14 |[0;0m         }
[0;36m    |[0;0m[0;36m15 |[0;0m     }
[0;36m    +----------------------------------------[0;0m[0;36m---------------------------[0;0m
[0;36m218 |[0;0m     public var confidence: Double  // 0.0 to 1.0
[0;36m219 |[0;0m     public var createdAt: Date

SwiftData.PersistentModel.setValue:2:13: [1;39mnote: [1;39mcandidate requires that 'InsightType' conform to 'PersistentModel' (requirement specified as 'Value' : 'PersistentModel')[0;0m
[0;36m1 |[0;0m protocol PersistentModel {
[0;36m2 |[0;0m public func setValue<Value>(forKey: KeyPath<Self, Value>, to newValue: Value) where Value : PersistentModel}
  [0;36m|[0;0m             `- [1;39mnote: [1;39mcandidate requires that 'InsightType' conform to 'PersistentModel' (requirement specified as 'Value' : 'PersistentModel')[0;0m
[0;36m3 |[0;0m 

SwiftData.PersistentModel.setValue:2:13: [1;39mnote: [1;39mcandidate requires that 'InsightType' conform to 'RelationshipCollection' (requirement specified as 'Value' : 'RelationshipCollection')[0;0m
[0;36m1 |[0;0m protocol PersistentModel {
[0;36m2 |[0;0m public func setValue<Value, OtherModel>(forKey: KeyPath<Self, Value>, to newValue: Value) where Value : RelationshipCollection, OtherModel == Value.PersistentElement}
  [0;36m|[0;0m             `- [1;39mnote: [1;39mcandidate requires that 'InsightType' conform to 'RelationshipCollection' (requirement specified as 'Value' : 'RelationshipCollection')[0;0m
[0;36m3 |[0;0m 

macro expansion @_PersistedProperty:4:23: [1;31merror: [1;39mno exact matches in call to instance method 'setValue'[0;0m
`- /Users/danielstevens/github-projects/tools-automation/MomentumFinance/Shared/RootFinancialInsightModels.swift:231:36: [1;39mnote: [1;39mexpanded code originates here[0;0m
[0;36m229 |[0;0m     public var actionRecommendations: [String]  // AI-generated action items
[0;36m230 |[0;0m     public var potentialSavings: Double?  // Estimated savings if action is taken
[0;36m231 |[0;0m     public var riskLevel: RiskLevel  // Associated risk level
[0;36m    +--- [0;0mmacro expansion @_PersistedProperty [0;36m---------------------------[0;0m
[0;36m    |[0;0m [0;36m2 |[0;0m     @storageRestrictions(accesses: _$backingData, initializes: _riskLevel)
[0;36m    |[0;0m [0;36m3 |[0;0m     init(initialValue) {
[0;36m    |[0;0m [0;36m4 |[0;0m         _$backingData.setValue(forKey: \.riskLevel, to: initialValue)
[0;36m    |[0;0m   [0;36m|[0;0m                       `- [1;31merror: [1;39mno exact matches in call to instance method 'setValue'[0;0m
[0;36m    |[0;0m [0;36m5 |[0;0m         _riskLevel = _SwiftDataNoType()
[0;36m    |[0;0m [0;36m6 |[0;0m     }
[0;36m    +----------------------------------------[0;0m[0;36m---------------------------[0;0m
[0;36m232 |[0;0m     public var aiAnalysisVersion: String  // Version of AI model used for analysis
[0;36m233 |[0;0m     public var contextualTags: [String]  // Tags for better categorization

SwiftData.BackingData.setValue:2:6: [1;39mnote: [1;39mcandidate requires that 'RiskLevel' conform to 'PersistentModel' (requirement specified as 'Value' : 'PersistentModel')[0;0m
[0;36m1 |[0;0m protocol BackingData {
[0;36m2 |[0;0m func setValue<Value>(forKey: KeyPath<Self.Model, Value>, to newValue: Value) where Value : PersistentModel}
  [0;36m|[0;0m      `- [1;39mnote: [1;39mcandidate requires that 'RiskLevel' conform to 'PersistentModel' (requirement specified as 'Value' : 'PersistentModel')[0;0m
[0;36m3 |[0;0m 

SwiftData.BackingData.setValue:2:6: [1;39mnote: [1;39mcandidate requires that 'RiskLevel' conform to 'RelationshipCollection' (requirement specified as 'Value' : 'RelationshipCollection')[0;0m
[0;36m1 |[0;0m protocol BackingData {
[0;36m2 |[0;0m func setValue<Value, OtherModel>(forKey: KeyPath<Self.Model, Value>, to newValue: Value) where Value : RelationshipCollection, OtherModel == Value.PersistentElement}
  [0;36m|[0;0m      `- [1;39mnote: [1;39mcandidate requires that 'RiskLevel' conform to 'RelationshipCollection' (requirement specified as 'Value' : 'RelationshipCollection')[0;0m
[0;36m3 |[0;0m 

macro expansion @_PersistedProperty:9:21: [1;31merror: [1;39mno exact matches in call to instance method 'getValue'[0;0m
`- /Users/danielstevens/github-projects/tools-automation/MomentumFinance/Shared/RootFinancialInsightModels.swift:231:36: [1;39mnote: [1;39mexpanded code originates here[0;0m
[0;36m229 |[0;0m     public var actionRecommendations: [String]  // AI-generated action items
[0;36m230 |[0;0m     public var potentialSavings: Double?  // Estimated savings if action is taken
[0;36m231 |[0;0m     public var riskLevel: RiskLevel  // Associated risk level
[0;36m    +--- [0;0mmacro expansion @_PersistedProperty [0;36m---------------------------[0;0m
[0;36m    |[0;0m [0;36m7 |[0;0m     get {
[0;36m    |[0;0m [0;36m8 |[0;0m         _$observationRegistrar.access(self, keyPath: \.riskLevel)
[0;36m    |[0;0m [0;36m9 |[0;0m         return self.getValue(forKey: \.riskLevel)
[0;36m    |[0;0m   [0;36m|[0;0m                     `- [1;31merror: [1;39mno exact matches in call to instance method 'getValue'[0;0m
[0;36m    |[0;0m[0;36m10 |[0;0m     }
[0;36m    |[0;0m[0;36m11 |[0;0m     set {
[0;36m    +----------------------------------------[0;0m[0;36m---------------------------[0;0m
[0;36m232 |[0;0m     public var aiAnalysisVersion: String  // Version of AI model used for analysis
[0;36m233 |[0;0m     public var contextualTags: [String]  // Tags for better categorization

SwiftData.PersistentModel.getValue:2:13: [1;39mnote: [1;39mcandidate requires that 'RiskLevel' conform to 'PersistentModel' (requirement specified as 'Value' : 'PersistentModel')[0;0m
[0;36m1 |[0;0m protocol PersistentModel {
[0;36m2 |[0;0m public func getValue<Value>(forKey: KeyPath<Self, Value>) -> Value where Value : PersistentModel}
  [0;36m|[0;0m             `- [1;39mnote: [1;39mcandidate requires that 'RiskLevel' conform to 'PersistentModel' (requirement specified as 'Value' : 'PersistentModel')[0;0m
[0;36m3 |[0;0m 

SwiftData.PersistentModel.getValue:2:13: [1;39mnote: [1;39mcandidate requires that 'RiskLevel' conform to 'RelationshipCollection' (requirement specified as 'Value' : 'RelationshipCollection')[0;0m
[0;36m1 |[0;0m protocol PersistentModel {
[0;36m2 |[0;0m public func getValue<Value, OtherModel>(forKey: KeyPath<Self, Value>) -> Value where Value : RelationshipCollection, OtherModel == Value.PersistentElement}
  [0;36m|[0;0m             `- [1;39mnote: [1;39mcandidate requires that 'RiskLevel' conform to 'RelationshipCollection' (requirement specified as 'Value' : 'RelationshipCollection')[0;0m
[0;36m3 |[0;0m 

macro expansion @_PersistedProperty:13:18: [1;31merror: [1;39mno exact matches in call to instance method 'setValue'[0;0m
`- /Users/danielstevens/github-projects/tools-automation/MomentumFinance/Shared/RootFinancialInsightModels.swift:231:36: [1;39mnote: [1;39mexpanded code originates here[0;0m
[0;36m229 |[0;0m     public var actionRecommendations: [String]  // AI-generated action items
[0;36m230 |[0;0m     public var potentialSavings: Double?  // Estimated savings if action is taken
[0;36m231 |[0;0m     public var riskLevel: RiskLevel  // Associated risk level
[0;36m    +--- [0;0mmacro expansion @_PersistedProperty [0;36m---------------------------[0;0m
[0;36m    |[0;0m[0;36m11 |[0;0m     set {
[0;36m    |[0;0m[0;36m12 |[0;0m         _$observationRegistrar.withMutation(of: self, keyPath: \.riskLevel) {
[0;36m    |[0;0m[0;36m13 |[0;0m             self.setValue(forKey: \.riskLevel, to: newValue)
[0;36m    |[0;0m   [0;36m|[0;0m                  `- [1;31merror: [1;39mno exact matches in call to instance method 'setValue'[0;0m
[0;36m    |[0;0m[0;36m14 |[0;0m         }
[0;36m    |[0;0m[0;36m15 |[0;0m     }
[0;36m    +----------------------------------------[0;0m[0;36m---------------------------[0;0m
[0;36m232 |[0;0m     public var aiAnalysisVersion: String  // Version of AI model used for analysis
[0;36m233 |[0;0m     public var contextualTags: [String]  // Tags for better categorization

SwiftData.PersistentModel.setValue:2:13: [1;39mnote: [1;39mcandidate requires that 'RiskLevel' conform to 'PersistentModel' (requirement specified as 'Value' : 'PersistentModel')[0;0m
[0;36m1 |[0;0m protocol PersistentModel {
[0;36m2 |[0;0m public func setValue<Value>(forKey: KeyPath<Self, Value>, to newValue: Value) where Value : PersistentModel}
  [0;36m|[0;0m             `- [1;39mnote: [1;39mcandidate requires that 'RiskLevel' conform to 'PersistentModel' (requirement specified as 'Value' : 'PersistentModel')[0;0m
[0;36m3 |[0;0m 

SwiftData.PersistentModel.setValue:2:13: [1;39mnote: [1;39mcandidate requires that 'RiskLevel' conform to 'RelationshipCollection' (requirement specified as 'Value' : 'RelationshipCollection')[0;0m
[0;36m1 |[0;0m protocol PersistentModel {
[0;36m2 |[0;0m public func setValue<Value, OtherModel>(forKey: KeyPath<Self, Value>, to newValue: Value) where Value : RelationshipCollection, OtherModel == Value.PersistentElement}
  [0;36m|[0;0m             `- [1;39mnote: [1;39mcandidate requires that 'RiskLevel' conform to 'RelationshipCollection' (requirement specified as 'Value' : 'RelationshipCollection')[0;0m
[0;36m3 |[0;0m 

/Users/danielstevens/github-projects/tools-automation/MomentumFinance/Shared/Services/FinancialServices.swift:123:19: [1;33mwarning: [1;39mvalue 'columnName' was defined but never used; consider replacing with boolean test[0;0m [#no-usage]
[0;36m121 |[0;0m 
[0;36m122 |[0;0m     private func getColumnIndex(for columnName: String?, in _: [String]) -> Int? {
[0;36m123 |[0;0m         guard let columnName else { return nil }
    [0;36m|[0;0m                   `- [1;33mwarning: [1;39mvalue 'columnName' was defined but never used; consider replacing with boolean test[0;0m [#no-usage]
[0;36m124 |[0;0m         // This is a simplified implementation - in a real app you'd have proper CSV parsing
[0;36m125 |[0;0m         return 0  // Placeholder
[109/148] Compiling Shared AICategorizationService.swift
macro expansion @_PersistedProperty:4:23: [1;31merror: [1;39mno exact matches in call to instance method 'setValue'[0;0m
`- /Users/danielstevens/github-projects/tools-automation/MomentumFinance/Shared/RootFinancialInsightModels.swift:216:41: [1;39mnote: [1;39mexpanded code originates here[0;0m
[0;36m214 |[0;0m     public var title: String
[0;36m215 |[0;0m     public var insightDescription: String  // Renamed from 'description' to avoid SwiftData conflict
[0;36m216 |[0;0m     public var priority: InsightPriority
[0;36m    +--- [0;0mmacro expansion @_PersistedProperty [0;36m---------------------------[0;0m
[0;36m    |[0;0m [0;36m2 |[0;0m     @storageRestrictions(accesses: _$backingData, initializes: _priority)
[0;36m    |[0;0m [0;36m3 |[0;0m     init(initialValue) {
[0;36m    |[0;0m [0;36m4 |[0;0m         _$backingData.setValue(forKey: \.priority, to: initialValue)
[0;36m    |[0;0m   [0;36m|[0;0m                       `- [1;31merror: [1;39mno exact matches in call to instance method 'setValue'[0;0m
[0;36m    |[0;0m [0;36m5 |[0;0m         _priority = _SwiftDataNoType()
[0;36m    |[0;0m [0;36m6 |[0;0m     }
[0;36m    +----------------------------------------[0;0m[0;36m---------------------------[0;0m
[0;36m217 |[0;0m     public var type: InsightType
[0;36m218 |[0;0m     public var confidence: Double  // 0.0 to 1.0

SwiftData.BackingData.setValue:2:6: [1;39mnote: [1;39mcandidate requires that 'InsightPriority' conform to 'PersistentModel' (requirement specified as 'Value' : 'PersistentModel')[0;0m
[0;36m1 |[0;0m protocol BackingData {
[0;36m2 |[0;0m func setValue<Value>(forKey: KeyPath<Self.Model, Value>, to newValue: Value) where Value : PersistentModel}
  [0;36m|[0;0m      `- [1;39mnote: [1;39mcandidate requires that 'InsightPriority' conform to 'PersistentModel' (requirement specified as 'Value' : 'PersistentModel')[0;0m
[0;36m3 |[0;0m 

SwiftData.BackingData.setValue:2:6: [1;39mnote: [1;39mcandidate requires that 'InsightPriority' conform to 'RelationshipCollection' (requirement specified as 'Value' : 'RelationshipCollection')[0;0m
[0;36m1 |[0;0m protocol BackingData {
[0;36m2 |[0;0m func setValue<Value, OtherModel>(forKey: KeyPath<Self.Model, Value>, to newValue: Value) where Value : RelationshipCollection, OtherModel == Value.PersistentElement}
  [0;36m|[0;0m      `- [1;39mnote: [1;39mcandidate requires that 'InsightPriority' conform to 'RelationshipCollection' (requirement specified as 'Value' : 'RelationshipCollection')[0;0m
[0;36m3 |[0;0m 

macro expansion @_PersistedProperty:9:21: [1;31merror: [1;39mno exact matches in call to instance method 'getValue'[0;0m
`- /Users/danielstevens/github-projects/tools-automation/MomentumFinance/Shared/RootFinancialInsightModels.swift:216:41: [1;39mnote: [1;39mexpanded code originates here[0;0m
[0;36m214 |[0;0m     public var title: String
[0;36m215 |[0;0m     public var insightDescription: String  // Renamed from 'description' to avoid SwiftData conflict
[0;36m216 |[0;0m     public var priority: InsightPriority
[0;36m    +--- [0;0mmacro expansion @_PersistedProperty [0;36m---------------------------[0;0m
[0;36m    |[0;0m [0;36m7 |[0;0m     get {
[0;36m    |[0;0m [0;36m8 |[0;0m         _$observationRegistrar.access(self, keyPath: \.priority)
[0;36m    |[0;0m [0;36m9 |[0;0m         return self.getValue(forKey: \.priority)
[0;36m    |[0;0m   [0;36m|[0;0m                     `- [1;31merror: [1;39mno exact matches in call to instance method 'getValue'[0;0m
[0;36m    |[0;0m[0;36m10 |[0;0m     }
[0;36m    |[0;0m[0;36m11 |[0;0m     set {
[0;36m    +----------------------------------------[0;0m[0;36m---------------------------[0;0m
[0;36m217 |[0;0m     public var type: InsightType
[0;36m218 |[0;0m     public var confidence: Double  // 0.0 to 1.0

SwiftData.PersistentModel.getValue:2:13: [1;39mnote: [1;39mcandidate requires that 'InsightPriority' conform to 'PersistentModel' (requirement specified as 'Value' : 'PersistentModel')[0;0m
[0;36m1 |[0;0m protocol PersistentModel {
[0;36m2 |[0;0m public func getValue<Value>(forKey: KeyPath<Self, Value>) -> Value where Value : PersistentModel}
  [0;36m|[0;0m             `- [1;39mnote: [1;39mcandidate requires that 'InsightPriority' conform to 'PersistentModel' (requirement specified as 'Value' : 'PersistentModel')[0;0m
[0;36m3 |[0;0m 

SwiftData.PersistentModel.getValue:2:13: [1;39mnote: [1;39mcandidate requires that 'InsightPriority' conform to 'RelationshipCollection' (requirement specified as 'Value' : 'RelationshipCollection')[0;0m
[0;36m1 |[0;0m protocol PersistentModel {
[0;36m2 |[0;0m public func getValue<Value, OtherModel>(forKey: KeyPath<Self, Value>) -> Value where Value : RelationshipCollection, OtherModel == Value.PersistentElement}
  [0;36m|[0;0m             `- [1;39mnote: [1;39mcandidate requires that 'InsightPriority' conform to 'RelationshipCollection' (requirement specified as 'Value' : 'RelationshipCollection')[0;0m
[0;36m3 |[0;0m 

macro expansion @_PersistedProperty:13:18: [1;31merror: [1;39mno exact matches in call to instance method 'setValue'[0;0m
`- /Users/danielstevens/github-projects/tools-automation/MomentumFinance/Shared/RootFinancialInsightModels.swift:216:41: [1;39mnote: [1;39mexpanded code originates here[0;0m
[0;36m214 |[0;0m     public var title: String
[0;36m215 |[0;0m     public var insightDescription: String  // Renamed from 'description' to avoid SwiftData conflict
[0;36m216 |[0;0m     public var priority: InsightPriority
[0;36m    +--- [0;0mmacro expansion @_PersistedProperty [0;36m---------------------------[0;0m
[0;36m    |[0;0m[0;36m11 |[0;0m     set {
[0;36m    |[0;0m[0;36m12 |[0;0m         _$observationRegistrar.withMutation(of: self, keyPath: \.priority) {
[0;36m    |[0;0m[0;36m13 |[0;0m             self.setValue(forKey: \.priority, to: newValue)
[0;36m    |[0;0m   [0;36m|[0;0m                  `- [1;31merror: [1;39mno exact matches in call to instance method 'setValue'[0;0m
[0;36m    |[0;0m[0;36m14 |[0;0m         }
[0;36m    |[0;0m[0;36m15 |[0;0m     }
[0;36m    +----------------------------------------[0;0m[0;36m---------------------------[0;0m
[0;36m217 |[0;0m     public var type: InsightType
[0;36m218 |[0;0m     public var confidence: Double  // 0.0 to 1.0

SwiftData.PersistentModel.setValue:2:13: [1;39mnote: [1;39mcandidate requires that 'InsightPriority' conform to 'PersistentModel' (requirement specified as 'Value' : 'PersistentModel')[0;0m
[0;36m1 |[0;0m protocol PersistentModel {
[0;36m2 |[0;0m public func setValue<Value>(forKey: KeyPath<Self, Value>, to newValue: Value) where Value : PersistentModel}
  [0;36m|[0;0m             `- [1;39mnote: [1;39mcandidate requires that 'InsightPriority' conform to 'PersistentModel' (requirement specified as 'Value' : 'PersistentModel')[0;0m
[0;36m3 |[0;0m 

SwiftData.PersistentModel.setValue:2:13: [1;39mnote: [1;39mcandidate requires that 'InsightPriority' conform to 'RelationshipCollection' (requirement specified as 'Value' : 'RelationshipCollection')[0;0m
[0;36m1 |[0;0m protocol PersistentModel {
[0;36m2 |[0;0m public func setValue<Value, OtherModel>(forKey: KeyPath<Self, Value>, to newValue: Value) where Value : RelationshipCollection, OtherModel == Value.PersistentElement}
  [0;36m|[0;0m             `- [1;39mnote: [1;39mcandidate requires that 'InsightPriority' conform to 'RelationshipCollection' (requirement specified as 'Value' : 'RelationshipCollection')[0;0m
[0;36m3 |[0;0m 

macro expansion @_PersistedProperty:4:23: [1;31merror: [1;39mno exact matches in call to instance method 'setValue'[0;0m
`- /Users/danielstevens/github-projects/tools-automation/MomentumFinance/Shared/RootFinancialInsightModels.swift:217:33: [1;39mnote: [1;39mexpanded code originates here[0;0m
[0;36m215 |[0;0m     public var insightDescription: String  // Renamed from 'description' to avoid SwiftData conflict
[0;36m216 |[0;0m     public var priority: InsightPriority
[0;36m217 |[0;0m     public var type: InsightType
[0;36m    +--- [0;0mmacro expansion @_PersistedProperty [0;36m---------------------------[0;0m
[0;36m    |[0;0m [0;36m2 |[0;0m     @storageRestrictions(accesses: _$backingData, initializes: _type)
[0;36m    |[0;0m [0;36m3 |[0;0m     init(initialValue) {
[0;36m    |[0;0m [0;36m4 |[0;0m         _$backingData.setValue(forKey: \.type, to: initialValue)
[0;36m    |[0;0m   [0;36m|[0;0m                       `- [1;31merror: [1;39mno exact matches in call to instance method 'setValue'[0;0m
[0;36m    |[0;0m [0;36m5 |[0;0m         _type = _SwiftDataNoType()
[0;36m    |[0;0m [0;36m6 |[0;0m     }
[0;36m    +----------------------------------------[0;0m[0;36m---------------------------[0;0m
[0;36m218 |[0;0m     public var confidence: Double  // 0.0 to 1.0
[0;36m219 |[0;0m     public var createdAt: Date

SwiftData.BackingData.setValue:2:6: [1;39mnote: [1;39mcandidate requires that 'InsightType' conform to 'PersistentModel' (requirement specified as 'Value' : 'PersistentModel')[0;0m
[0;36m1 |[0;0m protocol BackingData {
[0;36m2 |[0;0m func setValue<Value>(forKey: KeyPath<Self.Model, Value>, to newValue: Value) where Value : PersistentModel}
  [0;36m|[0;0m      `- [1;39mnote: [1;39mcandidate requires that 'InsightType' conform to 'PersistentModel' (requirement specified as 'Value' : 'PersistentModel')[0;0m
[0;36m3 |[0;0m 

SwiftData.BackingData.setValue:2:6: [1;39mnote: [1;39mcandidate requires that 'InsightType' conform to 'RelationshipCollection' (requirement specified as 'Value' : 'RelationshipCollection')[0;0m
[0;36m1 |[0;0m protocol BackingData {
[0;36m2 |[0;0m func setValue<Value, OtherModel>(forKey: KeyPath<Self.Model, Value>, to newValue: Value) where Value : RelationshipCollection, OtherModel == Value.PersistentElement}
  [0;36m|[0;0m      `- [1;39mnote: [1;39mcandidate requires that 'InsightType' conform to 'RelationshipCollection' (requirement specified as 'Value' : 'RelationshipCollection')[0;0m
[0;36m3 |[0;0m 

macro expansion @_PersistedProperty:9:21: [1;31merror: [1;39mno exact matches in call to instance method 'getValue'[0;0m
`- /Users/danielstevens/github-projects/tools-automation/MomentumFinance/Shared/RootFinancialInsightModels.swift:217:33: [1;39mnote: [1;39mexpanded code originates here[0;0m
[0;36m215 |[0;0m     public var insightDescription: String  // Renamed from 'description' to avoid SwiftData conflict
[0;36m216 |[0;0m     public var priority: InsightPriority
[0;36m217 |[0;0m     public var type: InsightType
[0;36m    +--- [0;0mmacro expansion @_PersistedProperty [0;36m---------------------------[0;0m
[0;36m    |[0;0m [0;36m7 |[0;0m     get {
[0;36m    |[0;0m [0;36m8 |[0;0m         _$observationRegistrar.access(self, keyPath: \.type)
[0;36m    |[0;0m [0;36m9 |[0;0m         return self.getValue(forKey: \.type)
[0;36m    |[0;0m   [0;36m|[0;0m                     `- [1;31merror: [1;39mno exact matches in call to instance method 'getValue'[0;0m
[0;36m    |[0;0m[0;36m10 |[0;0m     }
[0;36m    |[0;0m[0;36m11 |[0;0m     set {
[0;36m    +----------------------------------------[0;0m[0;36m---------------------------[0;0m
[0;36m218 |[0;0m     public var confidence: Double  // 0.0 to 1.0
[0;36m219 |[0;0m     public var createdAt: Date

SwiftData.PersistentModel.getValue:2:13: [1;39mnote: [1;39mcandidate requires that 'InsightType' conform to 'PersistentModel' (requirement specified as 'Value' : 'PersistentModel')[0;0m
[0;36m1 |[0;0m protocol PersistentModel {
[0;36m2 |[0;0m public func getValue<Value>(forKey: KeyPath<Self, Value>) -> Value where Value : PersistentModel}
  [0;36m|[0;0m             `- [1;39mnote: [1;39mcandidate requires that 'InsightType' conform to 'PersistentModel' (requirement specified as 'Value' : 'PersistentModel')[0;0m
[0;36m3 |[0;0m 

SwiftData.PersistentModel.getValue:2:13: [1;39mnote: [1;39mcandidate requires that 'InsightType' conform to 'RelationshipCollection' (requirement specified as 'Value' : 'RelationshipCollection')[0;0m
[0;36m1 |[0;0m protocol PersistentModel {
[0;36m2 |[0;0m public func getValue<Value, OtherModel>(forKey: KeyPath<Self, Value>) -> Value where Value : RelationshipCollection, OtherModel == Value.PersistentElement}
  [0;36m|[0;0m             `- [1;39mnote: [1;39mcandidate requires that 'InsightType' conform to 'RelationshipCollection' (requirement specified as 'Value' : 'RelationshipCollection')[0;0m
[0;36m3 |[0;0m 

macro expansion @_PersistedProperty:13:18: [1;31merror: [1;39mno exact matches in call to instance method 'setValue'[0;0m
`- /Users/danielstevens/github-projects/tools-automation/MomentumFinance/Shared/RootFinancialInsightModels.swift:217:33: [1;39mnote: [1;39mexpanded code originates here[0;0m
[0;36m215 |[0;0m     public var insightDescription: String  // Renamed from 'description' to avoid SwiftData conflict
[0;36m216 |[0;0m     public var priority: InsightPriority
[0;36m217 |[0;0m     public var type: InsightType
[0;36m    +--- [0;0mmacro expansion @_PersistedProperty [0;36m---------------------------[0;0m
[0;36m    |[0;0m[0;36m11 |[0;0m     set {
[0;36m    |[0;0m[0;36m12 |[0;0m         _$observationRegistrar.withMutation(of: self, keyPath: \.type) {
[0;36m    |[0;0m[0;36m13 |[0;0m             self.setValue(forKey: \.type, to: newValue)
[0;36m    |[0;0m   [0;36m|[0;0m                  `- [1;31merror: [1;39mno exact matches in call to instance method 'setValue'[0;0m
[0;36m    |[0;0m[0;36m14 |[0;0m         }
[0;36m    |[0;0m[0;36m15 |[0;0m     }
[0;36m    +----------------------------------------[0;0m[0;36m---------------------------[0;0m
[0;36m218 |[0;0m     public var confidence: Double  // 0.0 to 1.0
[0;36m219 |[0;0m     public var createdAt: Date

SwiftData.PersistentModel.setValue:2:13: [1;39mnote: [1;39mcandidate requires that 'InsightType' conform to 'PersistentModel' (requirement specified as 'Value' : 'PersistentModel')[0;0m
[0;36m1 |[0;0m protocol PersistentModel {
[0;36m2 |[0;0m public func setValue<Value>(forKey: KeyPath<Self, Value>, to newValue: Value) where Value : PersistentModel}
  [0;36m|[0;0m             `- [1;39mnote: [1;39mcandidate requires that 'InsightType' conform to 'PersistentModel' (requirement specified as 'Value' : 'PersistentModel')[0;0m
[0;36m3 |[0;0m 

SwiftData.PersistentModel.setValue:2:13: [1;39mnote: [1;39mcandidate requires that 'InsightType' conform to 'RelationshipCollection' (requirement specified as 'Value' : 'RelationshipCollection')[0;0m
[0;36m1 |[0;0m protocol PersistentModel {
[0;36m2 |[0;0m public func setValue<Value, OtherModel>(forKey: KeyPath<Self, Value>, to newValue: Value) where Value : RelationshipCollection, OtherModel == Value.PersistentElement}
  [0;36m|[0;0m             `- [1;39mnote: [1;39mcandidate requires that 'InsightType' conform to 'RelationshipCollection' (requirement specified as 'Value' : 'RelationshipCollection')[0;0m
[0;36m3 |[0;0m 

macro expansion @_PersistedProperty:4:23: [1;31merror: [1;39mno exact matches in call to instance method 'setValue'[0;0m
`- /Users/danielstevens/github-projects/tools-automation/MomentumFinance/Shared/RootFinancialInsightModels.swift:231:36: [1;39mnote: [1;39mexpanded code originates here[0;0m
[0;36m229 |[0;0m     public var actionRecommendations: [String]  // AI-generated action items
[0;36m230 |[0;0m     public var potentialSavings: Double?  // Estimated savings if action is taken
[0;36m231 |[0;0m     public var riskLevel: RiskLevel  // Associated risk level
[0;36m    +--- [0;0mmacro expansion @_PersistedProperty [0;36m---------------------------[0;0m
[0;36m    |[0;0m [0;36m2 |[0;0m     @storageRestrictions(accesses: _$backingData, initializes: _riskLevel)
[0;36m    |[0;0m [0;36m3 |[0;0m     init(initialValue) {
[0;36m    |[0;0m [0;36m4 |[0;0m         _$backingData.setValue(forKey: \.riskLevel, to: initialValue)
[0;36m    |[0;0m   [0;36m|[0;0m                       `- [1;31merror: [1;39mno exact matches in call to instance method 'setValue'[0;0m
[0;36m    |[0;0m [0;36m5 |[0;0m         _riskLevel = _SwiftDataNoType()
[0;36m    |[0;0m [0;36m6 |[0;0m     }
[0;36m    +----------------------------------------[0;0m[0;36m---------------------------[0;0m
[0;36m232 |[0;0m     public var aiAnalysisVersion: String  // Version of AI model used for analysis
[0;36m233 |[0;0m     public var contextualTags: [String]  // Tags for better categorization

SwiftData.BackingData.setValue:2:6: [1;39mnote: [1;39mcandidate requires that 'RiskLevel' conform to 'PersistentModel' (requirement specified as 'Value' : 'PersistentModel')[0;0m
[0;36m1 |[0;0m protocol BackingData {
[0;36m2 |[0;0m func setValue<Value>(forKey: KeyPath<Self.Model, Value>, to newValue: Value) where Value : PersistentModel}
  [0;36m|[0;0m      `- [1;39mnote: [1;39mcandidate requires that 'RiskLevel' conform to 'PersistentModel' (requirement specified as 'Value' : 'PersistentModel')[0;0m
[0;36m3 |[0;0m 

SwiftData.BackingData.setValue:2:6: [1;39mnote: [1;39mcandidate requires that 'RiskLevel' conform to 'RelationshipCollection' (requirement specified as 'Value' : 'RelationshipCollection')[0;0m
[0;36m1 |[0;0m protocol BackingData {
[0;36m2 |[0;0m func setValue<Value, OtherModel>(forKey: KeyPath<Self.Model, Value>, to newValue: Value) where Value : RelationshipCollection, OtherModel == Value.PersistentElement}
  [0;36m|[0;0m      `- [1;39mnote: [1;39mcandidate requires that 'RiskLevel' conform to 'RelationshipCollection' (requirement specified as 'Value' : 'RelationshipCollection')[0;0m
[0;36m3 |[0;0m 

macro expansion @_PersistedProperty:9:21: [1;31merror: [1;39mno exact matches in call to instance method 'getValue'[0;0m
`- /Users/danielstevens/github-projects/tools-automation/MomentumFinance/Shared/RootFinancialInsightModels.swift:231:36: [1;39mnote: [1;39mexpanded code originates here[0;0m
[0;36m229 |[0;0m     public var actionRecommendations: [String]  // AI-generated action items
[0;36m230 |[0;0m     public var potentialSavings: Double?  // Estimated savings if action is taken
[0;36m231 |[0;0m     public var riskLevel: RiskLevel  // Associated risk level
[0;36m    +--- [0;0mmacro expansion @_PersistedProperty [0;36m---------------------------[0;0m
[0;36m    |[0;0m [0;36m7 |[0;0m     get {
[0;36m    |[0;0m [0;36m8 |[0;0m         _$observationRegistrar.access(self, keyPath: \.riskLevel)
[0;36m    |[0;0m [0;36m9 |[0;0m         return self.getValue(forKey: \.riskLevel)
[0;36m    |[0;0m   [0;36m|[0;0m                     `- [1;31merror: [1;39mno exact matches in call to instance method 'getValue'[0;0m
[0;36m    |[0;0m[0;36m10 |[0;0m     }
[0;36m    |[0;0m[0;36m11 |[0;0m     set {
[0;36m    +----------------------------------------[0;0m[0;36m---------------------------[0;0m
[0;36m232 |[0;0m     public var aiAnalysisVersion: String  // Version of AI model used for analysis
[0;36m233 |[0;0m     public var contextualTags: [String]  // Tags for better categorization

SwiftData.PersistentModel.getValue:2:13: [1;39mnote: [1;39mcandidate requires that 'RiskLevel' conform to 'PersistentModel' (requirement specified as 'Value' : 'PersistentModel')[0;0m
[0;36m1 |[0;0m protocol PersistentModel {
[0;36m2 |[0;0m public func getValue<Value>(forKey: KeyPath<Self, Value>) -> Value where Value : PersistentModel}
  [0;36m|[0;0m             `- [1;39mnote: [1;39mcandidate requires that 'RiskLevel' conform to 'PersistentModel' (requirement specified as 'Value' : 'PersistentModel')[0;0m
[0;36m3 |[0;0m 

SwiftData.PersistentModel.getValue:2:13: [1;39mnote: [1;39mcandidate requires that 'RiskLevel' conform to 'RelationshipCollection' (requirement specified as 'Value' : 'RelationshipCollection')[0;0m
[0;36m1 |[0;0m protocol PersistentModel {
[0;36m2 |[0;0m public func getValue<Value, OtherModel>(forKey: KeyPath<Self, Value>) -> Value where Value : RelationshipCollection, OtherModel == Value.PersistentElement}
  [0;36m|[0;0m             `- [1;39mnote: [1;39mcandidate requires that 'RiskLevel' conform to 'RelationshipCollection' (requirement specified as 'Value' : 'RelationshipCollection')[0;0m
[0;36m3 |[0;0m 

macro expansion @_PersistedProperty:13:18: [1;31merror: [1;39mno exact matches in call to instance method 'setValue'[0;0m
`- /Users/danielstevens/github-projects/tools-automation/MomentumFinance/Shared/RootFinancialInsightModels.swift:231:36: [1;39mnote: [1;39mexpanded code originates here[0;0m
[0;36m229 |[0;0m     public var actionRecommendations: [String]  // AI-generated action items
[0;36m230 |[0;0m     public var potentialSavings: Double?  // Estimated savings if action is taken
[0;36m231 |[0;0m     public var riskLevel: RiskLevel  // Associated risk level
[0;36m    +--- [0;0mmacro expansion @_PersistedProperty [0;36m---------------------------[0;0m
[0;36m    |[0;0m[0;36m11 |[0;0m     set {
[0;36m    |[0;0m[0;36m12 |[0;0m         _$observationRegistrar.withMutation(of: self, keyPath: \.riskLevel) {
[0;36m    |[0;0m[0;36m13 |[0;0m             self.setValue(forKey: \.riskLevel, to: newValue)
[0;36m    |[0;0m   [0;36m|[0;0m                  `- [1;31merror: [1;39mno exact matches in call to instance method 'setValue'[0;0m
[0;36m    |[0;0m[0;36m14 |[0;0m         }
[0;36m    |[0;0m[0;36m15 |[0;0m     }
[0;36m    +----------------------------------------[0;0m[0;36m---------------------------[0;0m
[0;36m232 |[0;0m     public var aiAnalysisVersion: String  // Version of AI model used for analysis
[0;36m233 |[0;0m     public var contextualTags: [String]  // Tags for better categorization

SwiftData.PersistentModel.setValue:2:13: [1;39mnote: [1;39mcandidate requires that 'RiskLevel' conform to 'PersistentModel' (requirement specified as 'Value' : 'PersistentModel')[0;0m
[0;36m1 |[0;0m protocol PersistentModel {
[0;36m2 |[0;0m public func setValue<Value>(forKey: KeyPath<Self, Value>, to newValue: Value) where Value : PersistentModel}
  [0;36m|[0;0m             `- [1;39mnote: [1;39mcandidate requires that 'RiskLevel' conform to 'PersistentModel' (requirement specified as 'Value' : 'PersistentModel')[0;0m
[0;36m3 |[0;0m 

SwiftData.PersistentModel.setValue:2:13: [1;39mnote: [1;39mcandidate requires that 'RiskLevel' conform to 'RelationshipCollection' (requirement specified as 'Value' : 'RelationshipCollection')[0;0m
[0;36m1 |[0;0m protocol PersistentModel {
[0;36m2 |[0;0m public func setValue<Value, OtherModel>(forKey: KeyPath<Self, Value>, to newValue: Value) where Value : RelationshipCollection, OtherModel == Value.PersistentElement}
  [0;36m|[0;0m             `- [1;39mnote: [1;39mcandidate requires that 'RiskLevel' conform to 'RelationshipCollection' (requirement specified as 'Value' : 'RelationshipCollection')[0;0m
[0;36m3 |[0;0m 

/Users/danielstevens/github-projects/tools-automation/MomentumFinance/Shared/Services/FinancialServices.swift:123:19: [1;33mwarning: [1;39mvalue 'columnName' was defined but never used; consider replacing with boolean test[0;0m [#no-usage]
[0;36m121 |[0;0m 
[0;36m122 |[0;0m     private func getColumnIndex(for columnName: String?, in _: [String]) -> Int? {
[0;36m123 |[0;0m         guard let columnName else { return nil }
    [0;36m|[0;0m                   `- [1;33mwarning: [1;39mvalue 'columnName' was defined but never used; consider replacing with boolean test[0;0m [#no-usage]
[0;36m124 |[0;0m         // This is a simplified implementation - in a real app you'd have proper CSV parsing
[0;36m125 |[0;0m         return 0  // Placeholder
[110/148] Compiling Shared FinancialServices.swift
macro expansion @_PersistedProperty:4:23: [1;31merror: [1;39mno exact matches in call to instance method 'setValue'[0;0m
`- /Users/danielstevens/github-projects/tools-automation/MomentumFinance/Shared/RootFinancialInsightModels.swift:216:41: [1;39mnote: [1;39mexpanded code originates here[0;0m
[0;36m214 |[0;0m     public var title: String
[0;36m215 |[0;0m     public var insightDescription: String  // Renamed from 'description' to avoid SwiftData conflict
[0;36m216 |[0;0m     public var priority: InsightPriority
[0;36m    +--- [0;0mmacro expansion @_PersistedProperty [0;36m---------------------------[0;0m
[0;36m    |[0;0m [0;36m2 |[0;0m     @storageRestrictions(accesses: _$backingData, initializes: _priority)
[0;36m    |[0;0m [0;36m3 |[0;0m     init(initialValue) {
[0;36m    |[0;0m [0;36m4 |[0;0m         _$backingData.setValue(forKey: \.priority, to: initialValue)
[0;36m    |[0;0m   [0;36m|[0;0m                       `- [1;31merror: [1;39mno exact matches in call to instance method 'setValue'[0;0m
[0;36m    |[0;0m [0;36m5 |[0;0m         _priority = _SwiftDataNoType()
[0;36m    |[0;0m [0;36m6 |[0;0m     }
[0;36m    +----------------------------------------[0;0m[0;36m---------------------------[0;0m
[0;36m217 |[0;0m     public var type: InsightType
[0;36m218 |[0;0m     public var confidence: Double  // 0.0 to 1.0

SwiftData.BackingData.setValue:2:6: [1;39mnote: [1;39mcandidate requires that 'InsightPriority' conform to 'PersistentModel' (requirement specified as 'Value' : 'PersistentModel')[0;0m
[0;36m1 |[0;0m protocol BackingData {
[0;36m2 |[0;0m func setValue<Value>(forKey: KeyPath<Self.Model, Value>, to newValue: Value) where Value : PersistentModel}
  [0;36m|[0;0m      `- [1;39mnote: [1;39mcandidate requires that 'InsightPriority' conform to 'PersistentModel' (requirement specified as 'Value' : 'PersistentModel')[0;0m
[0;36m3 |[0;0m 

SwiftData.BackingData.setValue:2:6: [1;39mnote: [1;39mcandidate requires that 'InsightPriority' conform to 'RelationshipCollection' (requirement specified as 'Value' : 'RelationshipCollection')[0;0m
[0;36m1 |[0;0m protocol BackingData {
[0;36m2 |[0;0m func setValue<Value, OtherModel>(forKey: KeyPath<Self.Model, Value>, to newValue: Value) where Value : RelationshipCollection, OtherModel == Value.PersistentElement}
  [0;36m|[0;0m      `- [1;39mnote: [1;39mcandidate requires that 'InsightPriority' conform to 'RelationshipCollection' (requirement specified as 'Value' : 'RelationshipCollection')[0;0m
[0;36m3 |[0;0m 

macro expansion @_PersistedProperty:9:21: [1;31merror: [1;39mno exact matches in call to instance method 'getValue'[0;0m
`- /Users/danielstevens/github-projects/tools-automation/MomentumFinance/Shared/RootFinancialInsightModels.swift:216:41: [1;39mnote: [1;39mexpanded code originates here[0;0m
[0;36m214 |[0;0m     public var title: String
[0;36m215 |[0;0m     public var insightDescription: String  // Renamed from 'description' to avoid SwiftData conflict
[0;36m216 |[0;0m     public var priority: InsightPriority
[0;36m    +--- [0;0mmacro expansion @_PersistedProperty [0;36m---------------------------[0;0m
[0;36m    |[0;0m [0;36m7 |[0;0m     get {
[0;36m    |[0;0m [0;36m8 |[0;0m         _$observationRegistrar.access(self, keyPath: \.priority)
[0;36m    |[0;0m [0;36m9 |[0;0m         return self.getValue(forKey: \.priority)
[0;36m    |[0;0m   [0;36m|[0;0m                     `- [1;31merror: [1;39mno exact matches in call to instance method 'getValue'[0;0m
[0;36m    |[0;0m[0;36m10 |[0;0m     }
[0;36m    |[0;0m[0;36m11 |[0;0m     set {
[0;36m    +----------------------------------------[0;0m[0;36m---------------------------[0;0m
[0;36m217 |[0;0m     public var type: InsightType
[0;36m218 |[0;0m     public var confidence: Double  // 0.0 to 1.0

SwiftData.PersistentModel.getValue:2:13: [1;39mnote: [1;39mcandidate requires that 'InsightPriority' conform to 'PersistentModel' (requirement specified as 'Value' : 'PersistentModel')[0;0m
[0;36m1 |[0;0m protocol PersistentModel {
[0;36m2 |[0;0m public func getValue<Value>(forKey: KeyPath<Self, Value>) -> Value where Value : PersistentModel}
  [0;36m|[0;0m             `- [1;39mnote: [1;39mcandidate requires that 'InsightPriority' conform to 'PersistentModel' (requirement specified as 'Value' : 'PersistentModel')[0;0m
[0;36m3 |[0;0m 

SwiftData.PersistentModel.getValue:2:13: [1;39mnote: [1;39mcandidate requires that 'InsightPriority' conform to 'RelationshipCollection' (requirement specified as 'Value' : 'RelationshipCollection')[0;0m
[0;36m1 |[0;0m protocol PersistentModel {
[0;36m2 |[0;0m public func getValue<Value, OtherModel>(forKey: KeyPath<Self, Value>) -> Value where Value : RelationshipCollection, OtherModel == Value.PersistentElement}
  [0;36m|[0;0m             `- [1;39mnote: [1;39mcandidate requires that 'InsightPriority' conform to 'RelationshipCollection' (requirement specified as 'Value' : 'RelationshipCollection')[0;0m
[0;36m3 |[0;0m 

macro expansion @_PersistedProperty:13:18: [1;31merror: [1;39mno exact matches in call to instance method 'setValue'[0;0m
`- /Users/danielstevens/github-projects/tools-automation/MomentumFinance/Shared/RootFinancialInsightModels.swift:216:41: [1;39mnote: [1;39mexpanded code originates here[0;0m
[0;36m214 |[0;0m     public var title: String
[0;36m215 |[0;0m     public var insightDescription: String  // Renamed from 'description' to avoid SwiftData conflict
[0;36m216 |[0;0m     public var priority: InsightPriority
[0;36m    +--- [0;0mmacro expansion @_PersistedProperty [0;36m---------------------------[0;0m
[0;36m    |[0;0m[0;36m11 |[0;0m     set {
[0;36m    |[0;0m[0;36m12 |[0;0m         _$observationRegistrar.withMutation(of: self, keyPath: \.priority) {
[0;36m    |[0;0m[0;36m13 |[0;0m             self.setValue(forKey: \.priority, to: newValue)
[0;36m    |[0;0m   [0;36m|[0;0m                  `- [1;31merror: [1;39mno exact matches in call to instance method 'setValue'[0;0m
[0;36m    |[0;0m[0;36m14 |[0;0m         }
[0;36m    |[0;0m[0;36m15 |[0;0m     }
[0;36m    +----------------------------------------[0;0m[0;36m---------------------------[0;0m
[0;36m217 |[0;0m     public var type: InsightType
[0;36m218 |[0;0m     public var confidence: Double  // 0.0 to 1.0

SwiftData.PersistentModel.setValue:2:13: [1;39mnote: [1;39mcandidate requires that 'InsightPriority' conform to 'PersistentModel' (requirement specified as 'Value' : 'PersistentModel')[0;0m
[0;36m1 |[0;0m protocol PersistentModel {
[0;36m2 |[0;0m public func setValue<Value>(forKey: KeyPath<Self, Value>, to newValue: Value) where Value : PersistentModel}
  [0;36m|[0;0m             `- [1;39mnote: [1;39mcandidate requires that 'InsightPriority' conform to 'PersistentModel' (requirement specified as 'Value' : 'PersistentModel')[0;0m
[0;36m3 |[0;0m 

SwiftData.PersistentModel.setValue:2:13: [1;39mnote: [1;39mcandidate requires that 'InsightPriority' conform to 'RelationshipCollection' (requirement specified as 'Value' : 'RelationshipCollection')[0;0m
[0;36m1 |[0;0m protocol PersistentModel {
[0;36m2 |[0;0m public func setValue<Value, OtherModel>(forKey: KeyPath<Self, Value>, to newValue: Value) where Value : RelationshipCollection, OtherModel == Value.PersistentElement}
  [0;36m|[0;0m             `- [1;39mnote: [1;39mcandidate requires that 'InsightPriority' conform to 'RelationshipCollection' (requirement specified as 'Value' : 'RelationshipCollection')[0;0m
[0;36m3 |[0;0m 

macro expansion @_PersistedProperty:4:23: [1;31merror: [1;39mno exact matches in call to instance method 'setValue'[0;0m
`- /Users/danielstevens/github-projects/tools-automation/MomentumFinance/Shared/RootFinancialInsightModels.swift:217:33: [1;39mnote: [1;39mexpanded code originates here[0;0m
[0;36m215 |[0;0m     public var insightDescription: String  // Renamed from 'description' to avoid SwiftData conflict
[0;36m216 |[0;0m     public var priority: InsightPriority
[0;36m217 |[0;0m     public var type: InsightType
[0;36m    +--- [0;0mmacro expansion @_PersistedProperty [0;36m---------------------------[0;0m
[0;36m    |[0;0m [0;36m2 |[0;0m     @storageRestrictions(accesses: _$backingData, initializes: _type)
[0;36m    |[0;0m [0;36m3 |[0;0m     init(initialValue) {
[0;36m    |[0;0m [0;36m4 |[0;0m         _$backingData.setValue(forKey: \.type, to: initialValue)
[0;36m    |[0;0m   [0;36m|[0;0m                       `- [1;31merror: [1;39mno exact matches in call to instance method 'setValue'[0;0m
[0;36m    |[0;0m [0;36m5 |[0;0m         _type = _SwiftDataNoType()
[0;36m    |[0;0m [0;36m6 |[0;0m     }
[0;36m    +----------------------------------------[0;0m[0;36m---------------------------[0;0m
[0;36m218 |[0;0m     public var confidence: Double  // 0.0 to 1.0
[0;36m219 |[0;0m     public var createdAt: Date

SwiftData.BackingData.setValue:2:6: [1;39mnote: [1;39mcandidate requires that 'InsightType' conform to 'PersistentModel' (requirement specified as 'Value' : 'PersistentModel')[0;0m
[0;36m1 |[0;0m protocol BackingData {
[0;36m2 |[0;0m func setValue<Value>(forKey: KeyPath<Self.Model, Value>, to newValue: Value) where Value : PersistentModel}
  [0;36m|[0;0m      `- [1;39mnote: [1;39mcandidate requires that 'InsightType' conform to 'PersistentModel' (requirement specified as 'Value' : 'PersistentModel')[0;0m
[0;36m3 |[0;0m 

SwiftData.BackingData.setValue:2:6: [1;39mnote: [1;39mcandidate requires that 'InsightType' conform to 'RelationshipCollection' (requirement specified as 'Value' : 'RelationshipCollection')[0;0m
[0;36m1 |[0;0m protocol BackingData {
[0;36m2 |[0;0m func setValue<Value, OtherModel>(forKey: KeyPath<Self.Model, Value>, to newValue: Value) where Value : RelationshipCollection, OtherModel == Value.PersistentElement}
  [0;36m|[0;0m      `- [1;39mnote: [1;39mcandidate requires that 'InsightType' conform to 'RelationshipCollection' (requirement specified as 'Value' : 'RelationshipCollection')[0;0m
[0;36m3 |[0;0m 

macro expansion @_PersistedProperty:9:21: [1;31merror: [1;39mno exact matches in call to instance method 'getValue'[0;0m
`- /Users/danielstevens/github-projects/tools-automation/MomentumFinance/Shared/RootFinancialInsightModels.swift:217:33: [1;39mnote: [1;39mexpanded code originates here[0;0m
[0;36m215 |[0;0m     public var insightDescription: String  // Renamed from 'description' to avoid SwiftData conflict
[0;36m216 |[0;0m     public var priority: InsightPriority
[0;36m217 |[0;0m     public var type: InsightType
[0;36m    +--- [0;0mmacro expansion @_PersistedProperty [0;36m---------------------------[0;0m
[0;36m    |[0;0m [0;36m7 |[0;0m     get {
[0;36m    |[0;0m [0;36m8 |[0;0m         _$observationRegistrar.access(self, keyPath: \.type)
[0;36m    |[0;0m [0;36m9 |[0;0m         return self.getValue(forKey: \.type)
[0;36m    |[0;0m   [0;36m|[0;0m                     `- [1;31merror: [1;39mno exact matches in call to instance method 'getValue'[0;0m
[0;36m    |[0;0m[0;36m10 |[0;0m     }
[0;36m    |[0;0m[0;36m11 |[0;0m     set {
[0;36m    +----------------------------------------[0;0m[0;36m---------------------------[0;0m
[0;36m218 |[0;0m     public var confidence: Double  // 0.0 to 1.0
[0;36m219 |[0;0m     public var createdAt: Date

SwiftData.PersistentModel.getValue:2:13: [1;39mnote: [1;39mcandidate requires that 'InsightType' conform to 'PersistentModel' (requirement specified as 'Value' : 'PersistentModel')[0;0m
[0;36m1 |[0;0m protocol PersistentModel {
[0;36m2 |[0;0m public func getValue<Value>(forKey: KeyPath<Self, Value>) -> Value where Value : PersistentModel}
  [0;36m|[0;0m             `- [1;39mnote: [1;39mcandidate requires that 'InsightType' conform to 'PersistentModel' (requirement specified as 'Value' : 'PersistentModel')[0;0m
[0;36m3 |[0;0m 

SwiftData.PersistentModel.getValue:2:13: [1;39mnote: [1;39mcandidate requires that 'InsightType' conform to 'RelationshipCollection' (requirement specified as 'Value' : 'RelationshipCollection')[0;0m
[0;36m1 |[0;0m protocol PersistentModel {
[0;36m2 |[0;0m public func getValue<Value, OtherModel>(forKey: KeyPath<Self, Value>) -> Value where Value : RelationshipCollection, OtherModel == Value.PersistentElement}
  [0;36m|[0;0m             `- [1;39mnote: [1;39mcandidate requires that 'InsightType' conform to 'RelationshipCollection' (requirement specified as 'Value' : 'RelationshipCollection')[0;0m
[0;36m3 |[0;0m 

macro expansion @_PersistedProperty:13:18: [1;31merror: [1;39mno exact matches in call to instance method 'setValue'[0;0m
`- /Users/danielstevens/github-projects/tools-automation/MomentumFinance/Shared/RootFinancialInsightModels.swift:217:33: [1;39mnote: [1;39mexpanded code originates here[0;0m
[0;36m215 |[0;0m     public var insightDescription: String  // Renamed from 'description' to avoid SwiftData conflict
[0;36m216 |[0;0m     public var priority: InsightPriority
[0;36m217 |[0;0m     public var type: InsightType
[0;36m    +--- [0;0mmacro expansion @_PersistedProperty [0;36m---------------------------[0;0m
[0;36m    |[0;0m[0;36m11 |[0;0m     set {
[0;36m    |[0;0m[0;36m12 |[0;0m         _$observationRegistrar.withMutation(of: self, keyPath: \.type) {
[0;36m    |[0;0m[0;36m13 |[0;0m             self.setValue(forKey: \.type, to: newValue)
[0;36m    |[0;0m   [0;36m|[0;0m                  `- [1;31merror: [1;39mno exact matches in call to instance method 'setValue'[0;0m
[0;36m    |[0;0m[0;36m14 |[0;0m         }
[0;36m    |[0;0m[0;36m15 |[0;0m     }
[0;36m    +----------------------------------------[0;0m[0;36m---------------------------[0;0m
[0;36m218 |[0;0m     public var confidence: Double  // 0.0 to 1.0
[0;36m219 |[0;0m     public var createdAt: Date

SwiftData.PersistentModel.setValue:2:13: [1;39mnote: [1;39mcandidate requires that 'InsightType' conform to 'PersistentModel' (requirement specified as 'Value' : 'PersistentModel')[0;0m
[0;36m1 |[0;0m protocol PersistentModel {
[0;36m2 |[0;0m public func setValue<Value>(forKey: KeyPath<Self, Value>, to newValue: Value) where Value : PersistentModel}
  [0;36m|[0;0m             `- [1;39mnote: [1;39mcandidate requires that 'InsightType' conform to 'PersistentModel' (requirement specified as 'Value' : 'PersistentModel')[0;0m
[0;36m3 |[0;0m 

SwiftData.PersistentModel.setValue:2:13: [1;39mnote: [1;39mcandidate requires that 'InsightType' conform to 'RelationshipCollection' (requirement specified as 'Value' : 'RelationshipCollection')[0;0m
[0;36m1 |[0;0m protocol PersistentModel {
[0;36m2 |[0;0m public func setValue<Value, OtherModel>(forKey: KeyPath<Self, Value>, to newValue: Value) where Value : RelationshipCollection, OtherModel == Value.PersistentElement}
  [0;36m|[0;0m             `- [1;39mnote: [1;39mcandidate requires that 'InsightType' conform to 'RelationshipCollection' (requirement specified as 'Value' : 'RelationshipCollection')[0;0m
[0;36m3 |[0;0m 

macro expansion @_PersistedProperty:4:23: [1;31merror: [1;39mno exact matches in call to instance method 'setValue'[0;0m
`- /Users/danielstevens/github-projects/tools-automation/MomentumFinance/Shared/RootFinancialInsightModels.swift:231:36: [1;39mnote: [1;39mexpanded code originates here[0;0m
[0;36m229 |[0;0m     public var actionRecommendations: [String]  // AI-generated action items
[0;36m230 |[0;0m     public var potentialSavings: Double?  // Estimated savings if action is taken
[0;36m231 |[0;0m     public var riskLevel: RiskLevel  // Associated risk level
[0;36m    +--- [0;0mmacro expansion @_PersistedProperty [0;36m---------------------------[0;0m
[0;36m    |[0;0m [0;36m2 |[0;0m     @storageRestrictions(accesses: _$backingData, initializes: _riskLevel)
[0;36m    |[0;0m [0;36m3 |[0;0m     init(initialValue) {
[0;36m    |[0;0m [0;36m4 |[0;0m         _$backingData.setValue(forKey: \.riskLevel, to: initialValue)
[0;36m    |[0;0m   [0;36m|[0;0m                       `- [1;31merror: [1;39mno exact matches in call to instance method 'setValue'[0;0m
[0;36m    |[0;0m [0;36m5 |[0;0m         _riskLevel = _SwiftDataNoType()
[0;36m    |[0;0m [0;36m6 |[0;0m     }
[0;36m    +----------------------------------------[0;0m[0;36m---------------------------[0;0m
[0;36m232 |[0;0m     public var aiAnalysisVersion: String  // Version of AI model used for analysis
[0;36m233 |[0;0m     public var contextualTags: [String]  // Tags for better categorization

SwiftData.BackingData.setValue:2:6: [1;39mnote: [1;39mcandidate requires that 'RiskLevel' conform to 'PersistentModel' (requirement specified as 'Value' : 'PersistentModel')[0;0m
[0;36m1 |[0;0m protocol BackingData {
[0;36m2 |[0;0m func setValue<Value>(forKey: KeyPath<Self.Model, Value>, to newValue: Value) where Value : PersistentModel}
  [0;36m|[0;0m      `- [1;39mnote: [1;39mcandidate requires that 'RiskLevel' conform to 'PersistentModel' (requirement specified as 'Value' : 'PersistentModel')[0;0m
[0;36m3 |[0;0m 

SwiftData.BackingData.setValue:2:6: [1;39mnote: [1;39mcandidate requires that 'RiskLevel' conform to 'RelationshipCollection' (requirement specified as 'Value' : 'RelationshipCollection')[0;0m
[0;36m1 |[0;0m protocol BackingData {
[0;36m2 |[0;0m func setValue<Value, OtherModel>(forKey: KeyPath<Self.Model, Value>, to newValue: Value) where Value : RelationshipCollection, OtherModel == Value.PersistentElement}
  [0;36m|[0;0m      `- [1;39mnote: [1;39mcandidate requires that 'RiskLevel' conform to 'RelationshipCollection' (requirement specified as 'Value' : 'RelationshipCollection')[0;0m
[0;36m3 |[0;0m 

macro expansion @_PersistedProperty:9:21: [1;31merror: [1;39mno exact matches in call to instance method 'getValue'[0;0m
`- /Users/danielstevens/github-projects/tools-automation/MomentumFinance/Shared/RootFinancialInsightModels.swift:231:36: [1;39mnote: [1;39mexpanded code originates here[0;0m
[0;36m229 |[0;0m     public var actionRecommendations: [String]  // AI-generated action items
[0;36m230 |[0;0m     public var potentialSavings: Double?  // Estimated savings if action is taken
[0;36m231 |[0;0m     public var riskLevel: RiskLevel  // Associated risk level
[0;36m    +--- [0;0mmacro expansion @_PersistedProperty [0;36m---------------------------[0;0m
[0;36m    |[0;0m [0;36m7 |[0;0m     get {
[0;36m    |[0;0m [0;36m8 |[0;0m         _$observationRegistrar.access(self, keyPath: \.riskLevel)
[0;36m    |[0;0m [0;36m9 |[0;0m         return self.getValue(forKey: \.riskLevel)
[0;36m    |[0;0m   [0;36m|[0;0m                     `- [1;31merror: [1;39mno exact matches in call to instance method 'getValue'[0;0m
[0;36m    |[0;0m[0;36m10 |[0;0m     }
[0;36m    |[0;0m[0;36m11 |[0;0m     set {
[0;36m    +----------------------------------------[0;0m[0;36m---------------------------[0;0m
[0;36m232 |[0;0m     public var aiAnalysisVersion: String  // Version of AI model used for analysis
[0;36m233 |[0;0m     public var contextualTags: [String]  // Tags for better categorization

SwiftData.PersistentModel.getValue:2:13: [1;39mnote: [1;39mcandidate requires that 'RiskLevel' conform to 'PersistentModel' (requirement specified as 'Value' : 'PersistentModel')[0;0m
[0;36m1 |[0;0m protocol PersistentModel {
[0;36m2 |[0;0m public func getValue<Value>(forKey: KeyPath<Self, Value>) -> Value where Value : PersistentModel}
  [0;36m|[0;0m             `- [1;39mnote: [1;39mcandidate requires that 'RiskLevel' conform to 'PersistentModel' (requirement specified as 'Value' : 'PersistentModel')[0;0m
[0;36m3 |[0;0m 

SwiftData.PersistentModel.getValue:2:13: [1;39mnote: [1;39mcandidate requires that 'RiskLevel' conform to 'RelationshipCollection' (requirement specified as 'Value' : 'RelationshipCollection')[0;0m
[0;36m1 |[0;0m protocol PersistentModel {
[0;36m2 |[0;0m public func getValue<Value, OtherModel>(forKey: KeyPath<Self, Value>) -> Value where Value : RelationshipCollection, OtherModel == Value.PersistentElement}
  [0;36m|[0;0m             `- [1;39mnote: [1;39mcandidate requires that 'RiskLevel' conform to 'RelationshipCollection' (requirement specified as 'Value' : 'RelationshipCollection')[0;0m
[0;36m3 |[0;0m 

macro expansion @_PersistedProperty:13:18: [1;31merror: [1;39mno exact matches in call to instance method 'setValue'[0;0m
`- /Users/danielstevens/github-projects/tools-automation/MomentumFinance/Shared/RootFinancialInsightModels.swift:231:36: [1;39mnote: [1;39mexpanded code originates here[0;0m
[0;36m229 |[0;0m     public var actionRecommendations: [String]  // AI-generated action items
[0;36m230 |[0;0m     public var potentialSavings: Double?  // Estimated savings if action is taken
[0;36m231 |[0;0m     public var riskLevel: RiskLevel  // Associated risk level
[0;36m    +--- [0;0mmacro expansion @_PersistedProperty [0;36m---------------------------[0;0m
[0;36m    |[0;0m[0;36m11 |[0;0m     set {
[0;36m    |[0;0m[0;36m12 |[0;0m         _$observationRegistrar.withMutation(of: self, keyPath: \.riskLevel) {
[0;36m    |[0;0m[0;36m13 |[0;0m             self.setValue(forKey: \.riskLevel, to: newValue)
[0;36m    |[0;0m   [0;36m|[0;0m                  `- [1;31merror: [1;39mno exact matches in call to instance method 'setValue'[0;0m
[0;36m    |[0;0m[0;36m14 |[0;0m         }
[0;36m    |[0;0m[0;36m15 |[0;0m     }
[0;36m    +----------------------------------------[0;0m[0;36m---------------------------[0;0m
[0;36m232 |[0;0m     public var aiAnalysisVersion: String  // Version of AI model used for analysis
[0;36m233 |[0;0m     public var contextualTags: [String]  // Tags for better categorization

SwiftData.PersistentModel.setValue:2:13: [1;39mnote: [1;39mcandidate requires that 'RiskLevel' conform to 'PersistentModel' (requirement specified as 'Value' : 'PersistentModel')[0;0m
[0;36m1 |[0;0m protocol PersistentModel {
[0;36m2 |[0;0m public func setValue<Value>(forKey: KeyPath<Self, Value>, to newValue: Value) where Value : PersistentModel}
  [0;36m|[0;0m             `- [1;39mnote: [1;39mcandidate requires that 'RiskLevel' conform to 'PersistentModel' (requirement specified as 'Value' : 'PersistentModel')[0;0m
[0;36m3 |[0;0m 

SwiftData.PersistentModel.setValue:2:13: [1;39mnote: [1;39mcandidate requires that 'RiskLevel' conform to 'RelationshipCollection' (requirement specified as 'Value' : 'RelationshipCollection')[0;0m
[0;36m1 |[0;0m protocol PersistentModel {
[0;36m2 |[0;0m public func setValue<Value, OtherModel>(forKey: KeyPath<Self, Value>, to newValue: Value) where Value : RelationshipCollection, OtherModel == Value.PersistentElement}
  [0;36m|[0;0m             `- [1;39mnote: [1;39mcandidate requires that 'RiskLevel' conform to 'RelationshipCollection' (requirement specified as 'Value' : 'RelationshipCollection')[0;0m
[0;36m3 |[0;0m 

/Users/danielstevens/github-projects/tools-automation/MomentumFinance/Shared/Services/FinancialServices.swift:123:19: [1;33mwarning: [1;39mvalue 'columnName' was defined but never used; consider replacing with boolean test[0;0m [#no-usage]
[0;36m121 |[0;0m 
[0;36m122 |[0;0m     private func getColumnIndex(for columnName: String?, in _: [String]) -> Int? {
[0;36m123 |[0;0m         guard let columnName else { return nil }
    [0;36m|[0;0m                   `- [1;33mwarning: [1;39mvalue 'columnName' was defined but never used; consider replacing with boolean test[0;0m [#no-usage]
[0;36m124 |[0;0m         // This is a simplified implementation - in a real app you'd have proper CSV parsing
[0;36m125 |[0;0m         return 0  // Placeholder
[111/148] Compiling Shared Theme.swift
macro expansion @_PersistedProperty:4:23: [1;31merror: [1;39mno exact matches in call to instance method 'setValue'[0;0m
`- /Users/danielstevens/github-projects/tools-automation/MomentumFinance/Shared/RootFinancialInsightModels.swift:216:41: [1;39mnote: [1;39mexpanded code originates here[0;0m
[0;36m214 |[0;0m     public var title: String
[0;36m215 |[0;0m     public var insightDescription: String  // Renamed from 'description' to avoid SwiftData conflict
[0;36m216 |[0;0m     public var priority: InsightPriority
[0;36m    +--- [0;0mmacro expansion @_PersistedProperty [0;36m---------------------------[0;0m
[0;36m    |[0;0m [0;36m2 |[0;0m     @storageRestrictions(accesses: _$backingData, initializes: _priority)
[0;36m    |[0;0m [0;36m3 |[0;0m     init(initialValue) {
[0;36m    |[0;0m [0;36m4 |[0;0m         _$backingData.setValue(forKey: \.priority, to: initialValue)
[0;36m    |[0;0m   [0;36m|[0;0m                       `- [1;31merror: [1;39mno exact matches in call to instance method 'setValue'[0;0m
[0;36m    |[0;0m [0;36m5 |[0;0m         _priority = _SwiftDataNoType()
[0;36m    |[0;0m [0;36m6 |[0;0m     }
[0;36m    +----------------------------------------[0;0m[0;36m---------------------------[0;0m
[0;36m217 |[0;0m     public var type: InsightType
[0;36m218 |[0;0m     public var confidence: Double  // 0.0 to 1.0

SwiftData.BackingData.setValue:2:6: [1;39mnote: [1;39mcandidate requires that 'InsightPriority' conform to 'PersistentModel' (requirement specified as 'Value' : 'PersistentModel')[0;0m
[0;36m1 |[0;0m protocol BackingData {
[0;36m2 |[0;0m func setValue<Value>(forKey: KeyPath<Self.Model, Value>, to newValue: Value) where Value : PersistentModel}
  [0;36m|[0;0m      `- [1;39mnote: [1;39mcandidate requires that 'InsightPriority' conform to 'PersistentModel' (requirement specified as 'Value' : 'PersistentModel')[0;0m
[0;36m3 |[0;0m 

SwiftData.BackingData.setValue:2:6: [1;39mnote: [1;39mcandidate requires that 'InsightPriority' conform to 'RelationshipCollection' (requirement specified as 'Value' : 'RelationshipCollection')[0;0m
[0;36m1 |[0;0m protocol BackingData {
[0;36m2 |[0;0m func setValue<Value, OtherModel>(forKey: KeyPath<Self.Model, Value>, to newValue: Value) where Value : RelationshipCollection, OtherModel == Value.PersistentElement}
  [0;36m|[0;0m      `- [1;39mnote: [1;39mcandidate requires that 'InsightPriority' conform to 'RelationshipCollection' (requirement specified as 'Value' : 'RelationshipCollection')[0;0m
[0;36m3 |[0;0m 

macro expansion @_PersistedProperty:9:21: [1;31merror: [1;39mno exact matches in call to instance method 'getValue'[0;0m
`- /Users/danielstevens/github-projects/tools-automation/MomentumFinance/Shared/RootFinancialInsightModels.swift:216:41: [1;39mnote: [1;39mexpanded code originates here[0;0m
[0;36m214 |[0;0m     public var title: String
[0;36m215 |[0;0m     public var insightDescription: String  // Renamed from 'description' to avoid SwiftData conflict
[0;36m216 |[0;0m     public var priority: InsightPriority
[0;36m    +--- [0;0mmacro expansion @_PersistedProperty [0;36m---------------------------[0;0m
[0;36m    |[0;0m [0;36m7 |[0;0m     get {
[0;36m    |[0;0m [0;36m8 |[0;0m         _$observationRegistrar.access(self, keyPath: \.priority)
[0;36m    |[0;0m [0;36m9 |[0;0m         return self.getValue(forKey: \.priority)
[0;36m    |[0;0m   [0;36m|[0;0m                     `- [1;31merror: [1;39mno exact matches in call to instance method 'getValue'[0;0m
[0;36m    |[0;0m[0;36m10 |[0;0m     }
[0;36m    |[0;0m[0;36m11 |[0;0m     set {
[0;36m    +----------------------------------------[0;0m[0;36m---------------------------[0;0m
[0;36m217 |[0;0m     public var type: InsightType
[0;36m218 |[0;0m     public var confidence: Double  // 0.0 to 1.0

SwiftData.PersistentModel.getValue:2:13: [1;39mnote: [1;39mcandidate requires that 'InsightPriority' conform to 'PersistentModel' (requirement specified as 'Value' : 'PersistentModel')[0;0m
[0;36m1 |[0;0m protocol PersistentModel {
[0;36m2 |[0;0m public func getValue<Value>(forKey: KeyPath<Self, Value>) -> Value where Value : PersistentModel}
  [0;36m|[0;0m             `- [1;39mnote: [1;39mcandidate requires that 'InsightPriority' conform to 'PersistentModel' (requirement specified as 'Value' : 'PersistentModel')[0;0m
[0;36m3 |[0;0m 

SwiftData.PersistentModel.getValue:2:13: [1;39mnote: [1;39mcandidate requires that 'InsightPriority' conform to 'RelationshipCollection' (requirement specified as 'Value' : 'RelationshipCollection')[0;0m
[0;36m1 |[0;0m protocol PersistentModel {
[0;36m2 |[0;0m public func getValue<Value, OtherModel>(forKey: KeyPath<Self, Value>) -> Value where Value : RelationshipCollection, OtherModel == Value.PersistentElement}
  [0;36m|[0;0m             `- [1;39mnote: [1;39mcandidate requires that 'InsightPriority' conform to 'RelationshipCollection' (requirement specified as 'Value' : 'RelationshipCollection')[0;0m
[0;36m3 |[0;0m 

macro expansion @_PersistedProperty:13:18: [1;31merror: [1;39mno exact matches in call to instance method 'setValue'[0;0m
`- /Users/danielstevens/github-projects/tools-automation/MomentumFinance/Shared/RootFinancialInsightModels.swift:216:41: [1;39mnote: [1;39mexpanded code originates here[0;0m
[0;36m214 |[0;0m     public var title: String
[0;36m215 |[0;0m     public var insightDescription: String  // Renamed from 'description' to avoid SwiftData conflict
[0;36m216 |[0;0m     public var priority: InsightPriority
[0;36m    +--- [0;0mmacro expansion @_PersistedProperty [0;36m---------------------------[0;0m
[0;36m    |[0;0m[0;36m11 |[0;0m     set {
[0;36m    |[0;0m[0;36m12 |[0;0m         _$observationRegistrar.withMutation(of: self, keyPath: \.priority) {
[0;36m    |[0;0m[0;36m13 |[0;0m             self.setValue(forKey: \.priority, to: newValue)
[0;36m    |[0;0m   [0;36m|[0;0m                  `- [1;31merror: [1;39mno exact matches in call to instance method 'setValue'[0;0m
[0;36m    |[0;0m[0;36m14 |[0;0m         }
[0;36m    |[0;0m[0;36m15 |[0;0m     }
[0;36m    +----------------------------------------[0;0m[0;36m---------------------------[0;0m
[0;36m217 |[0;0m     public var type: InsightType
[0;36m218 |[0;0m     public var confidence: Double  // 0.0 to 1.0

SwiftData.PersistentModel.setValue:2:13: [1;39mnote: [1;39mcandidate requires that 'InsightPriority' conform to 'PersistentModel' (requirement specified as 'Value' : 'PersistentModel')[0;0m
[0;36m1 |[0;0m protocol PersistentModel {
[0;36m2 |[0;0m public func setValue<Value>(forKey: KeyPath<Self, Value>, to newValue: Value) where Value : PersistentModel}
  [0;36m|[0;0m             `- [1;39mnote: [1;39mcandidate requires that 'InsightPriority' conform to 'PersistentModel' (requirement specified as 'Value' : 'PersistentModel')[0;0m
[0;36m3 |[0;0m 

SwiftData.PersistentModel.setValue:2:13: [1;39mnote: [1;39mcandidate requires that 'InsightPriority' conform to 'RelationshipCollection' (requirement specified as 'Value' : 'RelationshipCollection')[0;0m
[0;36m1 |[0;0m protocol PersistentModel {
[0;36m2 |[0;0m public func setValue<Value, OtherModel>(forKey: KeyPath<Self, Value>, to newValue: Value) where Value : RelationshipCollection, OtherModel == Value.PersistentElement}
  [0;36m|[0;0m             `- [1;39mnote: [1;39mcandidate requires that 'InsightPriority' conform to 'RelationshipCollection' (requirement specified as 'Value' : 'RelationshipCollection')[0;0m
[0;36m3 |[0;0m 

macro expansion @_PersistedProperty:4:23: [1;31merror: [1;39mno exact matches in call to instance method 'setValue'[0;0m
`- /Users/danielstevens/github-projects/tools-automation/MomentumFinance/Shared/RootFinancialInsightModels.swift:217:33: [1;39mnote: [1;39mexpanded code originates here[0;0m
[0;36m215 |[0;0m     public var insightDescription: String  // Renamed from 'description' to avoid SwiftData conflict
[0;36m216 |[0;0m     public var priority: InsightPriority
[0;36m217 |[0;0m     public var type: InsightType
[0;36m    +--- [0;0mmacro expansion @_PersistedProperty [0;36m---------------------------[0;0m
[0;36m    |[0;0m [0;36m2 |[0;0m     @storageRestrictions(accesses: _$backingData, initializes: _type)
[0;36m    |[0;0m [0;36m3 |[0;0m     init(initialValue) {
[0;36m    |[0;0m [0;36m4 |[0;0m         _$backingData.setValue(forKey: \.type, to: initialValue)
[0;36m    |[0;0m   [0;36m|[0;0m                       `- [1;31merror: [1;39mno exact matches in call to instance method 'setValue'[0;0m
[0;36m    |[0;0m [0;36m5 |[0;0m         _type = _SwiftDataNoType()
[0;36m    |[0;0m [0;36m6 |[0;0m     }
[0;36m    +----------------------------------------[0;0m[0;36m---------------------------[0;0m
[0;36m218 |[0;0m     public var confidence: Double  // 0.0 to 1.0
[0;36m219 |[0;0m     public var createdAt: Date

SwiftData.BackingData.setValue:2:6: [1;39mnote: [1;39mcandidate requires that 'InsightType' conform to 'PersistentModel' (requirement specified as 'Value' : 'PersistentModel')[0;0m
[0;36m1 |[0;0m protocol BackingData {
[0;36m2 |[0;0m func setValue<Value>(forKey: KeyPath<Self.Model, Value>, to newValue: Value) where Value : PersistentModel}
  [0;36m|[0;0m      `- [1;39mnote: [1;39mcandidate requires that 'InsightType' conform to 'PersistentModel' (requirement specified as 'Value' : 'PersistentModel')[0;0m
[0;36m3 |[0;0m 

SwiftData.BackingData.setValue:2:6: [1;39mnote: [1;39mcandidate requires that 'InsightType' conform to 'RelationshipCollection' (requirement specified as 'Value' : 'RelationshipCollection')[0;0m
[0;36m1 |[0;0m protocol BackingData {
[0;36m2 |[0;0m func setValue<Value, OtherModel>(forKey: KeyPath<Self.Model, Value>, to newValue: Value) where Value : RelationshipCollection, OtherModel == Value.PersistentElement}
  [0;36m|[0;0m      `- [1;39mnote: [1;39mcandidate requires that 'InsightType' conform to 'RelationshipCollection' (requirement specified as 'Value' : 'RelationshipCollection')[0;0m
[0;36m3 |[0;0m 

macro expansion @_PersistedProperty:9:21: [1;31merror: [1;39mno exact matches in call to instance method 'getValue'[0;0m
`- /Users/danielstevens/github-projects/tools-automation/MomentumFinance/Shared/RootFinancialInsightModels.swift:217:33: [1;39mnote: [1;39mexpanded code originates here[0;0m
[0;36m215 |[0;0m     public var insightDescription: String  // Renamed from 'description' to avoid SwiftData conflict
[0;36m216 |[0;0m     public var priority: InsightPriority
[0;36m217 |[0;0m     public var type: InsightType
[0;36m    +--- [0;0mmacro expansion @_PersistedProperty [0;36m---------------------------[0;0m
[0;36m    |[0;0m [0;36m7 |[0;0m     get {
[0;36m    |[0;0m [0;36m8 |[0;0m         _$observationRegistrar.access(self, keyPath: \.type)
[0;36m    |[0;0m [0;36m9 |[0;0m         return self.getValue(forKey: \.type)
[0;36m    |[0;0m   [0;36m|[0;0m                     `- [1;31merror: [1;39mno exact matches in call to instance method 'getValue'[0;0m
[0;36m    |[0;0m[0;36m10 |[0;0m     }
[0;36m    |[0;0m[0;36m11 |[0;0m     set {
[0;36m    +----------------------------------------[0;0m[0;36m---------------------------[0;0m
[0;36m218 |[0;0m     public var confidence: Double  // 0.0 to 1.0
[0;36m219 |[0;0m     public var createdAt: Date

SwiftData.PersistentModel.getValue:2:13: [1;39mnote: [1;39mcandidate requires that 'InsightType' conform to 'PersistentModel' (requirement specified as 'Value' : 'PersistentModel')[0;0m
[0;36m1 |[0;0m protocol PersistentModel {
[0;36m2 |[0;0m public func getValue<Value>(forKey: KeyPath<Self, Value>) -> Value where Value : PersistentModel}
  [0;36m|[0;0m             `- [1;39mnote: [1;39mcandidate requires that 'InsightType' conform to 'PersistentModel' (requirement specified as 'Value' : 'PersistentModel')[0;0m
[0;36m3 |[0;0m 

SwiftData.PersistentModel.getValue:2:13: [1;39mnote: [1;39mcandidate requires that 'InsightType' conform to 'RelationshipCollection' (requirement specified as 'Value' : 'RelationshipCollection')[0;0m
[0;36m1 |[0;0m protocol PersistentModel {
[0;36m2 |[0;0m public func getValue<Value, OtherModel>(forKey: KeyPath<Self, Value>) -> Value where Value : RelationshipCollection, OtherModel == Value.PersistentElement}
  [0;36m|[0;0m             `- [1;39mnote: [1;39mcandidate requires that 'InsightType' conform to 'RelationshipCollection' (requirement specified as 'Value' : 'RelationshipCollection')[0;0m
[0;36m3 |[0;0m 

macro expansion @_PersistedProperty:13:18: [1;31merror: [1;39mno exact matches in call to instance method 'setValue'[0;0m
`- /Users/danielstevens/github-projects/tools-automation/MomentumFinance/Shared/RootFinancialInsightModels.swift:217:33: [1;39mnote: [1;39mexpanded code originates here[0;0m
[0;36m215 |[0;0m     public var insightDescription: String  // Renamed from 'description' to avoid SwiftData conflict
[0;36m216 |[0;0m     public var priority: InsightPriority
[0;36m217 |[0;0m     public var type: InsightType
[0;36m    +--- [0;0mmacro expansion @_PersistedProperty [0;36m---------------------------[0;0m
[0;36m    |[0;0m[0;36m11 |[0;0m     set {
[0;36m    |[0;0m[0;36m12 |[0;0m         _$observationRegistrar.withMutation(of: self, keyPath: \.type) {
[0;36m    |[0;0m[0;36m13 |[0;0m             self.setValue(forKey: \.type, to: newValue)
[0;36m    |[0;0m   [0;36m|[0;0m                  `- [1;31merror: [1;39mno exact matches in call to instance method 'setValue'[0;0m
[0;36m    |[0;0m[0;36m14 |[0;0m         }
[0;36m    |[0;0m[0;36m15 |[0;0m     }
[0;36m    +----------------------------------------[0;0m[0;36m---------------------------[0;0m
[0;36m218 |[0;0m     public var confidence: Double  // 0.0 to 1.0
[0;36m219 |[0;0m     public var createdAt: Date

SwiftData.PersistentModel.setValue:2:13: [1;39mnote: [1;39mcandidate requires that 'InsightType' conform to 'PersistentModel' (requirement specified as 'Value' : 'PersistentModel')[0;0m
[0;36m1 |[0;0m protocol PersistentModel {
[0;36m2 |[0;0m public func setValue<Value>(forKey: KeyPath<Self, Value>, to newValue: Value) where Value : PersistentModel}
  [0;36m|[0;0m             `- [1;39mnote: [1;39mcandidate requires that 'InsightType' conform to 'PersistentModel' (requirement specified as 'Value' : 'PersistentModel')[0;0m
[0;36m3 |[0;0m 

SwiftData.PersistentModel.setValue:2:13: [1;39mnote: [1;39mcandidate requires that 'InsightType' conform to 'RelationshipCollection' (requirement specified as 'Value' : 'RelationshipCollection')[0;0m
[0;36m1 |[0;0m protocol PersistentModel {
[0;36m2 |[0;0m public func setValue<Value, OtherModel>(forKey: KeyPath<Self, Value>, to newValue: Value) where Value : RelationshipCollection, OtherModel == Value.PersistentElement}
  [0;36m|[0;0m             `- [1;39mnote: [1;39mcandidate requires that 'InsightType' conform to 'RelationshipCollection' (requirement specified as 'Value' : 'RelationshipCollection')[0;0m
[0;36m3 |[0;0m 

macro expansion @_PersistedProperty:4:23: [1;31merror: [1;39mno exact matches in call to instance method 'setValue'[0;0m
`- /Users/danielstevens/github-projects/tools-automation/MomentumFinance/Shared/RootFinancialInsightModels.swift:231:36: [1;39mnote: [1;39mexpanded code originates here[0;0m
[0;36m229 |[0;0m     public var actionRecommendations: [String]  // AI-generated action items
[0;36m230 |[0;0m     public var potentialSavings: Double?  // Estimated savings if action is taken
[0;36m231 |[0;0m     public var riskLevel: RiskLevel  // Associated risk level
[0;36m    +--- [0;0mmacro expansion @_PersistedProperty [0;36m---------------------------[0;0m
[0;36m    |[0;0m [0;36m2 |[0;0m     @storageRestrictions(accesses: _$backingData, initializes: _riskLevel)
[0;36m    |[0;0m [0;36m3 |[0;0m     init(initialValue) {
[0;36m    |[0;0m [0;36m4 |[0;0m         _$backingData.setValue(forKey: \.riskLevel, to: initialValue)
[0;36m    |[0;0m   [0;36m|[0;0m                       `- [1;31merror: [1;39mno exact matches in call to instance method 'setValue'[0;0m
[0;36m    |[0;0m [0;36m5 |[0;0m         _riskLevel = _SwiftDataNoType()
[0;36m    |[0;0m [0;36m6 |[0;0m     }
[0;36m    +----------------------------------------[0;0m[0;36m---------------------------[0;0m
[0;36m232 |[0;0m     public var aiAnalysisVersion: String  // Version of AI model used for analysis
[0;36m233 |[0;0m     public var contextualTags: [String]  // Tags for better categorization

SwiftData.BackingData.setValue:2:6: [1;39mnote: [1;39mcandidate requires that 'RiskLevel' conform to 'PersistentModel' (requirement specified as 'Value' : 'PersistentModel')[0;0m
[0;36m1 |[0;0m protocol BackingData {
[0;36m2 |[0;0m func setValue<Value>(forKey: KeyPath<Self.Model, Value>, to newValue: Value) where Value : PersistentModel}
  [0;36m|[0;0m      `- [1;39mnote: [1;39mcandidate requires that 'RiskLevel' conform to 'PersistentModel' (requirement specified as 'Value' : 'PersistentModel')[0;0m
[0;36m3 |[0;0m 

SwiftData.BackingData.setValue:2:6: [1;39mnote: [1;39mcandidate requires that 'RiskLevel' conform to 'RelationshipCollection' (requirement specified as 'Value' : 'RelationshipCollection')[0;0m
[0;36m1 |[0;0m protocol BackingData {
[0;36m2 |[0;0m func setValue<Value, OtherModel>(forKey: KeyPath<Self.Model, Value>, to newValue: Value) where Value : RelationshipCollection, OtherModel == Value.PersistentElement}
  [0;36m|[0;0m      `- [1;39mnote: [1;39mcandidate requires that 'RiskLevel' conform to 'RelationshipCollection' (requirement specified as 'Value' : 'RelationshipCollection')[0;0m
[0;36m3 |[0;0m 

macro expansion @_PersistedProperty:9:21: [1;31merror: [1;39mno exact matches in call to instance method 'getValue'[0;0m
`- /Users/danielstevens/github-projects/tools-automation/MomentumFinance/Shared/RootFinancialInsightModels.swift:231:36: [1;39mnote: [1;39mexpanded code originates here[0;0m
[0;36m229 |[0;0m     public var actionRecommendations: [String]  // AI-generated action items
[0;36m230 |[0;0m     public var potentialSavings: Double?  // Estimated savings if action is taken
[0;36m231 |[0;0m     public var riskLevel: RiskLevel  // Associated risk level
[0;36m    +--- [0;0mmacro expansion @_PersistedProperty [0;36m---------------------------[0;0m
[0;36m    |[0;0m [0;36m7 |[0;0m     get {
[0;36m    |[0;0m [0;36m8 |[0;0m         _$observationRegistrar.access(self, keyPath: \.riskLevel)
[0;36m    |[0;0m [0;36m9 |[0;0m         return self.getValue(forKey: \.riskLevel)
[0;36m    |[0;0m   [0;36m|[0;0m                     `- [1;31merror: [1;39mno exact matches in call to instance method 'getValue'[0;0m
[0;36m    |[0;0m[0;36m10 |[0;0m     }
[0;36m    |[0;0m[0;36m11 |[0;0m     set {
[0;36m    +----------------------------------------[0;0m[0;36m---------------------------[0;0m
[0;36m232 |[0;0m     public var aiAnalysisVersion: String  // Version of AI model used for analysis
[0;36m233 |[0;0m     public var contextualTags: [String]  // Tags for better categorization

SwiftData.PersistentModel.getValue:2:13: [1;39mnote: [1;39mcandidate requires that 'RiskLevel' conform to 'PersistentModel' (requirement specified as 'Value' : 'PersistentModel')[0;0m
[0;36m1 |[0;0m protocol PersistentModel {
[0;36m2 |[0;0m public func getValue<Value>(forKey: KeyPath<Self, Value>) -> Value where Value : PersistentModel}
  [0;36m|[0;0m             `- [1;39mnote: [1;39mcandidate requires that 'RiskLevel' conform to 'PersistentModel' (requirement specified as 'Value' : 'PersistentModel')[0;0m
[0;36m3 |[0;0m 

SwiftData.PersistentModel.getValue:2:13: [1;39mnote: [1;39mcandidate requires that 'RiskLevel' conform to 'RelationshipCollection' (requirement specified as 'Value' : 'RelationshipCollection')[0;0m
[0;36m1 |[0;0m protocol PersistentModel {
[0;36m2 |[0;0m public func getValue<Value, OtherModel>(forKey: KeyPath<Self, Value>) -> Value where Value : RelationshipCollection, OtherModel == Value.PersistentElement}
  [0;36m|[0;0m             `- [1;39mnote: [1;39mcandidate requires that 'RiskLevel' conform to 'RelationshipCollection' (requirement specified as 'Value' : 'RelationshipCollection')[0;0m
[0;36m3 |[0;0m 

macro expansion @_PersistedProperty:13:18: [1;31merror: [1;39mno exact matches in call to instance method 'setValue'[0;0m
`- /Users/danielstevens/github-projects/tools-automation/MomentumFinance/Shared/RootFinancialInsightModels.swift:231:36: [1;39mnote: [1;39mexpanded code originates here[0;0m
[0;36m229 |[0;0m     public var actionRecommendations: [String]  // AI-generated action items
[0;36m230 |[0;0m     public var potentialSavings: Double?  // Estimated savings if action is taken
[0;36m231 |[0;0m     public var riskLevel: RiskLevel  // Associated risk level
[0;36m    +--- [0;0mmacro expansion @_PersistedProperty [0;36m---------------------------[0;0m
[0;36m    |[0;0m[0;36m11 |[0;0m     set {
[0;36m    |[0;0m[0;36m12 |[0;0m         _$observationRegistrar.withMutation(of: self, keyPath: \.riskLevel) {
[0;36m    |[0;0m[0;36m13 |[0;0m             self.setValue(forKey: \.riskLevel, to: newValue)
[0;36m    |[0;0m   [0;36m|[0;0m                  `- [1;31merror: [1;39mno exact matches in call to instance method 'setValue'[0;0m
[0;36m    |[0;0m[0;36m14 |[0;0m         }
[0;36m    |[0;0m[0;36m15 |[0;0m     }
[0;36m    +----------------------------------------[0;0m[0;36m---------------------------[0;0m
[0;36m232 |[0;0m     public var aiAnalysisVersion: String  // Version of AI model used for analysis
[0;36m233 |[0;0m     public var contextualTags: [String]  // Tags for better categorization

SwiftData.PersistentModel.setValue:2:13: [1;39mnote: [1;39mcandidate requires that 'RiskLevel' conform to 'PersistentModel' (requirement specified as 'Value' : 'PersistentModel')[0;0m
[0;36m1 |[0;0m protocol PersistentModel {
[0;36m2 |[0;0m public func setValue<Value>(forKey: KeyPath<Self, Value>, to newValue: Value) where Value : PersistentModel}
  [0;36m|[0;0m             `- [1;39mnote: [1;39mcandidate requires that 'RiskLevel' conform to 'PersistentModel' (requirement specified as 'Value' : 'PersistentModel')[0;0m
[0;36m3 |[0;0m 

SwiftData.PersistentModel.setValue:2:13: [1;39mnote: [1;39mcandidate requires that 'RiskLevel' conform to 'RelationshipCollection' (requirement specified as 'Value' : 'RelationshipCollection')[0;0m
[0;36m1 |[0;0m protocol PersistentModel {
[0;36m2 |[0;0m public func setValue<Value, OtherModel>(forKey: KeyPath<Self, Value>, to newValue: Value) where Value : RelationshipCollection, OtherModel == Value.PersistentElement}
  [0;36m|[0;0m             `- [1;39mnote: [1;39mcandidate requires that 'RiskLevel' conform to 'RelationshipCollection' (requirement specified as 'Value' : 'RelationshipCollection')[0;0m
[0;36m3 |[0;0m 

/Users/danielstevens/github-projects/tools-automation/MomentumFinance/Shared/Services/FinancialServices.swift:123:19: [1;33mwarning: [1;39mvalue 'columnName' was defined but never used; consider replacing with boolean test[0;0m [#no-usage]
[0;36m121 |[0;0m 
[0;36m122 |[0;0m     private func getColumnIndex(for columnName: String?, in _: [String]) -> Int? {
[0;36m123 |[0;0m         guard let columnName else { return nil }
    [0;36m|[0;0m                   `- [1;33mwarning: [1;39mvalue 'columnName' was defined but never used; consider replacing with boolean test[0;0m [#no-usage]
[0;36m124 |[0;0m         // This is a simplified implementation - in a real app you'd have proper CSV parsing
[0;36m125 |[0;0m         return 0  // Placeholder
[112/148] Compiling Shared ButtonStyles.swift
macro expansion @_PersistedProperty:4:23: [1;31merror: [1;39mno exact matches in call to instance method 'setValue'[0;0m
`- /Users/danielstevens/github-projects/tools-automation/MomentumFinance/Shared/RootFinancialInsightModels.swift:216:41: [1;39mnote: [1;39mexpanded code originates here[0;0m
[0;36m214 |[0;0m     public var title: String
[0;36m215 |[0;0m     public var insightDescription: String  // Renamed from 'description' to avoid SwiftData conflict
[0;36m216 |[0;0m     public var priority: InsightPriority
[0;36m    +--- [0;0mmacro expansion @_PersistedProperty [0;36m---------------------------[0;0m
[0;36m    |[0;0m [0;36m2 |[0;0m     @storageRestrictions(accesses: _$backingData, initializes: _priority)
[0;36m    |[0;0m [0;36m3 |[0;0m     init(initialValue) {
[0;36m    |[0;0m [0;36m4 |[0;0m         _$backingData.setValue(forKey: \.priority, to: initialValue)
[0;36m    |[0;0m   [0;36m|[0;0m                       `- [1;31merror: [1;39mno exact matches in call to instance method 'setValue'[0;0m
[0;36m    |[0;0m [0;36m5 |[0;0m         _priority = _SwiftDataNoType()
[0;36m    |[0;0m [0;36m6 |[0;0m     }
[0;36m    +----------------------------------------[0;0m[0;36m---------------------------[0;0m
[0;36m217 |[0;0m     public var type: InsightType
[0;36m218 |[0;0m     public var confidence: Double  // 0.0 to 1.0

SwiftData.BackingData.setValue:2:6: [1;39mnote: [1;39mcandidate requires that 'InsightPriority' conform to 'PersistentModel' (requirement specified as 'Value' : 'PersistentModel')[0;0m
[0;36m1 |[0;0m protocol BackingData {
[0;36m2 |[0;0m func setValue<Value>(forKey: KeyPath<Self.Model, Value>, to newValue: Value) where Value : PersistentModel}
  [0;36m|[0;0m      `- [1;39mnote: [1;39mcandidate requires that 'InsightPriority' conform to 'PersistentModel' (requirement specified as 'Value' : 'PersistentModel')[0;0m
[0;36m3 |[0;0m 

SwiftData.BackingData.setValue:2:6: [1;39mnote: [1;39mcandidate requires that 'InsightPriority' conform to 'RelationshipCollection' (requirement specified as 'Value' : 'RelationshipCollection')[0;0m
[0;36m1 |[0;0m protocol BackingData {
[0;36m2 |[0;0m func setValue<Value, OtherModel>(forKey: KeyPath<Self.Model, Value>, to newValue: Value) where Value : RelationshipCollection, OtherModel == Value.PersistentElement}
  [0;36m|[0;0m      `- [1;39mnote: [1;39mcandidate requires that 'InsightPriority' conform to 'RelationshipCollection' (requirement specified as 'Value' : 'RelationshipCollection')[0;0m
[0;36m3 |[0;0m 

macro expansion @_PersistedProperty:9:21: [1;31merror: [1;39mno exact matches in call to instance method 'getValue'[0;0m
`- /Users/danielstevens/github-projects/tools-automation/MomentumFinance/Shared/RootFinancialInsightModels.swift:216:41: [1;39mnote: [1;39mexpanded code originates here[0;0m
[0;36m214 |[0;0m     public var title: String
[0;36m215 |[0;0m     public var insightDescription: String  // Renamed from 'description' to avoid SwiftData conflict
[0;36m216 |[0;0m     public var priority: InsightPriority
[0;36m    +--- [0;0mmacro expansion @_PersistedProperty [0;36m---------------------------[0;0m
[0;36m    |[0;0m [0;36m7 |[0;0m     get {
[0;36m    |[0;0m [0;36m8 |[0;0m         _$observationRegistrar.access(self, keyPath: \.priority)
[0;36m    |[0;0m [0;36m9 |[0;0m         return self.getValue(forKey: \.priority)
[0;36m    |[0;0m   [0;36m|[0;0m                     `- [1;31merror: [1;39mno exact matches in call to instance method 'getValue'[0;0m
[0;36m    |[0;0m[0;36m10 |[0;0m     }
[0;36m    |[0;0m[0;36m11 |[0;0m     set {
[0;36m    +----------------------------------------[0;0m[0;36m---------------------------[0;0m
[0;36m217 |[0;0m     public var type: InsightType
[0;36m218 |[0;0m     public var confidence: Double  // 0.0 to 1.0

SwiftData.PersistentModel.getValue:2:13: [1;39mnote: [1;39mcandidate requires that 'InsightPriority' conform to 'PersistentModel' (requirement specified as 'Value' : 'PersistentModel')[0;0m
[0;36m1 |[0;0m protocol PersistentModel {
[0;36m2 |[0;0m public func getValue<Value>(forKey: KeyPath<Self, Value>) -> Value where Value : PersistentModel}
  [0;36m|[0;0m             `- [1;39mnote: [1;39mcandidate requires that 'InsightPriority' conform to 'PersistentModel' (requirement specified as 'Value' : 'PersistentModel')[0;0m
[0;36m3 |[0;0m 

SwiftData.PersistentModel.getValue:2:13: [1;39mnote: [1;39mcandidate requires that 'InsightPriority' conform to 'RelationshipCollection' (requirement specified as 'Value' : 'RelationshipCollection')[0;0m
[0;36m1 |[0;0m protocol PersistentModel {
[0;36m2 |[0;0m public func getValue<Value, OtherModel>(forKey: KeyPath<Self, Value>) -> Value where Value : RelationshipCollection, OtherModel == Value.PersistentElement}
  [0;36m|[0;0m             `- [1;39mnote: [1;39mcandidate requires that 'InsightPriority' conform to 'RelationshipCollection' (requirement specified as 'Value' : 'RelationshipCollection')[0;0m
[0;36m3 |[0;0m 

macro expansion @_PersistedProperty:13:18: [1;31merror: [1;39mno exact matches in call to instance method 'setValue'[0;0m
`- /Users/danielstevens/github-projects/tools-automation/MomentumFinance/Shared/RootFinancialInsightModels.swift:216:41: [1;39mnote: [1;39mexpanded code originates here[0;0m
[0;36m214 |[0;0m     public var title: String
[0;36m215 |[0;0m     public var insightDescription: String  // Renamed from 'description' to avoid SwiftData conflict
[0;36m216 |[0;0m     public var priority: InsightPriority
[0;36m    +--- [0;0mmacro expansion @_PersistedProperty [0;36m---------------------------[0;0m
[0;36m    |[0;0m[0;36m11 |[0;0m     set {
[0;36m    |[0;0m[0;36m12 |[0;0m         _$observationRegistrar.withMutation(of: self, keyPath: \.priority) {
[0;36m    |[0;0m[0;36m13 |[0;0m             self.setValue(forKey: \.priority, to: newValue)
[0;36m    |[0;0m   [0;36m|[0;0m                  `- [1;31merror: [1;39mno exact matches in call to instance method 'setValue'[0;0m
[0;36m    |[0;0m[0;36m14 |[0;0m         }
[0;36m    |[0;0m[0;36m15 |[0;0m     }
[0;36m    +----------------------------------------[0;0m[0;36m---------------------------[0;0m
[0;36m217 |[0;0m     public var type: InsightType
[0;36m218 |[0;0m     public var confidence: Double  // 0.0 to 1.0

SwiftData.PersistentModel.setValue:2:13: [1;39mnote: [1;39mcandidate requires that 'InsightPriority' conform to 'PersistentModel' (requirement specified as 'Value' : 'PersistentModel')[0;0m
[0;36m1 |[0;0m protocol PersistentModel {
[0;36m2 |[0;0m public func setValue<Value>(forKey: KeyPath<Self, Value>, to newValue: Value) where Value : PersistentModel}
  [0;36m|[0;0m             `- [1;39mnote: [1;39mcandidate requires that 'InsightPriority' conform to 'PersistentModel' (requirement specified as 'Value' : 'PersistentModel')[0;0m
[0;36m3 |[0;0m 

SwiftData.PersistentModel.setValue:2:13: [1;39mnote: [1;39mcandidate requires that 'InsightPriority' conform to 'RelationshipCollection' (requirement specified as 'Value' : 'RelationshipCollection')[0;0m
[0;36m1 |[0;0m protocol PersistentModel {
[0;36m2 |[0;0m public func setValue<Value, OtherModel>(forKey: KeyPath<Self, Value>, to newValue: Value) where Value : RelationshipCollection, OtherModel == Value.PersistentElement}
  [0;36m|[0;0m             `- [1;39mnote: [1;39mcandidate requires that 'InsightPriority' conform to 'RelationshipCollection' (requirement specified as 'Value' : 'RelationshipCollection')[0;0m
[0;36m3 |[0;0m 

macro expansion @_PersistedProperty:4:23: [1;31merror: [1;39mno exact matches in call to instance method 'setValue'[0;0m
`- /Users/danielstevens/github-projects/tools-automation/MomentumFinance/Shared/RootFinancialInsightModels.swift:217:33: [1;39mnote: [1;39mexpanded code originates here[0;0m
[0;36m215 |[0;0m     public var insightDescription: String  // Renamed from 'description' to avoid SwiftData conflict
[0;36m216 |[0;0m     public var priority: InsightPriority
[0;36m217 |[0;0m     public var type: InsightType
[0;36m    +--- [0;0mmacro expansion @_PersistedProperty [0;36m---------------------------[0;0m
[0;36m    |[0;0m [0;36m2 |[0;0m     @storageRestrictions(accesses: _$backingData, initializes: _type)
[0;36m    |[0;0m [0;36m3 |[0;0m     init(initialValue) {
[0;36m    |[0;0m [0;36m4 |[0;0m         _$backingData.setValue(forKey: \.type, to: initialValue)
[0;36m    |[0;0m   [0;36m|[0;0m                       `- [1;31merror: [1;39mno exact matches in call to instance method 'setValue'[0;0m
[0;36m    |[0;0m [0;36m5 |[0;0m         _type = _SwiftDataNoType()
[0;36m    |[0;0m [0;36m6 |[0;0m     }
[0;36m    +----------------------------------------[0;0m[0;36m---------------------------[0;0m
[0;36m218 |[0;0m     public var confidence: Double  // 0.0 to 1.0
[0;36m219 |[0;0m     public var createdAt: Date

SwiftData.BackingData.setValue:2:6: [1;39mnote: [1;39mcandidate requires that 'InsightType' conform to 'PersistentModel' (requirement specified as 'Value' : 'PersistentModel')[0;0m
[0;36m1 |[0;0m protocol BackingData {
[0;36m2 |[0;0m func setValue<Value>(forKey: KeyPath<Self.Model, Value>, to newValue: Value) where Value : PersistentModel}
  [0;36m|[0;0m      `- [1;39mnote: [1;39mcandidate requires that 'InsightType' conform to 'PersistentModel' (requirement specified as 'Value' : 'PersistentModel')[0;0m
[0;36m3 |[0;0m 

SwiftData.BackingData.setValue:2:6: [1;39mnote: [1;39mcandidate requires that 'InsightType' conform to 'RelationshipCollection' (requirement specified as 'Value' : 'RelationshipCollection')[0;0m
[0;36m1 |[0;0m protocol BackingData {
[0;36m2 |[0;0m func setValue<Value, OtherModel>(forKey: KeyPath<Self.Model, Value>, to newValue: Value) where Value : RelationshipCollection, OtherModel == Value.PersistentElement}
  [0;36m|[0;0m      `- [1;39mnote: [1;39mcandidate requires that 'InsightType' conform to 'RelationshipCollection' (requirement specified as 'Value' : 'RelationshipCollection')[0;0m
[0;36m3 |[0;0m 

macro expansion @_PersistedProperty:9:21: [1;31merror: [1;39mno exact matches in call to instance method 'getValue'[0;0m
`- /Users/danielstevens/github-projects/tools-automation/MomentumFinance/Shared/RootFinancialInsightModels.swift:217:33: [1;39mnote: [1;39mexpanded code originates here[0;0m
[0;36m215 |[0;0m     public var insightDescription: String  // Renamed from 'description' to avoid SwiftData conflict
[0;36m216 |[0;0m     public var priority: InsightPriority
[0;36m217 |[0;0m     public var type: InsightType
[0;36m    +--- [0;0mmacro expansion @_PersistedProperty [0;36m---------------------------[0;0m
[0;36m    |[0;0m [0;36m7 |[0;0m     get {
[0;36m    |[0;0m [0;36m8 |[0;0m         _$observationRegistrar.access(self, keyPath: \.type)
[0;36m    |[0;0m [0;36m9 |[0;0m         return self.getValue(forKey: \.type)
[0;36m    |[0;0m   [0;36m|[0;0m                     `- [1;31merror: [1;39mno exact matches in call to instance method 'getValue'[0;0m
[0;36m    |[0;0m[0;36m10 |[0;0m     }
[0;36m    |[0;0m[0;36m11 |[0;0m     set {
[0;36m    +----------------------------------------[0;0m[0;36m---------------------------[0;0m
[0;36m218 |[0;0m     public var confidence: Double  // 0.0 to 1.0
[0;36m219 |[0;0m     public var createdAt: Date

SwiftData.PersistentModel.getValue:2:13: [1;39mnote: [1;39mcandidate requires that 'InsightType' conform to 'PersistentModel' (requirement specified as 'Value' : 'PersistentModel')[0;0m
[0;36m1 |[0;0m protocol PersistentModel {
[0;36m2 |[0;0m public func getValue<Value>(forKey: KeyPath<Self, Value>) -> Value where Value : PersistentModel}
  [0;36m|[0;0m             `- [1;39mnote: [1;39mcandidate requires that 'InsightType' conform to 'PersistentModel' (requirement specified as 'Value' : 'PersistentModel')[0;0m
[0;36m3 |[0;0m 

SwiftData.PersistentModel.getValue:2:13: [1;39mnote: [1;39mcandidate requires that 'InsightType' conform to 'RelationshipCollection' (requirement specified as 'Value' : 'RelationshipCollection')[0;0m
[0;36m1 |[0;0m protocol PersistentModel {
[0;36m2 |[0;0m public func getValue<Value, OtherModel>(forKey: KeyPath<Self, Value>) -> Value where Value : RelationshipCollection, OtherModel == Value.PersistentElement}
  [0;36m|[0;0m             `- [1;39mnote: [1;39mcandidate requires that 'InsightType' conform to 'RelationshipCollection' (requirement specified as 'Value' : 'RelationshipCollection')[0;0m
[0;36m3 |[0;0m 

macro expansion @_PersistedProperty:13:18: [1;31merror: [1;39mno exact matches in call to instance method 'setValue'[0;0m
`- /Users/danielstevens/github-projects/tools-automation/MomentumFinance/Shared/RootFinancialInsightModels.swift:217:33: [1;39mnote: [1;39mexpanded code originates here[0;0m
[0;36m215 |[0;0m     public var insightDescription: String  // Renamed from 'description' to avoid SwiftData conflict
[0;36m216 |[0;0m     public var priority: InsightPriority
[0;36m217 |[0;0m     public var type: InsightType
[0;36m    +--- [0;0mmacro expansion @_PersistedProperty [0;36m---------------------------[0;0m
[0;36m    |[0;0m[0;36m11 |[0;0m     set {
[0;36m    |[0;0m[0;36m12 |[0;0m         _$observationRegistrar.withMutation(of: self, keyPath: \.type) {
[0;36m    |[0;0m[0;36m13 |[0;0m             self.setValue(forKey: \.type, to: newValue)
[0;36m    |[0;0m   [0;36m|[0;0m                  `- [1;31merror: [1;39mno exact matches in call to instance method 'setValue'[0;0m
[0;36m    |[0;0m[0;36m14 |[0;0m         }
[0;36m    |[0;0m[0;36m15 |[0;0m     }
[0;36m    +----------------------------------------[0;0m[0;36m---------------------------[0;0m
[0;36m218 |[0;0m     public var confidence: Double  // 0.0 to 1.0
[0;36m219 |[0;0m     public var createdAt: Date

SwiftData.PersistentModel.setValue:2:13: [1;39mnote: [1;39mcandidate requires that 'InsightType' conform to 'PersistentModel' (requirement specified as 'Value' : 'PersistentModel')[0;0m
[0;36m1 |[0;0m protocol PersistentModel {
[0;36m2 |[0;0m public func setValue<Value>(forKey: KeyPath<Self, Value>, to newValue: Value) where Value : PersistentModel}
  [0;36m|[0;0m             `- [1;39mnote: [1;39mcandidate requires that 'InsightType' conform to 'PersistentModel' (requirement specified as 'Value' : 'PersistentModel')[0;0m
[0;36m3 |[0;0m 

SwiftData.PersistentModel.setValue:2:13: [1;39mnote: [1;39mcandidate requires that 'InsightType' conform to 'RelationshipCollection' (requirement specified as 'Value' : 'RelationshipCollection')[0;0m
[0;36m1 |[0;0m protocol PersistentModel {
[0;36m2 |[0;0m public func setValue<Value, OtherModel>(forKey: KeyPath<Self, Value>, to newValue: Value) where Value : RelationshipCollection, OtherModel == Value.PersistentElement}
  [0;36m|[0;0m             `- [1;39mnote: [1;39mcandidate requires that 'InsightType' conform to 'RelationshipCollection' (requirement specified as 'Value' : 'RelationshipCollection')[0;0m
[0;36m3 |[0;0m 

macro expansion @_PersistedProperty:4:23: [1;31merror: [1;39mno exact matches in call to instance method 'setValue'[0;0m
`- /Users/danielstevens/github-projects/tools-automation/MomentumFinance/Shared/RootFinancialInsightModels.swift:231:36: [1;39mnote: [1;39mexpanded code originates here[0;0m
[0;36m229 |[0;0m     public var actionRecommendations: [String]  // AI-generated action items
[0;36m230 |[0;0m     public var potentialSavings: Double?  // Estimated savings if action is taken
[0;36m231 |[0;0m     public var riskLevel: RiskLevel  // Associated risk level
[0;36m    +--- [0;0mmacro expansion @_PersistedProperty [0;36m---------------------------[0;0m
[0;36m    |[0;0m [0;36m2 |[0;0m     @storageRestrictions(accesses: _$backingData, initializes: _riskLevel)
[0;36m    |[0;0m [0;36m3 |[0;0m     init(initialValue) {
[0;36m    |[0;0m [0;36m4 |[0;0m         _$backingData.setValue(forKey: \.riskLevel, to: initialValue)
[0;36m    |[0;0m   [0;36m|[0;0m                       `- [1;31merror: [1;39mno exact matches in call to instance method 'setValue'[0;0m
[0;36m    |[0;0m [0;36m5 |[0;0m         _riskLevel = _SwiftDataNoType()
[0;36m    |[0;0m [0;36m6 |[0;0m     }
[0;36m    +----------------------------------------[0;0m[0;36m---------------------------[0;0m
[0;36m232 |[0;0m     public var aiAnalysisVersion: String  // Version of AI model used for analysis
[0;36m233 |[0;0m     public var contextualTags: [String]  // Tags for better categorization

SwiftData.BackingData.setValue:2:6: [1;39mnote: [1;39mcandidate requires that 'RiskLevel' conform to 'PersistentModel' (requirement specified as 'Value' : 'PersistentModel')[0;0m
[0;36m1 |[0;0m protocol BackingData {
[0;36m2 |[0;0m func setValue<Value>(forKey: KeyPath<Self.Model, Value>, to newValue: Value) where Value : PersistentModel}
  [0;36m|[0;0m      `- [1;39mnote: [1;39mcandidate requires that 'RiskLevel' conform to 'PersistentModel' (requirement specified as 'Value' : 'PersistentModel')[0;0m
[0;36m3 |[0;0m 

SwiftData.BackingData.setValue:2:6: [1;39mnote: [1;39mcandidate requires that 'RiskLevel' conform to 'RelationshipCollection' (requirement specified as 'Value' : 'RelationshipCollection')[0;0m
[0;36m1 |[0;0m protocol BackingData {
[0;36m2 |[0;0m func setValue<Value, OtherModel>(forKey: KeyPath<Self.Model, Value>, to newValue: Value) where Value : RelationshipCollection, OtherModel == Value.PersistentElement}
  [0;36m|[0;0m      `- [1;39mnote: [1;39mcandidate requires that 'RiskLevel' conform to 'RelationshipCollection' (requirement specified as 'Value' : 'RelationshipCollection')[0;0m
[0;36m3 |[0;0m 

macro expansion @_PersistedProperty:9:21: [1;31merror: [1;39mno exact matches in call to instance method 'getValue'[0;0m
`- /Users/danielstevens/github-projects/tools-automation/MomentumFinance/Shared/RootFinancialInsightModels.swift:231:36: [1;39mnote: [1;39mexpanded code originates here[0;0m
[0;36m229 |[0;0m     public var actionRecommendations: [String]  // AI-generated action items
[0;36m230 |[0;0m     public var potentialSavings: Double?  // Estimated savings if action is taken
[0;36m231 |[0;0m     public var riskLevel: RiskLevel  // Associated risk level
[0;36m    +--- [0;0mmacro expansion @_PersistedProperty [0;36m---------------------------[0;0m
[0;36m    |[0;0m [0;36m7 |[0;0m     get {
[0;36m    |[0;0m [0;36m8 |[0;0m         _$observationRegistrar.access(self, keyPath: \.riskLevel)
[0;36m    |[0;0m [0;36m9 |[0;0m         return self.getValue(forKey: \.riskLevel)
[0;36m    |[0;0m   [0;36m|[0;0m                     `- [1;31merror: [1;39mno exact matches in call to instance method 'getValue'[0;0m
[0;36m    |[0;0m[0;36m10 |[0;0m     }
[0;36m    |[0;0m[0;36m11 |[0;0m     set {
[0;36m    +----------------------------------------[0;0m[0;36m---------------------------[0;0m
[0;36m232 |[0;0m     public var aiAnalysisVersion: String  // Version of AI model used for analysis
[0;36m233 |[0;0m     public var contextualTags: [String]  // Tags for better categorization

SwiftData.PersistentModel.getValue:2:13: [1;39mnote: [1;39mcandidate requires that 'RiskLevel' conform to 'PersistentModel' (requirement specified as 'Value' : 'PersistentModel')[0;0m
[0;36m1 |[0;0m protocol PersistentModel {
[0;36m2 |[0;0m public func getValue<Value>(forKey: KeyPath<Self, Value>) -> Value where Value : PersistentModel}
  [0;36m|[0;0m             `- [1;39mnote: [1;39mcandidate requires that 'RiskLevel' conform to 'PersistentModel' (requirement specified as 'Value' : 'PersistentModel')[0;0m
[0;36m3 |[0;0m 

SwiftData.PersistentModel.getValue:2:13: [1;39mnote: [1;39mcandidate requires that 'RiskLevel' conform to 'RelationshipCollection' (requirement specified as 'Value' : 'RelationshipCollection')[0;0m
[0;36m1 |[0;0m protocol PersistentModel {
[0;36m2 |[0;0m public func getValue<Value, OtherModel>(forKey: KeyPath<Self, Value>) -> Value where Value : RelationshipCollection, OtherModel == Value.PersistentElement}
  [0;36m|[0;0m             `- [1;39mnote: [1;39mcandidate requires that 'RiskLevel' conform to 'RelationshipCollection' (requirement specified as 'Value' : 'RelationshipCollection')[0;0m
[0;36m3 |[0;0m 

macro expansion @_PersistedProperty:13:18: [1;31merror: [1;39mno exact matches in call to instance method 'setValue'[0;0m
`- /Users/danielstevens/github-projects/tools-automation/MomentumFinance/Shared/RootFinancialInsightModels.swift:231:36: [1;39mnote: [1;39mexpanded code originates here[0;0m
[0;36m229 |[0;0m     public var actionRecommendations: [String]  // AI-generated action items
[0;36m230 |[0;0m     public var potentialSavings: Double?  // Estimated savings if action is taken
[0;36m231 |[0;0m     public var riskLevel: RiskLevel  // Associated risk level
[0;36m    +--- [0;0mmacro expansion @_PersistedProperty [0;36m---------------------------[0;0m
[0;36m    |[0;0m[0;36m11 |[0;0m     set {
[0;36m    |[0;0m[0;36m12 |[0;0m         _$observationRegistrar.withMutation(of: self, keyPath: \.riskLevel) {
[0;36m    |[0;0m[0;36m13 |[0;0m             self.setValue(forKey: \.riskLevel, to: newValue)
[0;36m    |[0;0m   [0;36m|[0;0m                  `- [1;31merror: [1;39mno exact matches in call to instance method 'setValue'[0;0m
[0;36m    |[0;0m[0;36m14 |[0;0m         }
[0;36m    |[0;0m[0;36m15 |[0;0m     }
[0;36m    +----------------------------------------[0;0m[0;36m---------------------------[0;0m
[0;36m232 |[0;0m     public var aiAnalysisVersion: String  // Version of AI model used for analysis
[0;36m233 |[0;0m     public var contextualTags: [String]  // Tags for better categorization

SwiftData.PersistentModel.setValue:2:13: [1;39mnote: [1;39mcandidate requires that 'RiskLevel' conform to 'PersistentModel' (requirement specified as 'Value' : 'PersistentModel')[0;0m
[0;36m1 |[0;0m protocol PersistentModel {
[0;36m2 |[0;0m public func setValue<Value>(forKey: KeyPath<Self, Value>, to newValue: Value) where Value : PersistentModel}
  [0;36m|[0;0m             `- [1;39mnote: [1;39mcandidate requires that 'RiskLevel' conform to 'PersistentModel' (requirement specified as 'Value' : 'PersistentModel')[0;0m
[0;36m3 |[0;0m 

SwiftData.PersistentModel.setValue:2:13: [1;39mnote: [1;39mcandidate requires that 'RiskLevel' conform to 'RelationshipCollection' (requirement specified as 'Value' : 'RelationshipCollection')[0;0m
[0;36m1 |[0;0m protocol PersistentModel {
[0;36m2 |[0;0m public func setValue<Value, OtherModel>(forKey: KeyPath<Self, Value>, to newValue: Value) where Value : RelationshipCollection, OtherModel == Value.PersistentElement}
  [0;36m|[0;0m             `- [1;39mnote: [1;39mcandidate requires that 'RiskLevel' conform to 'RelationshipCollection' (requirement specified as 'Value' : 'RelationshipCollection')[0;0m
[0;36m3 |[0;0m 

/Users/danielstevens/github-projects/tools-automation/MomentumFinance/Shared/Services/FinancialServices.swift:123:19: [1;33mwarning: [1;39mvalue 'columnName' was defined but never used; consider replacing with boolean test[0;0m [#no-usage]
[0;36m121 |[0;0m 
[0;36m122 |[0;0m     private func getColumnIndex(for columnName: String?, in _: [String]) -> Int? {
[0;36m123 |[0;0m         guard let columnName else { return nil }
    [0;36m|[0;0m                   `- [1;33mwarning: [1;39mvalue 'columnName' was defined but never used; consider replacing with boolean test[0;0m [#no-usage]
[0;36m124 |[0;0m         // This is a simplified implementation - in a real app you'd have proper CSV parsing
[0;36m125 |[0;0m         return 0  // Placeholder
[113/148] Compiling Shared ColorExtensions.swift
macro expansion @_PersistedProperty:4:23: [1;31merror: [1;39mno exact matches in call to instance method 'setValue'[0;0m
`- /Users/danielstevens/github-projects/tools-automation/MomentumFinance/Shared/RootFinancialInsightModels.swift:216:41: [1;39mnote: [1;39mexpanded code originates here[0;0m
[0;36m214 |[0;0m     public var title: String
[0;36m215 |[0;0m     public var insightDescription: String  // Renamed from 'description' to avoid SwiftData conflict
[0;36m216 |[0;0m     public var priority: InsightPriority
[0;36m    +--- [0;0mmacro expansion @_PersistedProperty [0;36m---------------------------[0;0m
[0;36m    |[0;0m [0;36m2 |[0;0m     @storageRestrictions(accesses: _$backingData, initializes: _priority)
[0;36m    |[0;0m [0;36m3 |[0;0m     init(initialValue) {
[0;36m    |[0;0m [0;36m4 |[0;0m         _$backingData.setValue(forKey: \.priority, to: initialValue)
[0;36m    |[0;0m   [0;36m|[0;0m                       `- [1;31merror: [1;39mno exact matches in call to instance method 'setValue'[0;0m
[0;36m    |[0;0m [0;36m5 |[0;0m         _priority = _SwiftDataNoType()
[0;36m    |[0;0m [0;36m6 |[0;0m     }
[0;36m    +----------------------------------------[0;0m[0;36m---------------------------[0;0m
[0;36m217 |[0;0m     public var type: InsightType
[0;36m218 |[0;0m     public var confidence: Double  // 0.0 to 1.0

SwiftData.BackingData.setValue:2:6: [1;39mnote: [1;39mcandidate requires that 'InsightPriority' conform to 'PersistentModel' (requirement specified as 'Value' : 'PersistentModel')[0;0m
[0;36m1 |[0;0m protocol BackingData {
[0;36m2 |[0;0m func setValue<Value>(forKey: KeyPath<Self.Model, Value>, to newValue: Value) where Value : PersistentModel}
  [0;36m|[0;0m      `- [1;39mnote: [1;39mcandidate requires that 'InsightPriority' conform to 'PersistentModel' (requirement specified as 'Value' : 'PersistentModel')[0;0m
[0;36m3 |[0;0m 

SwiftData.BackingData.setValue:2:6: [1;39mnote: [1;39mcandidate requires that 'InsightPriority' conform to 'RelationshipCollection' (requirement specified as 'Value' : 'RelationshipCollection')[0;0m
[0;36m1 |[0;0m protocol BackingData {
[0;36m2 |[0;0m func setValue<Value, OtherModel>(forKey: KeyPath<Self.Model, Value>, to newValue: Value) where Value : RelationshipCollection, OtherModel == Value.PersistentElement}
  [0;36m|[0;0m      `- [1;39mnote: [1;39mcandidate requires that 'InsightPriority' conform to 'RelationshipCollection' (requirement specified as 'Value' : 'RelationshipCollection')[0;0m
[0;36m3 |[0;0m 

macro expansion @_PersistedProperty:9:21: [1;31merror: [1;39mno exact matches in call to instance method 'getValue'[0;0m
`- /Users/danielstevens/github-projects/tools-automation/MomentumFinance/Shared/RootFinancialInsightModels.swift:216:41: [1;39mnote: [1;39mexpanded code originates here[0;0m
[0;36m214 |[0;0m     public var title: String
[0;36m215 |[0;0m     public var insightDescription: String  // Renamed from 'description' to avoid SwiftData conflict
[0;36m216 |[0;0m     public var priority: InsightPriority
[0;36m    +--- [0;0mmacro expansion @_PersistedProperty [0;36m---------------------------[0;0m
[0;36m    |[0;0m [0;36m7 |[0;0m     get {
[0;36m    |[0;0m [0;36m8 |[0;0m         _$observationRegistrar.access(self, keyPath: \.priority)
[0;36m    |[0;0m [0;36m9 |[0;0m         return self.getValue(forKey: \.priority)
[0;36m    |[0;0m   [0;36m|[0;0m                     `- [1;31merror: [1;39mno exact matches in call to instance method 'getValue'[0;0m
[0;36m    |[0;0m[0;36m10 |[0;0m     }
[0;36m    |[0;0m[0;36m11 |[0;0m     set {
[0;36m    +----------------------------------------[0;0m[0;36m---------------------------[0;0m
[0;36m217 |[0;0m     public var type: InsightType
[0;36m218 |[0;0m     public var confidence: Double  // 0.0 to 1.0

SwiftData.PersistentModel.getValue:2:13: [1;39mnote: [1;39mcandidate requires that 'InsightPriority' conform to 'PersistentModel' (requirement specified as 'Value' : 'PersistentModel')[0;0m
[0;36m1 |[0;0m protocol PersistentModel {
[0;36m2 |[0;0m public func getValue<Value>(forKey: KeyPath<Self, Value>) -> Value where Value : PersistentModel}
  [0;36m|[0;0m             `- [1;39mnote: [1;39mcandidate requires that 'InsightPriority' conform to 'PersistentModel' (requirement specified as 'Value' : 'PersistentModel')[0;0m
[0;36m3 |[0;0m 

SwiftData.PersistentModel.getValue:2:13: [1;39mnote: [1;39mcandidate requires that 'InsightPriority' conform to 'RelationshipCollection' (requirement specified as 'Value' : 'RelationshipCollection')[0;0m
[0;36m1 |[0;0m protocol PersistentModel {
[0;36m2 |[0;0m public func getValue<Value, OtherModel>(forKey: KeyPath<Self, Value>) -> Value where Value : RelationshipCollection, OtherModel == Value.PersistentElement}
  [0;36m|[0;0m             `- [1;39mnote: [1;39mcandidate requires that 'InsightPriority' conform to 'RelationshipCollection' (requirement specified as 'Value' : 'RelationshipCollection')[0;0m
[0;36m3 |[0;0m 

macro expansion @_PersistedProperty:13:18: [1;31merror: [1;39mno exact matches in call to instance method 'setValue'[0;0m
`- /Users/danielstevens/github-projects/tools-automation/MomentumFinance/Shared/RootFinancialInsightModels.swift:216:41: [1;39mnote: [1;39mexpanded code originates here[0;0m
[0;36m214 |[0;0m     public var title: String
[0;36m215 |[0;0m     public var insightDescription: String  // Renamed from 'description' to avoid SwiftData conflict
[0;36m216 |[0;0m     public var priority: InsightPriority
[0;36m    +--- [0;0mmacro expansion @_PersistedProperty [0;36m---------------------------[0;0m
[0;36m    |[0;0m[0;36m11 |[0;0m     set {
[0;36m    |[0;0m[0;36m12 |[0;0m         _$observationRegistrar.withMutation(of: self, keyPath: \.priority) {
[0;36m    |[0;0m[0;36m13 |[0;0m             self.setValue(forKey: \.priority, to: newValue)
[0;36m    |[0;0m   [0;36m|[0;0m                  `- [1;31merror: [1;39mno exact matches in call to instance method 'setValue'[0;0m
[0;36m    |[0;0m[0;36m14 |[0;0m         }
[0;36m    |[0;0m[0;36m15 |[0;0m     }
[0;36m    +----------------------------------------[0;0m[0;36m---------------------------[0;0m
[0;36m217 |[0;0m     public var type: InsightType
[0;36m218 |[0;0m     public var confidence: Double  // 0.0 to 1.0

SwiftData.PersistentModel.setValue:2:13: [1;39mnote: [1;39mcandidate requires that 'InsightPriority' conform to 'PersistentModel' (requirement specified as 'Value' : 'PersistentModel')[0;0m
[0;36m1 |[0;0m protocol PersistentModel {
[0;36m2 |[0;0m public func setValue<Value>(forKey: KeyPath<Self, Value>, to newValue: Value) where Value : PersistentModel}
  [0;36m|[0;0m             `- [1;39mnote: [1;39mcandidate requires that 'InsightPriority' conform to 'PersistentModel' (requirement specified as 'Value' : 'PersistentModel')[0;0m
[0;36m3 |[0;0m 

SwiftData.PersistentModel.setValue:2:13: [1;39mnote: [1;39mcandidate requires that 'InsightPriority' conform to 'RelationshipCollection' (requirement specified as 'Value' : 'RelationshipCollection')[0;0m
[0;36m1 |[0;0m protocol PersistentModel {
[0;36m2 |[0;0m public func setValue<Value, OtherModel>(forKey: KeyPath<Self, Value>, to newValue: Value) where Value : RelationshipCollection, OtherModel == Value.PersistentElement}
  [0;36m|[0;0m             `- [1;39mnote: [1;39mcandidate requires that 'InsightPriority' conform to 'RelationshipCollection' (requirement specified as 'Value' : 'RelationshipCollection')[0;0m
[0;36m3 |[0;0m 

macro expansion @_PersistedProperty:4:23: [1;31merror: [1;39mno exact matches in call to instance method 'setValue'[0;0m
`- /Users/danielstevens/github-projects/tools-automation/MomentumFinance/Shared/RootFinancialInsightModels.swift:217:33: [1;39mnote: [1;39mexpanded code originates here[0;0m
[0;36m215 |[0;0m     public var insightDescription: String  // Renamed from 'description' to avoid SwiftData conflict
[0;36m216 |[0;0m     public var priority: InsightPriority
[0;36m217 |[0;0m     public var type: InsightType
[0;36m    +--- [0;0mmacro expansion @_PersistedProperty [0;36m---------------------------[0;0m
[0;36m    |[0;0m [0;36m2 |[0;0m     @storageRestrictions(accesses: _$backingData, initializes: _type)
[0;36m    |[0;0m [0;36m3 |[0;0m     init(initialValue) {
[0;36m    |[0;0m [0;36m4 |[0;0m         _$backingData.setValue(forKey: \.type, to: initialValue)
[0;36m    |[0;0m   [0;36m|[0;0m                       `- [1;31merror: [1;39mno exact matches in call to instance method 'setValue'[0;0m
[0;36m    |[0;0m [0;36m5 |[0;0m         _type = _SwiftDataNoType()
[0;36m    |[0;0m [0;36m6 |[0;0m     }
[0;36m    +----------------------------------------[0;0m[0;36m---------------------------[0;0m
[0;36m218 |[0;0m     public var confidence: Double  // 0.0 to 1.0
[0;36m219 |[0;0m     public var createdAt: Date

SwiftData.BackingData.setValue:2:6: [1;39mnote: [1;39mcandidate requires that 'InsightType' conform to 'PersistentModel' (requirement specified as 'Value' : 'PersistentModel')[0;0m
[0;36m1 |[0;0m protocol BackingData {
[0;36m2 |[0;0m func setValue<Value>(forKey: KeyPath<Self.Model, Value>, to newValue: Value) where Value : PersistentModel}
  [0;36m|[0;0m      `- [1;39mnote: [1;39mcandidate requires that 'InsightType' conform to 'PersistentModel' (requirement specified as 'Value' : 'PersistentModel')[0;0m
[0;36m3 |[0;0m 

SwiftData.BackingData.setValue:2:6: [1;39mnote: [1;39mcandidate requires that 'InsightType' conform to 'RelationshipCollection' (requirement specified as 'Value' : 'RelationshipCollection')[0;0m
[0;36m1 |[0;0m protocol BackingData {
[0;36m2 |[0;0m func setValue<Value, OtherModel>(forKey: KeyPath<Self.Model, Value>, to newValue: Value) where Value : RelationshipCollection, OtherModel == Value.PersistentElement}
  [0;36m|[0;0m      `- [1;39mnote: [1;39mcandidate requires that 'InsightType' conform to 'RelationshipCollection' (requirement specified as 'Value' : 'RelationshipCollection')[0;0m
[0;36m3 |[0;0m 

macro expansion @_PersistedProperty:9:21: [1;31merror: [1;39mno exact matches in call to instance method 'getValue'[0;0m
`- /Users/danielstevens/github-projects/tools-automation/MomentumFinance/Shared/RootFinancialInsightModels.swift:217:33: [1;39mnote: [1;39mexpanded code originates here[0;0m
[0;36m215 |[0;0m     public var insightDescription: String  // Renamed from 'description' to avoid SwiftData conflict
[0;36m216 |[0;0m     public var priority: InsightPriority
[0;36m217 |[0;0m     public var type: InsightType
[0;36m    +--- [0;0mmacro expansion @_PersistedProperty [0;36m---------------------------[0;0m
[0;36m    |[0;0m [0;36m7 |[0;0m     get {
[0;36m    |[0;0m [0;36m8 |[0;0m         _$observationRegistrar.access(self, keyPath: \.type)
[0;36m    |[0;0m [0;36m9 |[0;0m         return self.getValue(forKey: \.type)
[0;36m    |[0;0m   [0;36m|[0;0m                     `- [1;31merror: [1;39mno exact matches in call to instance method 'getValue'[0;0m
[0;36m    |[0;0m[0;36m10 |[0;0m     }
[0;36m    |[0;0m[0;36m11 |[0;0m     set {
[0;36m    +----------------------------------------[0;0m[0;36m---------------------------[0;0m
[0;36m218 |[0;0m     public var confidence: Double  // 0.0 to 1.0
[0;36m219 |[0;0m     public var createdAt: Date

SwiftData.PersistentModel.getValue:2:13: [1;39mnote: [1;39mcandidate requires that 'InsightType' conform to 'PersistentModel' (requirement specified as 'Value' : 'PersistentModel')[0;0m
[0;36m1 |[0;0m protocol PersistentModel {
[0;36m2 |[0;0m public func getValue<Value>(forKey: KeyPath<Self, Value>) -> Value where Value : PersistentModel}
  [0;36m|[0;0m             `- [1;39mnote: [1;39mcandidate requires that 'InsightType' conform to 'PersistentModel' (requirement specified as 'Value' : 'PersistentModel')[0;0m
[0;36m3 |[0;0m 

SwiftData.PersistentModel.getValue:2:13: [1;39mnote: [1;39mcandidate requires that 'InsightType' conform to 'RelationshipCollection' (requirement specified as 'Value' : 'RelationshipCollection')[0;0m
[0;36m1 |[0;0m protocol PersistentModel {
[0;36m2 |[0;0m public func getValue<Value, OtherModel>(forKey: KeyPath<Self, Value>) -> Value where Value : RelationshipCollection, OtherModel == Value.PersistentElement}
  [0;36m|[0;0m             `- [1;39mnote: [1;39mcandidate requires that 'InsightType' conform to 'RelationshipCollection' (requirement specified as 'Value' : 'RelationshipCollection')[0;0m
[0;36m3 |[0;0m 

macro expansion @_PersistedProperty:13:18: [1;31merror: [1;39mno exact matches in call to instance method 'setValue'[0;0m
`- /Users/danielstevens/github-projects/tools-automation/MomentumFinance/Shared/RootFinancialInsightModels.swift:217:33: [1;39mnote: [1;39mexpanded code originates here[0;0m
[0;36m215 |[0;0m     public var insightDescription: String  // Renamed from 'description' to avoid SwiftData conflict
[0;36m216 |[0;0m     public var priority: InsightPriority
[0;36m217 |[0;0m     public var type: InsightType
[0;36m    +--- [0;0mmacro expansion @_PersistedProperty [0;36m---------------------------[0;0m
[0;36m    |[0;0m[0;36m11 |[0;0m     set {
[0;36m    |[0;0m[0;36m12 |[0;0m         _$observationRegistrar.withMutation(of: self, keyPath: \.type) {
[0;36m    |[0;0m[0;36m13 |[0;0m             self.setValue(forKey: \.type, to: newValue)
[0;36m    |[0;0m   [0;36m|[0;0m                  `- [1;31merror: [1;39mno exact matches in call to instance method 'setValue'[0;0m
[0;36m    |[0;0m[0;36m14 |[0;0m         }
[0;36m    |[0;0m[0;36m15 |[0;0m     }
[0;36m    +----------------------------------------[0;0m[0;36m---------------------------[0;0m
[0;36m218 |[0;0m     public var confidence: Double  // 0.0 to 1.0
[0;36m219 |[0;0m     public var createdAt: Date

SwiftData.PersistentModel.setValue:2:13: [1;39mnote: [1;39mcandidate requires that 'InsightType' conform to 'PersistentModel' (requirement specified as 'Value' : 'PersistentModel')[0;0m
[0;36m1 |[0;0m protocol PersistentModel {
[0;36m2 |[0;0m public func setValue<Value>(forKey: KeyPath<Self, Value>, to newValue: Value) where Value : PersistentModel}
  [0;36m|[0;0m             `- [1;39mnote: [1;39mcandidate requires that 'InsightType' conform to 'PersistentModel' (requirement specified as 'Value' : 'PersistentModel')[0;0m
[0;36m3 |[0;0m 

SwiftData.PersistentModel.setValue:2:13: [1;39mnote: [1;39mcandidate requires that 'InsightType' conform to 'RelationshipCollection' (requirement specified as 'Value' : 'RelationshipCollection')[0;0m
[0;36m1 |[0;0m protocol PersistentModel {
[0;36m2 |[0;0m public func setValue<Value, OtherModel>(forKey: KeyPath<Self, Value>, to newValue: Value) where Value : RelationshipCollection, OtherModel == Value.PersistentElement}
  [0;36m|[0;0m             `- [1;39mnote: [1;39mcandidate requires that 'InsightType' conform to 'RelationshipCollection' (requirement specified as 'Value' : 'RelationshipCollection')[0;0m
[0;36m3 |[0;0m 

macro expansion @_PersistedProperty:4:23: [1;31merror: [1;39mno exact matches in call to instance method 'setValue'[0;0m
`- /Users/danielstevens/github-projects/tools-automation/MomentumFinance/Shared/RootFinancialInsightModels.swift:231:36: [1;39mnote: [1;39mexpanded code originates here[0;0m
[0;36m229 |[0;0m     public var actionRecommendations: [String]  // AI-generated action items
[0;36m230 |[0;0m     public var potentialSavings: Double?  // Estimated savings if action is taken
[0;36m231 |[0;0m     public var riskLevel: RiskLevel  // Associated risk level
[0;36m    +--- [0;0mmacro expansion @_PersistedProperty [0;36m---------------------------[0;0m
[0;36m    |[0;0m [0;36m2 |[0;0m     @storageRestrictions(accesses: _$backingData, initializes: _riskLevel)
[0;36m    |[0;0m [0;36m3 |[0;0m     init(initialValue) {
[0;36m    |[0;0m [0;36m4 |[0;0m         _$backingData.setValue(forKey: \.riskLevel, to: initialValue)
[0;36m    |[0;0m   [0;36m|[0;0m                       `- [1;31merror: [1;39mno exact matches in call to instance method 'setValue'[0;0m
[0;36m    |[0;0m [0;36m5 |[0;0m         _riskLevel = _SwiftDataNoType()
[0;36m    |[0;0m [0;36m6 |[0;0m     }
[0;36m    +----------------------------------------[0;0m[0;36m---------------------------[0;0m
[0;36m232 |[0;0m     public var aiAnalysisVersion: String  // Version of AI model used for analysis
[0;36m233 |[0;0m     public var contextualTags: [String]  // Tags for better categorization

SwiftData.BackingData.setValue:2:6: [1;39mnote: [1;39mcandidate requires that 'RiskLevel' conform to 'PersistentModel' (requirement specified as 'Value' : 'PersistentModel')[0;0m
[0;36m1 |[0;0m protocol BackingData {
[0;36m2 |[0;0m func setValue<Value>(forKey: KeyPath<Self.Model, Value>, to newValue: Value) where Value : PersistentModel}
  [0;36m|[0;0m      `- [1;39mnote: [1;39mcandidate requires that 'RiskLevel' conform to 'PersistentModel' (requirement specified as 'Value' : 'PersistentModel')[0;0m
[0;36m3 |[0;0m 

SwiftData.BackingData.setValue:2:6: [1;39mnote: [1;39mcandidate requires that 'RiskLevel' conform to 'RelationshipCollection' (requirement specified as 'Value' : 'RelationshipCollection')[0;0m
[0;36m1 |[0;0m protocol BackingData {
[0;36m2 |[0;0m func setValue<Value, OtherModel>(forKey: KeyPath<Self.Model, Value>, to newValue: Value) where Value : RelationshipCollection, OtherModel == Value.PersistentElement}
  [0;36m|[0;0m      `- [1;39mnote: [1;39mcandidate requires that 'RiskLevel' conform to 'RelationshipCollection' (requirement specified as 'Value' : 'RelationshipCollection')[0;0m
[0;36m3 |[0;0m 

macro expansion @_PersistedProperty:9:21: [1;31merror: [1;39mno exact matches in call to instance method 'getValue'[0;0m
`- /Users/danielstevens/github-projects/tools-automation/MomentumFinance/Shared/RootFinancialInsightModels.swift:231:36: [1;39mnote: [1;39mexpanded code originates here[0;0m
[0;36m229 |[0;0m     public var actionRecommendations: [String]  // AI-generated action items
[0;36m230 |[0;0m     public var potentialSavings: Double?  // Estimated savings if action is taken
[0;36m231 |[0;0m     public var riskLevel: RiskLevel  // Associated risk level
[0;36m    +--- [0;0mmacro expansion @_PersistedProperty [0;36m---------------------------[0;0m
[0;36m    |[0;0m [0;36m7 |[0;0m     get {
[0;36m    |[0;0m [0;36m8 |[0;0m         _$observationRegistrar.access(self, keyPath: \.riskLevel)
[0;36m    |[0;0m [0;36m9 |[0;0m         return self.getValue(forKey: \.riskLevel)
[0;36m    |[0;0m   [0;36m|[0;0m                     `- [1;31merror: [1;39mno exact matches in call to instance method 'getValue'[0;0m
[0;36m    |[0;0m[0;36m10 |[0;0m     }
[0;36m    |[0;0m[0;36m11 |[0;0m     set {
[0;36m    +----------------------------------------[0;0m[0;36m---------------------------[0;0m
[0;36m232 |[0;0m     public var aiAnalysisVersion: String  // Version of AI model used for analysis
[0;36m233 |[0;0m     public var contextualTags: [String]  // Tags for better categorization

SwiftData.PersistentModel.getValue:2:13: [1;39mnote: [1;39mcandidate requires that 'RiskLevel' conform to 'PersistentModel' (requirement specified as 'Value' : 'PersistentModel')[0;0m
[0;36m1 |[0;0m protocol PersistentModel {
[0;36m2 |[0;0m public func getValue<Value>(forKey: KeyPath<Self, Value>) -> Value where Value : PersistentModel}
  [0;36m|[0;0m             `- [1;39mnote: [1;39mcandidate requires that 'RiskLevel' conform to 'PersistentModel' (requirement specified as 'Value' : 'PersistentModel')[0;0m
[0;36m3 |[0;0m 

SwiftData.PersistentModel.getValue:2:13: [1;39mnote: [1;39mcandidate requires that 'RiskLevel' conform to 'RelationshipCollection' (requirement specified as 'Value' : 'RelationshipCollection')[0;0m
[0;36m1 |[0;0m protocol PersistentModel {
[0;36m2 |[0;0m public func getValue<Value, OtherModel>(forKey: KeyPath<Self, Value>) -> Value where Value : RelationshipCollection, OtherModel == Value.PersistentElement}
  [0;36m|[0;0m             `- [1;39mnote: [1;39mcandidate requires that 'RiskLevel' conform to 'RelationshipCollection' (requirement specified as 'Value' : 'RelationshipCollection')[0;0m
[0;36m3 |[0;0m 

macro expansion @_PersistedProperty:13:18: [1;31merror: [1;39mno exact matches in call to instance method 'setValue'[0;0m
`- /Users/danielstevens/github-projects/tools-automation/MomentumFinance/Shared/RootFinancialInsightModels.swift:231:36: [1;39mnote: [1;39mexpanded code originates here[0;0m
[0;36m229 |[0;0m     public var actionRecommendations: [String]  // AI-generated action items
[0;36m230 |[0;0m     public var potentialSavings: Double?  // Estimated savings if action is taken
[0;36m231 |[0;0m     public var riskLevel: RiskLevel  // Associated risk level
[0;36m    +--- [0;0mmacro expansion @_PersistedProperty [0;36m---------------------------[0;0m
[0;36m    |[0;0m[0;36m11 |[0;0m     set {
[0;36m    |[0;0m[0;36m12 |[0;0m         _$observationRegistrar.withMutation(of: self, keyPath: \.riskLevel) {
[0;36m    |[0;0m[0;36m13 |[0;0m             self.setValue(forKey: \.riskLevel, to: newValue)
[0;36m    |[0;0m   [0;36m|[0;0m                  `- [1;31merror: [1;39mno exact matches in call to instance method 'setValue'[0;0m
[0;36m    |[0;0m[0;36m14 |[0;0m         }
[0;36m    |[0;0m[0;36m15 |[0;0m     }
[0;36m    +----------------------------------------[0;0m[0;36m---------------------------[0;0m
[0;36m232 |[0;0m     public var aiAnalysisVersion: String  // Version of AI model used for analysis
[0;36m233 |[0;0m     public var contextualTags: [String]  // Tags for better categorization

SwiftData.PersistentModel.setValue:2:13: [1;39mnote: [1;39mcandidate requires that 'RiskLevel' conform to 'PersistentModel' (requirement specified as 'Value' : 'PersistentModel')[0;0m
[0;36m1 |[0;0m protocol PersistentModel {
[0;36m2 |[0;0m public func setValue<Value>(forKey: KeyPath<Self, Value>, to newValue: Value) where Value : PersistentModel}
  [0;36m|[0;0m             `- [1;39mnote: [1;39mcandidate requires that 'RiskLevel' conform to 'PersistentModel' (requirement specified as 'Value' : 'PersistentModel')[0;0m
[0;36m3 |[0;0m 

SwiftData.PersistentModel.setValue:2:13: [1;39mnote: [1;39mcandidate requires that 'RiskLevel' conform to 'RelationshipCollection' (requirement specified as 'Value' : 'RelationshipCollection')[0;0m
[0;36m1 |[0;0m protocol PersistentModel {
[0;36m2 |[0;0m public func setValue<Value, OtherModel>(forKey: KeyPath<Self, Value>, to newValue: Value) where Value : RelationshipCollection, OtherModel == Value.PersistentElement}
  [0;36m|[0;0m             `- [1;39mnote: [1;39mcandidate requires that 'RiskLevel' conform to 'RelationshipCollection' (requirement specified as 'Value' : 'RelationshipCollection')[0;0m
[0;36m3 |[0;0m 

/Users/danielstevens/github-projects/tools-automation/MomentumFinance/Shared/Services/FinancialServices.swift:123:19: [1;33mwarning: [1;39mvalue 'columnName' was defined but never used; consider replacing with boolean test[0;0m [#no-usage]
[0;36m121 |[0;0m 
[0;36m122 |[0;0m     private func getColumnIndex(for columnName: String?, in _: [String]) -> Int? {
[0;36m123 |[0;0m         guard let columnName else { return nil }
    [0;36m|[0;0m                   `- [1;33mwarning: [1;39mvalue 'columnName' was defined but never used; consider replacing with boolean test[0;0m [#no-usage]
[0;36m124 |[0;0m         // This is a simplified implementation - in a real app you'd have proper CSV parsing
[0;36m125 |[0;0m         return 0  // Placeholder
[114/148] Compiling Shared ColorThemePreview.swift
macro expansion @_PersistedProperty:4:23: [1;31merror: [1;39mno exact matches in call to instance method 'setValue'[0;0m
`- /Users/danielstevens/github-projects/tools-automation/MomentumFinance/Shared/RootFinancialInsightModels.swift:216:41: [1;39mnote: [1;39mexpanded code originates here[0;0m
[0;36m214 |[0;0m     public var title: String
[0;36m215 |[0;0m     public var insightDescription: String  // Renamed from 'description' to avoid SwiftData conflict
[0;36m216 |[0;0m     public var priority: InsightPriority
[0;36m    +--- [0;0mmacro expansion @_PersistedProperty [0;36m---------------------------[0;0m
[0;36m    |[0;0m [0;36m2 |[0;0m     @storageRestrictions(accesses: _$backingData, initializes: _priority)
[0;36m    |[0;0m [0;36m3 |[0;0m     init(initialValue) {
[0;36m    |[0;0m [0;36m4 |[0;0m         _$backingData.setValue(forKey: \.priority, to: initialValue)
[0;36m    |[0;0m   [0;36m|[0;0m                       `- [1;31merror: [1;39mno exact matches in call to instance method 'setValue'[0;0m
[0;36m    |[0;0m [0;36m5 |[0;0m         _priority = _SwiftDataNoType()
[0;36m    |[0;0m [0;36m6 |[0;0m     }
[0;36m    +----------------------------------------[0;0m[0;36m---------------------------[0;0m
[0;36m217 |[0;0m     public var type: InsightType
[0;36m218 |[0;0m     public var confidence: Double  // 0.0 to 1.0

SwiftData.BackingData.setValue:2:6: [1;39mnote: [1;39mcandidate requires that 'InsightPriority' conform to 'PersistentModel' (requirement specified as 'Value' : 'PersistentModel')[0;0m
[0;36m1 |[0;0m protocol BackingData {
[0;36m2 |[0;0m func setValue<Value>(forKey: KeyPath<Self.Model, Value>, to newValue: Value) where Value : PersistentModel}
  [0;36m|[0;0m      `- [1;39mnote: [1;39mcandidate requires that 'InsightPriority' conform to 'PersistentModel' (requirement specified as 'Value' : 'PersistentModel')[0;0m
[0;36m3 |[0;0m 

SwiftData.BackingData.setValue:2:6: [1;39mnote: [1;39mcandidate requires that 'InsightPriority' conform to 'RelationshipCollection' (requirement specified as 'Value' : 'RelationshipCollection')[0;0m
[0;36m1 |[0;0m protocol BackingData {
[0;36m2 |[0;0m func setValue<Value, OtherModel>(forKey: KeyPath<Self.Model, Value>, to newValue: Value) where Value : RelationshipCollection, OtherModel == Value.PersistentElement}
  [0;36m|[0;0m      `- [1;39mnote: [1;39mcandidate requires that 'InsightPriority' conform to 'RelationshipCollection' (requirement specified as 'Value' : 'RelationshipCollection')[0;0m
[0;36m3 |[0;0m 

macro expansion @_PersistedProperty:9:21: [1;31merror: [1;39mno exact matches in call to instance method 'getValue'[0;0m
`- /Users/danielstevens/github-projects/tools-automation/MomentumFinance/Shared/RootFinancialInsightModels.swift:216:41: [1;39mnote: [1;39mexpanded code originates here[0;0m
[0;36m214 |[0;0m     public var title: String
[0;36m215 |[0;0m     public var insightDescription: String  // Renamed from 'description' to avoid SwiftData conflict
[0;36m216 |[0;0m     public var priority: InsightPriority
[0;36m    +--- [0;0mmacro expansion @_PersistedProperty [0;36m---------------------------[0;0m
[0;36m    |[0;0m [0;36m7 |[0;0m     get {
[0;36m    |[0;0m [0;36m8 |[0;0m         _$observationRegistrar.access(self, keyPath: \.priority)
[0;36m    |[0;0m [0;36m9 |[0;0m         return self.getValue(forKey: \.priority)
[0;36m    |[0;0m   [0;36m|[0;0m                     `- [1;31merror: [1;39mno exact matches in call to instance method 'getValue'[0;0m
[0;36m    |[0;0m[0;36m10 |[0;0m     }
[0;36m    |[0;0m[0;36m11 |[0;0m     set {
[0;36m    +----------------------------------------[0;0m[0;36m---------------------------[0;0m
[0;36m217 |[0;0m     public var type: InsightType
[0;36m218 |[0;0m     public var confidence: Double  // 0.0 to 1.0

SwiftData.PersistentModel.getValue:2:13: [1;39mnote: [1;39mcandidate requires that 'InsightPriority' conform to 'PersistentModel' (requirement specified as 'Value' : 'PersistentModel')[0;0m
[0;36m1 |[0;0m protocol PersistentModel {
[0;36m2 |[0;0m public func getValue<Value>(forKey: KeyPath<Self, Value>) -> Value where Value : PersistentModel}
  [0;36m|[0;0m             `- [1;39mnote: [1;39mcandidate requires that 'InsightPriority' conform to 'PersistentModel' (requirement specified as 'Value' : 'PersistentModel')[0;0m
[0;36m3 |[0;0m 

SwiftData.PersistentModel.getValue:2:13: [1;39mnote: [1;39mcandidate requires that 'InsightPriority' conform to 'RelationshipCollection' (requirement specified as 'Value' : 'RelationshipCollection')[0;0m
[0;36m1 |[0;0m protocol PersistentModel {
[0;36m2 |[0;0m public func getValue<Value, OtherModel>(forKey: KeyPath<Self, Value>) -> Value where Value : RelationshipCollection, OtherModel == Value.PersistentElement}
  [0;36m|[0;0m             `- [1;39mnote: [1;39mcandidate requires that 'InsightPriority' conform to 'RelationshipCollection' (requirement specified as 'Value' : 'RelationshipCollection')[0;0m
[0;36m3 |[0;0m 

macro expansion @_PersistedProperty:13:18: [1;31merror: [1;39mno exact matches in call to instance method 'setValue'[0;0m
`- /Users/danielstevens/github-projects/tools-automation/MomentumFinance/Shared/RootFinancialInsightModels.swift:216:41: [1;39mnote: [1;39mexpanded code originates here[0;0m
[0;36m214 |[0;0m     public var title: String
[0;36m215 |[0;0m     public var insightDescription: String  // Renamed from 'description' to avoid SwiftData conflict
[0;36m216 |[0;0m     public var priority: InsightPriority
[0;36m    +--- [0;0mmacro expansion @_PersistedProperty [0;36m---------------------------[0;0m
[0;36m    |[0;0m[0;36m11 |[0;0m     set {
[0;36m    |[0;0m[0;36m12 |[0;0m         _$observationRegistrar.withMutation(of: self, keyPath: \.priority) {
[0;36m    |[0;0m[0;36m13 |[0;0m             self.setValue(forKey: \.priority, to: newValue)
[0;36m    |[0;0m   [0;36m|[0;0m                  `- [1;31merror: [1;39mno exact matches in call to instance method 'setValue'[0;0m
[0;36m    |[0;0m[0;36m14 |[0;0m         }
[0;36m    |[0;0m[0;36m15 |[0;0m     }
[0;36m    +----------------------------------------[0;0m[0;36m---------------------------[0;0m
[0;36m217 |[0;0m     public var type: InsightType
[0;36m218 |[0;0m     public var confidence: Double  // 0.0 to 1.0

SwiftData.PersistentModel.setValue:2:13: [1;39mnote: [1;39mcandidate requires that 'InsightPriority' conform to 'PersistentModel' (requirement specified as 'Value' : 'PersistentModel')[0;0m
[0;36m1 |[0;0m protocol PersistentModel {
[0;36m2 |[0;0m public func setValue<Value>(forKey: KeyPath<Self, Value>, to newValue: Value) where Value : PersistentModel}
  [0;36m|[0;0m             `- [1;39mnote: [1;39mcandidate requires that 'InsightPriority' conform to 'PersistentModel' (requirement specified as 'Value' : 'PersistentModel')[0;0m
[0;36m3 |[0;0m 

SwiftData.PersistentModel.setValue:2:13: [1;39mnote: [1;39mcandidate requires that 'InsightPriority' conform to 'RelationshipCollection' (requirement specified as 'Value' : 'RelationshipCollection')[0;0m
[0;36m1 |[0;0m protocol PersistentModel {
[0;36m2 |[0;0m public func setValue<Value, OtherModel>(forKey: KeyPath<Self, Value>, to newValue: Value) where Value : RelationshipCollection, OtherModel == Value.PersistentElement}
  [0;36m|[0;0m             `- [1;39mnote: [1;39mcandidate requires that 'InsightPriority' conform to 'RelationshipCollection' (requirement specified as 'Value' : 'RelationshipCollection')[0;0m
[0;36m3 |[0;0m 

macro expansion @_PersistedProperty:4:23: [1;31merror: [1;39mno exact matches in call to instance method 'setValue'[0;0m
`- /Users/danielstevens/github-projects/tools-automation/MomentumFinance/Shared/RootFinancialInsightModels.swift:217:33: [1;39mnote: [1;39mexpanded code originates here[0;0m
[0;36m215 |[0;0m     public var insightDescription: String  // Renamed from 'description' to avoid SwiftData conflict
[0;36m216 |[0;0m     public var priority: InsightPriority
[0;36m217 |[0;0m     public var type: InsightType
[0;36m    +--- [0;0mmacro expansion @_PersistedProperty [0;36m---------------------------[0;0m
[0;36m    |[0;0m [0;36m2 |[0;0m     @storageRestrictions(accesses: _$backingData, initializes: _type)
[0;36m    |[0;0m [0;36m3 |[0;0m     init(initialValue) {
[0;36m    |[0;0m [0;36m4 |[0;0m         _$backingData.setValue(forKey: \.type, to: initialValue)
[0;36m    |[0;0m   [0;36m|[0;0m                       `- [1;31merror: [1;39mno exact matches in call to instance method 'setValue'[0;0m
[0;36m    |[0;0m [0;36m5 |[0;0m         _type = _SwiftDataNoType()
[0;36m    |[0;0m [0;36m6 |[0;0m     }
[0;36m    +----------------------------------------[0;0m[0;36m---------------------------[0;0m
[0;36m218 |[0;0m     public var confidence: Double  // 0.0 to 1.0
[0;36m219 |[0;0m     public var createdAt: Date

SwiftData.BackingData.setValue:2:6: [1;39mnote: [1;39mcandidate requires that 'InsightType' conform to 'PersistentModel' (requirement specified as 'Value' : 'PersistentModel')[0;0m
[0;36m1 |[0;0m protocol BackingData {
[0;36m2 |[0;0m func setValue<Value>(forKey: KeyPath<Self.Model, Value>, to newValue: Value) where Value : PersistentModel}
  [0;36m|[0;0m      `- [1;39mnote: [1;39mcandidate requires that 'InsightType' conform to 'PersistentModel' (requirement specified as 'Value' : 'PersistentModel')[0;0m
[0;36m3 |[0;0m 

SwiftData.BackingData.setValue:2:6: [1;39mnote: [1;39mcandidate requires that 'InsightType' conform to 'RelationshipCollection' (requirement specified as 'Value' : 'RelationshipCollection')[0;0m
[0;36m1 |[0;0m protocol BackingData {
[0;36m2 |[0;0m func setValue<Value, OtherModel>(forKey: KeyPath<Self.Model, Value>, to newValue: Value) where Value : RelationshipCollection, OtherModel == Value.PersistentElement}
  [0;36m|[0;0m      `- [1;39mnote: [1;39mcandidate requires that 'InsightType' conform to 'RelationshipCollection' (requirement specified as 'Value' : 'RelationshipCollection')[0;0m
[0;36m3 |[0;0m 

macro expansion @_PersistedProperty:9:21: [1;31merror: [1;39mno exact matches in call to instance method 'getValue'[0;0m
`- /Users/danielstevens/github-projects/tools-automation/MomentumFinance/Shared/RootFinancialInsightModels.swift:217:33: [1;39mnote: [1;39mexpanded code originates here[0;0m
[0;36m215 |[0;0m     public var insightDescription: String  // Renamed from 'description' to avoid SwiftData conflict
[0;36m216 |[0;0m     public var priority: InsightPriority
[0;36m217 |[0;0m     public var type: InsightType
[0;36m    +--- [0;0mmacro expansion @_PersistedProperty [0;36m---------------------------[0;0m
[0;36m    |[0;0m [0;36m7 |[0;0m     get {
[0;36m    |[0;0m [0;36m8 |[0;0m         _$observationRegistrar.access(self, keyPath: \.type)
[0;36m    |[0;0m [0;36m9 |[0;0m         return self.getValue(forKey: \.type)
[0;36m    |[0;0m   [0;36m|[0;0m                     `- [1;31merror: [1;39mno exact matches in call to instance method 'getValue'[0;0m
[0;36m    |[0;0m[0;36m10 |[0;0m     }
[0;36m    |[0;0m[0;36m11 |[0;0m     set {
[0;36m    +----------------------------------------[0;0m[0;36m---------------------------[0;0m
[0;36m218 |[0;0m     public var confidence: Double  // 0.0 to 1.0
[0;36m219 |[0;0m     public var createdAt: Date

SwiftData.PersistentModel.getValue:2:13: [1;39mnote: [1;39mcandidate requires that 'InsightType' conform to 'PersistentModel' (requirement specified as 'Value' : 'PersistentModel')[0;0m
[0;36m1 |[0;0m protocol PersistentModel {
[0;36m2 |[0;0m public func getValue<Value>(forKey: KeyPath<Self, Value>) -> Value where Value : PersistentModel}
  [0;36m|[0;0m             `- [1;39mnote: [1;39mcandidate requires that 'InsightType' conform to 'PersistentModel' (requirement specified as 'Value' : 'PersistentModel')[0;0m
[0;36m3 |[0;0m 

SwiftData.PersistentModel.getValue:2:13: [1;39mnote: [1;39mcandidate requires that 'InsightType' conform to 'RelationshipCollection' (requirement specified as 'Value' : 'RelationshipCollection')[0;0m
[0;36m1 |[0;0m protocol PersistentModel {
[0;36m2 |[0;0m public func getValue<Value, OtherModel>(forKey: KeyPath<Self, Value>) -> Value where Value : RelationshipCollection, OtherModel == Value.PersistentElement}
  [0;36m|[0;0m             `- [1;39mnote: [1;39mcandidate requires that 'InsightType' conform to 'RelationshipCollection' (requirement specified as 'Value' : 'RelationshipCollection')[0;0m
[0;36m3 |[0;0m 

macro expansion @_PersistedProperty:13:18: [1;31merror: [1;39mno exact matches in call to instance method 'setValue'[0;0m
`- /Users/danielstevens/github-projects/tools-automation/MomentumFinance/Shared/RootFinancialInsightModels.swift:217:33: [1;39mnote: [1;39mexpanded code originates here[0;0m
[0;36m215 |[0;0m     public var insightDescription: String  // Renamed from 'description' to avoid SwiftData conflict
[0;36m216 |[0;0m     public var priority: InsightPriority
[0;36m217 |[0;0m     public var type: InsightType
[0;36m    +--- [0;0mmacro expansion @_PersistedProperty [0;36m---------------------------[0;0m
[0;36m    |[0;0m[0;36m11 |[0;0m     set {
[0;36m    |[0;0m[0;36m12 |[0;0m         _$observationRegistrar.withMutation(of: self, keyPath: \.type) {
[0;36m    |[0;0m[0;36m13 |[0;0m             self.setValue(forKey: \.type, to: newValue)
[0;36m    |[0;0m   [0;36m|[0;0m                  `- [1;31merror: [1;39mno exact matches in call to instance method 'setValue'[0;0m
[0;36m    |[0;0m[0;36m14 |[0;0m         }
[0;36m    |[0;0m[0;36m15 |[0;0m     }
[0;36m    +----------------------------------------[0;0m[0;36m---------------------------[0;0m
[0;36m218 |[0;0m     public var confidence: Double  // 0.0 to 1.0
[0;36m219 |[0;0m     public var createdAt: Date

SwiftData.PersistentModel.setValue:2:13: [1;39mnote: [1;39mcandidate requires that 'InsightType' conform to 'PersistentModel' (requirement specified as 'Value' : 'PersistentModel')[0;0m
[0;36m1 |[0;0m protocol PersistentModel {
[0;36m2 |[0;0m public func setValue<Value>(forKey: KeyPath<Self, Value>, to newValue: Value) where Value : PersistentModel}
  [0;36m|[0;0m             `- [1;39mnote: [1;39mcandidate requires that 'InsightType' conform to 'PersistentModel' (requirement specified as 'Value' : 'PersistentModel')[0;0m
[0;36m3 |[0;0m 

SwiftData.PersistentModel.setValue:2:13: [1;39mnote: [1;39mcandidate requires that 'InsightType' conform to 'RelationshipCollection' (requirement specified as 'Value' : 'RelationshipCollection')[0;0m
[0;36m1 |[0;0m protocol PersistentModel {
[0;36m2 |[0;0m public func setValue<Value, OtherModel>(forKey: KeyPath<Self, Value>, to newValue: Value) where Value : RelationshipCollection, OtherModel == Value.PersistentElement}
  [0;36m|[0;0m             `- [1;39mnote: [1;39mcandidate requires that 'InsightType' conform to 'RelationshipCollection' (requirement specified as 'Value' : 'RelationshipCollection')[0;0m
[0;36m3 |[0;0m 

macro expansion @_PersistedProperty:4:23: [1;31merror: [1;39mno exact matches in call to instance method 'setValue'[0;0m
`- /Users/danielstevens/github-projects/tools-automation/MomentumFinance/Shared/RootFinancialInsightModels.swift:231:36: [1;39mnote: [1;39mexpanded code originates here[0;0m
[0;36m229 |[0;0m     public var actionRecommendations: [String]  // AI-generated action items
[0;36m230 |[0;0m     public var potentialSavings: Double?  // Estimated savings if action is taken
[0;36m231 |[0;0m     public var riskLevel: RiskLevel  // Associated risk level
[0;36m    +--- [0;0mmacro expansion @_PersistedProperty [0;36m---------------------------[0;0m
[0;36m    |[0;0m [0;36m2 |[0;0m     @storageRestrictions(accesses: _$backingData, initializes: _riskLevel)
[0;36m    |[0;0m [0;36m3 |[0;0m     init(initialValue) {
[0;36m    |[0;0m [0;36m4 |[0;0m         _$backingData.setValue(forKey: \.riskLevel, to: initialValue)
[0;36m    |[0;0m   [0;36m|[0;0m                       `- [1;31merror: [1;39mno exact matches in call to instance method 'setValue'[0;0m
[0;36m    |[0;0m [0;36m5 |[0;0m         _riskLevel = _SwiftDataNoType()
[0;36m    |[0;0m [0;36m6 |[0;0m     }
[0;36m    +----------------------------------------[0;0m[0;36m---------------------------[0;0m
[0;36m232 |[0;0m     public var aiAnalysisVersion: String  // Version of AI model used for analysis
[0;36m233 |[0;0m     public var contextualTags: [String]  // Tags for better categorization

SwiftData.BackingData.setValue:2:6: [1;39mnote: [1;39mcandidate requires that 'RiskLevel' conform to 'PersistentModel' (requirement specified as 'Value' : 'PersistentModel')[0;0m
[0;36m1 |[0;0m protocol BackingData {
[0;36m2 |[0;0m func setValue<Value>(forKey: KeyPath<Self.Model, Value>, to newValue: Value) where Value : PersistentModel}
  [0;36m|[0;0m      `- [1;39mnote: [1;39mcandidate requires that 'RiskLevel' conform to 'PersistentModel' (requirement specified as 'Value' : 'PersistentModel')[0;0m
[0;36m3 |[0;0m 

SwiftData.BackingData.setValue:2:6: [1;39mnote: [1;39mcandidate requires that 'RiskLevel' conform to 'RelationshipCollection' (requirement specified as 'Value' : 'RelationshipCollection')[0;0m
[0;36m1 |[0;0m protocol BackingData {
[0;36m2 |[0;0m func setValue<Value, OtherModel>(forKey: KeyPath<Self.Model, Value>, to newValue: Value) where Value : RelationshipCollection, OtherModel == Value.PersistentElement}
  [0;36m|[0;0m      `- [1;39mnote: [1;39mcandidate requires that 'RiskLevel' conform to 'RelationshipCollection' (requirement specified as 'Value' : 'RelationshipCollection')[0;0m
[0;36m3 |[0;0m 

macro expansion @_PersistedProperty:9:21: [1;31merror: [1;39mno exact matches in call to instance method 'getValue'[0;0m
`- /Users/danielstevens/github-projects/tools-automation/MomentumFinance/Shared/RootFinancialInsightModels.swift:231:36: [1;39mnote: [1;39mexpanded code originates here[0;0m
[0;36m229 |[0;0m     public var actionRecommendations: [String]  // AI-generated action items
[0;36m230 |[0;0m     public var potentialSavings: Double?  // Estimated savings if action is taken
[0;36m231 |[0;0m     public var riskLevel: RiskLevel  // Associated risk level
[0;36m    +--- [0;0mmacro expansion @_PersistedProperty [0;36m---------------------------[0;0m
[0;36m    |[0;0m [0;36m7 |[0;0m     get {
[0;36m    |[0;0m [0;36m8 |[0;0m         _$observationRegistrar.access(self, keyPath: \.riskLevel)
[0;36m    |[0;0m [0;36m9 |[0;0m         return self.getValue(forKey: \.riskLevel)
[0;36m    |[0;0m   [0;36m|[0;0m                     `- [1;31merror: [1;39mno exact matches in call to instance method 'getValue'[0;0m
[0;36m    |[0;0m[0;36m10 |[0;0m     }
[0;36m    |[0;0m[0;36m11 |[0;0m     set {
[0;36m    +----------------------------------------[0;0m[0;36m---------------------------[0;0m
[0;36m232 |[0;0m     public var aiAnalysisVersion: String  // Version of AI model used for analysis
[0;36m233 |[0;0m     public var contextualTags: [String]  // Tags for better categorization

SwiftData.PersistentModel.getValue:2:13: [1;39mnote: [1;39mcandidate requires that 'RiskLevel' conform to 'PersistentModel' (requirement specified as 'Value' : 'PersistentModel')[0;0m
[0;36m1 |[0;0m protocol PersistentModel {
[0;36m2 |[0;0m public func getValue<Value>(forKey: KeyPath<Self, Value>) -> Value where Value : PersistentModel}
  [0;36m|[0;0m             `- [1;39mnote: [1;39mcandidate requires that 'RiskLevel' conform to 'PersistentModel' (requirement specified as 'Value' : 'PersistentModel')[0;0m
[0;36m3 |[0;0m 

SwiftData.PersistentModel.getValue:2:13: [1;39mnote: [1;39mcandidate requires that 'RiskLevel' conform to 'RelationshipCollection' (requirement specified as 'Value' : 'RelationshipCollection')[0;0m
[0;36m1 |[0;0m protocol PersistentModel {
[0;36m2 |[0;0m public func getValue<Value, OtherModel>(forKey: KeyPath<Self, Value>) -> Value where Value : RelationshipCollection, OtherModel == Value.PersistentElement}
  [0;36m|[0;0m             `- [1;39mnote: [1;39mcandidate requires that 'RiskLevel' conform to 'RelationshipCollection' (requirement specified as 'Value' : 'RelationshipCollection')[0;0m
[0;36m3 |[0;0m 

macro expansion @_PersistedProperty:13:18: [1;31merror: [1;39mno exact matches in call to instance method 'setValue'[0;0m
`- /Users/danielstevens/github-projects/tools-automation/MomentumFinance/Shared/RootFinancialInsightModels.swift:231:36: [1;39mnote: [1;39mexpanded code originates here[0;0m
[0;36m229 |[0;0m     public var actionRecommendations: [String]  // AI-generated action items
[0;36m230 |[0;0m     public var potentialSavings: Double?  // Estimated savings if action is taken
[0;36m231 |[0;0m     public var riskLevel: RiskLevel  // Associated risk level
[0;36m    +--- [0;0mmacro expansion @_PersistedProperty [0;36m---------------------------[0;0m
[0;36m    |[0;0m[0;36m11 |[0;0m     set {
[0;36m    |[0;0m[0;36m12 |[0;0m         _$observationRegistrar.withMutation(of: self, keyPath: \.riskLevel) {
[0;36m    |[0;0m[0;36m13 |[0;0m             self.setValue(forKey: \.riskLevel, to: newValue)
[0;36m    |[0;0m   [0;36m|[0;0m                  `- [1;31merror: [1;39mno exact matches in call to instance method 'setValue'[0;0m
[0;36m    |[0;0m[0;36m14 |[0;0m         }
[0;36m    |[0;0m[0;36m15 |[0;0m     }
[0;36m    +----------------------------------------[0;0m[0;36m---------------------------[0;0m
[0;36m232 |[0;0m     public var aiAnalysisVersion: String  // Version of AI model used for analysis
[0;36m233 |[0;0m     public var contextualTags: [String]  // Tags for better categorization

SwiftData.PersistentModel.setValue:2:13: [1;39mnote: [1;39mcandidate requires that 'RiskLevel' conform to 'PersistentModel' (requirement specified as 'Value' : 'PersistentModel')[0;0m
[0;36m1 |[0;0m protocol PersistentModel {
[0;36m2 |[0;0m public func setValue<Value>(forKey: KeyPath<Self, Value>, to newValue: Value) where Value : PersistentModel}
  [0;36m|[0;0m             `- [1;39mnote: [1;39mcandidate requires that 'RiskLevel' conform to 'PersistentModel' (requirement specified as 'Value' : 'PersistentModel')[0;0m
[0;36m3 |[0;0m 

SwiftData.PersistentModel.setValue:2:13: [1;39mnote: [1;39mcandidate requires that 'RiskLevel' conform to 'RelationshipCollection' (requirement specified as 'Value' : 'RelationshipCollection')[0;0m
[0;36m1 |[0;0m protocol PersistentModel {
[0;36m2 |[0;0m public func setValue<Value, OtherModel>(forKey: KeyPath<Self, Value>, to newValue: Value) where Value : RelationshipCollection, OtherModel == Value.PersistentElement}
  [0;36m|[0;0m             `- [1;39mnote: [1;39mcandidate requires that 'RiskLevel' conform to 'RelationshipCollection' (requirement specified as 'Value' : 'RelationshipCollection')[0;0m
[0;36m3 |[0;0m 

/Users/danielstevens/github-projects/tools-automation/MomentumFinance/Shared/Services/FinancialServices.swift:123:19: [1;33mwarning: [1;39mvalue 'columnName' was defined but never used; consider replacing with boolean test[0;0m [#no-usage]
[0;36m121 |[0;0m 
[0;36m122 |[0;0m     private func getColumnIndex(for columnName: String?, in _: [String]) -> Int? {
[0;36m123 |[0;0m         guard let columnName else { return nil }
    [0;36m|[0;0m                   `- [1;33mwarning: [1;39mvalue 'columnName' was defined but never used; consider replacing with boolean test[0;0m [#no-usage]
[0;36m124 |[0;0m         // This is a simplified implementation - in a real app you'd have proper CSV parsing
[0;36m125 |[0;0m         return 0  // Placeholder
[115/148] Compiling Shared ComponentColorDefinitions.swift
macro expansion @_PersistedProperty:4:23: [1;31merror: [1;39mno exact matches in call to instance method 'setValue'[0;0m
`- /Users/danielstevens/github-projects/tools-automation/MomentumFinance/Shared/RootFinancialInsightModels.swift:216:41: [1;39mnote: [1;39mexpanded code originates here[0;0m
[0;36m214 |[0;0m     public var title: String
[0;36m215 |[0;0m     public var insightDescription: String  // Renamed from 'description' to avoid SwiftData conflict
[0;36m216 |[0;0m     public var priority: InsightPriority
[0;36m    +--- [0;0mmacro expansion @_PersistedProperty [0;36m---------------------------[0;0m
[0;36m    |[0;0m [0;36m2 |[0;0m     @storageRestrictions(accesses: _$backingData, initializes: _priority)
[0;36m    |[0;0m [0;36m3 |[0;0m     init(initialValue) {
[0;36m    |[0;0m [0;36m4 |[0;0m         _$backingData.setValue(forKey: \.priority, to: initialValue)
[0;36m    |[0;0m   [0;36m|[0;0m                       `- [1;31merror: [1;39mno exact matches in call to instance method 'setValue'[0;0m
[0;36m    |[0;0m [0;36m5 |[0;0m         _priority = _SwiftDataNoType()
[0;36m    |[0;0m [0;36m6 |[0;0m     }
[0;36m    +----------------------------------------[0;0m[0;36m---------------------------[0;0m
[0;36m217 |[0;0m     public var type: InsightType
[0;36m218 |[0;0m     public var confidence: Double  // 0.0 to 1.0

SwiftData.BackingData.setValue:2:6: [1;39mnote: [1;39mcandidate requires that 'InsightPriority' conform to 'PersistentModel' (requirement specified as 'Value' : 'PersistentModel')[0;0m
[0;36m1 |[0;0m protocol BackingData {
[0;36m2 |[0;0m func setValue<Value>(forKey: KeyPath<Self.Model, Value>, to newValue: Value) where Value : PersistentModel}
  [0;36m|[0;0m      `- [1;39mnote: [1;39mcandidate requires that 'InsightPriority' conform to 'PersistentModel' (requirement specified as 'Value' : 'PersistentModel')[0;0m
[0;36m3 |[0;0m 

SwiftData.BackingData.setValue:2:6: [1;39mnote: [1;39mcandidate requires that 'InsightPriority' conform to 'RelationshipCollection' (requirement specified as 'Value' : 'RelationshipCollection')[0;0m
[0;36m1 |[0;0m protocol BackingData {
[0;36m2 |[0;0m func setValue<Value, OtherModel>(forKey: KeyPath<Self.Model, Value>, to newValue: Value) where Value : RelationshipCollection, OtherModel == Value.PersistentElement}
  [0;36m|[0;0m      `- [1;39mnote: [1;39mcandidate requires that 'InsightPriority' conform to 'RelationshipCollection' (requirement specified as 'Value' : 'RelationshipCollection')[0;0m
[0;36m3 |[0;0m 

macro expansion @_PersistedProperty:9:21: [1;31merror: [1;39mno exact matches in call to instance method 'getValue'[0;0m
`- /Users/danielstevens/github-projects/tools-automation/MomentumFinance/Shared/RootFinancialInsightModels.swift:216:41: [1;39mnote: [1;39mexpanded code originates here[0;0m
[0;36m214 |[0;0m     public var title: String
[0;36m215 |[0;0m     public var insightDescription: String  // Renamed from 'description' to avoid SwiftData conflict
[0;36m216 |[0;0m     public var priority: InsightPriority
[0;36m    +--- [0;0mmacro expansion @_PersistedProperty [0;36m---------------------------[0;0m
[0;36m    |[0;0m [0;36m7 |[0;0m     get {
[0;36m    |[0;0m [0;36m8 |[0;0m         _$observationRegistrar.access(self, keyPath: \.priority)
[0;36m    |[0;0m [0;36m9 |[0;0m         return self.getValue(forKey: \.priority)
[0;36m    |[0;0m   [0;36m|[0;0m                     `- [1;31merror: [1;39mno exact matches in call to instance method 'getValue'[0;0m
[0;36m    |[0;0m[0;36m10 |[0;0m     }
[0;36m    |[0;0m[0;36m11 |[0;0m     set {
[0;36m    +----------------------------------------[0;0m[0;36m---------------------------[0;0m
[0;36m217 |[0;0m     public var type: InsightType
[0;36m218 |[0;0m     public var confidence: Double  // 0.0 to 1.0

SwiftData.PersistentModel.getValue:2:13: [1;39mnote: [1;39mcandidate requires that 'InsightPriority' conform to 'PersistentModel' (requirement specified as 'Value' : 'PersistentModel')[0;0m
[0;36m1 |[0;0m protocol PersistentModel {
[0;36m2 |[0;0m public func getValue<Value>(forKey: KeyPath<Self, Value>) -> Value where Value : PersistentModel}
  [0;36m|[0;0m             `- [1;39mnote: [1;39mcandidate requires that 'InsightPriority' conform to 'PersistentModel' (requirement specified as 'Value' : 'PersistentModel')[0;0m
[0;36m3 |[0;0m 

SwiftData.PersistentModel.getValue:2:13: [1;39mnote: [1;39mcandidate requires that 'InsightPriority' conform to 'RelationshipCollection' (requirement specified as 'Value' : 'RelationshipCollection')[0;0m
[0;36m1 |[0;0m protocol PersistentModel {
[0;36m2 |[0;0m public func getValue<Value, OtherModel>(forKey: KeyPath<Self, Value>) -> Value where Value : RelationshipCollection, OtherModel == Value.PersistentElement}
  [0;36m|[0;0m             `- [1;39mnote: [1;39mcandidate requires that 'InsightPriority' conform to 'RelationshipCollection' (requirement specified as 'Value' : 'RelationshipCollection')[0;0m
[0;36m3 |[0;0m 

macro expansion @_PersistedProperty:13:18: [1;31merror: [1;39mno exact matches in call to instance method 'setValue'[0;0m
`- /Users/danielstevens/github-projects/tools-automation/MomentumFinance/Shared/RootFinancialInsightModels.swift:216:41: [1;39mnote: [1;39mexpanded code originates here[0;0m
[0;36m214 |[0;0m     public var title: String
[0;36m215 |[0;0m     public var insightDescription: String  // Renamed from 'description' to avoid SwiftData conflict
[0;36m216 |[0;0m     public var priority: InsightPriority
[0;36m    +--- [0;0mmacro expansion @_PersistedProperty [0;36m---------------------------[0;0m
[0;36m    |[0;0m[0;36m11 |[0;0m     set {
[0;36m    |[0;0m[0;36m12 |[0;0m         _$observationRegistrar.withMutation(of: self, keyPath: \.priority) {
[0;36m    |[0;0m[0;36m13 |[0;0m             self.setValue(forKey: \.priority, to: newValue)
[0;36m    |[0;0m   [0;36m|[0;0m                  `- [1;31merror: [1;39mno exact matches in call to instance method 'setValue'[0;0m
[0;36m    |[0;0m[0;36m14 |[0;0m         }
[0;36m    |[0;0m[0;36m15 |[0;0m     }
[0;36m    +----------------------------------------[0;0m[0;36m---------------------------[0;0m
[0;36m217 |[0;0m     public var type: InsightType
[0;36m218 |[0;0m     public var confidence: Double  // 0.0 to 1.0

SwiftData.PersistentModel.setValue:2:13: [1;39mnote: [1;39mcandidate requires that 'InsightPriority' conform to 'PersistentModel' (requirement specified as 'Value' : 'PersistentModel')[0;0m
[0;36m1 |[0;0m protocol PersistentModel {
[0;36m2 |[0;0m public func setValue<Value>(forKey: KeyPath<Self, Value>, to newValue: Value) where Value : PersistentModel}
  [0;36m|[0;0m             `- [1;39mnote: [1;39mcandidate requires that 'InsightPriority' conform to 'PersistentModel' (requirement specified as 'Value' : 'PersistentModel')[0;0m
[0;36m3 |[0;0m 

SwiftData.PersistentModel.setValue:2:13: [1;39mnote: [1;39mcandidate requires that 'InsightPriority' conform to 'RelationshipCollection' (requirement specified as 'Value' : 'RelationshipCollection')[0;0m
[0;36m1 |[0;0m protocol PersistentModel {
[0;36m2 |[0;0m public func setValue<Value, OtherModel>(forKey: KeyPath<Self, Value>, to newValue: Value) where Value : RelationshipCollection, OtherModel == Value.PersistentElement}
  [0;36m|[0;0m             `- [1;39mnote: [1;39mcandidate requires that 'InsightPriority' conform to 'RelationshipCollection' (requirement specified as 'Value' : 'RelationshipCollection')[0;0m
[0;36m3 |[0;0m 

macro expansion @_PersistedProperty:4:23: [1;31merror: [1;39mno exact matches in call to instance method 'setValue'[0;0m
`- /Users/danielstevens/github-projects/tools-automation/MomentumFinance/Shared/RootFinancialInsightModels.swift:217:33: [1;39mnote: [1;39mexpanded code originates here[0;0m
[0;36m215 |[0;0m     public var insightDescription: String  // Renamed from 'description' to avoid SwiftData conflict
[0;36m216 |[0;0m     public var priority: InsightPriority
[0;36m217 |[0;0m     public var type: InsightType
[0;36m    +--- [0;0mmacro expansion @_PersistedProperty [0;36m---------------------------[0;0m
[0;36m    |[0;0m [0;36m2 |[0;0m     @storageRestrictions(accesses: _$backingData, initializes: _type)
[0;36m    |[0;0m [0;36m3 |[0;0m     init(initialValue) {
[0;36m    |[0;0m [0;36m4 |[0;0m         _$backingData.setValue(forKey: \.type, to: initialValue)
[0;36m    |[0;0m   [0;36m|[0;0m                       `- [1;31merror: [1;39mno exact matches in call to instance method 'setValue'[0;0m
[0;36m    |[0;0m [0;36m5 |[0;0m         _type = _SwiftDataNoType()
[0;36m    |[0;0m [0;36m6 |[0;0m     }
[0;36m    +----------------------------------------[0;0m[0;36m---------------------------[0;0m
[0;36m218 |[0;0m     public var confidence: Double  // 0.0 to 1.0
[0;36m219 |[0;0m     public var createdAt: Date

SwiftData.BackingData.setValue:2:6: [1;39mnote: [1;39mcandidate requires that 'InsightType' conform to 'PersistentModel' (requirement specified as 'Value' : 'PersistentModel')[0;0m
[0;36m1 |[0;0m protocol BackingData {
[0;36m2 |[0;0m func setValue<Value>(forKey: KeyPath<Self.Model, Value>, to newValue: Value) where Value : PersistentModel}
  [0;36m|[0;0m      `- [1;39mnote: [1;39mcandidate requires that 'InsightType' conform to 'PersistentModel' (requirement specified as 'Value' : 'PersistentModel')[0;0m
[0;36m3 |[0;0m 

SwiftData.BackingData.setValue:2:6: [1;39mnote: [1;39mcandidate requires that 'InsightType' conform to 'RelationshipCollection' (requirement specified as 'Value' : 'RelationshipCollection')[0;0m
[0;36m1 |[0;0m protocol BackingData {
[0;36m2 |[0;0m func setValue<Value, OtherModel>(forKey: KeyPath<Self.Model, Value>, to newValue: Value) where Value : RelationshipCollection, OtherModel == Value.PersistentElement}
  [0;36m|[0;0m      `- [1;39mnote: [1;39mcandidate requires that 'InsightType' conform to 'RelationshipCollection' (requirement specified as 'Value' : 'RelationshipCollection')[0;0m
[0;36m3 |[0;0m 

macro expansion @_PersistedProperty:9:21: [1;31merror: [1;39mno exact matches in call to instance method 'getValue'[0;0m
`- /Users/danielstevens/github-projects/tools-automation/MomentumFinance/Shared/RootFinancialInsightModels.swift:217:33: [1;39mnote: [1;39mexpanded code originates here[0;0m
[0;36m215 |[0;0m     public var insightDescription: String  // Renamed from 'description' to avoid SwiftData conflict
[0;36m216 |[0;0m     public var priority: InsightPriority
[0;36m217 |[0;0m     public var type: InsightType
[0;36m    +--- [0;0mmacro expansion @_PersistedProperty [0;36m---------------------------[0;0m
[0;36m    |[0;0m [0;36m7 |[0;0m     get {
[0;36m    |[0;0m [0;36m8 |[0;0m         _$observationRegistrar.access(self, keyPath: \.type)
[0;36m    |[0;0m [0;36m9 |[0;0m         return self.getValue(forKey: \.type)
[0;36m    |[0;0m   [0;36m|[0;0m                     `- [1;31merror: [1;39mno exact matches in call to instance method 'getValue'[0;0m
[0;36m    |[0;0m[0;36m10 |[0;0m     }
[0;36m    |[0;0m[0;36m11 |[0;0m     set {
[0;36m    +----------------------------------------[0;0m[0;36m---------------------------[0;0m
[0;36m218 |[0;0m     public var confidence: Double  // 0.0 to 1.0
[0;36m219 |[0;0m     public var createdAt: Date

SwiftData.PersistentModel.getValue:2:13: [1;39mnote: [1;39mcandidate requires that 'InsightType' conform to 'PersistentModel' (requirement specified as 'Value' : 'PersistentModel')[0;0m
[0;36m1 |[0;0m protocol PersistentModel {
[0;36m2 |[0;0m public func getValue<Value>(forKey: KeyPath<Self, Value>) -> Value where Value : PersistentModel}
  [0;36m|[0;0m             `- [1;39mnote: [1;39mcandidate requires that 'InsightType' conform to 'PersistentModel' (requirement specified as 'Value' : 'PersistentModel')[0;0m
[0;36m3 |[0;0m 

SwiftData.PersistentModel.getValue:2:13: [1;39mnote: [1;39mcandidate requires that 'InsightType' conform to 'RelationshipCollection' (requirement specified as 'Value' : 'RelationshipCollection')[0;0m
[0;36m1 |[0;0m protocol PersistentModel {
[0;36m2 |[0;0m public func getValue<Value, OtherModel>(forKey: KeyPath<Self, Value>) -> Value where Value : RelationshipCollection, OtherModel == Value.PersistentElement}
  [0;36m|[0;0m             `- [1;39mnote: [1;39mcandidate requires that 'InsightType' conform to 'RelationshipCollection' (requirement specified as 'Value' : 'RelationshipCollection')[0;0m
[0;36m3 |[0;0m 

macro expansion @_PersistedProperty:13:18: [1;31merror: [1;39mno exact matches in call to instance method 'setValue'[0;0m
`- /Users/danielstevens/github-projects/tools-automation/MomentumFinance/Shared/RootFinancialInsightModels.swift:217:33: [1;39mnote: [1;39mexpanded code originates here[0;0m
[0;36m215 |[0;0m     public var insightDescription: String  // Renamed from 'description' to avoid SwiftData conflict
[0;36m216 |[0;0m     public var priority: InsightPriority
[0;36m217 |[0;0m     public var type: InsightType
[0;36m    +--- [0;0mmacro expansion @_PersistedProperty [0;36m---------------------------[0;0m
[0;36m    |[0;0m[0;36m11 |[0;0m     set {
[0;36m    |[0;0m[0;36m12 |[0;0m         _$observationRegistrar.withMutation(of: self, keyPath: \.type) {
[0;36m    |[0;0m[0;36m13 |[0;0m             self.setValue(forKey: \.type, to: newValue)
[0;36m    |[0;0m   [0;36m|[0;0m                  `- [1;31merror: [1;39mno exact matches in call to instance method 'setValue'[0;0m
[0;36m    |[0;0m[0;36m14 |[0;0m         }
[0;36m    |[0;0m[0;36m15 |[0;0m     }
[0;36m    +----------------------------------------[0;0m[0;36m---------------------------[0;0m
[0;36m218 |[0;0m     public var confidence: Double  // 0.0 to 1.0
[0;36m219 |[0;0m     public var createdAt: Date

SwiftData.PersistentModel.setValue:2:13: [1;39mnote: [1;39mcandidate requires that 'InsightType' conform to 'PersistentModel' (requirement specified as 'Value' : 'PersistentModel')[0;0m
[0;36m1 |[0;0m protocol PersistentModel {
[0;36m2 |[0;0m public func setValue<Value>(forKey: KeyPath<Self, Value>, to newValue: Value) where Value : PersistentModel}
  [0;36m|[0;0m             `- [1;39mnote: [1;39mcandidate requires that 'InsightType' conform to 'PersistentModel' (requirement specified as 'Value' : 'PersistentModel')[0;0m
[0;36m3 |[0;0m 

SwiftData.PersistentModel.setValue:2:13: [1;39mnote: [1;39mcandidate requires that 'InsightType' conform to 'RelationshipCollection' (requirement specified as 'Value' : 'RelationshipCollection')[0;0m
[0;36m1 |[0;0m protocol PersistentModel {
[0;36m2 |[0;0m public func setValue<Value, OtherModel>(forKey: KeyPath<Self, Value>, to newValue: Value) where Value : RelationshipCollection, OtherModel == Value.PersistentElement}
  [0;36m|[0;0m             `- [1;39mnote: [1;39mcandidate requires that 'InsightType' conform to 'RelationshipCollection' (requirement specified as 'Value' : 'RelationshipCollection')[0;0m
[0;36m3 |[0;0m 

macro expansion @_PersistedProperty:4:23: [1;31merror: [1;39mno exact matches in call to instance method 'setValue'[0;0m
`- /Users/danielstevens/github-projects/tools-automation/MomentumFinance/Shared/RootFinancialInsightModels.swift:231:36: [1;39mnote: [1;39mexpanded code originates here[0;0m
[0;36m229 |[0;0m     public var actionRecommendations: [String]  // AI-generated action items
[0;36m230 |[0;0m     public var potentialSavings: Double?  // Estimated savings if action is taken
[0;36m231 |[0;0m     public var riskLevel: RiskLevel  // Associated risk level
[0;36m    +--- [0;0mmacro expansion @_PersistedProperty [0;36m---------------------------[0;0m
[0;36m    |[0;0m [0;36m2 |[0;0m     @storageRestrictions(accesses: _$backingData, initializes: _riskLevel)
[0;36m    |[0;0m [0;36m3 |[0;0m     init(initialValue) {
[0;36m    |[0;0m [0;36m4 |[0;0m         _$backingData.setValue(forKey: \.riskLevel, to: initialValue)
[0;36m    |[0;0m   [0;36m|[0;0m                       `- [1;31merror: [1;39mno exact matches in call to instance method 'setValue'[0;0m
[0;36m    |[0;0m [0;36m5 |[0;0m         _riskLevel = _SwiftDataNoType()
[0;36m    |[0;0m [0;36m6 |[0;0m     }
[0;36m    +----------------------------------------[0;0m[0;36m---------------------------[0;0m
[0;36m232 |[0;0m     public var aiAnalysisVersion: String  // Version of AI model used for analysis
[0;36m233 |[0;0m     public var contextualTags: [String]  // Tags for better categorization

SwiftData.BackingData.setValue:2:6: [1;39mnote: [1;39mcandidate requires that 'RiskLevel' conform to 'PersistentModel' (requirement specified as 'Value' : 'PersistentModel')[0;0m
[0;36m1 |[0;0m protocol BackingData {
[0;36m2 |[0;0m func setValue<Value>(forKey: KeyPath<Self.Model, Value>, to newValue: Value) where Value : PersistentModel}
  [0;36m|[0;0m      `- [1;39mnote: [1;39mcandidate requires that 'RiskLevel' conform to 'PersistentModel' (requirement specified as 'Value' : 'PersistentModel')[0;0m
[0;36m3 |[0;0m 

SwiftData.BackingData.setValue:2:6: [1;39mnote: [1;39mcandidate requires that 'RiskLevel' conform to 'RelationshipCollection' (requirement specified as 'Value' : 'RelationshipCollection')[0;0m
[0;36m1 |[0;0m protocol BackingData {
[0;36m2 |[0;0m func setValue<Value, OtherModel>(forKey: KeyPath<Self.Model, Value>, to newValue: Value) where Value : RelationshipCollection, OtherModel == Value.PersistentElement}
  [0;36m|[0;0m      `- [1;39mnote: [1;39mcandidate requires that 'RiskLevel' conform to 'RelationshipCollection' (requirement specified as 'Value' : 'RelationshipCollection')[0;0m
[0;36m3 |[0;0m 

macro expansion @_PersistedProperty:9:21: [1;31merror: [1;39mno exact matches in call to instance method 'getValue'[0;0m
`- /Users/danielstevens/github-projects/tools-automation/MomentumFinance/Shared/RootFinancialInsightModels.swift:231:36: [1;39mnote: [1;39mexpanded code originates here[0;0m
[0;36m229 |[0;0m     public var actionRecommendations: [String]  // AI-generated action items
[0;36m230 |[0;0m     public var potentialSavings: Double?  // Estimated savings if action is taken
[0;36m231 |[0;0m     public var riskLevel: RiskLevel  // Associated risk level
[0;36m    +--- [0;0mmacro expansion @_PersistedProperty [0;36m---------------------------[0;0m
[0;36m    |[0;0m [0;36m7 |[0;0m     get {
[0;36m    |[0;0m [0;36m8 |[0;0m         _$observationRegistrar.access(self, keyPath: \.riskLevel)
[0;36m    |[0;0m [0;36m9 |[0;0m         return self.getValue(forKey: \.riskLevel)
[0;36m    |[0;0m   [0;36m|[0;0m                     `- [1;31merror: [1;39mno exact matches in call to instance method 'getValue'[0;0m
[0;36m    |[0;0m[0;36m10 |[0;0m     }
[0;36m    |[0;0m[0;36m11 |[0;0m     set {
[0;36m    +----------------------------------------[0;0m[0;36m---------------------------[0;0m
[0;36m232 |[0;0m     public var aiAnalysisVersion: String  // Version of AI model used for analysis
[0;36m233 |[0;0m     public var contextualTags: [String]  // Tags for better categorization

SwiftData.PersistentModel.getValue:2:13: [1;39mnote: [1;39mcandidate requires that 'RiskLevel' conform to 'PersistentModel' (requirement specified as 'Value' : 'PersistentModel')[0;0m
[0;36m1 |[0;0m protocol PersistentModel {
[0;36m2 |[0;0m public func getValue<Value>(forKey: KeyPath<Self, Value>) -> Value where Value : PersistentModel}
  [0;36m|[0;0m             `- [1;39mnote: [1;39mcandidate requires that 'RiskLevel' conform to 'PersistentModel' (requirement specified as 'Value' : 'PersistentModel')[0;0m
[0;36m3 |[0;0m 

SwiftData.PersistentModel.getValue:2:13: [1;39mnote: [1;39mcandidate requires that 'RiskLevel' conform to 'RelationshipCollection' (requirement specified as 'Value' : 'RelationshipCollection')[0;0m
[0;36m1 |[0;0m protocol PersistentModel {
[0;36m2 |[0;0m public func getValue<Value, OtherModel>(forKey: KeyPath<Self, Value>) -> Value where Value : RelationshipCollection, OtherModel == Value.PersistentElement}
  [0;36m|[0;0m             `- [1;39mnote: [1;39mcandidate requires that 'RiskLevel' conform to 'RelationshipCollection' (requirement specified as 'Value' : 'RelationshipCollection')[0;0m
[0;36m3 |[0;0m 

macro expansion @_PersistedProperty:13:18: [1;31merror: [1;39mno exact matches in call to instance method 'setValue'[0;0m
`- /Users/danielstevens/github-projects/tools-automation/MomentumFinance/Shared/RootFinancialInsightModels.swift:231:36: [1;39mnote: [1;39mexpanded code originates here[0;0m
[0;36m229 |[0;0m     public var actionRecommendations: [String]  // AI-generated action items
[0;36m230 |[0;0m     public var potentialSavings: Double?  // Estimated savings if action is taken
[0;36m231 |[0;0m     public var riskLevel: RiskLevel  // Associated risk level
[0;36m    +--- [0;0mmacro expansion @_PersistedProperty [0;36m---------------------------[0;0m
[0;36m    |[0;0m[0;36m11 |[0;0m     set {
[0;36m    |[0;0m[0;36m12 |[0;0m         _$observationRegistrar.withMutation(of: self, keyPath: \.riskLevel) {
[0;36m    |[0;0m[0;36m13 |[0;0m             self.setValue(forKey: \.riskLevel, to: newValue)
[0;36m    |[0;0m   [0;36m|[0;0m                  `- [1;31merror: [1;39mno exact matches in call to instance method 'setValue'[0;0m
[0;36m    |[0;0m[0;36m14 |[0;0m         }
[0;36m    |[0;0m[0;36m15 |[0;0m     }
[0;36m    +----------------------------------------[0;0m[0;36m---------------------------[0;0m
[0;36m232 |[0;0m     public var aiAnalysisVersion: String  // Version of AI model used for analysis
[0;36m233 |[0;0m     public var contextualTags: [String]  // Tags for better categorization

SwiftData.PersistentModel.setValue:2:13: [1;39mnote: [1;39mcandidate requires that 'RiskLevel' conform to 'PersistentModel' (requirement specified as 'Value' : 'PersistentModel')[0;0m
[0;36m1 |[0;0m protocol PersistentModel {
[0;36m2 |[0;0m public func setValue<Value>(forKey: KeyPath<Self, Value>, to newValue: Value) where Value : PersistentModel}
  [0;36m|[0;0m             `- [1;39mnote: [1;39mcandidate requires that 'RiskLevel' conform to 'PersistentModel' (requirement specified as 'Value' : 'PersistentModel')[0;0m
[0;36m3 |[0;0m 

SwiftData.PersistentModel.setValue:2:13: [1;39mnote: [1;39mcandidate requires that 'RiskLevel' conform to 'RelationshipCollection' (requirement specified as 'Value' : 'RelationshipCollection')[0;0m
[0;36m1 |[0;0m protocol PersistentModel {
[0;36m2 |[0;0m public func setValue<Value, OtherModel>(forKey: KeyPath<Self, Value>, to newValue: Value) where Value : RelationshipCollection, OtherModel == Value.PersistentElement}
  [0;36m|[0;0m             `- [1;39mnote: [1;39mcandidate requires that 'RiskLevel' conform to 'RelationshipCollection' (requirement specified as 'Value' : 'RelationshipCollection')[0;0m
[0;36m3 |[0;0m 

/Users/danielstevens/github-projects/tools-automation/MomentumFinance/Shared/Services/FinancialServices.swift:123:19: [1;33mwarning: [1;39mvalue 'columnName' was defined but never used; consider replacing with boolean test[0;0m [#no-usage]
[0;36m121 |[0;0m 
[0;36m122 |[0;0m     private func getColumnIndex(for columnName: String?, in _: [String]) -> Int? {
[0;36m123 |[0;0m         guard let columnName else { return nil }
    [0;36m|[0;0m                   `- [1;33mwarning: [1;39mvalue 'columnName' was defined but never used; consider replacing with boolean test[0;0m [#no-usage]
[0;36m124 |[0;0m         // This is a simplified implementation - in a real app you'd have proper CSV parsing
[0;36m125 |[0;0m         return 0  // Placeholder
[116/148] Compiling Shared ComponentThemeEnums.swift
macro expansion @_PersistedProperty:4:23: [1;31merror: [1;39mno exact matches in call to instance method 'setValue'[0;0m
`- /Users/danielstevens/github-projects/tools-automation/MomentumFinance/Shared/RootFinancialInsightModels.swift:216:41: [1;39mnote: [1;39mexpanded code originates here[0;0m
[0;36m214 |[0;0m     public var title: String
[0;36m215 |[0;0m     public var insightDescription: String  // Renamed from 'description' to avoid SwiftData conflict
[0;36m216 |[0;0m     public var priority: InsightPriority
[0;36m    +--- [0;0mmacro expansion @_PersistedProperty [0;36m---------------------------[0;0m
[0;36m    |[0;0m [0;36m2 |[0;0m     @storageRestrictions(accesses: _$backingData, initializes: _priority)
[0;36m    |[0;0m [0;36m3 |[0;0m     init(initialValue) {
[0;36m    |[0;0m [0;36m4 |[0;0m         _$backingData.setValue(forKey: \.priority, to: initialValue)
[0;36m    |[0;0m   [0;36m|[0;0m                       `- [1;31merror: [1;39mno exact matches in call to instance method 'setValue'[0;0m
[0;36m    |[0;0m [0;36m5 |[0;0m         _priority = _SwiftDataNoType()
[0;36m    |[0;0m [0;36m6 |[0;0m     }
[0;36m    +----------------------------------------[0;0m[0;36m---------------------------[0;0m
[0;36m217 |[0;0m     public var type: InsightType
[0;36m218 |[0;0m     public var confidence: Double  // 0.0 to 1.0

SwiftData.BackingData.setValue:2:6: [1;39mnote: [1;39mcandidate requires that 'InsightPriority' conform to 'PersistentModel' (requirement specified as 'Value' : 'PersistentModel')[0;0m
[0;36m1 |[0;0m protocol BackingData {
[0;36m2 |[0;0m func setValue<Value>(forKey: KeyPath<Self.Model, Value>, to newValue: Value) where Value : PersistentModel}
  [0;36m|[0;0m      `- [1;39mnote: [1;39mcandidate requires that 'InsightPriority' conform to 'PersistentModel' (requirement specified as 'Value' : 'PersistentModel')[0;0m
[0;36m3 |[0;0m 

SwiftData.BackingData.setValue:2:6: [1;39mnote: [1;39mcandidate requires that 'InsightPriority' conform to 'RelationshipCollection' (requirement specified as 'Value' : 'RelationshipCollection')[0;0m
[0;36m1 |[0;0m protocol BackingData {
[0;36m2 |[0;0m func setValue<Value, OtherModel>(forKey: KeyPath<Self.Model, Value>, to newValue: Value) where Value : RelationshipCollection, OtherModel == Value.PersistentElement}
  [0;36m|[0;0m      `- [1;39mnote: [1;39mcandidate requires that 'InsightPriority' conform to 'RelationshipCollection' (requirement specified as 'Value' : 'RelationshipCollection')[0;0m
[0;36m3 |[0;0m 

macro expansion @_PersistedProperty:9:21: [1;31merror: [1;39mno exact matches in call to instance method 'getValue'[0;0m
`- /Users/danielstevens/github-projects/tools-automation/MomentumFinance/Shared/RootFinancialInsightModels.swift:216:41: [1;39mnote: [1;39mexpanded code originates here[0;0m
[0;36m214 |[0;0m     public var title: String
[0;36m215 |[0;0m     public var insightDescription: String  // Renamed from 'description' to avoid SwiftData conflict
[0;36m216 |[0;0m     public var priority: InsightPriority
[0;36m    +--- [0;0mmacro expansion @_PersistedProperty [0;36m---------------------------[0;0m
[0;36m    |[0;0m [0;36m7 |[0;0m     get {
[0;36m    |[0;0m [0;36m8 |[0;0m         _$observationRegistrar.access(self, keyPath: \.priority)
[0;36m    |[0;0m [0;36m9 |[0;0m         return self.getValue(forKey: \.priority)
[0;36m    |[0;0m   [0;36m|[0;0m                     `- [1;31merror: [1;39mno exact matches in call to instance method 'getValue'[0;0m
[0;36m    |[0;0m[0;36m10 |[0;0m     }
[0;36m    |[0;0m[0;36m11 |[0;0m     set {
[0;36m    +----------------------------------------[0;0m[0;36m---------------------------[0;0m
[0;36m217 |[0;0m     public var type: InsightType
[0;36m218 |[0;0m     public var confidence: Double  // 0.0 to 1.0

SwiftData.PersistentModel.getValue:2:13: [1;39mnote: [1;39mcandidate requires that 'InsightPriority' conform to 'PersistentModel' (requirement specified as 'Value' : 'PersistentModel')[0;0m
[0;36m1 |[0;0m protocol PersistentModel {
[0;36m2 |[0;0m public func getValue<Value>(forKey: KeyPath<Self, Value>) -> Value where Value : PersistentModel}
  [0;36m|[0;0m             `- [1;39mnote: [1;39mcandidate requires that 'InsightPriority' conform to 'PersistentModel' (requirement specified as 'Value' : 'PersistentModel')[0;0m
[0;36m3 |[0;0m 

SwiftData.PersistentModel.getValue:2:13: [1;39mnote: [1;39mcandidate requires that 'InsightPriority' conform to 'RelationshipCollection' (requirement specified as 'Value' : 'RelationshipCollection')[0;0m
[0;36m1 |[0;0m protocol PersistentModel {
[0;36m2 |[0;0m public func getValue<Value, OtherModel>(forKey: KeyPath<Self, Value>) -> Value where Value : RelationshipCollection, OtherModel == Value.PersistentElement}
  [0;36m|[0;0m             `- [1;39mnote: [1;39mcandidate requires that 'InsightPriority' conform to 'RelationshipCollection' (requirement specified as 'Value' : 'RelationshipCollection')[0;0m
[0;36m3 |[0;0m 

macro expansion @_PersistedProperty:13:18: [1;31merror: [1;39mno exact matches in call to instance method 'setValue'[0;0m
`- /Users/danielstevens/github-projects/tools-automation/MomentumFinance/Shared/RootFinancialInsightModels.swift:216:41: [1;39mnote: [1;39mexpanded code originates here[0;0m
[0;36m214 |[0;0m     public var title: String
[0;36m215 |[0;0m     public var insightDescription: String  // Renamed from 'description' to avoid SwiftData conflict
[0;36m216 |[0;0m     public var priority: InsightPriority
[0;36m    +--- [0;0mmacro expansion @_PersistedProperty [0;36m---------------------------[0;0m
[0;36m    |[0;0m[0;36m11 |[0;0m     set {
[0;36m    |[0;0m[0;36m12 |[0;0m         _$observationRegistrar.withMutation(of: self, keyPath: \.priority) {
[0;36m    |[0;0m[0;36m13 |[0;0m             self.setValue(forKey: \.priority, to: newValue)
[0;36m    |[0;0m   [0;36m|[0;0m                  `- [1;31merror: [1;39mno exact matches in call to instance method 'setValue'[0;0m
[0;36m    |[0;0m[0;36m14 |[0;0m         }
[0;36m    |[0;0m[0;36m15 |[0;0m     }
[0;36m    +----------------------------------------[0;0m[0;36m---------------------------[0;0m
[0;36m217 |[0;0m     public var type: InsightType
[0;36m218 |[0;0m     public var confidence: Double  // 0.0 to 1.0

SwiftData.PersistentModel.setValue:2:13: [1;39mnote: [1;39mcandidate requires that 'InsightPriority' conform to 'PersistentModel' (requirement specified as 'Value' : 'PersistentModel')[0;0m
[0;36m1 |[0;0m protocol PersistentModel {
[0;36m2 |[0;0m public func setValue<Value>(forKey: KeyPath<Self, Value>, to newValue: Value) where Value : PersistentModel}
  [0;36m|[0;0m             `- [1;39mnote: [1;39mcandidate requires that 'InsightPriority' conform to 'PersistentModel' (requirement specified as 'Value' : 'PersistentModel')[0;0m
[0;36m3 |[0;0m 

SwiftData.PersistentModel.setValue:2:13: [1;39mnote: [1;39mcandidate requires that 'InsightPriority' conform to 'RelationshipCollection' (requirement specified as 'Value' : 'RelationshipCollection')[0;0m
[0;36m1 |[0;0m protocol PersistentModel {
[0;36m2 |[0;0m public func setValue<Value, OtherModel>(forKey: KeyPath<Self, Value>, to newValue: Value) where Value : RelationshipCollection, OtherModel == Value.PersistentElement}
  [0;36m|[0;0m             `- [1;39mnote: [1;39mcandidate requires that 'InsightPriority' conform to 'RelationshipCollection' (requirement specified as 'Value' : 'RelationshipCollection')[0;0m
[0;36m3 |[0;0m 

macro expansion @_PersistedProperty:4:23: [1;31merror: [1;39mno exact matches in call to instance method 'setValue'[0;0m
`- /Users/danielstevens/github-projects/tools-automation/MomentumFinance/Shared/RootFinancialInsightModels.swift:217:33: [1;39mnote: [1;39mexpanded code originates here[0;0m
[0;36m215 |[0;0m     public var insightDescription: String  // Renamed from 'description' to avoid SwiftData conflict
[0;36m216 |[0;0m     public var priority: InsightPriority
[0;36m217 |[0;0m     public var type: InsightType
[0;36m    +--- [0;0mmacro expansion @_PersistedProperty [0;36m---------------------------[0;0m
[0;36m    |[0;0m [0;36m2 |[0;0m     @storageRestrictions(accesses: _$backingData, initializes: _type)
[0;36m    |[0;0m [0;36m3 |[0;0m     init(initialValue) {
[0;36m    |[0;0m [0;36m4 |[0;0m         _$backingData.setValue(forKey: \.type, to: initialValue)
[0;36m    |[0;0m   [0;36m|[0;0m                       `- [1;31merror: [1;39mno exact matches in call to instance method 'setValue'[0;0m
[0;36m    |[0;0m [0;36m5 |[0;0m         _type = _SwiftDataNoType()
[0;36m    |[0;0m [0;36m6 |[0;0m     }
[0;36m    +----------------------------------------[0;0m[0;36m---------------------------[0;0m
[0;36m218 |[0;0m     public var confidence: Double  // 0.0 to 1.0
[0;36m219 |[0;0m     public var createdAt: Date

SwiftData.BackingData.setValue:2:6: [1;39mnote: [1;39mcandidate requires that 'InsightType' conform to 'PersistentModel' (requirement specified as 'Value' : 'PersistentModel')[0;0m
[0;36m1 |[0;0m protocol BackingData {
[0;36m2 |[0;0m func setValue<Value>(forKey: KeyPath<Self.Model, Value>, to newValue: Value) where Value : PersistentModel}
  [0;36m|[0;0m      `- [1;39mnote: [1;39mcandidate requires that 'InsightType' conform to 'PersistentModel' (requirement specified as 'Value' : 'PersistentModel')[0;0m
[0;36m3 |[0;0m 

SwiftData.BackingData.setValue:2:6: [1;39mnote: [1;39mcandidate requires that 'InsightType' conform to 'RelationshipCollection' (requirement specified as 'Value' : 'RelationshipCollection')[0;0m
[0;36m1 |[0;0m protocol BackingData {
[0;36m2 |[0;0m func setValue<Value, OtherModel>(forKey: KeyPath<Self.Model, Value>, to newValue: Value) where Value : RelationshipCollection, OtherModel == Value.PersistentElement}
  [0;36m|[0;0m      `- [1;39mnote: [1;39mcandidate requires that 'InsightType' conform to 'RelationshipCollection' (requirement specified as 'Value' : 'RelationshipCollection')[0;0m
[0;36m3 |[0;0m 

macro expansion @_PersistedProperty:9:21: [1;31merror: [1;39mno exact matches in call to instance method 'getValue'[0;0m
`- /Users/danielstevens/github-projects/tools-automation/MomentumFinance/Shared/RootFinancialInsightModels.swift:217:33: [1;39mnote: [1;39mexpanded code originates here[0;0m
[0;36m215 |[0;0m     public var insightDescription: String  // Renamed from 'description' to avoid SwiftData conflict
[0;36m216 |[0;0m     public var priority: InsightPriority
[0;36m217 |[0;0m     public var type: InsightType
[0;36m    +--- [0;0mmacro expansion @_PersistedProperty [0;36m---------------------------[0;0m
[0;36m    |[0;0m [0;36m7 |[0;0m     get {
[0;36m    |[0;0m [0;36m8 |[0;0m         _$observationRegistrar.access(self, keyPath: \.type)
[0;36m    |[0;0m [0;36m9 |[0;0m         return self.getValue(forKey: \.type)
[0;36m    |[0;0m   [0;36m|[0;0m                     `- [1;31merror: [1;39mno exact matches in call to instance method 'getValue'[0;0m
[0;36m    |[0;0m[0;36m10 |[0;0m     }
[0;36m    |[0;0m[0;36m11 |[0;0m     set {
[0;36m    +----------------------------------------[0;0m[0;36m---------------------------[0;0m
[0;36m218 |[0;0m     public var confidence: Double  // 0.0 to 1.0
[0;36m219 |[0;0m     public var createdAt: Date

SwiftData.PersistentModel.getValue:2:13: [1;39mnote: [1;39mcandidate requires that 'InsightType' conform to 'PersistentModel' (requirement specified as 'Value' : 'PersistentModel')[0;0m
[0;36m1 |[0;0m protocol PersistentModel {
[0;36m2 |[0;0m public func getValue<Value>(forKey: KeyPath<Self, Value>) -> Value where Value : PersistentModel}
  [0;36m|[0;0m             `- [1;39mnote: [1;39mcandidate requires that 'InsightType' conform to 'PersistentModel' (requirement specified as 'Value' : 'PersistentModel')[0;0m
[0;36m3 |[0;0m 

SwiftData.PersistentModel.getValue:2:13: [1;39mnote: [1;39mcandidate requires that 'InsightType' conform to 'RelationshipCollection' (requirement specified as 'Value' : 'RelationshipCollection')[0;0m
[0;36m1 |[0;0m protocol PersistentModel {
[0;36m2 |[0;0m public func getValue<Value, OtherModel>(forKey: KeyPath<Self, Value>) -> Value where Value : RelationshipCollection, OtherModel == Value.PersistentElement}
  [0;36m|[0;0m             `- [1;39mnote: [1;39mcandidate requires that 'InsightType' conform to 'RelationshipCollection' (requirement specified as 'Value' : 'RelationshipCollection')[0;0m
[0;36m3 |[0;0m 

macro expansion @_PersistedProperty:13:18: [1;31merror: [1;39mno exact matches in call to instance method 'setValue'[0;0m
`- /Users/danielstevens/github-projects/tools-automation/MomentumFinance/Shared/RootFinancialInsightModels.swift:217:33: [1;39mnote: [1;39mexpanded code originates here[0;0m
[0;36m215 |[0;0m     public var insightDescription: String  // Renamed from 'description' to avoid SwiftData conflict
[0;36m216 |[0;0m     public var priority: InsightPriority
[0;36m217 |[0;0m     public var type: InsightType
[0;36m    +--- [0;0mmacro expansion @_PersistedProperty [0;36m---------------------------[0;0m
[0;36m    |[0;0m[0;36m11 |[0;0m     set {
[0;36m    |[0;0m[0;36m12 |[0;0m         _$observationRegistrar.withMutation(of: self, keyPath: \.type) {
[0;36m    |[0;0m[0;36m13 |[0;0m             self.setValue(forKey: \.type, to: newValue)
[0;36m    |[0;0m   [0;36m|[0;0m                  `- [1;31merror: [1;39mno exact matches in call to instance method 'setValue'[0;0m
[0;36m    |[0;0m[0;36m14 |[0;0m         }
[0;36m    |[0;0m[0;36m15 |[0;0m     }
[0;36m    +----------------------------------------[0;0m[0;36m---------------------------[0;0m
[0;36m218 |[0;0m     public var confidence: Double  // 0.0 to 1.0
[0;36m219 |[0;0m     public var createdAt: Date

SwiftData.PersistentModel.setValue:2:13: [1;39mnote: [1;39mcandidate requires that 'InsightType' conform to 'PersistentModel' (requirement specified as 'Value' : 'PersistentModel')[0;0m
[0;36m1 |[0;0m protocol PersistentModel {
[0;36m2 |[0;0m public func setValue<Value>(forKey: KeyPath<Self, Value>, to newValue: Value) where Value : PersistentModel}
  [0;36m|[0;0m             `- [1;39mnote: [1;39mcandidate requires that 'InsightType' conform to 'PersistentModel' (requirement specified as 'Value' : 'PersistentModel')[0;0m
[0;36m3 |[0;0m 

SwiftData.PersistentModel.setValue:2:13: [1;39mnote: [1;39mcandidate requires that 'InsightType' conform to 'RelationshipCollection' (requirement specified as 'Value' : 'RelationshipCollection')[0;0m
[0;36m1 |[0;0m protocol PersistentModel {
[0;36m2 |[0;0m public func setValue<Value, OtherModel>(forKey: KeyPath<Self, Value>, to newValue: Value) where Value : RelationshipCollection, OtherModel == Value.PersistentElement}
  [0;36m|[0;0m             `- [1;39mnote: [1;39mcandidate requires that 'InsightType' conform to 'RelationshipCollection' (requirement specified as 'Value' : 'RelationshipCollection')[0;0m
[0;36m3 |[0;0m 

macro expansion @_PersistedProperty:4:23: [1;31merror: [1;39mno exact matches in call to instance method 'setValue'[0;0m
`- /Users/danielstevens/github-projects/tools-automation/MomentumFinance/Shared/RootFinancialInsightModels.swift:231:36: [1;39mnote: [1;39mexpanded code originates here[0;0m
[0;36m229 |[0;0m     public var actionRecommendations: [String]  // AI-generated action items
[0;36m230 |[0;0m     public var potentialSavings: Double?  // Estimated savings if action is taken
[0;36m231 |[0;0m     public var riskLevel: RiskLevel  // Associated risk level
[0;36m    +--- [0;0mmacro expansion @_PersistedProperty [0;36m---------------------------[0;0m
[0;36m    |[0;0m [0;36m2 |[0;0m     @storageRestrictions(accesses: _$backingData, initializes: _riskLevel)
[0;36m    |[0;0m [0;36m3 |[0;0m     init(initialValue) {
[0;36m    |[0;0m [0;36m4 |[0;0m         _$backingData.setValue(forKey: \.riskLevel, to: initialValue)
[0;36m    |[0;0m   [0;36m|[0;0m                       `- [1;31merror: [1;39mno exact matches in call to instance method 'setValue'[0;0m
[0;36m    |[0;0m [0;36m5 |[0;0m         _riskLevel = _SwiftDataNoType()
[0;36m    |[0;0m [0;36m6 |[0;0m     }
[0;36m    +----------------------------------------[0;0m[0;36m---------------------------[0;0m
[0;36m232 |[0;0m     public var aiAnalysisVersion: String  // Version of AI model used for analysis
[0;36m233 |[0;0m     public var contextualTags: [String]  // Tags for better categorization

SwiftData.BackingData.setValue:2:6: [1;39mnote: [1;39mcandidate requires that 'RiskLevel' conform to 'PersistentModel' (requirement specified as 'Value' : 'PersistentModel')[0;0m
[0;36m1 |[0;0m protocol BackingData {
[0;36m2 |[0;0m func setValue<Value>(forKey: KeyPath<Self.Model, Value>, to newValue: Value) where Value : PersistentModel}
  [0;36m|[0;0m      `- [1;39mnote: [1;39mcandidate requires that 'RiskLevel' conform to 'PersistentModel' (requirement specified as 'Value' : 'PersistentModel')[0;0m
[0;36m3 |[0;0m 

SwiftData.BackingData.setValue:2:6: [1;39mnote: [1;39mcandidate requires that 'RiskLevel' conform to 'RelationshipCollection' (requirement specified as 'Value' : 'RelationshipCollection')[0;0m
[0;36m1 |[0;0m protocol BackingData {
[0;36m2 |[0;0m func setValue<Value, OtherModel>(forKey: KeyPath<Self.Model, Value>, to newValue: Value) where Value : RelationshipCollection, OtherModel == Value.PersistentElement}
  [0;36m|[0;0m      `- [1;39mnote: [1;39mcandidate requires that 'RiskLevel' conform to 'RelationshipCollection' (requirement specified as 'Value' : 'RelationshipCollection')[0;0m
[0;36m3 |[0;0m 

macro expansion @_PersistedProperty:9:21: [1;31merror: [1;39mno exact matches in call to instance method 'getValue'[0;0m
`- /Users/danielstevens/github-projects/tools-automation/MomentumFinance/Shared/RootFinancialInsightModels.swift:231:36: [1;39mnote: [1;39mexpanded code originates here[0;0m
[0;36m229 |[0;0m     public var actionRecommendations: [String]  // AI-generated action items
[0;36m230 |[0;0m     public var potentialSavings: Double?  // Estimated savings if action is taken
[0;36m231 |[0;0m     public var riskLevel: RiskLevel  // Associated risk level
[0;36m    +--- [0;0mmacro expansion @_PersistedProperty [0;36m---------------------------[0;0m
[0;36m    |[0;0m [0;36m7 |[0;0m     get {
[0;36m    |[0;0m [0;36m8 |[0;0m         _$observationRegistrar.access(self, keyPath: \.riskLevel)
[0;36m    |[0;0m [0;36m9 |[0;0m         return self.getValue(forKey: \.riskLevel)
[0;36m    |[0;0m   [0;36m|[0;0m                     `- [1;31merror: [1;39mno exact matches in call to instance method 'getValue'[0;0m
[0;36m    |[0;0m[0;36m10 |[0;0m     }
[0;36m    |[0;0m[0;36m11 |[0;0m     set {
[0;36m    +----------------------------------------[0;0m[0;36m---------------------------[0;0m
[0;36m232 |[0;0m     public var aiAnalysisVersion: String  // Version of AI model used for analysis
[0;36m233 |[0;0m     public var contextualTags: [String]  // Tags for better categorization

SwiftData.PersistentModel.getValue:2:13: [1;39mnote: [1;39mcandidate requires that 'RiskLevel' conform to 'PersistentModel' (requirement specified as 'Value' : 'PersistentModel')[0;0m
[0;36m1 |[0;0m protocol PersistentModel {
[0;36m2 |[0;0m public func getValue<Value>(forKey: KeyPath<Self, Value>) -> Value where Value : PersistentModel}
  [0;36m|[0;0m             `- [1;39mnote: [1;39mcandidate requires that 'RiskLevel' conform to 'PersistentModel' (requirement specified as 'Value' : 'PersistentModel')[0;0m
[0;36m3 |[0;0m 

SwiftData.PersistentModel.getValue:2:13: [1;39mnote: [1;39mcandidate requires that 'RiskLevel' conform to 'RelationshipCollection' (requirement specified as 'Value' : 'RelationshipCollection')[0;0m
[0;36m1 |[0;0m protocol PersistentModel {
[0;36m2 |[0;0m public func getValue<Value, OtherModel>(forKey: KeyPath<Self, Value>) -> Value where Value : RelationshipCollection, OtherModel == Value.PersistentElement}
  [0;36m|[0;0m             `- [1;39mnote: [1;39mcandidate requires that 'RiskLevel' conform to 'RelationshipCollection' (requirement specified as 'Value' : 'RelationshipCollection')[0;0m
[0;36m3 |[0;0m 

macro expansion @_PersistedProperty:13:18: [1;31merror: [1;39mno exact matches in call to instance method 'setValue'[0;0m
`- /Users/danielstevens/github-projects/tools-automation/MomentumFinance/Shared/RootFinancialInsightModels.swift:231:36: [1;39mnote: [1;39mexpanded code originates here[0;0m
[0;36m229 |[0;0m     public var actionRecommendations: [String]  // AI-generated action items
[0;36m230 |[0;0m     public var potentialSavings: Double?  // Estimated savings if action is taken
[0;36m231 |[0;0m     public var riskLevel: RiskLevel  // Associated risk level
[0;36m    +--- [0;0mmacro expansion @_PersistedProperty [0;36m---------------------------[0;0m
[0;36m    |[0;0m[0;36m11 |[0;0m     set {
[0;36m    |[0;0m[0;36m12 |[0;0m         _$observationRegistrar.withMutation(of: self, keyPath: \.riskLevel) {
[0;36m    |[0;0m[0;36m13 |[0;0m             self.setValue(forKey: \.riskLevel, to: newValue)
[0;36m    |[0;0m   [0;36m|[0;0m                  `- [1;31merror: [1;39mno exact matches in call to instance method 'setValue'[0;0m
[0;36m    |[0;0m[0;36m14 |[0;0m         }
[0;36m    |[0;0m[0;36m15 |[0;0m     }
[0;36m    +----------------------------------------[0;0m[0;36m---------------------------[0;0m
[0;36m232 |[0;0m     public var aiAnalysisVersion: String  // Version of AI model used for analysis
[0;36m233 |[0;0m     public var contextualTags: [String]  // Tags for better categorization

SwiftData.PersistentModel.setValue:2:13: [1;39mnote: [1;39mcandidate requires that 'RiskLevel' conform to 'PersistentModel' (requirement specified as 'Value' : 'PersistentModel')[0;0m
[0;36m1 |[0;0m protocol PersistentModel {
[0;36m2 |[0;0m public func setValue<Value>(forKey: KeyPath<Self, Value>, to newValue: Value) where Value : PersistentModel}
  [0;36m|[0;0m             `- [1;39mnote: [1;39mcandidate requires that 'RiskLevel' conform to 'PersistentModel' (requirement specified as 'Value' : 'PersistentModel')[0;0m
[0;36m3 |[0;0m 

SwiftData.PersistentModel.setValue:2:13: [1;39mnote: [1;39mcandidate requires that 'RiskLevel' conform to 'RelationshipCollection' (requirement specified as 'Value' : 'RelationshipCollection')[0;0m
[0;36m1 |[0;0m protocol PersistentModel {
[0;36m2 |[0;0m public func setValue<Value, OtherModel>(forKey: KeyPath<Self, Value>, to newValue: Value) where Value : RelationshipCollection, OtherModel == Value.PersistentElement}
  [0;36m|[0;0m             `- [1;39mnote: [1;39mcandidate requires that 'RiskLevel' conform to 'RelationshipCollection' (requirement specified as 'Value' : 'RelationshipCollection')[0;0m
[0;36m3 |[0;0m 

/Users/danielstevens/github-projects/tools-automation/MomentumFinance/Shared/Services/FinancialServices.swift:123:19: [1;33mwarning: [1;39mvalue 'columnName' was defined but never used; consider replacing with boolean test[0;0m [#no-usage]
[0;36m121 |[0;0m 
[0;36m122 |[0;0m     private func getColumnIndex(for columnName: String?, in _: [String]) -> Int? {
[0;36m123 |[0;0m         guard let columnName else { return nil }
    [0;36m|[0;0m                   `- [1;33mwarning: [1;39mvalue 'columnName' was defined but never used; consider replacing with boolean test[0;0m [#no-usage]
[0;36m124 |[0;0m         // This is a simplified implementation - in a real app you'd have proper CSV parsing
[0;36m125 |[0;0m         return 0  // Placeholder
[117/148] Compiling Shared ColorDefinitions.swift
macro expansion @_PersistedProperty:4:23: [1;31merror: [1;39mno exact matches in call to instance method 'setValue'[0;0m
`- /Users/danielstevens/github-projects/tools-automation/MomentumFinance/Shared/RootFinancialInsightModels.swift:216:41: [1;39mnote: [1;39mexpanded code originates here[0;0m
[0;36m214 |[0;0m     public var title: String
[0;36m215 |[0;0m     public var insightDescription: String  // Renamed from 'description' to avoid SwiftData conflict
[0;36m216 |[0;0m     public var priority: InsightPriority
[0;36m    +--- [0;0mmacro expansion @_PersistedProperty [0;36m---------------------------[0;0m
[0;36m    |[0;0m [0;36m2 |[0;0m     @storageRestrictions(accesses: _$backingData, initializes: _priority)
[0;36m    |[0;0m [0;36m3 |[0;0m     init(initialValue) {
[0;36m    |[0;0m [0;36m4 |[0;0m         _$backingData.setValue(forKey: \.priority, to: initialValue)
[0;36m    |[0;0m   [0;36m|[0;0m                       `- [1;31merror: [1;39mno exact matches in call to instance method 'setValue'[0;0m
[0;36m    |[0;0m [0;36m5 |[0;0m         _priority = _SwiftDataNoType()
[0;36m    |[0;0m [0;36m6 |[0;0m     }
[0;36m    +----------------------------------------[0;0m[0;36m---------------------------[0;0m
[0;36m217 |[0;0m     public var type: InsightType
[0;36m218 |[0;0m     public var confidence: Double  // 0.0 to 1.0

SwiftData.BackingData.setValue:2:6: [1;39mnote: [1;39mcandidate requires that 'InsightPriority' conform to 'PersistentModel' (requirement specified as 'Value' : 'PersistentModel')[0;0m
[0;36m1 |[0;0m protocol BackingData {
[0;36m2 |[0;0m func setValue<Value>(forKey: KeyPath<Self.Model, Value>, to newValue: Value) where Value : PersistentModel}
  [0;36m|[0;0m      `- [1;39mnote: [1;39mcandidate requires that 'InsightPriority' conform to 'PersistentModel' (requirement specified as 'Value' : 'PersistentModel')[0;0m
[0;36m3 |[0;0m 

SwiftData.BackingData.setValue:2:6: [1;39mnote: [1;39mcandidate requires that 'InsightPriority' conform to 'RelationshipCollection' (requirement specified as 'Value' : 'RelationshipCollection')[0;0m
[0;36m1 |[0;0m protocol BackingData {
[0;36m2 |[0;0m func setValue<Value, OtherModel>(forKey: KeyPath<Self.Model, Value>, to newValue: Value) where Value : RelationshipCollection, OtherModel == Value.PersistentElement}
  [0;36m|[0;0m      `- [1;39mnote: [1;39mcandidate requires that 'InsightPriority' conform to 'RelationshipCollection' (requirement specified as 'Value' : 'RelationshipCollection')[0;0m
[0;36m3 |[0;0m 

macro expansion @_PersistedProperty:9:21: [1;31merror: [1;39mno exact matches in call to instance method 'getValue'[0;0m
`- /Users/danielstevens/github-projects/tools-automation/MomentumFinance/Shared/RootFinancialInsightModels.swift:216:41: [1;39mnote: [1;39mexpanded code originates here[0;0m
[0;36m214 |[0;0m     public var title: String
[0;36m215 |[0;0m     public var insightDescription: String  // Renamed from 'description' to avoid SwiftData conflict
[0;36m216 |[0;0m     public var priority: InsightPriority
[0;36m    +--- [0;0mmacro expansion @_PersistedProperty [0;36m---------------------------[0;0m
[0;36m    |[0;0m [0;36m7 |[0;0m     get {
[0;36m    |[0;0m [0;36m8 |[0;0m         _$observationRegistrar.access(self, keyPath: \.priority)
[0;36m    |[0;0m [0;36m9 |[0;0m         return self.getValue(forKey: \.priority)
[0;36m    |[0;0m   [0;36m|[0;0m                     `- [1;31merror: [1;39mno exact matches in call to instance method 'getValue'[0;0m
[0;36m    |[0;0m[0;36m10 |[0;0m     }
[0;36m    |[0;0m[0;36m11 |[0;0m     set {
[0;36m    +----------------------------------------[0;0m[0;36m---------------------------[0;0m
[0;36m217 |[0;0m     public var type: InsightType
[0;36m218 |[0;0m     public var confidence: Double  // 0.0 to 1.0

SwiftData.PersistentModel.getValue:2:13: [1;39mnote: [1;39mcandidate requires that 'InsightPriority' conform to 'PersistentModel' (requirement specified as 'Value' : 'PersistentModel')[0;0m
[0;36m1 |[0;0m protocol PersistentModel {
[0;36m2 |[0;0m public func getValue<Value>(forKey: KeyPath<Self, Value>) -> Value where Value : PersistentModel}
  [0;36m|[0;0m             `- [1;39mnote: [1;39mcandidate requires that 'InsightPriority' conform to 'PersistentModel' (requirement specified as 'Value' : 'PersistentModel')[0;0m
[0;36m3 |[0;0m 

SwiftData.PersistentModel.getValue:2:13: [1;39mnote: [1;39mcandidate requires that 'InsightPriority' conform to 'RelationshipCollection' (requirement specified as 'Value' : 'RelationshipCollection')[0;0m
[0;36m1 |[0;0m protocol PersistentModel {
[0;36m2 |[0;0m public func getValue<Value, OtherModel>(forKey: KeyPath<Self, Value>) -> Value where Value : RelationshipCollection, OtherModel == Value.PersistentElement}
  [0;36m|[0;0m             `- [1;39mnote: [1;39mcandidate requires that 'InsightPriority' conform to 'RelationshipCollection' (requirement specified as 'Value' : 'RelationshipCollection')[0;0m
[0;36m3 |[0;0m 

macro expansion @_PersistedProperty:13:18: [1;31merror: [1;39mno exact matches in call to instance method 'setValue'[0;0m
`- /Users/danielstevens/github-projects/tools-automation/MomentumFinance/Shared/RootFinancialInsightModels.swift:216:41: [1;39mnote: [1;39mexpanded code originates here[0;0m
[0;36m214 |[0;0m     public var title: String
[0;36m215 |[0;0m     public var insightDescription: String  // Renamed from 'description' to avoid SwiftData conflict
[0;36m216 |[0;0m     public var priority: InsightPriority
[0;36m    +--- [0;0mmacro expansion @_PersistedProperty [0;36m---------------------------[0;0m
[0;36m    |[0;0m[0;36m11 |[0;0m     set {
[0;36m    |[0;0m[0;36m12 |[0;0m         _$observationRegistrar.withMutation(of: self, keyPath: \.priority) {
[0;36m    |[0;0m[0;36m13 |[0;0m             self.setValue(forKey: \.priority, to: newValue)
[0;36m    |[0;0m   [0;36m|[0;0m                  `- [1;31merror: [1;39mno exact matches in call to instance method 'setValue'[0;0m
[0;36m    |[0;0m[0;36m14 |[0;0m         }
[0;36m    |[0;0m[0;36m15 |[0;0m     }
[0;36m    +----------------------------------------[0;0m[0;36m---------------------------[0;0m
[0;36m217 |[0;0m     public var type: InsightType
[0;36m218 |[0;0m     public var confidence: Double  // 0.0 to 1.0

SwiftData.PersistentModel.setValue:2:13: [1;39mnote: [1;39mcandidate requires that 'InsightPriority' conform to 'PersistentModel' (requirement specified as 'Value' : 'PersistentModel')[0;0m
[0;36m1 |[0;0m protocol PersistentModel {
[0;36m2 |[0;0m public func setValue<Value>(forKey: KeyPath<Self, Value>, to newValue: Value) where Value : PersistentModel}
  [0;36m|[0;0m             `- [1;39mnote: [1;39mcandidate requires that 'InsightPriority' conform to 'PersistentModel' (requirement specified as 'Value' : 'PersistentModel')[0;0m
[0;36m3 |[0;0m 

SwiftData.PersistentModel.setValue:2:13: [1;39mnote: [1;39mcandidate requires that 'InsightPriority' conform to 'RelationshipCollection' (requirement specified as 'Value' : 'RelationshipCollection')[0;0m
[0;36m1 |[0;0m protocol PersistentModel {
[0;36m2 |[0;0m public func setValue<Value, OtherModel>(forKey: KeyPath<Self, Value>, to newValue: Value) where Value : RelationshipCollection, OtherModel == Value.PersistentElement}
  [0;36m|[0;0m             `- [1;39mnote: [1;39mcandidate requires that 'InsightPriority' conform to 'RelationshipCollection' (requirement specified as 'Value' : 'RelationshipCollection')[0;0m
[0;36m3 |[0;0m 

macro expansion @_PersistedProperty:4:23: [1;31merror: [1;39mno exact matches in call to instance method 'setValue'[0;0m
`- /Users/danielstevens/github-projects/tools-automation/MomentumFinance/Shared/RootFinancialInsightModels.swift:217:33: [1;39mnote: [1;39mexpanded code originates here[0;0m
[0;36m215 |[0;0m     public var insightDescription: String  // Renamed from 'description' to avoid SwiftData conflict
[0;36m216 |[0;0m     public var priority: InsightPriority
[0;36m217 |[0;0m     public var type: InsightType
[0;36m    +--- [0;0mmacro expansion @_PersistedProperty [0;36m---------------------------[0;0m
[0;36m    |[0;0m [0;36m2 |[0;0m     @storageRestrictions(accesses: _$backingData, initializes: _type)
[0;36m    |[0;0m [0;36m3 |[0;0m     init(initialValue) {
[0;36m    |[0;0m [0;36m4 |[0;0m         _$backingData.setValue(forKey: \.type, to: initialValue)
[0;36m    |[0;0m   [0;36m|[0;0m                       `- [1;31merror: [1;39mno exact matches in call to instance method 'setValue'[0;0m
[0;36m    |[0;0m [0;36m5 |[0;0m         _type = _SwiftDataNoType()
[0;36m    |[0;0m [0;36m6 |[0;0m     }
[0;36m    +----------------------------------------[0;0m[0;36m---------------------------[0;0m
[0;36m218 |[0;0m     public var confidence: Double  // 0.0 to 1.0
[0;36m219 |[0;0m     public var createdAt: Date

SwiftData.BackingData.setValue:2:6: [1;39mnote: [1;39mcandidate requires that 'InsightType' conform to 'PersistentModel' (requirement specified as 'Value' : 'PersistentModel')[0;0m
[0;36m1 |[0;0m protocol BackingData {
[0;36m2 |[0;0m func setValue<Value>(forKey: KeyPath<Self.Model, Value>, to newValue: Value) where Value : PersistentModel}
  [0;36m|[0;0m      `- [1;39mnote: [1;39mcandidate requires that 'InsightType' conform to 'PersistentModel' (requirement specified as 'Value' : 'PersistentModel')[0;0m
[0;36m3 |[0;0m 

SwiftData.BackingData.setValue:2:6: [1;39mnote: [1;39mcandidate requires that 'InsightType' conform to 'RelationshipCollection' (requirement specified as 'Value' : 'RelationshipCollection')[0;0m
[0;36m1 |[0;0m protocol BackingData {
[0;36m2 |[0;0m func setValue<Value, OtherModel>(forKey: KeyPath<Self.Model, Value>, to newValue: Value) where Value : RelationshipCollection, OtherModel == Value.PersistentElement}
  [0;36m|[0;0m      `- [1;39mnote: [1;39mcandidate requires that 'InsightType' conform to 'RelationshipCollection' (requirement specified as 'Value' : 'RelationshipCollection')[0;0m
[0;36m3 |[0;0m 

macro expansion @_PersistedProperty:9:21: [1;31merror: [1;39mno exact matches in call to instance method 'getValue'[0;0m
`- /Users/danielstevens/github-projects/tools-automation/MomentumFinance/Shared/RootFinancialInsightModels.swift:217:33: [1;39mnote: [1;39mexpanded code originates here[0;0m
[0;36m215 |[0;0m     public var insightDescription: String  // Renamed from 'description' to avoid SwiftData conflict
[0;36m216 |[0;0m     public var priority: InsightPriority
[0;36m217 |[0;0m     public var type: InsightType
[0;36m    +--- [0;0mmacro expansion @_PersistedProperty [0;36m---------------------------[0;0m
[0;36m    |[0;0m [0;36m7 |[0;0m     get {
[0;36m    |[0;0m [0;36m8 |[0;0m         _$observationRegistrar.access(self, keyPath: \.type)
[0;36m    |[0;0m [0;36m9 |[0;0m         return self.getValue(forKey: \.type)
[0;36m    |[0;0m   [0;36m|[0;0m                     `- [1;31merror: [1;39mno exact matches in call to instance method 'getValue'[0;0m
[0;36m    |[0;0m[0;36m10 |[0;0m     }
[0;36m    |[0;0m[0;36m11 |[0;0m     set {
[0;36m    +----------------------------------------[0;0m[0;36m---------------------------[0;0m
[0;36m218 |[0;0m     public var confidence: Double  // 0.0 to 1.0
[0;36m219 |[0;0m     public var createdAt: Date

SwiftData.PersistentModel.getValue:2:13: [1;39mnote: [1;39mcandidate requires that 'InsightType' conform to 'PersistentModel' (requirement specified as 'Value' : 'PersistentModel')[0;0m
[0;36m1 |[0;0m protocol PersistentModel {
[0;36m2 |[0;0m public func getValue<Value>(forKey: KeyPath<Self, Value>) -> Value where Value : PersistentModel}
  [0;36m|[0;0m             `- [1;39mnote: [1;39mcandidate requires that 'InsightType' conform to 'PersistentModel' (requirement specified as 'Value' : 'PersistentModel')[0;0m
[0;36m3 |[0;0m 

SwiftData.PersistentModel.getValue:2:13: [1;39mnote: [1;39mcandidate requires that 'InsightType' conform to 'RelationshipCollection' (requirement specified as 'Value' : 'RelationshipCollection')[0;0m
[0;36m1 |[0;0m protocol PersistentModel {
[0;36m2 |[0;0m public func getValue<Value, OtherModel>(forKey: KeyPath<Self, Value>) -> Value where Value : RelationshipCollection, OtherModel == Value.PersistentElement}
  [0;36m|[0;0m             `- [1;39mnote: [1;39mcandidate requires that 'InsightType' conform to 'RelationshipCollection' (requirement specified as 'Value' : 'RelationshipCollection')[0;0m
[0;36m3 |[0;0m 

macro expansion @_PersistedProperty:13:18: [1;31merror: [1;39mno exact matches in call to instance method 'setValue'[0;0m
`- /Users/danielstevens/github-projects/tools-automation/MomentumFinance/Shared/RootFinancialInsightModels.swift:217:33: [1;39mnote: [1;39mexpanded code originates here[0;0m
[0;36m215 |[0;0m     public var insightDescription: String  // Renamed from 'description' to avoid SwiftData conflict
[0;36m216 |[0;0m     public var priority: InsightPriority
[0;36m217 |[0;0m     public var type: InsightType
[0;36m    +--- [0;0mmacro expansion @_PersistedProperty [0;36m---------------------------[0;0m
[0;36m    |[0;0m[0;36m11 |[0;0m     set {
[0;36m    |[0;0m[0;36m12 |[0;0m         _$observationRegistrar.withMutation(of: self, keyPath: \.type) {
[0;36m    |[0;0m[0;36m13 |[0;0m             self.setValue(forKey: \.type, to: newValue)
[0;36m    |[0;0m   [0;36m|[0;0m                  `- [1;31merror: [1;39mno exact matches in call to instance method 'setValue'[0;0m
[0;36m    |[0;0m[0;36m14 |[0;0m         }
[0;36m    |[0;0m[0;36m15 |[0;0m     }
[0;36m    +----------------------------------------[0;0m[0;36m---------------------------[0;0m
[0;36m218 |[0;0m     public var confidence: Double  // 0.0 to 1.0
[0;36m219 |[0;0m     public var createdAt: Date

SwiftData.PersistentModel.setValue:2:13: [1;39mnote: [1;39mcandidate requires that 'InsightType' conform to 'PersistentModel' (requirement specified as 'Value' : 'PersistentModel')[0;0m
[0;36m1 |[0;0m protocol PersistentModel {
[0;36m2 |[0;0m public func setValue<Value>(forKey: KeyPath<Self, Value>, to newValue: Value) where Value : PersistentModel}
  [0;36m|[0;0m             `- [1;39mnote: [1;39mcandidate requires that 'InsightType' conform to 'PersistentModel' (requirement specified as 'Value' : 'PersistentModel')[0;0m
[0;36m3 |[0;0m 

SwiftData.PersistentModel.setValue:2:13: [1;39mnote: [1;39mcandidate requires that 'InsightType' conform to 'RelationshipCollection' (requirement specified as 'Value' : 'RelationshipCollection')[0;0m
[0;36m1 |[0;0m protocol PersistentModel {
[0;36m2 |[0;0m public func setValue<Value, OtherModel>(forKey: KeyPath<Self, Value>, to newValue: Value) where Value : RelationshipCollection, OtherModel == Value.PersistentElement}
  [0;36m|[0;0m             `- [1;39mnote: [1;39mcandidate requires that 'InsightType' conform to 'RelationshipCollection' (requirement specified as 'Value' : 'RelationshipCollection')[0;0m
[0;36m3 |[0;0m 

macro expansion @_PersistedProperty:4:23: [1;31merror: [1;39mno exact matches in call to instance method 'setValue'[0;0m
`- /Users/danielstevens/github-projects/tools-automation/MomentumFinance/Shared/RootFinancialInsightModels.swift:231:36: [1;39mnote: [1;39mexpanded code originates here[0;0m
[0;36m229 |[0;0m     public var actionRecommendations: [String]  // AI-generated action items
[0;36m230 |[0;0m     public var potentialSavings: Double?  // Estimated savings if action is taken
[0;36m231 |[0;0m     public var riskLevel: RiskLevel  // Associated risk level
[0;36m    +--- [0;0mmacro expansion @_PersistedProperty [0;36m---------------------------[0;0m
[0;36m    |[0;0m [0;36m2 |[0;0m     @storageRestrictions(accesses: _$backingData, initializes: _riskLevel)
[0;36m    |[0;0m [0;36m3 |[0;0m     init(initialValue) {
[0;36m    |[0;0m [0;36m4 |[0;0m         _$backingData.setValue(forKey: \.riskLevel, to: initialValue)
[0;36m    |[0;0m   [0;36m|[0;0m                       `- [1;31merror: [1;39mno exact matches in call to instance method 'setValue'[0;0m
[0;36m    |[0;0m [0;36m5 |[0;0m         _riskLevel = _SwiftDataNoType()
[0;36m    |[0;0m [0;36m6 |[0;0m     }
[0;36m    +----------------------------------------[0;0m[0;36m---------------------------[0;0m
[0;36m232 |[0;0m     public var aiAnalysisVersion: String  // Version of AI model used for analysis
[0;36m233 |[0;0m     public var contextualTags: [String]  // Tags for better categorization

SwiftData.BackingData.setValue:2:6: [1;39mnote: [1;39mcandidate requires that 'RiskLevel' conform to 'PersistentModel' (requirement specified as 'Value' : 'PersistentModel')[0;0m
[0;36m1 |[0;0m protocol BackingData {
[0;36m2 |[0;0m func setValue<Value>(forKey: KeyPath<Self.Model, Value>, to newValue: Value) where Value : PersistentModel}
  [0;36m|[0;0m      `- [1;39mnote: [1;39mcandidate requires that 'RiskLevel' conform to 'PersistentModel' (requirement specified as 'Value' : 'PersistentModel')[0;0m
[0;36m3 |[0;0m 

SwiftData.BackingData.setValue:2:6: [1;39mnote: [1;39mcandidate requires that 'RiskLevel' conform to 'RelationshipCollection' (requirement specified as 'Value' : 'RelationshipCollection')[0;0m
[0;36m1 |[0;0m protocol BackingData {
[0;36m2 |[0;0m func setValue<Value, OtherModel>(forKey: KeyPath<Self.Model, Value>, to newValue: Value) where Value : RelationshipCollection, OtherModel == Value.PersistentElement}
  [0;36m|[0;0m      `- [1;39mnote: [1;39mcandidate requires that 'RiskLevel' conform to 'RelationshipCollection' (requirement specified as 'Value' : 'RelationshipCollection')[0;0m
[0;36m3 |[0;0m 

macro expansion @_PersistedProperty:9:21: [1;31merror: [1;39mno exact matches in call to instance method 'getValue'[0;0m
`- /Users/danielstevens/github-projects/tools-automation/MomentumFinance/Shared/RootFinancialInsightModels.swift:231:36: [1;39mnote: [1;39mexpanded code originates here[0;0m
[0;36m229 |[0;0m     public var actionRecommendations: [String]  // AI-generated action items
[0;36m230 |[0;0m     public var potentialSavings: Double?  // Estimated savings if action is taken
[0;36m231 |[0;0m     public var riskLevel: RiskLevel  // Associated risk level
[0;36m    +--- [0;0mmacro expansion @_PersistedProperty [0;36m---------------------------[0;0m
[0;36m    |[0;0m [0;36m7 |[0;0m     get {
[0;36m    |[0;0m [0;36m8 |[0;0m         _$observationRegistrar.access(self, keyPath: \.riskLevel)
[0;36m    |[0;0m [0;36m9 |[0;0m         return self.getValue(forKey: \.riskLevel)
[0;36m    |[0;0m   [0;36m|[0;0m                     `- [1;31merror: [1;39mno exact matches in call to instance method 'getValue'[0;0m
[0;36m    |[0;0m[0;36m10 |[0;0m     }
[0;36m    |[0;0m[0;36m11 |[0;0m     set {
[0;36m    +----------------------------------------[0;0m[0;36m---------------------------[0;0m
[0;36m232 |[0;0m     public var aiAnalysisVersion: String  // Version of AI model used for analysis
[0;36m233 |[0;0m     public var contextualTags: [String]  // Tags for better categorization

SwiftData.PersistentModel.getValue:2:13: [1;39mnote: [1;39mcandidate requires that 'RiskLevel' conform to 'PersistentModel' (requirement specified as 'Value' : 'PersistentModel')[0;0m
[0;36m1 |[0;0m protocol PersistentModel {
[0;36m2 |[0;0m public func getValue<Value>(forKey: KeyPath<Self, Value>) -> Value where Value : PersistentModel}
  [0;36m|[0;0m             `- [1;39mnote: [1;39mcandidate requires that 'RiskLevel' conform to 'PersistentModel' (requirement specified as 'Value' : 'PersistentModel')[0;0m
[0;36m3 |[0;0m 

SwiftData.PersistentModel.getValue:2:13: [1;39mnote: [1;39mcandidate requires that 'RiskLevel' conform to 'RelationshipCollection' (requirement specified as 'Value' : 'RelationshipCollection')[0;0m
[0;36m1 |[0;0m protocol PersistentModel {
[0;36m2 |[0;0m public func getValue<Value, OtherModel>(forKey: KeyPath<Self, Value>) -> Value where Value : RelationshipCollection, OtherModel == Value.PersistentElement}
  [0;36m|[0;0m             `- [1;39mnote: [1;39mcandidate requires that 'RiskLevel' conform to 'RelationshipCollection' (requirement specified as 'Value' : 'RelationshipCollection')[0;0m
[0;36m3 |[0;0m 

macro expansion @_PersistedProperty:13:18: [1;31merror: [1;39mno exact matches in call to instance method 'setValue'[0;0m
`- /Users/danielstevens/github-projects/tools-automation/MomentumFinance/Shared/RootFinancialInsightModels.swift:231:36: [1;39mnote: [1;39mexpanded code originates here[0;0m
[0;36m229 |[0;0m     public var actionRecommendations: [String]  // AI-generated action items
[0;36m230 |[0;0m     public var potentialSavings: Double?  // Estimated savings if action is taken
[0;36m231 |[0;0m     public var riskLevel: RiskLevel  // Associated risk level
[0;36m    +--- [0;0mmacro expansion @_PersistedProperty [0;36m---------------------------[0;0m
[0;36m    |[0;0m[0;36m11 |[0;0m     set {
[0;36m    |[0;0m[0;36m12 |[0;0m         _$observationRegistrar.withMutation(of: self, keyPath: \.riskLevel) {
[0;36m    |[0;0m[0;36m13 |[0;0m             self.setValue(forKey: \.riskLevel, to: newValue)
[0;36m    |[0;0m   [0;36m|[0;0m                  `- [1;31merror: [1;39mno exact matches in call to instance method 'setValue'[0;0m
[0;36m    |[0;0m[0;36m14 |[0;0m         }
[0;36m    |[0;0m[0;36m15 |[0;0m     }
[0;36m    +----------------------------------------[0;0m[0;36m---------------------------[0;0m
[0;36m232 |[0;0m     public var aiAnalysisVersion: String  // Version of AI model used for analysis
[0;36m233 |[0;0m     public var contextualTags: [String]  // Tags for better categorization

SwiftData.PersistentModel.setValue:2:13: [1;39mnote: [1;39mcandidate requires that 'RiskLevel' conform to 'PersistentModel' (requirement specified as 'Value' : 'PersistentModel')[0;0m
[0;36m1 |[0;0m protocol PersistentModel {
[0;36m2 |[0;0m public func setValue<Value>(forKey: KeyPath<Self, Value>, to newValue: Value) where Value : PersistentModel}
  [0;36m|[0;0m             `- [1;39mnote: [1;39mcandidate requires that 'RiskLevel' conform to 'PersistentModel' (requirement specified as 'Value' : 'PersistentModel')[0;0m
[0;36m3 |[0;0m 

SwiftData.PersistentModel.setValue:2:13: [1;39mnote: [1;39mcandidate requires that 'RiskLevel' conform to 'RelationshipCollection' (requirement specified as 'Value' : 'RelationshipCollection')[0;0m
[0;36m1 |[0;0m protocol PersistentModel {
[0;36m2 |[0;0m public func setValue<Value, OtherModel>(forKey: KeyPath<Self, Value>, to newValue: Value) where Value : RelationshipCollection, OtherModel == Value.PersistentElement}
  [0;36m|[0;0m             `- [1;39mnote: [1;39mcandidate requires that 'RiskLevel' conform to 'RelationshipCollection' (requirement specified as 'Value' : 'RelationshipCollection')[0;0m
[0;36m3 |[0;0m 

/Users/danielstevens/github-projects/tools-automation/MomentumFinance/Shared/Services/FinancialServices.swift:123:19: [1;33mwarning: [1;39mvalue 'columnName' was defined but never used; consider replacing with boolean test[0;0m [#no-usage]
[0;36m121 |[0;0m 
[0;36m122 |[0;0m     private func getColumnIndex(for columnName: String?, in _: [String]) -> Int? {
[0;36m123 |[0;0m         guard let columnName else { return nil }
    [0;36m|[0;0m                   `- [1;33mwarning: [1;39mvalue 'columnName' was defined but never used; consider replacing with boolean test[0;0m [#no-usage]
[0;36m124 |[0;0m         // This is a simplified implementation - in a real app you'd have proper CSV parsing
[0;36m125 |[0;0m         return 0  // Placeholder
[118/148] Compiling Shared ColorTheme+Convenience.swift
macro expansion @_PersistedProperty:4:23: [1;31merror: [1;39mno exact matches in call to instance method 'setValue'[0;0m
`- /Users/danielstevens/github-projects/tools-automation/MomentumFinance/Shared/RootFinancialInsightModels.swift:216:41: [1;39mnote: [1;39mexpanded code originates here[0;0m
[0;36m214 |[0;0m     public var title: String
[0;36m215 |[0;0m     public var insightDescription: String  // Renamed from 'description' to avoid SwiftData conflict
[0;36m216 |[0;0m     public var priority: InsightPriority
[0;36m    +--- [0;0mmacro expansion @_PersistedProperty [0;36m---------------------------[0;0m
[0;36m    |[0;0m [0;36m2 |[0;0m     @storageRestrictions(accesses: _$backingData, initializes: _priority)
[0;36m    |[0;0m [0;36m3 |[0;0m     init(initialValue) {
[0;36m    |[0;0m [0;36m4 |[0;0m         _$backingData.setValue(forKey: \.priority, to: initialValue)
[0;36m    |[0;0m   [0;36m|[0;0m                       `- [1;31merror: [1;39mno exact matches in call to instance method 'setValue'[0;0m
[0;36m    |[0;0m [0;36m5 |[0;0m         _priority = _SwiftDataNoType()
[0;36m    |[0;0m [0;36m6 |[0;0m     }
[0;36m    +----------------------------------------[0;0m[0;36m---------------------------[0;0m
[0;36m217 |[0;0m     public var type: InsightType
[0;36m218 |[0;0m     public var confidence: Double  // 0.0 to 1.0

SwiftData.BackingData.setValue:2:6: [1;39mnote: [1;39mcandidate requires that 'InsightPriority' conform to 'PersistentModel' (requirement specified as 'Value' : 'PersistentModel')[0;0m
[0;36m1 |[0;0m protocol BackingData {
[0;36m2 |[0;0m func setValue<Value>(forKey: KeyPath<Self.Model, Value>, to newValue: Value) where Value : PersistentModel}
  [0;36m|[0;0m      `- [1;39mnote: [1;39mcandidate requires that 'InsightPriority' conform to 'PersistentModel' (requirement specified as 'Value' : 'PersistentModel')[0;0m
[0;36m3 |[0;0m 

SwiftData.BackingData.setValue:2:6: [1;39mnote: [1;39mcandidate requires that 'InsightPriority' conform to 'RelationshipCollection' (requirement specified as 'Value' : 'RelationshipCollection')[0;0m
[0;36m1 |[0;0m protocol BackingData {
[0;36m2 |[0;0m func setValue<Value, OtherModel>(forKey: KeyPath<Self.Model, Value>, to newValue: Value) where Value : RelationshipCollection, OtherModel == Value.PersistentElement}
  [0;36m|[0;0m      `- [1;39mnote: [1;39mcandidate requires that 'InsightPriority' conform to 'RelationshipCollection' (requirement specified as 'Value' : 'RelationshipCollection')[0;0m
[0;36m3 |[0;0m 

macro expansion @_PersistedProperty:9:21: [1;31merror: [1;39mno exact matches in call to instance method 'getValue'[0;0m
`- /Users/danielstevens/github-projects/tools-automation/MomentumFinance/Shared/RootFinancialInsightModels.swift:216:41: [1;39mnote: [1;39mexpanded code originates here[0;0m
[0;36m214 |[0;0m     public var title: String
[0;36m215 |[0;0m     public var insightDescription: String  // Renamed from 'description' to avoid SwiftData conflict
[0;36m216 |[0;0m     public var priority: InsightPriority
[0;36m    +--- [0;0mmacro expansion @_PersistedProperty [0;36m---------------------------[0;0m
[0;36m    |[0;0m [0;36m7 |[0;0m     get {
[0;36m    |[0;0m [0;36m8 |[0;0m         _$observationRegistrar.access(self, keyPath: \.priority)
[0;36m    |[0;0m [0;36m9 |[0;0m         return self.getValue(forKey: \.priority)
[0;36m    |[0;0m   [0;36m|[0;0m                     `- [1;31merror: [1;39mno exact matches in call to instance method 'getValue'[0;0m
[0;36m    |[0;0m[0;36m10 |[0;0m     }
[0;36m    |[0;0m[0;36m11 |[0;0m     set {
[0;36m    +----------------------------------------[0;0m[0;36m---------------------------[0;0m
[0;36m217 |[0;0m     public var type: InsightType
[0;36m218 |[0;0m     public var confidence: Double  // 0.0 to 1.0

SwiftData.PersistentModel.getValue:2:13: [1;39mnote: [1;39mcandidate requires that 'InsightPriority' conform to 'PersistentModel' (requirement specified as 'Value' : 'PersistentModel')[0;0m
[0;36m1 |[0;0m protocol PersistentModel {
[0;36m2 |[0;0m public func getValue<Value>(forKey: KeyPath<Self, Value>) -> Value where Value : PersistentModel}
  [0;36m|[0;0m             `- [1;39mnote: [1;39mcandidate requires that 'InsightPriority' conform to 'PersistentModel' (requirement specified as 'Value' : 'PersistentModel')[0;0m
[0;36m3 |[0;0m 

SwiftData.PersistentModel.getValue:2:13: [1;39mnote: [1;39mcandidate requires that 'InsightPriority' conform to 'RelationshipCollection' (requirement specified as 'Value' : 'RelationshipCollection')[0;0m
[0;36m1 |[0;0m protocol PersistentModel {
[0;36m2 |[0;0m public func getValue<Value, OtherModel>(forKey: KeyPath<Self, Value>) -> Value where Value : RelationshipCollection, OtherModel == Value.PersistentElement}
  [0;36m|[0;0m             `- [1;39mnote: [1;39mcandidate requires that 'InsightPriority' conform to 'RelationshipCollection' (requirement specified as 'Value' : 'RelationshipCollection')[0;0m
[0;36m3 |[0;0m 

macro expansion @_PersistedProperty:13:18: [1;31merror: [1;39mno exact matches in call to instance method 'setValue'[0;0m
`- /Users/danielstevens/github-projects/tools-automation/MomentumFinance/Shared/RootFinancialInsightModels.swift:216:41: [1;39mnote: [1;39mexpanded code originates here[0;0m
[0;36m214 |[0;0m     public var title: String
[0;36m215 |[0;0m     public var insightDescription: String  // Renamed from 'description' to avoid SwiftData conflict
[0;36m216 |[0;0m     public var priority: InsightPriority
[0;36m    +--- [0;0mmacro expansion @_PersistedProperty [0;36m---------------------------[0;0m
[0;36m    |[0;0m[0;36m11 |[0;0m     set {
[0;36m    |[0;0m[0;36m12 |[0;0m         _$observationRegistrar.withMutation(of: self, keyPath: \.priority) {
[0;36m    |[0;0m[0;36m13 |[0;0m             self.setValue(forKey: \.priority, to: newValue)
[0;36m    |[0;0m   [0;36m|[0;0m                  `- [1;31merror: [1;39mno exact matches in call to instance method 'setValue'[0;0m
[0;36m    |[0;0m[0;36m14 |[0;0m         }
[0;36m    |[0;0m[0;36m15 |[0;0m     }
[0;36m    +----------------------------------------[0;0m[0;36m---------------------------[0;0m
[0;36m217 |[0;0m     public var type: InsightType
[0;36m218 |[0;0m     public var confidence: Double  // 0.0 to 1.0

SwiftData.PersistentModel.setValue:2:13: [1;39mnote: [1;39mcandidate requires that 'InsightPriority' conform to 'PersistentModel' (requirement specified as 'Value' : 'PersistentModel')[0;0m
[0;36m1 |[0;0m protocol PersistentModel {
[0;36m2 |[0;0m public func setValue<Value>(forKey: KeyPath<Self, Value>, to newValue: Value) where Value : PersistentModel}
  [0;36m|[0;0m             `- [1;39mnote: [1;39mcandidate requires that 'InsightPriority' conform to 'PersistentModel' (requirement specified as 'Value' : 'PersistentModel')[0;0m
[0;36m3 |[0;0m 

SwiftData.PersistentModel.setValue:2:13: [1;39mnote: [1;39mcandidate requires that 'InsightPriority' conform to 'RelationshipCollection' (requirement specified as 'Value' : 'RelationshipCollection')[0;0m
[0;36m1 |[0;0m protocol PersistentModel {
[0;36m2 |[0;0m public func setValue<Value, OtherModel>(forKey: KeyPath<Self, Value>, to newValue: Value) where Value : RelationshipCollection, OtherModel == Value.PersistentElement}
  [0;36m|[0;0m             `- [1;39mnote: [1;39mcandidate requires that 'InsightPriority' conform to 'RelationshipCollection' (requirement specified as 'Value' : 'RelationshipCollection')[0;0m
[0;36m3 |[0;0m 

macro expansion @_PersistedProperty:4:23: [1;31merror: [1;39mno exact matches in call to instance method 'setValue'[0;0m
`- /Users/danielstevens/github-projects/tools-automation/MomentumFinance/Shared/RootFinancialInsightModels.swift:217:33: [1;39mnote: [1;39mexpanded code originates here[0;0m
[0;36m215 |[0;0m     public var insightDescription: String  // Renamed from 'description' to avoid SwiftData conflict
[0;36m216 |[0;0m     public var priority: InsightPriority
[0;36m217 |[0;0m     public var type: InsightType
[0;36m    +--- [0;0mmacro expansion @_PersistedProperty [0;36m---------------------------[0;0m
[0;36m    |[0;0m [0;36m2 |[0;0m     @storageRestrictions(accesses: _$backingData, initializes: _type)
[0;36m    |[0;0m [0;36m3 |[0;0m     init(initialValue) {
[0;36m    |[0;0m [0;36m4 |[0;0m         _$backingData.setValue(forKey: \.type, to: initialValue)
[0;36m    |[0;0m   [0;36m|[0;0m                       `- [1;31merror: [1;39mno exact matches in call to instance method 'setValue'[0;0m
[0;36m    |[0;0m [0;36m5 |[0;0m         _type = _SwiftDataNoType()
[0;36m    |[0;0m [0;36m6 |[0;0m     }
[0;36m    +----------------------------------------[0;0m[0;36m---------------------------[0;0m
[0;36m218 |[0;0m     public var confidence: Double  // 0.0 to 1.0
[0;36m219 |[0;0m     public var createdAt: Date

SwiftData.BackingData.setValue:2:6: [1;39mnote: [1;39mcandidate requires that 'InsightType' conform to 'PersistentModel' (requirement specified as 'Value' : 'PersistentModel')[0;0m
[0;36m1 |[0;0m protocol BackingData {
[0;36m2 |[0;0m func setValue<Value>(forKey: KeyPath<Self.Model, Value>, to newValue: Value) where Value : PersistentModel}
  [0;36m|[0;0m      `- [1;39mnote: [1;39mcandidate requires that 'InsightType' conform to 'PersistentModel' (requirement specified as 'Value' : 'PersistentModel')[0;0m
[0;36m3 |[0;0m 

SwiftData.BackingData.setValue:2:6: [1;39mnote: [1;39mcandidate requires that 'InsightType' conform to 'RelationshipCollection' (requirement specified as 'Value' : 'RelationshipCollection')[0;0m
[0;36m1 |[0;0m protocol BackingData {
[0;36m2 |[0;0m func setValue<Value, OtherModel>(forKey: KeyPath<Self.Model, Value>, to newValue: Value) where Value : RelationshipCollection, OtherModel == Value.PersistentElement}
  [0;36m|[0;0m      `- [1;39mnote: [1;39mcandidate requires that 'InsightType' conform to 'RelationshipCollection' (requirement specified as 'Value' : 'RelationshipCollection')[0;0m
[0;36m3 |[0;0m 

macro expansion @_PersistedProperty:9:21: [1;31merror: [1;39mno exact matches in call to instance method 'getValue'[0;0m
`- /Users/danielstevens/github-projects/tools-automation/MomentumFinance/Shared/RootFinancialInsightModels.swift:217:33: [1;39mnote: [1;39mexpanded code originates here[0;0m
[0;36m215 |[0;0m     public var insightDescription: String  // Renamed from 'description' to avoid SwiftData conflict
[0;36m216 |[0;0m     public var priority: InsightPriority
[0;36m217 |[0;0m     public var type: InsightType
[0;36m    +--- [0;0mmacro expansion @_PersistedProperty [0;36m---------------------------[0;0m
[0;36m    |[0;0m [0;36m7 |[0;0m     get {
[0;36m    |[0;0m [0;36m8 |[0;0m         _$observationRegistrar.access(self, keyPath: \.type)
[0;36m    |[0;0m [0;36m9 |[0;0m         return self.getValue(forKey: \.type)
[0;36m    |[0;0m   [0;36m|[0;0m                     `- [1;31merror: [1;39mno exact matches in call to instance method 'getValue'[0;0m
[0;36m    |[0;0m[0;36m10 |[0;0m     }
[0;36m    |[0;0m[0;36m11 |[0;0m     set {
[0;36m    +----------------------------------------[0;0m[0;36m---------------------------[0;0m
[0;36m218 |[0;0m     public var confidence: Double  // 0.0 to 1.0
[0;36m219 |[0;0m     public var createdAt: Date

SwiftData.PersistentModel.getValue:2:13: [1;39mnote: [1;39mcandidate requires that 'InsightType' conform to 'PersistentModel' (requirement specified as 'Value' : 'PersistentModel')[0;0m
[0;36m1 |[0;0m protocol PersistentModel {
[0;36m2 |[0;0m public func getValue<Value>(forKey: KeyPath<Self, Value>) -> Value where Value : PersistentModel}
  [0;36m|[0;0m             `- [1;39mnote: [1;39mcandidate requires that 'InsightType' conform to 'PersistentModel' (requirement specified as 'Value' : 'PersistentModel')[0;0m
[0;36m3 |[0;0m 

SwiftData.PersistentModel.getValue:2:13: [1;39mnote: [1;39mcandidate requires that 'InsightType' conform to 'RelationshipCollection' (requirement specified as 'Value' : 'RelationshipCollection')[0;0m
[0;36m1 |[0;0m protocol PersistentModel {
[0;36m2 |[0;0m public func getValue<Value, OtherModel>(forKey: KeyPath<Self, Value>) -> Value where Value : RelationshipCollection, OtherModel == Value.PersistentElement}
  [0;36m|[0;0m             `- [1;39mnote: [1;39mcandidate requires that 'InsightType' conform to 'RelationshipCollection' (requirement specified as 'Value' : 'RelationshipCollection')[0;0m
[0;36m3 |[0;0m 

macro expansion @_PersistedProperty:13:18: [1;31merror: [1;39mno exact matches in call to instance method 'setValue'[0;0m
`- /Users/danielstevens/github-projects/tools-automation/MomentumFinance/Shared/RootFinancialInsightModels.swift:217:33: [1;39mnote: [1;39mexpanded code originates here[0;0m
[0;36m215 |[0;0m     public var insightDescription: String  // Renamed from 'description' to avoid SwiftData conflict
[0;36m216 |[0;0m     public var priority: InsightPriority
[0;36m217 |[0;0m     public var type: InsightType
[0;36m    +--- [0;0mmacro expansion @_PersistedProperty [0;36m---------------------------[0;0m
[0;36m    |[0;0m[0;36m11 |[0;0m     set {
[0;36m    |[0;0m[0;36m12 |[0;0m         _$observationRegistrar.withMutation(of: self, keyPath: \.type) {
[0;36m    |[0;0m[0;36m13 |[0;0m             self.setValue(forKey: \.type, to: newValue)
[0;36m    |[0;0m   [0;36m|[0;0m                  `- [1;31merror: [1;39mno exact matches in call to instance method 'setValue'[0;0m
[0;36m    |[0;0m[0;36m14 |[0;0m         }
[0;36m    |[0;0m[0;36m15 |[0;0m     }
[0;36m    +----------------------------------------[0;0m[0;36m---------------------------[0;0m
[0;36m218 |[0;0m     public var confidence: Double  // 0.0 to 1.0
[0;36m219 |[0;0m     public var createdAt: Date

SwiftData.PersistentModel.setValue:2:13: [1;39mnote: [1;39mcandidate requires that 'InsightType' conform to 'PersistentModel' (requirement specified as 'Value' : 'PersistentModel')[0;0m
[0;36m1 |[0;0m protocol PersistentModel {
[0;36m2 |[0;0m public func setValue<Value>(forKey: KeyPath<Self, Value>, to newValue: Value) where Value : PersistentModel}
  [0;36m|[0;0m             `- [1;39mnote: [1;39mcandidate requires that 'InsightType' conform to 'PersistentModel' (requirement specified as 'Value' : 'PersistentModel')[0;0m
[0;36m3 |[0;0m 

SwiftData.PersistentModel.setValue:2:13: [1;39mnote: [1;39mcandidate requires that 'InsightType' conform to 'RelationshipCollection' (requirement specified as 'Value' : 'RelationshipCollection')[0;0m
[0;36m1 |[0;0m protocol PersistentModel {
[0;36m2 |[0;0m public func setValue<Value, OtherModel>(forKey: KeyPath<Self, Value>, to newValue: Value) where Value : RelationshipCollection, OtherModel == Value.PersistentElement}
  [0;36m|[0;0m             `- [1;39mnote: [1;39mcandidate requires that 'InsightType' conform to 'RelationshipCollection' (requirement specified as 'Value' : 'RelationshipCollection')[0;0m
[0;36m3 |[0;0m 

macro expansion @_PersistedProperty:4:23: [1;31merror: [1;39mno exact matches in call to instance method 'setValue'[0;0m
`- /Users/danielstevens/github-projects/tools-automation/MomentumFinance/Shared/RootFinancialInsightModels.swift:231:36: [1;39mnote: [1;39mexpanded code originates here[0;0m
[0;36m229 |[0;0m     public var actionRecommendations: [String]  // AI-generated action items
[0;36m230 |[0;0m     public var potentialSavings: Double?  // Estimated savings if action is taken
[0;36m231 |[0;0m     public var riskLevel: RiskLevel  // Associated risk level
[0;36m    +--- [0;0mmacro expansion @_PersistedProperty [0;36m---------------------------[0;0m
[0;36m    |[0;0m [0;36m2 |[0;0m     @storageRestrictions(accesses: _$backingData, initializes: _riskLevel)
[0;36m    |[0;0m [0;36m3 |[0;0m     init(initialValue) {
[0;36m    |[0;0m [0;36m4 |[0;0m         _$backingData.setValue(forKey: \.riskLevel, to: initialValue)
[0;36m    |[0;0m   [0;36m|[0;0m                       `- [1;31merror: [1;39mno exact matches in call to instance method 'setValue'[0;0m
[0;36m    |[0;0m [0;36m5 |[0;0m         _riskLevel = _SwiftDataNoType()
[0;36m    |[0;0m [0;36m6 |[0;0m     }
[0;36m    +----------------------------------------[0;0m[0;36m---------------------------[0;0m
[0;36m232 |[0;0m     public var aiAnalysisVersion: String  // Version of AI model used for analysis
[0;36m233 |[0;0m     public var contextualTags: [String]  // Tags for better categorization

SwiftData.BackingData.setValue:2:6: [1;39mnote: [1;39mcandidate requires that 'RiskLevel' conform to 'PersistentModel' (requirement specified as 'Value' : 'PersistentModel')[0;0m
[0;36m1 |[0;0m protocol BackingData {
[0;36m2 |[0;0m func setValue<Value>(forKey: KeyPath<Self.Model, Value>, to newValue: Value) where Value : PersistentModel}
  [0;36m|[0;0m      `- [1;39mnote: [1;39mcandidate requires that 'RiskLevel' conform to 'PersistentModel' (requirement specified as 'Value' : 'PersistentModel')[0;0m
[0;36m3 |[0;0m 

SwiftData.BackingData.setValue:2:6: [1;39mnote: [1;39mcandidate requires that 'RiskLevel' conform to 'RelationshipCollection' (requirement specified as 'Value' : 'RelationshipCollection')[0;0m
[0;36m1 |[0;0m protocol BackingData {
[0;36m2 |[0;0m func setValue<Value, OtherModel>(forKey: KeyPath<Self.Model, Value>, to newValue: Value) where Value : RelationshipCollection, OtherModel == Value.PersistentElement}
  [0;36m|[0;0m      `- [1;39mnote: [1;39mcandidate requires that 'RiskLevel' conform to 'RelationshipCollection' (requirement specified as 'Value' : 'RelationshipCollection')[0;0m
[0;36m3 |[0;0m 

macro expansion @_PersistedProperty:9:21: [1;31merror: [1;39mno exact matches in call to instance method 'getValue'[0;0m
`- /Users/danielstevens/github-projects/tools-automation/MomentumFinance/Shared/RootFinancialInsightModels.swift:231:36: [1;39mnote: [1;39mexpanded code originates here[0;0m
[0;36m229 |[0;0m     public var actionRecommendations: [String]  // AI-generated action items
[0;36m230 |[0;0m     public var potentialSavings: Double?  // Estimated savings if action is taken
[0;36m231 |[0;0m     public var riskLevel: RiskLevel  // Associated risk level
[0;36m    +--- [0;0mmacro expansion @_PersistedProperty [0;36m---------------------------[0;0m
[0;36m    |[0;0m [0;36m7 |[0;0m     get {
[0;36m    |[0;0m [0;36m8 |[0;0m         _$observationRegistrar.access(self, keyPath: \.riskLevel)
[0;36m    |[0;0m [0;36m9 |[0;0m         return self.getValue(forKey: \.riskLevel)
[0;36m    |[0;0m   [0;36m|[0;0m                     `- [1;31merror: [1;39mno exact matches in call to instance method 'getValue'[0;0m
[0;36m    |[0;0m[0;36m10 |[0;0m     }
[0;36m    |[0;0m[0;36m11 |[0;0m     set {
[0;36m    +----------------------------------------[0;0m[0;36m---------------------------[0;0m
[0;36m232 |[0;0m     public var aiAnalysisVersion: String  // Version of AI model used for analysis
[0;36m233 |[0;0m     public var contextualTags: [String]  // Tags for better categorization

SwiftData.PersistentModel.getValue:2:13: [1;39mnote: [1;39mcandidate requires that 'RiskLevel' conform to 'PersistentModel' (requirement specified as 'Value' : 'PersistentModel')[0;0m
[0;36m1 |[0;0m protocol PersistentModel {
[0;36m2 |[0;0m public func getValue<Value>(forKey: KeyPath<Self, Value>) -> Value where Value : PersistentModel}
  [0;36m|[0;0m             `- [1;39mnote: [1;39mcandidate requires that 'RiskLevel' conform to 'PersistentModel' (requirement specified as 'Value' : 'PersistentModel')[0;0m
[0;36m3 |[0;0m 

SwiftData.PersistentModel.getValue:2:13: [1;39mnote: [1;39mcandidate requires that 'RiskLevel' conform to 'RelationshipCollection' (requirement specified as 'Value' : 'RelationshipCollection')[0;0m
[0;36m1 |[0;0m protocol PersistentModel {
[0;36m2 |[0;0m public func getValue<Value, OtherModel>(forKey: KeyPath<Self, Value>) -> Value where Value : RelationshipCollection, OtherModel == Value.PersistentElement}
  [0;36m|[0;0m             `- [1;39mnote: [1;39mcandidate requires that 'RiskLevel' conform to 'RelationshipCollection' (requirement specified as 'Value' : 'RelationshipCollection')[0;0m
[0;36m3 |[0;0m 

macro expansion @_PersistedProperty:13:18: [1;31merror: [1;39mno exact matches in call to instance method 'setValue'[0;0m
`- /Users/danielstevens/github-projects/tools-automation/MomentumFinance/Shared/RootFinancialInsightModels.swift:231:36: [1;39mnote: [1;39mexpanded code originates here[0;0m
[0;36m229 |[0;0m     public var actionRecommendations: [String]  // AI-generated action items
[0;36m230 |[0;0m     public var potentialSavings: Double?  // Estimated savings if action is taken
[0;36m231 |[0;0m     public var riskLevel: RiskLevel  // Associated risk level
[0;36m    +--- [0;0mmacro expansion @_PersistedProperty [0;36m---------------------------[0;0m
[0;36m    |[0;0m[0;36m11 |[0;0m     set {
[0;36m    |[0;0m[0;36m12 |[0;0m         _$observationRegistrar.withMutation(of: self, keyPath: \.riskLevel) {
[0;36m    |[0;0m[0;36m13 |[0;0m             self.setValue(forKey: \.riskLevel, to: newValue)
[0;36m    |[0;0m   [0;36m|[0;0m                  `- [1;31merror: [1;39mno exact matches in call to instance method 'setValue'[0;0m
[0;36m    |[0;0m[0;36m14 |[0;0m         }
[0;36m    |[0;0m[0;36m15 |[0;0m     }
[0;36m    +----------------------------------------[0;0m[0;36m---------------------------[0;0m
[0;36m232 |[0;0m     public var aiAnalysisVersion: String  // Version of AI model used for analysis
[0;36m233 |[0;0m     public var contextualTags: [String]  // Tags for better categorization

SwiftData.PersistentModel.setValue:2:13: [1;39mnote: [1;39mcandidate requires that 'RiskLevel' conform to 'PersistentModel' (requirement specified as 'Value' : 'PersistentModel')[0;0m
[0;36m1 |[0;0m protocol PersistentModel {
[0;36m2 |[0;0m public func setValue<Value>(forKey: KeyPath<Self, Value>, to newValue: Value) where Value : PersistentModel}
  [0;36m|[0;0m             `- [1;39mnote: [1;39mcandidate requires that 'RiskLevel' conform to 'PersistentModel' (requirement specified as 'Value' : 'PersistentModel')[0;0m
[0;36m3 |[0;0m 

SwiftData.PersistentModel.setValue:2:13: [1;39mnote: [1;39mcandidate requires that 'RiskLevel' conform to 'RelationshipCollection' (requirement specified as 'Value' : 'RelationshipCollection')[0;0m
[0;36m1 |[0;0m protocol PersistentModel {
[0;36m2 |[0;0m public func setValue<Value, OtherModel>(forKey: KeyPath<Self, Value>, to newValue: Value) where Value : RelationshipCollection, OtherModel == Value.PersistentElement}
  [0;36m|[0;0m             `- [1;39mnote: [1;39mcandidate requires that 'RiskLevel' conform to 'RelationshipCollection' (requirement specified as 'Value' : 'RelationshipCollection')[0;0m
[0;36m3 |[0;0m 

/Users/danielstevens/github-projects/tools-automation/MomentumFinance/Shared/Services/FinancialServices.swift:123:19: [1;33mwarning: [1;39mvalue 'columnName' was defined but never used; consider replacing with boolean test[0;0m [#no-usage]
[0;36m121 |[0;0m 
[0;36m122 |[0;0m     private func getColumnIndex(for columnName: String?, in _: [String]) -> Int? {
[0;36m123 |[0;0m         guard let columnName else { return nil }
    [0;36m|[0;0m                   `- [1;33mwarning: [1;39mvalue 'columnName' was defined but never used; consider replacing with boolean test[0;0m [#no-usage]
[0;36m124 |[0;0m         // This is a simplified implementation - in a real app you'd have proper CSV parsing
[0;36m125 |[0;0m         return 0  // Placeholder
[119/148] Compiling Shared ColorTheme.swift
macro expansion @_PersistedProperty:4:23: [1;31merror: [1;39mno exact matches in call to instance method 'setValue'[0;0m
`- /Users/danielstevens/github-projects/tools-automation/MomentumFinance/Shared/RootFinancialInsightModels.swift:216:41: [1;39mnote: [1;39mexpanded code originates here[0;0m
[0;36m214 |[0;0m     public var title: String
[0;36m215 |[0;0m     public var insightDescription: String  // Renamed from 'description' to avoid SwiftData conflict
[0;36m216 |[0;0m     public var priority: InsightPriority
[0;36m    +--- [0;0mmacro expansion @_PersistedProperty [0;36m---------------------------[0;0m
[0;36m    |[0;0m [0;36m2 |[0;0m     @storageRestrictions(accesses: _$backingData, initializes: _priority)
[0;36m    |[0;0m [0;36m3 |[0;0m     init(initialValue) {
[0;36m    |[0;0m [0;36m4 |[0;0m         _$backingData.setValue(forKey: \.priority, to: initialValue)
[0;36m    |[0;0m   [0;36m|[0;0m                       `- [1;31merror: [1;39mno exact matches in call to instance method 'setValue'[0;0m
[0;36m    |[0;0m [0;36m5 |[0;0m         _priority = _SwiftDataNoType()
[0;36m    |[0;0m [0;36m6 |[0;0m     }
[0;36m    +----------------------------------------[0;0m[0;36m---------------------------[0;0m
[0;36m217 |[0;0m     public var type: InsightType
[0;36m218 |[0;0m     public var confidence: Double  // 0.0 to 1.0

SwiftData.BackingData.setValue:2:6: [1;39mnote: [1;39mcandidate requires that 'InsightPriority' conform to 'PersistentModel' (requirement specified as 'Value' : 'PersistentModel')[0;0m
[0;36m1 |[0;0m protocol BackingData {
[0;36m2 |[0;0m func setValue<Value>(forKey: KeyPath<Self.Model, Value>, to newValue: Value) where Value : PersistentModel}
  [0;36m|[0;0m      `- [1;39mnote: [1;39mcandidate requires that 'InsightPriority' conform to 'PersistentModel' (requirement specified as 'Value' : 'PersistentModel')[0;0m
[0;36m3 |[0;0m 

SwiftData.BackingData.setValue:2:6: [1;39mnote: [1;39mcandidate requires that 'InsightPriority' conform to 'RelationshipCollection' (requirement specified as 'Value' : 'RelationshipCollection')[0;0m
[0;36m1 |[0;0m protocol BackingData {
[0;36m2 |[0;0m func setValue<Value, OtherModel>(forKey: KeyPath<Self.Model, Value>, to newValue: Value) where Value : RelationshipCollection, OtherModel == Value.PersistentElement}
  [0;36m|[0;0m      `- [1;39mnote: [1;39mcandidate requires that 'InsightPriority' conform to 'RelationshipCollection' (requirement specified as 'Value' : 'RelationshipCollection')[0;0m
[0;36m3 |[0;0m 

macro expansion @_PersistedProperty:9:21: [1;31merror: [1;39mno exact matches in call to instance method 'getValue'[0;0m
`- /Users/danielstevens/github-projects/tools-automation/MomentumFinance/Shared/RootFinancialInsightModels.swift:216:41: [1;39mnote: [1;39mexpanded code originates here[0;0m
[0;36m214 |[0;0m     public var title: String
[0;36m215 |[0;0m     public var insightDescription: String  // Renamed from 'description' to avoid SwiftData conflict
[0;36m216 |[0;0m     public var priority: InsightPriority
[0;36m    +--- [0;0mmacro expansion @_PersistedProperty [0;36m---------------------------[0;0m
[0;36m    |[0;0m [0;36m7 |[0;0m     get {
[0;36m    |[0;0m [0;36m8 |[0;0m         _$observationRegistrar.access(self, keyPath: \.priority)
[0;36m    |[0;0m [0;36m9 |[0;0m         return self.getValue(forKey: \.priority)
[0;36m    |[0;0m   [0;36m|[0;0m                     `- [1;31merror: [1;39mno exact matches in call to instance method 'getValue'[0;0m
[0;36m    |[0;0m[0;36m10 |[0;0m     }
[0;36m    |[0;0m[0;36m11 |[0;0m     set {
[0;36m    +----------------------------------------[0;0m[0;36m---------------------------[0;0m
[0;36m217 |[0;0m     public var type: InsightType
[0;36m218 |[0;0m     public var confidence: Double  // 0.0 to 1.0

SwiftData.PersistentModel.getValue:2:13: [1;39mnote: [1;39mcandidate requires that 'InsightPriority' conform to 'PersistentModel' (requirement specified as 'Value' : 'PersistentModel')[0;0m
[0;36m1 |[0;0m protocol PersistentModel {
[0;36m2 |[0;0m public func getValue<Value>(forKey: KeyPath<Self, Value>) -> Value where Value : PersistentModel}
  [0;36m|[0;0m             `- [1;39mnote: [1;39mcandidate requires that 'InsightPriority' conform to 'PersistentModel' (requirement specified as 'Value' : 'PersistentModel')[0;0m
[0;36m3 |[0;0m 

SwiftData.PersistentModel.getValue:2:13: [1;39mnote: [1;39mcandidate requires that 'InsightPriority' conform to 'RelationshipCollection' (requirement specified as 'Value' : 'RelationshipCollection')[0;0m
[0;36m1 |[0;0m protocol PersistentModel {
[0;36m2 |[0;0m public func getValue<Value, OtherModel>(forKey: KeyPath<Self, Value>) -> Value where Value : RelationshipCollection, OtherModel == Value.PersistentElement}
  [0;36m|[0;0m             `- [1;39mnote: [1;39mcandidate requires that 'InsightPriority' conform to 'RelationshipCollection' (requirement specified as 'Value' : 'RelationshipCollection')[0;0m
[0;36m3 |[0;0m 

macro expansion @_PersistedProperty:13:18: [1;31merror: [1;39mno exact matches in call to instance method 'setValue'[0;0m
`- /Users/danielstevens/github-projects/tools-automation/MomentumFinance/Shared/RootFinancialInsightModels.swift:216:41: [1;39mnote: [1;39mexpanded code originates here[0;0m
[0;36m214 |[0;0m     public var title: String
[0;36m215 |[0;0m     public var insightDescription: String  // Renamed from 'description' to avoid SwiftData conflict
[0;36m216 |[0;0m     public var priority: InsightPriority
[0;36m    +--- [0;0mmacro expansion @_PersistedProperty [0;36m---------------------------[0;0m
[0;36m    |[0;0m[0;36m11 |[0;0m     set {
[0;36m    |[0;0m[0;36m12 |[0;0m         _$observationRegistrar.withMutation(of: self, keyPath: \.priority) {
[0;36m    |[0;0m[0;36m13 |[0;0m             self.setValue(forKey: \.priority, to: newValue)
[0;36m    |[0;0m   [0;36m|[0;0m                  `- [1;31merror: [1;39mno exact matches in call to instance method 'setValue'[0;0m
[0;36m    |[0;0m[0;36m14 |[0;0m         }
[0;36m    |[0;0m[0;36m15 |[0;0m     }
[0;36m    +----------------------------------------[0;0m[0;36m---------------------------[0;0m
[0;36m217 |[0;0m     public var type: InsightType
[0;36m218 |[0;0m     public var confidence: Double  // 0.0 to 1.0

SwiftData.PersistentModel.setValue:2:13: [1;39mnote: [1;39mcandidate requires that 'InsightPriority' conform to 'PersistentModel' (requirement specified as 'Value' : 'PersistentModel')[0;0m
[0;36m1 |[0;0m protocol PersistentModel {
[0;36m2 |[0;0m public func setValue<Value>(forKey: KeyPath<Self, Value>, to newValue: Value) where Value : PersistentModel}
  [0;36m|[0;0m             `- [1;39mnote: [1;39mcandidate requires that 'InsightPriority' conform to 'PersistentModel' (requirement specified as 'Value' : 'PersistentModel')[0;0m
[0;36m3 |[0;0m 

SwiftData.PersistentModel.setValue:2:13: [1;39mnote: [1;39mcandidate requires that 'InsightPriority' conform to 'RelationshipCollection' (requirement specified as 'Value' : 'RelationshipCollection')[0;0m
[0;36m1 |[0;0m protocol PersistentModel {
[0;36m2 |[0;0m public func setValue<Value, OtherModel>(forKey: KeyPath<Self, Value>, to newValue: Value) where Value : RelationshipCollection, OtherModel == Value.PersistentElement}
  [0;36m|[0;0m             `- [1;39mnote: [1;39mcandidate requires that 'InsightPriority' conform to 'RelationshipCollection' (requirement specified as 'Value' : 'RelationshipCollection')[0;0m
[0;36m3 |[0;0m 

macro expansion @_PersistedProperty:4:23: [1;31merror: [1;39mno exact matches in call to instance method 'setValue'[0;0m
`- /Users/danielstevens/github-projects/tools-automation/MomentumFinance/Shared/RootFinancialInsightModels.swift:217:33: [1;39mnote: [1;39mexpanded code originates here[0;0m
[0;36m215 |[0;0m     public var insightDescription: String  // Renamed from 'description' to avoid SwiftData conflict
[0;36m216 |[0;0m     public var priority: InsightPriority
[0;36m217 |[0;0m     public var type: InsightType
[0;36m    +--- [0;0mmacro expansion @_PersistedProperty [0;36m---------------------------[0;0m
[0;36m    |[0;0m [0;36m2 |[0;0m     @storageRestrictions(accesses: _$backingData, initializes: _type)
[0;36m    |[0;0m [0;36m3 |[0;0m     init(initialValue) {
[0;36m    |[0;0m [0;36m4 |[0;0m         _$backingData.setValue(forKey: \.type, to: initialValue)
[0;36m    |[0;0m   [0;36m|[0;0m                       `- [1;31merror: [1;39mno exact matches in call to instance method 'setValue'[0;0m
[0;36m    |[0;0m [0;36m5 |[0;0m         _type = _SwiftDataNoType()
[0;36m    |[0;0m [0;36m6 |[0;0m     }
[0;36m    +----------------------------------------[0;0m[0;36m---------------------------[0;0m
[0;36m218 |[0;0m     public var confidence: Double  // 0.0 to 1.0
[0;36m219 |[0;0m     public var createdAt: Date

SwiftData.BackingData.setValue:2:6: [1;39mnote: [1;39mcandidate requires that 'InsightType' conform to 'PersistentModel' (requirement specified as 'Value' : 'PersistentModel')[0;0m
[0;36m1 |[0;0m protocol BackingData {
[0;36m2 |[0;0m func setValue<Value>(forKey: KeyPath<Self.Model, Value>, to newValue: Value) where Value : PersistentModel}
  [0;36m|[0;0m      `- [1;39mnote: [1;39mcandidate requires that 'InsightType' conform to 'PersistentModel' (requirement specified as 'Value' : 'PersistentModel')[0;0m
[0;36m3 |[0;0m 

SwiftData.BackingData.setValue:2:6: [1;39mnote: [1;39mcandidate requires that 'InsightType' conform to 'RelationshipCollection' (requirement specified as 'Value' : 'RelationshipCollection')[0;0m
[0;36m1 |[0;0m protocol BackingData {
[0;36m2 |[0;0m func setValue<Value, OtherModel>(forKey: KeyPath<Self.Model, Value>, to newValue: Value) where Value : RelationshipCollection, OtherModel == Value.PersistentElement}
  [0;36m|[0;0m      `- [1;39mnote: [1;39mcandidate requires that 'InsightType' conform to 'RelationshipCollection' (requirement specified as 'Value' : 'RelationshipCollection')[0;0m
[0;36m3 |[0;0m 

macro expansion @_PersistedProperty:9:21: [1;31merror: [1;39mno exact matches in call to instance method 'getValue'[0;0m
`- /Users/danielstevens/github-projects/tools-automation/MomentumFinance/Shared/RootFinancialInsightModels.swift:217:33: [1;39mnote: [1;39mexpanded code originates here[0;0m
[0;36m215 |[0;0m     public var insightDescription: String  // Renamed from 'description' to avoid SwiftData conflict
[0;36m216 |[0;0m     public var priority: InsightPriority
[0;36m217 |[0;0m     public var type: InsightType
[0;36m    +--- [0;0mmacro expansion @_PersistedProperty [0;36m---------------------------[0;0m
[0;36m    |[0;0m [0;36m7 |[0;0m     get {
[0;36m    |[0;0m [0;36m8 |[0;0m         _$observationRegistrar.access(self, keyPath: \.type)
[0;36m    |[0;0m [0;36m9 |[0;0m         return self.getValue(forKey: \.type)
[0;36m    |[0;0m   [0;36m|[0;0m                     `- [1;31merror: [1;39mno exact matches in call to instance method 'getValue'[0;0m
[0;36m    |[0;0m[0;36m10 |[0;0m     }
[0;36m    |[0;0m[0;36m11 |[0;0m     set {
[0;36m    +----------------------------------------[0;0m[0;36m---------------------------[0;0m
[0;36m218 |[0;0m     public var confidence: Double  // 0.0 to 1.0
[0;36m219 |[0;0m     public var createdAt: Date

SwiftData.PersistentModel.getValue:2:13: [1;39mnote: [1;39mcandidate requires that 'InsightType' conform to 'PersistentModel' (requirement specified as 'Value' : 'PersistentModel')[0;0m
[0;36m1 |[0;0m protocol PersistentModel {
[0;36m2 |[0;0m public func getValue<Value>(forKey: KeyPath<Self, Value>) -> Value where Value : PersistentModel}
  [0;36m|[0;0m             `- [1;39mnote: [1;39mcandidate requires that 'InsightType' conform to 'PersistentModel' (requirement specified as 'Value' : 'PersistentModel')[0;0m
[0;36m3 |[0;0m 

SwiftData.PersistentModel.getValue:2:13: [1;39mnote: [1;39mcandidate requires that 'InsightType' conform to 'RelationshipCollection' (requirement specified as 'Value' : 'RelationshipCollection')[0;0m
[0;36m1 |[0;0m protocol PersistentModel {
[0;36m2 |[0;0m public func getValue<Value, OtherModel>(forKey: KeyPath<Self, Value>) -> Value where Value : RelationshipCollection, OtherModel == Value.PersistentElement}
  [0;36m|[0;0m             `- [1;39mnote: [1;39mcandidate requires that 'InsightType' conform to 'RelationshipCollection' (requirement specified as 'Value' : 'RelationshipCollection')[0;0m
[0;36m3 |[0;0m 

macro expansion @_PersistedProperty:13:18: [1;31merror: [1;39mno exact matches in call to instance method 'setValue'[0;0m
`- /Users/danielstevens/github-projects/tools-automation/MomentumFinance/Shared/RootFinancialInsightModels.swift:217:33: [1;39mnote: [1;39mexpanded code originates here[0;0m
[0;36m215 |[0;0m     public var insightDescription: String  // Renamed from 'description' to avoid SwiftData conflict
[0;36m216 |[0;0m     public var priority: InsightPriority
[0;36m217 |[0;0m     public var type: InsightType
[0;36m    +--- [0;0mmacro expansion @_PersistedProperty [0;36m---------------------------[0;0m
[0;36m    |[0;0m[0;36m11 |[0;0m     set {
[0;36m    |[0;0m[0;36m12 |[0;0m         _$observationRegistrar.withMutation(of: self, keyPath: \.type) {
[0;36m    |[0;0m[0;36m13 |[0;0m             self.setValue(forKey: \.type, to: newValue)
[0;36m    |[0;0m   [0;36m|[0;0m                  `- [1;31merror: [1;39mno exact matches in call to instance method 'setValue'[0;0m
[0;36m    |[0;0m[0;36m14 |[0;0m         }
[0;36m    |[0;0m[0;36m15 |[0;0m     }
[0;36m    +----------------------------------------[0;0m[0;36m---------------------------[0;0m
[0;36m218 |[0;0m     public var confidence: Double  // 0.0 to 1.0
[0;36m219 |[0;0m     public var createdAt: Date

SwiftData.PersistentModel.setValue:2:13: [1;39mnote: [1;39mcandidate requires that 'InsightType' conform to 'PersistentModel' (requirement specified as 'Value' : 'PersistentModel')[0;0m
[0;36m1 |[0;0m protocol PersistentModel {
[0;36m2 |[0;0m public func setValue<Value>(forKey: KeyPath<Self, Value>, to newValue: Value) where Value : PersistentModel}
  [0;36m|[0;0m             `- [1;39mnote: [1;39mcandidate requires that 'InsightType' conform to 'PersistentModel' (requirement specified as 'Value' : 'PersistentModel')[0;0m
[0;36m3 |[0;0m 

SwiftData.PersistentModel.setValue:2:13: [1;39mnote: [1;39mcandidate requires that 'InsightType' conform to 'RelationshipCollection' (requirement specified as 'Value' : 'RelationshipCollection')[0;0m
[0;36m1 |[0;0m protocol PersistentModel {
[0;36m2 |[0;0m public func setValue<Value, OtherModel>(forKey: KeyPath<Self, Value>, to newValue: Value) where Value : RelationshipCollection, OtherModel == Value.PersistentElement}
  [0;36m|[0;0m             `- [1;39mnote: [1;39mcandidate requires that 'InsightType' conform to 'RelationshipCollection' (requirement specified as 'Value' : 'RelationshipCollection')[0;0m
[0;36m3 |[0;0m 

macro expansion @_PersistedProperty:4:23: [1;31merror: [1;39mno exact matches in call to instance method 'setValue'[0;0m
`- /Users/danielstevens/github-projects/tools-automation/MomentumFinance/Shared/RootFinancialInsightModels.swift:231:36: [1;39mnote: [1;39mexpanded code originates here[0;0m
[0;36m229 |[0;0m     public var actionRecommendations: [String]  // AI-generated action items
[0;36m230 |[0;0m     public var potentialSavings: Double?  // Estimated savings if action is taken
[0;36m231 |[0;0m     public var riskLevel: RiskLevel  // Associated risk level
[0;36m    +--- [0;0mmacro expansion @_PersistedProperty [0;36m---------------------------[0;0m
[0;36m    |[0;0m [0;36m2 |[0;0m     @storageRestrictions(accesses: _$backingData, initializes: _riskLevel)
[0;36m    |[0;0m [0;36m3 |[0;0m     init(initialValue) {
[0;36m    |[0;0m [0;36m4 |[0;0m         _$backingData.setValue(forKey: \.riskLevel, to: initialValue)
[0;36m    |[0;0m   [0;36m|[0;0m                       `- [1;31merror: [1;39mno exact matches in call to instance method 'setValue'[0;0m
[0;36m    |[0;0m [0;36m5 |[0;0m         _riskLevel = _SwiftDataNoType()
[0;36m    |[0;0m [0;36m6 |[0;0m     }
[0;36m    +----------------------------------------[0;0m[0;36m---------------------------[0;0m
[0;36m232 |[0;0m     public var aiAnalysisVersion: String  // Version of AI model used for analysis
[0;36m233 |[0;0m     public var contextualTags: [String]  // Tags for better categorization

SwiftData.BackingData.setValue:2:6: [1;39mnote: [1;39mcandidate requires that 'RiskLevel' conform to 'PersistentModel' (requirement specified as 'Value' : 'PersistentModel')[0;0m
[0;36m1 |[0;0m protocol BackingData {
[0;36m2 |[0;0m func setValue<Value>(forKey: KeyPath<Self.Model, Value>, to newValue: Value) where Value : PersistentModel}
  [0;36m|[0;0m      `- [1;39mnote: [1;39mcandidate requires that 'RiskLevel' conform to 'PersistentModel' (requirement specified as 'Value' : 'PersistentModel')[0;0m
[0;36m3 |[0;0m 

SwiftData.BackingData.setValue:2:6: [1;39mnote: [1;39mcandidate requires that 'RiskLevel' conform to 'RelationshipCollection' (requirement specified as 'Value' : 'RelationshipCollection')[0;0m
[0;36m1 |[0;0m protocol BackingData {
[0;36m2 |[0;0m func setValue<Value, OtherModel>(forKey: KeyPath<Self.Model, Value>, to newValue: Value) where Value : RelationshipCollection, OtherModel == Value.PersistentElement}
  [0;36m|[0;0m      `- [1;39mnote: [1;39mcandidate requires that 'RiskLevel' conform to 'RelationshipCollection' (requirement specified as 'Value' : 'RelationshipCollection')[0;0m
[0;36m3 |[0;0m 

macro expansion @_PersistedProperty:9:21: [1;31merror: [1;39mno exact matches in call to instance method 'getValue'[0;0m
`- /Users/danielstevens/github-projects/tools-automation/MomentumFinance/Shared/RootFinancialInsightModels.swift:231:36: [1;39mnote: [1;39mexpanded code originates here[0;0m
[0;36m229 |[0;0m     public var actionRecommendations: [String]  // AI-generated action items
[0;36m230 |[0;0m     public var potentialSavings: Double?  // Estimated savings if action is taken
[0;36m231 |[0;0m     public var riskLevel: RiskLevel  // Associated risk level
[0;36m    +--- [0;0mmacro expansion @_PersistedProperty [0;36m---------------------------[0;0m
[0;36m    |[0;0m [0;36m7 |[0;0m     get {
[0;36m    |[0;0m [0;36m8 |[0;0m         _$observationRegistrar.access(self, keyPath: \.riskLevel)
[0;36m    |[0;0m [0;36m9 |[0;0m         return self.getValue(forKey: \.riskLevel)
[0;36m    |[0;0m   [0;36m|[0;0m                     `- [1;31merror: [1;39mno exact matches in call to instance method 'getValue'[0;0m
[0;36m    |[0;0m[0;36m10 |[0;0m     }
[0;36m    |[0;0m[0;36m11 |[0;0m     set {
[0;36m    +----------------------------------------[0;0m[0;36m---------------------------[0;0m
[0;36m232 |[0;0m     public var aiAnalysisVersion: String  // Version of AI model used for analysis
[0;36m233 |[0;0m     public var contextualTags: [String]  // Tags for better categorization

SwiftData.PersistentModel.getValue:2:13: [1;39mnote: [1;39mcandidate requires that 'RiskLevel' conform to 'PersistentModel' (requirement specified as 'Value' : 'PersistentModel')[0;0m
[0;36m1 |[0;0m protocol PersistentModel {
[0;36m2 |[0;0m public func getValue<Value>(forKey: KeyPath<Self, Value>) -> Value where Value : PersistentModel}
  [0;36m|[0;0m             `- [1;39mnote: [1;39mcandidate requires that 'RiskLevel' conform to 'PersistentModel' (requirement specified as 'Value' : 'PersistentModel')[0;0m
[0;36m3 |[0;0m 

SwiftData.PersistentModel.getValue:2:13: [1;39mnote: [1;39mcandidate requires that 'RiskLevel' conform to 'RelationshipCollection' (requirement specified as 'Value' : 'RelationshipCollection')[0;0m
[0;36m1 |[0;0m protocol PersistentModel {
[0;36m2 |[0;0m public func getValue<Value, OtherModel>(forKey: KeyPath<Self, Value>) -> Value where Value : RelationshipCollection, OtherModel == Value.PersistentElement}
  [0;36m|[0;0m             `- [1;39mnote: [1;39mcandidate requires that 'RiskLevel' conform to 'RelationshipCollection' (requirement specified as 'Value' : 'RelationshipCollection')[0;0m
[0;36m3 |[0;0m 

macro expansion @_PersistedProperty:13:18: [1;31merror: [1;39mno exact matches in call to instance method 'setValue'[0;0m
`- /Users/danielstevens/github-projects/tools-automation/MomentumFinance/Shared/RootFinancialInsightModels.swift:231:36: [1;39mnote: [1;39mexpanded code originates here[0;0m
[0;36m229 |[0;0m     public var actionRecommendations: [String]  // AI-generated action items
[0;36m230 |[0;0m     public var potentialSavings: Double?  // Estimated savings if action is taken
[0;36m231 |[0;0m     public var riskLevel: RiskLevel  // Associated risk level
[0;36m    +--- [0;0mmacro expansion @_PersistedProperty [0;36m---------------------------[0;0m
[0;36m    |[0;0m[0;36m11 |[0;0m     set {
[0;36m    |[0;0m[0;36m12 |[0;0m         _$observationRegistrar.withMutation(of: self, keyPath: \.riskLevel) {
[0;36m    |[0;0m[0;36m13 |[0;0m             self.setValue(forKey: \.riskLevel, to: newValue)
[0;36m    |[0;0m   [0;36m|[0;0m                  `- [1;31merror: [1;39mno exact matches in call to instance method 'setValue'[0;0m
[0;36m    |[0;0m[0;36m14 |[0;0m         }
[0;36m    |[0;0m[0;36m15 |[0;0m     }
[0;36m    +----------------------------------------[0;0m[0;36m---------------------------[0;0m
[0;36m232 |[0;0m     public var aiAnalysisVersion: String  // Version of AI model used for analysis
[0;36m233 |[0;0m     public var contextualTags: [String]  // Tags for better categorization

SwiftData.PersistentModel.setValue:2:13: [1;39mnote: [1;39mcandidate requires that 'RiskLevel' conform to 'PersistentModel' (requirement specified as 'Value' : 'PersistentModel')[0;0m
[0;36m1 |[0;0m protocol PersistentModel {
[0;36m2 |[0;0m public func setValue<Value>(forKey: KeyPath<Self, Value>, to newValue: Value) where Value : PersistentModel}
  [0;36m|[0;0m             `- [1;39mnote: [1;39mcandidate requires that 'RiskLevel' conform to 'PersistentModel' (requirement specified as 'Value' : 'PersistentModel')[0;0m
[0;36m3 |[0;0m 

SwiftData.PersistentModel.setValue:2:13: [1;39mnote: [1;39mcandidate requires that 'RiskLevel' conform to 'RelationshipCollection' (requirement specified as 'Value' : 'RelationshipCollection')[0;0m
[0;36m1 |[0;0m protocol PersistentModel {
[0;36m2 |[0;0m public func setValue<Value, OtherModel>(forKey: KeyPath<Self, Value>, to newValue: Value) where Value : RelationshipCollection, OtherModel == Value.PersistentElement}
  [0;36m|[0;0m             `- [1;39mnote: [1;39mcandidate requires that 'RiskLevel' conform to 'RelationshipCollection' (requirement specified as 'Value' : 'RelationshipCollection')[0;0m
[0;36m3 |[0;0m 

/Users/danielstevens/github-projects/tools-automation/MomentumFinance/Shared/Services/FinancialServices.swift:123:19: [1;33mwarning: [1;39mvalue 'columnName' was defined but never used; consider replacing with boolean test[0;0m [#no-usage]
[0;36m121 |[0;0m 
[0;36m122 |[0;0m     private func getColumnIndex(for columnName: String?, in _: [String]) -> Int? {
[0;36m123 |[0;0m         guard let columnName else { return nil }
    [0;36m|[0;0m                   `- [1;33mwarning: [1;39mvalue 'columnName' was defined but never used; consider replacing with boolean test[0;0m [#no-usage]
[0;36m124 |[0;0m         // This is a simplified implementation - in a real app you'd have proper CSV parsing
[0;36m125 |[0;0m         return 0  // Placeholder
[120/148] Compiling Shared FinancialInsightModels.swift
/Users/danielstevens/github-projects/tools-automation/MomentumFinance/Shared/Intelligence/FinancialIntelligenceService.Forecasting.swift:19:53: [1;31merror: [1;39mcannot find 'values' in scope[0;0m
 [0;36m17 |[0;0m         let sortedMonths = monthlyPairs
 [0;36m18 |[0;0m         if sortedMonths.count >= 3 {
 [0;36m19 |[0;0m             let trend = fi_trendAndForecast(values: [4;39mvalues[0;0m)
    [0;36m|[0;0m                                                     `- [1;31merror: [1;39mcannot find 'values' in scope[0;0m
 [0;36m20 |[0;0m 
 [0;36m21 |[0;0m             if let nextMonthForecast = trend.nextForecast {

/Users/danielstevens/github-projects/tools-automation/MomentumFinance/Shared/Intelligence/FinancialIntelligenceService.Forecasting.swift:32:27: [1;31merror: [1;39mcannot find 'trendDirection' in scope[0;0m
 [0;36m30 |[0;0m                     title = "Potential Negative Cash Flow"
 [0;36m31 |[0;0m                     priority = .high
 [0;36m32 |[0;0m                 } else if [4;39mtrendDirection[0;0m == "improving" {
    [0;36m|[0;0m                           `- [1;31merror: [1;39mcannot find 'trendDirection' in scope[0;0m
 [0;36m33 |[0;0m                     title = "Improving Cash Flow"
 [0;36m34 |[0;0m                     priority = .low

/Users/danielstevens/github-projects/tools-automation/MomentumFinance/Shared/Intelligence/FinancialIntelligenceService.Forecasting.swift:49:34: [1;31merror: [1;39mcannot find 'values' in scope[0;0m
 [0;36m47 |[0;0m                 }
 [0;36m48 |[0;0m 
 [0;36m49 |[0;0m                 let lastValues = [4;39mvalues[0;0m.suffix(3)
    [0;36m|[0;0m                                  `- [1;31merror: [1;39mcannot find 'values' in scope[0;0m
 [0;36m50 |[0;0m                 var chartData: [(String, Double)] = Array(zip(lastMonths, lastValues))
 [0;36m51 |[0;0m                 chartData.append((forecastLabels.last ?? "Next", nextMonthForecast))

/Users/danielstevens/github-projects/tools-automation/MomentumFinance/Shared/Intelligence/FinancialIntelligenceService.Forecasting.swift:54:50: [1;31merror: [1;39mcannot find 'trendDirection' in scope[0;0m
 [0;36m52 |[0;0m 
 [0;36m53 |[0;0m                 let nextMonthFormatted = fi_formatCurrency(nextMonthForecast, code: "USD")
 [0;36m54 |[0;0m                 let descA = "Your cash flow is \([4;39mtrendDirection[0;0m)."
    [0;36m|[0;0m                                                  `- [1;31merror: [1;39mcannot find 'trendDirection' in scope[0;0m
 [0;36m55 |[0;0m                 let descB = " Next month's estimated net flow is \(nextMonthFormatted)."
 [0;36m56 |[0;0m                 let insight = FinancialInsight(

/Users/danielstevens/github-projects/tools-automation/MomentumFinance/Shared/Intelligence/FinancialMLModels.swift:96:13: [1;33mwarning: [1;39minitialization of immutable value 'categoryName' was never used; consider replacing with assignment to '_' or removing it[0;0m [#no-usage]
 [0;36m94 |[0;0m     /// Suggests a category for a transaction based on its classification
 [0;36m95 |[0;0m     func suggestCategoryForTransaction(_ transaction: FinancialTransaction) -> ExpenseCategory? {
 [0;36m96 |[0;0m         let categoryName = self.classifyTransaction(transaction)
    [0;36m|[0;0m             `- [1;33mwarning: [1;39minitialization of immutable value 'categoryName' was never used; consider replacing with assignment to '_' or removing it[0;0m [#no-usage]
 [0;36m97 |[0;0m         // Note: In a real app we'd fetch from context,
 [0;36m98 |[0;0m         // but for now we return a stub or nil if not found
[121/148] Compiling Shared FinancialIntelligenceService.Anomaly.swift
/Users/danielstevens/github-projects/tools-automation/MomentumFinance/Shared/Intelligence/FinancialIntelligenceService.Forecasting.swift:19:53: [1;31merror: [1;39mcannot find 'values' in scope[0;0m
 [0;36m17 |[0;0m         let sortedMonths = monthlyPairs
 [0;36m18 |[0;0m         if sortedMonths.count >= 3 {
 [0;36m19 |[0;0m             let trend = fi_trendAndForecast(values: [4;39mvalues[0;0m)
    [0;36m|[0;0m                                                     `- [1;31merror: [1;39mcannot find 'values' in scope[0;0m
 [0;36m20 |[0;0m 
 [0;36m21 |[0;0m             if let nextMonthForecast = trend.nextForecast {

/Users/danielstevens/github-projects/tools-automation/MomentumFinance/Shared/Intelligence/FinancialIntelligenceService.Forecasting.swift:32:27: [1;31merror: [1;39mcannot find 'trendDirection' in scope[0;0m
 [0;36m30 |[0;0m                     title = "Potential Negative Cash Flow"
 [0;36m31 |[0;0m                     priority = .high
 [0;36m32 |[0;0m                 } else if [4;39mtrendDirection[0;0m == "improving" {
    [0;36m|[0;0m                           `- [1;31merror: [1;39mcannot find 'trendDirection' in scope[0;0m
 [0;36m33 |[0;0m                     title = "Improving Cash Flow"
 [0;36m34 |[0;0m                     priority = .low

/Users/danielstevens/github-projects/tools-automation/MomentumFinance/Shared/Intelligence/FinancialIntelligenceService.Forecasting.swift:49:34: [1;31merror: [1;39mcannot find 'values' in scope[0;0m
 [0;36m47 |[0;0m                 }
 [0;36m48 |[0;0m 
 [0;36m49 |[0;0m                 let lastValues = [4;39mvalues[0;0m.suffix(3)
    [0;36m|[0;0m                                  `- [1;31merror: [1;39mcannot find 'values' in scope[0;0m
 [0;36m50 |[0;0m                 var chartData: [(String, Double)] = Array(zip(lastMonths, lastValues))
 [0;36m51 |[0;0m                 chartData.append((forecastLabels.last ?? "Next", nextMonthForecast))

/Users/danielstevens/github-projects/tools-automation/MomentumFinance/Shared/Intelligence/FinancialIntelligenceService.Forecasting.swift:54:50: [1;31merror: [1;39mcannot find 'trendDirection' in scope[0;0m
 [0;36m52 |[0;0m 
 [0;36m53 |[0;0m                 let nextMonthFormatted = fi_formatCurrency(nextMonthForecast, code: "USD")
 [0;36m54 |[0;0m                 let descA = "Your cash flow is \([4;39mtrendDirection[0;0m)."
    [0;36m|[0;0m                                                  `- [1;31merror: [1;39mcannot find 'trendDirection' in scope[0;0m
 [0;36m55 |[0;0m                 let descB = " Next month's estimated net flow is \(nextMonthFormatted)."
 [0;36m56 |[0;0m                 let insight = FinancialInsight(

/Users/danielstevens/github-projects/tools-automation/MomentumFinance/Shared/Intelligence/FinancialMLModels.swift:96:13: [1;33mwarning: [1;39minitialization of immutable value 'categoryName' was never used; consider replacing with assignment to '_' or removing it[0;0m [#no-usage]
 [0;36m94 |[0;0m     /// Suggests a category for a transaction based on its classification
 [0;36m95 |[0;0m     func suggestCategoryForTransaction(_ transaction: FinancialTransaction) -> ExpenseCategory? {
 [0;36m96 |[0;0m         let categoryName = self.classifyTransaction(transaction)
    [0;36m|[0;0m             `- [1;33mwarning: [1;39minitialization of immutable value 'categoryName' was never used; consider replacing with assignment to '_' or removing it[0;0m [#no-usage]
 [0;36m97 |[0;0m         // Note: In a real app we'd fetch from context,
 [0;36m98 |[0;0m         // but for now we return a stub or nil if not found
[122/148] Compiling Shared FinancialIntelligenceService.Budgets.swift
/Users/danielstevens/github-projects/tools-automation/MomentumFinance/Shared/Intelligence/FinancialIntelligenceService.Forecasting.swift:19:53: [1;31merror: [1;39mcannot find 'values' in scope[0;0m
 [0;36m17 |[0;0m         let sortedMonths = monthlyPairs
 [0;36m18 |[0;0m         if sortedMonths.count >= 3 {
 [0;36m19 |[0;0m             let trend = fi_trendAndForecast(values: [4;39mvalues[0;0m)
    [0;36m|[0;0m                                                     `- [1;31merror: [1;39mcannot find 'values' in scope[0;0m
 [0;36m20 |[0;0m 
 [0;36m21 |[0;0m             if let nextMonthForecast = trend.nextForecast {

/Users/danielstevens/github-projects/tools-automation/MomentumFinance/Shared/Intelligence/FinancialIntelligenceService.Forecasting.swift:32:27: [1;31merror: [1;39mcannot find 'trendDirection' in scope[0;0m
 [0;36m30 |[0;0m                     title = "Potential Negative Cash Flow"
 [0;36m31 |[0;0m                     priority = .high
 [0;36m32 |[0;0m                 } else if [4;39mtrendDirection[0;0m == "improving" {
    [0;36m|[0;0m                           `- [1;31merror: [1;39mcannot find 'trendDirection' in scope[0;0m
 [0;36m33 |[0;0m                     title = "Improving Cash Flow"
 [0;36m34 |[0;0m                     priority = .low

/Users/danielstevens/github-projects/tools-automation/MomentumFinance/Shared/Intelligence/FinancialIntelligenceService.Forecasting.swift:49:34: [1;31merror: [1;39mcannot find 'values' in scope[0;0m
 [0;36m47 |[0;0m                 }
 [0;36m48 |[0;0m 
 [0;36m49 |[0;0m                 let lastValues = [4;39mvalues[0;0m.suffix(3)
    [0;36m|[0;0m                                  `- [1;31merror: [1;39mcannot find 'values' in scope[0;0m
 [0;36m50 |[0;0m                 var chartData: [(String, Double)] = Array(zip(lastMonths, lastValues))
 [0;36m51 |[0;0m                 chartData.append((forecastLabels.last ?? "Next", nextMonthForecast))

/Users/danielstevens/github-projects/tools-automation/MomentumFinance/Shared/Intelligence/FinancialIntelligenceService.Forecasting.swift:54:50: [1;31merror: [1;39mcannot find 'trendDirection' in scope[0;0m
 [0;36m52 |[0;0m 
 [0;36m53 |[0;0m                 let nextMonthFormatted = fi_formatCurrency(nextMonthForecast, code: "USD")
 [0;36m54 |[0;0m                 let descA = "Your cash flow is \([4;39mtrendDirection[0;0m)."
    [0;36m|[0;0m                                                  `- [1;31merror: [1;39mcannot find 'trendDirection' in scope[0;0m
 [0;36m55 |[0;0m                 let descB = " Next month's estimated net flow is \(nextMonthFormatted)."
 [0;36m56 |[0;0m                 let insight = FinancialInsight(

/Users/danielstevens/github-projects/tools-automation/MomentumFinance/Shared/Intelligence/FinancialMLModels.swift:96:13: [1;33mwarning: [1;39minitialization of immutable value 'categoryName' was never used; consider replacing with assignment to '_' or removing it[0;0m [#no-usage]
 [0;36m94 |[0;0m     /// Suggests a category for a transaction based on its classification
 [0;36m95 |[0;0m     func suggestCategoryForTransaction(_ transaction: FinancialTransaction) -> ExpenseCategory? {
 [0;36m96 |[0;0m         let categoryName = self.classifyTransaction(transaction)
    [0;36m|[0;0m             `- [1;33mwarning: [1;39minitialization of immutable value 'categoryName' was never used; consider replacing with assignment to '_' or removing it[0;0m [#no-usage]
 [0;36m97 |[0;0m         // Note: In a real app we'd fetch from context,
 [0;36m98 |[0;0m         // but for now we return a stub or nil if not found
[123/148] Compiling Shared FinancialIntelligenceService.Forecasting.swift
/Users/danielstevens/github-projects/tools-automation/MomentumFinance/Shared/Intelligence/FinancialIntelligenceService.Forecasting.swift:19:53: [1;31merror: [1;39mcannot find 'values' in scope[0;0m
 [0;36m17 |[0;0m         let sortedMonths = monthlyPairs
 [0;36m18 |[0;0m         if sortedMonths.count >= 3 {
 [0;36m19 |[0;0m             let trend = fi_trendAndForecast(values: [4;39mvalues[0;0m)
    [0;36m|[0;0m                                                     `- [1;31merror: [1;39mcannot find 'values' in scope[0;0m
 [0;36m20 |[0;0m 
 [0;36m21 |[0;0m             if let nextMonthForecast = trend.nextForecast {

/Users/danielstevens/github-projects/tools-automation/MomentumFinance/Shared/Intelligence/FinancialIntelligenceService.Forecasting.swift:32:27: [1;31merror: [1;39mcannot find 'trendDirection' in scope[0;0m
 [0;36m30 |[0;0m                     title = "Potential Negative Cash Flow"
 [0;36m31 |[0;0m                     priority = .high
 [0;36m32 |[0;0m                 } else if [4;39mtrendDirection[0;0m == "improving" {
    [0;36m|[0;0m                           `- [1;31merror: [1;39mcannot find 'trendDirection' in scope[0;0m
 [0;36m33 |[0;0m                     title = "Improving Cash Flow"
 [0;36m34 |[0;0m                     priority = .low

/Users/danielstevens/github-projects/tools-automation/MomentumFinance/Shared/Intelligence/FinancialIntelligenceService.Forecasting.swift:49:34: [1;31merror: [1;39mcannot find 'values' in scope[0;0m
 [0;36m47 |[0;0m                 }
 [0;36m48 |[0;0m 
 [0;36m49 |[0;0m                 let lastValues = [4;39mvalues[0;0m.suffix(3)
    [0;36m|[0;0m                                  `- [1;31merror: [1;39mcannot find 'values' in scope[0;0m
 [0;36m50 |[0;0m                 var chartData: [(String, Double)] = Array(zip(lastMonths, lastValues))
 [0;36m51 |[0;0m                 chartData.append((forecastLabels.last ?? "Next", nextMonthForecast))

/Users/danielstevens/github-projects/tools-automation/MomentumFinance/Shared/Intelligence/FinancialIntelligenceService.Forecasting.swift:54:50: [1;31merror: [1;39mcannot find 'trendDirection' in scope[0;0m
 [0;36m52 |[0;0m 
 [0;36m53 |[0;0m                 let nextMonthFormatted = fi_formatCurrency(nextMonthForecast, code: "USD")
 [0;36m54 |[0;0m                 let descA = "Your cash flow is \([4;39mtrendDirection[0;0m)."
    [0;36m|[0;0m                                                  `- [1;31merror: [1;39mcannot find 'trendDirection' in scope[0;0m
 [0;36m55 |[0;0m                 let descB = " Next month's estimated net flow is \(nextMonthFormatted)."
 [0;36m56 |[0;0m                 let insight = FinancialInsight(

/Users/danielstevens/github-projects/tools-automation/MomentumFinance/Shared/Intelligence/FinancialMLModels.swift:96:13: [1;33mwarning: [1;39minitialization of immutable value 'categoryName' was never used; consider replacing with assignment to '_' or removing it[0;0m [#no-usage]
 [0;36m94 |[0;0m     /// Suggests a category for a transaction based on its classification
 [0;36m95 |[0;0m     func suggestCategoryForTransaction(_ transaction: FinancialTransaction) -> ExpenseCategory? {
 [0;36m96 |[0;0m         let categoryName = self.classifyTransaction(transaction)
    [0;36m|[0;0m             `- [1;33mwarning: [1;39minitialization of immutable value 'categoryName' was never used; consider replacing with assignment to '_' or removing it[0;0m [#no-usage]
 [0;36m97 |[0;0m         // Note: In a real app we'd fetch from context,
 [0;36m98 |[0;0m         // but for now we return a stub or nil if not found
[124/148] Compiling Shared FinancialIntelligenceService.Helpers.swift
/Users/danielstevens/github-projects/tools-automation/MomentumFinance/Shared/Intelligence/FinancialIntelligenceService.Forecasting.swift:19:53: [1;31merror: [1;39mcannot find 'values' in scope[0;0m
 [0;36m17 |[0;0m         let sortedMonths = monthlyPairs
 [0;36m18 |[0;0m         if sortedMonths.count >= 3 {
 [0;36m19 |[0;0m             let trend = fi_trendAndForecast(values: [4;39mvalues[0;0m)
    [0;36m|[0;0m                                                     `- [1;31merror: [1;39mcannot find 'values' in scope[0;0m
 [0;36m20 |[0;0m 
 [0;36m21 |[0;0m             if let nextMonthForecast = trend.nextForecast {

/Users/danielstevens/github-projects/tools-automation/MomentumFinance/Shared/Intelligence/FinancialIntelligenceService.Forecasting.swift:32:27: [1;31merror: [1;39mcannot find 'trendDirection' in scope[0;0m
 [0;36m30 |[0;0m                     title = "Potential Negative Cash Flow"
 [0;36m31 |[0;0m                     priority = .high
 [0;36m32 |[0;0m                 } else if [4;39mtrendDirection[0;0m == "improving" {
    [0;36m|[0;0m                           `- [1;31merror: [1;39mcannot find 'trendDirection' in scope[0;0m
 [0;36m33 |[0;0m                     title = "Improving Cash Flow"
 [0;36m34 |[0;0m                     priority = .low

/Users/danielstevens/github-projects/tools-automation/MomentumFinance/Shared/Intelligence/FinancialIntelligenceService.Forecasting.swift:49:34: [1;31merror: [1;39mcannot find 'values' in scope[0;0m
 [0;36m47 |[0;0m                 }
 [0;36m48 |[0;0m 
 [0;36m49 |[0;0m                 let lastValues = [4;39mvalues[0;0m.suffix(3)
    [0;36m|[0;0m                                  `- [1;31merror: [1;39mcannot find 'values' in scope[0;0m
 [0;36m50 |[0;0m                 var chartData: [(String, Double)] = Array(zip(lastMonths, lastValues))
 [0;36m51 |[0;0m                 chartData.append((forecastLabels.last ?? "Next", nextMonthForecast))

/Users/danielstevens/github-projects/tools-automation/MomentumFinance/Shared/Intelligence/FinancialIntelligenceService.Forecasting.swift:54:50: [1;31merror: [1;39mcannot find 'trendDirection' in scope[0;0m
 [0;36m52 |[0;0m 
 [0;36m53 |[0;0m                 let nextMonthFormatted = fi_formatCurrency(nextMonthForecast, code: "USD")
 [0;36m54 |[0;0m                 let descA = "Your cash flow is \([4;39mtrendDirection[0;0m)."
    [0;36m|[0;0m                                                  `- [1;31merror: [1;39mcannot find 'trendDirection' in scope[0;0m
 [0;36m55 |[0;0m                 let descB = " Next month's estimated net flow is \(nextMonthFormatted)."
 [0;36m56 |[0;0m                 let insight = FinancialInsight(

/Users/danielstevens/github-projects/tools-automation/MomentumFinance/Shared/Intelligence/FinancialMLModels.swift:96:13: [1;33mwarning: [1;39minitialization of immutable value 'categoryName' was never used; consider replacing with assignment to '_' or removing it[0;0m [#no-usage]
 [0;36m94 |[0;0m     /// Suggests a category for a transaction based on its classification
 [0;36m95 |[0;0m     func suggestCategoryForTransaction(_ transaction: FinancialTransaction) -> ExpenseCategory? {
 [0;36m96 |[0;0m         let categoryName = self.classifyTransaction(transaction)
    [0;36m|[0;0m             `- [1;33mwarning: [1;39minitialization of immutable value 'categoryName' was never used; consider replacing with assignment to '_' or removing it[0;0m [#no-usage]
 [0;36m97 |[0;0m         // Note: In a real app we'd fetch from context,
 [0;36m98 |[0;0m         // but for now we return a stub or nil if not found
[125/148] Compiling Shared FinancialIntelligenceService.Optimizations.swift
/Users/danielstevens/github-projects/tools-automation/MomentumFinance/Shared/Intelligence/FinancialIntelligenceService.Forecasting.swift:19:53: [1;31merror: [1;39mcannot find 'values' in scope[0;0m
 [0;36m17 |[0;0m         let sortedMonths = monthlyPairs
 [0;36m18 |[0;0m         if sortedMonths.count >= 3 {
 [0;36m19 |[0;0m             let trend = fi_trendAndForecast(values: [4;39mvalues[0;0m)
    [0;36m|[0;0m                                                     `- [1;31merror: [1;39mcannot find 'values' in scope[0;0m
 [0;36m20 |[0;0m 
 [0;36m21 |[0;0m             if let nextMonthForecast = trend.nextForecast {

/Users/danielstevens/github-projects/tools-automation/MomentumFinance/Shared/Intelligence/FinancialIntelligenceService.Forecasting.swift:32:27: [1;31merror: [1;39mcannot find 'trendDirection' in scope[0;0m
 [0;36m30 |[0;0m                     title = "Potential Negative Cash Flow"
 [0;36m31 |[0;0m                     priority = .high
 [0;36m32 |[0;0m                 } else if [4;39mtrendDirection[0;0m == "improving" {
    [0;36m|[0;0m                           `- [1;31merror: [1;39mcannot find 'trendDirection' in scope[0;0m
 [0;36m33 |[0;0m                     title = "Improving Cash Flow"
 [0;36m34 |[0;0m                     priority = .low

/Users/danielstevens/github-projects/tools-automation/MomentumFinance/Shared/Intelligence/FinancialIntelligenceService.Forecasting.swift:49:34: [1;31merror: [1;39mcannot find 'values' in scope[0;0m
 [0;36m47 |[0;0m                 }
 [0;36m48 |[0;0m 
 [0;36m49 |[0;0m                 let lastValues = [4;39mvalues[0;0m.suffix(3)
    [0;36m|[0;0m                                  `- [1;31merror: [1;39mcannot find 'values' in scope[0;0m
 [0;36m50 |[0;0m                 var chartData: [(String, Double)] = Array(zip(lastMonths, lastValues))
 [0;36m51 |[0;0m                 chartData.append((forecastLabels.last ?? "Next", nextMonthForecast))

/Users/danielstevens/github-projects/tools-automation/MomentumFinance/Shared/Intelligence/FinancialIntelligenceService.Forecasting.swift:54:50: [1;31merror: [1;39mcannot find 'trendDirection' in scope[0;0m
 [0;36m52 |[0;0m 
 [0;36m53 |[0;0m                 let nextMonthFormatted = fi_formatCurrency(nextMonthForecast, code: "USD")
 [0;36m54 |[0;0m                 let descA = "Your cash flow is \([4;39mtrendDirection[0;0m)."
    [0;36m|[0;0m                                                  `- [1;31merror: [1;39mcannot find 'trendDirection' in scope[0;0m
 [0;36m55 |[0;0m                 let descB = " Next month's estimated net flow is \(nextMonthFormatted)."
 [0;36m56 |[0;0m                 let insight = FinancialInsight(

/Users/danielstevens/github-projects/tools-automation/MomentumFinance/Shared/Intelligence/FinancialMLModels.swift:96:13: [1;33mwarning: [1;39minitialization of immutable value 'categoryName' was never used; consider replacing with assignment to '_' or removing it[0;0m [#no-usage]
 [0;36m94 |[0;0m     /// Suggests a category for a transaction based on its classification
 [0;36m95 |[0;0m     func suggestCategoryForTransaction(_ transaction: FinancialTransaction) -> ExpenseCategory? {
 [0;36m96 |[0;0m         let categoryName = self.classifyTransaction(transaction)
    [0;36m|[0;0m             `- [1;33mwarning: [1;39minitialization of immutable value 'categoryName' was never used; consider replacing with assignment to '_' or removing it[0;0m [#no-usage]
 [0;36m97 |[0;0m         // Note: In a real app we'd fetch from context,
 [0;36m98 |[0;0m         // but for now we return a stub or nil if not found
[126/148] Compiling Shared FinancialIntelligenceService.Spending.swift
/Users/danielstevens/github-projects/tools-automation/MomentumFinance/Shared/Intelligence/FinancialIntelligenceService.Forecasting.swift:19:53: [1;31merror: [1;39mcannot find 'values' in scope[0;0m
 [0;36m17 |[0;0m         let sortedMonths = monthlyPairs
 [0;36m18 |[0;0m         if sortedMonths.count >= 3 {
 [0;36m19 |[0;0m             let trend = fi_trendAndForecast(values: [4;39mvalues[0;0m)
    [0;36m|[0;0m                                                     `- [1;31merror: [1;39mcannot find 'values' in scope[0;0m
 [0;36m20 |[0;0m 
 [0;36m21 |[0;0m             if let nextMonthForecast = trend.nextForecast {

/Users/danielstevens/github-projects/tools-automation/MomentumFinance/Shared/Intelligence/FinancialIntelligenceService.Forecasting.swift:32:27: [1;31merror: [1;39mcannot find 'trendDirection' in scope[0;0m
 [0;36m30 |[0;0m                     title = "Potential Negative Cash Flow"
 [0;36m31 |[0;0m                     priority = .high
 [0;36m32 |[0;0m                 } else if [4;39mtrendDirection[0;0m == "improving" {
    [0;36m|[0;0m                           `- [1;31merror: [1;39mcannot find 'trendDirection' in scope[0;0m
 [0;36m33 |[0;0m                     title = "Improving Cash Flow"
 [0;36m34 |[0;0m                     priority = .low

/Users/danielstevens/github-projects/tools-automation/MomentumFinance/Shared/Intelligence/FinancialIntelligenceService.Forecasting.swift:49:34: [1;31merror: [1;39mcannot find 'values' in scope[0;0m
 [0;36m47 |[0;0m                 }
 [0;36m48 |[0;0m 
 [0;36m49 |[0;0m                 let lastValues = [4;39mvalues[0;0m.suffix(3)
    [0;36m|[0;0m                                  `- [1;31merror: [1;39mcannot find 'values' in scope[0;0m
 [0;36m50 |[0;0m                 var chartData: [(String, Double)] = Array(zip(lastMonths, lastValues))
 [0;36m51 |[0;0m                 chartData.append((forecastLabels.last ?? "Next", nextMonthForecast))

/Users/danielstevens/github-projects/tools-automation/MomentumFinance/Shared/Intelligence/FinancialIntelligenceService.Forecasting.swift:54:50: [1;31merror: [1;39mcannot find 'trendDirection' in scope[0;0m
 [0;36m52 |[0;0m 
 [0;36m53 |[0;0m                 let nextMonthFormatted = fi_formatCurrency(nextMonthForecast, code: "USD")
 [0;36m54 |[0;0m                 let descA = "Your cash flow is \([4;39mtrendDirection[0;0m)."
    [0;36m|[0;0m                                                  `- [1;31merror: [1;39mcannot find 'trendDirection' in scope[0;0m
 [0;36m55 |[0;0m                 let descB = " Next month's estimated net flow is \(nextMonthFormatted)."
 [0;36m56 |[0;0m                 let insight = FinancialInsight(

/Users/danielstevens/github-projects/tools-automation/MomentumFinance/Shared/Intelligence/FinancialMLModels.swift:96:13: [1;33mwarning: [1;39minitialization of immutable value 'categoryName' was never used; consider replacing with assignment to '_' or removing it[0;0m [#no-usage]
 [0;36m94 |[0;0m     /// Suggests a category for a transaction based on its classification
 [0;36m95 |[0;0m     func suggestCategoryForTransaction(_ transaction: FinancialTransaction) -> ExpenseCategory? {
 [0;36m96 |[0;0m         let categoryName = self.classifyTransaction(transaction)
    [0;36m|[0;0m             `- [1;33mwarning: [1;39minitialization of immutable value 'categoryName' was never used; consider replacing with assignment to '_' or removing it[0;0m [#no-usage]
 [0;36m97 |[0;0m         // Note: In a real app we'd fetch from context,
 [0;36m98 |[0;0m         // but for now we return a stub or nil if not found
[127/148] Compiling Shared FinancialIntelligenceService.swift
/Users/danielstevens/github-projects/tools-automation/MomentumFinance/Shared/Intelligence/FinancialIntelligenceService.Forecasting.swift:19:53: [1;31merror: [1;39mcannot find 'values' in scope[0;0m
 [0;36m17 |[0;0m         let sortedMonths = monthlyPairs
 [0;36m18 |[0;0m         if sortedMonths.count >= 3 {
 [0;36m19 |[0;0m             let trend = fi_trendAndForecast(values: [4;39mvalues[0;0m)
    [0;36m|[0;0m                                                     `- [1;31merror: [1;39mcannot find 'values' in scope[0;0m
 [0;36m20 |[0;0m 
 [0;36m21 |[0;0m             if let nextMonthForecast = trend.nextForecast {

/Users/danielstevens/github-projects/tools-automation/MomentumFinance/Shared/Intelligence/FinancialIntelligenceService.Forecasting.swift:32:27: [1;31merror: [1;39mcannot find 'trendDirection' in scope[0;0m
 [0;36m30 |[0;0m                     title = "Potential Negative Cash Flow"
 [0;36m31 |[0;0m                     priority = .high
 [0;36m32 |[0;0m                 } else if [4;39mtrendDirection[0;0m == "improving" {
    [0;36m|[0;0m                           `- [1;31merror: [1;39mcannot find 'trendDirection' in scope[0;0m
 [0;36m33 |[0;0m                     title = "Improving Cash Flow"
 [0;36m34 |[0;0m                     priority = .low

/Users/danielstevens/github-projects/tools-automation/MomentumFinance/Shared/Intelligence/FinancialIntelligenceService.Forecasting.swift:49:34: [1;31merror: [1;39mcannot find 'values' in scope[0;0m
 [0;36m47 |[0;0m                 }
 [0;36m48 |[0;0m 
 [0;36m49 |[0;0m                 let lastValues = [4;39mvalues[0;0m.suffix(3)
    [0;36m|[0;0m                                  `- [1;31merror: [1;39mcannot find 'values' in scope[0;0m
 [0;36m50 |[0;0m                 var chartData: [(String, Double)] = Array(zip(lastMonths, lastValues))
 [0;36m51 |[0;0m                 chartData.append((forecastLabels.last ?? "Next", nextMonthForecast))

/Users/danielstevens/github-projects/tools-automation/MomentumFinance/Shared/Intelligence/FinancialIntelligenceService.Forecasting.swift:54:50: [1;31merror: [1;39mcannot find 'trendDirection' in scope[0;0m
 [0;36m52 |[0;0m 
 [0;36m53 |[0;0m                 let nextMonthFormatted = fi_formatCurrency(nextMonthForecast, code: "USD")
 [0;36m54 |[0;0m                 let descA = "Your cash flow is \([4;39mtrendDirection[0;0m)."
    [0;36m|[0;0m                                                  `- [1;31merror: [1;39mcannot find 'trendDirection' in scope[0;0m
 [0;36m55 |[0;0m                 let descB = " Next month's estimated net flow is \(nextMonthFormatted)."
 [0;36m56 |[0;0m                 let insight = FinancialInsight(

/Users/danielstevens/github-projects/tools-automation/MomentumFinance/Shared/Intelligence/FinancialMLModels.swift:96:13: [1;33mwarning: [1;39minitialization of immutable value 'categoryName' was never used; consider replacing with assignment to '_' or removing it[0;0m [#no-usage]
 [0;36m94 |[0;0m     /// Suggests a category for a transaction based on its classification
 [0;36m95 |[0;0m     func suggestCategoryForTransaction(_ transaction: FinancialTransaction) -> ExpenseCategory? {
 [0;36m96 |[0;0m         let categoryName = self.classifyTransaction(transaction)
    [0;36m|[0;0m             `- [1;33mwarning: [1;39minitialization of immutable value 'categoryName' was never used; consider replacing with assignment to '_' or removing it[0;0m [#no-usage]
 [0;36m97 |[0;0m         // Note: In a real app we'd fetch from context,
 [0;36m98 |[0;0m         // but for now we return a stub or nil if not found
[128/148] Compiling Shared FinancialMLModels.swift
/Users/danielstevens/github-projects/tools-automation/MomentumFinance/Shared/Intelligence/FinancialIntelligenceService.Forecasting.swift:19:53: [1;31merror: [1;39mcannot find 'values' in scope[0;0m
 [0;36m17 |[0;0m         let sortedMonths = monthlyPairs
 [0;36m18 |[0;0m         if sortedMonths.count >= 3 {
 [0;36m19 |[0;0m             let trend = fi_trendAndForecast(values: [4;39mvalues[0;0m)
    [0;36m|[0;0m                                                     `- [1;31merror: [1;39mcannot find 'values' in scope[0;0m
 [0;36m20 |[0;0m 
 [0;36m21 |[0;0m             if let nextMonthForecast = trend.nextForecast {

/Users/danielstevens/github-projects/tools-automation/MomentumFinance/Shared/Intelligence/FinancialIntelligenceService.Forecasting.swift:32:27: [1;31merror: [1;39mcannot find 'trendDirection' in scope[0;0m
 [0;36m30 |[0;0m                     title = "Potential Negative Cash Flow"
 [0;36m31 |[0;0m                     priority = .high
 [0;36m32 |[0;0m                 } else if [4;39mtrendDirection[0;0m == "improving" {
    [0;36m|[0;0m                           `- [1;31merror: [1;39mcannot find 'trendDirection' in scope[0;0m
 [0;36m33 |[0;0m                     title = "Improving Cash Flow"
 [0;36m34 |[0;0m                     priority = .low

/Users/danielstevens/github-projects/tools-automation/MomentumFinance/Shared/Intelligence/FinancialIntelligenceService.Forecasting.swift:49:34: [1;31merror: [1;39mcannot find 'values' in scope[0;0m
 [0;36m47 |[0;0m                 }
 [0;36m48 |[0;0m 
 [0;36m49 |[0;0m                 let lastValues = [4;39mvalues[0;0m.suffix(3)
    [0;36m|[0;0m                                  `- [1;31merror: [1;39mcannot find 'values' in scope[0;0m
 [0;36m50 |[0;0m                 var chartData: [(String, Double)] = Array(zip(lastMonths, lastValues))
 [0;36m51 |[0;0m                 chartData.append((forecastLabels.last ?? "Next", nextMonthForecast))

/Users/danielstevens/github-projects/tools-automation/MomentumFinance/Shared/Intelligence/FinancialIntelligenceService.Forecasting.swift:54:50: [1;31merror: [1;39mcannot find 'trendDirection' in scope[0;0m
 [0;36m52 |[0;0m 
 [0;36m53 |[0;0m                 let nextMonthFormatted = fi_formatCurrency(nextMonthForecast, code: "USD")
 [0;36m54 |[0;0m                 let descA = "Your cash flow is \([4;39mtrendDirection[0;0m)."
    [0;36m|[0;0m                                                  `- [1;31merror: [1;39mcannot find 'trendDirection' in scope[0;0m
 [0;36m55 |[0;0m                 let descB = " Next month's estimated net flow is \(nextMonthFormatted)."
 [0;36m56 |[0;0m                 let insight = FinancialInsight(

/Users/danielstevens/github-projects/tools-automation/MomentumFinance/Shared/Intelligence/FinancialMLModels.swift:96:13: [1;33mwarning: [1;39minitialization of immutable value 'categoryName' was never used; consider replacing with assignment to '_' or removing it[0;0m [#no-usage]
 [0;36m94 |[0;0m     /// Suggests a category for a transaction based on its classification
 [0;36m95 |[0;0m     func suggestCategoryForTransaction(_ transaction: FinancialTransaction) -> ExpenseCategory? {
 [0;36m96 |[0;0m         let categoryName = self.classifyTransaction(transaction)
    [0;36m|[0;0m             `- [1;33mwarning: [1;39minitialization of immutable value 'categoryName' was never used; consider replacing with assignment to '_' or removing it[0;0m [#no-usage]
 [0;36m97 |[0;0m         // Note: In a real app we'd fetch from context,
 [0;36m98 |[0;0m         // but for now we return a stub or nil if not found
[129/148] Compiling Shared FinancialMLStubs.swift
/Users/danielstevens/github-projects/tools-automation/MomentumFinance/Shared/Intelligence/FinancialIntelligenceService.Forecasting.swift:19:53: [1;31merror: [1;39mcannot find 'values' in scope[0;0m
 [0;36m17 |[0;0m         let sortedMonths = monthlyPairs
 [0;36m18 |[0;0m         if sortedMonths.count >= 3 {
 [0;36m19 |[0;0m             let trend = fi_trendAndForecast(values: [4;39mvalues[0;0m)
    [0;36m|[0;0m                                                     `- [1;31merror: [1;39mcannot find 'values' in scope[0;0m
 [0;36m20 |[0;0m 
 [0;36m21 |[0;0m             if let nextMonthForecast = trend.nextForecast {

/Users/danielstevens/github-projects/tools-automation/MomentumFinance/Shared/Intelligence/FinancialIntelligenceService.Forecasting.swift:32:27: [1;31merror: [1;39mcannot find 'trendDirection' in scope[0;0m
 [0;36m30 |[0;0m                     title = "Potential Negative Cash Flow"
 [0;36m31 |[0;0m                     priority = .high
 [0;36m32 |[0;0m                 } else if [4;39mtrendDirection[0;0m == "improving" {
    [0;36m|[0;0m                           `- [1;31merror: [1;39mcannot find 'trendDirection' in scope[0;0m
 [0;36m33 |[0;0m                     title = "Improving Cash Flow"
 [0;36m34 |[0;0m                     priority = .low

/Users/danielstevens/github-projects/tools-automation/MomentumFinance/Shared/Intelligence/FinancialIntelligenceService.Forecasting.swift:49:34: [1;31merror: [1;39mcannot find 'values' in scope[0;0m
 [0;36m47 |[0;0m                 }
 [0;36m48 |[0;0m 
 [0;36m49 |[0;0m                 let lastValues = [4;39mvalues[0;0m.suffix(3)
    [0;36m|[0;0m                                  `- [1;31merror: [1;39mcannot find 'values' in scope[0;0m
 [0;36m50 |[0;0m                 var chartData: [(String, Double)] = Array(zip(lastMonths, lastValues))
 [0;36m51 |[0;0m                 chartData.append((forecastLabels.last ?? "Next", nextMonthForecast))

/Users/danielstevens/github-projects/tools-automation/MomentumFinance/Shared/Intelligence/FinancialIntelligenceService.Forecasting.swift:54:50: [1;31merror: [1;39mcannot find 'trendDirection' in scope[0;0m
 [0;36m52 |[0;0m 
 [0;36m53 |[0;0m                 let nextMonthFormatted = fi_formatCurrency(nextMonthForecast, code: "USD")
 [0;36m54 |[0;0m                 let descA = "Your cash flow is \([4;39mtrendDirection[0;0m)."
    [0;36m|[0;0m                                                  `- [1;31merror: [1;39mcannot find 'trendDirection' in scope[0;0m
 [0;36m55 |[0;0m                 let descB = " Next month's estimated net flow is \(nextMonthFormatted)."
 [0;36m56 |[0;0m                 let insight = FinancialInsight(

/Users/danielstevens/github-projects/tools-automation/MomentumFinance/Shared/Intelligence/FinancialMLModels.swift:96:13: [1;33mwarning: [1;39minitialization of immutable value 'categoryName' was never used; consider replacing with assignment to '_' or removing it[0;0m [#no-usage]
 [0;36m94 |[0;0m     /// Suggests a category for a transaction based on its classification
 [0;36m95 |[0;0m     func suggestCategoryForTransaction(_ transaction: FinancialTransaction) -> ExpenseCategory? {
 [0;36m96 |[0;0m         let categoryName = self.classifyTransaction(transaction)
    [0;36m|[0;0m             `- [1;33mwarning: [1;39minitialization of immutable value 'categoryName' was never used; consider replacing with assignment to '_' or removing it[0;0m [#no-usage]
 [0;36m97 |[0;0m         // Note: In a real app we'd fetch from context,
 [0;36m98 |[0;0m         // but for now we return a stub or nil if not found
[130/148] Compiling Shared AnomalyDetection.swift
/Users/danielstevens/github-projects/tools-automation/MomentumFinance/Shared/Intelligence/FinancialIntelligenceService.Forecasting.swift:19:53: [1;31merror: [1;39mcannot find 'values' in scope[0;0m
 [0;36m17 |[0;0m         let sortedMonths = monthlyPairs
 [0;36m18 |[0;0m         if sortedMonths.count >= 3 {
 [0;36m19 |[0;0m             let trend = fi_trendAndForecast(values: [4;39mvalues[0;0m)
    [0;36m|[0;0m                                                     `- [1;31merror: [1;39mcannot find 'values' in scope[0;0m
 [0;36m20 |[0;0m 
 [0;36m21 |[0;0m             if let nextMonthForecast = trend.nextForecast {

/Users/danielstevens/github-projects/tools-automation/MomentumFinance/Shared/Intelligence/FinancialIntelligenceService.Forecasting.swift:32:27: [1;31merror: [1;39mcannot find 'trendDirection' in scope[0;0m
 [0;36m30 |[0;0m                     title = "Potential Negative Cash Flow"
 [0;36m31 |[0;0m                     priority = .high
 [0;36m32 |[0;0m                 } else if [4;39mtrendDirection[0;0m == "improving" {
    [0;36m|[0;0m                           `- [1;31merror: [1;39mcannot find 'trendDirection' in scope[0;0m
 [0;36m33 |[0;0m                     title = "Improving Cash Flow"
 [0;36m34 |[0;0m                     priority = .low

/Users/danielstevens/github-projects/tools-automation/MomentumFinance/Shared/Intelligence/FinancialIntelligenceService.Forecasting.swift:49:34: [1;31merror: [1;39mcannot find 'values' in scope[0;0m
 [0;36m47 |[0;0m                 }
 [0;36m48 |[0;0m 
 [0;36m49 |[0;0m                 let lastValues = [4;39mvalues[0;0m.suffix(3)
    [0;36m|[0;0m                                  `- [1;31merror: [1;39mcannot find 'values' in scope[0;0m
 [0;36m50 |[0;0m                 var chartData: [(String, Double)] = Array(zip(lastMonths, lastValues))
 [0;36m51 |[0;0m                 chartData.append((forecastLabels.last ?? "Next", nextMonthForecast))

/Users/danielstevens/github-projects/tools-automation/MomentumFinance/Shared/Intelligence/FinancialIntelligenceService.Forecasting.swift:54:50: [1;31merror: [1;39mcannot find 'trendDirection' in scope[0;0m
 [0;36m52 |[0;0m 
 [0;36m53 |[0;0m                 let nextMonthFormatted = fi_formatCurrency(nextMonthForecast, code: "USD")
 [0;36m54 |[0;0m                 let descA = "Your cash flow is \([4;39mtrendDirection[0;0m)."
    [0;36m|[0;0m                                                  `- [1;31merror: [1;39mcannot find 'trendDirection' in scope[0;0m
 [0;36m55 |[0;0m                 let descB = " Next month's estimated net flow is \(nextMonthFormatted)."
 [0;36m56 |[0;0m                 let insight = FinancialInsight(

/Users/danielstevens/github-projects/tools-automation/MomentumFinance/Shared/Intelligence/FinancialMLModels.swift:96:13: [1;33mwarning: [1;39minitialization of immutable value 'categoryName' was never used; consider replacing with assignment to '_' or removing it[0;0m [#no-usage]
 [0;36m94 |[0;0m     /// Suggests a category for a transaction based on its classification
 [0;36m95 |[0;0m     func suggestCategoryForTransaction(_ transaction: FinancialTransaction) -> ExpenseCategory? {
 [0;36m96 |[0;0m         let categoryName = self.classifyTransaction(transaction)
    [0;36m|[0;0m             `- [1;33mwarning: [1;39minitialization of immutable value 'categoryName' was never used; consider replacing with assignment to '_' or removing it[0;0m [#no-usage]
 [0;36m97 |[0;0m         // Note: In a real app we'd fetch from context,
 [0;36m98 |[0;0m         // but for now we return a stub or nil if not found
[131/148] Compiling Shared BudgetRecommendations.swift
/Users/danielstevens/github-projects/tools-automation/MomentumFinance/Shared/Intelligence/FinancialIntelligenceService.Forecasting.swift:19:53: [1;31merror: [1;39mcannot find 'values' in scope[0;0m
 [0;36m17 |[0;0m         let sortedMonths = monthlyPairs
 [0;36m18 |[0;0m         if sortedMonths.count >= 3 {
 [0;36m19 |[0;0m             let trend = fi_trendAndForecast(values: [4;39mvalues[0;0m)
    [0;36m|[0;0m                                                     `- [1;31merror: [1;39mcannot find 'values' in scope[0;0m
 [0;36m20 |[0;0m 
 [0;36m21 |[0;0m             if let nextMonthForecast = trend.nextForecast {

/Users/danielstevens/github-projects/tools-automation/MomentumFinance/Shared/Intelligence/FinancialIntelligenceService.Forecasting.swift:32:27: [1;31merror: [1;39mcannot find 'trendDirection' in scope[0;0m
 [0;36m30 |[0;0m                     title = "Potential Negative Cash Flow"
 [0;36m31 |[0;0m                     priority = .high
 [0;36m32 |[0;0m                 } else if [4;39mtrendDirection[0;0m == "improving" {
    [0;36m|[0;0m                           `- [1;31merror: [1;39mcannot find 'trendDirection' in scope[0;0m
 [0;36m33 |[0;0m                     title = "Improving Cash Flow"
 [0;36m34 |[0;0m                     priority = .low

/Users/danielstevens/github-projects/tools-automation/MomentumFinance/Shared/Intelligence/FinancialIntelligenceService.Forecasting.swift:49:34: [1;31merror: [1;39mcannot find 'values' in scope[0;0m
 [0;36m47 |[0;0m                 }
 [0;36m48 |[0;0m 
 [0;36m49 |[0;0m                 let lastValues = [4;39mvalues[0;0m.suffix(3)
    [0;36m|[0;0m                                  `- [1;31merror: [1;39mcannot find 'values' in scope[0;0m
 [0;36m50 |[0;0m                 var chartData: [(String, Double)] = Array(zip(lastMonths, lastValues))
 [0;36m51 |[0;0m                 chartData.append((forecastLabels.last ?? "Next", nextMonthForecast))

/Users/danielstevens/github-projects/tools-automation/MomentumFinance/Shared/Intelligence/FinancialIntelligenceService.Forecasting.swift:54:50: [1;31merror: [1;39mcannot find 'trendDirection' in scope[0;0m
 [0;36m52 |[0;0m 
 [0;36m53 |[0;0m                 let nextMonthFormatted = fi_formatCurrency(nextMonthForecast, code: "USD")
 [0;36m54 |[0;0m                 let descA = "Your cash flow is \([4;39mtrendDirection[0;0m)."
    [0;36m|[0;0m                                                  `- [1;31merror: [1;39mcannot find 'trendDirection' in scope[0;0m
 [0;36m55 |[0;0m                 let descB = " Next month's estimated net flow is \(nextMonthFormatted)."
 [0;36m56 |[0;0m                 let insight = FinancialInsight(

/Users/danielstevens/github-projects/tools-automation/MomentumFinance/Shared/Intelligence/FinancialMLModels.swift:96:13: [1;33mwarning: [1;39minitialization of immutable value 'categoryName' was never used; consider replacing with assignment to '_' or removing it[0;0m [#no-usage]
 [0;36m94 |[0;0m     /// Suggests a category for a transaction based on its classification
 [0;36m95 |[0;0m     func suggestCategoryForTransaction(_ transaction: FinancialTransaction) -> ExpenseCategory? {
 [0;36m96 |[0;0m         let categoryName = self.classifyTransaction(transaction)
    [0;36m|[0;0m             `- [1;33mwarning: [1;39minitialization of immutable value 'categoryName' was never used; consider replacing with assignment to '_' or removing it[0;0m [#no-usage]
 [0;36m97 |[0;0m         // Note: In a real app we'd fetch from context,
 [0;36m98 |[0;0m         // but for now we return a stub or nil if not found
[132/148] Compiling Shared FinancialForecasting.swift
/Users/danielstevens/github-projects/tools-automation/MomentumFinance/Shared/Intelligence/FinancialIntelligenceService.Forecasting.swift:19:53: [1;31merror: [1;39mcannot find 'values' in scope[0;0m
 [0;36m17 |[0;0m         let sortedMonths = monthlyPairs
 [0;36m18 |[0;0m         if sortedMonths.count >= 3 {
 [0;36m19 |[0;0m             let trend = fi_trendAndForecast(values: [4;39mvalues[0;0m)
    [0;36m|[0;0m                                                     `- [1;31merror: [1;39mcannot find 'values' in scope[0;0m
 [0;36m20 |[0;0m 
 [0;36m21 |[0;0m             if let nextMonthForecast = trend.nextForecast {

/Users/danielstevens/github-projects/tools-automation/MomentumFinance/Shared/Intelligence/FinancialIntelligenceService.Forecasting.swift:32:27: [1;31merror: [1;39mcannot find 'trendDirection' in scope[0;0m
 [0;36m30 |[0;0m                     title = "Potential Negative Cash Flow"
 [0;36m31 |[0;0m                     priority = .high
 [0;36m32 |[0;0m                 } else if [4;39mtrendDirection[0;0m == "improving" {
    [0;36m|[0;0m                           `- [1;31merror: [1;39mcannot find 'trendDirection' in scope[0;0m
 [0;36m33 |[0;0m                     title = "Improving Cash Flow"
 [0;36m34 |[0;0m                     priority = .low

/Users/danielstevens/github-projects/tools-automation/MomentumFinance/Shared/Intelligence/FinancialIntelligenceService.Forecasting.swift:49:34: [1;31merror: [1;39mcannot find 'values' in scope[0;0m
 [0;36m47 |[0;0m                 }
 [0;36m48 |[0;0m 
 [0;36m49 |[0;0m                 let lastValues = [4;39mvalues[0;0m.suffix(3)
    [0;36m|[0;0m                                  `- [1;31merror: [1;39mcannot find 'values' in scope[0;0m
 [0;36m50 |[0;0m                 var chartData: [(String, Double)] = Array(zip(lastMonths, lastValues))
 [0;36m51 |[0;0m                 chartData.append((forecastLabels.last ?? "Next", nextMonthForecast))

/Users/danielstevens/github-projects/tools-automation/MomentumFinance/Shared/Intelligence/FinancialIntelligenceService.Forecasting.swift:54:50: [1;31merror: [1;39mcannot find 'trendDirection' in scope[0;0m
 [0;36m52 |[0;0m 
 [0;36m53 |[0;0m                 let nextMonthFormatted = fi_formatCurrency(nextMonthForecast, code: "USD")
 [0;36m54 |[0;0m                 let descA = "Your cash flow is \([4;39mtrendDirection[0;0m)."
    [0;36m|[0;0m                                                  `- [1;31merror: [1;39mcannot find 'trendDirection' in scope[0;0m
 [0;36m55 |[0;0m                 let descB = " Next month's estimated net flow is \(nextMonthFormatted)."
 [0;36m56 |[0;0m                 let insight = FinancialInsight(

/Users/danielstevens/github-projects/tools-automation/MomentumFinance/Shared/Intelligence/FinancialMLModels.swift:96:13: [1;33mwarning: [1;39minitialization of immutable value 'categoryName' was never used; consider replacing with assignment to '_' or removing it[0;0m [#no-usage]
 [0;36m94 |[0;0m     /// Suggests a category for a transaction based on its classification
 [0;36m95 |[0;0m     func suggestCategoryForTransaction(_ transaction: FinancialTransaction) -> ExpenseCategory? {
 [0;36m96 |[0;0m         let categoryName = self.classifyTransaction(transaction)
    [0;36m|[0;0m             `- [1;33mwarning: [1;39minitialization of immutable value 'categoryName' was never used; consider replacing with assignment to '_' or removing it[0;0m [#no-usage]
 [0;36m97 |[0;0m         // Note: In a real app we'd fetch from context,
 [0;36m98 |[0;0m         // but for now we return a stub or nil if not found
[133/148] Compiling Shared FormattingUtilities.swift
/Users/danielstevens/github-projects/tools-automation/MomentumFinance/Shared/Intelligence/FinancialIntelligenceService.Forecasting.swift:19:53: [1;31merror: [1;39mcannot find 'values' in scope[0;0m
 [0;36m17 |[0;0m         let sortedMonths = monthlyPairs
 [0;36m18 |[0;0m         if sortedMonths.count >= 3 {
 [0;36m19 |[0;0m             let trend = fi_trendAndForecast(values: [4;39mvalues[0;0m)
    [0;36m|[0;0m                                                     `- [1;31merror: [1;39mcannot find 'values' in scope[0;0m
 [0;36m20 |[0;0m 
 [0;36m21 |[0;0m             if let nextMonthForecast = trend.nextForecast {

/Users/danielstevens/github-projects/tools-automation/MomentumFinance/Shared/Intelligence/FinancialIntelligenceService.Forecasting.swift:32:27: [1;31merror: [1;39mcannot find 'trendDirection' in scope[0;0m
 [0;36m30 |[0;0m                     title = "Potential Negative Cash Flow"
 [0;36m31 |[0;0m                     priority = .high
 [0;36m32 |[0;0m                 } else if [4;39mtrendDirection[0;0m == "improving" {
    [0;36m|[0;0m                           `- [1;31merror: [1;39mcannot find 'trendDirection' in scope[0;0m
 [0;36m33 |[0;0m                     title = "Improving Cash Flow"
 [0;36m34 |[0;0m                     priority = .low

/Users/danielstevens/github-projects/tools-automation/MomentumFinance/Shared/Intelligence/FinancialIntelligenceService.Forecasting.swift:49:34: [1;31merror: [1;39mcannot find 'values' in scope[0;0m
 [0;36m47 |[0;0m                 }
 [0;36m48 |[0;0m 
 [0;36m49 |[0;0m                 let lastValues = [4;39mvalues[0;0m.suffix(3)
    [0;36m|[0;0m                                  `- [1;31merror: [1;39mcannot find 'values' in scope[0;0m
 [0;36m50 |[0;0m                 var chartData: [(String, Double)] = Array(zip(lastMonths, lastValues))
 [0;36m51 |[0;0m                 chartData.append((forecastLabels.last ?? "Next", nextMonthForecast))

/Users/danielstevens/github-projects/tools-automation/MomentumFinance/Shared/Intelligence/FinancialIntelligenceService.Forecasting.swift:54:50: [1;31merror: [1;39mcannot find 'trendDirection' in scope[0;0m
 [0;36m52 |[0;0m 
 [0;36m53 |[0;0m                 let nextMonthFormatted = fi_formatCurrency(nextMonthForecast, code: "USD")
 [0;36m54 |[0;0m                 let descA = "Your cash flow is \([4;39mtrendDirection[0;0m)."
    [0;36m|[0;0m                                                  `- [1;31merror: [1;39mcannot find 'trendDirection' in scope[0;0m
 [0;36m55 |[0;0m                 let descB = " Next month's estimated net flow is \(nextMonthFormatted)."
 [0;36m56 |[0;0m                 let insight = FinancialInsight(

/Users/danielstevens/github-projects/tools-automation/MomentumFinance/Shared/Intelligence/FinancialMLModels.swift:96:13: [1;33mwarning: [1;39minitialization of immutable value 'categoryName' was never used; consider replacing with assignment to '_' or removing it[0;0m [#no-usage]
 [0;36m94 |[0;0m     /// Suggests a category for a transaction based on its classification
 [0;36m95 |[0;0m     func suggestCategoryForTransaction(_ transaction: FinancialTransaction) -> ExpenseCategory? {
 [0;36m96 |[0;0m         let categoryName = self.classifyTransaction(transaction)
    [0;36m|[0;0m             `- [1;33mwarning: [1;39minitialization of immutable value 'categoryName' was never used; consider replacing with assignment to '_' or removing it[0;0m [#no-usage]
 [0;36m97 |[0;0m         // Note: In a real app we'd fetch from context,
 [0;36m98 |[0;0m         // but for now we return a stub or nil if not found
[134/148] Compiling Shared AnimatedComponents.swift
/Users/danielstevens/github-projects/tools-automation/MomentumFinance/Shared/Animations/AnimationManager.swift:267:10: [1;31merror: [1;39mmethod 'body(content:)' must be declared public because it matches a requirement in public protocol 'ViewModifier'[0;0m
[0;36m265 |[0;0m     /// <#Description#>
[0;36m266 |[0;0m     /// - Returns: <#description#>
[0;36m267 |[0;0m     func body(content: Content) -> some View {
    [0;36m|[0;0m          |- [1;31merror: [1;39mmethod 'body(content:)' must be declared public because it matches a requirement in public protocol 'ViewModifier'[0;0m
    [0;36m|[0;0m          `- [1;39mnote: [1;39mmark the instance method as 'public' to satisfy the requirement[0;0m
[0;36m268 |[0;0m         content
[0;36m269 |[0;0m             .rotation3DEffect(

/Users/danielstevens/github-projects/tools-automation/MomentumFinance/Shared/Animations/AnimationManager.swift:287:9: [1;31merror: [1;39mproperty 'body' must be declared public because it matches a requirement in public protocol 'View'[0;0m
[0;36m285 |[0;0m     }
[0;36m286 |[0;0m 
[0;36m287 |[0;0m     var body: some View {
    [0;36m|[0;0m         |- [1;31merror: [1;39mproperty 'body' must be declared public because it matches a requirement in public protocol 'View'[0;0m
    [0;36m|[0;0m         `- [1;39mnote: [1;39mmark the property as 'public' to satisfy the requirement[0;0m
[0;36m288 |[0;0m         Group {
[0;36m289 |[0;0m             switch self.style {

/Users/danielstevens/github-projects/tools-automation/MomentumFinance/Shared/Animations/AnimationManager.swift:345:9: [1;31merror: [1;39mproperty 'body' must be declared public because it matches a requirement in public protocol 'View'[0;0m
[0;36m343 |[0;0m     @State private var animatedProgress: Double = 0
[0;36m344 |[0;0m 
[0;36m345 |[0;0m     var body: some View {
    [0;36m|[0;0m         |- [1;31merror: [1;39mproperty 'body' must be declared public because it matches a requirement in public protocol 'View'[0;0m
    [0;36m|[0;0m         `- [1;39mnote: [1;39mmark the property as 'public' to satisfy the requirement[0;0m
[0;36m346 |[0;0m         GeometryReader { geometry in
[0;36m347 |[0;0m             ZStack(alignment: .leading) {

/Users/danielstevens/github-projects/tools-automation/MomentumFinance/Shared/Animations/AnimationManager.swift:376:13: [1;31merror: [1;39mvar 'objectPool' is not concurrency-safe because it is nonisolated global shared mutable state[0;0m [#]8;;https://docs.swift.org/compiler/documentation/diagnostics/mutable-global-variable\MutableGlobalVariable]8;;\]
[0;36m374 |[0;0m 
[0;36m375 |[0;0m /// Object pool for performance optimization
[0;36m376 |[0;0m private var objectPool: [Any] = []
    [0;36m|[0;0m             |- [1;31merror: [1;39mvar 'objectPool' is not concurrency-safe because it is nonisolated global shared mutable state[0;0m [#]8;;https://docs.swift.org/compiler/documentation/diagnostics/mutable-global-variable\MutableGlobalVariable]8;;\]
    [0;36m|[0;0m             |- [1;39mnote: [1;39mconvert 'objectPool' to a 'let' constant to make 'Sendable' shared state immutable[0;0m
    [0;36m|[0;0m             |- [1;39mnote: [1;39madd '@MainActor' to make var 'objectPool' part of global actor 'MainActor'[0;0m
    [0;36m|[0;0m             `- [1;39mnote: [1;39mdisable concurrency-safety checks if accesses are protected by an external synchronization mechanism[0;0m
[0;36m377 |[0;0m private let maxPoolSize = 50
[0;36m378 |[0;0m 

/Users/danielstevens/github-projects/tools-automation/MomentumFinance/Shared/Components/AccountDetailComponents.swift:547:36: [1;31merror: [1;39m'AccountType' is not a member type of class 'MomentumFinanceCore.FinancialAccount'[0;0m
[0;36m545 |[0;0m     struct AccountEditModel {
[0;36m546 |[0;0m         var name: String
[0;36m547 |[0;0m         var type: [4;39mFinancialAccount[0;0m.AccountType
    [0;36m|[0;0m                                    `- [1;31merror: [1;39m'AccountType' is not a member type of class 'MomentumFinanceCore.FinancialAccount'[0;0m
[0;36m548 |[0;0m         var balance: Double
[0;36m549 |[0;0m         var currencyCode: String

/Users/danielstevens/github-projects/tools-automation/MomentumFinance/Sources/MomentumFinanceCore/Models.swift:93:20: [1;39mnote: [1;39m'FinancialAccount' declared here[0;0m
 [0;36m91 |[0;0m 
 [0;36m92 |[0;0m @Model
 [0;36m93 |[0;0m public final class FinancialAccount: Hashable, Encodable {
    [0;36m|[0;0m                    `- [1;39mnote: [1;39m'FinancialAccount' declared here[0;0m
 [0;36m94 |[0;0m     enum CodingKeys: String, CodingKey {
 [0;36m95 |[0;0m         case name, balance, iconName, createdDate, accountType, currencyCode, creditLimit

/Users/danielstevens/github-projects/tools-automation/MomentumFinance/Shared/Components/AccountDetailComponents.swift:31:13: [1;31merror: [1;39mswitch must be exhaustive[0;0m
 [0;36m29 |[0;0m 
 [0;36m30 |[0;0m         private var text: String {
 [0;36m31 |[0;0m             switch self.type {
    [0;36m|[0;0m             |- [1;31merror: [1;39mswitch must be exhaustive[0;0m
    [0;36m|[0;0m             `- [1;39mnote: [1;39madd missing case: '.cash'[0;0m
 [0;36m32 |[0;0m             case .checking: "Checking"
 [0;36m33 |[0;0m             case .savings: "Savings"

/Users/danielstevens/github-projects/tools-automation/MomentumFinance/Shared/Components/AccountDetailComponents.swift:40:13: [1;31merror: [1;39mswitch must be exhaustive[0;0m
 [0;36m38 |[0;0m 
 [0;36m39 |[0;0m         private var color: Color {
 [0;36m40 |[0;0m             switch self.type {
    [0;36m|[0;0m             |- [1;31merror: [1;39mswitch must be exhaustive[0;0m
    [0;36m|[0;0m             `- [1;39mnote: [1;39madd missing case: '.cash'[0;0m
 [0;36m41 |[0;0m             case .checking: .green
 [0;36m42 |[0;0m             case .savings: .blue

/Users/danielstevens/github-projects/tools-automation/MomentumFinance/Shared/Components/AccountDetailComponents.swift:354:51: [1;31merror: [1;39mvalue of type 'FinancialAccount' has no member 'interestRate'[0;0m
[0;36m352 |[0;0m                         DetailField(
[0;36m353 |[0;0m                             label: "Interest Rate",
[0;36m354 |[0;0m                             value: (([4;39mself.account[0;0m.[4;39minterestRate[0;0m ?? 0) * 100)
    [0;36m|[0;0m                                                   `- [1;31merror: [1;39mvalue of type 'FinancialAccount' has no member 'interestRate'[0;0m
[0;36m355 |[0;0m                                 .formatted(.number.precision(.fractionLength(2))) + "%"
[0;36m356 |[0;0m                         )

/Users/danielstevens/github-projects/tools-automation/MomentumFinance/Shared/Components/AccountDetailComponents.swift:522:28: [1;31merror: [1;39mcannot convert value of type 'String' to expected argument type 'PrimitiveButtonStyleConfiguration'[0;0m
[0;36m520 |[0;0m 
[0;36m521 |[0;0m                 HStack {
[0;36m522 |[0;0m                     Button("Cancel").accessibilityLabel("Button").accessibilityLabel("Button") {
    [0;36m|[0;0m                            `- [1;31merror: [1;39mcannot convert value of type 'String' to expected argument type 'PrimitiveButtonStyleConfiguration'[0;0m
[0;36m523 |[0;0m                         self.dismiss()
[0;36m524 |[0;0m                     }

/Users/danielstevens/github-projects/tools-automation/MomentumFinance/Shared/Components/AccountDetailComponents.swift:522:96: [1;31merror: [1;39mtype '_' cannot be used as a boolean; test for '!= 0' instead[0;0m
[0;36m520 |[0;0m 
[0;36m521 |[0;0m                 HStack {
[0;36m522 |[0;0m                     Button("Cancel").accessibilityLabel("Button").accessibilityLabel("Button") {
    [0;36m|[0;0m                                                                                                `- [1;31merror: [1;39mtype '_' cannot be used as a boolean; test for '!= 0' instead[0;0m
[0;36m523 |[0;0m                         self.dismiss()
[0;36m524 |[0;0m                     }

/Users/danielstevens/github-projects/tools-automation/MomentumFinance/Shared/Components/AccountDetailComponents.swift:561:33: [1;31merror: [1;39mvalue of type 'FinancialAccount' has no member 'type'[0;0m
[0;36m559 |[0;0m         init(from account: FinancialAccount) {
[0;36m560 |[0;0m             self.name = account.name
[0;36m561 |[0;0m             self.type = [4;39maccount[0;0m.[4;39mtype[0;0m
    [0;36m|[0;0m                                 `- [1;31merror: [1;39mvalue of type 'FinancialAccount' has no member 'type'[0;0m
[0;36m562 |[0;0m             self.balance = account.balance
[0;36m563 |[0;0m             self.currencyCode = account.currencyCode

/Users/danielstevens/github-projects/tools-automation/MomentumFinance/Shared/Components/AccountDetailComponents.swift:564:40: [1;31merror: [1;39mvalue of type 'FinancialAccount' has no member 'institution'[0;0m
[0;36m562 |[0;0m             self.balance = account.balance
[0;36m563 |[0;0m             self.currencyCode = account.currencyCode
[0;36m564 |[0;0m             self.institution = [4;39maccount[0;0m.[4;39minstitution[0;0m
    [0;36m|[0;0m                                        `- [1;31merror: [1;39mvalue of type 'FinancialAccount' has no member 'institution'[0;0m
[0;36m565 |[0;0m             self.accountNumber = account.accountNumber
[0;36m566 |[0;0m             self.interestRate = account.interestRate

/Users/danielstevens/github-projects/tools-automation/MomentumFinance/Shared/Components/AccountDetailComponents.swift:565:42: [1;31merror: [1;39mvalue of type 'FinancialAccount' has no member 'accountNumber'[0;0m
[0;36m563 |[0;0m             self.currencyCode = account.currencyCode
[0;36m564 |[0;0m             self.institution = account.institution
[0;36m565 |[0;0m             self.accountNumber = [4;39maccount[0;0m.[4;39maccountNumber[0;0m
    [0;36m|[0;0m                                          `- [1;31merror: [1;39mvalue of type 'FinancialAccount' has no member 'accountNumber'[0;0m
[0;36m566 |[0;0m             self.interestRate = account.interestRate
[0;36m567 |[0;0m             self.creditLimit = account.creditLimit

/Users/danielstevens/github-projects/tools-automation/MomentumFinance/Shared/Components/AccountDetailComponents.swift:566:41: [1;31merror: [1;39mvalue of type 'FinancialAccount' has no member 'interestRate'[0;0m
[0;36m564 |[0;0m             self.institution = account.institution
[0;36m565 |[0;0m             self.accountNumber = account.accountNumber
[0;36m566 |[0;0m             self.interestRate = [4;39maccount[0;0m.[4;39minterestRate[0;0m
    [0;36m|[0;0m                                         `- [1;31merror: [1;39mvalue of type 'FinancialAccount' has no member 'interestRate'[0;0m
[0;36m567 |[0;0m             self.creditLimit = account.creditLimit
[0;36m568 |[0;0m             self.dueDate = account.dueDate

/Users/danielstevens/github-projects/tools-automation/MomentumFinance/Shared/Components/AccountDetailComponents.swift:568:36: [1;31merror: [1;39mvalue of type 'FinancialAccount' has no member 'dueDate'[0;0m
[0;36m566 |[0;0m             self.interestRate = account.interestRate
[0;36m567 |[0;0m             self.creditLimit = account.creditLimit
[0;36m568 |[0;0m             self.dueDate = [4;39maccount[0;0m.[4;39mdueDate[0;0m
    [0;36m|[0;0m                                    `- [1;31merror: [1;39mvalue of type 'FinancialAccount' has no member 'dueDate'[0;0m
[0;36m569 |[0;0m             self.includeInTotal = account.includeInTotal
[0;36m570 |[0;0m             self.isActive = account.isActive

/Users/danielstevens/github-projects/tools-automation/MomentumFinance/Shared/Components/AccountDetailComponents.swift:569:43: [1;31merror: [1;39mvalue of type 'FinancialAccount' has no member 'includeInTotal'[0;0m
[0;36m567 |[0;0m             self.creditLimit = account.creditLimit
[0;36m568 |[0;0m             self.dueDate = account.dueDate
[0;36m569 |[0;0m             self.includeInTotal = [4;39maccount[0;0m.[4;39mincludeInTotal[0;0m
    [0;36m|[0;0m                                           `- [1;31merror: [1;39mvalue of type 'FinancialAccount' has no member 'includeInTotal'[0;0m
[0;36m570 |[0;0m             self.isActive = account.isActive
[0;36m571 |[0;0m             self.notes = account.notes

/Users/danielstevens/github-projects/tools-automation/MomentumFinance/Shared/Components/AccountDetailComponents.swift:570:37: [1;31merror: [1;39mvalue of type 'FinancialAccount' has no member 'isActive'[0;0m
[0;36m568 |[0;0m             self.dueDate = account.dueDate
[0;36m569 |[0;0m             self.includeInTotal = account.includeInTotal
[0;36m570 |[0;0m             self.isActive = [4;39maccount[0;0m.[4;39misActive[0;0m
    [0;36m|[0;0m                                     `- [1;31merror: [1;39mvalue of type 'FinancialAccount' has no member 'isActive'[0;0m
[0;36m571 |[0;0m             self.notes = account.notes
[0;36m572 |[0;0m         }

/Users/danielstevens/github-projects/tools-automation/MomentumFinance/Shared/Components/AccountDetailComponents.swift:571:34: [1;31merror: [1;39mvalue of type 'FinancialAccount' has no member 'notes'[0;0m
[0;36m569 |[0;0m             self.includeInTotal = account.includeInTotal
[0;36m570 |[0;0m             self.isActive = account.isActive
[0;36m571 |[0;0m             self.notes = [4;39maccount[0;0m.[4;39mnotes[0;0m
    [0;36m|[0;0m                                  `- [1;31merror: [1;39mvalue of type 'FinancialAccount' has no member 'notes'[0;0m
[0;36m572 |[0;0m         }
[0;36m573 |[0;0m     }

/Users/danielstevens/github-projects/tools-automation/MomentumFinance/Shared/Components/BudgetComponents.swift:53:28: [1;31merror: [1;39mreference to member 'systemBackground' cannot be resolved without a contextual type[0;0m
[0;36m51 |[0;0m         }
[0;36m52 |[0;0m         .padding()
[0;36m53 |[0;0m         .background(Color(.systemBackground))
   [0;36m|[0;0m                            `- [1;31merror: [1;39mreference to member 'systemBackground' cannot be resolved without a contextual type[0;0m
[0;36m54 |[0;0m         .cornerRadius(10)
[0;36m55 |[0;0m         .shadow(radius: 2)

/Users/danielstevens/github-projects/tools-automation/MomentumFinance/Shared/Components/Dashboard/DashboardUIComponents.swift:42:15: [1;31merror: [1;39minvalid redeclaration of 'DashboardAccountsSummary'[0;0m
 [0;36m40 |[0;0m // MARK: - Dashboard Accounts Summary
 [0;36m41 |[0;0m 
 [0;36m42 |[0;0m public struct DashboardAccountsSummary: View {
    [0;36m|[0;0m               `- [1;31merror: [1;39minvalid redeclaration of 'DashboardAccountsSummary'[0;0m
 [0;36m43 |[0;0m     public let accounts: [FinancialAccount]
 [0;36m44 |[0;0m     public let onAccountTap: (UUID) -> Void

/Users/danielstevens/github-projects/tools-automation/MomentumFinance/Shared/Components/Dashboard/DashboardUIComponents.swift:203:14: [1;31merror: [1;39minvalid redeclaration of 'formatCurrency'[0;0m
[0;36m201 |[0;0m // MARK: - Helper Functions
[0;36m202 |[0;0m 
[0;36m203 |[0;0m private func formatCurrency(_ amount: Double) -> String {
    [0;36m|[0;0m              `- [1;31merror: [1;39minvalid redeclaration of 'formatCurrency'[0;0m
[0;36m204 |[0;0m     let formatter = NumberFormatter()
[0;36m205 |[0;0m     formatter.numberStyle = .currency

/Users/danielstevens/github-projects/tools-automation/MomentumFinance/Shared/Components/Dashboard/DashboardUIComponents.swift:57:59: [1;31merror: [1;39mcannot convert value of type 'PersistentIdentifier' to expected argument type 'UUID'[0;0m
 [0;36m55 |[0;0m                         AccountSummaryCard(account: account)
 [0;36m56 |[0;0m                             .onTapGesture {
 [0;36m57 |[0;0m                                 self.onAccountTap(account.id)
    [0;36m|[0;0m                                                           `- [1;31merror: [1;39mcannot convert value of type 'PersistentIdentifier' to expected argument type 'UUID'[0;0m
 [0;36m58 |[0;0m                             }
 [0;36m59 |[0;0m                     }

/Users/danielstevens/github-projects/tools-automation/MomentumFinance/Shared/Components/Dashboard/DashboardUIComponents.swift:97:27: [1;31merror: [1;39mcannot find 'UIColor' in scope[0;0m
 [0;36m95 |[0;0m         }
 [0;36m96 |[0;0m         .padding()
 [0;36m97 |[0;0m         .background(Color([4;39mUIColor[0;0m.systemGray6))
    [0;36m|[0;0m                           `- [1;31merror: [1;39mcannot find 'UIColor' in scope[0;0m
 [0;36m98 |[0;0m         .cornerRadius(12)
 [0;36m99 |[0;0m         .frame(width: 160)

/Users/danielstevens/github-projects/tools-automation/MomentumFinance/Shared/Components/Dashboard/DashboardUIComponents.swift:92:31: [1;31merror: [1;39mvalue of type 'FinancialAccount' has no member 'type'[0;0m
 [0;36m90 |[0;0m                 .foregroundColor(self.account.balance >= 0 ? .green : .red)
 [0;36m91 |[0;0m 
 [0;36m92 |[0;0m             Text([4;39mself.account[0;0m.[4;39mtype[0;0m.rawValue.capitalized)
    [0;36m|[0;0m                               `- [1;31merror: [1;39mvalue of type 'FinancialAccount' has no member 'type'[0;0m
 [0;36m93 |[0;0m                 .font(.caption)
 [0;36m94 |[0;0m                 .foregroundColor(.secondary)

/Users/danielstevens/github-projects/tools-automation/MomentumFinance/Shared/Components/Dashboard/DashboardUIComponents.swift:103:29: [1;31merror: [1;39mvalue of type 'FinancialAccount' has no member 'type'[0;0m
[0;36m101 |[0;0m 
[0;36m102 |[0;0m     private var iconName: String {
[0;36m103 |[0;0m         switch [4;39mself.account[0;0m.[4;39mtype[0;0m {
    [0;36m|[0;0m                             `- [1;31merror: [1;39mvalue of type 'FinancialAccount' has no member 'type'[0;0m
[0;36m104 |[0;0m         case .checking:
[0;36m105 |[0;0m             "creditcard"

/Users/danielstevens/github-projects/tools-automation/MomentumFinance/Shared/Components/Dashboard/DashboardUIComponents.swift:189:27: [1;31merror: [1;39mcannot find 'UIColor' in scope[0;0m
[0;36m187 |[0;0m         }
[0;36m188 |[0;0m         .padding()
[0;36m189 |[0;0m         .background(Color([4;39mUIColor[0;0m.systemGray6))
    [0;36m|[0;0m                           `- [1;31merror: [1;39mcannot find 'UIColor' in scope[0;0m
[0;36m190 |[0;0m         .cornerRadius(12)
[0;36m191 |[0;0m     }

/Users/danielstevens/github-projects/tools-automation/MomentumFinance/Shared/Components/DetailViewComponents.swift:39:63: [1;31merror: [1;39mvalue of type 'ExpenseCategory' has no member 'colorHex'[0;0m
 [0;36m37 |[0;0m             HStack(spacing: 4) {
 [0;36m38 |[0;0m                 Circle()
 [0;36m39 |[0;0m                     .fill(self.getCategoryColor([4;39mself.category[0;0m.[4;39mcolorHex[0;0m))
    [0;36m|[0;0m                                                               `- [1;31merror: [1;39mvalue of type 'ExpenseCategory' has no member 'colorHex'[0;0m
 [0;36m40 |[0;0m                     .frame(width: 10, height: 10)
 [0;36m41 |[0;0m 

/Users/danielstevens/github-projects/tools-automation/MomentumFinance/Shared/Components/DetailViewComponents.swift:47:61: [1;31merror: [1;39mvalue of type 'ExpenseCategory' has no member 'colorHex'[0;0m
 [0;36m45 |[0;0m             .padding(.horizontal, 8)
 [0;36m46 |[0;0m             .padding(.vertical, 2)
 [0;36m47 |[0;0m             .background(self.getCategoryColor([4;39mself.category[0;0m.[4;39mcolorHex[0;0m).opacity(0.1))
    [0;36m|[0;0m                                                             `- [1;31merror: [1;39mvalue of type 'ExpenseCategory' has no member 'colorHex'[0;0m
 [0;36m48 |[0;0m             .cornerRadius(4)
 [0;36m49 |[0;0m         }

/Users/danielstevens/github-projects/tools-automation/MomentumFinance/Shared/Components/DetailViewComponents.swift:52:23: [1;33mwarning: [1;39mvalue 'hex' was defined but never used; consider replacing with boolean test[0;0m [#no-usage]
 [0;36m50 |[0;0m 
 [0;36m51 |[0;0m         private func getCategoryColor(_ hex: String?) -> Color {
 [0;36m52 |[0;0m             guard let hex else { return .gray }
    [0;36m|[0;0m                       `- [1;33mwarning: [1;39mvalue 'hex' was defined but never used; consider replacing with boolean test[0;0m [#no-usage]
 [0;36m53 |[0;0m             // This would parse the hex color string
 [0;36m54 |[0;0m             return .blue

/Users/danielstevens/github-projects/tools-automation/MomentumFinance/Shared/Components/DetailViewComponents.swift:81:28: [1;31merror: [1;39mmissing argument for parameter #1 in call[0;0m
 [0;36m79 |[0;0m 
 [0;36m80 |[0;0m                 if self.showDeleteButton {
 [0;36m81 |[0;0m                     Button(action: {}).accessibilityLabel("Button").accessibilityLabel("Button") {
    [0;36m|[0;0m                            `- [1;31merror: [1;39mmissing argument for parameter #1 in call[0;0m
 [0;36m82 |[0;0m                         Image(systemName: "xmark.circle.fill")
 [0;36m83 |[0;0m                             .foregroundStyle(.red)

SwiftUI.Button.init:2:36: [1;39mnote: [1;39m'init(_:action:)' declared here[0;0m
[0;36m1 |[0;0m generic struct Button {
[0;36m2 |[0;0m @preconcurrency nonisolated public init(_ titleKey: LocalizedStringKey, action: @escaping @MainActor () -> Void)}
  [0;36m|[0;0m                                    `- [1;39mnote: [1;39m'init(_:action:)' declared here[0;0m
[0;36m3 |[0;0m 

/Users/danielstevens/github-projects/tools-automation/MomentumFinance/Shared/Components/DetailViewComponents.swift:81:98: [1;31merror: [1;39mtype '_' cannot be used as a boolean; test for '!= 0' instead[0;0m
 [0;36m79 |[0;0m 
 [0;36m80 |[0;0m                 if self.showDeleteButton {
 [0;36m81 |[0;0m                     Button(action: {}).accessibilityLabel("Button").accessibilityLabel("Button") {
    [0;36m|[0;0m                                                                                                  `- [1;31merror: [1;39mtype '_' cannot be used as a boolean; test for '!= 0' instead[0;0m
 [0;36m82 |[0;0m                         Image(systemName: "xmark.circle.fill")
 [0;36m83 |[0;0m                             .foregroundStyle(.red)

/Users/danielstevens/github-projects/tools-automation/MomentumFinance/Shared/Components/DetailViewComponents.swift:287:28: [1;31merror: [1;39mcannot convert value of type 'String' to expected argument type 'PrimitiveButtonStyleConfiguration'[0;0m
[0;36m285 |[0;0m 
[0;36m286 |[0;0m                 HStack {
[0;36m287 |[0;0m                     Button("Cancel").accessibilityLabel("Button").accessibilityLabel("Button") {
    [0;36m|[0;0m                            `- [1;31merror: [1;39mcannot convert value of type 'String' to expected argument type 'PrimitiveButtonStyleConfiguration'[0;0m
[0;36m288 |[0;0m                         self.dismiss()
[0;36m289 |[0;0m                     }

/Users/danielstevens/github-projects/tools-automation/MomentumFinance/Shared/Components/DetailViewComponents.swift:287:96: [1;31merror: [1;39mtype '_' cannot be used as a boolean; test for '!= 0' instead[0;0m
[0;36m285 |[0;0m 
[0;36m286 |[0;0m                 HStack {
[0;36m287 |[0;0m                     Button("Cancel").accessibilityLabel("Button").accessibilityLabel("Button") {
    [0;36m|[0;0m                                                                                                `- [1;31merror: [1;39mtype '_' cannot be used as a boolean; test for '!= 0' instead[0;0m
[0;36m288 |[0;0m                         self.dismiss()
[0;36m289 |[0;0m                     }

/Users/danielstevens/github-projects/tools-automation/MomentumFinance/Shared/Components/DetailViewComponents.swift:322:67: [1;31merror: [1;39mvalue of type 'FinancialTransaction' has no member 'name'[0;0m
[0;36m320 |[0;0m         var body: some View {
[0;36m321 |[0;0m             VStack {
[0;36m322 |[0;0m                 Text("Transactions Similar to '\([4;39mself.transaction[0;0m.[4;39mname[0;0m)'")
    [0;36m|[0;0m                                                                   `- [1;31merror: [1;39mvalue of type 'FinancialTransaction' has no member 'name'[0;0m
[0;36m323 |[0;0m                     .font(.headline)
[0;36m324 |[0;0m                     .padding()

/Users/danielstevens/github-projects/tools-automation/MomentumFinance/Shared/Components/DetailViewComponents.swift:358:37: [1;31merror: [1;39mvalue of type 'FinancialTransaction' has no member 'name'[0;0m
[0;36m356 |[0;0m 
[0;36m357 |[0;0m         init(from transaction: FinancialTransaction) {
[0;36m358 |[0;0m             self.name = [4;39mtransaction[0;0m.[4;39mname[0;0m
    [0;36m|[0;0m                                     `- [1;31merror: [1;39mvalue of type 'FinancialTransaction' has no member 'name'[0;0m
[0;36m359 |[0;0m             self.amount = transaction.amount
[0;36m360 |[0;0m             self.date = transaction.date

/Users/danielstevens/github-projects/tools-automation/MomentumFinance/Shared/Components/DetailViewComponents.swift:361:38: [1;31merror: [1;39mvalue of optional type 'String?' must be unwrapped to a value of type 'String'[0;0m
[0;36m359 |[0;0m             self.amount = transaction.amount
[0;36m360 |[0;0m             self.date = transaction.date
[0;36m361 |[0;0m             self.notes = transaction.notes
    [0;36m|[0;0m                                      |- [1;31merror: [1;39mvalue of optional type 'String?' must be unwrapped to a value of type 'String'[0;0m
    [0;36m|[0;0m                                      |- [1;39mnote: [1;39mcoalesce using '??' to provide a default when the optional value contains 'nil'[0;0m
    [0;36m|[0;0m                                      `- [1;39mnote: [1;39mforce-unwrap using '!' to abort execution if the optional value contains 'nil'[0;0m
[0;36m362 |[0;0m             self.categoryId = transaction.category?.id ?? ""
[0;36m363 |[0;0m             self.accountId = transaction.account?.id ?? ""

/Users/danielstevens/github-projects/tools-automation/MomentumFinance/Shared/Components/DetailViewComponents.swift:362:53: [1;31merror: [1;39mcannot convert value of type 'UUID?' to expected argument type 'String?'[0;0m
[0;36m360 |[0;0m             self.date = transaction.date
[0;36m361 |[0;0m             self.notes = transaction.notes
[0;36m362 |[0;0m             self.categoryId = transaction.category?.id ?? ""
    [0;36m|[0;0m                                                     `- [1;31merror: [1;39mcannot convert value of type 'UUID?' to expected argument type 'String?'[0;0m
[0;36m363 |[0;0m             self.accountId = transaction.account?.id ?? ""
[0;36m364 |[0;0m             self.isReconciled = transaction.isReconciled

/Users/danielstevens/github-projects/tools-automation/MomentumFinance/Shared/Components/DetailViewComponents.swift:363:51: [1;31merror: [1;39mcannot convert value of type 'PersistentIdentifier?' to expected argument type 'String?'[0;0m
[0;36m361 |[0;0m             self.notes = transaction.notes
[0;36m362 |[0;0m             self.categoryId = transaction.category?.id ?? ""
[0;36m363 |[0;0m             self.accountId = transaction.account?.id ?? ""
    [0;36m|[0;0m                                                   `- [1;31merror: [1;39mcannot convert value of type 'PersistentIdentifier?' to expected argument type 'String?'[0;0m
[0;36m364 |[0;0m             self.isReconciled = transaction.isReconciled
[0;36m365 |[0;0m             self.isRecurring = transaction.isRecurring

/Users/danielstevens/github-projects/tools-automation/MomentumFinance/Shared/Components/DetailViewComponents.swift:364:45: [1;31merror: [1;39mvalue of type 'FinancialTransaction' has no member 'isReconciled'[0;0m
[0;36m362 |[0;0m             self.categoryId = transaction.category?.id ?? ""
[0;36m363 |[0;0m             self.accountId = transaction.account?.id ?? ""
[0;36m364 |[0;0m             self.isReconciled = [4;39mtransaction[0;0m.[4;39misReconciled[0;0m
    [0;36m|[0;0m                                             `- [1;31merror: [1;39mvalue of type 'FinancialTransaction' has no member 'isReconciled'[0;0m
[0;36m365 |[0;0m             self.isRecurring = transaction.isRecurring
[0;36m366 |[0;0m             self.location = transaction.location

/Users/danielstevens/github-projects/tools-automation/MomentumFinance/Shared/Components/DetailViewComponents.swift:365:44: [1;31merror: [1;39mvalue of type 'FinancialTransaction' has no member 'isRecurring'[0;0m
[0;36m363 |[0;0m             self.accountId = transaction.account?.id ?? ""
[0;36m364 |[0;0m             self.isReconciled = transaction.isReconciled
[0;36m365 |[0;0m             self.isRecurring = [4;39mtransaction[0;0m.[4;39misRecurring[0;0m
    [0;36m|[0;0m                                            `- [1;31merror: [1;39mvalue of type 'FinancialTransaction' has no member 'isRecurring'[0;0m
[0;36m366 |[0;0m             self.location = transaction.location
[0;36m367 |[0;0m             self.subcategory = transaction.subcategory

/Users/danielstevens/github-projects/tools-automation/MomentumFinance/Shared/Components/DetailViewComponents.swift:366:41: [1;31merror: [1;39mvalue of type 'FinancialTransaction' has no member 'location'[0;0m
[0;36m364 |[0;0m             self.isReconciled = transaction.isReconciled
[0;36m365 |[0;0m             self.isRecurring = transaction.isRecurring
[0;36m366 |[0;0m             self.location = [4;39mtransaction[0;0m.[4;39mlocation[0;0m
    [0;36m|[0;0m                                         `- [1;31merror: [1;39mvalue of type 'FinancialTransaction' has no member 'location'[0;0m
[0;36m367 |[0;0m             self.subcategory = transaction.subcategory
[0;36m368 |[0;0m         }

/Users/danielstevens/github-projects/tools-automation/MomentumFinance/Shared/Components/DetailViewComponents.swift:367:44: [1;31merror: [1;39mvalue of type 'FinancialTransaction' has no member 'subcategory'[0;0m
[0;36m365 |[0;0m             self.isRecurring = transaction.isRecurring
[0;36m366 |[0;0m             self.location = transaction.location
[0;36m367 |[0;0m             self.subcategory = [4;39mtransaction[0;0m.[4;39msubcategory[0;0m
    [0;36m|[0;0m                                            `- [1;31merror: [1;39mvalue of type 'FinancialTransaction' has no member 'subcategory'[0;0m
[0;36m368 |[0;0m         }
[0;36m369 |[0;0m     }

/Users/danielstevens/github-projects/tools-automation/MomentumFinance/Shared/Components/Settings/AccessibilitySettingsSection.swift:7:9: [1;31merror: [1;39mproperty 'body' must be declared public because it matches a requirement in public protocol 'View'[0;0m
 [0;36m5 |[0;0m     @Binding var reducedMotion: Bool
 [0;36m6 |[0;0m 
 [0;36m7 |[0;0m     var body: some View {
   [0;36m|[0;0m         |- [1;31merror: [1;39mproperty 'body' must be declared public because it matches a requirement in public protocol 'View'[0;0m
   [0;36m|[0;0m         `- [1;39mnote: [1;39mmark the property as 'public' to satisfy the requirement[0;0m
 [0;36m8 |[0;0m         Section(header: Text("Accessibility")) {
 [0;36m9 |[0;0m             Toggle("Haptic Feedback", isOn: self.$hapticFeedbackEnabled)

/Users/danielstevens/github-projects/tools-automation/MomentumFinance/Shared/Components/Settings/AppearanceSettingsSection.swift:6:9: [1;31merror: [1;39mproperty 'body' must be declared public because it matches a requirement in public protocol 'View'[0;0m
 [0;36m4 |[0;0m     var darkModePreference: DarkModePreference
 [0;36m5 |[0;0m 
 [0;36m6 |[0;0m     var body: some View {
   [0;36m|[0;0m         |- [1;31merror: [1;39mproperty 'body' must be declared public because it matches a requirement in public protocol 'View'[0;0m
   [0;36m|[0;0m         `- [1;39mnote: [1;39mmark the property as 'public' to satisfy the requirement[0;0m
 [0;36m7 |[0;0m         Section(header: Text("Appearance")) {
 [0;36m8 |[0;0m             Picker("Theme", selection: .constant(self.darkModePreference)) {

[#MutableGlobalVariable]: <https://docs.swift.org/compiler/documentation/diagnostics/mutable-global-variable>
[135/148] Compiling Shared AnimationComponents.swift
/Users/danielstevens/github-projects/tools-automation/MomentumFinance/Shared/Animations/AnimationManager.swift:267:10: [1;31merror: [1;39mmethod 'body(content:)' must be declared public because it matches a requirement in public protocol 'ViewModifier'[0;0m
[0;36m265 |[0;0m     /// <#Description#>
[0;36m266 |[0;0m     /// - Returns: <#description#>
[0;36m267 |[0;0m     func body(content: Content) -> some View {
    [0;36m|[0;0m          |- [1;31merror: [1;39mmethod 'body(content:)' must be declared public because it matches a requirement in public protocol 'ViewModifier'[0;0m
    [0;36m|[0;0m          `- [1;39mnote: [1;39mmark the instance method as 'public' to satisfy the requirement[0;0m
[0;36m268 |[0;0m         content
[0;36m269 |[0;0m             .rotation3DEffect(

/Users/danielstevens/github-projects/tools-automation/MomentumFinance/Shared/Animations/AnimationManager.swift:287:9: [1;31merror: [1;39mproperty 'body' must be declared public because it matches a requirement in public protocol 'View'[0;0m
[0;36m285 |[0;0m     }
[0;36m286 |[0;0m 
[0;36m287 |[0;0m     var body: some View {
    [0;36m|[0;0m         |- [1;31merror: [1;39mproperty 'body' must be declared public because it matches a requirement in public protocol 'View'[0;0m
    [0;36m|[0;0m         `- [1;39mnote: [1;39mmark the property as 'public' to satisfy the requirement[0;0m
[0;36m288 |[0;0m         Group {
[0;36m289 |[0;0m             switch self.style {

/Users/danielstevens/github-projects/tools-automation/MomentumFinance/Shared/Animations/AnimationManager.swift:345:9: [1;31merror: [1;39mproperty 'body' must be declared public because it matches a requirement in public protocol 'View'[0;0m
[0;36m343 |[0;0m     @State private var animatedProgress: Double = 0
[0;36m344 |[0;0m 
[0;36m345 |[0;0m     var body: some View {
    [0;36m|[0;0m         |- [1;31merror: [1;39mproperty 'body' must be declared public because it matches a requirement in public protocol 'View'[0;0m
    [0;36m|[0;0m         `- [1;39mnote: [1;39mmark the property as 'public' to satisfy the requirement[0;0m
[0;36m346 |[0;0m         GeometryReader { geometry in
[0;36m347 |[0;0m             ZStack(alignment: .leading) {

/Users/danielstevens/github-projects/tools-automation/MomentumFinance/Shared/Animations/AnimationManager.swift:376:13: [1;31merror: [1;39mvar 'objectPool' is not concurrency-safe because it is nonisolated global shared mutable state[0;0m [#]8;;https://docs.swift.org/compiler/documentation/diagnostics/mutable-global-variable\MutableGlobalVariable]8;;\]
[0;36m374 |[0;0m 
[0;36m375 |[0;0m /// Object pool for performance optimization
[0;36m376 |[0;0m private var objectPool: [Any] = []
    [0;36m|[0;0m             |- [1;31merror: [1;39mvar 'objectPool' is not concurrency-safe because it is nonisolated global shared mutable state[0;0m [#]8;;https://docs.swift.org/compiler/documentation/diagnostics/mutable-global-variable\MutableGlobalVariable]8;;\]
    [0;36m|[0;0m             |- [1;39mnote: [1;39mconvert 'objectPool' to a 'let' constant to make 'Sendable' shared state immutable[0;0m
    [0;36m|[0;0m             |- [1;39mnote: [1;39madd '@MainActor' to make var 'objectPool' part of global actor 'MainActor'[0;0m
    [0;36m|[0;0m             `- [1;39mnote: [1;39mdisable concurrency-safety checks if accesses are protected by an external synchronization mechanism[0;0m
[0;36m377 |[0;0m private let maxPoolSize = 50
[0;36m378 |[0;0m 

/Users/danielstevens/github-projects/tools-automation/MomentumFinance/Shared/Components/AccountDetailComponents.swift:547:36: [1;31merror: [1;39m'AccountType' is not a member type of class 'MomentumFinanceCore.FinancialAccount'[0;0m
[0;36m545 |[0;0m     struct AccountEditModel {
[0;36m546 |[0;0m         var name: String
[0;36m547 |[0;0m         var type: [4;39mFinancialAccount[0;0m.AccountType
    [0;36m|[0;0m                                    `- [1;31merror: [1;39m'AccountType' is not a member type of class 'MomentumFinanceCore.FinancialAccount'[0;0m
[0;36m548 |[0;0m         var balance: Double
[0;36m549 |[0;0m         var currencyCode: String

/Users/danielstevens/github-projects/tools-automation/MomentumFinance/Sources/MomentumFinanceCore/Models.swift:93:20: [1;39mnote: [1;39m'FinancialAccount' declared here[0;0m
 [0;36m91 |[0;0m 
 [0;36m92 |[0;0m @Model
 [0;36m93 |[0;0m public final class FinancialAccount: Hashable, Encodable {
    [0;36m|[0;0m                    `- [1;39mnote: [1;39m'FinancialAccount' declared here[0;0m
 [0;36m94 |[0;0m     enum CodingKeys: String, CodingKey {
 [0;36m95 |[0;0m         case name, balance, iconName, createdDate, accountType, currencyCode, creditLimit

/Users/danielstevens/github-projects/tools-automation/MomentumFinance/Shared/Components/AccountDetailComponents.swift:31:13: [1;31merror: [1;39mswitch must be exhaustive[0;0m
 [0;36m29 |[0;0m 
 [0;36m30 |[0;0m         private var text: String {
 [0;36m31 |[0;0m             switch self.type {
    [0;36m|[0;0m             |- [1;31merror: [1;39mswitch must be exhaustive[0;0m
    [0;36m|[0;0m             `- [1;39mnote: [1;39madd missing case: '.cash'[0;0m
 [0;36m32 |[0;0m             case .checking: "Checking"
 [0;36m33 |[0;0m             case .savings: "Savings"

/Users/danielstevens/github-projects/tools-automation/MomentumFinance/Shared/Components/AccountDetailComponents.swift:40:13: [1;31merror: [1;39mswitch must be exhaustive[0;0m
 [0;36m38 |[0;0m 
 [0;36m39 |[0;0m         private var color: Color {
 [0;36m40 |[0;0m             switch self.type {
    [0;36m|[0;0m             |- [1;31merror: [1;39mswitch must be exhaustive[0;0m
    [0;36m|[0;0m             `- [1;39mnote: [1;39madd missing case: '.cash'[0;0m
 [0;36m41 |[0;0m             case .checking: .green
 [0;36m42 |[0;0m             case .savings: .blue

/Users/danielstevens/github-projects/tools-automation/MomentumFinance/Shared/Components/AccountDetailComponents.swift:354:51: [1;31merror: [1;39mvalue of type 'FinancialAccount' has no member 'interestRate'[0;0m
[0;36m352 |[0;0m                         DetailField(
[0;36m353 |[0;0m                             label: "Interest Rate",
[0;36m354 |[0;0m                             value: (([4;39mself.account[0;0m.[4;39minterestRate[0;0m ?? 0) * 100)
    [0;36m|[0;0m                                                   `- [1;31merror: [1;39mvalue of type 'FinancialAccount' has no member 'interestRate'[0;0m
[0;36m355 |[0;0m                                 .formatted(.number.precision(.fractionLength(2))) + "%"
[0;36m356 |[0;0m                         )

/Users/danielstevens/github-projects/tools-automation/MomentumFinance/Shared/Components/AccountDetailComponents.swift:522:28: [1;31merror: [1;39mcannot convert value of type 'String' to expected argument type 'PrimitiveButtonStyleConfiguration'[0;0m
[0;36m520 |[0;0m 
[0;36m521 |[0;0m                 HStack {
[0;36m522 |[0;0m                     Button("Cancel").accessibilityLabel("Button").accessibilityLabel("Button") {
    [0;36m|[0;0m                            `- [1;31merror: [1;39mcannot convert value of type 'String' to expected argument type 'PrimitiveButtonStyleConfiguration'[0;0m
[0;36m523 |[0;0m                         self.dismiss()
[0;36m524 |[0;0m                     }

/Users/danielstevens/github-projects/tools-automation/MomentumFinance/Shared/Components/AccountDetailComponents.swift:522:96: [1;31merror: [1;39mtype '_' cannot be used as a boolean; test for '!= 0' instead[0;0m
[0;36m520 |[0;0m 
[0;36m521 |[0;0m                 HStack {
[0;36m522 |[0;0m                     Button("Cancel").accessibilityLabel("Button").accessibilityLabel("Button") {
    [0;36m|[0;0m                                                                                                `- [1;31merror: [1;39mtype '_' cannot be used as a boolean; test for '!= 0' instead[0;0m
[0;36m523 |[0;0m                         self.dismiss()
[0;36m524 |[0;0m                     }

/Users/danielstevens/github-projects/tools-automation/MomentumFinance/Shared/Components/AccountDetailComponents.swift:561:33: [1;31merror: [1;39mvalue of type 'FinancialAccount' has no member 'type'[0;0m
[0;36m559 |[0;0m         init(from account: FinancialAccount) {
[0;36m560 |[0;0m             self.name = account.name
[0;36m561 |[0;0m             self.type = [4;39maccount[0;0m.[4;39mtype[0;0m
    [0;36m|[0;0m                                 `- [1;31merror: [1;39mvalue of type 'FinancialAccount' has no member 'type'[0;0m
[0;36m562 |[0;0m             self.balance = account.balance
[0;36m563 |[0;0m             self.currencyCode = account.currencyCode

/Users/danielstevens/github-projects/tools-automation/MomentumFinance/Shared/Components/AccountDetailComponents.swift:564:40: [1;31merror: [1;39mvalue of type 'FinancialAccount' has no member 'institution'[0;0m
[0;36m562 |[0;0m             self.balance = account.balance
[0;36m563 |[0;0m             self.currencyCode = account.currencyCode
[0;36m564 |[0;0m             self.institution = [4;39maccount[0;0m.[4;39minstitution[0;0m
    [0;36m|[0;0m                                        `- [1;31merror: [1;39mvalue of type 'FinancialAccount' has no member 'institution'[0;0m
[0;36m565 |[0;0m             self.accountNumber = account.accountNumber
[0;36m566 |[0;0m             self.interestRate = account.interestRate

/Users/danielstevens/github-projects/tools-automation/MomentumFinance/Shared/Components/AccountDetailComponents.swift:565:42: [1;31merror: [1;39mvalue of type 'FinancialAccount' has no member 'accountNumber'[0;0m
[0;36m563 |[0;0m             self.currencyCode = account.currencyCode
[0;36m564 |[0;0m             self.institution = account.institution
[0;36m565 |[0;0m             self.accountNumber = [4;39maccount[0;0m.[4;39maccountNumber[0;0m
    [0;36m|[0;0m                                          `- [1;31merror: [1;39mvalue of type 'FinancialAccount' has no member 'accountNumber'[0;0m
[0;36m566 |[0;0m             self.interestRate = account.interestRate
[0;36m567 |[0;0m             self.creditLimit = account.creditLimit

/Users/danielstevens/github-projects/tools-automation/MomentumFinance/Shared/Components/AccountDetailComponents.swift:566:41: [1;31merror: [1;39mvalue of type 'FinancialAccount' has no member 'interestRate'[0;0m
[0;36m564 |[0;0m             self.institution = account.institution
[0;36m565 |[0;0m             self.accountNumber = account.accountNumber
[0;36m566 |[0;0m             self.interestRate = [4;39maccount[0;0m.[4;39minterestRate[0;0m
    [0;36m|[0;0m                                         `- [1;31merror: [1;39mvalue of type 'FinancialAccount' has no member 'interestRate'[0;0m
[0;36m567 |[0;0m             self.creditLimit = account.creditLimit
[0;36m568 |[0;0m             self.dueDate = account.dueDate

/Users/danielstevens/github-projects/tools-automation/MomentumFinance/Shared/Components/AccountDetailComponents.swift:568:36: [1;31merror: [1;39mvalue of type 'FinancialAccount' has no member 'dueDate'[0;0m
[0;36m566 |[0;0m             self.interestRate = account.interestRate
[0;36m567 |[0;0m             self.creditLimit = account.creditLimit
[0;36m568 |[0;0m             self.dueDate = [4;39maccount[0;0m.[4;39mdueDate[0;0m
    [0;36m|[0;0m                                    `- [1;31merror: [1;39mvalue of type 'FinancialAccount' has no member 'dueDate'[0;0m
[0;36m569 |[0;0m             self.includeInTotal = account.includeInTotal
[0;36m570 |[0;0m             self.isActive = account.isActive

/Users/danielstevens/github-projects/tools-automation/MomentumFinance/Shared/Components/AccountDetailComponents.swift:569:43: [1;31merror: [1;39mvalue of type 'FinancialAccount' has no member 'includeInTotal'[0;0m
[0;36m567 |[0;0m             self.creditLimit = account.creditLimit
[0;36m568 |[0;0m             self.dueDate = account.dueDate
[0;36m569 |[0;0m             self.includeInTotal = [4;39maccount[0;0m.[4;39mincludeInTotal[0;0m
    [0;36m|[0;0m                                           `- [1;31merror: [1;39mvalue of type 'FinancialAccount' has no member 'includeInTotal'[0;0m
[0;36m570 |[0;0m             self.isActive = account.isActive
[0;36m571 |[0;0m             self.notes = account.notes

/Users/danielstevens/github-projects/tools-automation/MomentumFinance/Shared/Components/AccountDetailComponents.swift:570:37: [1;31merror: [1;39mvalue of type 'FinancialAccount' has no member 'isActive'[0;0m
[0;36m568 |[0;0m             self.dueDate = account.dueDate
[0;36m569 |[0;0m             self.includeInTotal = account.includeInTotal
[0;36m570 |[0;0m             self.isActive = [4;39maccount[0;0m.[4;39misActive[0;0m
    [0;36m|[0;0m                                     `- [1;31merror: [1;39mvalue of type 'FinancialAccount' has no member 'isActive'[0;0m
[0;36m571 |[0;0m             self.notes = account.notes
[0;36m572 |[0;0m         }

/Users/danielstevens/github-projects/tools-automation/MomentumFinance/Shared/Components/AccountDetailComponents.swift:571:34: [1;31merror: [1;39mvalue of type 'FinancialAccount' has no member 'notes'[0;0m
[0;36m569 |[0;0m             self.includeInTotal = account.includeInTotal
[0;36m570 |[0;0m             self.isActive = account.isActive
[0;36m571 |[0;0m             self.notes = [4;39maccount[0;0m.[4;39mnotes[0;0m
    [0;36m|[0;0m                                  `- [1;31merror: [1;39mvalue of type 'FinancialAccount' has no member 'notes'[0;0m
[0;36m572 |[0;0m         }
[0;36m573 |[0;0m     }

/Users/danielstevens/github-projects/tools-automation/MomentumFinance/Shared/Components/BudgetComponents.swift:53:28: [1;31merror: [1;39mreference to member 'systemBackground' cannot be resolved without a contextual type[0;0m
[0;36m51 |[0;0m         }
[0;36m52 |[0;0m         .padding()
[0;36m53 |[0;0m         .background(Color(.systemBackground))
   [0;36m|[0;0m                            `- [1;31merror: [1;39mreference to member 'systemBackground' cannot be resolved without a contextual type[0;0m
[0;36m54 |[0;0m         .cornerRadius(10)
[0;36m55 |[0;0m         .shadow(radius: 2)

/Users/danielstevens/github-projects/tools-automation/MomentumFinance/Shared/Components/Dashboard/DashboardUIComponents.swift:42:15: [1;31merror: [1;39minvalid redeclaration of 'DashboardAccountsSummary'[0;0m
 [0;36m40 |[0;0m // MARK: - Dashboard Accounts Summary
 [0;36m41 |[0;0m 
 [0;36m42 |[0;0m public struct DashboardAccountsSummary: View {
    [0;36m|[0;0m               `- [1;31merror: [1;39minvalid redeclaration of 'DashboardAccountsSummary'[0;0m
 [0;36m43 |[0;0m     public let accounts: [FinancialAccount]
 [0;36m44 |[0;0m     public let onAccountTap: (UUID) -> Void

/Users/danielstevens/github-projects/tools-automation/MomentumFinance/Shared/Components/Dashboard/DashboardUIComponents.swift:203:14: [1;31merror: [1;39minvalid redeclaration of 'formatCurrency'[0;0m
[0;36m201 |[0;0m // MARK: - Helper Functions
[0;36m202 |[0;0m 
[0;36m203 |[0;0m private func formatCurrency(_ amount: Double) -> String {
    [0;36m|[0;0m              `- [1;31merror: [1;39minvalid redeclaration of 'formatCurrency'[0;0m
[0;36m204 |[0;0m     let formatter = NumberFormatter()
[0;36m205 |[0;0m     formatter.numberStyle = .currency

/Users/danielstevens/github-projects/tools-automation/MomentumFinance/Shared/Components/Dashboard/DashboardUIComponents.swift:57:59: [1;31merror: [1;39mcannot convert value of type 'PersistentIdentifier' to expected argument type 'UUID'[0;0m
 [0;36m55 |[0;0m                         AccountSummaryCard(account: account)
 [0;36m56 |[0;0m                             .onTapGesture {
 [0;36m57 |[0;0m                                 self.onAccountTap(account.id)
    [0;36m|[0;0m                                                           `- [1;31merror: [1;39mcannot convert value of type 'PersistentIdentifier' to expected argument type 'UUID'[0;0m
 [0;36m58 |[0;0m                             }
 [0;36m59 |[0;0m                     }

/Users/danielstevens/github-projects/tools-automation/MomentumFinance/Shared/Components/Dashboard/DashboardUIComponents.swift:97:27: [1;31merror: [1;39mcannot find 'UIColor' in scope[0;0m
 [0;36m95 |[0;0m         }
 [0;36m96 |[0;0m         .padding()
 [0;36m97 |[0;0m         .background(Color([4;39mUIColor[0;0m.systemGray6))
    [0;36m|[0;0m                           `- [1;31merror: [1;39mcannot find 'UIColor' in scope[0;0m
 [0;36m98 |[0;0m         .cornerRadius(12)
 [0;36m99 |[0;0m         .frame(width: 160)

/Users/danielstevens/github-projects/tools-automation/MomentumFinance/Shared/Components/Dashboard/DashboardUIComponents.swift:92:31: [1;31merror: [1;39mvalue of type 'FinancialAccount' has no member 'type'[0;0m
 [0;36m90 |[0;0m                 .foregroundColor(self.account.balance >= 0 ? .green : .red)
 [0;36m91 |[0;0m 
 [0;36m92 |[0;0m             Text([4;39mself.account[0;0m.[4;39mtype[0;0m.rawValue.capitalized)
    [0;36m|[0;0m                               `- [1;31merror: [1;39mvalue of type 'FinancialAccount' has no member 'type'[0;0m
 [0;36m93 |[0;0m                 .font(.caption)
 [0;36m94 |[0;0m                 .foregroundColor(.secondary)

/Users/danielstevens/github-projects/tools-automation/MomentumFinance/Shared/Components/Dashboard/DashboardUIComponents.swift:103:29: [1;31merror: [1;39mvalue of type 'FinancialAccount' has no member 'type'[0;0m
[0;36m101 |[0;0m 
[0;36m102 |[0;0m     private var iconName: String {
[0;36m103 |[0;0m         switch [4;39mself.account[0;0m.[4;39mtype[0;0m {
    [0;36m|[0;0m                             `- [1;31merror: [1;39mvalue of type 'FinancialAccount' has no member 'type'[0;0m
[0;36m104 |[0;0m         case .checking:
[0;36m105 |[0;0m             "creditcard"

/Users/danielstevens/github-projects/tools-automation/MomentumFinance/Shared/Components/Dashboard/DashboardUIComponents.swift:189:27: [1;31merror: [1;39mcannot find 'UIColor' in scope[0;0m
[0;36m187 |[0;0m         }
[0;36m188 |[0;0m         .padding()
[0;36m189 |[0;0m         .background(Color([4;39mUIColor[0;0m.systemGray6))
    [0;36m|[0;0m                           `- [1;31merror: [1;39mcannot find 'UIColor' in scope[0;0m
[0;36m190 |[0;0m         .cornerRadius(12)
[0;36m191 |[0;0m     }

/Users/danielstevens/github-projects/tools-automation/MomentumFinance/Shared/Components/DetailViewComponents.swift:39:63: [1;31merror: [1;39mvalue of type 'ExpenseCategory' has no member 'colorHex'[0;0m
 [0;36m37 |[0;0m             HStack(spacing: 4) {
 [0;36m38 |[0;0m                 Circle()
 [0;36m39 |[0;0m                     .fill(self.getCategoryColor([4;39mself.category[0;0m.[4;39mcolorHex[0;0m))
    [0;36m|[0;0m                                                               `- [1;31merror: [1;39mvalue of type 'ExpenseCategory' has no member 'colorHex'[0;0m
 [0;36m40 |[0;0m                     .frame(width: 10, height: 10)
 [0;36m41 |[0;0m 

/Users/danielstevens/github-projects/tools-automation/MomentumFinance/Shared/Components/DetailViewComponents.swift:47:61: [1;31merror: [1;39mvalue of type 'ExpenseCategory' has no member 'colorHex'[0;0m
 [0;36m45 |[0;0m             .padding(.horizontal, 8)
 [0;36m46 |[0;0m             .padding(.vertical, 2)
 [0;36m47 |[0;0m             .background(self.getCategoryColor([4;39mself.category[0;0m.[4;39mcolorHex[0;0m).opacity(0.1))
    [0;36m|[0;0m                                                             `- [1;31merror: [1;39mvalue of type 'ExpenseCategory' has no member 'colorHex'[0;0m
 [0;36m48 |[0;0m             .cornerRadius(4)
 [0;36m49 |[0;0m         }

/Users/danielstevens/github-projects/tools-automation/MomentumFinance/Shared/Components/DetailViewComponents.swift:52:23: [1;33mwarning: [1;39mvalue 'hex' was defined but never used; consider replacing with boolean test[0;0m [#no-usage]
 [0;36m50 |[0;0m 
 [0;36m51 |[0;0m         private func getCategoryColor(_ hex: String?) -> Color {
 [0;36m52 |[0;0m             guard let hex else { return .gray }
    [0;36m|[0;0m                       `- [1;33mwarning: [1;39mvalue 'hex' was defined but never used; consider replacing with boolean test[0;0m [#no-usage]
 [0;36m53 |[0;0m             // This would parse the hex color string
 [0;36m54 |[0;0m             return .blue

/Users/danielstevens/github-projects/tools-automation/MomentumFinance/Shared/Components/DetailViewComponents.swift:81:28: [1;31merror: [1;39mmissing argument for parameter #1 in call[0;0m
 [0;36m79 |[0;0m 
 [0;36m80 |[0;0m                 if self.showDeleteButton {
 [0;36m81 |[0;0m                     Button(action: {}).accessibilityLabel("Button").accessibilityLabel("Button") {
    [0;36m|[0;0m                            `- [1;31merror: [1;39mmissing argument for parameter #1 in call[0;0m
 [0;36m82 |[0;0m                         Image(systemName: "xmark.circle.fill")
 [0;36m83 |[0;0m                             .foregroundStyle(.red)

SwiftUI.Button.init:2:36: [1;39mnote: [1;39m'init(_:action:)' declared here[0;0m
[0;36m1 |[0;0m generic struct Button {
[0;36m2 |[0;0m @preconcurrency nonisolated public init(_ titleKey: LocalizedStringKey, action: @escaping @MainActor () -> Void)}
  [0;36m|[0;0m                                    `- [1;39mnote: [1;39m'init(_:action:)' declared here[0;0m
[0;36m3 |[0;0m 

/Users/danielstevens/github-projects/tools-automation/MomentumFinance/Shared/Components/DetailViewComponents.swift:81:98: [1;31merror: [1;39mtype '_' cannot be used as a boolean; test for '!= 0' instead[0;0m
 [0;36m79 |[0;0m 
 [0;36m80 |[0;0m                 if self.showDeleteButton {
 [0;36m81 |[0;0m                     Button(action: {}).accessibilityLabel("Button").accessibilityLabel("Button") {
    [0;36m|[0;0m                                                                                                  `- [1;31merror: [1;39mtype '_' cannot be used as a boolean; test for '!= 0' instead[0;0m
 [0;36m82 |[0;0m                         Image(systemName: "xmark.circle.fill")
 [0;36m83 |[0;0m                             .foregroundStyle(.red)

/Users/danielstevens/github-projects/tools-automation/MomentumFinance/Shared/Components/DetailViewComponents.swift:287:28: [1;31merror: [1;39mcannot convert value of type 'String' to expected argument type 'PrimitiveButtonStyleConfiguration'[0;0m
[0;36m285 |[0;0m 
[0;36m286 |[0;0m                 HStack {
[0;36m287 |[0;0m                     Button("Cancel").accessibilityLabel("Button").accessibilityLabel("Button") {
    [0;36m|[0;0m                            `- [1;31merror: [1;39mcannot convert value of type 'String' to expected argument type 'PrimitiveButtonStyleConfiguration'[0;0m
[0;36m288 |[0;0m                         self.dismiss()
[0;36m289 |[0;0m                     }

/Users/danielstevens/github-projects/tools-automation/MomentumFinance/Shared/Components/DetailViewComponents.swift:287:96: [1;31merror: [1;39mtype '_' cannot be used as a boolean; test for '!= 0' instead[0;0m
[0;36m285 |[0;0m 
[0;36m286 |[0;0m                 HStack {
[0;36m287 |[0;0m                     Button("Cancel").accessibilityLabel("Button").accessibilityLabel("Button") {
    [0;36m|[0;0m                                                                                                `- [1;31merror: [1;39mtype '_' cannot be used as a boolean; test for '!= 0' instead[0;0m
[0;36m288 |[0;0m                         self.dismiss()
[0;36m289 |[0;0m                     }

/Users/danielstevens/github-projects/tools-automation/MomentumFinance/Shared/Components/DetailViewComponents.swift:322:67: [1;31merror: [1;39mvalue of type 'FinancialTransaction' has no member 'name'[0;0m
[0;36m320 |[0;0m         var body: some View {
[0;36m321 |[0;0m             VStack {
[0;36m322 |[0;0m                 Text("Transactions Similar to '\([4;39mself.transaction[0;0m.[4;39mname[0;0m)'")
    [0;36m|[0;0m                                                                   `- [1;31merror: [1;39mvalue of type 'FinancialTransaction' has no member 'name'[0;0m
[0;36m323 |[0;0m                     .font(.headline)
[0;36m324 |[0;0m                     .padding()

/Users/danielstevens/github-projects/tools-automation/MomentumFinance/Shared/Components/DetailViewComponents.swift:358:37: [1;31merror: [1;39mvalue of type 'FinancialTransaction' has no member 'name'[0;0m
[0;36m356 |[0;0m 
[0;36m357 |[0;0m         init(from transaction: FinancialTransaction) {
[0;36m358 |[0;0m             self.name = [4;39mtransaction[0;0m.[4;39mname[0;0m
    [0;36m|[0;0m                                     `- [1;31merror: [1;39mvalue of type 'FinancialTransaction' has no member 'name'[0;0m
[0;36m359 |[0;0m             self.amount = transaction.amount
[0;36m360 |[0;0m             self.date = transaction.date

/Users/danielstevens/github-projects/tools-automation/MomentumFinance/Shared/Components/DetailViewComponents.swift:361:38: [1;31merror: [1;39mvalue of optional type 'String?' must be unwrapped to a value of type 'String'[0;0m
[0;36m359 |[0;0m             self.amount = transaction.amount
[0;36m360 |[0;0m             self.date = transaction.date
[0;36m361 |[0;0m             self.notes = transaction.notes
    [0;36m|[0;0m                                      |- [1;31merror: [1;39mvalue of optional type 'String?' must be unwrapped to a value of type 'String'[0;0m
    [0;36m|[0;0m                                      |- [1;39mnote: [1;39mcoalesce using '??' to provide a default when the optional value contains 'nil'[0;0m
    [0;36m|[0;0m                                      `- [1;39mnote: [1;39mforce-unwrap using '!' to abort execution if the optional value contains 'nil'[0;0m
[0;36m362 |[0;0m             self.categoryId = transaction.category?.id ?? ""
[0;36m363 |[0;0m             self.accountId = transaction.account?.id ?? ""

/Users/danielstevens/github-projects/tools-automation/MomentumFinance/Shared/Components/DetailViewComponents.swift:362:53: [1;31merror: [1;39mcannot convert value of type 'UUID?' to expected argument type 'String?'[0;0m
[0;36m360 |[0;0m             self.date = transaction.date
[0;36m361 |[0;0m             self.notes = transaction.notes
[0;36m362 |[0;0m             self.categoryId = transaction.category?.id ?? ""
    [0;36m|[0;0m                                                     `- [1;31merror: [1;39mcannot convert value of type 'UUID?' to expected argument type 'String?'[0;0m
[0;36m363 |[0;0m             self.accountId = transaction.account?.id ?? ""
[0;36m364 |[0;0m             self.isReconciled = transaction.isReconciled

/Users/danielstevens/github-projects/tools-automation/MomentumFinance/Shared/Components/DetailViewComponents.swift:363:51: [1;31merror: [1;39mcannot convert value of type 'PersistentIdentifier?' to expected argument type 'String?'[0;0m
[0;36m361 |[0;0m             self.notes = transaction.notes
[0;36m362 |[0;0m             self.categoryId = transaction.category?.id ?? ""
[0;36m363 |[0;0m             self.accountId = transaction.account?.id ?? ""
    [0;36m|[0;0m                                                   `- [1;31merror: [1;39mcannot convert value of type 'PersistentIdentifier?' to expected argument type 'String?'[0;0m
[0;36m364 |[0;0m             self.isReconciled = transaction.isReconciled
[0;36m365 |[0;0m             self.isRecurring = transaction.isRecurring

/Users/danielstevens/github-projects/tools-automation/MomentumFinance/Shared/Components/DetailViewComponents.swift:364:45: [1;31merror: [1;39mvalue of type 'FinancialTransaction' has no member 'isReconciled'[0;0m
[0;36m362 |[0;0m             self.categoryId = transaction.category?.id ?? ""
[0;36m363 |[0;0m             self.accountId = transaction.account?.id ?? ""
[0;36m364 |[0;0m             self.isReconciled = [4;39mtransaction[0;0m.[4;39misReconciled[0;0m
    [0;36m|[0;0m                                             `- [1;31merror: [1;39mvalue of type 'FinancialTransaction' has no member 'isReconciled'[0;0m
[0;36m365 |[0;0m             self.isRecurring = transaction.isRecurring
[0;36m366 |[0;0m             self.location = transaction.location

/Users/danielstevens/github-projects/tools-automation/MomentumFinance/Shared/Components/DetailViewComponents.swift:365:44: [1;31merror: [1;39mvalue of type 'FinancialTransaction' has no member 'isRecurring'[0;0m
[0;36m363 |[0;0m             self.accountId = transaction.account?.id ?? ""
[0;36m364 |[0;0m             self.isReconciled = transaction.isReconciled
[0;36m365 |[0;0m             self.isRecurring = [4;39mtransaction[0;0m.[4;39misRecurring[0;0m
    [0;36m|[0;0m                                            `- [1;31merror: [1;39mvalue of type 'FinancialTransaction' has no member 'isRecurring'[0;0m
[0;36m366 |[0;0m             self.location = transaction.location
[0;36m367 |[0;0m             self.subcategory = transaction.subcategory

/Users/danielstevens/github-projects/tools-automation/MomentumFinance/Shared/Components/DetailViewComponents.swift:366:41: [1;31merror: [1;39mvalue of type 'FinancialTransaction' has no member 'location'[0;0m
[0;36m364 |[0;0m             self.isReconciled = transaction.isReconciled
[0;36m365 |[0;0m             self.isRecurring = transaction.isRecurring
[0;36m366 |[0;0m             self.location = [4;39mtransaction[0;0m.[4;39mlocation[0;0m
    [0;36m|[0;0m                                         `- [1;31merror: [1;39mvalue of type 'FinancialTransaction' has no member 'location'[0;0m
[0;36m367 |[0;0m             self.subcategory = transaction.subcategory
[0;36m368 |[0;0m         }

/Users/danielstevens/github-projects/tools-automation/MomentumFinance/Shared/Components/DetailViewComponents.swift:367:44: [1;31merror: [1;39mvalue of type 'FinancialTransaction' has no member 'subcategory'[0;0m
[0;36m365 |[0;0m             self.isRecurring = transaction.isRecurring
[0;36m366 |[0;0m             self.location = transaction.location
[0;36m367 |[0;0m             self.subcategory = [4;39mtransaction[0;0m.[4;39msubcategory[0;0m
    [0;36m|[0;0m                                            `- [1;31merror: [1;39mvalue of type 'FinancialTransaction' has no member 'subcategory'[0;0m
[0;36m368 |[0;0m         }
[0;36m369 |[0;0m     }

/Users/danielstevens/github-projects/tools-automation/MomentumFinance/Shared/Components/Settings/AccessibilitySettingsSection.swift:7:9: [1;31merror: [1;39mproperty 'body' must be declared public because it matches a requirement in public protocol 'View'[0;0m
 [0;36m5 |[0;0m     @Binding var reducedMotion: Bool
 [0;36m6 |[0;0m 
 [0;36m7 |[0;0m     var body: some View {
   [0;36m|[0;0m         |- [1;31merror: [1;39mproperty 'body' must be declared public because it matches a requirement in public protocol 'View'[0;0m
   [0;36m|[0;0m         `- [1;39mnote: [1;39mmark the property as 'public' to satisfy the requirement[0;0m
 [0;36m8 |[0;0m         Section(header: Text("Accessibility")) {
 [0;36m9 |[0;0m             Toggle("Haptic Feedback", isOn: self.$hapticFeedbackEnabled)

/Users/danielstevens/github-projects/tools-automation/MomentumFinance/Shared/Components/Settings/AppearanceSettingsSection.swift:6:9: [1;31merror: [1;39mproperty 'body' must be declared public because it matches a requirement in public protocol 'View'[0;0m
 [0;36m4 |[0;0m     var darkModePreference: DarkModePreference
 [0;36m5 |[0;0m 
 [0;36m6 |[0;0m     var body: some View {
   [0;36m|[0;0m         |- [1;31merror: [1;39mproperty 'body' must be declared public because it matches a requirement in public protocol 'View'[0;0m
   [0;36m|[0;0m         `- [1;39mnote: [1;39mmark the property as 'public' to satisfy the requirement[0;0m
 [0;36m7 |[0;0m         Section(header: Text("Appearance")) {
 [0;36m8 |[0;0m             Picker("Theme", selection: .constant(self.darkModePreference)) {

[#MutableGlobalVariable]: <https://docs.swift.org/compiler/documentation/diagnostics/mutable-global-variable>
[136/148] Compiling Shared AnimationManager.swift
/Users/danielstevens/github-projects/tools-automation/MomentumFinance/Shared/Animations/AnimationManager.swift:267:10: [1;31merror: [1;39mmethod 'body(content:)' must be declared public because it matches a requirement in public protocol 'ViewModifier'[0;0m
[0;36m265 |[0;0m     /// <#Description#>
[0;36m266 |[0;0m     /// - Returns: <#description#>
[0;36m267 |[0;0m     func body(content: Content) -> some View {
    [0;36m|[0;0m          |- [1;31merror: [1;39mmethod 'body(content:)' must be declared public because it matches a requirement in public protocol 'ViewModifier'[0;0m
    [0;36m|[0;0m          `- [1;39mnote: [1;39mmark the instance method as 'public' to satisfy the requirement[0;0m
[0;36m268 |[0;0m         content
[0;36m269 |[0;0m             .rotation3DEffect(

/Users/danielstevens/github-projects/tools-automation/MomentumFinance/Shared/Animations/AnimationManager.swift:287:9: [1;31merror: [1;39mproperty 'body' must be declared public because it matches a requirement in public protocol 'View'[0;0m
[0;36m285 |[0;0m     }
[0;36m286 |[0;0m 
[0;36m287 |[0;0m     var body: some View {
    [0;36m|[0;0m         |- [1;31merror: [1;39mproperty 'body' must be declared public because it matches a requirement in public protocol 'View'[0;0m
    [0;36m|[0;0m         `- [1;39mnote: [1;39mmark the property as 'public' to satisfy the requirement[0;0m
[0;36m288 |[0;0m         Group {
[0;36m289 |[0;0m             switch self.style {

/Users/danielstevens/github-projects/tools-automation/MomentumFinance/Shared/Animations/AnimationManager.swift:345:9: [1;31merror: [1;39mproperty 'body' must be declared public because it matches a requirement in public protocol 'View'[0;0m
[0;36m343 |[0;0m     @State private var animatedProgress: Double = 0
[0;36m344 |[0;0m 
[0;36m345 |[0;0m     var body: some View {
    [0;36m|[0;0m         |- [1;31merror: [1;39mproperty 'body' must be declared public because it matches a requirement in public protocol 'View'[0;0m
    [0;36m|[0;0m         `- [1;39mnote: [1;39mmark the property as 'public' to satisfy the requirement[0;0m
[0;36m346 |[0;0m         GeometryReader { geometry in
[0;36m347 |[0;0m             ZStack(alignment: .leading) {

/Users/danielstevens/github-projects/tools-automation/MomentumFinance/Shared/Animations/AnimationManager.swift:376:13: [1;31merror: [1;39mvar 'objectPool' is not concurrency-safe because it is nonisolated global shared mutable state[0;0m [#]8;;https://docs.swift.org/compiler/documentation/diagnostics/mutable-global-variable\MutableGlobalVariable]8;;\]
[0;36m374 |[0;0m 
[0;36m375 |[0;0m /// Object pool for performance optimization
[0;36m376 |[0;0m private var objectPool: [Any] = []
    [0;36m|[0;0m             |- [1;31merror: [1;39mvar 'objectPool' is not concurrency-safe because it is nonisolated global shared mutable state[0;0m [#]8;;https://docs.swift.org/compiler/documentation/diagnostics/mutable-global-variable\MutableGlobalVariable]8;;\]
    [0;36m|[0;0m             |- [1;39mnote: [1;39mconvert 'objectPool' to a 'let' constant to make 'Sendable' shared state immutable[0;0m
    [0;36m|[0;0m             |- [1;39mnote: [1;39madd '@MainActor' to make var 'objectPool' part of global actor 'MainActor'[0;0m
    [0;36m|[0;0m             `- [1;39mnote: [1;39mdisable concurrency-safety checks if accesses are protected by an external synchronization mechanism[0;0m
[0;36m377 |[0;0m private let maxPoolSize = 50
[0;36m378 |[0;0m 

/Users/danielstevens/github-projects/tools-automation/MomentumFinance/Shared/Components/AccountDetailComponents.swift:547:36: [1;31merror: [1;39m'AccountType' is not a member type of class 'MomentumFinanceCore.FinancialAccount'[0;0m
[0;36m545 |[0;0m     struct AccountEditModel {
[0;36m546 |[0;0m         var name: String
[0;36m547 |[0;0m         var type: [4;39mFinancialAccount[0;0m.AccountType
    [0;36m|[0;0m                                    `- [1;31merror: [1;39m'AccountType' is not a member type of class 'MomentumFinanceCore.FinancialAccount'[0;0m
[0;36m548 |[0;0m         var balance: Double
[0;36m549 |[0;0m         var currencyCode: String

/Users/danielstevens/github-projects/tools-automation/MomentumFinance/Sources/MomentumFinanceCore/Models.swift:93:20: [1;39mnote: [1;39m'FinancialAccount' declared here[0;0m
 [0;36m91 |[0;0m 
 [0;36m92 |[0;0m @Model
 [0;36m93 |[0;0m public final class FinancialAccount: Hashable, Encodable {
    [0;36m|[0;0m                    `- [1;39mnote: [1;39m'FinancialAccount' declared here[0;0m
 [0;36m94 |[0;0m     enum CodingKeys: String, CodingKey {
 [0;36m95 |[0;0m         case name, balance, iconName, createdDate, accountType, currencyCode, creditLimit

/Users/danielstevens/github-projects/tools-automation/MomentumFinance/Shared/Components/AccountDetailComponents.swift:31:13: [1;31merror: [1;39mswitch must be exhaustive[0;0m
 [0;36m29 |[0;0m 
 [0;36m30 |[0;0m         private var text: String {
 [0;36m31 |[0;0m             switch self.type {
    [0;36m|[0;0m             |- [1;31merror: [1;39mswitch must be exhaustive[0;0m
    [0;36m|[0;0m             `- [1;39mnote: [1;39madd missing case: '.cash'[0;0m
 [0;36m32 |[0;0m             case .checking: "Checking"
 [0;36m33 |[0;0m             case .savings: "Savings"

/Users/danielstevens/github-projects/tools-automation/MomentumFinance/Shared/Components/AccountDetailComponents.swift:40:13: [1;31merror: [1;39mswitch must be exhaustive[0;0m
 [0;36m38 |[0;0m 
 [0;36m39 |[0;0m         private var color: Color {
 [0;36m40 |[0;0m             switch self.type {
    [0;36m|[0;0m             |- [1;31merror: [1;39mswitch must be exhaustive[0;0m
    [0;36m|[0;0m             `- [1;39mnote: [1;39madd missing case: '.cash'[0;0m
 [0;36m41 |[0;0m             case .checking: .green
 [0;36m42 |[0;0m             case .savings: .blue

/Users/danielstevens/github-projects/tools-automation/MomentumFinance/Shared/Components/AccountDetailComponents.swift:354:51: [1;31merror: [1;39mvalue of type 'FinancialAccount' has no member 'interestRate'[0;0m
[0;36m352 |[0;0m                         DetailField(
[0;36m353 |[0;0m                             label: "Interest Rate",
[0;36m354 |[0;0m                             value: (([4;39mself.account[0;0m.[4;39minterestRate[0;0m ?? 0) * 100)
    [0;36m|[0;0m                                                   `- [1;31merror: [1;39mvalue of type 'FinancialAccount' has no member 'interestRate'[0;0m
[0;36m355 |[0;0m                                 .formatted(.number.precision(.fractionLength(2))) + "%"
[0;36m356 |[0;0m                         )

/Users/danielstevens/github-projects/tools-automation/MomentumFinance/Shared/Components/AccountDetailComponents.swift:522:28: [1;31merror: [1;39mcannot convert value of type 'String' to expected argument type 'PrimitiveButtonStyleConfiguration'[0;0m
[0;36m520 |[0;0m 
[0;36m521 |[0;0m                 HStack {
[0;36m522 |[0;0m                     Button("Cancel").accessibilityLabel("Button").accessibilityLabel("Button") {
    [0;36m|[0;0m                            `- [1;31merror: [1;39mcannot convert value of type 'String' to expected argument type 'PrimitiveButtonStyleConfiguration'[0;0m
[0;36m523 |[0;0m                         self.dismiss()
[0;36m524 |[0;0m                     }

/Users/danielstevens/github-projects/tools-automation/MomentumFinance/Shared/Components/AccountDetailComponents.swift:522:96: [1;31merror: [1;39mtype '_' cannot be used as a boolean; test for '!= 0' instead[0;0m
[0;36m520 |[0;0m 
[0;36m521 |[0;0m                 HStack {
[0;36m522 |[0;0m                     Button("Cancel").accessibilityLabel("Button").accessibilityLabel("Button") {
    [0;36m|[0;0m                                                                                                `- [1;31merror: [1;39mtype '_' cannot be used as a boolean; test for '!= 0' instead[0;0m
[0;36m523 |[0;0m                         self.dismiss()
[0;36m524 |[0;0m                     }

/Users/danielstevens/github-projects/tools-automation/MomentumFinance/Shared/Components/AccountDetailComponents.swift:561:33: [1;31merror: [1;39mvalue of type 'FinancialAccount' has no member 'type'[0;0m
[0;36m559 |[0;0m         init(from account: FinancialAccount) {
[0;36m560 |[0;0m             self.name = account.name
[0;36m561 |[0;0m             self.type = [4;39maccount[0;0m.[4;39mtype[0;0m
    [0;36m|[0;0m                                 `- [1;31merror: [1;39mvalue of type 'FinancialAccount' has no member 'type'[0;0m
[0;36m562 |[0;0m             self.balance = account.balance
[0;36m563 |[0;0m             self.currencyCode = account.currencyCode

/Users/danielstevens/github-projects/tools-automation/MomentumFinance/Shared/Components/AccountDetailComponents.swift:564:40: [1;31merror: [1;39mvalue of type 'FinancialAccount' has no member 'institution'[0;0m
[0;36m562 |[0;0m             self.balance = account.balance
[0;36m563 |[0;0m             self.currencyCode = account.currencyCode
[0;36m564 |[0;0m             self.institution = [4;39maccount[0;0m.[4;39minstitution[0;0m
    [0;36m|[0;0m                                        `- [1;31merror: [1;39mvalue of type 'FinancialAccount' has no member 'institution'[0;0m
[0;36m565 |[0;0m             self.accountNumber = account.accountNumber
[0;36m566 |[0;0m             self.interestRate = account.interestRate

/Users/danielstevens/github-projects/tools-automation/MomentumFinance/Shared/Components/AccountDetailComponents.swift:565:42: [1;31merror: [1;39mvalue of type 'FinancialAccount' has no member 'accountNumber'[0;0m
[0;36m563 |[0;0m             self.currencyCode = account.currencyCode
[0;36m564 |[0;0m             self.institution = account.institution
[0;36m565 |[0;0m             self.accountNumber = [4;39maccount[0;0m.[4;39maccountNumber[0;0m
    [0;36m|[0;0m                                          `- [1;31merror: [1;39mvalue of type 'FinancialAccount' has no member 'accountNumber'[0;0m
[0;36m566 |[0;0m             self.interestRate = account.interestRate
[0;36m567 |[0;0m             self.creditLimit = account.creditLimit

/Users/danielstevens/github-projects/tools-automation/MomentumFinance/Shared/Components/AccountDetailComponents.swift:566:41: [1;31merror: [1;39mvalue of type 'FinancialAccount' has no member 'interestRate'[0;0m
[0;36m564 |[0;0m             self.institution = account.institution
[0;36m565 |[0;0m             self.accountNumber = account.accountNumber
[0;36m566 |[0;0m             self.interestRate = [4;39maccount[0;0m.[4;39minterestRate[0;0m
    [0;36m|[0;0m                                         `- [1;31merror: [1;39mvalue of type 'FinancialAccount' has no member 'interestRate'[0;0m
[0;36m567 |[0;0m             self.creditLimit = account.creditLimit
[0;36m568 |[0;0m             self.dueDate = account.dueDate

/Users/danielstevens/github-projects/tools-automation/MomentumFinance/Shared/Components/AccountDetailComponents.swift:568:36: [1;31merror: [1;39mvalue of type 'FinancialAccount' has no member 'dueDate'[0;0m
[0;36m566 |[0;0m             self.interestRate = account.interestRate
[0;36m567 |[0;0m             self.creditLimit = account.creditLimit
[0;36m568 |[0;0m             self.dueDate = [4;39maccount[0;0m.[4;39mdueDate[0;0m
    [0;36m|[0;0m                                    `- [1;31merror: [1;39mvalue of type 'FinancialAccount' has no member 'dueDate'[0;0m
[0;36m569 |[0;0m             self.includeInTotal = account.includeInTotal
[0;36m570 |[0;0m             self.isActive = account.isActive

/Users/danielstevens/github-projects/tools-automation/MomentumFinance/Shared/Components/AccountDetailComponents.swift:569:43: [1;31merror: [1;39mvalue of type 'FinancialAccount' has no member 'includeInTotal'[0;0m
[0;36m567 |[0;0m             self.creditLimit = account.creditLimit
[0;36m568 |[0;0m             self.dueDate = account.dueDate
[0;36m569 |[0;0m             self.includeInTotal = [4;39maccount[0;0m.[4;39mincludeInTotal[0;0m
    [0;36m|[0;0m                                           `- [1;31merror: [1;39mvalue of type 'FinancialAccount' has no member 'includeInTotal'[0;0m
[0;36m570 |[0;0m             self.isActive = account.isActive
[0;36m571 |[0;0m             self.notes = account.notes

/Users/danielstevens/github-projects/tools-automation/MomentumFinance/Shared/Components/AccountDetailComponents.swift:570:37: [1;31merror: [1;39mvalue of type 'FinancialAccount' has no member 'isActive'[0;0m
[0;36m568 |[0;0m             self.dueDate = account.dueDate
[0;36m569 |[0;0m             self.includeInTotal = account.includeInTotal
[0;36m570 |[0;0m             self.isActive = [4;39maccount[0;0m.[4;39misActive[0;0m
    [0;36m|[0;0m                                     `- [1;31merror: [1;39mvalue of type 'FinancialAccount' has no member 'isActive'[0;0m
[0;36m571 |[0;0m             self.notes = account.notes
[0;36m572 |[0;0m         }

/Users/danielstevens/github-projects/tools-automation/MomentumFinance/Shared/Components/AccountDetailComponents.swift:571:34: [1;31merror: [1;39mvalue of type 'FinancialAccount' has no member 'notes'[0;0m
[0;36m569 |[0;0m             self.includeInTotal = account.includeInTotal
[0;36m570 |[0;0m             self.isActive = account.isActive
[0;36m571 |[0;0m             self.notes = [4;39maccount[0;0m.[4;39mnotes[0;0m
    [0;36m|[0;0m                                  `- [1;31merror: [1;39mvalue of type 'FinancialAccount' has no member 'notes'[0;0m
[0;36m572 |[0;0m         }
[0;36m573 |[0;0m     }

/Users/danielstevens/github-projects/tools-automation/MomentumFinance/Shared/Components/BudgetComponents.swift:53:28: [1;31merror: [1;39mreference to member 'systemBackground' cannot be resolved without a contextual type[0;0m
[0;36m51 |[0;0m         }
[0;36m52 |[0;0m         .padding()
[0;36m53 |[0;0m         .background(Color(.systemBackground))
   [0;36m|[0;0m                            `- [1;31merror: [1;39mreference to member 'systemBackground' cannot be resolved without a contextual type[0;0m
[0;36m54 |[0;0m         .cornerRadius(10)
[0;36m55 |[0;0m         .shadow(radius: 2)

/Users/danielstevens/github-projects/tools-automation/MomentumFinance/Shared/Components/Dashboard/DashboardUIComponents.swift:42:15: [1;31merror: [1;39minvalid redeclaration of 'DashboardAccountsSummary'[0;0m
 [0;36m40 |[0;0m // MARK: - Dashboard Accounts Summary
 [0;36m41 |[0;0m 
 [0;36m42 |[0;0m public struct DashboardAccountsSummary: View {
    [0;36m|[0;0m               `- [1;31merror: [1;39minvalid redeclaration of 'DashboardAccountsSummary'[0;0m
 [0;36m43 |[0;0m     public let accounts: [FinancialAccount]
 [0;36m44 |[0;0m     public let onAccountTap: (UUID) -> Void

/Users/danielstevens/github-projects/tools-automation/MomentumFinance/Shared/Components/Dashboard/DashboardUIComponents.swift:203:14: [1;31merror: [1;39minvalid redeclaration of 'formatCurrency'[0;0m
[0;36m201 |[0;0m // MARK: - Helper Functions
[0;36m202 |[0;0m 
[0;36m203 |[0;0m private func formatCurrency(_ amount: Double) -> String {
    [0;36m|[0;0m              `- [1;31merror: [1;39minvalid redeclaration of 'formatCurrency'[0;0m
[0;36m204 |[0;0m     let formatter = NumberFormatter()
[0;36m205 |[0;0m     formatter.numberStyle = .currency

/Users/danielstevens/github-projects/tools-automation/MomentumFinance/Shared/Components/Dashboard/DashboardUIComponents.swift:57:59: [1;31merror: [1;39mcannot convert value of type 'PersistentIdentifier' to expected argument type 'UUID'[0;0m
 [0;36m55 |[0;0m                         AccountSummaryCard(account: account)
 [0;36m56 |[0;0m                             .onTapGesture {
 [0;36m57 |[0;0m                                 self.onAccountTap(account.id)
    [0;36m|[0;0m                                                           `- [1;31merror: [1;39mcannot convert value of type 'PersistentIdentifier' to expected argument type 'UUID'[0;0m
 [0;36m58 |[0;0m                             }
 [0;36m59 |[0;0m                     }

/Users/danielstevens/github-projects/tools-automation/MomentumFinance/Shared/Components/Dashboard/DashboardUIComponents.swift:97:27: [1;31merror: [1;39mcannot find 'UIColor' in scope[0;0m
 [0;36m95 |[0;0m         }
 [0;36m96 |[0;0m         .padding()
 [0;36m97 |[0;0m         .background(Color([4;39mUIColor[0;0m.systemGray6))
    [0;36m|[0;0m                           `- [1;31merror: [1;39mcannot find 'UIColor' in scope[0;0m
 [0;36m98 |[0;0m         .cornerRadius(12)
 [0;36m99 |[0;0m         .frame(width: 160)

/Users/danielstevens/github-projects/tools-automation/MomentumFinance/Shared/Components/Dashboard/DashboardUIComponents.swift:92:31: [1;31merror: [1;39mvalue of type 'FinancialAccount' has no member 'type'[0;0m
 [0;36m90 |[0;0m                 .foregroundColor(self.account.balance >= 0 ? .green : .red)
 [0;36m91 |[0;0m 
 [0;36m92 |[0;0m             Text([4;39mself.account[0;0m.[4;39mtype[0;0m.rawValue.capitalized)
    [0;36m|[0;0m                               `- [1;31merror: [1;39mvalue of type 'FinancialAccount' has no member 'type'[0;0m
 [0;36m93 |[0;0m                 .font(.caption)
 [0;36m94 |[0;0m                 .foregroundColor(.secondary)

/Users/danielstevens/github-projects/tools-automation/MomentumFinance/Shared/Components/Dashboard/DashboardUIComponents.swift:103:29: [1;31merror: [1;39mvalue of type 'FinancialAccount' has no member 'type'[0;0m
[0;36m101 |[0;0m 
[0;36m102 |[0;0m     private var iconName: String {
[0;36m103 |[0;0m         switch [4;39mself.account[0;0m.[4;39mtype[0;0m {
    [0;36m|[0;0m                             `- [1;31merror: [1;39mvalue of type 'FinancialAccount' has no member 'type'[0;0m
[0;36m104 |[0;0m         case .checking:
[0;36m105 |[0;0m             "creditcard"

/Users/danielstevens/github-projects/tools-automation/MomentumFinance/Shared/Components/Dashboard/DashboardUIComponents.swift:189:27: [1;31merror: [1;39mcannot find 'UIColor' in scope[0;0m
[0;36m187 |[0;0m         }
[0;36m188 |[0;0m         .padding()
[0;36m189 |[0;0m         .background(Color([4;39mUIColor[0;0m.systemGray6))
    [0;36m|[0;0m                           `- [1;31merror: [1;39mcannot find 'UIColor' in scope[0;0m
[0;36m190 |[0;0m         .cornerRadius(12)
[0;36m191 |[0;0m     }

/Users/danielstevens/github-projects/tools-automation/MomentumFinance/Shared/Components/DetailViewComponents.swift:39:63: [1;31merror: [1;39mvalue of type 'ExpenseCategory' has no member 'colorHex'[0;0m
 [0;36m37 |[0;0m             HStack(spacing: 4) {
 [0;36m38 |[0;0m                 Circle()
 [0;36m39 |[0;0m                     .fill(self.getCategoryColor([4;39mself.category[0;0m.[4;39mcolorHex[0;0m))
    [0;36m|[0;0m                                                               `- [1;31merror: [1;39mvalue of type 'ExpenseCategory' has no member 'colorHex'[0;0m
 [0;36m40 |[0;0m                     .frame(width: 10, height: 10)
 [0;36m41 |[0;0m 

/Users/danielstevens/github-projects/tools-automation/MomentumFinance/Shared/Components/DetailViewComponents.swift:47:61: [1;31merror: [1;39mvalue of type 'ExpenseCategory' has no member 'colorHex'[0;0m
 [0;36m45 |[0;0m             .padding(.horizontal, 8)
 [0;36m46 |[0;0m             .padding(.vertical, 2)
 [0;36m47 |[0;0m             .background(self.getCategoryColor([4;39mself.category[0;0m.[4;39mcolorHex[0;0m).opacity(0.1))
    [0;36m|[0;0m                                                             `- [1;31merror: [1;39mvalue of type 'ExpenseCategory' has no member 'colorHex'[0;0m
 [0;36m48 |[0;0m             .cornerRadius(4)
 [0;36m49 |[0;0m         }

/Users/danielstevens/github-projects/tools-automation/MomentumFinance/Shared/Components/DetailViewComponents.swift:52:23: [1;33mwarning: [1;39mvalue 'hex' was defined but never used; consider replacing with boolean test[0;0m [#no-usage]
 [0;36m50 |[0;0m 
 [0;36m51 |[0;0m         private func getCategoryColor(_ hex: String?) -> Color {
 [0;36m52 |[0;0m             guard let hex else { return .gray }
    [0;36m|[0;0m                       `- [1;33mwarning: [1;39mvalue 'hex' was defined but never used; consider replacing with boolean test[0;0m [#no-usage]
 [0;36m53 |[0;0m             // This would parse the hex color string
 [0;36m54 |[0;0m             return .blue

/Users/danielstevens/github-projects/tools-automation/MomentumFinance/Shared/Components/DetailViewComponents.swift:81:28: [1;31merror: [1;39mmissing argument for parameter #1 in call[0;0m
 [0;36m79 |[0;0m 
 [0;36m80 |[0;0m                 if self.showDeleteButton {
 [0;36m81 |[0;0m                     Button(action: {}).accessibilityLabel("Button").accessibilityLabel("Button") {
    [0;36m|[0;0m                            `- [1;31merror: [1;39mmissing argument for parameter #1 in call[0;0m
 [0;36m82 |[0;0m                         Image(systemName: "xmark.circle.fill")
 [0;36m83 |[0;0m                             .foregroundStyle(.red)

SwiftUI.Button.init:2:36: [1;39mnote: [1;39m'init(_:action:)' declared here[0;0m
[0;36m1 |[0;0m generic struct Button {
[0;36m2 |[0;0m @preconcurrency nonisolated public init(_ titleKey: LocalizedStringKey, action: @escaping @MainActor () -> Void)}
  [0;36m|[0;0m                                    `- [1;39mnote: [1;39m'init(_:action:)' declared here[0;0m
[0;36m3 |[0;0m 

/Users/danielstevens/github-projects/tools-automation/MomentumFinance/Shared/Components/DetailViewComponents.swift:81:98: [1;31merror: [1;39mtype '_' cannot be used as a boolean; test for '!= 0' instead[0;0m
 [0;36m79 |[0;0m 
 [0;36m80 |[0;0m                 if self.showDeleteButton {
 [0;36m81 |[0;0m                     Button(action: {}).accessibilityLabel("Button").accessibilityLabel("Button") {
    [0;36m|[0;0m                                                                                                  `- [1;31merror: [1;39mtype '_' cannot be used as a boolean; test for '!= 0' instead[0;0m
 [0;36m82 |[0;0m                         Image(systemName: "xmark.circle.fill")
 [0;36m83 |[0;0m                             .foregroundStyle(.red)

/Users/danielstevens/github-projects/tools-automation/MomentumFinance/Shared/Components/DetailViewComponents.swift:287:28: [1;31merror: [1;39mcannot convert value of type 'String' to expected argument type 'PrimitiveButtonStyleConfiguration'[0;0m
[0;36m285 |[0;0m 
[0;36m286 |[0;0m                 HStack {
[0;36m287 |[0;0m                     Button("Cancel").accessibilityLabel("Button").accessibilityLabel("Button") {
    [0;36m|[0;0m                            `- [1;31merror: [1;39mcannot convert value of type 'String' to expected argument type 'PrimitiveButtonStyleConfiguration'[0;0m
[0;36m288 |[0;0m                         self.dismiss()
[0;36m289 |[0;0m                     }

/Users/danielstevens/github-projects/tools-automation/MomentumFinance/Shared/Components/DetailViewComponents.swift:287:96: [1;31merror: [1;39mtype '_' cannot be used as a boolean; test for '!= 0' instead[0;0m
[0;36m285 |[0;0m 
[0;36m286 |[0;0m                 HStack {
[0;36m287 |[0;0m                     Button("Cancel").accessibilityLabel("Button").accessibilityLabel("Button") {
    [0;36m|[0;0m                                                                                                `- [1;31merror: [1;39mtype '_' cannot be used as a boolean; test for '!= 0' instead[0;0m
[0;36m288 |[0;0m                         self.dismiss()
[0;36m289 |[0;0m                     }

/Users/danielstevens/github-projects/tools-automation/MomentumFinance/Shared/Components/DetailViewComponents.swift:322:67: [1;31merror: [1;39mvalue of type 'FinancialTransaction' has no member 'name'[0;0m
[0;36m320 |[0;0m         var body: some View {
[0;36m321 |[0;0m             VStack {
[0;36m322 |[0;0m                 Text("Transactions Similar to '\([4;39mself.transaction[0;0m.[4;39mname[0;0m)'")
    [0;36m|[0;0m                                                                   `- [1;31merror: [1;39mvalue of type 'FinancialTransaction' has no member 'name'[0;0m
[0;36m323 |[0;0m                     .font(.headline)
[0;36m324 |[0;0m                     .padding()

/Users/danielstevens/github-projects/tools-automation/MomentumFinance/Shared/Components/DetailViewComponents.swift:358:37: [1;31merror: [1;39mvalue of type 'FinancialTransaction' has no member 'name'[0;0m
[0;36m356 |[0;0m 
[0;36m357 |[0;0m         init(from transaction: FinancialTransaction) {
[0;36m358 |[0;0m             self.name = [4;39mtransaction[0;0m.[4;39mname[0;0m
    [0;36m|[0;0m                                     `- [1;31merror: [1;39mvalue of type 'FinancialTransaction' has no member 'name'[0;0m
[0;36m359 |[0;0m             self.amount = transaction.amount
[0;36m360 |[0;0m             self.date = transaction.date

/Users/danielstevens/github-projects/tools-automation/MomentumFinance/Shared/Components/DetailViewComponents.swift:361:38: [1;31merror: [1;39mvalue of optional type 'String?' must be unwrapped to a value of type 'String'[0;0m
[0;36m359 |[0;0m             self.amount = transaction.amount
[0;36m360 |[0;0m             self.date = transaction.date
[0;36m361 |[0;0m             self.notes = transaction.notes
    [0;36m|[0;0m                                      |- [1;31merror: [1;39mvalue of optional type 'String?' must be unwrapped to a value of type 'String'[0;0m
    [0;36m|[0;0m                                      |- [1;39mnote: [1;39mcoalesce using '??' to provide a default when the optional value contains 'nil'[0;0m
    [0;36m|[0;0m                                      `- [1;39mnote: [1;39mforce-unwrap using '!' to abort execution if the optional value contains 'nil'[0;0m
[0;36m362 |[0;0m             self.categoryId = transaction.category?.id ?? ""
[0;36m363 |[0;0m             self.accountId = transaction.account?.id ?? ""

/Users/danielstevens/github-projects/tools-automation/MomentumFinance/Shared/Components/DetailViewComponents.swift:362:53: [1;31merror: [1;39mcannot convert value of type 'UUID?' to expected argument type 'String?'[0;0m
[0;36m360 |[0;0m             self.date = transaction.date
[0;36m361 |[0;0m             self.notes = transaction.notes
[0;36m362 |[0;0m             self.categoryId = transaction.category?.id ?? ""
    [0;36m|[0;0m                                                     `- [1;31merror: [1;39mcannot convert value of type 'UUID?' to expected argument type 'String?'[0;0m
[0;36m363 |[0;0m             self.accountId = transaction.account?.id ?? ""
[0;36m364 |[0;0m             self.isReconciled = transaction.isReconciled

/Users/danielstevens/github-projects/tools-automation/MomentumFinance/Shared/Components/DetailViewComponents.swift:363:51: [1;31merror: [1;39mcannot convert value of type 'PersistentIdentifier?' to expected argument type 'String?'[0;0m
[0;36m361 |[0;0m             self.notes = transaction.notes
[0;36m362 |[0;0m             self.categoryId = transaction.category?.id ?? ""
[0;36m363 |[0;0m             self.accountId = transaction.account?.id ?? ""
    [0;36m|[0;0m                                                   `- [1;31merror: [1;39mcannot convert value of type 'PersistentIdentifier?' to expected argument type 'String?'[0;0m
[0;36m364 |[0;0m             self.isReconciled = transaction.isReconciled
[0;36m365 |[0;0m             self.isRecurring = transaction.isRecurring

/Users/danielstevens/github-projects/tools-automation/MomentumFinance/Shared/Components/DetailViewComponents.swift:364:45: [1;31merror: [1;39mvalue of type 'FinancialTransaction' has no member 'isReconciled'[0;0m
[0;36m362 |[0;0m             self.categoryId = transaction.category?.id ?? ""
[0;36m363 |[0;0m             self.accountId = transaction.account?.id ?? ""
[0;36m364 |[0;0m             self.isReconciled = [4;39mtransaction[0;0m.[4;39misReconciled[0;0m
    [0;36m|[0;0m                                             `- [1;31merror: [1;39mvalue of type 'FinancialTransaction' has no member 'isReconciled'[0;0m
[0;36m365 |[0;0m             self.isRecurring = transaction.isRecurring
[0;36m366 |[0;0m             self.location = transaction.location

/Users/danielstevens/github-projects/tools-automation/MomentumFinance/Shared/Components/DetailViewComponents.swift:365:44: [1;31merror: [1;39mvalue of type 'FinancialTransaction' has no member 'isRecurring'[0;0m
[0;36m363 |[0;0m             self.accountId = transaction.account?.id ?? ""
[0;36m364 |[0;0m             self.isReconciled = transaction.isReconciled
[0;36m365 |[0;0m             self.isRecurring = [4;39mtransaction[0;0m.[4;39misRecurring[0;0m
    [0;36m|[0;0m                                            `- [1;31merror: [1;39mvalue of type 'FinancialTransaction' has no member 'isRecurring'[0;0m
[0;36m366 |[0;0m             self.location = transaction.location
[0;36m367 |[0;0m             self.subcategory = transaction.subcategory

/Users/danielstevens/github-projects/tools-automation/MomentumFinance/Shared/Components/DetailViewComponents.swift:366:41: [1;31merror: [1;39mvalue of type 'FinancialTransaction' has no member 'location'[0;0m
[0;36m364 |[0;0m             self.isReconciled = transaction.isReconciled
[0;36m365 |[0;0m             self.isRecurring = transaction.isRecurring
[0;36m366 |[0;0m             self.location = [4;39mtransaction[0;0m.[4;39mlocation[0;0m
    [0;36m|[0;0m                                         `- [1;31merror: [1;39mvalue of type 'FinancialTransaction' has no member 'location'[0;0m
[0;36m367 |[0;0m             self.subcategory = transaction.subcategory
[0;36m368 |[0;0m         }

/Users/danielstevens/github-projects/tools-automation/MomentumFinance/Shared/Components/DetailViewComponents.swift:367:44: [1;31merror: [1;39mvalue of type 'FinancialTransaction' has no member 'subcategory'[0;0m
[0;36m365 |[0;0m             self.isRecurring = transaction.isRecurring
[0;36m366 |[0;0m             self.location = transaction.location
[0;36m367 |[0;0m             self.subcategory = [4;39mtransaction[0;0m.[4;39msubcategory[0;0m
    [0;36m|[0;0m                                            `- [1;31merror: [1;39mvalue of type 'FinancialTransaction' has no member 'subcategory'[0;0m
[0;36m368 |[0;0m         }
[0;36m369 |[0;0m     }

/Users/danielstevens/github-projects/tools-automation/MomentumFinance/Shared/Components/Settings/AccessibilitySettingsSection.swift:7:9: [1;31merror: [1;39mproperty 'body' must be declared public because it matches a requirement in public protocol 'View'[0;0m
 [0;36m5 |[0;0m     @Binding var reducedMotion: Bool
 [0;36m6 |[0;0m 
 [0;36m7 |[0;0m     var body: some View {
   [0;36m|[0;0m         |- [1;31merror: [1;39mproperty 'body' must be declared public because it matches a requirement in public protocol 'View'[0;0m
   [0;36m|[0;0m         `- [1;39mnote: [1;39mmark the property as 'public' to satisfy the requirement[0;0m
 [0;36m8 |[0;0m         Section(header: Text("Accessibility")) {
 [0;36m9 |[0;0m             Toggle("Haptic Feedback", isOn: self.$hapticFeedbackEnabled)

/Users/danielstevens/github-projects/tools-automation/MomentumFinance/Shared/Components/Settings/AppearanceSettingsSection.swift:6:9: [1;31merror: [1;39mproperty 'body' must be declared public because it matches a requirement in public protocol 'View'[0;0m
 [0;36m4 |[0;0m     var darkModePreference: DarkModePreference
 [0;36m5 |[0;0m 
 [0;36m6 |[0;0m     var body: some View {
   [0;36m|[0;0m         |- [1;31merror: [1;39mproperty 'body' must be declared public because it matches a requirement in public protocol 'View'[0;0m
   [0;36m|[0;0m         `- [1;39mnote: [1;39mmark the property as 'public' to satisfy the requirement[0;0m
 [0;36m7 |[0;0m         Section(header: Text("Appearance")) {
 [0;36m8 |[0;0m             Picker("Theme", selection: .constant(self.darkModePreference)) {

[#MutableGlobalVariable]: <https://docs.swift.org/compiler/documentation/diagnostics/mutable-global-variable>
[137/148] Compiling Shared AnimationTypes.swift
/Users/danielstevens/github-projects/tools-automation/MomentumFinance/Shared/Animations/AnimationManager.swift:267:10: [1;31merror: [1;39mmethod 'body(content:)' must be declared public because it matches a requirement in public protocol 'ViewModifier'[0;0m
[0;36m265 |[0;0m     /// <#Description#>
[0;36m266 |[0;0m     /// - Returns: <#description#>
[0;36m267 |[0;0m     func body(content: Content) -> some View {
    [0;36m|[0;0m          |- [1;31merror: [1;39mmethod 'body(content:)' must be declared public because it matches a requirement in public protocol 'ViewModifier'[0;0m
    [0;36m|[0;0m          `- [1;39mnote: [1;39mmark the instance method as 'public' to satisfy the requirement[0;0m
[0;36m268 |[0;0m         content
[0;36m269 |[0;0m             .rotation3DEffect(

/Users/danielstevens/github-projects/tools-automation/MomentumFinance/Shared/Animations/AnimationManager.swift:287:9: [1;31merror: [1;39mproperty 'body' must be declared public because it matches a requirement in public protocol 'View'[0;0m
[0;36m285 |[0;0m     }
[0;36m286 |[0;0m 
[0;36m287 |[0;0m     var body: some View {
    [0;36m|[0;0m         |- [1;31merror: [1;39mproperty 'body' must be declared public because it matches a requirement in public protocol 'View'[0;0m
    [0;36m|[0;0m         `- [1;39mnote: [1;39mmark the property as 'public' to satisfy the requirement[0;0m
[0;36m288 |[0;0m         Group {
[0;36m289 |[0;0m             switch self.style {

/Users/danielstevens/github-projects/tools-automation/MomentumFinance/Shared/Animations/AnimationManager.swift:345:9: [1;31merror: [1;39mproperty 'body' must be declared public because it matches a requirement in public protocol 'View'[0;0m
[0;36m343 |[0;0m     @State private var animatedProgress: Double = 0
[0;36m344 |[0;0m 
[0;36m345 |[0;0m     var body: some View {
    [0;36m|[0;0m         |- [1;31merror: [1;39mproperty 'body' must be declared public because it matches a requirement in public protocol 'View'[0;0m
    [0;36m|[0;0m         `- [1;39mnote: [1;39mmark the property as 'public' to satisfy the requirement[0;0m
[0;36m346 |[0;0m         GeometryReader { geometry in
[0;36m347 |[0;0m             ZStack(alignment: .leading) {

/Users/danielstevens/github-projects/tools-automation/MomentumFinance/Shared/Animations/AnimationManager.swift:376:13: [1;31merror: [1;39mvar 'objectPool' is not concurrency-safe because it is nonisolated global shared mutable state[0;0m [#]8;;https://docs.swift.org/compiler/documentation/diagnostics/mutable-global-variable\MutableGlobalVariable]8;;\]
[0;36m374 |[0;0m 
[0;36m375 |[0;0m /// Object pool for performance optimization
[0;36m376 |[0;0m private var objectPool: [Any] = []
    [0;36m|[0;0m             |- [1;31merror: [1;39mvar 'objectPool' is not concurrency-safe because it is nonisolated global shared mutable state[0;0m [#]8;;https://docs.swift.org/compiler/documentation/diagnostics/mutable-global-variable\MutableGlobalVariable]8;;\]
    [0;36m|[0;0m             |- [1;39mnote: [1;39mconvert 'objectPool' to a 'let' constant to make 'Sendable' shared state immutable[0;0m
    [0;36m|[0;0m             |- [1;39mnote: [1;39madd '@MainActor' to make var 'objectPool' part of global actor 'MainActor'[0;0m
    [0;36m|[0;0m             `- [1;39mnote: [1;39mdisable concurrency-safety checks if accesses are protected by an external synchronization mechanism[0;0m
[0;36m377 |[0;0m private let maxPoolSize = 50
[0;36m378 |[0;0m 

/Users/danielstevens/github-projects/tools-automation/MomentumFinance/Shared/Components/AccountDetailComponents.swift:547:36: [1;31merror: [1;39m'AccountType' is not a member type of class 'MomentumFinanceCore.FinancialAccount'[0;0m
[0;36m545 |[0;0m     struct AccountEditModel {
[0;36m546 |[0;0m         var name: String
[0;36m547 |[0;0m         var type: [4;39mFinancialAccount[0;0m.AccountType
    [0;36m|[0;0m                                    `- [1;31merror: [1;39m'AccountType' is not a member type of class 'MomentumFinanceCore.FinancialAccount'[0;0m
[0;36m548 |[0;0m         var balance: Double
[0;36m549 |[0;0m         var currencyCode: String

/Users/danielstevens/github-projects/tools-automation/MomentumFinance/Sources/MomentumFinanceCore/Models.swift:93:20: [1;39mnote: [1;39m'FinancialAccount' declared here[0;0m
 [0;36m91 |[0;0m 
 [0;36m92 |[0;0m @Model
 [0;36m93 |[0;0m public final class FinancialAccount: Hashable, Encodable {
    [0;36m|[0;0m                    `- [1;39mnote: [1;39m'FinancialAccount' declared here[0;0m
 [0;36m94 |[0;0m     enum CodingKeys: String, CodingKey {
 [0;36m95 |[0;0m         case name, balance, iconName, createdDate, accountType, currencyCode, creditLimit

/Users/danielstevens/github-projects/tools-automation/MomentumFinance/Shared/Components/AccountDetailComponents.swift:31:13: [1;31merror: [1;39mswitch must be exhaustive[0;0m
 [0;36m29 |[0;0m 
 [0;36m30 |[0;0m         private var text: String {
 [0;36m31 |[0;0m             switch self.type {
    [0;36m|[0;0m             |- [1;31merror: [1;39mswitch must be exhaustive[0;0m
    [0;36m|[0;0m             `- [1;39mnote: [1;39madd missing case: '.cash'[0;0m
 [0;36m32 |[0;0m             case .checking: "Checking"
 [0;36m33 |[0;0m             case .savings: "Savings"

/Users/danielstevens/github-projects/tools-automation/MomentumFinance/Shared/Components/AccountDetailComponents.swift:40:13: [1;31merror: [1;39mswitch must be exhaustive[0;0m
 [0;36m38 |[0;0m 
 [0;36m39 |[0;0m         private var color: Color {
 [0;36m40 |[0;0m             switch self.type {
    [0;36m|[0;0m             |- [1;31merror: [1;39mswitch must be exhaustive[0;0m
    [0;36m|[0;0m             `- [1;39mnote: [1;39madd missing case: '.cash'[0;0m
 [0;36m41 |[0;0m             case .checking: .green
 [0;36m42 |[0;0m             case .savings: .blue

/Users/danielstevens/github-projects/tools-automation/MomentumFinance/Shared/Components/AccountDetailComponents.swift:354:51: [1;31merror: [1;39mvalue of type 'FinancialAccount' has no member 'interestRate'[0;0m
[0;36m352 |[0;0m                         DetailField(
[0;36m353 |[0;0m                             label: "Interest Rate",
[0;36m354 |[0;0m                             value: (([4;39mself.account[0;0m.[4;39minterestRate[0;0m ?? 0) * 100)
    [0;36m|[0;0m                                                   `- [1;31merror: [1;39mvalue of type 'FinancialAccount' has no member 'interestRate'[0;0m
[0;36m355 |[0;0m                                 .formatted(.number.precision(.fractionLength(2))) + "%"
[0;36m356 |[0;0m                         )

/Users/danielstevens/github-projects/tools-automation/MomentumFinance/Shared/Components/AccountDetailComponents.swift:522:28: [1;31merror: [1;39mcannot convert value of type 'String' to expected argument type 'PrimitiveButtonStyleConfiguration'[0;0m
[0;36m520 |[0;0m 
[0;36m521 |[0;0m                 HStack {
[0;36m522 |[0;0m                     Button("Cancel").accessibilityLabel("Button").accessibilityLabel("Button") {
    [0;36m|[0;0m                            `- [1;31merror: [1;39mcannot convert value of type 'String' to expected argument type 'PrimitiveButtonStyleConfiguration'[0;0m
[0;36m523 |[0;0m                         self.dismiss()
[0;36m524 |[0;0m                     }

/Users/danielstevens/github-projects/tools-automation/MomentumFinance/Shared/Components/AccountDetailComponents.swift:522:96: [1;31merror: [1;39mtype '_' cannot be used as a boolean; test for '!= 0' instead[0;0m
[0;36m520 |[0;0m 
[0;36m521 |[0;0m                 HStack {
[0;36m522 |[0;0m                     Button("Cancel").accessibilityLabel("Button").accessibilityLabel("Button") {
    [0;36m|[0;0m                                                                                                `- [1;31merror: [1;39mtype '_' cannot be used as a boolean; test for '!= 0' instead[0;0m
[0;36m523 |[0;0m                         self.dismiss()
[0;36m524 |[0;0m                     }

/Users/danielstevens/github-projects/tools-automation/MomentumFinance/Shared/Components/AccountDetailComponents.swift:561:33: [1;31merror: [1;39mvalue of type 'FinancialAccount' has no member 'type'[0;0m
[0;36m559 |[0;0m         init(from account: FinancialAccount) {
[0;36m560 |[0;0m             self.name = account.name
[0;36m561 |[0;0m             self.type = [4;39maccount[0;0m.[4;39mtype[0;0m
    [0;36m|[0;0m                                 `- [1;31merror: [1;39mvalue of type 'FinancialAccount' has no member 'type'[0;0m
[0;36m562 |[0;0m             self.balance = account.balance
[0;36m563 |[0;0m             self.currencyCode = account.currencyCode

/Users/danielstevens/github-projects/tools-automation/MomentumFinance/Shared/Components/AccountDetailComponents.swift:564:40: [1;31merror: [1;39mvalue of type 'FinancialAccount' has no member 'institution'[0;0m
[0;36m562 |[0;0m             self.balance = account.balance
[0;36m563 |[0;0m             self.currencyCode = account.currencyCode
[0;36m564 |[0;0m             self.institution = [4;39maccount[0;0m.[4;39minstitution[0;0m
    [0;36m|[0;0m                                        `- [1;31merror: [1;39mvalue of type 'FinancialAccount' has no member 'institution'[0;0m
[0;36m565 |[0;0m             self.accountNumber = account.accountNumber
[0;36m566 |[0;0m             self.interestRate = account.interestRate

/Users/danielstevens/github-projects/tools-automation/MomentumFinance/Shared/Components/AccountDetailComponents.swift:565:42: [1;31merror: [1;39mvalue of type 'FinancialAccount' has no member 'accountNumber'[0;0m
[0;36m563 |[0;0m             self.currencyCode = account.currencyCode
[0;36m564 |[0;0m             self.institution = account.institution
[0;36m565 |[0;0m             self.accountNumber = [4;39maccount[0;0m.[4;39maccountNumber[0;0m
    [0;36m|[0;0m                                          `- [1;31merror: [1;39mvalue of type 'FinancialAccount' has no member 'accountNumber'[0;0m
[0;36m566 |[0;0m             self.interestRate = account.interestRate
[0;36m567 |[0;0m             self.creditLimit = account.creditLimit

/Users/danielstevens/github-projects/tools-automation/MomentumFinance/Shared/Components/AccountDetailComponents.swift:566:41: [1;31merror: [1;39mvalue of type 'FinancialAccount' has no member 'interestRate'[0;0m
[0;36m564 |[0;0m             self.institution = account.institution
[0;36m565 |[0;0m             self.accountNumber = account.accountNumber
[0;36m566 |[0;0m             self.interestRate = [4;39maccount[0;0m.[4;39minterestRate[0;0m
    [0;36m|[0;0m                                         `- [1;31merror: [1;39mvalue of type 'FinancialAccount' has no member 'interestRate'[0;0m
[0;36m567 |[0;0m             self.creditLimit = account.creditLimit
[0;36m568 |[0;0m             self.dueDate = account.dueDate

/Users/danielstevens/github-projects/tools-automation/MomentumFinance/Shared/Components/AccountDetailComponents.swift:568:36: [1;31merror: [1;39mvalue of type 'FinancialAccount' has no member 'dueDate'[0;0m
[0;36m566 |[0;0m             self.interestRate = account.interestRate
[0;36m567 |[0;0m             self.creditLimit = account.creditLimit
[0;36m568 |[0;0m             self.dueDate = [4;39maccount[0;0m.[4;39mdueDate[0;0m
    [0;36m|[0;0m                                    `- [1;31merror: [1;39mvalue of type 'FinancialAccount' has no member 'dueDate'[0;0m
[0;36m569 |[0;0m             self.includeInTotal = account.includeInTotal
[0;36m570 |[0;0m             self.isActive = account.isActive

/Users/danielstevens/github-projects/tools-automation/MomentumFinance/Shared/Components/AccountDetailComponents.swift:569:43: [1;31merror: [1;39mvalue of type 'FinancialAccount' has no member 'includeInTotal'[0;0m
[0;36m567 |[0;0m             self.creditLimit = account.creditLimit
[0;36m568 |[0;0m             self.dueDate = account.dueDate
[0;36m569 |[0;0m             self.includeInTotal = [4;39maccount[0;0m.[4;39mincludeInTotal[0;0m
    [0;36m|[0;0m                                           `- [1;31merror: [1;39mvalue of type 'FinancialAccount' has no member 'includeInTotal'[0;0m
[0;36m570 |[0;0m             self.isActive = account.isActive
[0;36m571 |[0;0m             self.notes = account.notes

/Users/danielstevens/github-projects/tools-automation/MomentumFinance/Shared/Components/AccountDetailComponents.swift:570:37: [1;31merror: [1;39mvalue of type 'FinancialAccount' has no member 'isActive'[0;0m
[0;36m568 |[0;0m             self.dueDate = account.dueDate
[0;36m569 |[0;0m             self.includeInTotal = account.includeInTotal
[0;36m570 |[0;0m             self.isActive = [4;39maccount[0;0m.[4;39misActive[0;0m
    [0;36m|[0;0m                                     `- [1;31merror: [1;39mvalue of type 'FinancialAccount' has no member 'isActive'[0;0m
[0;36m571 |[0;0m             self.notes = account.notes
[0;36m572 |[0;0m         }

/Users/danielstevens/github-projects/tools-automation/MomentumFinance/Shared/Components/AccountDetailComponents.swift:571:34: [1;31merror: [1;39mvalue of type 'FinancialAccount' has no member 'notes'[0;0m
[0;36m569 |[0;0m             self.includeInTotal = account.includeInTotal
[0;36m570 |[0;0m             self.isActive = account.isActive
[0;36m571 |[0;0m             self.notes = [4;39maccount[0;0m.[4;39mnotes[0;0m
    [0;36m|[0;0m                                  `- [1;31merror: [1;39mvalue of type 'FinancialAccount' has no member 'notes'[0;0m
[0;36m572 |[0;0m         }
[0;36m573 |[0;0m     }

/Users/danielstevens/github-projects/tools-automation/MomentumFinance/Shared/Components/BudgetComponents.swift:53:28: [1;31merror: [1;39mreference to member 'systemBackground' cannot be resolved without a contextual type[0;0m
[0;36m51 |[0;0m         }
[0;36m52 |[0;0m         .padding()
[0;36m53 |[0;0m         .background(Color(.systemBackground))
   [0;36m|[0;0m                            `- [1;31merror: [1;39mreference to member 'systemBackground' cannot be resolved without a contextual type[0;0m
[0;36m54 |[0;0m         .cornerRadius(10)
[0;36m55 |[0;0m         .shadow(radius: 2)

/Users/danielstevens/github-projects/tools-automation/MomentumFinance/Shared/Components/Dashboard/DashboardUIComponents.swift:42:15: [1;31merror: [1;39minvalid redeclaration of 'DashboardAccountsSummary'[0;0m
 [0;36m40 |[0;0m // MARK: - Dashboard Accounts Summary
 [0;36m41 |[0;0m 
 [0;36m42 |[0;0m public struct DashboardAccountsSummary: View {
    [0;36m|[0;0m               `- [1;31merror: [1;39minvalid redeclaration of 'DashboardAccountsSummary'[0;0m
 [0;36m43 |[0;0m     public let accounts: [FinancialAccount]
 [0;36m44 |[0;0m     public let onAccountTap: (UUID) -> Void

/Users/danielstevens/github-projects/tools-automation/MomentumFinance/Shared/Components/Dashboard/DashboardUIComponents.swift:203:14: [1;31merror: [1;39minvalid redeclaration of 'formatCurrency'[0;0m
[0;36m201 |[0;0m // MARK: - Helper Functions
[0;36m202 |[0;0m 
[0;36m203 |[0;0m private func formatCurrency(_ amount: Double) -> String {
    [0;36m|[0;0m              `- [1;31merror: [1;39minvalid redeclaration of 'formatCurrency'[0;0m
[0;36m204 |[0;0m     let formatter = NumberFormatter()
[0;36m205 |[0;0m     formatter.numberStyle = .currency

/Users/danielstevens/github-projects/tools-automation/MomentumFinance/Shared/Components/Dashboard/DashboardUIComponents.swift:57:59: [1;31merror: [1;39mcannot convert value of type 'PersistentIdentifier' to expected argument type 'UUID'[0;0m
 [0;36m55 |[0;0m                         AccountSummaryCard(account: account)
 [0;36m56 |[0;0m                             .onTapGesture {
 [0;36m57 |[0;0m                                 self.onAccountTap(account.id)
    [0;36m|[0;0m                                                           `- [1;31merror: [1;39mcannot convert value of type 'PersistentIdentifier' to expected argument type 'UUID'[0;0m
 [0;36m58 |[0;0m                             }
 [0;36m59 |[0;0m                     }

/Users/danielstevens/github-projects/tools-automation/MomentumFinance/Shared/Components/Dashboard/DashboardUIComponents.swift:97:27: [1;31merror: [1;39mcannot find 'UIColor' in scope[0;0m
 [0;36m95 |[0;0m         }
 [0;36m96 |[0;0m         .padding()
 [0;36m97 |[0;0m         .background(Color([4;39mUIColor[0;0m.systemGray6))
    [0;36m|[0;0m                           `- [1;31merror: [1;39mcannot find 'UIColor' in scope[0;0m
 [0;36m98 |[0;0m         .cornerRadius(12)
 [0;36m99 |[0;0m         .frame(width: 160)

/Users/danielstevens/github-projects/tools-automation/MomentumFinance/Shared/Components/Dashboard/DashboardUIComponents.swift:92:31: [1;31merror: [1;39mvalue of type 'FinancialAccount' has no member 'type'[0;0m
 [0;36m90 |[0;0m                 .foregroundColor(self.account.balance >= 0 ? .green : .red)
 [0;36m91 |[0;0m 
 [0;36m92 |[0;0m             Text([4;39mself.account[0;0m.[4;39mtype[0;0m.rawValue.capitalized)
    [0;36m|[0;0m                               `- [1;31merror: [1;39mvalue of type 'FinancialAccount' has no member 'type'[0;0m
 [0;36m93 |[0;0m                 .font(.caption)
 [0;36m94 |[0;0m                 .foregroundColor(.secondary)

/Users/danielstevens/github-projects/tools-automation/MomentumFinance/Shared/Components/Dashboard/DashboardUIComponents.swift:103:29: [1;31merror: [1;39mvalue of type 'FinancialAccount' has no member 'type'[0;0m
[0;36m101 |[0;0m 
[0;36m102 |[0;0m     private var iconName: String {
[0;36m103 |[0;0m         switch [4;39mself.account[0;0m.[4;39mtype[0;0m {
    [0;36m|[0;0m                             `- [1;31merror: [1;39mvalue of type 'FinancialAccount' has no member 'type'[0;0m
[0;36m104 |[0;0m         case .checking:
[0;36m105 |[0;0m             "creditcard"

/Users/danielstevens/github-projects/tools-automation/MomentumFinance/Shared/Components/Dashboard/DashboardUIComponents.swift:189:27: [1;31merror: [1;39mcannot find 'UIColor' in scope[0;0m
[0;36m187 |[0;0m         }
[0;36m188 |[0;0m         .padding()
[0;36m189 |[0;0m         .background(Color([4;39mUIColor[0;0m.systemGray6))
    [0;36m|[0;0m                           `- [1;31merror: [1;39mcannot find 'UIColor' in scope[0;0m
[0;36m190 |[0;0m         .cornerRadius(12)
[0;36m191 |[0;0m     }

/Users/danielstevens/github-projects/tools-automation/MomentumFinance/Shared/Components/DetailViewComponents.swift:39:63: [1;31merror: [1;39mvalue of type 'ExpenseCategory' has no member 'colorHex'[0;0m
 [0;36m37 |[0;0m             HStack(spacing: 4) {
 [0;36m38 |[0;0m                 Circle()
 [0;36m39 |[0;0m                     .fill(self.getCategoryColor([4;39mself.category[0;0m.[4;39mcolorHex[0;0m))
    [0;36m|[0;0m                                                               `- [1;31merror: [1;39mvalue of type 'ExpenseCategory' has no member 'colorHex'[0;0m
 [0;36m40 |[0;0m                     .frame(width: 10, height: 10)
 [0;36m41 |[0;0m 

/Users/danielstevens/github-projects/tools-automation/MomentumFinance/Shared/Components/DetailViewComponents.swift:47:61: [1;31merror: [1;39mvalue of type 'ExpenseCategory' has no member 'colorHex'[0;0m
 [0;36m45 |[0;0m             .padding(.horizontal, 8)
 [0;36m46 |[0;0m             .padding(.vertical, 2)
 [0;36m47 |[0;0m             .background(self.getCategoryColor([4;39mself.category[0;0m.[4;39mcolorHex[0;0m).opacity(0.1))
    [0;36m|[0;0m                                                             `- [1;31merror: [1;39mvalue of type 'ExpenseCategory' has no member 'colorHex'[0;0m
 [0;36m48 |[0;0m             .cornerRadius(4)
 [0;36m49 |[0;0m         }

/Users/danielstevens/github-projects/tools-automation/MomentumFinance/Shared/Components/DetailViewComponents.swift:52:23: [1;33mwarning: [1;39mvalue 'hex' was defined but never used; consider replacing with boolean test[0;0m [#no-usage]
 [0;36m50 |[0;0m 
 [0;36m51 |[0;0m         private func getCategoryColor(_ hex: String?) -> Color {
 [0;36m52 |[0;0m             guard let hex else { return .gray }
    [0;36m|[0;0m                       `- [1;33mwarning: [1;39mvalue 'hex' was defined but never used; consider replacing with boolean test[0;0m [#no-usage]
 [0;36m53 |[0;0m             // This would parse the hex color string
 [0;36m54 |[0;0m             return .blue

/Users/danielstevens/github-projects/tools-automation/MomentumFinance/Shared/Components/DetailViewComponents.swift:81:28: [1;31merror: [1;39mmissing argument for parameter #1 in call[0;0m
 [0;36m79 |[0;0m 
 [0;36m80 |[0;0m                 if self.showDeleteButton {
 [0;36m81 |[0;0m                     Button(action: {}).accessibilityLabel("Button").accessibilityLabel("Button") {
    [0;36m|[0;0m                            `- [1;31merror: [1;39mmissing argument for parameter #1 in call[0;0m
 [0;36m82 |[0;0m                         Image(systemName: "xmark.circle.fill")
 [0;36m83 |[0;0m                             .foregroundStyle(.red)

SwiftUI.Button.init:2:36: [1;39mnote: [1;39m'init(_:action:)' declared here[0;0m
[0;36m1 |[0;0m generic struct Button {
[0;36m2 |[0;0m @preconcurrency nonisolated public init(_ titleKey: LocalizedStringKey, action: @escaping @MainActor () -> Void)}
  [0;36m|[0;0m                                    `- [1;39mnote: [1;39m'init(_:action:)' declared here[0;0m
[0;36m3 |[0;0m 

/Users/danielstevens/github-projects/tools-automation/MomentumFinance/Shared/Components/DetailViewComponents.swift:81:98: [1;31merror: [1;39mtype '_' cannot be used as a boolean; test for '!= 0' instead[0;0m
 [0;36m79 |[0;0m 
 [0;36m80 |[0;0m                 if self.showDeleteButton {
 [0;36m81 |[0;0m                     Button(action: {}).accessibilityLabel("Button").accessibilityLabel("Button") {
    [0;36m|[0;0m                                                                                                  `- [1;31merror: [1;39mtype '_' cannot be used as a boolean; test for '!= 0' instead[0;0m
 [0;36m82 |[0;0m                         Image(systemName: "xmark.circle.fill")
 [0;36m83 |[0;0m                             .foregroundStyle(.red)

/Users/danielstevens/github-projects/tools-automation/MomentumFinance/Shared/Components/DetailViewComponents.swift:287:28: [1;31merror: [1;39mcannot convert value of type 'String' to expected argument type 'PrimitiveButtonStyleConfiguration'[0;0m
[0;36m285 |[0;0m 
[0;36m286 |[0;0m                 HStack {
[0;36m287 |[0;0m                     Button("Cancel").accessibilityLabel("Button").accessibilityLabel("Button") {
    [0;36m|[0;0m                            `- [1;31merror: [1;39mcannot convert value of type 'String' to expected argument type 'PrimitiveButtonStyleConfiguration'[0;0m
[0;36m288 |[0;0m                         self.dismiss()
[0;36m289 |[0;0m                     }

/Users/danielstevens/github-projects/tools-automation/MomentumFinance/Shared/Components/DetailViewComponents.swift:287:96: [1;31merror: [1;39mtype '_' cannot be used as a boolean; test for '!= 0' instead[0;0m
[0;36m285 |[0;0m 
[0;36m286 |[0;0m                 HStack {
[0;36m287 |[0;0m                     Button("Cancel").accessibilityLabel("Button").accessibilityLabel("Button") {
    [0;36m|[0;0m                                                                                                `- [1;31merror: [1;39mtype '_' cannot be used as a boolean; test for '!= 0' instead[0;0m
[0;36m288 |[0;0m                         self.dismiss()
[0;36m289 |[0;0m                     }

/Users/danielstevens/github-projects/tools-automation/MomentumFinance/Shared/Components/DetailViewComponents.swift:322:67: [1;31merror: [1;39mvalue of type 'FinancialTransaction' has no member 'name'[0;0m
[0;36m320 |[0;0m         var body: some View {
[0;36m321 |[0;0m             VStack {
[0;36m322 |[0;0m                 Text("Transactions Similar to '\([4;39mself.transaction[0;0m.[4;39mname[0;0m)'")
    [0;36m|[0;0m                                                                   `- [1;31merror: [1;39mvalue of type 'FinancialTransaction' has no member 'name'[0;0m
[0;36m323 |[0;0m                     .font(.headline)
[0;36m324 |[0;0m                     .padding()

/Users/danielstevens/github-projects/tools-automation/MomentumFinance/Shared/Components/DetailViewComponents.swift:358:37: [1;31merror: [1;39mvalue of type 'FinancialTransaction' has no member 'name'[0;0m
[0;36m356 |[0;0m 
[0;36m357 |[0;0m         init(from transaction: FinancialTransaction) {
[0;36m358 |[0;0m             self.name = [4;39mtransaction[0;0m.[4;39mname[0;0m
    [0;36m|[0;0m                                     `- [1;31merror: [1;39mvalue of type 'FinancialTransaction' has no member 'name'[0;0m
[0;36m359 |[0;0m             self.amount = transaction.amount
[0;36m360 |[0;0m             self.date = transaction.date

/Users/danielstevens/github-projects/tools-automation/MomentumFinance/Shared/Components/DetailViewComponents.swift:361:38: [1;31merror: [1;39mvalue of optional type 'String?' must be unwrapped to a value of type 'String'[0;0m
[0;36m359 |[0;0m             self.amount = transaction.amount
[0;36m360 |[0;0m             self.date = transaction.date
[0;36m361 |[0;0m             self.notes = transaction.notes
    [0;36m|[0;0m                                      |- [1;31merror: [1;39mvalue of optional type 'String?' must be unwrapped to a value of type 'String'[0;0m
    [0;36m|[0;0m                                      |- [1;39mnote: [1;39mcoalesce using '??' to provide a default when the optional value contains 'nil'[0;0m
    [0;36m|[0;0m                                      `- [1;39mnote: [1;39mforce-unwrap using '!' to abort execution if the optional value contains 'nil'[0;0m
[0;36m362 |[0;0m             self.categoryId = transaction.category?.id ?? ""
[0;36m363 |[0;0m             self.accountId = transaction.account?.id ?? ""

/Users/danielstevens/github-projects/tools-automation/MomentumFinance/Shared/Components/DetailViewComponents.swift:362:53: [1;31merror: [1;39mcannot convert value of type 'UUID?' to expected argument type 'String?'[0;0m
[0;36m360 |[0;0m             self.date = transaction.date
[0;36m361 |[0;0m             self.notes = transaction.notes
[0;36m362 |[0;0m             self.categoryId = transaction.category?.id ?? ""
    [0;36m|[0;0m                                                     `- [1;31merror: [1;39mcannot convert value of type 'UUID?' to expected argument type 'String?'[0;0m
[0;36m363 |[0;0m             self.accountId = transaction.account?.id ?? ""
[0;36m364 |[0;0m             self.isReconciled = transaction.isReconciled

/Users/danielstevens/github-projects/tools-automation/MomentumFinance/Shared/Components/DetailViewComponents.swift:363:51: [1;31merror: [1;39mcannot convert value of type 'PersistentIdentifier?' to expected argument type 'String?'[0;0m
[0;36m361 |[0;0m             self.notes = transaction.notes
[0;36m362 |[0;0m             self.categoryId = transaction.category?.id ?? ""
[0;36m363 |[0;0m             self.accountId = transaction.account?.id ?? ""
    [0;36m|[0;0m                                                   `- [1;31merror: [1;39mcannot convert value of type 'PersistentIdentifier?' to expected argument type 'String?'[0;0m
[0;36m364 |[0;0m             self.isReconciled = transaction.isReconciled
[0;36m365 |[0;0m             self.isRecurring = transaction.isRecurring

/Users/danielstevens/github-projects/tools-automation/MomentumFinance/Shared/Components/DetailViewComponents.swift:364:45: [1;31merror: [1;39mvalue of type 'FinancialTransaction' has no member 'isReconciled'[0;0m
[0;36m362 |[0;0m             self.categoryId = transaction.category?.id ?? ""
[0;36m363 |[0;0m             self.accountId = transaction.account?.id ?? ""
[0;36m364 |[0;0m             self.isReconciled = [4;39mtransaction[0;0m.[4;39misReconciled[0;0m
    [0;36m|[0;0m                                             `- [1;31merror: [1;39mvalue of type 'FinancialTransaction' has no member 'isReconciled'[0;0m
[0;36m365 |[0;0m             self.isRecurring = transaction.isRecurring
[0;36m366 |[0;0m             self.location = transaction.location

/Users/danielstevens/github-projects/tools-automation/MomentumFinance/Shared/Components/DetailViewComponents.swift:365:44: [1;31merror: [1;39mvalue of type 'FinancialTransaction' has no member 'isRecurring'[0;0m
[0;36m363 |[0;0m             self.accountId = transaction.account?.id ?? ""
[0;36m364 |[0;0m             self.isReconciled = transaction.isReconciled
[0;36m365 |[0;0m             self.isRecurring = [4;39mtransaction[0;0m.[4;39misRecurring[0;0m
    [0;36m|[0;0m                                            `- [1;31merror: [1;39mvalue of type 'FinancialTransaction' has no member 'isRecurring'[0;0m
[0;36m366 |[0;0m             self.location = transaction.location
[0;36m367 |[0;0m             self.subcategory = transaction.subcategory

/Users/danielstevens/github-projects/tools-automation/MomentumFinance/Shared/Components/DetailViewComponents.swift:366:41: [1;31merror: [1;39mvalue of type 'FinancialTransaction' has no member 'location'[0;0m
[0;36m364 |[0;0m             self.isReconciled = transaction.isReconciled
[0;36m365 |[0;0m             self.isRecurring = transaction.isRecurring
[0;36m366 |[0;0m             self.location = [4;39mtransaction[0;0m.[4;39mlocation[0;0m
    [0;36m|[0;0m                                         `- [1;31merror: [1;39mvalue of type 'FinancialTransaction' has no member 'location'[0;0m
[0;36m367 |[0;0m             self.subcategory = transaction.subcategory
[0;36m368 |[0;0m         }

/Users/danielstevens/github-projects/tools-automation/MomentumFinance/Shared/Components/DetailViewComponents.swift:367:44: [1;31merror: [1;39mvalue of type 'FinancialTransaction' has no member 'subcategory'[0;0m
[0;36m365 |[0;0m             self.isRecurring = transaction.isRecurring
[0;36m366 |[0;0m             self.location = transaction.location
[0;36m367 |[0;0m             self.subcategory = [4;39mtransaction[0;0m.[4;39msubcategory[0;0m
    [0;36m|[0;0m                                            `- [1;31merror: [1;39mvalue of type 'FinancialTransaction' has no member 'subcategory'[0;0m
[0;36m368 |[0;0m         }
[0;36m369 |[0;0m     }

/Users/danielstevens/github-projects/tools-automation/MomentumFinance/Shared/Components/Settings/AccessibilitySettingsSection.swift:7:9: [1;31merror: [1;39mproperty 'body' must be declared public because it matches a requirement in public protocol 'View'[0;0m
 [0;36m5 |[0;0m     @Binding var reducedMotion: Bool
 [0;36m6 |[0;0m 
 [0;36m7 |[0;0m     var body: some View {
   [0;36m|[0;0m         |- [1;31merror: [1;39mproperty 'body' must be declared public because it matches a requirement in public protocol 'View'[0;0m
   [0;36m|[0;0m         `- [1;39mnote: [1;39mmark the property as 'public' to satisfy the requirement[0;0m
 [0;36m8 |[0;0m         Section(header: Text("Accessibility")) {
 [0;36m9 |[0;0m             Toggle("Haptic Feedback", isOn: self.$hapticFeedbackEnabled)

/Users/danielstevens/github-projects/tools-automation/MomentumFinance/Shared/Components/Settings/AppearanceSettingsSection.swift:6:9: [1;31merror: [1;39mproperty 'body' must be declared public because it matches a requirement in public protocol 'View'[0;0m
 [0;36m4 |[0;0m     var darkModePreference: DarkModePreference
 [0;36m5 |[0;0m 
 [0;36m6 |[0;0m     var body: some View {
   [0;36m|[0;0m         |- [1;31merror: [1;39mproperty 'body' must be declared public because it matches a requirement in public protocol 'View'[0;0m
   [0;36m|[0;0m         `- [1;39mnote: [1;39mmark the property as 'public' to satisfy the requirement[0;0m
 [0;36m7 |[0;0m         Section(header: Text("Appearance")) {
 [0;36m8 |[0;0m             Picker("Theme", selection: .constant(self.darkModePreference)) {

[#MutableGlobalVariable]: <https://docs.swift.org/compiler/documentation/diagnostics/mutable-global-variable>
[138/148] Compiling Shared TemporaryImportNotificationStubs.swift
/Users/danielstevens/github-projects/tools-automation/MomentumFinance/Shared/Animations/AnimationManager.swift:267:10: [1;31merror: [1;39mmethod 'body(content:)' must be declared public because it matches a requirement in public protocol 'ViewModifier'[0;0m
[0;36m265 |[0;0m     /// <#Description#>
[0;36m266 |[0;0m     /// - Returns: <#description#>
[0;36m267 |[0;0m     func body(content: Content) -> some View {
    [0;36m|[0;0m          |- [1;31merror: [1;39mmethod 'body(content:)' must be declared public because it matches a requirement in public protocol 'ViewModifier'[0;0m
    [0;36m|[0;0m          `- [1;39mnote: [1;39mmark the instance method as 'public' to satisfy the requirement[0;0m
[0;36m268 |[0;0m         content
[0;36m269 |[0;0m             .rotation3DEffect(

/Users/danielstevens/github-projects/tools-automation/MomentumFinance/Shared/Animations/AnimationManager.swift:287:9: [1;31merror: [1;39mproperty 'body' must be declared public because it matches a requirement in public protocol 'View'[0;0m
[0;36m285 |[0;0m     }
[0;36m286 |[0;0m 
[0;36m287 |[0;0m     var body: some View {
    [0;36m|[0;0m         |- [1;31merror: [1;39mproperty 'body' must be declared public because it matches a requirement in public protocol 'View'[0;0m
    [0;36m|[0;0m         `- [1;39mnote: [1;39mmark the property as 'public' to satisfy the requirement[0;0m
[0;36m288 |[0;0m         Group {
[0;36m289 |[0;0m             switch self.style {

/Users/danielstevens/github-projects/tools-automation/MomentumFinance/Shared/Animations/AnimationManager.swift:345:9: [1;31merror: [1;39mproperty 'body' must be declared public because it matches a requirement in public protocol 'View'[0;0m
[0;36m343 |[0;0m     @State private var animatedProgress: Double = 0
[0;36m344 |[0;0m 
[0;36m345 |[0;0m     var body: some View {
    [0;36m|[0;0m         |- [1;31merror: [1;39mproperty 'body' must be declared public because it matches a requirement in public protocol 'View'[0;0m
    [0;36m|[0;0m         `- [1;39mnote: [1;39mmark the property as 'public' to satisfy the requirement[0;0m
[0;36m346 |[0;0m         GeometryReader { geometry in
[0;36m347 |[0;0m             ZStack(alignment: .leading) {

/Users/danielstevens/github-projects/tools-automation/MomentumFinance/Shared/Animations/AnimationManager.swift:376:13: [1;31merror: [1;39mvar 'objectPool' is not concurrency-safe because it is nonisolated global shared mutable state[0;0m [#]8;;https://docs.swift.org/compiler/documentation/diagnostics/mutable-global-variable\MutableGlobalVariable]8;;\]
[0;36m374 |[0;0m 
[0;36m375 |[0;0m /// Object pool for performance optimization
[0;36m376 |[0;0m private var objectPool: [Any] = []
    [0;36m|[0;0m             |- [1;31merror: [1;39mvar 'objectPool' is not concurrency-safe because it is nonisolated global shared mutable state[0;0m [#]8;;https://docs.swift.org/compiler/documentation/diagnostics/mutable-global-variable\MutableGlobalVariable]8;;\]
    [0;36m|[0;0m             |- [1;39mnote: [1;39mconvert 'objectPool' to a 'let' constant to make 'Sendable' shared state immutable[0;0m
    [0;36m|[0;0m             |- [1;39mnote: [1;39madd '@MainActor' to make var 'objectPool' part of global actor 'MainActor'[0;0m
    [0;36m|[0;0m             `- [1;39mnote: [1;39mdisable concurrency-safety checks if accesses are protected by an external synchronization mechanism[0;0m
[0;36m377 |[0;0m private let maxPoolSize = 50
[0;36m378 |[0;0m 

/Users/danielstevens/github-projects/tools-automation/MomentumFinance/Shared/Components/AccountDetailComponents.swift:547:36: [1;31merror: [1;39m'AccountType' is not a member type of class 'MomentumFinanceCore.FinancialAccount'[0;0m
[0;36m545 |[0;0m     struct AccountEditModel {
[0;36m546 |[0;0m         var name: String
[0;36m547 |[0;0m         var type: [4;39mFinancialAccount[0;0m.AccountType
    [0;36m|[0;0m                                    `- [1;31merror: [1;39m'AccountType' is not a member type of class 'MomentumFinanceCore.FinancialAccount'[0;0m
[0;36m548 |[0;0m         var balance: Double
[0;36m549 |[0;0m         var currencyCode: String

/Users/danielstevens/github-projects/tools-automation/MomentumFinance/Sources/MomentumFinanceCore/Models.swift:93:20: [1;39mnote: [1;39m'FinancialAccount' declared here[0;0m
 [0;36m91 |[0;0m 
 [0;36m92 |[0;0m @Model
 [0;36m93 |[0;0m public final class FinancialAccount: Hashable, Encodable {
    [0;36m|[0;0m                    `- [1;39mnote: [1;39m'FinancialAccount' declared here[0;0m
 [0;36m94 |[0;0m     enum CodingKeys: String, CodingKey {
 [0;36m95 |[0;0m         case name, balance, iconName, createdDate, accountType, currencyCode, creditLimit

/Users/danielstevens/github-projects/tools-automation/MomentumFinance/Shared/Components/AccountDetailComponents.swift:31:13: [1;31merror: [1;39mswitch must be exhaustive[0;0m
 [0;36m29 |[0;0m 
 [0;36m30 |[0;0m         private var text: String {
 [0;36m31 |[0;0m             switch self.type {
    [0;36m|[0;0m             |- [1;31merror: [1;39mswitch must be exhaustive[0;0m
    [0;36m|[0;0m             `- [1;39mnote: [1;39madd missing case: '.cash'[0;0m
 [0;36m32 |[0;0m             case .checking: "Checking"
 [0;36m33 |[0;0m             case .savings: "Savings"

/Users/danielstevens/github-projects/tools-automation/MomentumFinance/Shared/Components/AccountDetailComponents.swift:40:13: [1;31merror: [1;39mswitch must be exhaustive[0;0m
 [0;36m38 |[0;0m 
 [0;36m39 |[0;0m         private var color: Color {
 [0;36m40 |[0;0m             switch self.type {
    [0;36m|[0;0m             |- [1;31merror: [1;39mswitch must be exhaustive[0;0m
    [0;36m|[0;0m             `- [1;39mnote: [1;39madd missing case: '.cash'[0;0m
 [0;36m41 |[0;0m             case .checking: .green
 [0;36m42 |[0;0m             case .savings: .blue

/Users/danielstevens/github-projects/tools-automation/MomentumFinance/Shared/Components/AccountDetailComponents.swift:354:51: [1;31merror: [1;39mvalue of type 'FinancialAccount' has no member 'interestRate'[0;0m
[0;36m352 |[0;0m                         DetailField(
[0;36m353 |[0;0m                             label: "Interest Rate",
[0;36m354 |[0;0m                             value: (([4;39mself.account[0;0m.[4;39minterestRate[0;0m ?? 0) * 100)
    [0;36m|[0;0m                                                   `- [1;31merror: [1;39mvalue of type 'FinancialAccount' has no member 'interestRate'[0;0m
[0;36m355 |[0;0m                                 .formatted(.number.precision(.fractionLength(2))) + "%"
[0;36m356 |[0;0m                         )

/Users/danielstevens/github-projects/tools-automation/MomentumFinance/Shared/Components/AccountDetailComponents.swift:522:28: [1;31merror: [1;39mcannot convert value of type 'String' to expected argument type 'PrimitiveButtonStyleConfiguration'[0;0m
[0;36m520 |[0;0m 
[0;36m521 |[0;0m                 HStack {
[0;36m522 |[0;0m                     Button("Cancel").accessibilityLabel("Button").accessibilityLabel("Button") {
    [0;36m|[0;0m                            `- [1;31merror: [1;39mcannot convert value of type 'String' to expected argument type 'PrimitiveButtonStyleConfiguration'[0;0m
[0;36m523 |[0;0m                         self.dismiss()
[0;36m524 |[0;0m                     }

/Users/danielstevens/github-projects/tools-automation/MomentumFinance/Shared/Components/AccountDetailComponents.swift:522:96: [1;31merror: [1;39mtype '_' cannot be used as a boolean; test for '!= 0' instead[0;0m
[0;36m520 |[0;0m 
[0;36m521 |[0;0m                 HStack {
[0;36m522 |[0;0m                     Button("Cancel").accessibilityLabel("Button").accessibilityLabel("Button") {
    [0;36m|[0;0m                                                                                                `- [1;31merror: [1;39mtype '_' cannot be used as a boolean; test for '!= 0' instead[0;0m
[0;36m523 |[0;0m                         self.dismiss()
[0;36m524 |[0;0m                     }

/Users/danielstevens/github-projects/tools-automation/MomentumFinance/Shared/Components/AccountDetailComponents.swift:561:33: [1;31merror: [1;39mvalue of type 'FinancialAccount' has no member 'type'[0;0m
[0;36m559 |[0;0m         init(from account: FinancialAccount) {
[0;36m560 |[0;0m             self.name = account.name
[0;36m561 |[0;0m             self.type = [4;39maccount[0;0m.[4;39mtype[0;0m
    [0;36m|[0;0m                                 `- [1;31merror: [1;39mvalue of type 'FinancialAccount' has no member 'type'[0;0m
[0;36m562 |[0;0m             self.balance = account.balance
[0;36m563 |[0;0m             self.currencyCode = account.currencyCode

/Users/danielstevens/github-projects/tools-automation/MomentumFinance/Shared/Components/AccountDetailComponents.swift:564:40: [1;31merror: [1;39mvalue of type 'FinancialAccount' has no member 'institution'[0;0m
[0;36m562 |[0;0m             self.balance = account.balance
[0;36m563 |[0;0m             self.currencyCode = account.currencyCode
[0;36m564 |[0;0m             self.institution = [4;39maccount[0;0m.[4;39minstitution[0;0m
    [0;36m|[0;0m                                        `- [1;31merror: [1;39mvalue of type 'FinancialAccount' has no member 'institution'[0;0m
[0;36m565 |[0;0m             self.accountNumber = account.accountNumber
[0;36m566 |[0;0m             self.interestRate = account.interestRate

/Users/danielstevens/github-projects/tools-automation/MomentumFinance/Shared/Components/AccountDetailComponents.swift:565:42: [1;31merror: [1;39mvalue of type 'FinancialAccount' has no member 'accountNumber'[0;0m
[0;36m563 |[0;0m             self.currencyCode = account.currencyCode
[0;36m564 |[0;0m             self.institution = account.institution
[0;36m565 |[0;0m             self.accountNumber = [4;39maccount[0;0m.[4;39maccountNumber[0;0m
    [0;36m|[0;0m                                          `- [1;31merror: [1;39mvalue of type 'FinancialAccount' has no member 'accountNumber'[0;0m
[0;36m566 |[0;0m             self.interestRate = account.interestRate
[0;36m567 |[0;0m             self.creditLimit = account.creditLimit

/Users/danielstevens/github-projects/tools-automation/MomentumFinance/Shared/Components/AccountDetailComponents.swift:566:41: [1;31merror: [1;39mvalue of type 'FinancialAccount' has no member 'interestRate'[0;0m
[0;36m564 |[0;0m             self.institution = account.institution
[0;36m565 |[0;0m             self.accountNumber = account.accountNumber
[0;36m566 |[0;0m             self.interestRate = [4;39maccount[0;0m.[4;39minterestRate[0;0m
    [0;36m|[0;0m                                         `- [1;31merror: [1;39mvalue of type 'FinancialAccount' has no member 'interestRate'[0;0m
[0;36m567 |[0;0m             self.creditLimit = account.creditLimit
[0;36m568 |[0;0m             self.dueDate = account.dueDate

/Users/danielstevens/github-projects/tools-automation/MomentumFinance/Shared/Components/AccountDetailComponents.swift:568:36: [1;31merror: [1;39mvalue of type 'FinancialAccount' has no member 'dueDate'[0;0m
[0;36m566 |[0;0m             self.interestRate = account.interestRate
[0;36m567 |[0;0m             self.creditLimit = account.creditLimit
[0;36m568 |[0;0m             self.dueDate = [4;39maccount[0;0m.[4;39mdueDate[0;0m
    [0;36m|[0;0m                                    `- [1;31merror: [1;39mvalue of type 'FinancialAccount' has no member 'dueDate'[0;0m
[0;36m569 |[0;0m             self.includeInTotal = account.includeInTotal
[0;36m570 |[0;0m             self.isActive = account.isActive

/Users/danielstevens/github-projects/tools-automation/MomentumFinance/Shared/Components/AccountDetailComponents.swift:569:43: [1;31merror: [1;39mvalue of type 'FinancialAccount' has no member 'includeInTotal'[0;0m
[0;36m567 |[0;0m             self.creditLimit = account.creditLimit
[0;36m568 |[0;0m             self.dueDate = account.dueDate
[0;36m569 |[0;0m             self.includeInTotal = [4;39maccount[0;0m.[4;39mincludeInTotal[0;0m
    [0;36m|[0;0m                                           `- [1;31merror: [1;39mvalue of type 'FinancialAccount' has no member 'includeInTotal'[0;0m
[0;36m570 |[0;0m             self.isActive = account.isActive
[0;36m571 |[0;0m             self.notes = account.notes

/Users/danielstevens/github-projects/tools-automation/MomentumFinance/Shared/Components/AccountDetailComponents.swift:570:37: [1;31merror: [1;39mvalue of type 'FinancialAccount' has no member 'isActive'[0;0m
[0;36m568 |[0;0m             self.dueDate = account.dueDate
[0;36m569 |[0;0m             self.includeInTotal = account.includeInTotal
[0;36m570 |[0;0m             self.isActive = [4;39maccount[0;0m.[4;39misActive[0;0m
    [0;36m|[0;0m                                     `- [1;31merror: [1;39mvalue of type 'FinancialAccount' has no member 'isActive'[0;0m
[0;36m571 |[0;0m             self.notes = account.notes
[0;36m572 |[0;0m         }

/Users/danielstevens/github-projects/tools-automation/MomentumFinance/Shared/Components/AccountDetailComponents.swift:571:34: [1;31merror: [1;39mvalue of type 'FinancialAccount' has no member 'notes'[0;0m
[0;36m569 |[0;0m             self.includeInTotal = account.includeInTotal
[0;36m570 |[0;0m             self.isActive = account.isActive
[0;36m571 |[0;0m             self.notes = [4;39maccount[0;0m.[4;39mnotes[0;0m
    [0;36m|[0;0m                                  `- [1;31merror: [1;39mvalue of type 'FinancialAccount' has no member 'notes'[0;0m
[0;36m572 |[0;0m         }
[0;36m573 |[0;0m     }

/Users/danielstevens/github-projects/tools-automation/MomentumFinance/Shared/Components/BudgetComponents.swift:53:28: [1;31merror: [1;39mreference to member 'systemBackground' cannot be resolved without a contextual type[0;0m
[0;36m51 |[0;0m         }
[0;36m52 |[0;0m         .padding()
[0;36m53 |[0;0m         .background(Color(.systemBackground))
   [0;36m|[0;0m                            `- [1;31merror: [1;39mreference to member 'systemBackground' cannot be resolved without a contextual type[0;0m
[0;36m54 |[0;0m         .cornerRadius(10)
[0;36m55 |[0;0m         .shadow(radius: 2)

/Users/danielstevens/github-projects/tools-automation/MomentumFinance/Shared/Components/Dashboard/DashboardUIComponents.swift:42:15: [1;31merror: [1;39minvalid redeclaration of 'DashboardAccountsSummary'[0;0m
 [0;36m40 |[0;0m // MARK: - Dashboard Accounts Summary
 [0;36m41 |[0;0m 
 [0;36m42 |[0;0m public struct DashboardAccountsSummary: View {
    [0;36m|[0;0m               `- [1;31merror: [1;39minvalid redeclaration of 'DashboardAccountsSummary'[0;0m
 [0;36m43 |[0;0m     public let accounts: [FinancialAccount]
 [0;36m44 |[0;0m     public let onAccountTap: (UUID) -> Void

/Users/danielstevens/github-projects/tools-automation/MomentumFinance/Shared/Components/Dashboard/DashboardUIComponents.swift:203:14: [1;31merror: [1;39minvalid redeclaration of 'formatCurrency'[0;0m
[0;36m201 |[0;0m // MARK: - Helper Functions
[0;36m202 |[0;0m 
[0;36m203 |[0;0m private func formatCurrency(_ amount: Double) -> String {
    [0;36m|[0;0m              `- [1;31merror: [1;39minvalid redeclaration of 'formatCurrency'[0;0m
[0;36m204 |[0;0m     let formatter = NumberFormatter()
[0;36m205 |[0;0m     formatter.numberStyle = .currency

/Users/danielstevens/github-projects/tools-automation/MomentumFinance/Shared/Components/Dashboard/DashboardUIComponents.swift:57:59: [1;31merror: [1;39mcannot convert value of type 'PersistentIdentifier' to expected argument type 'UUID'[0;0m
 [0;36m55 |[0;0m                         AccountSummaryCard(account: account)
 [0;36m56 |[0;0m                             .onTapGesture {
 [0;36m57 |[0;0m                                 self.onAccountTap(account.id)
    [0;36m|[0;0m                                                           `- [1;31merror: [1;39mcannot convert value of type 'PersistentIdentifier' to expected argument type 'UUID'[0;0m
 [0;36m58 |[0;0m                             }
 [0;36m59 |[0;0m                     }

/Users/danielstevens/github-projects/tools-automation/MomentumFinance/Shared/Components/Dashboard/DashboardUIComponents.swift:97:27: [1;31merror: [1;39mcannot find 'UIColor' in scope[0;0m
 [0;36m95 |[0;0m         }
 [0;36m96 |[0;0m         .padding()
 [0;36m97 |[0;0m         .background(Color([4;39mUIColor[0;0m.systemGray6))
    [0;36m|[0;0m                           `- [1;31merror: [1;39mcannot find 'UIColor' in scope[0;0m
 [0;36m98 |[0;0m         .cornerRadius(12)
 [0;36m99 |[0;0m         .frame(width: 160)

/Users/danielstevens/github-projects/tools-automation/MomentumFinance/Shared/Components/Dashboard/DashboardUIComponents.swift:92:31: [1;31merror: [1;39mvalue of type 'FinancialAccount' has no member 'type'[0;0m
 [0;36m90 |[0;0m                 .foregroundColor(self.account.balance >= 0 ? .green : .red)
 [0;36m91 |[0;0m 
 [0;36m92 |[0;0m             Text([4;39mself.account[0;0m.[4;39mtype[0;0m.rawValue.capitalized)
    [0;36m|[0;0m                               `- [1;31merror: [1;39mvalue of type 'FinancialAccount' has no member 'type'[0;0m
 [0;36m93 |[0;0m                 .font(.caption)
 [0;36m94 |[0;0m                 .foregroundColor(.secondary)

/Users/danielstevens/github-projects/tools-automation/MomentumFinance/Shared/Components/Dashboard/DashboardUIComponents.swift:103:29: [1;31merror: [1;39mvalue of type 'FinancialAccount' has no member 'type'[0;0m
[0;36m101 |[0;0m 
[0;36m102 |[0;0m     private var iconName: String {
[0;36m103 |[0;0m         switch [4;39mself.account[0;0m.[4;39mtype[0;0m {
    [0;36m|[0;0m                             `- [1;31merror: [1;39mvalue of type 'FinancialAccount' has no member 'type'[0;0m
[0;36m104 |[0;0m         case .checking:
[0;36m105 |[0;0m             "creditcard"

/Users/danielstevens/github-projects/tools-automation/MomentumFinance/Shared/Components/Dashboard/DashboardUIComponents.swift:189:27: [1;31merror: [1;39mcannot find 'UIColor' in scope[0;0m
[0;36m187 |[0;0m         }
[0;36m188 |[0;0m         .padding()
[0;36m189 |[0;0m         .background(Color([4;39mUIColor[0;0m.systemGray6))
    [0;36m|[0;0m                           `- [1;31merror: [1;39mcannot find 'UIColor' in scope[0;0m
[0;36m190 |[0;0m         .cornerRadius(12)
[0;36m191 |[0;0m     }

/Users/danielstevens/github-projects/tools-automation/MomentumFinance/Shared/Components/DetailViewComponents.swift:39:63: [1;31merror: [1;39mvalue of type 'ExpenseCategory' has no member 'colorHex'[0;0m
 [0;36m37 |[0;0m             HStack(spacing: 4) {
 [0;36m38 |[0;0m                 Circle()
 [0;36m39 |[0;0m                     .fill(self.getCategoryColor([4;39mself.category[0;0m.[4;39mcolorHex[0;0m))
    [0;36m|[0;0m                                                               `- [1;31merror: [1;39mvalue of type 'ExpenseCategory' has no member 'colorHex'[0;0m
 [0;36m40 |[0;0m                     .frame(width: 10, height: 10)
 [0;36m41 |[0;0m 

/Users/danielstevens/github-projects/tools-automation/MomentumFinance/Shared/Components/DetailViewComponents.swift:47:61: [1;31merror: [1;39mvalue of type 'ExpenseCategory' has no member 'colorHex'[0;0m
 [0;36m45 |[0;0m             .padding(.horizontal, 8)
 [0;36m46 |[0;0m             .padding(.vertical, 2)
 [0;36m47 |[0;0m             .background(self.getCategoryColor([4;39mself.category[0;0m.[4;39mcolorHex[0;0m).opacity(0.1))
    [0;36m|[0;0m                                                             `- [1;31merror: [1;39mvalue of type 'ExpenseCategory' has no member 'colorHex'[0;0m
 [0;36m48 |[0;0m             .cornerRadius(4)
 [0;36m49 |[0;0m         }

/Users/danielstevens/github-projects/tools-automation/MomentumFinance/Shared/Components/DetailViewComponents.swift:52:23: [1;33mwarning: [1;39mvalue 'hex' was defined but never used; consider replacing with boolean test[0;0m [#no-usage]
 [0;36m50 |[0;0m 
 [0;36m51 |[0;0m         private func getCategoryColor(_ hex: String?) -> Color {
 [0;36m52 |[0;0m             guard let hex else { return .gray }
    [0;36m|[0;0m                       `- [1;33mwarning: [1;39mvalue 'hex' was defined but never used; consider replacing with boolean test[0;0m [#no-usage]
 [0;36m53 |[0;0m             // This would parse the hex color string
 [0;36m54 |[0;0m             return .blue

/Users/danielstevens/github-projects/tools-automation/MomentumFinance/Shared/Components/DetailViewComponents.swift:81:28: [1;31merror: [1;39mmissing argument for parameter #1 in call[0;0m
 [0;36m79 |[0;0m 
 [0;36m80 |[0;0m                 if self.showDeleteButton {
 [0;36m81 |[0;0m                     Button(action: {}).accessibilityLabel("Button").accessibilityLabel("Button") {
    [0;36m|[0;0m                            `- [1;31merror: [1;39mmissing argument for parameter #1 in call[0;0m
 [0;36m82 |[0;0m                         Image(systemName: "xmark.circle.fill")
 [0;36m83 |[0;0m                             .foregroundStyle(.red)

SwiftUI.Button.init:2:36: [1;39mnote: [1;39m'init(_:action:)' declared here[0;0m
[0;36m1 |[0;0m generic struct Button {
[0;36m2 |[0;0m @preconcurrency nonisolated public init(_ titleKey: LocalizedStringKey, action: @escaping @MainActor () -> Void)}
  [0;36m|[0;0m                                    `- [1;39mnote: [1;39m'init(_:action:)' declared here[0;0m
[0;36m3 |[0;0m 

/Users/danielstevens/github-projects/tools-automation/MomentumFinance/Shared/Components/DetailViewComponents.swift:81:98: [1;31merror: [1;39mtype '_' cannot be used as a boolean; test for '!= 0' instead[0;0m
 [0;36m79 |[0;0m 
 [0;36m80 |[0;0m                 if self.showDeleteButton {
 [0;36m81 |[0;0m                     Button(action: {}).accessibilityLabel("Button").accessibilityLabel("Button") {
    [0;36m|[0;0m                                                                                                  `- [1;31merror: [1;39mtype '_' cannot be used as a boolean; test for '!= 0' instead[0;0m
 [0;36m82 |[0;0m                         Image(systemName: "xmark.circle.fill")
 [0;36m83 |[0;0m                             .foregroundStyle(.red)

/Users/danielstevens/github-projects/tools-automation/MomentumFinance/Shared/Components/DetailViewComponents.swift:287:28: [1;31merror: [1;39mcannot convert value of type 'String' to expected argument type 'PrimitiveButtonStyleConfiguration'[0;0m
[0;36m285 |[0;0m 
[0;36m286 |[0;0m                 HStack {
[0;36m287 |[0;0m                     Button("Cancel").accessibilityLabel("Button").accessibilityLabel("Button") {
    [0;36m|[0;0m                            `- [1;31merror: [1;39mcannot convert value of type 'String' to expected argument type 'PrimitiveButtonStyleConfiguration'[0;0m
[0;36m288 |[0;0m                         self.dismiss()
[0;36m289 |[0;0m                     }

/Users/danielstevens/github-projects/tools-automation/MomentumFinance/Shared/Components/DetailViewComponents.swift:287:96: [1;31merror: [1;39mtype '_' cannot be used as a boolean; test for '!= 0' instead[0;0m
[0;36m285 |[0;0m 
[0;36m286 |[0;0m                 HStack {
[0;36m287 |[0;0m                     Button("Cancel").accessibilityLabel("Button").accessibilityLabel("Button") {
    [0;36m|[0;0m                                                                                                `- [1;31merror: [1;39mtype '_' cannot be used as a boolean; test for '!= 0' instead[0;0m
[0;36m288 |[0;0m                         self.dismiss()
[0;36m289 |[0;0m                     }

/Users/danielstevens/github-projects/tools-automation/MomentumFinance/Shared/Components/DetailViewComponents.swift:322:67: [1;31merror: [1;39mvalue of type 'FinancialTransaction' has no member 'name'[0;0m
[0;36m320 |[0;0m         var body: some View {
[0;36m321 |[0;0m             VStack {
[0;36m322 |[0;0m                 Text("Transactions Similar to '\([4;39mself.transaction[0;0m.[4;39mname[0;0m)'")
    [0;36m|[0;0m                                                                   `- [1;31merror: [1;39mvalue of type 'FinancialTransaction' has no member 'name'[0;0m
[0;36m323 |[0;0m                     .font(.headline)
[0;36m324 |[0;0m                     .padding()

/Users/danielstevens/github-projects/tools-automation/MomentumFinance/Shared/Components/DetailViewComponents.swift:358:37: [1;31merror: [1;39mvalue of type 'FinancialTransaction' has no member 'name'[0;0m
[0;36m356 |[0;0m 
[0;36m357 |[0;0m         init(from transaction: FinancialTransaction) {
[0;36m358 |[0;0m             self.name = [4;39mtransaction[0;0m.[4;39mname[0;0m
    [0;36m|[0;0m                                     `- [1;31merror: [1;39mvalue of type 'FinancialTransaction' has no member 'name'[0;0m
[0;36m359 |[0;0m             self.amount = transaction.amount
[0;36m360 |[0;0m             self.date = transaction.date

/Users/danielstevens/github-projects/tools-automation/MomentumFinance/Shared/Components/DetailViewComponents.swift:361:38: [1;31merror: [1;39mvalue of optional type 'String?' must be unwrapped to a value of type 'String'[0;0m
[0;36m359 |[0;0m             self.amount = transaction.amount
[0;36m360 |[0;0m             self.date = transaction.date
[0;36m361 |[0;0m             self.notes = transaction.notes
    [0;36m|[0;0m                                      |- [1;31merror: [1;39mvalue of optional type 'String?' must be unwrapped to a value of type 'String'[0;0m
    [0;36m|[0;0m                                      |- [1;39mnote: [1;39mcoalesce using '??' to provide a default when the optional value contains 'nil'[0;0m
    [0;36m|[0;0m                                      `- [1;39mnote: [1;39mforce-unwrap using '!' to abort execution if the optional value contains 'nil'[0;0m
[0;36m362 |[0;0m             self.categoryId = transaction.category?.id ?? ""
[0;36m363 |[0;0m             self.accountId = transaction.account?.id ?? ""

/Users/danielstevens/github-projects/tools-automation/MomentumFinance/Shared/Components/DetailViewComponents.swift:362:53: [1;31merror: [1;39mcannot convert value of type 'UUID?' to expected argument type 'String?'[0;0m
[0;36m360 |[0;0m             self.date = transaction.date
[0;36m361 |[0;0m             self.notes = transaction.notes
[0;36m362 |[0;0m             self.categoryId = transaction.category?.id ?? ""
    [0;36m|[0;0m                                                     `- [1;31merror: [1;39mcannot convert value of type 'UUID?' to expected argument type 'String?'[0;0m
[0;36m363 |[0;0m             self.accountId = transaction.account?.id ?? ""
[0;36m364 |[0;0m             self.isReconciled = transaction.isReconciled

/Users/danielstevens/github-projects/tools-automation/MomentumFinance/Shared/Components/DetailViewComponents.swift:363:51: [1;31merror: [1;39mcannot convert value of type 'PersistentIdentifier?' to expected argument type 'String?'[0;0m
[0;36m361 |[0;0m             self.notes = transaction.notes
[0;36m362 |[0;0m             self.categoryId = transaction.category?.id ?? ""
[0;36m363 |[0;0m             self.accountId = transaction.account?.id ?? ""
    [0;36m|[0;0m                                                   `- [1;31merror: [1;39mcannot convert value of type 'PersistentIdentifier?' to expected argument type 'String?'[0;0m
[0;36m364 |[0;0m             self.isReconciled = transaction.isReconciled
[0;36m365 |[0;0m             self.isRecurring = transaction.isRecurring

/Users/danielstevens/github-projects/tools-automation/MomentumFinance/Shared/Components/DetailViewComponents.swift:364:45: [1;31merror: [1;39mvalue of type 'FinancialTransaction' has no member 'isReconciled'[0;0m
[0;36m362 |[0;0m             self.categoryId = transaction.category?.id ?? ""
[0;36m363 |[0;0m             self.accountId = transaction.account?.id ?? ""
[0;36m364 |[0;0m             self.isReconciled = [4;39mtransaction[0;0m.[4;39misReconciled[0;0m
    [0;36m|[0;0m                                             `- [1;31merror: [1;39mvalue of type 'FinancialTransaction' has no member 'isReconciled'[0;0m
[0;36m365 |[0;0m             self.isRecurring = transaction.isRecurring
[0;36m366 |[0;0m             self.location = transaction.location

/Users/danielstevens/github-projects/tools-automation/MomentumFinance/Shared/Components/DetailViewComponents.swift:365:44: [1;31merror: [1;39mvalue of type 'FinancialTransaction' has no member 'isRecurring'[0;0m
[0;36m363 |[0;0m             self.accountId = transaction.account?.id ?? ""
[0;36m364 |[0;0m             self.isReconciled = transaction.isReconciled
[0;36m365 |[0;0m             self.isRecurring = [4;39mtransaction[0;0m.[4;39misRecurring[0;0m
    [0;36m|[0;0m                                            `- [1;31merror: [1;39mvalue of type 'FinancialTransaction' has no member 'isRecurring'[0;0m
[0;36m366 |[0;0m             self.location = transaction.location
[0;36m367 |[0;0m             self.subcategory = transaction.subcategory

/Users/danielstevens/github-projects/tools-automation/MomentumFinance/Shared/Components/DetailViewComponents.swift:366:41: [1;31merror: [1;39mvalue of type 'FinancialTransaction' has no member 'location'[0;0m
[0;36m364 |[0;0m             self.isReconciled = transaction.isReconciled
[0;36m365 |[0;0m             self.isRecurring = transaction.isRecurring
[0;36m366 |[0;0m             self.location = [4;39mtransaction[0;0m.[4;39mlocation[0;0m
    [0;36m|[0;0m                                         `- [1;31merror: [1;39mvalue of type 'FinancialTransaction' has no member 'location'[0;0m
[0;36m367 |[0;0m             self.subcategory = transaction.subcategory
[0;36m368 |[0;0m         }

/Users/danielstevens/github-projects/tools-automation/MomentumFinance/Shared/Components/DetailViewComponents.swift:367:44: [1;31merror: [1;39mvalue of type 'FinancialTransaction' has no member 'subcategory'[0;0m
[0;36m365 |[0;0m             self.isRecurring = transaction.isRecurring
[0;36m366 |[0;0m             self.location = transaction.location
[0;36m367 |[0;0m             self.subcategory = [4;39mtransaction[0;0m.[4;39msubcategory[0;0m
    [0;36m|[0;0m                                            `- [1;31merror: [1;39mvalue of type 'FinancialTransaction' has no member 'subcategory'[0;0m
[0;36m368 |[0;0m         }
[0;36m369 |[0;0m     }

/Users/danielstevens/github-projects/tools-automation/MomentumFinance/Shared/Components/Settings/AccessibilitySettingsSection.swift:7:9: [1;31merror: [1;39mproperty 'body' must be declared public because it matches a requirement in public protocol 'View'[0;0m
 [0;36m5 |[0;0m     @Binding var reducedMotion: Bool
 [0;36m6 |[0;0m 
 [0;36m7 |[0;0m     var body: some View {
   [0;36m|[0;0m         |- [1;31merror: [1;39mproperty 'body' must be declared public because it matches a requirement in public protocol 'View'[0;0m
   [0;36m|[0;0m         `- [1;39mnote: [1;39mmark the property as 'public' to satisfy the requirement[0;0m
 [0;36m8 |[0;0m         Section(header: Text("Accessibility")) {
 [0;36m9 |[0;0m             Toggle("Haptic Feedback", isOn: self.$hapticFeedbackEnabled)

/Users/danielstevens/github-projects/tools-automation/MomentumFinance/Shared/Components/Settings/AppearanceSettingsSection.swift:6:9: [1;31merror: [1;39mproperty 'body' must be declared public because it matches a requirement in public protocol 'View'[0;0m
 [0;36m4 |[0;0m     var darkModePreference: DarkModePreference
 [0;36m5 |[0;0m 
 [0;36m6 |[0;0m     var body: some View {
   [0;36m|[0;0m         |- [1;31merror: [1;39mproperty 'body' must be declared public because it matches a requirement in public protocol 'View'[0;0m
   [0;36m|[0;0m         `- [1;39mnote: [1;39mmark the property as 'public' to satisfy the requirement[0;0m
 [0;36m7 |[0;0m         Section(header: Text("Appearance")) {
 [0;36m8 |[0;0m             Picker("Theme", selection: .constant(self.darkModePreference)) {

[#MutableGlobalVariable]: <https://docs.swift.org/compiler/documentation/diagnostics/mutable-global-variable>
[139/148] Compiling Shared AccountDetailComponents.swift
/Users/danielstevens/github-projects/tools-automation/MomentumFinance/Shared/Animations/AnimationManager.swift:267:10: [1;31merror: [1;39mmethod 'body(content:)' must be declared public because it matches a requirement in public protocol 'ViewModifier'[0;0m
[0;36m265 |[0;0m     /// <#Description#>
[0;36m266 |[0;0m     /// - Returns: <#description#>
[0;36m267 |[0;0m     func body(content: Content) -> some View {
    [0;36m|[0;0m          |- [1;31merror: [1;39mmethod 'body(content:)' must be declared public because it matches a requirement in public protocol 'ViewModifier'[0;0m
    [0;36m|[0;0m          `- [1;39mnote: [1;39mmark the instance method as 'public' to satisfy the requirement[0;0m
[0;36m268 |[0;0m         content
[0;36m269 |[0;0m             .rotation3DEffect(

/Users/danielstevens/github-projects/tools-automation/MomentumFinance/Shared/Animations/AnimationManager.swift:287:9: [1;31merror: [1;39mproperty 'body' must be declared public because it matches a requirement in public protocol 'View'[0;0m
[0;36m285 |[0;0m     }
[0;36m286 |[0;0m 
[0;36m287 |[0;0m     var body: some View {
    [0;36m|[0;0m         |- [1;31merror: [1;39mproperty 'body' must be declared public because it matches a requirement in public protocol 'View'[0;0m
    [0;36m|[0;0m         `- [1;39mnote: [1;39mmark the property as 'public' to satisfy the requirement[0;0m
[0;36m288 |[0;0m         Group {
[0;36m289 |[0;0m             switch self.style {

/Users/danielstevens/github-projects/tools-automation/MomentumFinance/Shared/Animations/AnimationManager.swift:345:9: [1;31merror: [1;39mproperty 'body' must be declared public because it matches a requirement in public protocol 'View'[0;0m
[0;36m343 |[0;0m     @State private var animatedProgress: Double = 0
[0;36m344 |[0;0m 
[0;36m345 |[0;0m     var body: some View {
    [0;36m|[0;0m         |- [1;31merror: [1;39mproperty 'body' must be declared public because it matches a requirement in public protocol 'View'[0;0m
    [0;36m|[0;0m         `- [1;39mnote: [1;39mmark the property as 'public' to satisfy the requirement[0;0m
[0;36m346 |[0;0m         GeometryReader { geometry in
[0;36m347 |[0;0m             ZStack(alignment: .leading) {

/Users/danielstevens/github-projects/tools-automation/MomentumFinance/Shared/Animations/AnimationManager.swift:376:13: [1;31merror: [1;39mvar 'objectPool' is not concurrency-safe because it is nonisolated global shared mutable state[0;0m [#]8;;https://docs.swift.org/compiler/documentation/diagnostics/mutable-global-variable\MutableGlobalVariable]8;;\]
[0;36m374 |[0;0m 
[0;36m375 |[0;0m /// Object pool for performance optimization
[0;36m376 |[0;0m private var objectPool: [Any] = []
    [0;36m|[0;0m             |- [1;31merror: [1;39mvar 'objectPool' is not concurrency-safe because it is nonisolated global shared mutable state[0;0m [#]8;;https://docs.swift.org/compiler/documentation/diagnostics/mutable-global-variable\MutableGlobalVariable]8;;\]
    [0;36m|[0;0m             |- [1;39mnote: [1;39mconvert 'objectPool' to a 'let' constant to make 'Sendable' shared state immutable[0;0m
    [0;36m|[0;0m             |- [1;39mnote: [1;39madd '@MainActor' to make var 'objectPool' part of global actor 'MainActor'[0;0m
    [0;36m|[0;0m             `- [1;39mnote: [1;39mdisable concurrency-safety checks if accesses are protected by an external synchronization mechanism[0;0m
[0;36m377 |[0;0m private let maxPoolSize = 50
[0;36m378 |[0;0m 

/Users/danielstevens/github-projects/tools-automation/MomentumFinance/Shared/Components/AccountDetailComponents.swift:547:36: [1;31merror: [1;39m'AccountType' is not a member type of class 'MomentumFinanceCore.FinancialAccount'[0;0m
[0;36m545 |[0;0m     struct AccountEditModel {
[0;36m546 |[0;0m         var name: String
[0;36m547 |[0;0m         var type: [4;39mFinancialAccount[0;0m.AccountType
    [0;36m|[0;0m                                    `- [1;31merror: [1;39m'AccountType' is not a member type of class 'MomentumFinanceCore.FinancialAccount'[0;0m
[0;36m548 |[0;0m         var balance: Double
[0;36m549 |[0;0m         var currencyCode: String

/Users/danielstevens/github-projects/tools-automation/MomentumFinance/Sources/MomentumFinanceCore/Models.swift:93:20: [1;39mnote: [1;39m'FinancialAccount' declared here[0;0m
 [0;36m91 |[0;0m 
 [0;36m92 |[0;0m @Model
 [0;36m93 |[0;0m public final class FinancialAccount: Hashable, Encodable {
    [0;36m|[0;0m                    `- [1;39mnote: [1;39m'FinancialAccount' declared here[0;0m
 [0;36m94 |[0;0m     enum CodingKeys: String, CodingKey {
 [0;36m95 |[0;0m         case name, balance, iconName, createdDate, accountType, currencyCode, creditLimit

/Users/danielstevens/github-projects/tools-automation/MomentumFinance/Shared/Components/AccountDetailComponents.swift:31:13: [1;31merror: [1;39mswitch must be exhaustive[0;0m
 [0;36m29 |[0;0m 
 [0;36m30 |[0;0m         private var text: String {
 [0;36m31 |[0;0m             switch self.type {
    [0;36m|[0;0m             |- [1;31merror: [1;39mswitch must be exhaustive[0;0m
    [0;36m|[0;0m             `- [1;39mnote: [1;39madd missing case: '.cash'[0;0m
 [0;36m32 |[0;0m             case .checking: "Checking"
 [0;36m33 |[0;0m             case .savings: "Savings"

/Users/danielstevens/github-projects/tools-automation/MomentumFinance/Shared/Components/AccountDetailComponents.swift:40:13: [1;31merror: [1;39mswitch must be exhaustive[0;0m
 [0;36m38 |[0;0m 
 [0;36m39 |[0;0m         private var color: Color {
 [0;36m40 |[0;0m             switch self.type {
    [0;36m|[0;0m             |- [1;31merror: [1;39mswitch must be exhaustive[0;0m
    [0;36m|[0;0m             `- [1;39mnote: [1;39madd missing case: '.cash'[0;0m
 [0;36m41 |[0;0m             case .checking: .green
 [0;36m42 |[0;0m             case .savings: .blue

/Users/danielstevens/github-projects/tools-automation/MomentumFinance/Shared/Components/AccountDetailComponents.swift:354:51: [1;31merror: [1;39mvalue of type 'FinancialAccount' has no member 'interestRate'[0;0m
[0;36m352 |[0;0m                         DetailField(
[0;36m353 |[0;0m                             label: "Interest Rate",
[0;36m354 |[0;0m                             value: (([4;39mself.account[0;0m.[4;39minterestRate[0;0m ?? 0) * 100)
    [0;36m|[0;0m                                                   `- [1;31merror: [1;39mvalue of type 'FinancialAccount' has no member 'interestRate'[0;0m
[0;36m355 |[0;0m                                 .formatted(.number.precision(.fractionLength(2))) + "%"
[0;36m356 |[0;0m                         )

/Users/danielstevens/github-projects/tools-automation/MomentumFinance/Shared/Components/AccountDetailComponents.swift:522:28: [1;31merror: [1;39mcannot convert value of type 'String' to expected argument type 'PrimitiveButtonStyleConfiguration'[0;0m
[0;36m520 |[0;0m 
[0;36m521 |[0;0m                 HStack {
[0;36m522 |[0;0m                     Button("Cancel").accessibilityLabel("Button").accessibilityLabel("Button") {
    [0;36m|[0;0m                            `- [1;31merror: [1;39mcannot convert value of type 'String' to expected argument type 'PrimitiveButtonStyleConfiguration'[0;0m
[0;36m523 |[0;0m                         self.dismiss()
[0;36m524 |[0;0m                     }

/Users/danielstevens/github-projects/tools-automation/MomentumFinance/Shared/Components/AccountDetailComponents.swift:522:96: [1;31merror: [1;39mtype '_' cannot be used as a boolean; test for '!= 0' instead[0;0m
[0;36m520 |[0;0m 
[0;36m521 |[0;0m                 HStack {
[0;36m522 |[0;0m                     Button("Cancel").accessibilityLabel("Button").accessibilityLabel("Button") {
    [0;36m|[0;0m                                                                                                `- [1;31merror: [1;39mtype '_' cannot be used as a boolean; test for '!= 0' instead[0;0m
[0;36m523 |[0;0m                         self.dismiss()
[0;36m524 |[0;0m                     }

/Users/danielstevens/github-projects/tools-automation/MomentumFinance/Shared/Components/AccountDetailComponents.swift:561:33: [1;31merror: [1;39mvalue of type 'FinancialAccount' has no member 'type'[0;0m
[0;36m559 |[0;0m         init(from account: FinancialAccount) {
[0;36m560 |[0;0m             self.name = account.name
[0;36m561 |[0;0m             self.type = [4;39maccount[0;0m.[4;39mtype[0;0m
    [0;36m|[0;0m                                 `- [1;31merror: [1;39mvalue of type 'FinancialAccount' has no member 'type'[0;0m
[0;36m562 |[0;0m             self.balance = account.balance
[0;36m563 |[0;0m             self.currencyCode = account.currencyCode

/Users/danielstevens/github-projects/tools-automation/MomentumFinance/Shared/Components/AccountDetailComponents.swift:564:40: [1;31merror: [1;39mvalue of type 'FinancialAccount' has no member 'institution'[0;0m
[0;36m562 |[0;0m             self.balance = account.balance
[0;36m563 |[0;0m             self.currencyCode = account.currencyCode
[0;36m564 |[0;0m             self.institution = [4;39maccount[0;0m.[4;39minstitution[0;0m
    [0;36m|[0;0m                                        `- [1;31merror: [1;39mvalue of type 'FinancialAccount' has no member 'institution'[0;0m
[0;36m565 |[0;0m             self.accountNumber = account.accountNumber
[0;36m566 |[0;0m             self.interestRate = account.interestRate

/Users/danielstevens/github-projects/tools-automation/MomentumFinance/Shared/Components/AccountDetailComponents.swift:565:42: [1;31merror: [1;39mvalue of type 'FinancialAccount' has no member 'accountNumber'[0;0m
[0;36m563 |[0;0m             self.currencyCode = account.currencyCode
[0;36m564 |[0;0m             self.institution = account.institution
[0;36m565 |[0;0m             self.accountNumber = [4;39maccount[0;0m.[4;39maccountNumber[0;0m
    [0;36m|[0;0m                                          `- [1;31merror: [1;39mvalue of type 'FinancialAccount' has no member 'accountNumber'[0;0m
[0;36m566 |[0;0m             self.interestRate = account.interestRate
[0;36m567 |[0;0m             self.creditLimit = account.creditLimit

/Users/danielstevens/github-projects/tools-automation/MomentumFinance/Shared/Components/AccountDetailComponents.swift:566:41: [1;31merror: [1;39mvalue of type 'FinancialAccount' has no member 'interestRate'[0;0m
[0;36m564 |[0;0m             self.institution = account.institution
[0;36m565 |[0;0m             self.accountNumber = account.accountNumber
[0;36m566 |[0;0m             self.interestRate = [4;39maccount[0;0m.[4;39minterestRate[0;0m
    [0;36m|[0;0m                                         `- [1;31merror: [1;39mvalue of type 'FinancialAccount' has no member 'interestRate'[0;0m
[0;36m567 |[0;0m             self.creditLimit = account.creditLimit
[0;36m568 |[0;0m             self.dueDate = account.dueDate

/Users/danielstevens/github-projects/tools-automation/MomentumFinance/Shared/Components/AccountDetailComponents.swift:568:36: [1;31merror: [1;39mvalue of type 'FinancialAccount' has no member 'dueDate'[0;0m
[0;36m566 |[0;0m             self.interestRate = account.interestRate
[0;36m567 |[0;0m             self.creditLimit = account.creditLimit
[0;36m568 |[0;0m             self.dueDate = [4;39maccount[0;0m.[4;39mdueDate[0;0m
    [0;36m|[0;0m                                    `- [1;31merror: [1;39mvalue of type 'FinancialAccount' has no member 'dueDate'[0;0m
[0;36m569 |[0;0m             self.includeInTotal = account.includeInTotal
[0;36m570 |[0;0m             self.isActive = account.isActive

/Users/danielstevens/github-projects/tools-automation/MomentumFinance/Shared/Components/AccountDetailComponents.swift:569:43: [1;31merror: [1;39mvalue of type 'FinancialAccount' has no member 'includeInTotal'[0;0m
[0;36m567 |[0;0m             self.creditLimit = account.creditLimit
[0;36m568 |[0;0m             self.dueDate = account.dueDate
[0;36m569 |[0;0m             self.includeInTotal = [4;39maccount[0;0m.[4;39mincludeInTotal[0;0m
    [0;36m|[0;0m                                           `- [1;31merror: [1;39mvalue of type 'FinancialAccount' has no member 'includeInTotal'[0;0m
[0;36m570 |[0;0m             self.isActive = account.isActive
[0;36m571 |[0;0m             self.notes = account.notes

/Users/danielstevens/github-projects/tools-automation/MomentumFinance/Shared/Components/AccountDetailComponents.swift:570:37: [1;31merror: [1;39mvalue of type 'FinancialAccount' has no member 'isActive'[0;0m
[0;36m568 |[0;0m             self.dueDate = account.dueDate
[0;36m569 |[0;0m             self.includeInTotal = account.includeInTotal
[0;36m570 |[0;0m             self.isActive = [4;39maccount[0;0m.[4;39misActive[0;0m
    [0;36m|[0;0m                                     `- [1;31merror: [1;39mvalue of type 'FinancialAccount' has no member 'isActive'[0;0m
[0;36m571 |[0;0m             self.notes = account.notes
[0;36m572 |[0;0m         }

/Users/danielstevens/github-projects/tools-automation/MomentumFinance/Shared/Components/AccountDetailComponents.swift:571:34: [1;31merror: [1;39mvalue of type 'FinancialAccount' has no member 'notes'[0;0m
[0;36m569 |[0;0m             self.includeInTotal = account.includeInTotal
[0;36m570 |[0;0m             self.isActive = account.isActive
[0;36m571 |[0;0m             self.notes = [4;39maccount[0;0m.[4;39mnotes[0;0m
    [0;36m|[0;0m                                  `- [1;31merror: [1;39mvalue of type 'FinancialAccount' has no member 'notes'[0;0m
[0;36m572 |[0;0m         }
[0;36m573 |[0;0m     }

/Users/danielstevens/github-projects/tools-automation/MomentumFinance/Shared/Components/BudgetComponents.swift:53:28: [1;31merror: [1;39mreference to member 'systemBackground' cannot be resolved without a contextual type[0;0m
[0;36m51 |[0;0m         }
[0;36m52 |[0;0m         .padding()
[0;36m53 |[0;0m         .background(Color(.systemBackground))
   [0;36m|[0;0m                            `- [1;31merror: [1;39mreference to member 'systemBackground' cannot be resolved without a contextual type[0;0m
[0;36m54 |[0;0m         .cornerRadius(10)
[0;36m55 |[0;0m         .shadow(radius: 2)

/Users/danielstevens/github-projects/tools-automation/MomentumFinance/Shared/Components/Dashboard/DashboardUIComponents.swift:42:15: [1;31merror: [1;39minvalid redeclaration of 'DashboardAccountsSummary'[0;0m
 [0;36m40 |[0;0m // MARK: - Dashboard Accounts Summary
 [0;36m41 |[0;0m 
 [0;36m42 |[0;0m public struct DashboardAccountsSummary: View {
    [0;36m|[0;0m               `- [1;31merror: [1;39minvalid redeclaration of 'DashboardAccountsSummary'[0;0m
 [0;36m43 |[0;0m     public let accounts: [FinancialAccount]
 [0;36m44 |[0;0m     public let onAccountTap: (UUID) -> Void

/Users/danielstevens/github-projects/tools-automation/MomentumFinance/Shared/Components/Dashboard/DashboardUIComponents.swift:203:14: [1;31merror: [1;39minvalid redeclaration of 'formatCurrency'[0;0m
[0;36m201 |[0;0m // MARK: - Helper Functions
[0;36m202 |[0;0m 
[0;36m203 |[0;0m private func formatCurrency(_ amount: Double) -> String {
    [0;36m|[0;0m              `- [1;31merror: [1;39minvalid redeclaration of 'formatCurrency'[0;0m
[0;36m204 |[0;0m     let formatter = NumberFormatter()
[0;36m205 |[0;0m     formatter.numberStyle = .currency

/Users/danielstevens/github-projects/tools-automation/MomentumFinance/Shared/Components/Dashboard/DashboardUIComponents.swift:57:59: [1;31merror: [1;39mcannot convert value of type 'PersistentIdentifier' to expected argument type 'UUID'[0;0m
 [0;36m55 |[0;0m                         AccountSummaryCard(account: account)
 [0;36m56 |[0;0m                             .onTapGesture {
 [0;36m57 |[0;0m                                 self.onAccountTap(account.id)
    [0;36m|[0;0m                                                           `- [1;31merror: [1;39mcannot convert value of type 'PersistentIdentifier' to expected argument type 'UUID'[0;0m
 [0;36m58 |[0;0m                             }
 [0;36m59 |[0;0m                     }

/Users/danielstevens/github-projects/tools-automation/MomentumFinance/Shared/Components/Dashboard/DashboardUIComponents.swift:97:27: [1;31merror: [1;39mcannot find 'UIColor' in scope[0;0m
 [0;36m95 |[0;0m         }
 [0;36m96 |[0;0m         .padding()
 [0;36m97 |[0;0m         .background(Color([4;39mUIColor[0;0m.systemGray6))
    [0;36m|[0;0m                           `- [1;31merror: [1;39mcannot find 'UIColor' in scope[0;0m
 [0;36m98 |[0;0m         .cornerRadius(12)
 [0;36m99 |[0;0m         .frame(width: 160)

/Users/danielstevens/github-projects/tools-automation/MomentumFinance/Shared/Components/Dashboard/DashboardUIComponents.swift:92:31: [1;31merror: [1;39mvalue of type 'FinancialAccount' has no member 'type'[0;0m
 [0;36m90 |[0;0m                 .foregroundColor(self.account.balance >= 0 ? .green : .red)
 [0;36m91 |[0;0m 
 [0;36m92 |[0;0m             Text([4;39mself.account[0;0m.[4;39mtype[0;0m.rawValue.capitalized)
    [0;36m|[0;0m                               `- [1;31merror: [1;39mvalue of type 'FinancialAccount' has no member 'type'[0;0m
 [0;36m93 |[0;0m                 .font(.caption)
 [0;36m94 |[0;0m                 .foregroundColor(.secondary)

/Users/danielstevens/github-projects/tools-automation/MomentumFinance/Shared/Components/Dashboard/DashboardUIComponents.swift:103:29: [1;31merror: [1;39mvalue of type 'FinancialAccount' has no member 'type'[0;0m
[0;36m101 |[0;0m 
[0;36m102 |[0;0m     private var iconName: String {
[0;36m103 |[0;0m         switch [4;39mself.account[0;0m.[4;39mtype[0;0m {
    [0;36m|[0;0m                             `- [1;31merror: [1;39mvalue of type 'FinancialAccount' has no member 'type'[0;0m
[0;36m104 |[0;0m         case .checking:
[0;36m105 |[0;0m             "creditcard"

/Users/danielstevens/github-projects/tools-automation/MomentumFinance/Shared/Components/Dashboard/DashboardUIComponents.swift:189:27: [1;31merror: [1;39mcannot find 'UIColor' in scope[0;0m
[0;36m187 |[0;0m         }
[0;36m188 |[0;0m         .padding()
[0;36m189 |[0;0m         .background(Color([4;39mUIColor[0;0m.systemGray6))
    [0;36m|[0;0m                           `- [1;31merror: [1;39mcannot find 'UIColor' in scope[0;0m
[0;36m190 |[0;0m         .cornerRadius(12)
[0;36m191 |[0;0m     }

/Users/danielstevens/github-projects/tools-automation/MomentumFinance/Shared/Components/DetailViewComponents.swift:39:63: [1;31merror: [1;39mvalue of type 'ExpenseCategory' has no member 'colorHex'[0;0m
 [0;36m37 |[0;0m             HStack(spacing: 4) {
 [0;36m38 |[0;0m                 Circle()
 [0;36m39 |[0;0m                     .fill(self.getCategoryColor([4;39mself.category[0;0m.[4;39mcolorHex[0;0m))
    [0;36m|[0;0m                                                               `- [1;31merror: [1;39mvalue of type 'ExpenseCategory' has no member 'colorHex'[0;0m
 [0;36m40 |[0;0m                     .frame(width: 10, height: 10)
 [0;36m41 |[0;0m 

/Users/danielstevens/github-projects/tools-automation/MomentumFinance/Shared/Components/DetailViewComponents.swift:47:61: [1;31merror: [1;39mvalue of type 'ExpenseCategory' has no member 'colorHex'[0;0m
 [0;36m45 |[0;0m             .padding(.horizontal, 8)
 [0;36m46 |[0;0m             .padding(.vertical, 2)
 [0;36m47 |[0;0m             .background(self.getCategoryColor([4;39mself.category[0;0m.[4;39mcolorHex[0;0m).opacity(0.1))
    [0;36m|[0;0m                                                             `- [1;31merror: [1;39mvalue of type 'ExpenseCategory' has no member 'colorHex'[0;0m
 [0;36m48 |[0;0m             .cornerRadius(4)
 [0;36m49 |[0;0m         }

/Users/danielstevens/github-projects/tools-automation/MomentumFinance/Shared/Components/DetailViewComponents.swift:52:23: [1;33mwarning: [1;39mvalue 'hex' was defined but never used; consider replacing with boolean test[0;0m [#no-usage]
 [0;36m50 |[0;0m 
 [0;36m51 |[0;0m         private func getCategoryColor(_ hex: String?) -> Color {
 [0;36m52 |[0;0m             guard let hex else { return .gray }
    [0;36m|[0;0m                       `- [1;33mwarning: [1;39mvalue 'hex' was defined but never used; consider replacing with boolean test[0;0m [#no-usage]
 [0;36m53 |[0;0m             // This would parse the hex color string
 [0;36m54 |[0;0m             return .blue

/Users/danielstevens/github-projects/tools-automation/MomentumFinance/Shared/Components/DetailViewComponents.swift:81:28: [1;31merror: [1;39mmissing argument for parameter #1 in call[0;0m
 [0;36m79 |[0;0m 
 [0;36m80 |[0;0m                 if self.showDeleteButton {
 [0;36m81 |[0;0m                     Button(action: {}).accessibilityLabel("Button").accessibilityLabel("Button") {
    [0;36m|[0;0m                            `- [1;31merror: [1;39mmissing argument for parameter #1 in call[0;0m
 [0;36m82 |[0;0m                         Image(systemName: "xmark.circle.fill")
 [0;36m83 |[0;0m                             .foregroundStyle(.red)

SwiftUI.Button.init:2:36: [1;39mnote: [1;39m'init(_:action:)' declared here[0;0m
[0;36m1 |[0;0m generic struct Button {
[0;36m2 |[0;0m @preconcurrency nonisolated public init(_ titleKey: LocalizedStringKey, action: @escaping @MainActor () -> Void)}
  [0;36m|[0;0m                                    `- [1;39mnote: [1;39m'init(_:action:)' declared here[0;0m
[0;36m3 |[0;0m 

/Users/danielstevens/github-projects/tools-automation/MomentumFinance/Shared/Components/DetailViewComponents.swift:81:98: [1;31merror: [1;39mtype '_' cannot be used as a boolean; test for '!= 0' instead[0;0m
 [0;36m79 |[0;0m 
 [0;36m80 |[0;0m                 if self.showDeleteButton {
 [0;36m81 |[0;0m                     Button(action: {}).accessibilityLabel("Button").accessibilityLabel("Button") {
    [0;36m|[0;0m                                                                                                  `- [1;31merror: [1;39mtype '_' cannot be used as a boolean; test for '!= 0' instead[0;0m
 [0;36m82 |[0;0m                         Image(systemName: "xmark.circle.fill")
 [0;36m83 |[0;0m                             .foregroundStyle(.red)

/Users/danielstevens/github-projects/tools-automation/MomentumFinance/Shared/Components/DetailViewComponents.swift:287:28: [1;31merror: [1;39mcannot convert value of type 'String' to expected argument type 'PrimitiveButtonStyleConfiguration'[0;0m
[0;36m285 |[0;0m 
[0;36m286 |[0;0m                 HStack {
[0;36m287 |[0;0m                     Button("Cancel").accessibilityLabel("Button").accessibilityLabel("Button") {
    [0;36m|[0;0m                            `- [1;31merror: [1;39mcannot convert value of type 'String' to expected argument type 'PrimitiveButtonStyleConfiguration'[0;0m
[0;36m288 |[0;0m                         self.dismiss()
[0;36m289 |[0;0m                     }

/Users/danielstevens/github-projects/tools-automation/MomentumFinance/Shared/Components/DetailViewComponents.swift:287:96: [1;31merror: [1;39mtype '_' cannot be used as a boolean; test for '!= 0' instead[0;0m
[0;36m285 |[0;0m 
[0;36m286 |[0;0m                 HStack {
[0;36m287 |[0;0m                     Button("Cancel").accessibilityLabel("Button").accessibilityLabel("Button") {
    [0;36m|[0;0m                                                                                                `- [1;31merror: [1;39mtype '_' cannot be used as a boolean; test for '!= 0' instead[0;0m
[0;36m288 |[0;0m                         self.dismiss()
[0;36m289 |[0;0m                     }

/Users/danielstevens/github-projects/tools-automation/MomentumFinance/Shared/Components/DetailViewComponents.swift:322:67: [1;31merror: [1;39mvalue of type 'FinancialTransaction' has no member 'name'[0;0m
[0;36m320 |[0;0m         var body: some View {
[0;36m321 |[0;0m             VStack {
[0;36m322 |[0;0m                 Text("Transactions Similar to '\([4;39mself.transaction[0;0m.[4;39mname[0;0m)'")
    [0;36m|[0;0m                                                                   `- [1;31merror: [1;39mvalue of type 'FinancialTransaction' has no member 'name'[0;0m
[0;36m323 |[0;0m                     .font(.headline)
[0;36m324 |[0;0m                     .padding()

/Users/danielstevens/github-projects/tools-automation/MomentumFinance/Shared/Components/DetailViewComponents.swift:358:37: [1;31merror: [1;39mvalue of type 'FinancialTransaction' has no member 'name'[0;0m
[0;36m356 |[0;0m 
[0;36m357 |[0;0m         init(from transaction: FinancialTransaction) {
[0;36m358 |[0;0m             self.name = [4;39mtransaction[0;0m.[4;39mname[0;0m
    [0;36m|[0;0m                                     `- [1;31merror: [1;39mvalue of type 'FinancialTransaction' has no member 'name'[0;0m
[0;36m359 |[0;0m             self.amount = transaction.amount
[0;36m360 |[0;0m             self.date = transaction.date

/Users/danielstevens/github-projects/tools-automation/MomentumFinance/Shared/Components/DetailViewComponents.swift:361:38: [1;31merror: [1;39mvalue of optional type 'String?' must be unwrapped to a value of type 'String'[0;0m
[0;36m359 |[0;0m             self.amount = transaction.amount
[0;36m360 |[0;0m             self.date = transaction.date
[0;36m361 |[0;0m             self.notes = transaction.notes
    [0;36m|[0;0m                                      |- [1;31merror: [1;39mvalue of optional type 'String?' must be unwrapped to a value of type 'String'[0;0m
    [0;36m|[0;0m                                      |- [1;39mnote: [1;39mcoalesce using '??' to provide a default when the optional value contains 'nil'[0;0m
    [0;36m|[0;0m                                      `- [1;39mnote: [1;39mforce-unwrap using '!' to abort execution if the optional value contains 'nil'[0;0m
[0;36m362 |[0;0m             self.categoryId = transaction.category?.id ?? ""
[0;36m363 |[0;0m             self.accountId = transaction.account?.id ?? ""

/Users/danielstevens/github-projects/tools-automation/MomentumFinance/Shared/Components/DetailViewComponents.swift:362:53: [1;31merror: [1;39mcannot convert value of type 'UUID?' to expected argument type 'String?'[0;0m
[0;36m360 |[0;0m             self.date = transaction.date
[0;36m361 |[0;0m             self.notes = transaction.notes
[0;36m362 |[0;0m             self.categoryId = transaction.category?.id ?? ""
    [0;36m|[0;0m                                                     `- [1;31merror: [1;39mcannot convert value of type 'UUID?' to expected argument type 'String?'[0;0m
[0;36m363 |[0;0m             self.accountId = transaction.account?.id ?? ""
[0;36m364 |[0;0m             self.isReconciled = transaction.isReconciled

/Users/danielstevens/github-projects/tools-automation/MomentumFinance/Shared/Components/DetailViewComponents.swift:363:51: [1;31merror: [1;39mcannot convert value of type 'PersistentIdentifier?' to expected argument type 'String?'[0;0m
[0;36m361 |[0;0m             self.notes = transaction.notes
[0;36m362 |[0;0m             self.categoryId = transaction.category?.id ?? ""
[0;36m363 |[0;0m             self.accountId = transaction.account?.id ?? ""
    [0;36m|[0;0m                                                   `- [1;31merror: [1;39mcannot convert value of type 'PersistentIdentifier?' to expected argument type 'String?'[0;0m
[0;36m364 |[0;0m             self.isReconciled = transaction.isReconciled
[0;36m365 |[0;0m             self.isRecurring = transaction.isRecurring

/Users/danielstevens/github-projects/tools-automation/MomentumFinance/Shared/Components/DetailViewComponents.swift:364:45: [1;31merror: [1;39mvalue of type 'FinancialTransaction' has no member 'isReconciled'[0;0m
[0;36m362 |[0;0m             self.categoryId = transaction.category?.id ?? ""
[0;36m363 |[0;0m             self.accountId = transaction.account?.id ?? ""
[0;36m364 |[0;0m             self.isReconciled = [4;39mtransaction[0;0m.[4;39misReconciled[0;0m
    [0;36m|[0;0m                                             `- [1;31merror: [1;39mvalue of type 'FinancialTransaction' has no member 'isReconciled'[0;0m
[0;36m365 |[0;0m             self.isRecurring = transaction.isRecurring
[0;36m366 |[0;0m             self.location = transaction.location

/Users/danielstevens/github-projects/tools-automation/MomentumFinance/Shared/Components/DetailViewComponents.swift:365:44: [1;31merror: [1;39mvalue of type 'FinancialTransaction' has no member 'isRecurring'[0;0m
[0;36m363 |[0;0m             self.accountId = transaction.account?.id ?? ""
[0;36m364 |[0;0m             self.isReconciled = transaction.isReconciled
[0;36m365 |[0;0m             self.isRecurring = [4;39mtransaction[0;0m.[4;39misRecurring[0;0m
    [0;36m|[0;0m                                            `- [1;31merror: [1;39mvalue of type 'FinancialTransaction' has no member 'isRecurring'[0;0m
[0;36m366 |[0;0m             self.location = transaction.location
[0;36m367 |[0;0m             self.subcategory = transaction.subcategory

/Users/danielstevens/github-projects/tools-automation/MomentumFinance/Shared/Components/DetailViewComponents.swift:366:41: [1;31merror: [1;39mvalue of type 'FinancialTransaction' has no member 'location'[0;0m
[0;36m364 |[0;0m             self.isReconciled = transaction.isReconciled
[0;36m365 |[0;0m             self.isRecurring = transaction.isRecurring
[0;36m366 |[0;0m             self.location = [4;39mtransaction[0;0m.[4;39mlocation[0;0m
    [0;36m|[0;0m                                         `- [1;31merror: [1;39mvalue of type 'FinancialTransaction' has no member 'location'[0;0m
[0;36m367 |[0;0m             self.subcategory = transaction.subcategory
[0;36m368 |[0;0m         }

/Users/danielstevens/github-projects/tools-automation/MomentumFinance/Shared/Components/DetailViewComponents.swift:367:44: [1;31merror: [1;39mvalue of type 'FinancialTransaction' has no member 'subcategory'[0;0m
[0;36m365 |[0;0m             self.isRecurring = transaction.isRecurring
[0;36m366 |[0;0m             self.location = transaction.location
[0;36m367 |[0;0m             self.subcategory = [4;39mtransaction[0;0m.[4;39msubcategory[0;0m
    [0;36m|[0;0m                                            `- [1;31merror: [1;39mvalue of type 'FinancialTransaction' has no member 'subcategory'[0;0m
[0;36m368 |[0;0m         }
[0;36m369 |[0;0m     }

/Users/danielstevens/github-projects/tools-automation/MomentumFinance/Shared/Components/Settings/AccessibilitySettingsSection.swift:7:9: [1;31merror: [1;39mproperty 'body' must be declared public because it matches a requirement in public protocol 'View'[0;0m
 [0;36m5 |[0;0m     @Binding var reducedMotion: Bool
 [0;36m6 |[0;0m 
 [0;36m7 |[0;0m     var body: some View {
   [0;36m|[0;0m         |- [1;31merror: [1;39mproperty 'body' must be declared public because it matches a requirement in public protocol 'View'[0;0m
   [0;36m|[0;0m         `- [1;39mnote: [1;39mmark the property as 'public' to satisfy the requirement[0;0m
 [0;36m8 |[0;0m         Section(header: Text("Accessibility")) {
 [0;36m9 |[0;0m             Toggle("Haptic Feedback", isOn: self.$hapticFeedbackEnabled)

/Users/danielstevens/github-projects/tools-automation/MomentumFinance/Shared/Components/Settings/AppearanceSettingsSection.swift:6:9: [1;31merror: [1;39mproperty 'body' must be declared public because it matches a requirement in public protocol 'View'[0;0m
 [0;36m4 |[0;0m     var darkModePreference: DarkModePreference
 [0;36m5 |[0;0m 
 [0;36m6 |[0;0m     var body: some View {
   [0;36m|[0;0m         |- [1;31merror: [1;39mproperty 'body' must be declared public because it matches a requirement in public protocol 'View'[0;0m
   [0;36m|[0;0m         `- [1;39mnote: [1;39mmark the property as 'public' to satisfy the requirement[0;0m
 [0;36m7 |[0;0m         Section(header: Text("Appearance")) {
 [0;36m8 |[0;0m             Picker("Theme", selection: .constant(self.darkModePreference)) {

[#MutableGlobalVariable]: <https://docs.swift.org/compiler/documentation/diagnostics/mutable-global-variable>
[140/148] Compiling Shared BudgetComponents.swift
/Users/danielstevens/github-projects/tools-automation/MomentumFinance/Shared/Animations/AnimationManager.swift:267:10: [1;31merror: [1;39mmethod 'body(content:)' must be declared public because it matches a requirement in public protocol 'ViewModifier'[0;0m
[0;36m265 |[0;0m     /// <#Description#>
[0;36m266 |[0;0m     /// - Returns: <#description#>
[0;36m267 |[0;0m     func body(content: Content) -> some View {
    [0;36m|[0;0m          |- [1;31merror: [1;39mmethod 'body(content:)' must be declared public because it matches a requirement in public protocol 'ViewModifier'[0;0m
    [0;36m|[0;0m          `- [1;39mnote: [1;39mmark the instance method as 'public' to satisfy the requirement[0;0m
[0;36m268 |[0;0m         content
[0;36m269 |[0;0m             .rotation3DEffect(

/Users/danielstevens/github-projects/tools-automation/MomentumFinance/Shared/Animations/AnimationManager.swift:287:9: [1;31merror: [1;39mproperty 'body' must be declared public because it matches a requirement in public protocol 'View'[0;0m
[0;36m285 |[0;0m     }
[0;36m286 |[0;0m 
[0;36m287 |[0;0m     var body: some View {
    [0;36m|[0;0m         |- [1;31merror: [1;39mproperty 'body' must be declared public because it matches a requirement in public protocol 'View'[0;0m
    [0;36m|[0;0m         `- [1;39mnote: [1;39mmark the property as 'public' to satisfy the requirement[0;0m
[0;36m288 |[0;0m         Group {
[0;36m289 |[0;0m             switch self.style {

/Users/danielstevens/github-projects/tools-automation/MomentumFinance/Shared/Animations/AnimationManager.swift:345:9: [1;31merror: [1;39mproperty 'body' must be declared public because it matches a requirement in public protocol 'View'[0;0m
[0;36m343 |[0;0m     @State private var animatedProgress: Double = 0
[0;36m344 |[0;0m 
[0;36m345 |[0;0m     var body: some View {
    [0;36m|[0;0m         |- [1;31merror: [1;39mproperty 'body' must be declared public because it matches a requirement in public protocol 'View'[0;0m
    [0;36m|[0;0m         `- [1;39mnote: [1;39mmark the property as 'public' to satisfy the requirement[0;0m
[0;36m346 |[0;0m         GeometryReader { geometry in
[0;36m347 |[0;0m             ZStack(alignment: .leading) {

/Users/danielstevens/github-projects/tools-automation/MomentumFinance/Shared/Animations/AnimationManager.swift:376:13: [1;31merror: [1;39mvar 'objectPool' is not concurrency-safe because it is nonisolated global shared mutable state[0;0m [#]8;;https://docs.swift.org/compiler/documentation/diagnostics/mutable-global-variable\MutableGlobalVariable]8;;\]
[0;36m374 |[0;0m 
[0;36m375 |[0;0m /// Object pool for performance optimization
[0;36m376 |[0;0m private var objectPool: [Any] = []
    [0;36m|[0;0m             |- [1;31merror: [1;39mvar 'objectPool' is not concurrency-safe because it is nonisolated global shared mutable state[0;0m [#]8;;https://docs.swift.org/compiler/documentation/diagnostics/mutable-global-variable\MutableGlobalVariable]8;;\]
    [0;36m|[0;0m             |- [1;39mnote: [1;39mconvert 'objectPool' to a 'let' constant to make 'Sendable' shared state immutable[0;0m
    [0;36m|[0;0m             |- [1;39mnote: [1;39madd '@MainActor' to make var 'objectPool' part of global actor 'MainActor'[0;0m
    [0;36m|[0;0m             `- [1;39mnote: [1;39mdisable concurrency-safety checks if accesses are protected by an external synchronization mechanism[0;0m
[0;36m377 |[0;0m private let maxPoolSize = 50
[0;36m378 |[0;0m 

/Users/danielstevens/github-projects/tools-automation/MomentumFinance/Shared/Components/AccountDetailComponents.swift:547:36: [1;31merror: [1;39m'AccountType' is not a member type of class 'MomentumFinanceCore.FinancialAccount'[0;0m
[0;36m545 |[0;0m     struct AccountEditModel {
[0;36m546 |[0;0m         var name: String
[0;36m547 |[0;0m         var type: [4;39mFinancialAccount[0;0m.AccountType
    [0;36m|[0;0m                                    `- [1;31merror: [1;39m'AccountType' is not a member type of class 'MomentumFinanceCore.FinancialAccount'[0;0m
[0;36m548 |[0;0m         var balance: Double
[0;36m549 |[0;0m         var currencyCode: String

/Users/danielstevens/github-projects/tools-automation/MomentumFinance/Sources/MomentumFinanceCore/Models.swift:93:20: [1;39mnote: [1;39m'FinancialAccount' declared here[0;0m
 [0;36m91 |[0;0m 
 [0;36m92 |[0;0m @Model
 [0;36m93 |[0;0m public final class FinancialAccount: Hashable, Encodable {
    [0;36m|[0;0m                    `- [1;39mnote: [1;39m'FinancialAccount' declared here[0;0m
 [0;36m94 |[0;0m     enum CodingKeys: String, CodingKey {
 [0;36m95 |[0;0m         case name, balance, iconName, createdDate, accountType, currencyCode, creditLimit

/Users/danielstevens/github-projects/tools-automation/MomentumFinance/Shared/Components/AccountDetailComponents.swift:31:13: [1;31merror: [1;39mswitch must be exhaustive[0;0m
 [0;36m29 |[0;0m 
 [0;36m30 |[0;0m         private var text: String {
 [0;36m31 |[0;0m             switch self.type {
    [0;36m|[0;0m             |- [1;31merror: [1;39mswitch must be exhaustive[0;0m
    [0;36m|[0;0m             `- [1;39mnote: [1;39madd missing case: '.cash'[0;0m
 [0;36m32 |[0;0m             case .checking: "Checking"
 [0;36m33 |[0;0m             case .savings: "Savings"

/Users/danielstevens/github-projects/tools-automation/MomentumFinance/Shared/Components/AccountDetailComponents.swift:40:13: [1;31merror: [1;39mswitch must be exhaustive[0;0m
 [0;36m38 |[0;0m 
 [0;36m39 |[0;0m         private var color: Color {
 [0;36m40 |[0;0m             switch self.type {
    [0;36m|[0;0m             |- [1;31merror: [1;39mswitch must be exhaustive[0;0m
    [0;36m|[0;0m             `- [1;39mnote: [1;39madd missing case: '.cash'[0;0m
 [0;36m41 |[0;0m             case .checking: .green
 [0;36m42 |[0;0m             case .savings: .blue

/Users/danielstevens/github-projects/tools-automation/MomentumFinance/Shared/Components/AccountDetailComponents.swift:354:51: [1;31merror: [1;39mvalue of type 'FinancialAccount' has no member 'interestRate'[0;0m
[0;36m352 |[0;0m                         DetailField(
[0;36m353 |[0;0m                             label: "Interest Rate",
[0;36m354 |[0;0m                             value: (([4;39mself.account[0;0m.[4;39minterestRate[0;0m ?? 0) * 100)
    [0;36m|[0;0m                                                   `- [1;31merror: [1;39mvalue of type 'FinancialAccount' has no member 'interestRate'[0;0m
[0;36m355 |[0;0m                                 .formatted(.number.precision(.fractionLength(2))) + "%"
[0;36m356 |[0;0m                         )

/Users/danielstevens/github-projects/tools-automation/MomentumFinance/Shared/Components/AccountDetailComponents.swift:522:28: [1;31merror: [1;39mcannot convert value of type 'String' to expected argument type 'PrimitiveButtonStyleConfiguration'[0;0m
[0;36m520 |[0;0m 
[0;36m521 |[0;0m                 HStack {
[0;36m522 |[0;0m                     Button("Cancel").accessibilityLabel("Button").accessibilityLabel("Button") {
    [0;36m|[0;0m                            `- [1;31merror: [1;39mcannot convert value of type 'String' to expected argument type 'PrimitiveButtonStyleConfiguration'[0;0m
[0;36m523 |[0;0m                         self.dismiss()
[0;36m524 |[0;0m                     }

/Users/danielstevens/github-projects/tools-automation/MomentumFinance/Shared/Components/AccountDetailComponents.swift:522:96: [1;31merror: [1;39mtype '_' cannot be used as a boolean; test for '!= 0' instead[0;0m
[0;36m520 |[0;0m 
[0;36m521 |[0;0m                 HStack {
[0;36m522 |[0;0m                     Button("Cancel").accessibilityLabel("Button").accessibilityLabel("Button") {
    [0;36m|[0;0m                                                                                                `- [1;31merror: [1;39mtype '_' cannot be used as a boolean; test for '!= 0' instead[0;0m
[0;36m523 |[0;0m                         self.dismiss()
[0;36m524 |[0;0m                     }

/Users/danielstevens/github-projects/tools-automation/MomentumFinance/Shared/Components/AccountDetailComponents.swift:561:33: [1;31merror: [1;39mvalue of type 'FinancialAccount' has no member 'type'[0;0m
[0;36m559 |[0;0m         init(from account: FinancialAccount) {
[0;36m560 |[0;0m             self.name = account.name
[0;36m561 |[0;0m             self.type = [4;39maccount[0;0m.[4;39mtype[0;0m
    [0;36m|[0;0m                                 `- [1;31merror: [1;39mvalue of type 'FinancialAccount' has no member 'type'[0;0m
[0;36m562 |[0;0m             self.balance = account.balance
[0;36m563 |[0;0m             self.currencyCode = account.currencyCode

/Users/danielstevens/github-projects/tools-automation/MomentumFinance/Shared/Components/AccountDetailComponents.swift:564:40: [1;31merror: [1;39mvalue of type 'FinancialAccount' has no member 'institution'[0;0m
[0;36m562 |[0;0m             self.balance = account.balance
[0;36m563 |[0;0m             self.currencyCode = account.currencyCode
[0;36m564 |[0;0m             self.institution = [4;39maccount[0;0m.[4;39minstitution[0;0m
    [0;36m|[0;0m                                        `- [1;31merror: [1;39mvalue of type 'FinancialAccount' has no member 'institution'[0;0m
[0;36m565 |[0;0m             self.accountNumber = account.accountNumber
[0;36m566 |[0;0m             self.interestRate = account.interestRate

/Users/danielstevens/github-projects/tools-automation/MomentumFinance/Shared/Components/AccountDetailComponents.swift:565:42: [1;31merror: [1;39mvalue of type 'FinancialAccount' has no member 'accountNumber'[0;0m
[0;36m563 |[0;0m             self.currencyCode = account.currencyCode
[0;36m564 |[0;0m             self.institution = account.institution
[0;36m565 |[0;0m             self.accountNumber = [4;39maccount[0;0m.[4;39maccountNumber[0;0m
    [0;36m|[0;0m                                          `- [1;31merror: [1;39mvalue of type 'FinancialAccount' has no member 'accountNumber'[0;0m
[0;36m566 |[0;0m             self.interestRate = account.interestRate
[0;36m567 |[0;0m             self.creditLimit = account.creditLimit

/Users/danielstevens/github-projects/tools-automation/MomentumFinance/Shared/Components/AccountDetailComponents.swift:566:41: [1;31merror: [1;39mvalue of type 'FinancialAccount' has no member 'interestRate'[0;0m
[0;36m564 |[0;0m             self.institution = account.institution
[0;36m565 |[0;0m             self.accountNumber = account.accountNumber
[0;36m566 |[0;0m             self.interestRate = [4;39maccount[0;0m.[4;39minterestRate[0;0m
    [0;36m|[0;0m                                         `- [1;31merror: [1;39mvalue of type 'FinancialAccount' has no member 'interestRate'[0;0m
[0;36m567 |[0;0m             self.creditLimit = account.creditLimit
[0;36m568 |[0;0m             self.dueDate = account.dueDate

/Users/danielstevens/github-projects/tools-automation/MomentumFinance/Shared/Components/AccountDetailComponents.swift:568:36: [1;31merror: [1;39mvalue of type 'FinancialAccount' has no member 'dueDate'[0;0m
[0;36m566 |[0;0m             self.interestRate = account.interestRate
[0;36m567 |[0;0m             self.creditLimit = account.creditLimit
[0;36m568 |[0;0m             self.dueDate = [4;39maccount[0;0m.[4;39mdueDate[0;0m
    [0;36m|[0;0m                                    `- [1;31merror: [1;39mvalue of type 'FinancialAccount' has no member 'dueDate'[0;0m
[0;36m569 |[0;0m             self.includeInTotal = account.includeInTotal
[0;36m570 |[0;0m             self.isActive = account.isActive

/Users/danielstevens/github-projects/tools-automation/MomentumFinance/Shared/Components/AccountDetailComponents.swift:569:43: [1;31merror: [1;39mvalue of type 'FinancialAccount' has no member 'includeInTotal'[0;0m
[0;36m567 |[0;0m             self.creditLimit = account.creditLimit
[0;36m568 |[0;0m             self.dueDate = account.dueDate
[0;36m569 |[0;0m             self.includeInTotal = [4;39maccount[0;0m.[4;39mincludeInTotal[0;0m
    [0;36m|[0;0m                                           `- [1;31merror: [1;39mvalue of type 'FinancialAccount' has no member 'includeInTotal'[0;0m
[0;36m570 |[0;0m             self.isActive = account.isActive
[0;36m571 |[0;0m             self.notes = account.notes

/Users/danielstevens/github-projects/tools-automation/MomentumFinance/Shared/Components/AccountDetailComponents.swift:570:37: [1;31merror: [1;39mvalue of type 'FinancialAccount' has no member 'isActive'[0;0m
[0;36m568 |[0;0m             self.dueDate = account.dueDate
[0;36m569 |[0;0m             self.includeInTotal = account.includeInTotal
[0;36m570 |[0;0m             self.isActive = [4;39maccount[0;0m.[4;39misActive[0;0m
    [0;36m|[0;0m                                     `- [1;31merror: [1;39mvalue of type 'FinancialAccount' has no member 'isActive'[0;0m
[0;36m571 |[0;0m             self.notes = account.notes
[0;36m572 |[0;0m         }

/Users/danielstevens/github-projects/tools-automation/MomentumFinance/Shared/Components/AccountDetailComponents.swift:571:34: [1;31merror: [1;39mvalue of type 'FinancialAccount' has no member 'notes'[0;0m
[0;36m569 |[0;0m             self.includeInTotal = account.includeInTotal
[0;36m570 |[0;0m             self.isActive = account.isActive
[0;36m571 |[0;0m             self.notes = [4;39maccount[0;0m.[4;39mnotes[0;0m
    [0;36m|[0;0m                                  `- [1;31merror: [1;39mvalue of type 'FinancialAccount' has no member 'notes'[0;0m
[0;36m572 |[0;0m         }
[0;36m573 |[0;0m     }

/Users/danielstevens/github-projects/tools-automation/MomentumFinance/Shared/Components/BudgetComponents.swift:53:28: [1;31merror: [1;39mreference to member 'systemBackground' cannot be resolved without a contextual type[0;0m
[0;36m51 |[0;0m         }
[0;36m52 |[0;0m         .padding()
[0;36m53 |[0;0m         .background(Color(.systemBackground))
   [0;36m|[0;0m                            `- [1;31merror: [1;39mreference to member 'systemBackground' cannot be resolved without a contextual type[0;0m
[0;36m54 |[0;0m         .cornerRadius(10)
[0;36m55 |[0;0m         .shadow(radius: 2)

/Users/danielstevens/github-projects/tools-automation/MomentumFinance/Shared/Components/Dashboard/DashboardUIComponents.swift:42:15: [1;31merror: [1;39minvalid redeclaration of 'DashboardAccountsSummary'[0;0m
 [0;36m40 |[0;0m // MARK: - Dashboard Accounts Summary
 [0;36m41 |[0;0m 
 [0;36m42 |[0;0m public struct DashboardAccountsSummary: View {
    [0;36m|[0;0m               `- [1;31merror: [1;39minvalid redeclaration of 'DashboardAccountsSummary'[0;0m
 [0;36m43 |[0;0m     public let accounts: [FinancialAccount]
 [0;36m44 |[0;0m     public let onAccountTap: (UUID) -> Void

/Users/danielstevens/github-projects/tools-automation/MomentumFinance/Shared/Components/Dashboard/DashboardUIComponents.swift:203:14: [1;31merror: [1;39minvalid redeclaration of 'formatCurrency'[0;0m
[0;36m201 |[0;0m // MARK: - Helper Functions
[0;36m202 |[0;0m 
[0;36m203 |[0;0m private func formatCurrency(_ amount: Double) -> String {
    [0;36m|[0;0m              `- [1;31merror: [1;39minvalid redeclaration of 'formatCurrency'[0;0m
[0;36m204 |[0;0m     let formatter = NumberFormatter()
[0;36m205 |[0;0m     formatter.numberStyle = .currency

/Users/danielstevens/github-projects/tools-automation/MomentumFinance/Shared/Components/Dashboard/DashboardUIComponents.swift:57:59: [1;31merror: [1;39mcannot convert value of type 'PersistentIdentifier' to expected argument type 'UUID'[0;0m
 [0;36m55 |[0;0m                         AccountSummaryCard(account: account)
 [0;36m56 |[0;0m                             .onTapGesture {
 [0;36m57 |[0;0m                                 self.onAccountTap(account.id)
    [0;36m|[0;0m                                                           `- [1;31merror: [1;39mcannot convert value of type 'PersistentIdentifier' to expected argument type 'UUID'[0;0m
 [0;36m58 |[0;0m                             }
 [0;36m59 |[0;0m                     }

/Users/danielstevens/github-projects/tools-automation/MomentumFinance/Shared/Components/Dashboard/DashboardUIComponents.swift:97:27: [1;31merror: [1;39mcannot find 'UIColor' in scope[0;0m
 [0;36m95 |[0;0m         }
 [0;36m96 |[0;0m         .padding()
 [0;36m97 |[0;0m         .background(Color([4;39mUIColor[0;0m.systemGray6))
    [0;36m|[0;0m                           `- [1;31merror: [1;39mcannot find 'UIColor' in scope[0;0m
 [0;36m98 |[0;0m         .cornerRadius(12)
 [0;36m99 |[0;0m         .frame(width: 160)

/Users/danielstevens/github-projects/tools-automation/MomentumFinance/Shared/Components/Dashboard/DashboardUIComponents.swift:92:31: [1;31merror: [1;39mvalue of type 'FinancialAccount' has no member 'type'[0;0m
 [0;36m90 |[0;0m                 .foregroundColor(self.account.balance >= 0 ? .green : .red)
 [0;36m91 |[0;0m 
 [0;36m92 |[0;0m             Text([4;39mself.account[0;0m.[4;39mtype[0;0m.rawValue.capitalized)
    [0;36m|[0;0m                               `- [1;31merror: [1;39mvalue of type 'FinancialAccount' has no member 'type'[0;0m
 [0;36m93 |[0;0m                 .font(.caption)
 [0;36m94 |[0;0m                 .foregroundColor(.secondary)

/Users/danielstevens/github-projects/tools-automation/MomentumFinance/Shared/Components/Dashboard/DashboardUIComponents.swift:103:29: [1;31merror: [1;39mvalue of type 'FinancialAccount' has no member 'type'[0;0m
[0;36m101 |[0;0m 
[0;36m102 |[0;0m     private var iconName: String {
[0;36m103 |[0;0m         switch [4;39mself.account[0;0m.[4;39mtype[0;0m {
    [0;36m|[0;0m                             `- [1;31merror: [1;39mvalue of type 'FinancialAccount' has no member 'type'[0;0m
[0;36m104 |[0;0m         case .checking:
[0;36m105 |[0;0m             "creditcard"

/Users/danielstevens/github-projects/tools-automation/MomentumFinance/Shared/Components/Dashboard/DashboardUIComponents.swift:189:27: [1;31merror: [1;39mcannot find 'UIColor' in scope[0;0m
[0;36m187 |[0;0m         }
[0;36m188 |[0;0m         .padding()
[0;36m189 |[0;0m         .background(Color([4;39mUIColor[0;0m.systemGray6))
    [0;36m|[0;0m                           `- [1;31merror: [1;39mcannot find 'UIColor' in scope[0;0m
[0;36m190 |[0;0m         .cornerRadius(12)
[0;36m191 |[0;0m     }

/Users/danielstevens/github-projects/tools-automation/MomentumFinance/Shared/Components/DetailViewComponents.swift:39:63: [1;31merror: [1;39mvalue of type 'ExpenseCategory' has no member 'colorHex'[0;0m
 [0;36m37 |[0;0m             HStack(spacing: 4) {
 [0;36m38 |[0;0m                 Circle()
 [0;36m39 |[0;0m                     .fill(self.getCategoryColor([4;39mself.category[0;0m.[4;39mcolorHex[0;0m))
    [0;36m|[0;0m                                                               `- [1;31merror: [1;39mvalue of type 'ExpenseCategory' has no member 'colorHex'[0;0m
 [0;36m40 |[0;0m                     .frame(width: 10, height: 10)
 [0;36m41 |[0;0m 

/Users/danielstevens/github-projects/tools-automation/MomentumFinance/Shared/Components/DetailViewComponents.swift:47:61: [1;31merror: [1;39mvalue of type 'ExpenseCategory' has no member 'colorHex'[0;0m
 [0;36m45 |[0;0m             .padding(.horizontal, 8)
 [0;36m46 |[0;0m             .padding(.vertical, 2)
 [0;36m47 |[0;0m             .background(self.getCategoryColor([4;39mself.category[0;0m.[4;39mcolorHex[0;0m).opacity(0.1))
    [0;36m|[0;0m                                                             `- [1;31merror: [1;39mvalue of type 'ExpenseCategory' has no member 'colorHex'[0;0m
 [0;36m48 |[0;0m             .cornerRadius(4)
 [0;36m49 |[0;0m         }

/Users/danielstevens/github-projects/tools-automation/MomentumFinance/Shared/Components/DetailViewComponents.swift:52:23: [1;33mwarning: [1;39mvalue 'hex' was defined but never used; consider replacing with boolean test[0;0m [#no-usage]
 [0;36m50 |[0;0m 
 [0;36m51 |[0;0m         private func getCategoryColor(_ hex: String?) -> Color {
 [0;36m52 |[0;0m             guard let hex else { return .gray }
    [0;36m|[0;0m                       `- [1;33mwarning: [1;39mvalue 'hex' was defined but never used; consider replacing with boolean test[0;0m [#no-usage]
 [0;36m53 |[0;0m             // This would parse the hex color string
 [0;36m54 |[0;0m             return .blue

/Users/danielstevens/github-projects/tools-automation/MomentumFinance/Shared/Components/DetailViewComponents.swift:81:28: [1;31merror: [1;39mmissing argument for parameter #1 in call[0;0m
 [0;36m79 |[0;0m 
 [0;36m80 |[0;0m                 if self.showDeleteButton {
 [0;36m81 |[0;0m                     Button(action: {}).accessibilityLabel("Button").accessibilityLabel("Button") {
    [0;36m|[0;0m                            `- [1;31merror: [1;39mmissing argument for parameter #1 in call[0;0m
 [0;36m82 |[0;0m                         Image(systemName: "xmark.circle.fill")
 [0;36m83 |[0;0m                             .foregroundStyle(.red)

SwiftUI.Button.init:2:36: [1;39mnote: [1;39m'init(_:action:)' declared here[0;0m
[0;36m1 |[0;0m generic struct Button {
[0;36m2 |[0;0m @preconcurrency nonisolated public init(_ titleKey: LocalizedStringKey, action: @escaping @MainActor () -> Void)}
  [0;36m|[0;0m                                    `- [1;39mnote: [1;39m'init(_:action:)' declared here[0;0m
[0;36m3 |[0;0m 

/Users/danielstevens/github-projects/tools-automation/MomentumFinance/Shared/Components/DetailViewComponents.swift:81:98: [1;31merror: [1;39mtype '_' cannot be used as a boolean; test for '!= 0' instead[0;0m
 [0;36m79 |[0;0m 
 [0;36m80 |[0;0m                 if self.showDeleteButton {
 [0;36m81 |[0;0m                     Button(action: {}).accessibilityLabel("Button").accessibilityLabel("Button") {
    [0;36m|[0;0m                                                                                                  `- [1;31merror: [1;39mtype '_' cannot be used as a boolean; test for '!= 0' instead[0;0m
 [0;36m82 |[0;0m                         Image(systemName: "xmark.circle.fill")
 [0;36m83 |[0;0m                             .foregroundStyle(.red)

/Users/danielstevens/github-projects/tools-automation/MomentumFinance/Shared/Components/DetailViewComponents.swift:287:28: [1;31merror: [1;39mcannot convert value of type 'String' to expected argument type 'PrimitiveButtonStyleConfiguration'[0;0m
[0;36m285 |[0;0m 
[0;36m286 |[0;0m                 HStack {
[0;36m287 |[0;0m                     Button("Cancel").accessibilityLabel("Button").accessibilityLabel("Button") {
    [0;36m|[0;0m                            `- [1;31merror: [1;39mcannot convert value of type 'String' to expected argument type 'PrimitiveButtonStyleConfiguration'[0;0m
[0;36m288 |[0;0m                         self.dismiss()
[0;36m289 |[0;0m                     }

/Users/danielstevens/github-projects/tools-automation/MomentumFinance/Shared/Components/DetailViewComponents.swift:287:96: [1;31merror: [1;39mtype '_' cannot be used as a boolean; test for '!= 0' instead[0;0m
[0;36m285 |[0;0m 
[0;36m286 |[0;0m                 HStack {
[0;36m287 |[0;0m                     Button("Cancel").accessibilityLabel("Button").accessibilityLabel("Button") {
    [0;36m|[0;0m                                                                                                `- [1;31merror: [1;39mtype '_' cannot be used as a boolean; test for '!= 0' instead[0;0m
[0;36m288 |[0;0m                         self.dismiss()
[0;36m289 |[0;0m                     }

/Users/danielstevens/github-projects/tools-automation/MomentumFinance/Shared/Components/DetailViewComponents.swift:322:67: [1;31merror: [1;39mvalue of type 'FinancialTransaction' has no member 'name'[0;0m
[0;36m320 |[0;0m         var body: some View {
[0;36m321 |[0;0m             VStack {
[0;36m322 |[0;0m                 Text("Transactions Similar to '\([4;39mself.transaction[0;0m.[4;39mname[0;0m)'")
    [0;36m|[0;0m                                                                   `- [1;31merror: [1;39mvalue of type 'FinancialTransaction' has no member 'name'[0;0m
[0;36m323 |[0;0m                     .font(.headline)
[0;36m324 |[0;0m                     .padding()

/Users/danielstevens/github-projects/tools-automation/MomentumFinance/Shared/Components/DetailViewComponents.swift:358:37: [1;31merror: [1;39mvalue of type 'FinancialTransaction' has no member 'name'[0;0m
[0;36m356 |[0;0m 
[0;36m357 |[0;0m         init(from transaction: FinancialTransaction) {
[0;36m358 |[0;0m             self.name = [4;39mtransaction[0;0m.[4;39mname[0;0m
    [0;36m|[0;0m                                     `- [1;31merror: [1;39mvalue of type 'FinancialTransaction' has no member 'name'[0;0m
[0;36m359 |[0;0m             self.amount = transaction.amount
[0;36m360 |[0;0m             self.date = transaction.date

/Users/danielstevens/github-projects/tools-automation/MomentumFinance/Shared/Components/DetailViewComponents.swift:361:38: [1;31merror: [1;39mvalue of optional type 'String?' must be unwrapped to a value of type 'String'[0;0m
[0;36m359 |[0;0m             self.amount = transaction.amount
[0;36m360 |[0;0m             self.date = transaction.date
[0;36m361 |[0;0m             self.notes = transaction.notes
    [0;36m|[0;0m                                      |- [1;31merror: [1;39mvalue of optional type 'String?' must be unwrapped to a value of type 'String'[0;0m
    [0;36m|[0;0m                                      |- [1;39mnote: [1;39mcoalesce using '??' to provide a default when the optional value contains 'nil'[0;0m
    [0;36m|[0;0m                                      `- [1;39mnote: [1;39mforce-unwrap using '!' to abort execution if the optional value contains 'nil'[0;0m
[0;36m362 |[0;0m             self.categoryId = transaction.category?.id ?? ""
[0;36m363 |[0;0m             self.accountId = transaction.account?.id ?? ""

/Users/danielstevens/github-projects/tools-automation/MomentumFinance/Shared/Components/DetailViewComponents.swift:362:53: [1;31merror: [1;39mcannot convert value of type 'UUID?' to expected argument type 'String?'[0;0m
[0;36m360 |[0;0m             self.date = transaction.date
[0;36m361 |[0;0m             self.notes = transaction.notes
[0;36m362 |[0;0m             self.categoryId = transaction.category?.id ?? ""
    [0;36m|[0;0m                                                     `- [1;31merror: [1;39mcannot convert value of type 'UUID?' to expected argument type 'String?'[0;0m
[0;36m363 |[0;0m             self.accountId = transaction.account?.id ?? ""
[0;36m364 |[0;0m             self.isReconciled = transaction.isReconciled

/Users/danielstevens/github-projects/tools-automation/MomentumFinance/Shared/Components/DetailViewComponents.swift:363:51: [1;31merror: [1;39mcannot convert value of type 'PersistentIdentifier?' to expected argument type 'String?'[0;0m
[0;36m361 |[0;0m             self.notes = transaction.notes
[0;36m362 |[0;0m             self.categoryId = transaction.category?.id ?? ""
[0;36m363 |[0;0m             self.accountId = transaction.account?.id ?? ""
    [0;36m|[0;0m                                                   `- [1;31merror: [1;39mcannot convert value of type 'PersistentIdentifier?' to expected argument type 'String?'[0;0m
[0;36m364 |[0;0m             self.isReconciled = transaction.isReconciled
[0;36m365 |[0;0m             self.isRecurring = transaction.isRecurring

/Users/danielstevens/github-projects/tools-automation/MomentumFinance/Shared/Components/DetailViewComponents.swift:364:45: [1;31merror: [1;39mvalue of type 'FinancialTransaction' has no member 'isReconciled'[0;0m
[0;36m362 |[0;0m             self.categoryId = transaction.category?.id ?? ""
[0;36m363 |[0;0m             self.accountId = transaction.account?.id ?? ""
[0;36m364 |[0;0m             self.isReconciled = [4;39mtransaction[0;0m.[4;39misReconciled[0;0m
    [0;36m|[0;0m                                             `- [1;31merror: [1;39mvalue of type 'FinancialTransaction' has no member 'isReconciled'[0;0m
[0;36m365 |[0;0m             self.isRecurring = transaction.isRecurring
[0;36m366 |[0;0m             self.location = transaction.location

/Users/danielstevens/github-projects/tools-automation/MomentumFinance/Shared/Components/DetailViewComponents.swift:365:44: [1;31merror: [1;39mvalue of type 'FinancialTransaction' has no member 'isRecurring'[0;0m
[0;36m363 |[0;0m             self.accountId = transaction.account?.id ?? ""
[0;36m364 |[0;0m             self.isReconciled = transaction.isReconciled
[0;36m365 |[0;0m             self.isRecurring = [4;39mtransaction[0;0m.[4;39misRecurring[0;0m
    [0;36m|[0;0m                                            `- [1;31merror: [1;39mvalue of type 'FinancialTransaction' has no member 'isRecurring'[0;0m
[0;36m366 |[0;0m             self.location = transaction.location
[0;36m367 |[0;0m             self.subcategory = transaction.subcategory

/Users/danielstevens/github-projects/tools-automation/MomentumFinance/Shared/Components/DetailViewComponents.swift:366:41: [1;31merror: [1;39mvalue of type 'FinancialTransaction' has no member 'location'[0;0m
[0;36m364 |[0;0m             self.isReconciled = transaction.isReconciled
[0;36m365 |[0;0m             self.isRecurring = transaction.isRecurring
[0;36m366 |[0;0m             self.location = [4;39mtransaction[0;0m.[4;39mlocation[0;0m
    [0;36m|[0;0m                                         `- [1;31merror: [1;39mvalue of type 'FinancialTransaction' has no member 'location'[0;0m
[0;36m367 |[0;0m             self.subcategory = transaction.subcategory
[0;36m368 |[0;0m         }

/Users/danielstevens/github-projects/tools-automation/MomentumFinance/Shared/Components/DetailViewComponents.swift:367:44: [1;31merror: [1;39mvalue of type 'FinancialTransaction' has no member 'subcategory'[0;0m
[0;36m365 |[0;0m             self.isRecurring = transaction.isRecurring
[0;36m366 |[0;0m             self.location = transaction.location
[0;36m367 |[0;0m             self.subcategory = [4;39mtransaction[0;0m.[4;39msubcategory[0;0m
    [0;36m|[0;0m                                            `- [1;31merror: [1;39mvalue of type 'FinancialTransaction' has no member 'subcategory'[0;0m
[0;36m368 |[0;0m         }
[0;36m369 |[0;0m     }

/Users/danielstevens/github-projects/tools-automation/MomentumFinance/Shared/Components/Settings/AccessibilitySettingsSection.swift:7:9: [1;31merror: [1;39mproperty 'body' must be declared public because it matches a requirement in public protocol 'View'[0;0m
 [0;36m5 |[0;0m     @Binding var reducedMotion: Bool
 [0;36m6 |[0;0m 
 [0;36m7 |[0;0m     var body: some View {
   [0;36m|[0;0m         |- [1;31merror: [1;39mproperty 'body' must be declared public because it matches a requirement in public protocol 'View'[0;0m
   [0;36m|[0;0m         `- [1;39mnote: [1;39mmark the property as 'public' to satisfy the requirement[0;0m
 [0;36m8 |[0;0m         Section(header: Text("Accessibility")) {
 [0;36m9 |[0;0m             Toggle("Haptic Feedback", isOn: self.$hapticFeedbackEnabled)

/Users/danielstevens/github-projects/tools-automation/MomentumFinance/Shared/Components/Settings/AppearanceSettingsSection.swift:6:9: [1;31merror: [1;39mproperty 'body' must be declared public because it matches a requirement in public protocol 'View'[0;0m
 [0;36m4 |[0;0m     var darkModePreference: DarkModePreference
 [0;36m5 |[0;0m 
 [0;36m6 |[0;0m     var body: some View {
   [0;36m|[0;0m         |- [1;31merror: [1;39mproperty 'body' must be declared public because it matches a requirement in public protocol 'View'[0;0m
   [0;36m|[0;0m         `- [1;39mnote: [1;39mmark the property as 'public' to satisfy the requirement[0;0m
 [0;36m7 |[0;0m         Section(header: Text("Appearance")) {
 [0;36m8 |[0;0m             Picker("Theme", selection: .constant(self.darkModePreference)) {

[#MutableGlobalVariable]: <https://docs.swift.org/compiler/documentation/diagnostics/mutable-global-variable>
[141/148] Compiling Shared DashboardUIComponents.swift
/Users/danielstevens/github-projects/tools-automation/MomentumFinance/Shared/Animations/AnimationManager.swift:267:10: [1;31merror: [1;39mmethod 'body(content:)' must be declared public because it matches a requirement in public protocol 'ViewModifier'[0;0m
[0;36m265 |[0;0m     /// <#Description#>
[0;36m266 |[0;0m     /// - Returns: <#description#>
[0;36m267 |[0;0m     func body(content: Content) -> some View {
    [0;36m|[0;0m          |- [1;31merror: [1;39mmethod 'body(content:)' must be declared public because it matches a requirement in public protocol 'ViewModifier'[0;0m
    [0;36m|[0;0m          `- [1;39mnote: [1;39mmark the instance method as 'public' to satisfy the requirement[0;0m
[0;36m268 |[0;0m         content
[0;36m269 |[0;0m             .rotation3DEffect(

/Users/danielstevens/github-projects/tools-automation/MomentumFinance/Shared/Animations/AnimationManager.swift:287:9: [1;31merror: [1;39mproperty 'body' must be declared public because it matches a requirement in public protocol 'View'[0;0m
[0;36m285 |[0;0m     }
[0;36m286 |[0;0m 
[0;36m287 |[0;0m     var body: some View {
    [0;36m|[0;0m         |- [1;31merror: [1;39mproperty 'body' must be declared public because it matches a requirement in public protocol 'View'[0;0m
    [0;36m|[0;0m         `- [1;39mnote: [1;39mmark the property as 'public' to satisfy the requirement[0;0m
[0;36m288 |[0;0m         Group {
[0;36m289 |[0;0m             switch self.style {

/Users/danielstevens/github-projects/tools-automation/MomentumFinance/Shared/Animations/AnimationManager.swift:345:9: [1;31merror: [1;39mproperty 'body' must be declared public because it matches a requirement in public protocol 'View'[0;0m
[0;36m343 |[0;0m     @State private var animatedProgress: Double = 0
[0;36m344 |[0;0m 
[0;36m345 |[0;0m     var body: some View {
    [0;36m|[0;0m         |- [1;31merror: [1;39mproperty 'body' must be declared public because it matches a requirement in public protocol 'View'[0;0m
    [0;36m|[0;0m         `- [1;39mnote: [1;39mmark the property as 'public' to satisfy the requirement[0;0m
[0;36m346 |[0;0m         GeometryReader { geometry in
[0;36m347 |[0;0m             ZStack(alignment: .leading) {

/Users/danielstevens/github-projects/tools-automation/MomentumFinance/Shared/Animations/AnimationManager.swift:376:13: [1;31merror: [1;39mvar 'objectPool' is not concurrency-safe because it is nonisolated global shared mutable state[0;0m [#]8;;https://docs.swift.org/compiler/documentation/diagnostics/mutable-global-variable\MutableGlobalVariable]8;;\]
[0;36m374 |[0;0m 
[0;36m375 |[0;0m /// Object pool for performance optimization
[0;36m376 |[0;0m private var objectPool: [Any] = []
    [0;36m|[0;0m             |- [1;31merror: [1;39mvar 'objectPool' is not concurrency-safe because it is nonisolated global shared mutable state[0;0m [#]8;;https://docs.swift.org/compiler/documentation/diagnostics/mutable-global-variable\MutableGlobalVariable]8;;\]
    [0;36m|[0;0m             |- [1;39mnote: [1;39mconvert 'objectPool' to a 'let' constant to make 'Sendable' shared state immutable[0;0m
    [0;36m|[0;0m             |- [1;39mnote: [1;39madd '@MainActor' to make var 'objectPool' part of global actor 'MainActor'[0;0m
    [0;36m|[0;0m             `- [1;39mnote: [1;39mdisable concurrency-safety checks if accesses are protected by an external synchronization mechanism[0;0m
[0;36m377 |[0;0m private let maxPoolSize = 50
[0;36m378 |[0;0m 

/Users/danielstevens/github-projects/tools-automation/MomentumFinance/Shared/Components/AccountDetailComponents.swift:547:36: [1;31merror: [1;39m'AccountType' is not a member type of class 'MomentumFinanceCore.FinancialAccount'[0;0m
[0;36m545 |[0;0m     struct AccountEditModel {
[0;36m546 |[0;0m         var name: String
[0;36m547 |[0;0m         var type: [4;39mFinancialAccount[0;0m.AccountType
    [0;36m|[0;0m                                    `- [1;31merror: [1;39m'AccountType' is not a member type of class 'MomentumFinanceCore.FinancialAccount'[0;0m
[0;36m548 |[0;0m         var balance: Double
[0;36m549 |[0;0m         var currencyCode: String

/Users/danielstevens/github-projects/tools-automation/MomentumFinance/Sources/MomentumFinanceCore/Models.swift:93:20: [1;39mnote: [1;39m'FinancialAccount' declared here[0;0m
 [0;36m91 |[0;0m 
 [0;36m92 |[0;0m @Model
 [0;36m93 |[0;0m public final class FinancialAccount: Hashable, Encodable {
    [0;36m|[0;0m                    `- [1;39mnote: [1;39m'FinancialAccount' declared here[0;0m
 [0;36m94 |[0;0m     enum CodingKeys: String, CodingKey {
 [0;36m95 |[0;0m         case name, balance, iconName, createdDate, accountType, currencyCode, creditLimit

/Users/danielstevens/github-projects/tools-automation/MomentumFinance/Shared/Components/AccountDetailComponents.swift:31:13: [1;31merror: [1;39mswitch must be exhaustive[0;0m
 [0;36m29 |[0;0m 
 [0;36m30 |[0;0m         private var text: String {
 [0;36m31 |[0;0m             switch self.type {
    [0;36m|[0;0m             |- [1;31merror: [1;39mswitch must be exhaustive[0;0m
    [0;36m|[0;0m             `- [1;39mnote: [1;39madd missing case: '.cash'[0;0m
 [0;36m32 |[0;0m             case .checking: "Checking"
 [0;36m33 |[0;0m             case .savings: "Savings"

/Users/danielstevens/github-projects/tools-automation/MomentumFinance/Shared/Components/AccountDetailComponents.swift:40:13: [1;31merror: [1;39mswitch must be exhaustive[0;0m
 [0;36m38 |[0;0m 
 [0;36m39 |[0;0m         private var color: Color {
 [0;36m40 |[0;0m             switch self.type {
    [0;36m|[0;0m             |- [1;31merror: [1;39mswitch must be exhaustive[0;0m
    [0;36m|[0;0m             `- [1;39mnote: [1;39madd missing case: '.cash'[0;0m
 [0;36m41 |[0;0m             case .checking: .green
 [0;36m42 |[0;0m             case .savings: .blue

/Users/danielstevens/github-projects/tools-automation/MomentumFinance/Shared/Components/AccountDetailComponents.swift:354:51: [1;31merror: [1;39mvalue of type 'FinancialAccount' has no member 'interestRate'[0;0m
[0;36m352 |[0;0m                         DetailField(
[0;36m353 |[0;0m                             label: "Interest Rate",
[0;36m354 |[0;0m                             value: (([4;39mself.account[0;0m.[4;39minterestRate[0;0m ?? 0) * 100)
    [0;36m|[0;0m                                                   `- [1;31merror: [1;39mvalue of type 'FinancialAccount' has no member 'interestRate'[0;0m
[0;36m355 |[0;0m                                 .formatted(.number.precision(.fractionLength(2))) + "%"
[0;36m356 |[0;0m                         )

/Users/danielstevens/github-projects/tools-automation/MomentumFinance/Shared/Components/AccountDetailComponents.swift:522:28: [1;31merror: [1;39mcannot convert value of type 'String' to expected argument type 'PrimitiveButtonStyleConfiguration'[0;0m
[0;36m520 |[0;0m 
[0;36m521 |[0;0m                 HStack {
[0;36m522 |[0;0m                     Button("Cancel").accessibilityLabel("Button").accessibilityLabel("Button") {
    [0;36m|[0;0m                            `- [1;31merror: [1;39mcannot convert value of type 'String' to expected argument type 'PrimitiveButtonStyleConfiguration'[0;0m
[0;36m523 |[0;0m                         self.dismiss()
[0;36m524 |[0;0m                     }

/Users/danielstevens/github-projects/tools-automation/MomentumFinance/Shared/Components/AccountDetailComponents.swift:522:96: [1;31merror: [1;39mtype '_' cannot be used as a boolean; test for '!= 0' instead[0;0m
[0;36m520 |[0;0m 
[0;36m521 |[0;0m                 HStack {
[0;36m522 |[0;0m                     Button("Cancel").accessibilityLabel("Button").accessibilityLabel("Button") {
    [0;36m|[0;0m                                                                                                `- [1;31merror: [1;39mtype '_' cannot be used as a boolean; test for '!= 0' instead[0;0m
[0;36m523 |[0;0m                         self.dismiss()
[0;36m524 |[0;0m                     }

/Users/danielstevens/github-projects/tools-automation/MomentumFinance/Shared/Components/AccountDetailComponents.swift:561:33: [1;31merror: [1;39mvalue of type 'FinancialAccount' has no member 'type'[0;0m
[0;36m559 |[0;0m         init(from account: FinancialAccount) {
[0;36m560 |[0;0m             self.name = account.name
[0;36m561 |[0;0m             self.type = [4;39maccount[0;0m.[4;39mtype[0;0m
    [0;36m|[0;0m                                 `- [1;31merror: [1;39mvalue of type 'FinancialAccount' has no member 'type'[0;0m
[0;36m562 |[0;0m             self.balance = account.balance
[0;36m563 |[0;0m             self.currencyCode = account.currencyCode

/Users/danielstevens/github-projects/tools-automation/MomentumFinance/Shared/Components/AccountDetailComponents.swift:564:40: [1;31merror: [1;39mvalue of type 'FinancialAccount' has no member 'institution'[0;0m
[0;36m562 |[0;0m             self.balance = account.balance
[0;36m563 |[0;0m             self.currencyCode = account.currencyCode
[0;36m564 |[0;0m             self.institution = [4;39maccount[0;0m.[4;39minstitution[0;0m
    [0;36m|[0;0m                                        `- [1;31merror: [1;39mvalue of type 'FinancialAccount' has no member 'institution'[0;0m
[0;36m565 |[0;0m             self.accountNumber = account.accountNumber
[0;36m566 |[0;0m             self.interestRate = account.interestRate

/Users/danielstevens/github-projects/tools-automation/MomentumFinance/Shared/Components/AccountDetailComponents.swift:565:42: [1;31merror: [1;39mvalue of type 'FinancialAccount' has no member 'accountNumber'[0;0m
[0;36m563 |[0;0m             self.currencyCode = account.currencyCode
[0;36m564 |[0;0m             self.institution = account.institution
[0;36m565 |[0;0m             self.accountNumber = [4;39maccount[0;0m.[4;39maccountNumber[0;0m
    [0;36m|[0;0m                                          `- [1;31merror: [1;39mvalue of type 'FinancialAccount' has no member 'accountNumber'[0;0m
[0;36m566 |[0;0m             self.interestRate = account.interestRate
[0;36m567 |[0;0m             self.creditLimit = account.creditLimit

/Users/danielstevens/github-projects/tools-automation/MomentumFinance/Shared/Components/AccountDetailComponents.swift:566:41: [1;31merror: [1;39mvalue of type 'FinancialAccount' has no member 'interestRate'[0;0m
[0;36m564 |[0;0m             self.institution = account.institution
[0;36m565 |[0;0m             self.accountNumber = account.accountNumber
[0;36m566 |[0;0m             self.interestRate = [4;39maccount[0;0m.[4;39minterestRate[0;0m
    [0;36m|[0;0m                                         `- [1;31merror: [1;39mvalue of type 'FinancialAccount' has no member 'interestRate'[0;0m
[0;36m567 |[0;0m             self.creditLimit = account.creditLimit
[0;36m568 |[0;0m             self.dueDate = account.dueDate

/Users/danielstevens/github-projects/tools-automation/MomentumFinance/Shared/Components/AccountDetailComponents.swift:568:36: [1;31merror: [1;39mvalue of type 'FinancialAccount' has no member 'dueDate'[0;0m
[0;36m566 |[0;0m             self.interestRate = account.interestRate
[0;36m567 |[0;0m             self.creditLimit = account.creditLimit
[0;36m568 |[0;0m             self.dueDate = [4;39maccount[0;0m.[4;39mdueDate[0;0m
    [0;36m|[0;0m                                    `- [1;31merror: [1;39mvalue of type 'FinancialAccount' has no member 'dueDate'[0;0m
[0;36m569 |[0;0m             self.includeInTotal = account.includeInTotal
[0;36m570 |[0;0m             self.isActive = account.isActive

/Users/danielstevens/github-projects/tools-automation/MomentumFinance/Shared/Components/AccountDetailComponents.swift:569:43: [1;31merror: [1;39mvalue of type 'FinancialAccount' has no member 'includeInTotal'[0;0m
[0;36m567 |[0;0m             self.creditLimit = account.creditLimit
[0;36m568 |[0;0m             self.dueDate = account.dueDate
[0;36m569 |[0;0m             self.includeInTotal = [4;39maccount[0;0m.[4;39mincludeInTotal[0;0m
    [0;36m|[0;0m                                           `- [1;31merror: [1;39mvalue of type 'FinancialAccount' has no member 'includeInTotal'[0;0m
[0;36m570 |[0;0m             self.isActive = account.isActive
[0;36m571 |[0;0m             self.notes = account.notes

/Users/danielstevens/github-projects/tools-automation/MomentumFinance/Shared/Components/AccountDetailComponents.swift:570:37: [1;31merror: [1;39mvalue of type 'FinancialAccount' has no member 'isActive'[0;0m
[0;36m568 |[0;0m             self.dueDate = account.dueDate
[0;36m569 |[0;0m             self.includeInTotal = account.includeInTotal
[0;36m570 |[0;0m             self.isActive = [4;39maccount[0;0m.[4;39misActive[0;0m
    [0;36m|[0;0m                                     `- [1;31merror: [1;39mvalue of type 'FinancialAccount' has no member 'isActive'[0;0m
[0;36m571 |[0;0m             self.notes = account.notes
[0;36m572 |[0;0m         }

/Users/danielstevens/github-projects/tools-automation/MomentumFinance/Shared/Components/AccountDetailComponents.swift:571:34: [1;31merror: [1;39mvalue of type 'FinancialAccount' has no member 'notes'[0;0m
[0;36m569 |[0;0m             self.includeInTotal = account.includeInTotal
[0;36m570 |[0;0m             self.isActive = account.isActive
[0;36m571 |[0;0m             self.notes = [4;39maccount[0;0m.[4;39mnotes[0;0m
    [0;36m|[0;0m                                  `- [1;31merror: [1;39mvalue of type 'FinancialAccount' has no member 'notes'[0;0m
[0;36m572 |[0;0m         }
[0;36m573 |[0;0m     }

/Users/danielstevens/github-projects/tools-automation/MomentumFinance/Shared/Components/BudgetComponents.swift:53:28: [1;31merror: [1;39mreference to member 'systemBackground' cannot be resolved without a contextual type[0;0m
[0;36m51 |[0;0m         }
[0;36m52 |[0;0m         .padding()
[0;36m53 |[0;0m         .background(Color(.systemBackground))
   [0;36m|[0;0m                            `- [1;31merror: [1;39mreference to member 'systemBackground' cannot be resolved without a contextual type[0;0m
[0;36m54 |[0;0m         .cornerRadius(10)
[0;36m55 |[0;0m         .shadow(radius: 2)

/Users/danielstevens/github-projects/tools-automation/MomentumFinance/Shared/Components/Dashboard/DashboardUIComponents.swift:42:15: [1;31merror: [1;39minvalid redeclaration of 'DashboardAccountsSummary'[0;0m
 [0;36m40 |[0;0m // MARK: - Dashboard Accounts Summary
 [0;36m41 |[0;0m 
 [0;36m42 |[0;0m public struct DashboardAccountsSummary: View {
    [0;36m|[0;0m               `- [1;31merror: [1;39minvalid redeclaration of 'DashboardAccountsSummary'[0;0m
 [0;36m43 |[0;0m     public let accounts: [FinancialAccount]
 [0;36m44 |[0;0m     public let onAccountTap: (UUID) -> Void

/Users/danielstevens/github-projects/tools-automation/MomentumFinance/Shared/Components/Dashboard/DashboardUIComponents.swift:203:14: [1;31merror: [1;39minvalid redeclaration of 'formatCurrency'[0;0m
[0;36m201 |[0;0m // MARK: - Helper Functions
[0;36m202 |[0;0m 
[0;36m203 |[0;0m private func formatCurrency(_ amount: Double) -> String {
    [0;36m|[0;0m              `- [1;31merror: [1;39minvalid redeclaration of 'formatCurrency'[0;0m
[0;36m204 |[0;0m     let formatter = NumberFormatter()
[0;36m205 |[0;0m     formatter.numberStyle = .currency

/Users/danielstevens/github-projects/tools-automation/MomentumFinance/Shared/Components/Dashboard/DashboardUIComponents.swift:57:59: [1;31merror: [1;39mcannot convert value of type 'PersistentIdentifier' to expected argument type 'UUID'[0;0m
 [0;36m55 |[0;0m                         AccountSummaryCard(account: account)
 [0;36m56 |[0;0m                             .onTapGesture {
 [0;36m57 |[0;0m                                 self.onAccountTap(account.id)
    [0;36m|[0;0m                                                           `- [1;31merror: [1;39mcannot convert value of type 'PersistentIdentifier' to expected argument type 'UUID'[0;0m
 [0;36m58 |[0;0m                             }
 [0;36m59 |[0;0m                     }

/Users/danielstevens/github-projects/tools-automation/MomentumFinance/Shared/Components/Dashboard/DashboardUIComponents.swift:97:27: [1;31merror: [1;39mcannot find 'UIColor' in scope[0;0m
 [0;36m95 |[0;0m         }
 [0;36m96 |[0;0m         .padding()
 [0;36m97 |[0;0m         .background(Color([4;39mUIColor[0;0m.systemGray6))
    [0;36m|[0;0m                           `- [1;31merror: [1;39mcannot find 'UIColor' in scope[0;0m
 [0;36m98 |[0;0m         .cornerRadius(12)
 [0;36m99 |[0;0m         .frame(width: 160)

/Users/danielstevens/github-projects/tools-automation/MomentumFinance/Shared/Components/Dashboard/DashboardUIComponents.swift:92:31: [1;31merror: [1;39mvalue of type 'FinancialAccount' has no member 'type'[0;0m
 [0;36m90 |[0;0m                 .foregroundColor(self.account.balance >= 0 ? .green : .red)
 [0;36m91 |[0;0m 
 [0;36m92 |[0;0m             Text([4;39mself.account[0;0m.[4;39mtype[0;0m.rawValue.capitalized)
    [0;36m|[0;0m                               `- [1;31merror: [1;39mvalue of type 'FinancialAccount' has no member 'type'[0;0m
 [0;36m93 |[0;0m                 .font(.caption)
 [0;36m94 |[0;0m                 .foregroundColor(.secondary)

/Users/danielstevens/github-projects/tools-automation/MomentumFinance/Shared/Components/Dashboard/DashboardUIComponents.swift:103:29: [1;31merror: [1;39mvalue of type 'FinancialAccount' has no member 'type'[0;0m
[0;36m101 |[0;0m 
[0;36m102 |[0;0m     private var iconName: String {
[0;36m103 |[0;0m         switch [4;39mself.account[0;0m.[4;39mtype[0;0m {
    [0;36m|[0;0m                             `- [1;31merror: [1;39mvalue of type 'FinancialAccount' has no member 'type'[0;0m
[0;36m104 |[0;0m         case .checking:
[0;36m105 |[0;0m             "creditcard"

/Users/danielstevens/github-projects/tools-automation/MomentumFinance/Shared/Components/Dashboard/DashboardUIComponents.swift:189:27: [1;31merror: [1;39mcannot find 'UIColor' in scope[0;0m
[0;36m187 |[0;0m         }
[0;36m188 |[0;0m         .padding()
[0;36m189 |[0;0m         .background(Color([4;39mUIColor[0;0m.systemGray6))
    [0;36m|[0;0m                           `- [1;31merror: [1;39mcannot find 'UIColor' in scope[0;0m
[0;36m190 |[0;0m         .cornerRadius(12)
[0;36m191 |[0;0m     }

/Users/danielstevens/github-projects/tools-automation/MomentumFinance/Shared/Components/DetailViewComponents.swift:39:63: [1;31merror: [1;39mvalue of type 'ExpenseCategory' has no member 'colorHex'[0;0m
 [0;36m37 |[0;0m             HStack(spacing: 4) {
 [0;36m38 |[0;0m                 Circle()
 [0;36m39 |[0;0m                     .fill(self.getCategoryColor([4;39mself.category[0;0m.[4;39mcolorHex[0;0m))
    [0;36m|[0;0m                                                               `- [1;31merror: [1;39mvalue of type 'ExpenseCategory' has no member 'colorHex'[0;0m
 [0;36m40 |[0;0m                     .frame(width: 10, height: 10)
 [0;36m41 |[0;0m 

/Users/danielstevens/github-projects/tools-automation/MomentumFinance/Shared/Components/DetailViewComponents.swift:47:61: [1;31merror: [1;39mvalue of type 'ExpenseCategory' has no member 'colorHex'[0;0m
 [0;36m45 |[0;0m             .padding(.horizontal, 8)
 [0;36m46 |[0;0m             .padding(.vertical, 2)
 [0;36m47 |[0;0m             .background(self.getCategoryColor([4;39mself.category[0;0m.[4;39mcolorHex[0;0m).opacity(0.1))
    [0;36m|[0;0m                                                             `- [1;31merror: [1;39mvalue of type 'ExpenseCategory' has no member 'colorHex'[0;0m
 [0;36m48 |[0;0m             .cornerRadius(4)
 [0;36m49 |[0;0m         }

/Users/danielstevens/github-projects/tools-automation/MomentumFinance/Shared/Components/DetailViewComponents.swift:52:23: [1;33mwarning: [1;39mvalue 'hex' was defined but never used; consider replacing with boolean test[0;0m [#no-usage]
 [0;36m50 |[0;0m 
 [0;36m51 |[0;0m         private func getCategoryColor(_ hex: String?) -> Color {
 [0;36m52 |[0;0m             guard let hex else { return .gray }
    [0;36m|[0;0m                       `- [1;33mwarning: [1;39mvalue 'hex' was defined but never used; consider replacing with boolean test[0;0m [#no-usage]
 [0;36m53 |[0;0m             // This would parse the hex color string
 [0;36m54 |[0;0m             return .blue

/Users/danielstevens/github-projects/tools-automation/MomentumFinance/Shared/Components/DetailViewComponents.swift:81:28: [1;31merror: [1;39mmissing argument for parameter #1 in call[0;0m
 [0;36m79 |[0;0m 
 [0;36m80 |[0;0m                 if self.showDeleteButton {
 [0;36m81 |[0;0m                     Button(action: {}).accessibilityLabel("Button").accessibilityLabel("Button") {
    [0;36m|[0;0m                            `- [1;31merror: [1;39mmissing argument for parameter #1 in call[0;0m
 [0;36m82 |[0;0m                         Image(systemName: "xmark.circle.fill")
 [0;36m83 |[0;0m                             .foregroundStyle(.red)

SwiftUI.Button.init:2:36: [1;39mnote: [1;39m'init(_:action:)' declared here[0;0m
[0;36m1 |[0;0m generic struct Button {
[0;36m2 |[0;0m @preconcurrency nonisolated public init(_ titleKey: LocalizedStringKey, action: @escaping @MainActor () -> Void)}
  [0;36m|[0;0m                                    `- [1;39mnote: [1;39m'init(_:action:)' declared here[0;0m
[0;36m3 |[0;0m 

/Users/danielstevens/github-projects/tools-automation/MomentumFinance/Shared/Components/DetailViewComponents.swift:81:98: [1;31merror: [1;39mtype '_' cannot be used as a boolean; test for '!= 0' instead[0;0m
 [0;36m79 |[0;0m 
 [0;36m80 |[0;0m                 if self.showDeleteButton {
 [0;36m81 |[0;0m                     Button(action: {}).accessibilityLabel("Button").accessibilityLabel("Button") {
    [0;36m|[0;0m                                                                                                  `- [1;31merror: [1;39mtype '_' cannot be used as a boolean; test for '!= 0' instead[0;0m
 [0;36m82 |[0;0m                         Image(systemName: "xmark.circle.fill")
 [0;36m83 |[0;0m                             .foregroundStyle(.red)

/Users/danielstevens/github-projects/tools-automation/MomentumFinance/Shared/Components/DetailViewComponents.swift:287:28: [1;31merror: [1;39mcannot convert value of type 'String' to expected argument type 'PrimitiveButtonStyleConfiguration'[0;0m
[0;36m285 |[0;0m 
[0;36m286 |[0;0m                 HStack {
[0;36m287 |[0;0m                     Button("Cancel").accessibilityLabel("Button").accessibilityLabel("Button") {
    [0;36m|[0;0m                            `- [1;31merror: [1;39mcannot convert value of type 'String' to expected argument type 'PrimitiveButtonStyleConfiguration'[0;0m
[0;36m288 |[0;0m                         self.dismiss()
[0;36m289 |[0;0m                     }

/Users/danielstevens/github-projects/tools-automation/MomentumFinance/Shared/Components/DetailViewComponents.swift:287:96: [1;31merror: [1;39mtype '_' cannot be used as a boolean; test for '!= 0' instead[0;0m
[0;36m285 |[0;0m 
[0;36m286 |[0;0m                 HStack {
[0;36m287 |[0;0m                     Button("Cancel").accessibilityLabel("Button").accessibilityLabel("Button") {
    [0;36m|[0;0m                                                                                                `- [1;31merror: [1;39mtype '_' cannot be used as a boolean; test for '!= 0' instead[0;0m
[0;36m288 |[0;0m                         self.dismiss()
[0;36m289 |[0;0m                     }

/Users/danielstevens/github-projects/tools-automation/MomentumFinance/Shared/Components/DetailViewComponents.swift:322:67: [1;31merror: [1;39mvalue of type 'FinancialTransaction' has no member 'name'[0;0m
[0;36m320 |[0;0m         var body: some View {
[0;36m321 |[0;0m             VStack {
[0;36m322 |[0;0m                 Text("Transactions Similar to '\([4;39mself.transaction[0;0m.[4;39mname[0;0m)'")
    [0;36m|[0;0m                                                                   `- [1;31merror: [1;39mvalue of type 'FinancialTransaction' has no member 'name'[0;0m
[0;36m323 |[0;0m                     .font(.headline)
[0;36m324 |[0;0m                     .padding()

/Users/danielstevens/github-projects/tools-automation/MomentumFinance/Shared/Components/DetailViewComponents.swift:358:37: [1;31merror: [1;39mvalue of type 'FinancialTransaction' has no member 'name'[0;0m
[0;36m356 |[0;0m 
[0;36m357 |[0;0m         init(from transaction: FinancialTransaction) {
[0;36m358 |[0;0m             self.name = [4;39mtransaction[0;0m.[4;39mname[0;0m
    [0;36m|[0;0m                                     `- [1;31merror: [1;39mvalue of type 'FinancialTransaction' has no member 'name'[0;0m
[0;36m359 |[0;0m             self.amount = transaction.amount
[0;36m360 |[0;0m             self.date = transaction.date

/Users/danielstevens/github-projects/tools-automation/MomentumFinance/Shared/Components/DetailViewComponents.swift:361:38: [1;31merror: [1;39mvalue of optional type 'String?' must be unwrapped to a value of type 'String'[0;0m
[0;36m359 |[0;0m             self.amount = transaction.amount
[0;36m360 |[0;0m             self.date = transaction.date
[0;36m361 |[0;0m             self.notes = transaction.notes
    [0;36m|[0;0m                                      |- [1;31merror: [1;39mvalue of optional type 'String?' must be unwrapped to a value of type 'String'[0;0m
    [0;36m|[0;0m                                      |- [1;39mnote: [1;39mcoalesce using '??' to provide a default when the optional value contains 'nil'[0;0m
    [0;36m|[0;0m                                      `- [1;39mnote: [1;39mforce-unwrap using '!' to abort execution if the optional value contains 'nil'[0;0m
[0;36m362 |[0;0m             self.categoryId = transaction.category?.id ?? ""
[0;36m363 |[0;0m             self.accountId = transaction.account?.id ?? ""

/Users/danielstevens/github-projects/tools-automation/MomentumFinance/Shared/Components/DetailViewComponents.swift:362:53: [1;31merror: [1;39mcannot convert value of type 'UUID?' to expected argument type 'String?'[0;0m
[0;36m360 |[0;0m             self.date = transaction.date
[0;36m361 |[0;0m             self.notes = transaction.notes
[0;36m362 |[0;0m             self.categoryId = transaction.category?.id ?? ""
    [0;36m|[0;0m                                                     `- [1;31merror: [1;39mcannot convert value of type 'UUID?' to expected argument type 'String?'[0;0m
[0;36m363 |[0;0m             self.accountId = transaction.account?.id ?? ""
[0;36m364 |[0;0m             self.isReconciled = transaction.isReconciled

/Users/danielstevens/github-projects/tools-automation/MomentumFinance/Shared/Components/DetailViewComponents.swift:363:51: [1;31merror: [1;39mcannot convert value of type 'PersistentIdentifier?' to expected argument type 'String?'[0;0m
[0;36m361 |[0;0m             self.notes = transaction.notes
[0;36m362 |[0;0m             self.categoryId = transaction.category?.id ?? ""
[0;36m363 |[0;0m             self.accountId = transaction.account?.id ?? ""
    [0;36m|[0;0m                                                   `- [1;31merror: [1;39mcannot convert value of type 'PersistentIdentifier?' to expected argument type 'String?'[0;0m
[0;36m364 |[0;0m             self.isReconciled = transaction.isReconciled
[0;36m365 |[0;0m             self.isRecurring = transaction.isRecurring

/Users/danielstevens/github-projects/tools-automation/MomentumFinance/Shared/Components/DetailViewComponents.swift:364:45: [1;31merror: [1;39mvalue of type 'FinancialTransaction' has no member 'isReconciled'[0;0m
[0;36m362 |[0;0m             self.categoryId = transaction.category?.id ?? ""
[0;36m363 |[0;0m             self.accountId = transaction.account?.id ?? ""
[0;36m364 |[0;0m             self.isReconciled = [4;39mtransaction[0;0m.[4;39misReconciled[0;0m
    [0;36m|[0;0m                                             `- [1;31merror: [1;39mvalue of type 'FinancialTransaction' has no member 'isReconciled'[0;0m
[0;36m365 |[0;0m             self.isRecurring = transaction.isRecurring
[0;36m366 |[0;0m             self.location = transaction.location

/Users/danielstevens/github-projects/tools-automation/MomentumFinance/Shared/Components/DetailViewComponents.swift:365:44: [1;31merror: [1;39mvalue of type 'FinancialTransaction' has no member 'isRecurring'[0;0m
[0;36m363 |[0;0m             self.accountId = transaction.account?.id ?? ""
[0;36m364 |[0;0m             self.isReconciled = transaction.isReconciled
[0;36m365 |[0;0m             self.isRecurring = [4;39mtransaction[0;0m.[4;39misRecurring[0;0m
    [0;36m|[0;0m                                            `- [1;31merror: [1;39mvalue of type 'FinancialTransaction' has no member 'isRecurring'[0;0m
[0;36m366 |[0;0m             self.location = transaction.location
[0;36m367 |[0;0m             self.subcategory = transaction.subcategory

/Users/danielstevens/github-projects/tools-automation/MomentumFinance/Shared/Components/DetailViewComponents.swift:366:41: [1;31merror: [1;39mvalue of type 'FinancialTransaction' has no member 'location'[0;0m
[0;36m364 |[0;0m             self.isReconciled = transaction.isReconciled
[0;36m365 |[0;0m             self.isRecurring = transaction.isRecurring
[0;36m366 |[0;0m             self.location = [4;39mtransaction[0;0m.[4;39mlocation[0;0m
    [0;36m|[0;0m                                         `- [1;31merror: [1;39mvalue of type 'FinancialTransaction' has no member 'location'[0;0m
[0;36m367 |[0;0m             self.subcategory = transaction.subcategory
[0;36m368 |[0;0m         }

/Users/danielstevens/github-projects/tools-automation/MomentumFinance/Shared/Components/DetailViewComponents.swift:367:44: [1;31merror: [1;39mvalue of type 'FinancialTransaction' has no member 'subcategory'[0;0m
[0;36m365 |[0;0m             self.isRecurring = transaction.isRecurring
[0;36m366 |[0;0m             self.location = transaction.location
[0;36m367 |[0;0m             self.subcategory = [4;39mtransaction[0;0m.[4;39msubcategory[0;0m
    [0;36m|[0;0m                                            `- [1;31merror: [1;39mvalue of type 'FinancialTransaction' has no member 'subcategory'[0;0m
[0;36m368 |[0;0m         }
[0;36m369 |[0;0m     }

/Users/danielstevens/github-projects/tools-automation/MomentumFinance/Shared/Components/Settings/AccessibilitySettingsSection.swift:7:9: [1;31merror: [1;39mproperty 'body' must be declared public because it matches a requirement in public protocol 'View'[0;0m
 [0;36m5 |[0;0m     @Binding var reducedMotion: Bool
 [0;36m6 |[0;0m 
 [0;36m7 |[0;0m     var body: some View {
   [0;36m|[0;0m         |- [1;31merror: [1;39mproperty 'body' must be declared public because it matches a requirement in public protocol 'View'[0;0m
   [0;36m|[0;0m         `- [1;39mnote: [1;39mmark the property as 'public' to satisfy the requirement[0;0m
 [0;36m8 |[0;0m         Section(header: Text("Accessibility")) {
 [0;36m9 |[0;0m             Toggle("Haptic Feedback", isOn: self.$hapticFeedbackEnabled)

/Users/danielstevens/github-projects/tools-automation/MomentumFinance/Shared/Components/Settings/AppearanceSettingsSection.swift:6:9: [1;31merror: [1;39mproperty 'body' must be declared public because it matches a requirement in public protocol 'View'[0;0m
 [0;36m4 |[0;0m     var darkModePreference: DarkModePreference
 [0;36m5 |[0;0m 
 [0;36m6 |[0;0m     var body: some View {
   [0;36m|[0;0m         |- [1;31merror: [1;39mproperty 'body' must be declared public because it matches a requirement in public protocol 'View'[0;0m
   [0;36m|[0;0m         `- [1;39mnote: [1;39mmark the property as 'public' to satisfy the requirement[0;0m
 [0;36m7 |[0;0m         Section(header: Text("Appearance")) {
 [0;36m8 |[0;0m             Picker("Theme", selection: .constant(self.darkModePreference)) {

[#MutableGlobalVariable]: <https://docs.swift.org/compiler/documentation/diagnostics/mutable-global-variable>
[142/148] Compiling Shared DetailViewComponents.swift
/Users/danielstevens/github-projects/tools-automation/MomentumFinance/Shared/Animations/AnimationManager.swift:267:10: [1;31merror: [1;39mmethod 'body(content:)' must be declared public because it matches a requirement in public protocol 'ViewModifier'[0;0m
[0;36m265 |[0;0m     /// <#Description#>
[0;36m266 |[0;0m     /// - Returns: <#description#>
[0;36m267 |[0;0m     func body(content: Content) -> some View {
    [0;36m|[0;0m          |- [1;31merror: [1;39mmethod 'body(content:)' must be declared public because it matches a requirement in public protocol 'ViewModifier'[0;0m
    [0;36m|[0;0m          `- [1;39mnote: [1;39mmark the instance method as 'public' to satisfy the requirement[0;0m
[0;36m268 |[0;0m         content
[0;36m269 |[0;0m             .rotation3DEffect(

/Users/danielstevens/github-projects/tools-automation/MomentumFinance/Shared/Animations/AnimationManager.swift:287:9: [1;31merror: [1;39mproperty 'body' must be declared public because it matches a requirement in public protocol 'View'[0;0m
[0;36m285 |[0;0m     }
[0;36m286 |[0;0m 
[0;36m287 |[0;0m     var body: some View {
    [0;36m|[0;0m         |- [1;31merror: [1;39mproperty 'body' must be declared public because it matches a requirement in public protocol 'View'[0;0m
    [0;36m|[0;0m         `- [1;39mnote: [1;39mmark the property as 'public' to satisfy the requirement[0;0m
[0;36m288 |[0;0m         Group {
[0;36m289 |[0;0m             switch self.style {

/Users/danielstevens/github-projects/tools-automation/MomentumFinance/Shared/Animations/AnimationManager.swift:345:9: [1;31merror: [1;39mproperty 'body' must be declared public because it matches a requirement in public protocol 'View'[0;0m
[0;36m343 |[0;0m     @State private var animatedProgress: Double = 0
[0;36m344 |[0;0m 
[0;36m345 |[0;0m     var body: some View {
    [0;36m|[0;0m         |- [1;31merror: [1;39mproperty 'body' must be declared public because it matches a requirement in public protocol 'View'[0;0m
    [0;36m|[0;0m         `- [1;39mnote: [1;39mmark the property as 'public' to satisfy the requirement[0;0m
[0;36m346 |[0;0m         GeometryReader { geometry in
[0;36m347 |[0;0m             ZStack(alignment: .leading) {

/Users/danielstevens/github-projects/tools-automation/MomentumFinance/Shared/Animations/AnimationManager.swift:376:13: [1;31merror: [1;39mvar 'objectPool' is not concurrency-safe because it is nonisolated global shared mutable state[0;0m [#]8;;https://docs.swift.org/compiler/documentation/diagnostics/mutable-global-variable\MutableGlobalVariable]8;;\]
[0;36m374 |[0;0m 
[0;36m375 |[0;0m /// Object pool for performance optimization
[0;36m376 |[0;0m private var objectPool: [Any] = []
    [0;36m|[0;0m             |- [1;31merror: [1;39mvar 'objectPool' is not concurrency-safe because it is nonisolated global shared mutable state[0;0m [#]8;;https://docs.swift.org/compiler/documentation/diagnostics/mutable-global-variable\MutableGlobalVariable]8;;\]
    [0;36m|[0;0m             |- [1;39mnote: [1;39mconvert 'objectPool' to a 'let' constant to make 'Sendable' shared state immutable[0;0m
    [0;36m|[0;0m             |- [1;39mnote: [1;39madd '@MainActor' to make var 'objectPool' part of global actor 'MainActor'[0;0m
    [0;36m|[0;0m             `- [1;39mnote: [1;39mdisable concurrency-safety checks if accesses are protected by an external synchronization mechanism[0;0m
[0;36m377 |[0;0m private let maxPoolSize = 50
[0;36m378 |[0;0m 

/Users/danielstevens/github-projects/tools-automation/MomentumFinance/Shared/Components/AccountDetailComponents.swift:547:36: [1;31merror: [1;39m'AccountType' is not a member type of class 'MomentumFinanceCore.FinancialAccount'[0;0m
[0;36m545 |[0;0m     struct AccountEditModel {
[0;36m546 |[0;0m         var name: String
[0;36m547 |[0;0m         var type: [4;39mFinancialAccount[0;0m.AccountType
    [0;36m|[0;0m                                    `- [1;31merror: [1;39m'AccountType' is not a member type of class 'MomentumFinanceCore.FinancialAccount'[0;0m
[0;36m548 |[0;0m         var balance: Double
[0;36m549 |[0;0m         var currencyCode: String

/Users/danielstevens/github-projects/tools-automation/MomentumFinance/Sources/MomentumFinanceCore/Models.swift:93:20: [1;39mnote: [1;39m'FinancialAccount' declared here[0;0m
 [0;36m91 |[0;0m 
 [0;36m92 |[0;0m @Model
 [0;36m93 |[0;0m public final class FinancialAccount: Hashable, Encodable {
    [0;36m|[0;0m                    `- [1;39mnote: [1;39m'FinancialAccount' declared here[0;0m
 [0;36m94 |[0;0m     enum CodingKeys: String, CodingKey {
 [0;36m95 |[0;0m         case name, balance, iconName, createdDate, accountType, currencyCode, creditLimit

/Users/danielstevens/github-projects/tools-automation/MomentumFinance/Shared/Components/AccountDetailComponents.swift:31:13: [1;31merror: [1;39mswitch must be exhaustive[0;0m
 [0;36m29 |[0;0m 
 [0;36m30 |[0;0m         private var text: String {
 [0;36m31 |[0;0m             switch self.type {
    [0;36m|[0;0m             |- [1;31merror: [1;39mswitch must be exhaustive[0;0m
    [0;36m|[0;0m             `- [1;39mnote: [1;39madd missing case: '.cash'[0;0m
 [0;36m32 |[0;0m             case .checking: "Checking"
 [0;36m33 |[0;0m             case .savings: "Savings"

/Users/danielstevens/github-projects/tools-automation/MomentumFinance/Shared/Components/AccountDetailComponents.swift:40:13: [1;31merror: [1;39mswitch must be exhaustive[0;0m
 [0;36m38 |[0;0m 
 [0;36m39 |[0;0m         private var color: Color {
 [0;36m40 |[0;0m             switch self.type {
    [0;36m|[0;0m             |- [1;31merror: [1;39mswitch must be exhaustive[0;0m
    [0;36m|[0;0m             `- [1;39mnote: [1;39madd missing case: '.cash'[0;0m
 [0;36m41 |[0;0m             case .checking: .green
 [0;36m42 |[0;0m             case .savings: .blue

/Users/danielstevens/github-projects/tools-automation/MomentumFinance/Shared/Components/AccountDetailComponents.swift:354:51: [1;31merror: [1;39mvalue of type 'FinancialAccount' has no member 'interestRate'[0;0m
[0;36m352 |[0;0m                         DetailField(
[0;36m353 |[0;0m                             label: "Interest Rate",
[0;36m354 |[0;0m                             value: (([4;39mself.account[0;0m.[4;39minterestRate[0;0m ?? 0) * 100)
    [0;36m|[0;0m                                                   `- [1;31merror: [1;39mvalue of type 'FinancialAccount' has no member 'interestRate'[0;0m
[0;36m355 |[0;0m                                 .formatted(.number.precision(.fractionLength(2))) + "%"
[0;36m356 |[0;0m                         )

/Users/danielstevens/github-projects/tools-automation/MomentumFinance/Shared/Components/AccountDetailComponents.swift:522:28: [1;31merror: [1;39mcannot convert value of type 'String' to expected argument type 'PrimitiveButtonStyleConfiguration'[0;0m
[0;36m520 |[0;0m 
[0;36m521 |[0;0m                 HStack {
[0;36m522 |[0;0m                     Button("Cancel").accessibilityLabel("Button").accessibilityLabel("Button") {
    [0;36m|[0;0m                            `- [1;31merror: [1;39mcannot convert value of type 'String' to expected argument type 'PrimitiveButtonStyleConfiguration'[0;0m
[0;36m523 |[0;0m                         self.dismiss()
[0;36m524 |[0;0m                     }

/Users/danielstevens/github-projects/tools-automation/MomentumFinance/Shared/Components/AccountDetailComponents.swift:522:96: [1;31merror: [1;39mtype '_' cannot be used as a boolean; test for '!= 0' instead[0;0m
[0;36m520 |[0;0m 
[0;36m521 |[0;0m                 HStack {
[0;36m522 |[0;0m                     Button("Cancel").accessibilityLabel("Button").accessibilityLabel("Button") {
    [0;36m|[0;0m                                                                                                `- [1;31merror: [1;39mtype '_' cannot be used as a boolean; test for '!= 0' instead[0;0m
[0;36m523 |[0;0m                         self.dismiss()
[0;36m524 |[0;0m                     }

/Users/danielstevens/github-projects/tools-automation/MomentumFinance/Shared/Components/AccountDetailComponents.swift:561:33: [1;31merror: [1;39mvalue of type 'FinancialAccount' has no member 'type'[0;0m
[0;36m559 |[0;0m         init(from account: FinancialAccount) {
[0;36m560 |[0;0m             self.name = account.name
[0;36m561 |[0;0m             self.type = [4;39maccount[0;0m.[4;39mtype[0;0m
    [0;36m|[0;0m                                 `- [1;31merror: [1;39mvalue of type 'FinancialAccount' has no member 'type'[0;0m
[0;36m562 |[0;0m             self.balance = account.balance
[0;36m563 |[0;0m             self.currencyCode = account.currencyCode

/Users/danielstevens/github-projects/tools-automation/MomentumFinance/Shared/Components/AccountDetailComponents.swift:564:40: [1;31merror: [1;39mvalue of type 'FinancialAccount' has no member 'institution'[0;0m
[0;36m562 |[0;0m             self.balance = account.balance
[0;36m563 |[0;0m             self.currencyCode = account.currencyCode
[0;36m564 |[0;0m             self.institution = [4;39maccount[0;0m.[4;39minstitution[0;0m
    [0;36m|[0;0m                                        `- [1;31merror: [1;39mvalue of type 'FinancialAccount' has no member 'institution'[0;0m
[0;36m565 |[0;0m             self.accountNumber = account.accountNumber
[0;36m566 |[0;0m             self.interestRate = account.interestRate

/Users/danielstevens/github-projects/tools-automation/MomentumFinance/Shared/Components/AccountDetailComponents.swift:565:42: [1;31merror: [1;39mvalue of type 'FinancialAccount' has no member 'accountNumber'[0;0m
[0;36m563 |[0;0m             self.currencyCode = account.currencyCode
[0;36m564 |[0;0m             self.institution = account.institution
[0;36m565 |[0;0m             self.accountNumber = [4;39maccount[0;0m.[4;39maccountNumber[0;0m
    [0;36m|[0;0m                                          `- [1;31merror: [1;39mvalue of type 'FinancialAccount' has no member 'accountNumber'[0;0m
[0;36m566 |[0;0m             self.interestRate = account.interestRate
[0;36m567 |[0;0m             self.creditLimit = account.creditLimit

/Users/danielstevens/github-projects/tools-automation/MomentumFinance/Shared/Components/AccountDetailComponents.swift:566:41: [1;31merror: [1;39mvalue of type 'FinancialAccount' has no member 'interestRate'[0;0m
[0;36m564 |[0;0m             self.institution = account.institution
[0;36m565 |[0;0m             self.accountNumber = account.accountNumber
[0;36m566 |[0;0m             self.interestRate = [4;39maccount[0;0m.[4;39minterestRate[0;0m
    [0;36m|[0;0m                                         `- [1;31merror: [1;39mvalue of type 'FinancialAccount' has no member 'interestRate'[0;0m
[0;36m567 |[0;0m             self.creditLimit = account.creditLimit
[0;36m568 |[0;0m             self.dueDate = account.dueDate

/Users/danielstevens/github-projects/tools-automation/MomentumFinance/Shared/Components/AccountDetailComponents.swift:568:36: [1;31merror: [1;39mvalue of type 'FinancialAccount' has no member 'dueDate'[0;0m
[0;36m566 |[0;0m             self.interestRate = account.interestRate
[0;36m567 |[0;0m             self.creditLimit = account.creditLimit
[0;36m568 |[0;0m             self.dueDate = [4;39maccount[0;0m.[4;39mdueDate[0;0m
    [0;36m|[0;0m                                    `- [1;31merror: [1;39mvalue of type 'FinancialAccount' has no member 'dueDate'[0;0m
[0;36m569 |[0;0m             self.includeInTotal = account.includeInTotal
[0;36m570 |[0;0m             self.isActive = account.isActive

/Users/danielstevens/github-projects/tools-automation/MomentumFinance/Shared/Components/AccountDetailComponents.swift:569:43: [1;31merror: [1;39mvalue of type 'FinancialAccount' has no member 'includeInTotal'[0;0m
[0;36m567 |[0;0m             self.creditLimit = account.creditLimit
[0;36m568 |[0;0m             self.dueDate = account.dueDate
[0;36m569 |[0;0m             self.includeInTotal = [4;39maccount[0;0m.[4;39mincludeInTotal[0;0m
    [0;36m|[0;0m                                           `- [1;31merror: [1;39mvalue of type 'FinancialAccount' has no member 'includeInTotal'[0;0m
[0;36m570 |[0;0m             self.isActive = account.isActive
[0;36m571 |[0;0m             self.notes = account.notes

/Users/danielstevens/github-projects/tools-automation/MomentumFinance/Shared/Components/AccountDetailComponents.swift:570:37: [1;31merror: [1;39mvalue of type 'FinancialAccount' has no member 'isActive'[0;0m
[0;36m568 |[0;0m             self.dueDate = account.dueDate
[0;36m569 |[0;0m             self.includeInTotal = account.includeInTotal
[0;36m570 |[0;0m             self.isActive = [4;39maccount[0;0m.[4;39misActive[0;0m
    [0;36m|[0;0m                                     `- [1;31merror: [1;39mvalue of type 'FinancialAccount' has no member 'isActive'[0;0m
[0;36m571 |[0;0m             self.notes = account.notes
[0;36m572 |[0;0m         }

/Users/danielstevens/github-projects/tools-automation/MomentumFinance/Shared/Components/AccountDetailComponents.swift:571:34: [1;31merror: [1;39mvalue of type 'FinancialAccount' has no member 'notes'[0;0m
[0;36m569 |[0;0m             self.includeInTotal = account.includeInTotal
[0;36m570 |[0;0m             self.isActive = account.isActive
[0;36m571 |[0;0m             self.notes = [4;39maccount[0;0m.[4;39mnotes[0;0m
    [0;36m|[0;0m                                  `- [1;31merror: [1;39mvalue of type 'FinancialAccount' has no member 'notes'[0;0m
[0;36m572 |[0;0m         }
[0;36m573 |[0;0m     }

/Users/danielstevens/github-projects/tools-automation/MomentumFinance/Shared/Components/BudgetComponents.swift:53:28: [1;31merror: [1;39mreference to member 'systemBackground' cannot be resolved without a contextual type[0;0m
[0;36m51 |[0;0m         }
[0;36m52 |[0;0m         .padding()
[0;36m53 |[0;0m         .background(Color(.systemBackground))
   [0;36m|[0;0m                            `- [1;31merror: [1;39mreference to member 'systemBackground' cannot be resolved without a contextual type[0;0m
[0;36m54 |[0;0m         .cornerRadius(10)
[0;36m55 |[0;0m         .shadow(radius: 2)

/Users/danielstevens/github-projects/tools-automation/MomentumFinance/Shared/Components/Dashboard/DashboardUIComponents.swift:42:15: [1;31merror: [1;39minvalid redeclaration of 'DashboardAccountsSummary'[0;0m
 [0;36m40 |[0;0m // MARK: - Dashboard Accounts Summary
 [0;36m41 |[0;0m 
 [0;36m42 |[0;0m public struct DashboardAccountsSummary: View {
    [0;36m|[0;0m               `- [1;31merror: [1;39minvalid redeclaration of 'DashboardAccountsSummary'[0;0m
 [0;36m43 |[0;0m     public let accounts: [FinancialAccount]
 [0;36m44 |[0;0m     public let onAccountTap: (UUID) -> Void

/Users/danielstevens/github-projects/tools-automation/MomentumFinance/Shared/Components/Dashboard/DashboardUIComponents.swift:203:14: [1;31merror: [1;39minvalid redeclaration of 'formatCurrency'[0;0m
[0;36m201 |[0;0m // MARK: - Helper Functions
[0;36m202 |[0;0m 
[0;36m203 |[0;0m private func formatCurrency(_ amount: Double) -> String {
    [0;36m|[0;0m              `- [1;31merror: [1;39minvalid redeclaration of 'formatCurrency'[0;0m
[0;36m204 |[0;0m     let formatter = NumberFormatter()
[0;36m205 |[0;0m     formatter.numberStyle = .currency

/Users/danielstevens/github-projects/tools-automation/MomentumFinance/Shared/Components/Dashboard/DashboardUIComponents.swift:57:59: [1;31merror: [1;39mcannot convert value of type 'PersistentIdentifier' to expected argument type 'UUID'[0;0m
 [0;36m55 |[0;0m                         AccountSummaryCard(account: account)
 [0;36m56 |[0;0m                             .onTapGesture {
 [0;36m57 |[0;0m                                 self.onAccountTap(account.id)
    [0;36m|[0;0m                                                           `- [1;31merror: [1;39mcannot convert value of type 'PersistentIdentifier' to expected argument type 'UUID'[0;0m
 [0;36m58 |[0;0m                             }
 [0;36m59 |[0;0m                     }

/Users/danielstevens/github-projects/tools-automation/MomentumFinance/Shared/Components/Dashboard/DashboardUIComponents.swift:97:27: [1;31merror: [1;39mcannot find 'UIColor' in scope[0;0m
 [0;36m95 |[0;0m         }
 [0;36m96 |[0;0m         .padding()
 [0;36m97 |[0;0m         .background(Color([4;39mUIColor[0;0m.systemGray6))
    [0;36m|[0;0m                           `- [1;31merror: [1;39mcannot find 'UIColor' in scope[0;0m
 [0;36m98 |[0;0m         .cornerRadius(12)
 [0;36m99 |[0;0m         .frame(width: 160)

/Users/danielstevens/github-projects/tools-automation/MomentumFinance/Shared/Components/Dashboard/DashboardUIComponents.swift:92:31: [1;31merror: [1;39mvalue of type 'FinancialAccount' has no member 'type'[0;0m
 [0;36m90 |[0;0m                 .foregroundColor(self.account.balance >= 0 ? .green : .red)
 [0;36m91 |[0;0m 
 [0;36m92 |[0;0m             Text([4;39mself.account[0;0m.[4;39mtype[0;0m.rawValue.capitalized)
    [0;36m|[0;0m                               `- [1;31merror: [1;39mvalue of type 'FinancialAccount' has no member 'type'[0;0m
 [0;36m93 |[0;0m                 .font(.caption)
 [0;36m94 |[0;0m                 .foregroundColor(.secondary)

/Users/danielstevens/github-projects/tools-automation/MomentumFinance/Shared/Components/Dashboard/DashboardUIComponents.swift:103:29: [1;31merror: [1;39mvalue of type 'FinancialAccount' has no member 'type'[0;0m
[0;36m101 |[0;0m 
[0;36m102 |[0;0m     private var iconName: String {
[0;36m103 |[0;0m         switch [4;39mself.account[0;0m.[4;39mtype[0;0m {
    [0;36m|[0;0m                             `- [1;31merror: [1;39mvalue of type 'FinancialAccount' has no member 'type'[0;0m
[0;36m104 |[0;0m         case .checking:
[0;36m105 |[0;0m             "creditcard"

/Users/danielstevens/github-projects/tools-automation/MomentumFinance/Shared/Components/Dashboard/DashboardUIComponents.swift:189:27: [1;31merror: [1;39mcannot find 'UIColor' in scope[0;0m
[0;36m187 |[0;0m         }
[0;36m188 |[0;0m         .padding()
[0;36m189 |[0;0m         .background(Color([4;39mUIColor[0;0m.systemGray6))
    [0;36m|[0;0m                           `- [1;31merror: [1;39mcannot find 'UIColor' in scope[0;0m
[0;36m190 |[0;0m         .cornerRadius(12)
[0;36m191 |[0;0m     }

/Users/danielstevens/github-projects/tools-automation/MomentumFinance/Shared/Components/DetailViewComponents.swift:39:63: [1;31merror: [1;39mvalue of type 'ExpenseCategory' has no member 'colorHex'[0;0m
 [0;36m37 |[0;0m             HStack(spacing: 4) {
 [0;36m38 |[0;0m                 Circle()
 [0;36m39 |[0;0m                     .fill(self.getCategoryColor([4;39mself.category[0;0m.[4;39mcolorHex[0;0m))
    [0;36m|[0;0m                                                               `- [1;31merror: [1;39mvalue of type 'ExpenseCategory' has no member 'colorHex'[0;0m
 [0;36m40 |[0;0m                     .frame(width: 10, height: 10)
 [0;36m41 |[0;0m 

/Users/danielstevens/github-projects/tools-automation/MomentumFinance/Shared/Components/DetailViewComponents.swift:47:61: [1;31merror: [1;39mvalue of type 'ExpenseCategory' has no member 'colorHex'[0;0m
 [0;36m45 |[0;0m             .padding(.horizontal, 8)
 [0;36m46 |[0;0m             .padding(.vertical, 2)
 [0;36m47 |[0;0m             .background(self.getCategoryColor([4;39mself.category[0;0m.[4;39mcolorHex[0;0m).opacity(0.1))
    [0;36m|[0;0m                                                             `- [1;31merror: [1;39mvalue of type 'ExpenseCategory' has no member 'colorHex'[0;0m
 [0;36m48 |[0;0m             .cornerRadius(4)
 [0;36m49 |[0;0m         }

/Users/danielstevens/github-projects/tools-automation/MomentumFinance/Shared/Components/DetailViewComponents.swift:52:23: [1;33mwarning: [1;39mvalue 'hex' was defined but never used; consider replacing with boolean test[0;0m [#no-usage]
 [0;36m50 |[0;0m 
 [0;36m51 |[0;0m         private func getCategoryColor(_ hex: String?) -> Color {
 [0;36m52 |[0;0m             guard let hex else { return .gray }
    [0;36m|[0;0m                       `- [1;33mwarning: [1;39mvalue 'hex' was defined but never used; consider replacing with boolean test[0;0m [#no-usage]
 [0;36m53 |[0;0m             // This would parse the hex color string
 [0;36m54 |[0;0m             return .blue

/Users/danielstevens/github-projects/tools-automation/MomentumFinance/Shared/Components/DetailViewComponents.swift:81:28: [1;31merror: [1;39mmissing argument for parameter #1 in call[0;0m
 [0;36m79 |[0;0m 
 [0;36m80 |[0;0m                 if self.showDeleteButton {
 [0;36m81 |[0;0m                     Button(action: {}).accessibilityLabel("Button").accessibilityLabel("Button") {
    [0;36m|[0;0m                            `- [1;31merror: [1;39mmissing argument for parameter #1 in call[0;0m
 [0;36m82 |[0;0m                         Image(systemName: "xmark.circle.fill")
 [0;36m83 |[0;0m                             .foregroundStyle(.red)

SwiftUI.Button.init:2:36: [1;39mnote: [1;39m'init(_:action:)' declared here[0;0m
[0;36m1 |[0;0m generic struct Button {
[0;36m2 |[0;0m @preconcurrency nonisolated public init(_ titleKey: LocalizedStringKey, action: @escaping @MainActor () -> Void)}
  [0;36m|[0;0m                                    `- [1;39mnote: [1;39m'init(_:action:)' declared here[0;0m
[0;36m3 |[0;0m 

/Users/danielstevens/github-projects/tools-automation/MomentumFinance/Shared/Components/DetailViewComponents.swift:81:98: [1;31merror: [1;39mtype '_' cannot be used as a boolean; test for '!= 0' instead[0;0m
 [0;36m79 |[0;0m 
 [0;36m80 |[0;0m                 if self.showDeleteButton {
 [0;36m81 |[0;0m                     Button(action: {}).accessibilityLabel("Button").accessibilityLabel("Button") {
    [0;36m|[0;0m                                                                                                  `- [1;31merror: [1;39mtype '_' cannot be used as a boolean; test for '!= 0' instead[0;0m
 [0;36m82 |[0;0m                         Image(systemName: "xmark.circle.fill")
 [0;36m83 |[0;0m                             .foregroundStyle(.red)

/Users/danielstevens/github-projects/tools-automation/MomentumFinance/Shared/Components/DetailViewComponents.swift:287:28: [1;31merror: [1;39mcannot convert value of type 'String' to expected argument type 'PrimitiveButtonStyleConfiguration'[0;0m
[0;36m285 |[0;0m 
[0;36m286 |[0;0m                 HStack {
[0;36m287 |[0;0m                     Button("Cancel").accessibilityLabel("Button").accessibilityLabel("Button") {
    [0;36m|[0;0m                            `- [1;31merror: [1;39mcannot convert value of type 'String' to expected argument type 'PrimitiveButtonStyleConfiguration'[0;0m
[0;36m288 |[0;0m                         self.dismiss()
[0;36m289 |[0;0m                     }

/Users/danielstevens/github-projects/tools-automation/MomentumFinance/Shared/Components/DetailViewComponents.swift:287:96: [1;31merror: [1;39mtype '_' cannot be used as a boolean; test for '!= 0' instead[0;0m
[0;36m285 |[0;0m 
[0;36m286 |[0;0m                 HStack {
[0;36m287 |[0;0m                     Button("Cancel").accessibilityLabel("Button").accessibilityLabel("Button") {
    [0;36m|[0;0m                                                                                                `- [1;31merror: [1;39mtype '_' cannot be used as a boolean; test for '!= 0' instead[0;0m
[0;36m288 |[0;0m                         self.dismiss()
[0;36m289 |[0;0m                     }

/Users/danielstevens/github-projects/tools-automation/MomentumFinance/Shared/Components/DetailViewComponents.swift:322:67: [1;31merror: [1;39mvalue of type 'FinancialTransaction' has no member 'name'[0;0m
[0;36m320 |[0;0m         var body: some View {
[0;36m321 |[0;0m             VStack {
[0;36m322 |[0;0m                 Text("Transactions Similar to '\([4;39mself.transaction[0;0m.[4;39mname[0;0m)'")
    [0;36m|[0;0m                                                                   `- [1;31merror: [1;39mvalue of type 'FinancialTransaction' has no member 'name'[0;0m
[0;36m323 |[0;0m                     .font(.headline)
[0;36m324 |[0;0m                     .padding()

/Users/danielstevens/github-projects/tools-automation/MomentumFinance/Shared/Components/DetailViewComponents.swift:358:37: [1;31merror: [1;39mvalue of type 'FinancialTransaction' has no member 'name'[0;0m
[0;36m356 |[0;0m 
[0;36m357 |[0;0m         init(from transaction: FinancialTransaction) {
[0;36m358 |[0;0m             self.name = [4;39mtransaction[0;0m.[4;39mname[0;0m
    [0;36m|[0;0m                                     `- [1;31merror: [1;39mvalue of type 'FinancialTransaction' has no member 'name'[0;0m
[0;36m359 |[0;0m             self.amount = transaction.amount
[0;36m360 |[0;0m             self.date = transaction.date

/Users/danielstevens/github-projects/tools-automation/MomentumFinance/Shared/Components/DetailViewComponents.swift:361:38: [1;31merror: [1;39mvalue of optional type 'String?' must be unwrapped to a value of type 'String'[0;0m
[0;36m359 |[0;0m             self.amount = transaction.amount
[0;36m360 |[0;0m             self.date = transaction.date
[0;36m361 |[0;0m             self.notes = transaction.notes
    [0;36m|[0;0m                                      |- [1;31merror: [1;39mvalue of optional type 'String?' must be unwrapped to a value of type 'String'[0;0m
    [0;36m|[0;0m                                      |- [1;39mnote: [1;39mcoalesce using '??' to provide a default when the optional value contains 'nil'[0;0m
    [0;36m|[0;0m                                      `- [1;39mnote: [1;39mforce-unwrap using '!' to abort execution if the optional value contains 'nil'[0;0m
[0;36m362 |[0;0m             self.categoryId = transaction.category?.id ?? ""
[0;36m363 |[0;0m             self.accountId = transaction.account?.id ?? ""

/Users/danielstevens/github-projects/tools-automation/MomentumFinance/Shared/Components/DetailViewComponents.swift:362:53: [1;31merror: [1;39mcannot convert value of type 'UUID?' to expected argument type 'String?'[0;0m
[0;36m360 |[0;0m             self.date = transaction.date
[0;36m361 |[0;0m             self.notes = transaction.notes
[0;36m362 |[0;0m             self.categoryId = transaction.category?.id ?? ""
    [0;36m|[0;0m                                                     `- [1;31merror: [1;39mcannot convert value of type 'UUID?' to expected argument type 'String?'[0;0m
[0;36m363 |[0;0m             self.accountId = transaction.account?.id ?? ""
[0;36m364 |[0;0m             self.isReconciled = transaction.isReconciled

/Users/danielstevens/github-projects/tools-automation/MomentumFinance/Shared/Components/DetailViewComponents.swift:363:51: [1;31merror: [1;39mcannot convert value of type 'PersistentIdentifier?' to expected argument type 'String?'[0;0m
[0;36m361 |[0;0m             self.notes = transaction.notes
[0;36m362 |[0;0m             self.categoryId = transaction.category?.id ?? ""
[0;36m363 |[0;0m             self.accountId = transaction.account?.id ?? ""
    [0;36m|[0;0m                                                   `- [1;31merror: [1;39mcannot convert value of type 'PersistentIdentifier?' to expected argument type 'String?'[0;0m
[0;36m364 |[0;0m             self.isReconciled = transaction.isReconciled
[0;36m365 |[0;0m             self.isRecurring = transaction.isRecurring

/Users/danielstevens/github-projects/tools-automation/MomentumFinance/Shared/Components/DetailViewComponents.swift:364:45: [1;31merror: [1;39mvalue of type 'FinancialTransaction' has no member 'isReconciled'[0;0m
[0;36m362 |[0;0m             self.categoryId = transaction.category?.id ?? ""
[0;36m363 |[0;0m             self.accountId = transaction.account?.id ?? ""
[0;36m364 |[0;0m             self.isReconciled = [4;39mtransaction[0;0m.[4;39misReconciled[0;0m
    [0;36m|[0;0m                                             `- [1;31merror: [1;39mvalue of type 'FinancialTransaction' has no member 'isReconciled'[0;0m
[0;36m365 |[0;0m             self.isRecurring = transaction.isRecurring
[0;36m366 |[0;0m             self.location = transaction.location

/Users/danielstevens/github-projects/tools-automation/MomentumFinance/Shared/Components/DetailViewComponents.swift:365:44: [1;31merror: [1;39mvalue of type 'FinancialTransaction' has no member 'isRecurring'[0;0m
[0;36m363 |[0;0m             self.accountId = transaction.account?.id ?? ""
[0;36m364 |[0;0m             self.isReconciled = transaction.isReconciled
[0;36m365 |[0;0m             self.isRecurring = [4;39mtransaction[0;0m.[4;39misRecurring[0;0m
    [0;36m|[0;0m                                            `- [1;31merror: [1;39mvalue of type 'FinancialTransaction' has no member 'isRecurring'[0;0m
[0;36m366 |[0;0m             self.location = transaction.location
[0;36m367 |[0;0m             self.subcategory = transaction.subcategory

/Users/danielstevens/github-projects/tools-automation/MomentumFinance/Shared/Components/DetailViewComponents.swift:366:41: [1;31merror: [1;39mvalue of type 'FinancialTransaction' has no member 'location'[0;0m
[0;36m364 |[0;0m             self.isReconciled = transaction.isReconciled
[0;36m365 |[0;0m             self.isRecurring = transaction.isRecurring
[0;36m366 |[0;0m             self.location = [4;39mtransaction[0;0m.[4;39mlocation[0;0m
    [0;36m|[0;0m                                         `- [1;31merror: [1;39mvalue of type 'FinancialTransaction' has no member 'location'[0;0m
[0;36m367 |[0;0m             self.subcategory = transaction.subcategory
[0;36m368 |[0;0m         }

/Users/danielstevens/github-projects/tools-automation/MomentumFinance/Shared/Components/DetailViewComponents.swift:367:44: [1;31merror: [1;39mvalue of type 'FinancialTransaction' has no member 'subcategory'[0;0m
[0;36m365 |[0;0m             self.isRecurring = transaction.isRecurring
[0;36m366 |[0;0m             self.location = transaction.location
[0;36m367 |[0;0m             self.subcategory = [4;39mtransaction[0;0m.[4;39msubcategory[0;0m
    [0;36m|[0;0m                                            `- [1;31merror: [1;39mvalue of type 'FinancialTransaction' has no member 'subcategory'[0;0m
[0;36m368 |[0;0m         }
[0;36m369 |[0;0m     }

/Users/danielstevens/github-projects/tools-automation/MomentumFinance/Shared/Components/Settings/AccessibilitySettingsSection.swift:7:9: [1;31merror: [1;39mproperty 'body' must be declared public because it matches a requirement in public protocol 'View'[0;0m
 [0;36m5 |[0;0m     @Binding var reducedMotion: Bool
 [0;36m6 |[0;0m 
 [0;36m7 |[0;0m     var body: some View {
   [0;36m|[0;0m         |- [1;31merror: [1;39mproperty 'body' must be declared public because it matches a requirement in public protocol 'View'[0;0m
   [0;36m|[0;0m         `- [1;39mnote: [1;39mmark the property as 'public' to satisfy the requirement[0;0m
 [0;36m8 |[0;0m         Section(header: Text("Accessibility")) {
 [0;36m9 |[0;0m             Toggle("Haptic Feedback", isOn: self.$hapticFeedbackEnabled)

/Users/danielstevens/github-projects/tools-automation/MomentumFinance/Shared/Components/Settings/AppearanceSettingsSection.swift:6:9: [1;31merror: [1;39mproperty 'body' must be declared public because it matches a requirement in public protocol 'View'[0;0m
 [0;36m4 |[0;0m     var darkModePreference: DarkModePreference
 [0;36m5 |[0;0m 
 [0;36m6 |[0;0m     var body: some View {
   [0;36m|[0;0m         |- [1;31merror: [1;39mproperty 'body' must be declared public because it matches a requirement in public protocol 'View'[0;0m
   [0;36m|[0;0m         `- [1;39mnote: [1;39mmark the property as 'public' to satisfy the requirement[0;0m
 [0;36m7 |[0;0m         Section(header: Text("Appearance")) {
 [0;36m8 |[0;0m             Picker("Theme", selection: .constant(self.darkModePreference)) {

[#MutableGlobalVariable]: <https://docs.swift.org/compiler/documentation/diagnostics/mutable-global-variable>
[143/148] Compiling Shared GoalsReportsComponents.swift
/Users/danielstevens/github-projects/tools-automation/MomentumFinance/Shared/Animations/AnimationManager.swift:267:10: [1;31merror: [1;39mmethod 'body(content:)' must be declared public because it matches a requirement in public protocol 'ViewModifier'[0;0m
[0;36m265 |[0;0m     /// <#Description#>
[0;36m266 |[0;0m     /// - Returns: <#description#>
[0;36m267 |[0;0m     func body(content: Content) -> some View {
    [0;36m|[0;0m          |- [1;31merror: [1;39mmethod 'body(content:)' must be declared public because it matches a requirement in public protocol 'ViewModifier'[0;0m
    [0;36m|[0;0m          `- [1;39mnote: [1;39mmark the instance method as 'public' to satisfy the requirement[0;0m
[0;36m268 |[0;0m         content
[0;36m269 |[0;0m             .rotation3DEffect(

/Users/danielstevens/github-projects/tools-automation/MomentumFinance/Shared/Animations/AnimationManager.swift:287:9: [1;31merror: [1;39mproperty 'body' must be declared public because it matches a requirement in public protocol 'View'[0;0m
[0;36m285 |[0;0m     }
[0;36m286 |[0;0m 
[0;36m287 |[0;0m     var body: some View {
    [0;36m|[0;0m         |- [1;31merror: [1;39mproperty 'body' must be declared public because it matches a requirement in public protocol 'View'[0;0m
    [0;36m|[0;0m         `- [1;39mnote: [1;39mmark the property as 'public' to satisfy the requirement[0;0m
[0;36m288 |[0;0m         Group {
[0;36m289 |[0;0m             switch self.style {

/Users/danielstevens/github-projects/tools-automation/MomentumFinance/Shared/Animations/AnimationManager.swift:345:9: [1;31merror: [1;39mproperty 'body' must be declared public because it matches a requirement in public protocol 'View'[0;0m
[0;36m343 |[0;0m     @State private var animatedProgress: Double = 0
[0;36m344 |[0;0m 
[0;36m345 |[0;0m     var body: some View {
    [0;36m|[0;0m         |- [1;31merror: [1;39mproperty 'body' must be declared public because it matches a requirement in public protocol 'View'[0;0m
    [0;36m|[0;0m         `- [1;39mnote: [1;39mmark the property as 'public' to satisfy the requirement[0;0m
[0;36m346 |[0;0m         GeometryReader { geometry in
[0;36m347 |[0;0m             ZStack(alignment: .leading) {

/Users/danielstevens/github-projects/tools-automation/MomentumFinance/Shared/Animations/AnimationManager.swift:376:13: [1;31merror: [1;39mvar 'objectPool' is not concurrency-safe because it is nonisolated global shared mutable state[0;0m [#]8;;https://docs.swift.org/compiler/documentation/diagnostics/mutable-global-variable\MutableGlobalVariable]8;;\]
[0;36m374 |[0;0m 
[0;36m375 |[0;0m /// Object pool for performance optimization
[0;36m376 |[0;0m private var objectPool: [Any] = []
    [0;36m|[0;0m             |- [1;31merror: [1;39mvar 'objectPool' is not concurrency-safe because it is nonisolated global shared mutable state[0;0m [#]8;;https://docs.swift.org/compiler/documentation/diagnostics/mutable-global-variable\MutableGlobalVariable]8;;\]
    [0;36m|[0;0m             |- [1;39mnote: [1;39mconvert 'objectPool' to a 'let' constant to make 'Sendable' shared state immutable[0;0m
    [0;36m|[0;0m             |- [1;39mnote: [1;39madd '@MainActor' to make var 'objectPool' part of global actor 'MainActor'[0;0m
    [0;36m|[0;0m             `- [1;39mnote: [1;39mdisable concurrency-safety checks if accesses are protected by an external synchronization mechanism[0;0m
[0;36m377 |[0;0m private let maxPoolSize = 50
[0;36m378 |[0;0m 

/Users/danielstevens/github-projects/tools-automation/MomentumFinance/Shared/Components/AccountDetailComponents.swift:547:36: [1;31merror: [1;39m'AccountType' is not a member type of class 'MomentumFinanceCore.FinancialAccount'[0;0m
[0;36m545 |[0;0m     struct AccountEditModel {
[0;36m546 |[0;0m         var name: String
[0;36m547 |[0;0m         var type: [4;39mFinancialAccount[0;0m.AccountType
    [0;36m|[0;0m                                    `- [1;31merror: [1;39m'AccountType' is not a member type of class 'MomentumFinanceCore.FinancialAccount'[0;0m
[0;36m548 |[0;0m         var balance: Double
[0;36m549 |[0;0m         var currencyCode: String

/Users/danielstevens/github-projects/tools-automation/MomentumFinance/Sources/MomentumFinanceCore/Models.swift:93:20: [1;39mnote: [1;39m'FinancialAccount' declared here[0;0m
 [0;36m91 |[0;0m 
 [0;36m92 |[0;0m @Model
 [0;36m93 |[0;0m public final class FinancialAccount: Hashable, Encodable {
    [0;36m|[0;0m                    `- [1;39mnote: [1;39m'FinancialAccount' declared here[0;0m
 [0;36m94 |[0;0m     enum CodingKeys: String, CodingKey {
 [0;36m95 |[0;0m         case name, balance, iconName, createdDate, accountType, currencyCode, creditLimit

/Users/danielstevens/github-projects/tools-automation/MomentumFinance/Shared/Components/AccountDetailComponents.swift:31:13: [1;31merror: [1;39mswitch must be exhaustive[0;0m
 [0;36m29 |[0;0m 
 [0;36m30 |[0;0m         private var text: String {
 [0;36m31 |[0;0m             switch self.type {
    [0;36m|[0;0m             |- [1;31merror: [1;39mswitch must be exhaustive[0;0m
    [0;36m|[0;0m             `- [1;39mnote: [1;39madd missing case: '.cash'[0;0m
 [0;36m32 |[0;0m             case .checking: "Checking"
 [0;36m33 |[0;0m             case .savings: "Savings"

/Users/danielstevens/github-projects/tools-automation/MomentumFinance/Shared/Components/AccountDetailComponents.swift:40:13: [1;31merror: [1;39mswitch must be exhaustive[0;0m
 [0;36m38 |[0;0m 
 [0;36m39 |[0;0m         private var color: Color {
 [0;36m40 |[0;0m             switch self.type {
    [0;36m|[0;0m             |- [1;31merror: [1;39mswitch must be exhaustive[0;0m
    [0;36m|[0;0m             `- [1;39mnote: [1;39madd missing case: '.cash'[0;0m
 [0;36m41 |[0;0m             case .checking: .green
 [0;36m42 |[0;0m             case .savings: .blue

/Users/danielstevens/github-projects/tools-automation/MomentumFinance/Shared/Components/AccountDetailComponents.swift:354:51: [1;31merror: [1;39mvalue of type 'FinancialAccount' has no member 'interestRate'[0;0m
[0;36m352 |[0;0m                         DetailField(
[0;36m353 |[0;0m                             label: "Interest Rate",
[0;36m354 |[0;0m                             value: (([4;39mself.account[0;0m.[4;39minterestRate[0;0m ?? 0) * 100)
    [0;36m|[0;0m                                                   `- [1;31merror: [1;39mvalue of type 'FinancialAccount' has no member 'interestRate'[0;0m
[0;36m355 |[0;0m                                 .formatted(.number.precision(.fractionLength(2))) + "%"
[0;36m356 |[0;0m                         )

/Users/danielstevens/github-projects/tools-automation/MomentumFinance/Shared/Components/AccountDetailComponents.swift:522:28: [1;31merror: [1;39mcannot convert value of type 'String' to expected argument type 'PrimitiveButtonStyleConfiguration'[0;0m
[0;36m520 |[0;0m 
[0;36m521 |[0;0m                 HStack {
[0;36m522 |[0;0m                     Button("Cancel").accessibilityLabel("Button").accessibilityLabel("Button") {
    [0;36m|[0;0m                            `- [1;31merror: [1;39mcannot convert value of type 'String' to expected argument type 'PrimitiveButtonStyleConfiguration'[0;0m
[0;36m523 |[0;0m                         self.dismiss()
[0;36m524 |[0;0m                     }

/Users/danielstevens/github-projects/tools-automation/MomentumFinance/Shared/Components/AccountDetailComponents.swift:522:96: [1;31merror: [1;39mtype '_' cannot be used as a boolean; test for '!= 0' instead[0;0m
[0;36m520 |[0;0m 
[0;36m521 |[0;0m                 HStack {
[0;36m522 |[0;0m                     Button("Cancel").accessibilityLabel("Button").accessibilityLabel("Button") {
    [0;36m|[0;0m                                                                                                `- [1;31merror: [1;39mtype '_' cannot be used as a boolean; test for '!= 0' instead[0;0m
[0;36m523 |[0;0m                         self.dismiss()
[0;36m524 |[0;0m                     }

/Users/danielstevens/github-projects/tools-automation/MomentumFinance/Shared/Components/AccountDetailComponents.swift:561:33: [1;31merror: [1;39mvalue of type 'FinancialAccount' has no member 'type'[0;0m
[0;36m559 |[0;0m         init(from account: FinancialAccount) {
[0;36m560 |[0;0m             self.name = account.name
[0;36m561 |[0;0m             self.type = [4;39maccount[0;0m.[4;39mtype[0;0m
    [0;36m|[0;0m                                 `- [1;31merror: [1;39mvalue of type 'FinancialAccount' has no member 'type'[0;0m
[0;36m562 |[0;0m             self.balance = account.balance
[0;36m563 |[0;0m             self.currencyCode = account.currencyCode

/Users/danielstevens/github-projects/tools-automation/MomentumFinance/Shared/Components/AccountDetailComponents.swift:564:40: [1;31merror: [1;39mvalue of type 'FinancialAccount' has no member 'institution'[0;0m
[0;36m562 |[0;0m             self.balance = account.balance
[0;36m563 |[0;0m             self.currencyCode = account.currencyCode
[0;36m564 |[0;0m             self.institution = [4;39maccount[0;0m.[4;39minstitution[0;0m
    [0;36m|[0;0m                                        `- [1;31merror: [1;39mvalue of type 'FinancialAccount' has no member 'institution'[0;0m
[0;36m565 |[0;0m             self.accountNumber = account.accountNumber
[0;36m566 |[0;0m             self.interestRate = account.interestRate

/Users/danielstevens/github-projects/tools-automation/MomentumFinance/Shared/Components/AccountDetailComponents.swift:565:42: [1;31merror: [1;39mvalue of type 'FinancialAccount' has no member 'accountNumber'[0;0m
[0;36m563 |[0;0m             self.currencyCode = account.currencyCode
[0;36m564 |[0;0m             self.institution = account.institution
[0;36m565 |[0;0m             self.accountNumber = [4;39maccount[0;0m.[4;39maccountNumber[0;0m
    [0;36m|[0;0m                                          `- [1;31merror: [1;39mvalue of type 'FinancialAccount' has no member 'accountNumber'[0;0m
[0;36m566 |[0;0m             self.interestRate = account.interestRate
[0;36m567 |[0;0m             self.creditLimit = account.creditLimit

/Users/danielstevens/github-projects/tools-automation/MomentumFinance/Shared/Components/AccountDetailComponents.swift:566:41: [1;31merror: [1;39mvalue of type 'FinancialAccount' has no member 'interestRate'[0;0m
[0;36m564 |[0;0m             self.institution = account.institution
[0;36m565 |[0;0m             self.accountNumber = account.accountNumber
[0;36m566 |[0;0m             self.interestRate = [4;39maccount[0;0m.[4;39minterestRate[0;0m
    [0;36m|[0;0m                                         `- [1;31merror: [1;39mvalue of type 'FinancialAccount' has no member 'interestRate'[0;0m
[0;36m567 |[0;0m             self.creditLimit = account.creditLimit
[0;36m568 |[0;0m             self.dueDate = account.dueDate

/Users/danielstevens/github-projects/tools-automation/MomentumFinance/Shared/Components/AccountDetailComponents.swift:568:36: [1;31merror: [1;39mvalue of type 'FinancialAccount' has no member 'dueDate'[0;0m
[0;36m566 |[0;0m             self.interestRate = account.interestRate
[0;36m567 |[0;0m             self.creditLimit = account.creditLimit
[0;36m568 |[0;0m             self.dueDate = [4;39maccount[0;0m.[4;39mdueDate[0;0m
    [0;36m|[0;0m                                    `- [1;31merror: [1;39mvalue of type 'FinancialAccount' has no member 'dueDate'[0;0m
[0;36m569 |[0;0m             self.includeInTotal = account.includeInTotal
[0;36m570 |[0;0m             self.isActive = account.isActive

/Users/danielstevens/github-projects/tools-automation/MomentumFinance/Shared/Components/AccountDetailComponents.swift:569:43: [1;31merror: [1;39mvalue of type 'FinancialAccount' has no member 'includeInTotal'[0;0m
[0;36m567 |[0;0m             self.creditLimit = account.creditLimit
[0;36m568 |[0;0m             self.dueDate = account.dueDate
[0;36m569 |[0;0m             self.includeInTotal = [4;39maccount[0;0m.[4;39mincludeInTotal[0;0m
    [0;36m|[0;0m                                           `- [1;31merror: [1;39mvalue of type 'FinancialAccount' has no member 'includeInTotal'[0;0m
[0;36m570 |[0;0m             self.isActive = account.isActive
[0;36m571 |[0;0m             self.notes = account.notes

/Users/danielstevens/github-projects/tools-automation/MomentumFinance/Shared/Components/AccountDetailComponents.swift:570:37: [1;31merror: [1;39mvalue of type 'FinancialAccount' has no member 'isActive'[0;0m
[0;36m568 |[0;0m             self.dueDate = account.dueDate
[0;36m569 |[0;0m             self.includeInTotal = account.includeInTotal
[0;36m570 |[0;0m             self.isActive = [4;39maccount[0;0m.[4;39misActive[0;0m
    [0;36m|[0;0m                                     `- [1;31merror: [1;39mvalue of type 'FinancialAccount' has no member 'isActive'[0;0m
[0;36m571 |[0;0m             self.notes = account.notes
[0;36m572 |[0;0m         }

/Users/danielstevens/github-projects/tools-automation/MomentumFinance/Shared/Components/AccountDetailComponents.swift:571:34: [1;31merror: [1;39mvalue of type 'FinancialAccount' has no member 'notes'[0;0m
[0;36m569 |[0;0m             self.includeInTotal = account.includeInTotal
[0;36m570 |[0;0m             self.isActive = account.isActive
[0;36m571 |[0;0m             self.notes = [4;39maccount[0;0m.[4;39mnotes[0;0m
    [0;36m|[0;0m                                  `- [1;31merror: [1;39mvalue of type 'FinancialAccount' has no member 'notes'[0;0m
[0;36m572 |[0;0m         }
[0;36m573 |[0;0m     }

/Users/danielstevens/github-projects/tools-automation/MomentumFinance/Shared/Components/BudgetComponents.swift:53:28: [1;31merror: [1;39mreference to member 'systemBackground' cannot be resolved without a contextual type[0;0m
[0;36m51 |[0;0m         }
[0;36m52 |[0;0m         .padding()
[0;36m53 |[0;0m         .background(Color(.systemBackground))
   [0;36m|[0;0m                            `- [1;31merror: [1;39mreference to member 'systemBackground' cannot be resolved without a contextual type[0;0m
[0;36m54 |[0;0m         .cornerRadius(10)
[0;36m55 |[0;0m         .shadow(radius: 2)

/Users/danielstevens/github-projects/tools-automation/MomentumFinance/Shared/Components/Dashboard/DashboardUIComponents.swift:42:15: [1;31merror: [1;39minvalid redeclaration of 'DashboardAccountsSummary'[0;0m
 [0;36m40 |[0;0m // MARK: - Dashboard Accounts Summary
 [0;36m41 |[0;0m 
 [0;36m42 |[0;0m public struct DashboardAccountsSummary: View {
    [0;36m|[0;0m               `- [1;31merror: [1;39minvalid redeclaration of 'DashboardAccountsSummary'[0;0m
 [0;36m43 |[0;0m     public let accounts: [FinancialAccount]
 [0;36m44 |[0;0m     public let onAccountTap: (UUID) -> Void

/Users/danielstevens/github-projects/tools-automation/MomentumFinance/Shared/Components/Dashboard/DashboardUIComponents.swift:203:14: [1;31merror: [1;39minvalid redeclaration of 'formatCurrency'[0;0m
[0;36m201 |[0;0m // MARK: - Helper Functions
[0;36m202 |[0;0m 
[0;36m203 |[0;0m private func formatCurrency(_ amount: Double) -> String {
    [0;36m|[0;0m              `- [1;31merror: [1;39minvalid redeclaration of 'formatCurrency'[0;0m
[0;36m204 |[0;0m     let formatter = NumberFormatter()
[0;36m205 |[0;0m     formatter.numberStyle = .currency

/Users/danielstevens/github-projects/tools-automation/MomentumFinance/Shared/Components/Dashboard/DashboardUIComponents.swift:57:59: [1;31merror: [1;39mcannot convert value of type 'PersistentIdentifier' to expected argument type 'UUID'[0;0m
 [0;36m55 |[0;0m                         AccountSummaryCard(account: account)
 [0;36m56 |[0;0m                             .onTapGesture {
 [0;36m57 |[0;0m                                 self.onAccountTap(account.id)
    [0;36m|[0;0m                                                           `- [1;31merror: [1;39mcannot convert value of type 'PersistentIdentifier' to expected argument type 'UUID'[0;0m
 [0;36m58 |[0;0m                             }
 [0;36m59 |[0;0m                     }

/Users/danielstevens/github-projects/tools-automation/MomentumFinance/Shared/Components/Dashboard/DashboardUIComponents.swift:97:27: [1;31merror: [1;39mcannot find 'UIColor' in scope[0;0m
 [0;36m95 |[0;0m         }
 [0;36m96 |[0;0m         .padding()
 [0;36m97 |[0;0m         .background(Color([4;39mUIColor[0;0m.systemGray6))
    [0;36m|[0;0m                           `- [1;31merror: [1;39mcannot find 'UIColor' in scope[0;0m
 [0;36m98 |[0;0m         .cornerRadius(12)
 [0;36m99 |[0;0m         .frame(width: 160)

/Users/danielstevens/github-projects/tools-automation/MomentumFinance/Shared/Components/Dashboard/DashboardUIComponents.swift:92:31: [1;31merror: [1;39mvalue of type 'FinancialAccount' has no member 'type'[0;0m
 [0;36m90 |[0;0m                 .foregroundColor(self.account.balance >= 0 ? .green : .red)
 [0;36m91 |[0;0m 
 [0;36m92 |[0;0m             Text([4;39mself.account[0;0m.[4;39mtype[0;0m.rawValue.capitalized)
    [0;36m|[0;0m                               `- [1;31merror: [1;39mvalue of type 'FinancialAccount' has no member 'type'[0;0m
 [0;36m93 |[0;0m                 .font(.caption)
 [0;36m94 |[0;0m                 .foregroundColor(.secondary)

/Users/danielstevens/github-projects/tools-automation/MomentumFinance/Shared/Components/Dashboard/DashboardUIComponents.swift:103:29: [1;31merror: [1;39mvalue of type 'FinancialAccount' has no member 'type'[0;0m
[0;36m101 |[0;0m 
[0;36m102 |[0;0m     private var iconName: String {
[0;36m103 |[0;0m         switch [4;39mself.account[0;0m.[4;39mtype[0;0m {
    [0;36m|[0;0m                             `- [1;31merror: [1;39mvalue of type 'FinancialAccount' has no member 'type'[0;0m
[0;36m104 |[0;0m         case .checking:
[0;36m105 |[0;0m             "creditcard"

/Users/danielstevens/github-projects/tools-automation/MomentumFinance/Shared/Components/Dashboard/DashboardUIComponents.swift:189:27: [1;31merror: [1;39mcannot find 'UIColor' in scope[0;0m
[0;36m187 |[0;0m         }
[0;36m188 |[0;0m         .padding()
[0;36m189 |[0;0m         .background(Color([4;39mUIColor[0;0m.systemGray6))
    [0;36m|[0;0m                           `- [1;31merror: [1;39mcannot find 'UIColor' in scope[0;0m
[0;36m190 |[0;0m         .cornerRadius(12)
[0;36m191 |[0;0m     }

/Users/danielstevens/github-projects/tools-automation/MomentumFinance/Shared/Components/DetailViewComponents.swift:39:63: [1;31merror: [1;39mvalue of type 'ExpenseCategory' has no member 'colorHex'[0;0m
 [0;36m37 |[0;0m             HStack(spacing: 4) {
 [0;36m38 |[0;0m                 Circle()
 [0;36m39 |[0;0m                     .fill(self.getCategoryColor([4;39mself.category[0;0m.[4;39mcolorHex[0;0m))
    [0;36m|[0;0m                                                               `- [1;31merror: [1;39mvalue of type 'ExpenseCategory' has no member 'colorHex'[0;0m
 [0;36m40 |[0;0m                     .frame(width: 10, height: 10)
 [0;36m41 |[0;0m 

/Users/danielstevens/github-projects/tools-automation/MomentumFinance/Shared/Components/DetailViewComponents.swift:47:61: [1;31merror: [1;39mvalue of type 'ExpenseCategory' has no member 'colorHex'[0;0m
 [0;36m45 |[0;0m             .padding(.horizontal, 8)
 [0;36m46 |[0;0m             .padding(.vertical, 2)
 [0;36m47 |[0;0m             .background(self.getCategoryColor([4;39mself.category[0;0m.[4;39mcolorHex[0;0m).opacity(0.1))
    [0;36m|[0;0m                                                             `- [1;31merror: [1;39mvalue of type 'ExpenseCategory' has no member 'colorHex'[0;0m
 [0;36m48 |[0;0m             .cornerRadius(4)
 [0;36m49 |[0;0m         }

/Users/danielstevens/github-projects/tools-automation/MomentumFinance/Shared/Components/DetailViewComponents.swift:52:23: [1;33mwarning: [1;39mvalue 'hex' was defined but never used; consider replacing with boolean test[0;0m [#no-usage]
 [0;36m50 |[0;0m 
 [0;36m51 |[0;0m         private func getCategoryColor(_ hex: String?) -> Color {
 [0;36m52 |[0;0m             guard let hex else { return .gray }
    [0;36m|[0;0m                       `- [1;33mwarning: [1;39mvalue 'hex' was defined but never used; consider replacing with boolean test[0;0m [#no-usage]
 [0;36m53 |[0;0m             // This would parse the hex color string
 [0;36m54 |[0;0m             return .blue

/Users/danielstevens/github-projects/tools-automation/MomentumFinance/Shared/Components/DetailViewComponents.swift:81:28: [1;31merror: [1;39mmissing argument for parameter #1 in call[0;0m
 [0;36m79 |[0;0m 
 [0;36m80 |[0;0m                 if self.showDeleteButton {
 [0;36m81 |[0;0m                     Button(action: {}).accessibilityLabel("Button").accessibilityLabel("Button") {
    [0;36m|[0;0m                            `- [1;31merror: [1;39mmissing argument for parameter #1 in call[0;0m
 [0;36m82 |[0;0m                         Image(systemName: "xmark.circle.fill")
 [0;36m83 |[0;0m                             .foregroundStyle(.red)

SwiftUI.Button.init:2:36: [1;39mnote: [1;39m'init(_:action:)' declared here[0;0m
[0;36m1 |[0;0m generic struct Button {
[0;36m2 |[0;0m @preconcurrency nonisolated public init(_ titleKey: LocalizedStringKey, action: @escaping @MainActor () -> Void)}
  [0;36m|[0;0m                                    `- [1;39mnote: [1;39m'init(_:action:)' declared here[0;0m
[0;36m3 |[0;0m 

/Users/danielstevens/github-projects/tools-automation/MomentumFinance/Shared/Components/DetailViewComponents.swift:81:98: [1;31merror: [1;39mtype '_' cannot be used as a boolean; test for '!= 0' instead[0;0m
 [0;36m79 |[0;0m 
 [0;36m80 |[0;0m                 if self.showDeleteButton {
 [0;36m81 |[0;0m                     Button(action: {}).accessibilityLabel("Button").accessibilityLabel("Button") {
    [0;36m|[0;0m                                                                                                  `- [1;31merror: [1;39mtype '_' cannot be used as a boolean; test for '!= 0' instead[0;0m
 [0;36m82 |[0;0m                         Image(systemName: "xmark.circle.fill")
 [0;36m83 |[0;0m                             .foregroundStyle(.red)

/Users/danielstevens/github-projects/tools-automation/MomentumFinance/Shared/Components/DetailViewComponents.swift:287:28: [1;31merror: [1;39mcannot convert value of type 'String' to expected argument type 'PrimitiveButtonStyleConfiguration'[0;0m
[0;36m285 |[0;0m 
[0;36m286 |[0;0m                 HStack {
[0;36m287 |[0;0m                     Button("Cancel").accessibilityLabel("Button").accessibilityLabel("Button") {
    [0;36m|[0;0m                            `- [1;31merror: [1;39mcannot convert value of type 'String' to expected argument type 'PrimitiveButtonStyleConfiguration'[0;0m
[0;36m288 |[0;0m                         self.dismiss()
[0;36m289 |[0;0m                     }

/Users/danielstevens/github-projects/tools-automation/MomentumFinance/Shared/Components/DetailViewComponents.swift:287:96: [1;31merror: [1;39mtype '_' cannot be used as a boolean; test for '!= 0' instead[0;0m
[0;36m285 |[0;0m 
[0;36m286 |[0;0m                 HStack {
[0;36m287 |[0;0m                     Button("Cancel").accessibilityLabel("Button").accessibilityLabel("Button") {
    [0;36m|[0;0m                                                                                                `- [1;31merror: [1;39mtype '_' cannot be used as a boolean; test for '!= 0' instead[0;0m
[0;36m288 |[0;0m                         self.dismiss()
[0;36m289 |[0;0m                     }

/Users/danielstevens/github-projects/tools-automation/MomentumFinance/Shared/Components/DetailViewComponents.swift:322:67: [1;31merror: [1;39mvalue of type 'FinancialTransaction' has no member 'name'[0;0m
[0;36m320 |[0;0m         var body: some View {
[0;36m321 |[0;0m             VStack {
[0;36m322 |[0;0m                 Text("Transactions Similar to '\([4;39mself.transaction[0;0m.[4;39mname[0;0m)'")
    [0;36m|[0;0m                                                                   `- [1;31merror: [1;39mvalue of type 'FinancialTransaction' has no member 'name'[0;0m
[0;36m323 |[0;0m                     .font(.headline)
[0;36m324 |[0;0m                     .padding()

/Users/danielstevens/github-projects/tools-automation/MomentumFinance/Shared/Components/DetailViewComponents.swift:358:37: [1;31merror: [1;39mvalue of type 'FinancialTransaction' has no member 'name'[0;0m
[0;36m356 |[0;0m 
[0;36m357 |[0;0m         init(from transaction: FinancialTransaction) {
[0;36m358 |[0;0m             self.name = [4;39mtransaction[0;0m.[4;39mname[0;0m
    [0;36m|[0;0m                                     `- [1;31merror: [1;39mvalue of type 'FinancialTransaction' has no member 'name'[0;0m
[0;36m359 |[0;0m             self.amount = transaction.amount
[0;36m360 |[0;0m             self.date = transaction.date

/Users/danielstevens/github-projects/tools-automation/MomentumFinance/Shared/Components/DetailViewComponents.swift:361:38: [1;31merror: [1;39mvalue of optional type 'String?' must be unwrapped to a value of type 'String'[0;0m
[0;36m359 |[0;0m             self.amount = transaction.amount
[0;36m360 |[0;0m             self.date = transaction.date
[0;36m361 |[0;0m             self.notes = transaction.notes
    [0;36m|[0;0m                                      |- [1;31merror: [1;39mvalue of optional type 'String?' must be unwrapped to a value of type 'String'[0;0m
    [0;36m|[0;0m                                      |- [1;39mnote: [1;39mcoalesce using '??' to provide a default when the optional value contains 'nil'[0;0m
    [0;36m|[0;0m                                      `- [1;39mnote: [1;39mforce-unwrap using '!' to abort execution if the optional value contains 'nil'[0;0m
[0;36m362 |[0;0m             self.categoryId = transaction.category?.id ?? ""
[0;36m363 |[0;0m             self.accountId = transaction.account?.id ?? ""

/Users/danielstevens/github-projects/tools-automation/MomentumFinance/Shared/Components/DetailViewComponents.swift:362:53: [1;31merror: [1;39mcannot convert value of type 'UUID?' to expected argument type 'String?'[0;0m
[0;36m360 |[0;0m             self.date = transaction.date
[0;36m361 |[0;0m             self.notes = transaction.notes
[0;36m362 |[0;0m             self.categoryId = transaction.category?.id ?? ""
    [0;36m|[0;0m                                                     `- [1;31merror: [1;39mcannot convert value of type 'UUID?' to expected argument type 'String?'[0;0m
[0;36m363 |[0;0m             self.accountId = transaction.account?.id ?? ""
[0;36m364 |[0;0m             self.isReconciled = transaction.isReconciled

/Users/danielstevens/github-projects/tools-automation/MomentumFinance/Shared/Components/DetailViewComponents.swift:363:51: [1;31merror: [1;39mcannot convert value of type 'PersistentIdentifier?' to expected argument type 'String?'[0;0m
[0;36m361 |[0;0m             self.notes = transaction.notes
[0;36m362 |[0;0m             self.categoryId = transaction.category?.id ?? ""
[0;36m363 |[0;0m             self.accountId = transaction.account?.id ?? ""
    [0;36m|[0;0m                                                   `- [1;31merror: [1;39mcannot convert value of type 'PersistentIdentifier?' to expected argument type 'String?'[0;0m
[0;36m364 |[0;0m             self.isReconciled = transaction.isReconciled
[0;36m365 |[0;0m             self.isRecurring = transaction.isRecurring

/Users/danielstevens/github-projects/tools-automation/MomentumFinance/Shared/Components/DetailViewComponents.swift:364:45: [1;31merror: [1;39mvalue of type 'FinancialTransaction' has no member 'isReconciled'[0;0m
[0;36m362 |[0;0m             self.categoryId = transaction.category?.id ?? ""
[0;36m363 |[0;0m             self.accountId = transaction.account?.id ?? ""
[0;36m364 |[0;0m             self.isReconciled = [4;39mtransaction[0;0m.[4;39misReconciled[0;0m
    [0;36m|[0;0m                                             `- [1;31merror: [1;39mvalue of type 'FinancialTransaction' has no member 'isReconciled'[0;0m
[0;36m365 |[0;0m             self.isRecurring = transaction.isRecurring
[0;36m366 |[0;0m             self.location = transaction.location

/Users/danielstevens/github-projects/tools-automation/MomentumFinance/Shared/Components/DetailViewComponents.swift:365:44: [1;31merror: [1;39mvalue of type 'FinancialTransaction' has no member 'isRecurring'[0;0m
[0;36m363 |[0;0m             self.accountId = transaction.account?.id ?? ""
[0;36m364 |[0;0m             self.isReconciled = transaction.isReconciled
[0;36m365 |[0;0m             self.isRecurring = [4;39mtransaction[0;0m.[4;39misRecurring[0;0m
    [0;36m|[0;0m                                            `- [1;31merror: [1;39mvalue of type 'FinancialTransaction' has no member 'isRecurring'[0;0m
[0;36m366 |[0;0m             self.location = transaction.location
[0;36m367 |[0;0m             self.subcategory = transaction.subcategory

/Users/danielstevens/github-projects/tools-automation/MomentumFinance/Shared/Components/DetailViewComponents.swift:366:41: [1;31merror: [1;39mvalue of type 'FinancialTransaction' has no member 'location'[0;0m
[0;36m364 |[0;0m             self.isReconciled = transaction.isReconciled
[0;36m365 |[0;0m             self.isRecurring = transaction.isRecurring
[0;36m366 |[0;0m             self.location = [4;39mtransaction[0;0m.[4;39mlocation[0;0m
    [0;36m|[0;0m                                         `- [1;31merror: [1;39mvalue of type 'FinancialTransaction' has no member 'location'[0;0m
[0;36m367 |[0;0m             self.subcategory = transaction.subcategory
[0;36m368 |[0;0m         }

/Users/danielstevens/github-projects/tools-automation/MomentumFinance/Shared/Components/DetailViewComponents.swift:367:44: [1;31merror: [1;39mvalue of type 'FinancialTransaction' has no member 'subcategory'[0;0m
[0;36m365 |[0;0m             self.isRecurring = transaction.isRecurring
[0;36m366 |[0;0m             self.location = transaction.location
[0;36m367 |[0;0m             self.subcategory = [4;39mtransaction[0;0m.[4;39msubcategory[0;0m
    [0;36m|[0;0m                                            `- [1;31merror: [1;39mvalue of type 'FinancialTransaction' has no member 'subcategory'[0;0m
[0;36m368 |[0;0m         }
[0;36m369 |[0;0m     }

/Users/danielstevens/github-projects/tools-automation/MomentumFinance/Shared/Components/Settings/AccessibilitySettingsSection.swift:7:9: [1;31merror: [1;39mproperty 'body' must be declared public because it matches a requirement in public protocol 'View'[0;0m
 [0;36m5 |[0;0m     @Binding var reducedMotion: Bool
 [0;36m6 |[0;0m 
 [0;36m7 |[0;0m     var body: some View {
   [0;36m|[0;0m         |- [1;31merror: [1;39mproperty 'body' must be declared public because it matches a requirement in public protocol 'View'[0;0m
   [0;36m|[0;0m         `- [1;39mnote: [1;39mmark the property as 'public' to satisfy the requirement[0;0m
 [0;36m8 |[0;0m         Section(header: Text("Accessibility")) {
 [0;36m9 |[0;0m             Toggle("Haptic Feedback", isOn: self.$hapticFeedbackEnabled)

/Users/danielstevens/github-projects/tools-automation/MomentumFinance/Shared/Components/Settings/AppearanceSettingsSection.swift:6:9: [1;31merror: [1;39mproperty 'body' must be declared public because it matches a requirement in public protocol 'View'[0;0m
 [0;36m4 |[0;0m     var darkModePreference: DarkModePreference
 [0;36m5 |[0;0m 
 [0;36m6 |[0;0m     var body: some View {
   [0;36m|[0;0m         |- [1;31merror: [1;39mproperty 'body' must be declared public because it matches a requirement in public protocol 'View'[0;0m
   [0;36m|[0;0m         `- [1;39mnote: [1;39mmark the property as 'public' to satisfy the requirement[0;0m
 [0;36m7 |[0;0m         Section(header: Text("Appearance")) {
 [0;36m8 |[0;0m             Picker("Theme", selection: .constant(self.darkModePreference)) {

[#MutableGlobalVariable]: <https://docs.swift.org/compiler/documentation/diagnostics/mutable-global-variable>
[144/148] Compiling Shared ImportResultView.swift
/Users/danielstevens/github-projects/tools-automation/MomentumFinance/Shared/Animations/AnimationManager.swift:267:10: [1;31merror: [1;39mmethod 'body(content:)' must be declared public because it matches a requirement in public protocol 'ViewModifier'[0;0m
[0;36m265 |[0;0m     /// <#Description#>
[0;36m266 |[0;0m     /// - Returns: <#description#>
[0;36m267 |[0;0m     func body(content: Content) -> some View {
    [0;36m|[0;0m          |- [1;31merror: [1;39mmethod 'body(content:)' must be declared public because it matches a requirement in public protocol 'ViewModifier'[0;0m
    [0;36m|[0;0m          `- [1;39mnote: [1;39mmark the instance method as 'public' to satisfy the requirement[0;0m
[0;36m268 |[0;0m         content
[0;36m269 |[0;0m             .rotation3DEffect(

/Users/danielstevens/github-projects/tools-automation/MomentumFinance/Shared/Animations/AnimationManager.swift:287:9: [1;31merror: [1;39mproperty 'body' must be declared public because it matches a requirement in public protocol 'View'[0;0m
[0;36m285 |[0;0m     }
[0;36m286 |[0;0m 
[0;36m287 |[0;0m     var body: some View {
    [0;36m|[0;0m         |- [1;31merror: [1;39mproperty 'body' must be declared public because it matches a requirement in public protocol 'View'[0;0m
    [0;36m|[0;0m         `- [1;39mnote: [1;39mmark the property as 'public' to satisfy the requirement[0;0m
[0;36m288 |[0;0m         Group {
[0;36m289 |[0;0m             switch self.style {

/Users/danielstevens/github-projects/tools-automation/MomentumFinance/Shared/Animations/AnimationManager.swift:345:9: [1;31merror: [1;39mproperty 'body' must be declared public because it matches a requirement in public protocol 'View'[0;0m
[0;36m343 |[0;0m     @State private var animatedProgress: Double = 0
[0;36m344 |[0;0m 
[0;36m345 |[0;0m     var body: some View {
    [0;36m|[0;0m         |- [1;31merror: [1;39mproperty 'body' must be declared public because it matches a requirement in public protocol 'View'[0;0m
    [0;36m|[0;0m         `- [1;39mnote: [1;39mmark the property as 'public' to satisfy the requirement[0;0m
[0;36m346 |[0;0m         GeometryReader { geometry in
[0;36m347 |[0;0m             ZStack(alignment: .leading) {

/Users/danielstevens/github-projects/tools-automation/MomentumFinance/Shared/Animations/AnimationManager.swift:376:13: [1;31merror: [1;39mvar 'objectPool' is not concurrency-safe because it is nonisolated global shared mutable state[0;0m [#]8;;https://docs.swift.org/compiler/documentation/diagnostics/mutable-global-variable\MutableGlobalVariable]8;;\]
[0;36m374 |[0;0m 
[0;36m375 |[0;0m /// Object pool for performance optimization
[0;36m376 |[0;0m private var objectPool: [Any] = []
    [0;36m|[0;0m             |- [1;31merror: [1;39mvar 'objectPool' is not concurrency-safe because it is nonisolated global shared mutable state[0;0m [#]8;;https://docs.swift.org/compiler/documentation/diagnostics/mutable-global-variable\MutableGlobalVariable]8;;\]
    [0;36m|[0;0m             |- [1;39mnote: [1;39mconvert 'objectPool' to a 'let' constant to make 'Sendable' shared state immutable[0;0m
    [0;36m|[0;0m             |- [1;39mnote: [1;39madd '@MainActor' to make var 'objectPool' part of global actor 'MainActor'[0;0m
    [0;36m|[0;0m             `- [1;39mnote: [1;39mdisable concurrency-safety checks if accesses are protected by an external synchronization mechanism[0;0m
[0;36m377 |[0;0m private let maxPoolSize = 50
[0;36m378 |[0;0m 

/Users/danielstevens/github-projects/tools-automation/MomentumFinance/Shared/Components/AccountDetailComponents.swift:547:36: [1;31merror: [1;39m'AccountType' is not a member type of class 'MomentumFinanceCore.FinancialAccount'[0;0m
[0;36m545 |[0;0m     struct AccountEditModel {
[0;36m546 |[0;0m         var name: String
[0;36m547 |[0;0m         var type: [4;39mFinancialAccount[0;0m.AccountType
    [0;36m|[0;0m                                    `- [1;31merror: [1;39m'AccountType' is not a member type of class 'MomentumFinanceCore.FinancialAccount'[0;0m
[0;36m548 |[0;0m         var balance: Double
[0;36m549 |[0;0m         var currencyCode: String

/Users/danielstevens/github-projects/tools-automation/MomentumFinance/Sources/MomentumFinanceCore/Models.swift:93:20: [1;39mnote: [1;39m'FinancialAccount' declared here[0;0m
 [0;36m91 |[0;0m 
 [0;36m92 |[0;0m @Model
 [0;36m93 |[0;0m public final class FinancialAccount: Hashable, Encodable {
    [0;36m|[0;0m                    `- [1;39mnote: [1;39m'FinancialAccount' declared here[0;0m
 [0;36m94 |[0;0m     enum CodingKeys: String, CodingKey {
 [0;36m95 |[0;0m         case name, balance, iconName, createdDate, accountType, currencyCode, creditLimit

/Users/danielstevens/github-projects/tools-automation/MomentumFinance/Shared/Components/AccountDetailComponents.swift:31:13: [1;31merror: [1;39mswitch must be exhaustive[0;0m
 [0;36m29 |[0;0m 
 [0;36m30 |[0;0m         private var text: String {
 [0;36m31 |[0;0m             switch self.type {
    [0;36m|[0;0m             |- [1;31merror: [1;39mswitch must be exhaustive[0;0m
    [0;36m|[0;0m             `- [1;39mnote: [1;39madd missing case: '.cash'[0;0m
 [0;36m32 |[0;0m             case .checking: "Checking"
 [0;36m33 |[0;0m             case .savings: "Savings"

/Users/danielstevens/github-projects/tools-automation/MomentumFinance/Shared/Components/AccountDetailComponents.swift:40:13: [1;31merror: [1;39mswitch must be exhaustive[0;0m
 [0;36m38 |[0;0m 
 [0;36m39 |[0;0m         private var color: Color {
 [0;36m40 |[0;0m             switch self.type {
    [0;36m|[0;0m             |- [1;31merror: [1;39mswitch must be exhaustive[0;0m
    [0;36m|[0;0m             `- [1;39mnote: [1;39madd missing case: '.cash'[0;0m
 [0;36m41 |[0;0m             case .checking: .green
 [0;36m42 |[0;0m             case .savings: .blue

/Users/danielstevens/github-projects/tools-automation/MomentumFinance/Shared/Components/AccountDetailComponents.swift:354:51: [1;31merror: [1;39mvalue of type 'FinancialAccount' has no member 'interestRate'[0;0m
[0;36m352 |[0;0m                         DetailField(
[0;36m353 |[0;0m                             label: "Interest Rate",
[0;36m354 |[0;0m                             value: (([4;39mself.account[0;0m.[4;39minterestRate[0;0m ?? 0) * 100)
    [0;36m|[0;0m                                                   `- [1;31merror: [1;39mvalue of type 'FinancialAccount' has no member 'interestRate'[0;0m
[0;36m355 |[0;0m                                 .formatted(.number.precision(.fractionLength(2))) + "%"
[0;36m356 |[0;0m                         )

/Users/danielstevens/github-projects/tools-automation/MomentumFinance/Shared/Components/AccountDetailComponents.swift:522:28: [1;31merror: [1;39mcannot convert value of type 'String' to expected argument type 'PrimitiveButtonStyleConfiguration'[0;0m
[0;36m520 |[0;0m 
[0;36m521 |[0;0m                 HStack {
[0;36m522 |[0;0m                     Button("Cancel").accessibilityLabel("Button").accessibilityLabel("Button") {
    [0;36m|[0;0m                            `- [1;31merror: [1;39mcannot convert value of type 'String' to expected argument type 'PrimitiveButtonStyleConfiguration'[0;0m
[0;36m523 |[0;0m                         self.dismiss()
[0;36m524 |[0;0m                     }

/Users/danielstevens/github-projects/tools-automation/MomentumFinance/Shared/Components/AccountDetailComponents.swift:522:96: [1;31merror: [1;39mtype '_' cannot be used as a boolean; test for '!= 0' instead[0;0m
[0;36m520 |[0;0m 
[0;36m521 |[0;0m                 HStack {
[0;36m522 |[0;0m                     Button("Cancel").accessibilityLabel("Button").accessibilityLabel("Button") {
    [0;36m|[0;0m                                                                                                `- [1;31merror: [1;39mtype '_' cannot be used as a boolean; test for '!= 0' instead[0;0m
[0;36m523 |[0;0m                         self.dismiss()
[0;36m524 |[0;0m                     }

/Users/danielstevens/github-projects/tools-automation/MomentumFinance/Shared/Components/AccountDetailComponents.swift:561:33: [1;31merror: [1;39mvalue of type 'FinancialAccount' has no member 'type'[0;0m
[0;36m559 |[0;0m         init(from account: FinancialAccount) {
[0;36m560 |[0;0m             self.name = account.name
[0;36m561 |[0;0m             self.type = [4;39maccount[0;0m.[4;39mtype[0;0m
    [0;36m|[0;0m                                 `- [1;31merror: [1;39mvalue of type 'FinancialAccount' has no member 'type'[0;0m
[0;36m562 |[0;0m             self.balance = account.balance
[0;36m563 |[0;0m             self.currencyCode = account.currencyCode

/Users/danielstevens/github-projects/tools-automation/MomentumFinance/Shared/Components/AccountDetailComponents.swift:564:40: [1;31merror: [1;39mvalue of type 'FinancialAccount' has no member 'institution'[0;0m
[0;36m562 |[0;0m             self.balance = account.balance
[0;36m563 |[0;0m             self.currencyCode = account.currencyCode
[0;36m564 |[0;0m             self.institution = [4;39maccount[0;0m.[4;39minstitution[0;0m
    [0;36m|[0;0m                                        `- [1;31merror: [1;39mvalue of type 'FinancialAccount' has no member 'institution'[0;0m
[0;36m565 |[0;0m             self.accountNumber = account.accountNumber
[0;36m566 |[0;0m             self.interestRate = account.interestRate

/Users/danielstevens/github-projects/tools-automation/MomentumFinance/Shared/Components/AccountDetailComponents.swift:565:42: [1;31merror: [1;39mvalue of type 'FinancialAccount' has no member 'accountNumber'[0;0m
[0;36m563 |[0;0m             self.currencyCode = account.currencyCode
[0;36m564 |[0;0m             self.institution = account.institution
[0;36m565 |[0;0m             self.accountNumber = [4;39maccount[0;0m.[4;39maccountNumber[0;0m
    [0;36m|[0;0m                                          `- [1;31merror: [1;39mvalue of type 'FinancialAccount' has no member 'accountNumber'[0;0m
[0;36m566 |[0;0m             self.interestRate = account.interestRate
[0;36m567 |[0;0m             self.creditLimit = account.creditLimit

/Users/danielstevens/github-projects/tools-automation/MomentumFinance/Shared/Components/AccountDetailComponents.swift:566:41: [1;31merror: [1;39mvalue of type 'FinancialAccount' has no member 'interestRate'[0;0m
[0;36m564 |[0;0m             self.institution = account.institution
[0;36m565 |[0;0m             self.accountNumber = account.accountNumber
[0;36m566 |[0;0m             self.interestRate = [4;39maccount[0;0m.[4;39minterestRate[0;0m
    [0;36m|[0;0m                                         `- [1;31merror: [1;39mvalue of type 'FinancialAccount' has no member 'interestRate'[0;0m
[0;36m567 |[0;0m             self.creditLimit = account.creditLimit
[0;36m568 |[0;0m             self.dueDate = account.dueDate

/Users/danielstevens/github-projects/tools-automation/MomentumFinance/Shared/Components/AccountDetailComponents.swift:568:36: [1;31merror: [1;39mvalue of type 'FinancialAccount' has no member 'dueDate'[0;0m
[0;36m566 |[0;0m             self.interestRate = account.interestRate
[0;36m567 |[0;0m             self.creditLimit = account.creditLimit
[0;36m568 |[0;0m             self.dueDate = [4;39maccount[0;0m.[4;39mdueDate[0;0m
    [0;36m|[0;0m                                    `- [1;31merror: [1;39mvalue of type 'FinancialAccount' has no member 'dueDate'[0;0m
[0;36m569 |[0;0m             self.includeInTotal = account.includeInTotal
[0;36m570 |[0;0m             self.isActive = account.isActive

/Users/danielstevens/github-projects/tools-automation/MomentumFinance/Shared/Components/AccountDetailComponents.swift:569:43: [1;31merror: [1;39mvalue of type 'FinancialAccount' has no member 'includeInTotal'[0;0m
[0;36m567 |[0;0m             self.creditLimit = account.creditLimit
[0;36m568 |[0;0m             self.dueDate = account.dueDate
[0;36m569 |[0;0m             self.includeInTotal = [4;39maccount[0;0m.[4;39mincludeInTotal[0;0m
    [0;36m|[0;0m                                           `- [1;31merror: [1;39mvalue of type 'FinancialAccount' has no member 'includeInTotal'[0;0m
[0;36m570 |[0;0m             self.isActive = account.isActive
[0;36m571 |[0;0m             self.notes = account.notes

/Users/danielstevens/github-projects/tools-automation/MomentumFinance/Shared/Components/AccountDetailComponents.swift:570:37: [1;31merror: [1;39mvalue of type 'FinancialAccount' has no member 'isActive'[0;0m
[0;36m568 |[0;0m             self.dueDate = account.dueDate
[0;36m569 |[0;0m             self.includeInTotal = account.includeInTotal
[0;36m570 |[0;0m             self.isActive = [4;39maccount[0;0m.[4;39misActive[0;0m
    [0;36m|[0;0m                                     `- [1;31merror: [1;39mvalue of type 'FinancialAccount' has no member 'isActive'[0;0m
[0;36m571 |[0;0m             self.notes = account.notes
[0;36m572 |[0;0m         }

/Users/danielstevens/github-projects/tools-automation/MomentumFinance/Shared/Components/AccountDetailComponents.swift:571:34: [1;31merror: [1;39mvalue of type 'FinancialAccount' has no member 'notes'[0;0m
[0;36m569 |[0;0m             self.includeInTotal = account.includeInTotal
[0;36m570 |[0;0m             self.isActive = account.isActive
[0;36m571 |[0;0m             self.notes = [4;39maccount[0;0m.[4;39mnotes[0;0m
    [0;36m|[0;0m                                  `- [1;31merror: [1;39mvalue of type 'FinancialAccount' has no member 'notes'[0;0m
[0;36m572 |[0;0m         }
[0;36m573 |[0;0m     }

/Users/danielstevens/github-projects/tools-automation/MomentumFinance/Shared/Components/BudgetComponents.swift:53:28: [1;31merror: [1;39mreference to member 'systemBackground' cannot be resolved without a contextual type[0;0m
[0;36m51 |[0;0m         }
[0;36m52 |[0;0m         .padding()
[0;36m53 |[0;0m         .background(Color(.systemBackground))
   [0;36m|[0;0m                            `- [1;31merror: [1;39mreference to member 'systemBackground' cannot be resolved without a contextual type[0;0m
[0;36m54 |[0;0m         .cornerRadius(10)
[0;36m55 |[0;0m         .shadow(radius: 2)

/Users/danielstevens/github-projects/tools-automation/MomentumFinance/Shared/Components/Dashboard/DashboardUIComponents.swift:42:15: [1;31merror: [1;39minvalid redeclaration of 'DashboardAccountsSummary'[0;0m
 [0;36m40 |[0;0m // MARK: - Dashboard Accounts Summary
 [0;36m41 |[0;0m 
 [0;36m42 |[0;0m public struct DashboardAccountsSummary: View {
    [0;36m|[0;0m               `- [1;31merror: [1;39minvalid redeclaration of 'DashboardAccountsSummary'[0;0m
 [0;36m43 |[0;0m     public let accounts: [FinancialAccount]
 [0;36m44 |[0;0m     public let onAccountTap: (UUID) -> Void

/Users/danielstevens/github-projects/tools-automation/MomentumFinance/Shared/Components/Dashboard/DashboardUIComponents.swift:203:14: [1;31merror: [1;39minvalid redeclaration of 'formatCurrency'[0;0m
[0;36m201 |[0;0m // MARK: - Helper Functions
[0;36m202 |[0;0m 
[0;36m203 |[0;0m private func formatCurrency(_ amount: Double) -> String {
    [0;36m|[0;0m              `- [1;31merror: [1;39minvalid redeclaration of 'formatCurrency'[0;0m
[0;36m204 |[0;0m     let formatter = NumberFormatter()
[0;36m205 |[0;0m     formatter.numberStyle = .currency

/Users/danielstevens/github-projects/tools-automation/MomentumFinance/Shared/Components/Dashboard/DashboardUIComponents.swift:57:59: [1;31merror: [1;39mcannot convert value of type 'PersistentIdentifier' to expected argument type 'UUID'[0;0m
 [0;36m55 |[0;0m                         AccountSummaryCard(account: account)
 [0;36m56 |[0;0m                             .onTapGesture {
 [0;36m57 |[0;0m                                 self.onAccountTap(account.id)
    [0;36m|[0;0m                                                           `- [1;31merror: [1;39mcannot convert value of type 'PersistentIdentifier' to expected argument type 'UUID'[0;0m
 [0;36m58 |[0;0m                             }
 [0;36m59 |[0;0m                     }

/Users/danielstevens/github-projects/tools-automation/MomentumFinance/Shared/Components/Dashboard/DashboardUIComponents.swift:97:27: [1;31merror: [1;39mcannot find 'UIColor' in scope[0;0m
 [0;36m95 |[0;0m         }
 [0;36m96 |[0;0m         .padding()
 [0;36m97 |[0;0m         .background(Color([4;39mUIColor[0;0m.systemGray6))
    [0;36m|[0;0m                           `- [1;31merror: [1;39mcannot find 'UIColor' in scope[0;0m
 [0;36m98 |[0;0m         .cornerRadius(12)
 [0;36m99 |[0;0m         .frame(width: 160)

/Users/danielstevens/github-projects/tools-automation/MomentumFinance/Shared/Components/Dashboard/DashboardUIComponents.swift:92:31: [1;31merror: [1;39mvalue of type 'FinancialAccount' has no member 'type'[0;0m
 [0;36m90 |[0;0m                 .foregroundColor(self.account.balance >= 0 ? .green : .red)
 [0;36m91 |[0;0m 
 [0;36m92 |[0;0m             Text([4;39mself.account[0;0m.[4;39mtype[0;0m.rawValue.capitalized)
    [0;36m|[0;0m                               `- [1;31merror: [1;39mvalue of type 'FinancialAccount' has no member 'type'[0;0m
 [0;36m93 |[0;0m                 .font(.caption)
 [0;36m94 |[0;0m                 .foregroundColor(.secondary)

/Users/danielstevens/github-projects/tools-automation/MomentumFinance/Shared/Components/Dashboard/DashboardUIComponents.swift:103:29: [1;31merror: [1;39mvalue of type 'FinancialAccount' has no member 'type'[0;0m
[0;36m101 |[0;0m 
[0;36m102 |[0;0m     private var iconName: String {
[0;36m103 |[0;0m         switch [4;39mself.account[0;0m.[4;39mtype[0;0m {
    [0;36m|[0;0m                             `- [1;31merror: [1;39mvalue of type 'FinancialAccount' has no member 'type'[0;0m
[0;36m104 |[0;0m         case .checking:
[0;36m105 |[0;0m             "creditcard"

/Users/danielstevens/github-projects/tools-automation/MomentumFinance/Shared/Components/Dashboard/DashboardUIComponents.swift:189:27: [1;31merror: [1;39mcannot find 'UIColor' in scope[0;0m
[0;36m187 |[0;0m         }
[0;36m188 |[0;0m         .padding()
[0;36m189 |[0;0m         .background(Color([4;39mUIColor[0;0m.systemGray6))
    [0;36m|[0;0m                           `- [1;31merror: [1;39mcannot find 'UIColor' in scope[0;0m
[0;36m190 |[0;0m         .cornerRadius(12)
[0;36m191 |[0;0m     }

/Users/danielstevens/github-projects/tools-automation/MomentumFinance/Shared/Components/DetailViewComponents.swift:39:63: [1;31merror: [1;39mvalue of type 'ExpenseCategory' has no member 'colorHex'[0;0m
 [0;36m37 |[0;0m             HStack(spacing: 4) {
 [0;36m38 |[0;0m                 Circle()
 [0;36m39 |[0;0m                     .fill(self.getCategoryColor([4;39mself.category[0;0m.[4;39mcolorHex[0;0m))
    [0;36m|[0;0m                                                               `- [1;31merror: [1;39mvalue of type 'ExpenseCategory' has no member 'colorHex'[0;0m
 [0;36m40 |[0;0m                     .frame(width: 10, height: 10)
 [0;36m41 |[0;0m 

/Users/danielstevens/github-projects/tools-automation/MomentumFinance/Shared/Components/DetailViewComponents.swift:47:61: [1;31merror: [1;39mvalue of type 'ExpenseCategory' has no member 'colorHex'[0;0m
 [0;36m45 |[0;0m             .padding(.horizontal, 8)
 [0;36m46 |[0;0m             .padding(.vertical, 2)
 [0;36m47 |[0;0m             .background(self.getCategoryColor([4;39mself.category[0;0m.[4;39mcolorHex[0;0m).opacity(0.1))
    [0;36m|[0;0m                                                             `- [1;31merror: [1;39mvalue of type 'ExpenseCategory' has no member 'colorHex'[0;0m
 [0;36m48 |[0;0m             .cornerRadius(4)
 [0;36m49 |[0;0m         }

/Users/danielstevens/github-projects/tools-automation/MomentumFinance/Shared/Components/DetailViewComponents.swift:52:23: [1;33mwarning: [1;39mvalue 'hex' was defined but never used; consider replacing with boolean test[0;0m [#no-usage]
 [0;36m50 |[0;0m 
 [0;36m51 |[0;0m         private func getCategoryColor(_ hex: String?) -> Color {
 [0;36m52 |[0;0m             guard let hex else { return .gray }
    [0;36m|[0;0m                       `- [1;33mwarning: [1;39mvalue 'hex' was defined but never used; consider replacing with boolean test[0;0m [#no-usage]
 [0;36m53 |[0;0m             // This would parse the hex color string
 [0;36m54 |[0;0m             return .blue

/Users/danielstevens/github-projects/tools-automation/MomentumFinance/Shared/Components/DetailViewComponents.swift:81:28: [1;31merror: [1;39mmissing argument for parameter #1 in call[0;0m
 [0;36m79 |[0;0m 
 [0;36m80 |[0;0m                 if self.showDeleteButton {
 [0;36m81 |[0;0m                     Button(action: {}).accessibilityLabel("Button").accessibilityLabel("Button") {
    [0;36m|[0;0m                            `- [1;31merror: [1;39mmissing argument for parameter #1 in call[0;0m
 [0;36m82 |[0;0m                         Image(systemName: "xmark.circle.fill")
 [0;36m83 |[0;0m                             .foregroundStyle(.red)

SwiftUI.Button.init:2:36: [1;39mnote: [1;39m'init(_:action:)' declared here[0;0m
[0;36m1 |[0;0m generic struct Button {
[0;36m2 |[0;0m @preconcurrency nonisolated public init(_ titleKey: LocalizedStringKey, action: @escaping @MainActor () -> Void)}
  [0;36m|[0;0m                                    `- [1;39mnote: [1;39m'init(_:action:)' declared here[0;0m
[0;36m3 |[0;0m 

/Users/danielstevens/github-projects/tools-automation/MomentumFinance/Shared/Components/DetailViewComponents.swift:81:98: [1;31merror: [1;39mtype '_' cannot be used as a boolean; test for '!= 0' instead[0;0m
 [0;36m79 |[0;0m 
 [0;36m80 |[0;0m                 if self.showDeleteButton {
 [0;36m81 |[0;0m                     Button(action: {}).accessibilityLabel("Button").accessibilityLabel("Button") {
    [0;36m|[0;0m                                                                                                  `- [1;31merror: [1;39mtype '_' cannot be used as a boolean; test for '!= 0' instead[0;0m
 [0;36m82 |[0;0m                         Image(systemName: "xmark.circle.fill")
 [0;36m83 |[0;0m                             .foregroundStyle(.red)

/Users/danielstevens/github-projects/tools-automation/MomentumFinance/Shared/Components/DetailViewComponents.swift:287:28: [1;31merror: [1;39mcannot convert value of type 'String' to expected argument type 'PrimitiveButtonStyleConfiguration'[0;0m
[0;36m285 |[0;0m 
[0;36m286 |[0;0m                 HStack {
[0;36m287 |[0;0m                     Button("Cancel").accessibilityLabel("Button").accessibilityLabel("Button") {
    [0;36m|[0;0m                            `- [1;31merror: [1;39mcannot convert value of type 'String' to expected argument type 'PrimitiveButtonStyleConfiguration'[0;0m
[0;36m288 |[0;0m                         self.dismiss()
[0;36m289 |[0;0m                     }

/Users/danielstevens/github-projects/tools-automation/MomentumFinance/Shared/Components/DetailViewComponents.swift:287:96: [1;31merror: [1;39mtype '_' cannot be used as a boolean; test for '!= 0' instead[0;0m
[0;36m285 |[0;0m 
[0;36m286 |[0;0m                 HStack {
[0;36m287 |[0;0m                     Button("Cancel").accessibilityLabel("Button").accessibilityLabel("Button") {
    [0;36m|[0;0m                                                                                                `- [1;31merror: [1;39mtype '_' cannot be used as a boolean; test for '!= 0' instead[0;0m
[0;36m288 |[0;0m                         self.dismiss()
[0;36m289 |[0;0m                     }

/Users/danielstevens/github-projects/tools-automation/MomentumFinance/Shared/Components/DetailViewComponents.swift:322:67: [1;31merror: [1;39mvalue of type 'FinancialTransaction' has no member 'name'[0;0m
[0;36m320 |[0;0m         var body: some View {
[0;36m321 |[0;0m             VStack {
[0;36m322 |[0;0m                 Text("Transactions Similar to '\([4;39mself.transaction[0;0m.[4;39mname[0;0m)'")
    [0;36m|[0;0m                                                                   `- [1;31merror: [1;39mvalue of type 'FinancialTransaction' has no member 'name'[0;0m
[0;36m323 |[0;0m                     .font(.headline)
[0;36m324 |[0;0m                     .padding()

/Users/danielstevens/github-projects/tools-automation/MomentumFinance/Shared/Components/DetailViewComponents.swift:358:37: [1;31merror: [1;39mvalue of type 'FinancialTransaction' has no member 'name'[0;0m
[0;36m356 |[0;0m 
[0;36m357 |[0;0m         init(from transaction: FinancialTransaction) {
[0;36m358 |[0;0m             self.name = [4;39mtransaction[0;0m.[4;39mname[0;0m
    [0;36m|[0;0m                                     `- [1;31merror: [1;39mvalue of type 'FinancialTransaction' has no member 'name'[0;0m
[0;36m359 |[0;0m             self.amount = transaction.amount
[0;36m360 |[0;0m             self.date = transaction.date

/Users/danielstevens/github-projects/tools-automation/MomentumFinance/Shared/Components/DetailViewComponents.swift:361:38: [1;31merror: [1;39mvalue of optional type 'String?' must be unwrapped to a value of type 'String'[0;0m
[0;36m359 |[0;0m             self.amount = transaction.amount
[0;36m360 |[0;0m             self.date = transaction.date
[0;36m361 |[0;0m             self.notes = transaction.notes
    [0;36m|[0;0m                                      |- [1;31merror: [1;39mvalue of optional type 'String?' must be unwrapped to a value of type 'String'[0;0m
    [0;36m|[0;0m                                      |- [1;39mnote: [1;39mcoalesce using '??' to provide a default when the optional value contains 'nil'[0;0m
    [0;36m|[0;0m                                      `- [1;39mnote: [1;39mforce-unwrap using '!' to abort execution if the optional value contains 'nil'[0;0m
[0;36m362 |[0;0m             self.categoryId = transaction.category?.id ?? ""
[0;36m363 |[0;0m             self.accountId = transaction.account?.id ?? ""

/Users/danielstevens/github-projects/tools-automation/MomentumFinance/Shared/Components/DetailViewComponents.swift:362:53: [1;31merror: [1;39mcannot convert value of type 'UUID?' to expected argument type 'String?'[0;0m
[0;36m360 |[0;0m             self.date = transaction.date
[0;36m361 |[0;0m             self.notes = transaction.notes
[0;36m362 |[0;0m             self.categoryId = transaction.category?.id ?? ""
    [0;36m|[0;0m                                                     `- [1;31merror: [1;39mcannot convert value of type 'UUID?' to expected argument type 'String?'[0;0m
[0;36m363 |[0;0m             self.accountId = transaction.account?.id ?? ""
[0;36m364 |[0;0m             self.isReconciled = transaction.isReconciled

/Users/danielstevens/github-projects/tools-automation/MomentumFinance/Shared/Components/DetailViewComponents.swift:363:51: [1;31merror: [1;39mcannot convert value of type 'PersistentIdentifier?' to expected argument type 'String?'[0;0m
[0;36m361 |[0;0m             self.notes = transaction.notes
[0;36m362 |[0;0m             self.categoryId = transaction.category?.id ?? ""
[0;36m363 |[0;0m             self.accountId = transaction.account?.id ?? ""
    [0;36m|[0;0m                                                   `- [1;31merror: [1;39mcannot convert value of type 'PersistentIdentifier?' to expected argument type 'String?'[0;0m
[0;36m364 |[0;0m             self.isReconciled = transaction.isReconciled
[0;36m365 |[0;0m             self.isRecurring = transaction.isRecurring

/Users/danielstevens/github-projects/tools-automation/MomentumFinance/Shared/Components/DetailViewComponents.swift:364:45: [1;31merror: [1;39mvalue of type 'FinancialTransaction' has no member 'isReconciled'[0;0m
[0;36m362 |[0;0m             self.categoryId = transaction.category?.id ?? ""
[0;36m363 |[0;0m             self.accountId = transaction.account?.id ?? ""
[0;36m364 |[0;0m             self.isReconciled = [4;39mtransaction[0;0m.[4;39misReconciled[0;0m
    [0;36m|[0;0m                                             `- [1;31merror: [1;39mvalue of type 'FinancialTransaction' has no member 'isReconciled'[0;0m
[0;36m365 |[0;0m             self.isRecurring = transaction.isRecurring
[0;36m366 |[0;0m             self.location = transaction.location

/Users/danielstevens/github-projects/tools-automation/MomentumFinance/Shared/Components/DetailViewComponents.swift:365:44: [1;31merror: [1;39mvalue of type 'FinancialTransaction' has no member 'isRecurring'[0;0m
[0;36m363 |[0;0m             self.accountId = transaction.account?.id ?? ""
[0;36m364 |[0;0m             self.isReconciled = transaction.isReconciled
[0;36m365 |[0;0m             self.isRecurring = [4;39mtransaction[0;0m.[4;39misRecurring[0;0m
    [0;36m|[0;0m                                            `- [1;31merror: [1;39mvalue of type 'FinancialTransaction' has no member 'isRecurring'[0;0m
[0;36m366 |[0;0m             self.location = transaction.location
[0;36m367 |[0;0m             self.subcategory = transaction.subcategory

/Users/danielstevens/github-projects/tools-automation/MomentumFinance/Shared/Components/DetailViewComponents.swift:366:41: [1;31merror: [1;39mvalue of type 'FinancialTransaction' has no member 'location'[0;0m
[0;36m364 |[0;0m             self.isReconciled = transaction.isReconciled
[0;36m365 |[0;0m             self.isRecurring = transaction.isRecurring
[0;36m366 |[0;0m             self.location = [4;39mtransaction[0;0m.[4;39mlocation[0;0m
    [0;36m|[0;0m                                         `- [1;31merror: [1;39mvalue of type 'FinancialTransaction' has no member 'location'[0;0m
[0;36m367 |[0;0m             self.subcategory = transaction.subcategory
[0;36m368 |[0;0m         }

/Users/danielstevens/github-projects/tools-automation/MomentumFinance/Shared/Components/DetailViewComponents.swift:367:44: [1;31merror: [1;39mvalue of type 'FinancialTransaction' has no member 'subcategory'[0;0m
[0;36m365 |[0;0m             self.isRecurring = transaction.isRecurring
[0;36m366 |[0;0m             self.location = transaction.location
[0;36m367 |[0;0m             self.subcategory = [4;39mtransaction[0;0m.[4;39msubcategory[0;0m
    [0;36m|[0;0m                                            `- [1;31merror: [1;39mvalue of type 'FinancialTransaction' has no member 'subcategory'[0;0m
[0;36m368 |[0;0m         }
[0;36m369 |[0;0m     }

/Users/danielstevens/github-projects/tools-automation/MomentumFinance/Shared/Components/Settings/AccessibilitySettingsSection.swift:7:9: [1;31merror: [1;39mproperty 'body' must be declared public because it matches a requirement in public protocol 'View'[0;0m
 [0;36m5 |[0;0m     @Binding var reducedMotion: Bool
 [0;36m6 |[0;0m 
 [0;36m7 |[0;0m     var body: some View {
   [0;36m|[0;0m         |- [1;31merror: [1;39mproperty 'body' must be declared public because it matches a requirement in public protocol 'View'[0;0m
   [0;36m|[0;0m         `- [1;39mnote: [1;39mmark the property as 'public' to satisfy the requirement[0;0m
 [0;36m8 |[0;0m         Section(header: Text("Accessibility")) {
 [0;36m9 |[0;0m             Toggle("Haptic Feedback", isOn: self.$hapticFeedbackEnabled)

/Users/danielstevens/github-projects/tools-automation/MomentumFinance/Shared/Components/Settings/AppearanceSettingsSection.swift:6:9: [1;31merror: [1;39mproperty 'body' must be declared public because it matches a requirement in public protocol 'View'[0;0m
 [0;36m4 |[0;0m     var darkModePreference: DarkModePreference
 [0;36m5 |[0;0m 
 [0;36m6 |[0;0m     var body: some View {
   [0;36m|[0;0m         |- [1;31merror: [1;39mproperty 'body' must be declared public because it matches a requirement in public protocol 'View'[0;0m
   [0;36m|[0;0m         `- [1;39mnote: [1;39mmark the property as 'public' to satisfy the requirement[0;0m
 [0;36m7 |[0;0m         Section(header: Text("Appearance")) {
 [0;36m8 |[0;0m             Picker("Theme", selection: .constant(self.darkModePreference)) {

[#MutableGlobalVariable]: <https://docs.swift.org/compiler/documentation/diagnostics/mutable-global-variable>
[145/148] Compiling Shared SectionHeader.swift
/Users/danielstevens/github-projects/tools-automation/MomentumFinance/Shared/Animations/AnimationManager.swift:267:10: [1;31merror: [1;39mmethod 'body(content:)' must be declared public because it matches a requirement in public protocol 'ViewModifier'[0;0m
[0;36m265 |[0;0m     /// <#Description#>
[0;36m266 |[0;0m     /// - Returns: <#description#>
[0;36m267 |[0;0m     func body(content: Content) -> some View {
    [0;36m|[0;0m          |- [1;31merror: [1;39mmethod 'body(content:)' must be declared public because it matches a requirement in public protocol 'ViewModifier'[0;0m
    [0;36m|[0;0m          `- [1;39mnote: [1;39mmark the instance method as 'public' to satisfy the requirement[0;0m
[0;36m268 |[0;0m         content
[0;36m269 |[0;0m             .rotation3DEffect(

/Users/danielstevens/github-projects/tools-automation/MomentumFinance/Shared/Animations/AnimationManager.swift:287:9: [1;31merror: [1;39mproperty 'body' must be declared public because it matches a requirement in public protocol 'View'[0;0m
[0;36m285 |[0;0m     }
[0;36m286 |[0;0m 
[0;36m287 |[0;0m     var body: some View {
    [0;36m|[0;0m         |- [1;31merror: [1;39mproperty 'body' must be declared public because it matches a requirement in public protocol 'View'[0;0m
    [0;36m|[0;0m         `- [1;39mnote: [1;39mmark the property as 'public' to satisfy the requirement[0;0m
[0;36m288 |[0;0m         Group {
[0;36m289 |[0;0m             switch self.style {

/Users/danielstevens/github-projects/tools-automation/MomentumFinance/Shared/Animations/AnimationManager.swift:345:9: [1;31merror: [1;39mproperty 'body' must be declared public because it matches a requirement in public protocol 'View'[0;0m
[0;36m343 |[0;0m     @State private var animatedProgress: Double = 0
[0;36m344 |[0;0m 
[0;36m345 |[0;0m     var body: some View {
    [0;36m|[0;0m         |- [1;31merror: [1;39mproperty 'body' must be declared public because it matches a requirement in public protocol 'View'[0;0m
    [0;36m|[0;0m         `- [1;39mnote: [1;39mmark the property as 'public' to satisfy the requirement[0;0m
[0;36m346 |[0;0m         GeometryReader { geometry in
[0;36m347 |[0;0m             ZStack(alignment: .leading) {

/Users/danielstevens/github-projects/tools-automation/MomentumFinance/Shared/Animations/AnimationManager.swift:376:13: [1;31merror: [1;39mvar 'objectPool' is not concurrency-safe because it is nonisolated global shared mutable state[0;0m [#]8;;https://docs.swift.org/compiler/documentation/diagnostics/mutable-global-variable\MutableGlobalVariable]8;;\]
[0;36m374 |[0;0m 
[0;36m375 |[0;0m /// Object pool for performance optimization
[0;36m376 |[0;0m private var objectPool: [Any] = []
    [0;36m|[0;0m             |- [1;31merror: [1;39mvar 'objectPool' is not concurrency-safe because it is nonisolated global shared mutable state[0;0m [#]8;;https://docs.swift.org/compiler/documentation/diagnostics/mutable-global-variable\MutableGlobalVariable]8;;\]
    [0;36m|[0;0m             |- [1;39mnote: [1;39mconvert 'objectPool' to a 'let' constant to make 'Sendable' shared state immutable[0;0m
    [0;36m|[0;0m             |- [1;39mnote: [1;39madd '@MainActor' to make var 'objectPool' part of global actor 'MainActor'[0;0m
    [0;36m|[0;0m             `- [1;39mnote: [1;39mdisable concurrency-safety checks if accesses are protected by an external synchronization mechanism[0;0m
[0;36m377 |[0;0m private let maxPoolSize = 50
[0;36m378 |[0;0m 

/Users/danielstevens/github-projects/tools-automation/MomentumFinance/Shared/Components/AccountDetailComponents.swift:547:36: [1;31merror: [1;39m'AccountType' is not a member type of class 'MomentumFinanceCore.FinancialAccount'[0;0m
[0;36m545 |[0;0m     struct AccountEditModel {
[0;36m546 |[0;0m         var name: String
[0;36m547 |[0;0m         var type: [4;39mFinancialAccount[0;0m.AccountType
    [0;36m|[0;0m                                    `- [1;31merror: [1;39m'AccountType' is not a member type of class 'MomentumFinanceCore.FinancialAccount'[0;0m
[0;36m548 |[0;0m         var balance: Double
[0;36m549 |[0;0m         var currencyCode: String

/Users/danielstevens/github-projects/tools-automation/MomentumFinance/Sources/MomentumFinanceCore/Models.swift:93:20: [1;39mnote: [1;39m'FinancialAccount' declared here[0;0m
 [0;36m91 |[0;0m 
 [0;36m92 |[0;0m @Model
 [0;36m93 |[0;0m public final class FinancialAccount: Hashable, Encodable {
    [0;36m|[0;0m                    `- [1;39mnote: [1;39m'FinancialAccount' declared here[0;0m
 [0;36m94 |[0;0m     enum CodingKeys: String, CodingKey {
 [0;36m95 |[0;0m         case name, balance, iconName, createdDate, accountType, currencyCode, creditLimit

/Users/danielstevens/github-projects/tools-automation/MomentumFinance/Shared/Components/AccountDetailComponents.swift:31:13: [1;31merror: [1;39mswitch must be exhaustive[0;0m
 [0;36m29 |[0;0m 
 [0;36m30 |[0;0m         private var text: String {
 [0;36m31 |[0;0m             switch self.type {
    [0;36m|[0;0m             |- [1;31merror: [1;39mswitch must be exhaustive[0;0m
    [0;36m|[0;0m             `- [1;39mnote: [1;39madd missing case: '.cash'[0;0m
 [0;36m32 |[0;0m             case .checking: "Checking"
 [0;36m33 |[0;0m             case .savings: "Savings"

/Users/danielstevens/github-projects/tools-automation/MomentumFinance/Shared/Components/AccountDetailComponents.swift:40:13: [1;31merror: [1;39mswitch must be exhaustive[0;0m
 [0;36m38 |[0;0m 
 [0;36m39 |[0;0m         private var color: Color {
 [0;36m40 |[0;0m             switch self.type {
    [0;36m|[0;0m             |- [1;31merror: [1;39mswitch must be exhaustive[0;0m
    [0;36m|[0;0m             `- [1;39mnote: [1;39madd missing case: '.cash'[0;0m
 [0;36m41 |[0;0m             case .checking: .green
 [0;36m42 |[0;0m             case .savings: .blue

/Users/danielstevens/github-projects/tools-automation/MomentumFinance/Shared/Components/AccountDetailComponents.swift:354:51: [1;31merror: [1;39mvalue of type 'FinancialAccount' has no member 'interestRate'[0;0m
[0;36m352 |[0;0m                         DetailField(
[0;36m353 |[0;0m                             label: "Interest Rate",
[0;36m354 |[0;0m                             value: (([4;39mself.account[0;0m.[4;39minterestRate[0;0m ?? 0) * 100)
    [0;36m|[0;0m                                                   `- [1;31merror: [1;39mvalue of type 'FinancialAccount' has no member 'interestRate'[0;0m
[0;36m355 |[0;0m                                 .formatted(.number.precision(.fractionLength(2))) + "%"
[0;36m356 |[0;0m                         )

/Users/danielstevens/github-projects/tools-automation/MomentumFinance/Shared/Components/AccountDetailComponents.swift:522:28: [1;31merror: [1;39mcannot convert value of type 'String' to expected argument type 'PrimitiveButtonStyleConfiguration'[0;0m
[0;36m520 |[0;0m 
[0;36m521 |[0;0m                 HStack {
[0;36m522 |[0;0m                     Button("Cancel").accessibilityLabel("Button").accessibilityLabel("Button") {
    [0;36m|[0;0m                            `- [1;31merror: [1;39mcannot convert value of type 'String' to expected argument type 'PrimitiveButtonStyleConfiguration'[0;0m
[0;36m523 |[0;0m                         self.dismiss()
[0;36m524 |[0;0m                     }

/Users/danielstevens/github-projects/tools-automation/MomentumFinance/Shared/Components/AccountDetailComponents.swift:522:96: [1;31merror: [1;39mtype '_' cannot be used as a boolean; test for '!= 0' instead[0;0m
[0;36m520 |[0;0m 
[0;36m521 |[0;0m                 HStack {
[0;36m522 |[0;0m                     Button("Cancel").accessibilityLabel("Button").accessibilityLabel("Button") {
    [0;36m|[0;0m                                                                                                `- [1;31merror: [1;39mtype '_' cannot be used as a boolean; test for '!= 0' instead[0;0m
[0;36m523 |[0;0m                         self.dismiss()
[0;36m524 |[0;0m                     }

/Users/danielstevens/github-projects/tools-automation/MomentumFinance/Shared/Components/AccountDetailComponents.swift:561:33: [1;31merror: [1;39mvalue of type 'FinancialAccount' has no member 'type'[0;0m
[0;36m559 |[0;0m         init(from account: FinancialAccount) {
[0;36m560 |[0;0m             self.name = account.name
[0;36m561 |[0;0m             self.type = [4;39maccount[0;0m.[4;39mtype[0;0m
    [0;36m|[0;0m                                 `- [1;31merror: [1;39mvalue of type 'FinancialAccount' has no member 'type'[0;0m
[0;36m562 |[0;0m             self.balance = account.balance
[0;36m563 |[0;0m             self.currencyCode = account.currencyCode

/Users/danielstevens/github-projects/tools-automation/MomentumFinance/Shared/Components/AccountDetailComponents.swift:564:40: [1;31merror: [1;39mvalue of type 'FinancialAccount' has no member 'institution'[0;0m
[0;36m562 |[0;0m             self.balance = account.balance
[0;36m563 |[0;0m             self.currencyCode = account.currencyCode
[0;36m564 |[0;0m             self.institution = [4;39maccount[0;0m.[4;39minstitution[0;0m
    [0;36m|[0;0m                                        `- [1;31merror: [1;39mvalue of type 'FinancialAccount' has no member 'institution'[0;0m
[0;36m565 |[0;0m             self.accountNumber = account.accountNumber
[0;36m566 |[0;0m             self.interestRate = account.interestRate

/Users/danielstevens/github-projects/tools-automation/MomentumFinance/Shared/Components/AccountDetailComponents.swift:565:42: [1;31merror: [1;39mvalue of type 'FinancialAccount' has no member 'accountNumber'[0;0m
[0;36m563 |[0;0m             self.currencyCode = account.currencyCode
[0;36m564 |[0;0m             self.institution = account.institution
[0;36m565 |[0;0m             self.accountNumber = [4;39maccount[0;0m.[4;39maccountNumber[0;0m
    [0;36m|[0;0m                                          `- [1;31merror: [1;39mvalue of type 'FinancialAccount' has no member 'accountNumber'[0;0m
[0;36m566 |[0;0m             self.interestRate = account.interestRate
[0;36m567 |[0;0m             self.creditLimit = account.creditLimit

/Users/danielstevens/github-projects/tools-automation/MomentumFinance/Shared/Components/AccountDetailComponents.swift:566:41: [1;31merror: [1;39mvalue of type 'FinancialAccount' has no member 'interestRate'[0;0m
[0;36m564 |[0;0m             self.institution = account.institution
[0;36m565 |[0;0m             self.accountNumber = account.accountNumber
[0;36m566 |[0;0m             self.interestRate = [4;39maccount[0;0m.[4;39minterestRate[0;0m
    [0;36m|[0;0m                                         `- [1;31merror: [1;39mvalue of type 'FinancialAccount' has no member 'interestRate'[0;0m
[0;36m567 |[0;0m             self.creditLimit = account.creditLimit
[0;36m568 |[0;0m             self.dueDate = account.dueDate

/Users/danielstevens/github-projects/tools-automation/MomentumFinance/Shared/Components/AccountDetailComponents.swift:568:36: [1;31merror: [1;39mvalue of type 'FinancialAccount' has no member 'dueDate'[0;0m
[0;36m566 |[0;0m             self.interestRate = account.interestRate
[0;36m567 |[0;0m             self.creditLimit = account.creditLimit
[0;36m568 |[0;0m             self.dueDate = [4;39maccount[0;0m.[4;39mdueDate[0;0m
    [0;36m|[0;0m                                    `- [1;31merror: [1;39mvalue of type 'FinancialAccount' has no member 'dueDate'[0;0m
[0;36m569 |[0;0m             self.includeInTotal = account.includeInTotal
[0;36m570 |[0;0m             self.isActive = account.isActive

/Users/danielstevens/github-projects/tools-automation/MomentumFinance/Shared/Components/AccountDetailComponents.swift:569:43: [1;31merror: [1;39mvalue of type 'FinancialAccount' has no member 'includeInTotal'[0;0m
[0;36m567 |[0;0m             self.creditLimit = account.creditLimit
[0;36m568 |[0;0m             self.dueDate = account.dueDate
[0;36m569 |[0;0m             self.includeInTotal = [4;39maccount[0;0m.[4;39mincludeInTotal[0;0m
    [0;36m|[0;0m                                           `- [1;31merror: [1;39mvalue of type 'FinancialAccount' has no member 'includeInTotal'[0;0m
[0;36m570 |[0;0m             self.isActive = account.isActive
[0;36m571 |[0;0m             self.notes = account.notes

/Users/danielstevens/github-projects/tools-automation/MomentumFinance/Shared/Components/AccountDetailComponents.swift:570:37: [1;31merror: [1;39mvalue of type 'FinancialAccount' has no member 'isActive'[0;0m
[0;36m568 |[0;0m             self.dueDate = account.dueDate
[0;36m569 |[0;0m             self.includeInTotal = account.includeInTotal
[0;36m570 |[0;0m             self.isActive = [4;39maccount[0;0m.[4;39misActive[0;0m
    [0;36m|[0;0m                                     `- [1;31merror: [1;39mvalue of type 'FinancialAccount' has no member 'isActive'[0;0m
[0;36m571 |[0;0m             self.notes = account.notes
[0;36m572 |[0;0m         }

/Users/danielstevens/github-projects/tools-automation/MomentumFinance/Shared/Components/AccountDetailComponents.swift:571:34: [1;31merror: [1;39mvalue of type 'FinancialAccount' has no member 'notes'[0;0m
[0;36m569 |[0;0m             self.includeInTotal = account.includeInTotal
[0;36m570 |[0;0m             self.isActive = account.isActive
[0;36m571 |[0;0m             self.notes = [4;39maccount[0;0m.[4;39mnotes[0;0m
    [0;36m|[0;0m                                  `- [1;31merror: [1;39mvalue of type 'FinancialAccount' has no member 'notes'[0;0m
[0;36m572 |[0;0m         }
[0;36m573 |[0;0m     }

/Users/danielstevens/github-projects/tools-automation/MomentumFinance/Shared/Components/BudgetComponents.swift:53:28: [1;31merror: [1;39mreference to member 'systemBackground' cannot be resolved without a contextual type[0;0m
[0;36m51 |[0;0m         }
[0;36m52 |[0;0m         .padding()
[0;36m53 |[0;0m         .background(Color(.systemBackground))
   [0;36m|[0;0m                            `- [1;31merror: [1;39mreference to member 'systemBackground' cannot be resolved without a contextual type[0;0m
[0;36m54 |[0;0m         .cornerRadius(10)
[0;36m55 |[0;0m         .shadow(radius: 2)

/Users/danielstevens/github-projects/tools-automation/MomentumFinance/Shared/Components/Dashboard/DashboardUIComponents.swift:42:15: [1;31merror: [1;39minvalid redeclaration of 'DashboardAccountsSummary'[0;0m
 [0;36m40 |[0;0m // MARK: - Dashboard Accounts Summary
 [0;36m41 |[0;0m 
 [0;36m42 |[0;0m public struct DashboardAccountsSummary: View {
    [0;36m|[0;0m               `- [1;31merror: [1;39minvalid redeclaration of 'DashboardAccountsSummary'[0;0m
 [0;36m43 |[0;0m     public let accounts: [FinancialAccount]
 [0;36m44 |[0;0m     public let onAccountTap: (UUID) -> Void

/Users/danielstevens/github-projects/tools-automation/MomentumFinance/Shared/Components/Dashboard/DashboardUIComponents.swift:203:14: [1;31merror: [1;39minvalid redeclaration of 'formatCurrency'[0;0m
[0;36m201 |[0;0m // MARK: - Helper Functions
[0;36m202 |[0;0m 
[0;36m203 |[0;0m private func formatCurrency(_ amount: Double) -> String {
    [0;36m|[0;0m              `- [1;31merror: [1;39minvalid redeclaration of 'formatCurrency'[0;0m
[0;36m204 |[0;0m     let formatter = NumberFormatter()
[0;36m205 |[0;0m     formatter.numberStyle = .currency

/Users/danielstevens/github-projects/tools-automation/MomentumFinance/Shared/Components/Dashboard/DashboardUIComponents.swift:57:59: [1;31merror: [1;39mcannot convert value of type 'PersistentIdentifier' to expected argument type 'UUID'[0;0m
 [0;36m55 |[0;0m                         AccountSummaryCard(account: account)
 [0;36m56 |[0;0m                             .onTapGesture {
 [0;36m57 |[0;0m                                 self.onAccountTap(account.id)
    [0;36m|[0;0m                                                           `- [1;31merror: [1;39mcannot convert value of type 'PersistentIdentifier' to expected argument type 'UUID'[0;0m
 [0;36m58 |[0;0m                             }
 [0;36m59 |[0;0m                     }

/Users/danielstevens/github-projects/tools-automation/MomentumFinance/Shared/Components/Dashboard/DashboardUIComponents.swift:97:27: [1;31merror: [1;39mcannot find 'UIColor' in scope[0;0m
 [0;36m95 |[0;0m         }
 [0;36m96 |[0;0m         .padding()
 [0;36m97 |[0;0m         .background(Color([4;39mUIColor[0;0m.systemGray6))
    [0;36m|[0;0m                           `- [1;31merror: [1;39mcannot find 'UIColor' in scope[0;0m
 [0;36m98 |[0;0m         .cornerRadius(12)
 [0;36m99 |[0;0m         .frame(width: 160)

/Users/danielstevens/github-projects/tools-automation/MomentumFinance/Shared/Components/Dashboard/DashboardUIComponents.swift:92:31: [1;31merror: [1;39mvalue of type 'FinancialAccount' has no member 'type'[0;0m
 [0;36m90 |[0;0m                 .foregroundColor(self.account.balance >= 0 ? .green : .red)
 [0;36m91 |[0;0m 
 [0;36m92 |[0;0m             Text([4;39mself.account[0;0m.[4;39mtype[0;0m.rawValue.capitalized)
    [0;36m|[0;0m                               `- [1;31merror: [1;39mvalue of type 'FinancialAccount' has no member 'type'[0;0m
 [0;36m93 |[0;0m                 .font(.caption)
 [0;36m94 |[0;0m                 .foregroundColor(.secondary)

/Users/danielstevens/github-projects/tools-automation/MomentumFinance/Shared/Components/Dashboard/DashboardUIComponents.swift:103:29: [1;31merror: [1;39mvalue of type 'FinancialAccount' has no member 'type'[0;0m
[0;36m101 |[0;0m 
[0;36m102 |[0;0m     private var iconName: String {
[0;36m103 |[0;0m         switch [4;39mself.account[0;0m.[4;39mtype[0;0m {
    [0;36m|[0;0m                             `- [1;31merror: [1;39mvalue of type 'FinancialAccount' has no member 'type'[0;0m
[0;36m104 |[0;0m         case .checking:
[0;36m105 |[0;0m             "creditcard"

/Users/danielstevens/github-projects/tools-automation/MomentumFinance/Shared/Components/Dashboard/DashboardUIComponents.swift:189:27: [1;31merror: [1;39mcannot find 'UIColor' in scope[0;0m
[0;36m187 |[0;0m         }
[0;36m188 |[0;0m         .padding()
[0;36m189 |[0;0m         .background(Color([4;39mUIColor[0;0m.systemGray6))
    [0;36m|[0;0m                           `- [1;31merror: [1;39mcannot find 'UIColor' in scope[0;0m
[0;36m190 |[0;0m         .cornerRadius(12)
[0;36m191 |[0;0m     }

/Users/danielstevens/github-projects/tools-automation/MomentumFinance/Shared/Components/DetailViewComponents.swift:39:63: [1;31merror: [1;39mvalue of type 'ExpenseCategory' has no member 'colorHex'[0;0m
 [0;36m37 |[0;0m             HStack(spacing: 4) {
 [0;36m38 |[0;0m                 Circle()
 [0;36m39 |[0;0m                     .fill(self.getCategoryColor([4;39mself.category[0;0m.[4;39mcolorHex[0;0m))
    [0;36m|[0;0m                                                               `- [1;31merror: [1;39mvalue of type 'ExpenseCategory' has no member 'colorHex'[0;0m
 [0;36m40 |[0;0m                     .frame(width: 10, height: 10)
 [0;36m41 |[0;0m 

/Users/danielstevens/github-projects/tools-automation/MomentumFinance/Shared/Components/DetailViewComponents.swift:47:61: [1;31merror: [1;39mvalue of type 'ExpenseCategory' has no member 'colorHex'[0;0m
 [0;36m45 |[0;0m             .padding(.horizontal, 8)
 [0;36m46 |[0;0m             .padding(.vertical, 2)
 [0;36m47 |[0;0m             .background(self.getCategoryColor([4;39mself.category[0;0m.[4;39mcolorHex[0;0m).opacity(0.1))
    [0;36m|[0;0m                                                             `- [1;31merror: [1;39mvalue of type 'ExpenseCategory' has no member 'colorHex'[0;0m
 [0;36m48 |[0;0m             .cornerRadius(4)
 [0;36m49 |[0;0m         }

/Users/danielstevens/github-projects/tools-automation/MomentumFinance/Shared/Components/DetailViewComponents.swift:52:23: [1;33mwarning: [1;39mvalue 'hex' was defined but never used; consider replacing with boolean test[0;0m [#no-usage]
 [0;36m50 |[0;0m 
 [0;36m51 |[0;0m         private func getCategoryColor(_ hex: String?) -> Color {
 [0;36m52 |[0;0m             guard let hex else { return .gray }
    [0;36m|[0;0m                       `- [1;33mwarning: [1;39mvalue 'hex' was defined but never used; consider replacing with boolean test[0;0m [#no-usage]
 [0;36m53 |[0;0m             // This would parse the hex color string
 [0;36m54 |[0;0m             return .blue

/Users/danielstevens/github-projects/tools-automation/MomentumFinance/Shared/Components/DetailViewComponents.swift:81:28: [1;31merror: [1;39mmissing argument for parameter #1 in call[0;0m
 [0;36m79 |[0;0m 
 [0;36m80 |[0;0m                 if self.showDeleteButton {
 [0;36m81 |[0;0m                     Button(action: {}).accessibilityLabel("Button").accessibilityLabel("Button") {
    [0;36m|[0;0m                            `- [1;31merror: [1;39mmissing argument for parameter #1 in call[0;0m
 [0;36m82 |[0;0m                         Image(systemName: "xmark.circle.fill")
 [0;36m83 |[0;0m                             .foregroundStyle(.red)

SwiftUI.Button.init:2:36: [1;39mnote: [1;39m'init(_:action:)' declared here[0;0m
[0;36m1 |[0;0m generic struct Button {
[0;36m2 |[0;0m @preconcurrency nonisolated public init(_ titleKey: LocalizedStringKey, action: @escaping @MainActor () -> Void)}
  [0;36m|[0;0m                                    `- [1;39mnote: [1;39m'init(_:action:)' declared here[0;0m
[0;36m3 |[0;0m 

/Users/danielstevens/github-projects/tools-automation/MomentumFinance/Shared/Components/DetailViewComponents.swift:81:98: [1;31merror: [1;39mtype '_' cannot be used as a boolean; test for '!= 0' instead[0;0m
 [0;36m79 |[0;0m 
 [0;36m80 |[0;0m                 if self.showDeleteButton {
 [0;36m81 |[0;0m                     Button(action: {}).accessibilityLabel("Button").accessibilityLabel("Button") {
    [0;36m|[0;0m                                                                                                  `- [1;31merror: [1;39mtype '_' cannot be used as a boolean; test for '!= 0' instead[0;0m
 [0;36m82 |[0;0m                         Image(systemName: "xmark.circle.fill")
 [0;36m83 |[0;0m                             .foregroundStyle(.red)

/Users/danielstevens/github-projects/tools-automation/MomentumFinance/Shared/Components/DetailViewComponents.swift:287:28: [1;31merror: [1;39mcannot convert value of type 'String' to expected argument type 'PrimitiveButtonStyleConfiguration'[0;0m
[0;36m285 |[0;0m 
[0;36m286 |[0;0m                 HStack {
[0;36m287 |[0;0m                     Button("Cancel").accessibilityLabel("Button").accessibilityLabel("Button") {
    [0;36m|[0;0m                            `- [1;31merror: [1;39mcannot convert value of type 'String' to expected argument type 'PrimitiveButtonStyleConfiguration'[0;0m
[0;36m288 |[0;0m                         self.dismiss()
[0;36m289 |[0;0m                     }

/Users/danielstevens/github-projects/tools-automation/MomentumFinance/Shared/Components/DetailViewComponents.swift:287:96: [1;31merror: [1;39mtype '_' cannot be used as a boolean; test for '!= 0' instead[0;0m
[0;36m285 |[0;0m 
[0;36m286 |[0;0m                 HStack {
[0;36m287 |[0;0m                     Button("Cancel").accessibilityLabel("Button").accessibilityLabel("Button") {
    [0;36m|[0;0m                                                                                                `- [1;31merror: [1;39mtype '_' cannot be used as a boolean; test for '!= 0' instead[0;0m
[0;36m288 |[0;0m                         self.dismiss()
[0;36m289 |[0;0m                     }

/Users/danielstevens/github-projects/tools-automation/MomentumFinance/Shared/Components/DetailViewComponents.swift:322:67: [1;31merror: [1;39mvalue of type 'FinancialTransaction' has no member 'name'[0;0m
[0;36m320 |[0;0m         var body: some View {
[0;36m321 |[0;0m             VStack {
[0;36m322 |[0;0m                 Text("Transactions Similar to '\([4;39mself.transaction[0;0m.[4;39mname[0;0m)'")
    [0;36m|[0;0m                                                                   `- [1;31merror: [1;39mvalue of type 'FinancialTransaction' has no member 'name'[0;0m
[0;36m323 |[0;0m                     .font(.headline)
[0;36m324 |[0;0m                     .padding()

/Users/danielstevens/github-projects/tools-automation/MomentumFinance/Shared/Components/DetailViewComponents.swift:358:37: [1;31merror: [1;39mvalue of type 'FinancialTransaction' has no member 'name'[0;0m
[0;36m356 |[0;0m 
[0;36m357 |[0;0m         init(from transaction: FinancialTransaction) {
[0;36m358 |[0;0m             self.name = [4;39mtransaction[0;0m.[4;39mname[0;0m
    [0;36m|[0;0m                                     `- [1;31merror: [1;39mvalue of type 'FinancialTransaction' has no member 'name'[0;0m
[0;36m359 |[0;0m             self.amount = transaction.amount
[0;36m360 |[0;0m             self.date = transaction.date

/Users/danielstevens/github-projects/tools-automation/MomentumFinance/Shared/Components/DetailViewComponents.swift:361:38: [1;31merror: [1;39mvalue of optional type 'String?' must be unwrapped to a value of type 'String'[0;0m
[0;36m359 |[0;0m             self.amount = transaction.amount
[0;36m360 |[0;0m             self.date = transaction.date
[0;36m361 |[0;0m             self.notes = transaction.notes
    [0;36m|[0;0m                                      |- [1;31merror: [1;39mvalue of optional type 'String?' must be unwrapped to a value of type 'String'[0;0m
    [0;36m|[0;0m                                      |- [1;39mnote: [1;39mcoalesce using '??' to provide a default when the optional value contains 'nil'[0;0m
    [0;36m|[0;0m                                      `- [1;39mnote: [1;39mforce-unwrap using '!' to abort execution if the optional value contains 'nil'[0;0m
[0;36m362 |[0;0m             self.categoryId = transaction.category?.id ?? ""
[0;36m363 |[0;0m             self.accountId = transaction.account?.id ?? ""

/Users/danielstevens/github-projects/tools-automation/MomentumFinance/Shared/Components/DetailViewComponents.swift:362:53: [1;31merror: [1;39mcannot convert value of type 'UUID?' to expected argument type 'String?'[0;0m
[0;36m360 |[0;0m             self.date = transaction.date
[0;36m361 |[0;0m             self.notes = transaction.notes
[0;36m362 |[0;0m             self.categoryId = transaction.category?.id ?? ""
    [0;36m|[0;0m                                                     `- [1;31merror: [1;39mcannot convert value of type 'UUID?' to expected argument type 'String?'[0;0m
[0;36m363 |[0;0m             self.accountId = transaction.account?.id ?? ""
[0;36m364 |[0;0m             self.isReconciled = transaction.isReconciled

/Users/danielstevens/github-projects/tools-automation/MomentumFinance/Shared/Components/DetailViewComponents.swift:363:51: [1;31merror: [1;39mcannot convert value of type 'PersistentIdentifier?' to expected argument type 'String?'[0;0m
[0;36m361 |[0;0m             self.notes = transaction.notes
[0;36m362 |[0;0m             self.categoryId = transaction.category?.id ?? ""
[0;36m363 |[0;0m             self.accountId = transaction.account?.id ?? ""
    [0;36m|[0;0m                                                   `- [1;31merror: [1;39mcannot convert value of type 'PersistentIdentifier?' to expected argument type 'String?'[0;0m
[0;36m364 |[0;0m             self.isReconciled = transaction.isReconciled
[0;36m365 |[0;0m             self.isRecurring = transaction.isRecurring

/Users/danielstevens/github-projects/tools-automation/MomentumFinance/Shared/Components/DetailViewComponents.swift:364:45: [1;31merror: [1;39mvalue of type 'FinancialTransaction' has no member 'isReconciled'[0;0m
[0;36m362 |[0;0m             self.categoryId = transaction.category?.id ?? ""
[0;36m363 |[0;0m             self.accountId = transaction.account?.id ?? ""
[0;36m364 |[0;0m             self.isReconciled = [4;39mtransaction[0;0m.[4;39misReconciled[0;0m
    [0;36m|[0;0m                                             `- [1;31merror: [1;39mvalue of type 'FinancialTransaction' has no member 'isReconciled'[0;0m
[0;36m365 |[0;0m             self.isRecurring = transaction.isRecurring
[0;36m366 |[0;0m             self.location = transaction.location

/Users/danielstevens/github-projects/tools-automation/MomentumFinance/Shared/Components/DetailViewComponents.swift:365:44: [1;31merror: [1;39mvalue of type 'FinancialTransaction' has no member 'isRecurring'[0;0m
[0;36m363 |[0;0m             self.accountId = transaction.account?.id ?? ""
[0;36m364 |[0;0m             self.isReconciled = transaction.isReconciled
[0;36m365 |[0;0m             self.isRecurring = [4;39mtransaction[0;0m.[4;39misRecurring[0;0m
    [0;36m|[0;0m                                            `- [1;31merror: [1;39mvalue of type 'FinancialTransaction' has no member 'isRecurring'[0;0m
[0;36m366 |[0;0m             self.location = transaction.location
[0;36m367 |[0;0m             self.subcategory = transaction.subcategory

/Users/danielstevens/github-projects/tools-automation/MomentumFinance/Shared/Components/DetailViewComponents.swift:366:41: [1;31merror: [1;39mvalue of type 'FinancialTransaction' has no member 'location'[0;0m
[0;36m364 |[0;0m             self.isReconciled = transaction.isReconciled
[0;36m365 |[0;0m             self.isRecurring = transaction.isRecurring
[0;36m366 |[0;0m             self.location = [4;39mtransaction[0;0m.[4;39mlocation[0;0m
    [0;36m|[0;0m                                         `- [1;31merror: [1;39mvalue of type 'FinancialTransaction' has no member 'location'[0;0m
[0;36m367 |[0;0m             self.subcategory = transaction.subcategory
[0;36m368 |[0;0m         }

/Users/danielstevens/github-projects/tools-automation/MomentumFinance/Shared/Components/DetailViewComponents.swift:367:44: [1;31merror: [1;39mvalue of type 'FinancialTransaction' has no member 'subcategory'[0;0m
[0;36m365 |[0;0m             self.isRecurring = transaction.isRecurring
[0;36m366 |[0;0m             self.location = transaction.location
[0;36m367 |[0;0m             self.subcategory = [4;39mtransaction[0;0m.[4;39msubcategory[0;0m
    [0;36m|[0;0m                                            `- [1;31merror: [1;39mvalue of type 'FinancialTransaction' has no member 'subcategory'[0;0m
[0;36m368 |[0;0m         }
[0;36m369 |[0;0m     }

/Users/danielstevens/github-projects/tools-automation/MomentumFinance/Shared/Components/Settings/AccessibilitySettingsSection.swift:7:9: [1;31merror: [1;39mproperty 'body' must be declared public because it matches a requirement in public protocol 'View'[0;0m
 [0;36m5 |[0;0m     @Binding var reducedMotion: Bool
 [0;36m6 |[0;0m 
 [0;36m7 |[0;0m     var body: some View {
   [0;36m|[0;0m         |- [1;31merror: [1;39mproperty 'body' must be declared public because it matches a requirement in public protocol 'View'[0;0m
   [0;36m|[0;0m         `- [1;39mnote: [1;39mmark the property as 'public' to satisfy the requirement[0;0m
 [0;36m8 |[0;0m         Section(header: Text("Accessibility")) {
 [0;36m9 |[0;0m             Toggle("Haptic Feedback", isOn: self.$hapticFeedbackEnabled)

/Users/danielstevens/github-projects/tools-automation/MomentumFinance/Shared/Components/Settings/AppearanceSettingsSection.swift:6:9: [1;31merror: [1;39mproperty 'body' must be declared public because it matches a requirement in public protocol 'View'[0;0m
 [0;36m4 |[0;0m     var darkModePreference: DarkModePreference
 [0;36m5 |[0;0m 
 [0;36m6 |[0;0m     var body: some View {
   [0;36m|[0;0m         |- [1;31merror: [1;39mproperty 'body' must be declared public because it matches a requirement in public protocol 'View'[0;0m
   [0;36m|[0;0m         `- [1;39mnote: [1;39mmark the property as 'public' to satisfy the requirement[0;0m
 [0;36m7 |[0;0m         Section(header: Text("Appearance")) {
 [0;36m8 |[0;0m             Picker("Theme", selection: .constant(self.darkModePreference)) {

[#MutableGlobalVariable]: <https://docs.swift.org/compiler/documentation/diagnostics/mutable-global-variable>
[146/148] Compiling Shared AboutSection.swift
/Users/danielstevens/github-projects/tools-automation/MomentumFinance/Shared/Animations/AnimationManager.swift:267:10: [1;31merror: [1;39mmethod 'body(content:)' must be declared public because it matches a requirement in public protocol 'ViewModifier'[0;0m
[0;36m265 |[0;0m     /// <#Description#>
[0;36m266 |[0;0m     /// - Returns: <#description#>
[0;36m267 |[0;0m     func body(content: Content) -> some View {
    [0;36m|[0;0m          |- [1;31merror: [1;39mmethod 'body(content:)' must be declared public because it matches a requirement in public protocol 'ViewModifier'[0;0m
    [0;36m|[0;0m          `- [1;39mnote: [1;39mmark the instance method as 'public' to satisfy the requirement[0;0m
[0;36m268 |[0;0m         content
[0;36m269 |[0;0m             .rotation3DEffect(

/Users/danielstevens/github-projects/tools-automation/MomentumFinance/Shared/Animations/AnimationManager.swift:287:9: [1;31merror: [1;39mproperty 'body' must be declared public because it matches a requirement in public protocol 'View'[0;0m
[0;36m285 |[0;0m     }
[0;36m286 |[0;0m 
[0;36m287 |[0;0m     var body: some View {
    [0;36m|[0;0m         |- [1;31merror: [1;39mproperty 'body' must be declared public because it matches a requirement in public protocol 'View'[0;0m
    [0;36m|[0;0m         `- [1;39mnote: [1;39mmark the property as 'public' to satisfy the requirement[0;0m
[0;36m288 |[0;0m         Group {
[0;36m289 |[0;0m             switch self.style {

/Users/danielstevens/github-projects/tools-automation/MomentumFinance/Shared/Animations/AnimationManager.swift:345:9: [1;31merror: [1;39mproperty 'body' must be declared public because it matches a requirement in public protocol 'View'[0;0m
[0;36m343 |[0;0m     @State private var animatedProgress: Double = 0
[0;36m344 |[0;0m 
[0;36m345 |[0;0m     var body: some View {
    [0;36m|[0;0m         |- [1;31merror: [1;39mproperty 'body' must be declared public because it matches a requirement in public protocol 'View'[0;0m
    [0;36m|[0;0m         `- [1;39mnote: [1;39mmark the property as 'public' to satisfy the requirement[0;0m
[0;36m346 |[0;0m         GeometryReader { geometry in
[0;36m347 |[0;0m             ZStack(alignment: .leading) {

/Users/danielstevens/github-projects/tools-automation/MomentumFinance/Shared/Animations/AnimationManager.swift:376:13: [1;31merror: [1;39mvar 'objectPool' is not concurrency-safe because it is nonisolated global shared mutable state[0;0m [#]8;;https://docs.swift.org/compiler/documentation/diagnostics/mutable-global-variable\MutableGlobalVariable]8;;\]
[0;36m374 |[0;0m 
[0;36m375 |[0;0m /// Object pool for performance optimization
[0;36m376 |[0;0m private var objectPool: [Any] = []
    [0;36m|[0;0m             |- [1;31merror: [1;39mvar 'objectPool' is not concurrency-safe because it is nonisolated global shared mutable state[0;0m [#]8;;https://docs.swift.org/compiler/documentation/diagnostics/mutable-global-variable\MutableGlobalVariable]8;;\]
    [0;36m|[0;0m             |- [1;39mnote: [1;39mconvert 'objectPool' to a 'let' constant to make 'Sendable' shared state immutable[0;0m
    [0;36m|[0;0m             |- [1;39mnote: [1;39madd '@MainActor' to make var 'objectPool' part of global actor 'MainActor'[0;0m
    [0;36m|[0;0m             `- [1;39mnote: [1;39mdisable concurrency-safety checks if accesses are protected by an external synchronization mechanism[0;0m
[0;36m377 |[0;0m private let maxPoolSize = 50
[0;36m378 |[0;0m 

/Users/danielstevens/github-projects/tools-automation/MomentumFinance/Shared/Components/AccountDetailComponents.swift:547:36: [1;31merror: [1;39m'AccountType' is not a member type of class 'MomentumFinanceCore.FinancialAccount'[0;0m
[0;36m545 |[0;0m     struct AccountEditModel {
[0;36m546 |[0;0m         var name: String
[0;36m547 |[0;0m         var type: [4;39mFinancialAccount[0;0m.AccountType
    [0;36m|[0;0m                                    `- [1;31merror: [1;39m'AccountType' is not a member type of class 'MomentumFinanceCore.FinancialAccount'[0;0m
[0;36m548 |[0;0m         var balance: Double
[0;36m549 |[0;0m         var currencyCode: String

/Users/danielstevens/github-projects/tools-automation/MomentumFinance/Sources/MomentumFinanceCore/Models.swift:93:20: [1;39mnote: [1;39m'FinancialAccount' declared here[0;0m
 [0;36m91 |[0;0m 
 [0;36m92 |[0;0m @Model
 [0;36m93 |[0;0m public final class FinancialAccount: Hashable, Encodable {
    [0;36m|[0;0m                    `- [1;39mnote: [1;39m'FinancialAccount' declared here[0;0m
 [0;36m94 |[0;0m     enum CodingKeys: String, CodingKey {
 [0;36m95 |[0;0m         case name, balance, iconName, createdDate, accountType, currencyCode, creditLimit

/Users/danielstevens/github-projects/tools-automation/MomentumFinance/Shared/Components/AccountDetailComponents.swift:31:13: [1;31merror: [1;39mswitch must be exhaustive[0;0m
 [0;36m29 |[0;0m 
 [0;36m30 |[0;0m         private var text: String {
 [0;36m31 |[0;0m             switch self.type {
    [0;36m|[0;0m             |- [1;31merror: [1;39mswitch must be exhaustive[0;0m
    [0;36m|[0;0m             `- [1;39mnote: [1;39madd missing case: '.cash'[0;0m
 [0;36m32 |[0;0m             case .checking: "Checking"
 [0;36m33 |[0;0m             case .savings: "Savings"

/Users/danielstevens/github-projects/tools-automation/MomentumFinance/Shared/Components/AccountDetailComponents.swift:40:13: [1;31merror: [1;39mswitch must be exhaustive[0;0m
 [0;36m38 |[0;0m 
 [0;36m39 |[0;0m         private var color: Color {
 [0;36m40 |[0;0m             switch self.type {
    [0;36m|[0;0m             |- [1;31merror: [1;39mswitch must be exhaustive[0;0m
    [0;36m|[0;0m             `- [1;39mnote: [1;39madd missing case: '.cash'[0;0m
 [0;36m41 |[0;0m             case .checking: .green
 [0;36m42 |[0;0m             case .savings: .blue

/Users/danielstevens/github-projects/tools-automation/MomentumFinance/Shared/Components/AccountDetailComponents.swift:354:51: [1;31merror: [1;39mvalue of type 'FinancialAccount' has no member 'interestRate'[0;0m
[0;36m352 |[0;0m                         DetailField(
[0;36m353 |[0;0m                             label: "Interest Rate",
[0;36m354 |[0;0m                             value: (([4;39mself.account[0;0m.[4;39minterestRate[0;0m ?? 0) * 100)
    [0;36m|[0;0m                                                   `- [1;31merror: [1;39mvalue of type 'FinancialAccount' has no member 'interestRate'[0;0m
[0;36m355 |[0;0m                                 .formatted(.number.precision(.fractionLength(2))) + "%"
[0;36m356 |[0;0m                         )

/Users/danielstevens/github-projects/tools-automation/MomentumFinance/Shared/Components/AccountDetailComponents.swift:522:28: [1;31merror: [1;39mcannot convert value of type 'String' to expected argument type 'PrimitiveButtonStyleConfiguration'[0;0m
[0;36m520 |[0;0m 
[0;36m521 |[0;0m                 HStack {
[0;36m522 |[0;0m                     Button("Cancel").accessibilityLabel("Button").accessibilityLabel("Button") {
    [0;36m|[0;0m                            `- [1;31merror: [1;39mcannot convert value of type 'String' to expected argument type 'PrimitiveButtonStyleConfiguration'[0;0m
[0;36m523 |[0;0m                         self.dismiss()
[0;36m524 |[0;0m                     }

/Users/danielstevens/github-projects/tools-automation/MomentumFinance/Shared/Components/AccountDetailComponents.swift:522:96: [1;31merror: [1;39mtype '_' cannot be used as a boolean; test for '!= 0' instead[0;0m
[0;36m520 |[0;0m 
[0;36m521 |[0;0m                 HStack {
[0;36m522 |[0;0m                     Button("Cancel").accessibilityLabel("Button").accessibilityLabel("Button") {
    [0;36m|[0;0m                                                                                                `- [1;31merror: [1;39mtype '_' cannot be used as a boolean; test for '!= 0' instead[0;0m
[0;36m523 |[0;0m                         self.dismiss()
[0;36m524 |[0;0m                     }

/Users/danielstevens/github-projects/tools-automation/MomentumFinance/Shared/Components/AccountDetailComponents.swift:561:33: [1;31merror: [1;39mvalue of type 'FinancialAccount' has no member 'type'[0;0m
[0;36m559 |[0;0m         init(from account: FinancialAccount) {
[0;36m560 |[0;0m             self.name = account.name
[0;36m561 |[0;0m             self.type = [4;39maccount[0;0m.[4;39mtype[0;0m
    [0;36m|[0;0m                                 `- [1;31merror: [1;39mvalue of type 'FinancialAccount' has no member 'type'[0;0m
[0;36m562 |[0;0m             self.balance = account.balance
[0;36m563 |[0;0m             self.currencyCode = account.currencyCode

/Users/danielstevens/github-projects/tools-automation/MomentumFinance/Shared/Components/AccountDetailComponents.swift:564:40: [1;31merror: [1;39mvalue of type 'FinancialAccount' has no member 'institution'[0;0m
[0;36m562 |[0;0m             self.balance = account.balance
[0;36m563 |[0;0m             self.currencyCode = account.currencyCode
[0;36m564 |[0;0m             self.institution = [4;39maccount[0;0m.[4;39minstitution[0;0m
    [0;36m|[0;0m                                        `- [1;31merror: [1;39mvalue of type 'FinancialAccount' has no member 'institution'[0;0m
[0;36m565 |[0;0m             self.accountNumber = account.accountNumber
[0;36m566 |[0;0m             self.interestRate = account.interestRate

/Users/danielstevens/github-projects/tools-automation/MomentumFinance/Shared/Components/AccountDetailComponents.swift:565:42: [1;31merror: [1;39mvalue of type 'FinancialAccount' has no member 'accountNumber'[0;0m
[0;36m563 |[0;0m             self.currencyCode = account.currencyCode
[0;36m564 |[0;0m             self.institution = account.institution
[0;36m565 |[0;0m             self.accountNumber = [4;39maccount[0;0m.[4;39maccountNumber[0;0m
    [0;36m|[0;0m                                          `- [1;31merror: [1;39mvalue of type 'FinancialAccount' has no member 'accountNumber'[0;0m
[0;36m566 |[0;0m             self.interestRate = account.interestRate
[0;36m567 |[0;0m             self.creditLimit = account.creditLimit

/Users/danielstevens/github-projects/tools-automation/MomentumFinance/Shared/Components/AccountDetailComponents.swift:566:41: [1;31merror: [1;39mvalue of type 'FinancialAccount' has no member 'interestRate'[0;0m
[0;36m564 |[0;0m             self.institution = account.institution
[0;36m565 |[0;0m             self.accountNumber = account.accountNumber
[0;36m566 |[0;0m             self.interestRate = [4;39maccount[0;0m.[4;39minterestRate[0;0m
    [0;36m|[0;0m                                         `- [1;31merror: [1;39mvalue of type 'FinancialAccount' has no member 'interestRate'[0;0m
[0;36m567 |[0;0m             self.creditLimit = account.creditLimit
[0;36m568 |[0;0m             self.dueDate = account.dueDate

/Users/danielstevens/github-projects/tools-automation/MomentumFinance/Shared/Components/AccountDetailComponents.swift:568:36: [1;31merror: [1;39mvalue of type 'FinancialAccount' has no member 'dueDate'[0;0m
[0;36m566 |[0;0m             self.interestRate = account.interestRate
[0;36m567 |[0;0m             self.creditLimit = account.creditLimit
[0;36m568 |[0;0m             self.dueDate = [4;39maccount[0;0m.[4;39mdueDate[0;0m
    [0;36m|[0;0m                                    `- [1;31merror: [1;39mvalue of type 'FinancialAccount' has no member 'dueDate'[0;0m
[0;36m569 |[0;0m             self.includeInTotal = account.includeInTotal
[0;36m570 |[0;0m             self.isActive = account.isActive

/Users/danielstevens/github-projects/tools-automation/MomentumFinance/Shared/Components/AccountDetailComponents.swift:569:43: [1;31merror: [1;39mvalue of type 'FinancialAccount' has no member 'includeInTotal'[0;0m
[0;36m567 |[0;0m             self.creditLimit = account.creditLimit
[0;36m568 |[0;0m             self.dueDate = account.dueDate
[0;36m569 |[0;0m             self.includeInTotal = [4;39maccount[0;0m.[4;39mincludeInTotal[0;0m
    [0;36m|[0;0m                                           `- [1;31merror: [1;39mvalue of type 'FinancialAccount' has no member 'includeInTotal'[0;0m
[0;36m570 |[0;0m             self.isActive = account.isActive
[0;36m571 |[0;0m             self.notes = account.notes

/Users/danielstevens/github-projects/tools-automation/MomentumFinance/Shared/Components/AccountDetailComponents.swift:570:37: [1;31merror: [1;39mvalue of type 'FinancialAccount' has no member 'isActive'[0;0m
[0;36m568 |[0;0m             self.dueDate = account.dueDate
[0;36m569 |[0;0m             self.includeInTotal = account.includeInTotal
[0;36m570 |[0;0m             self.isActive = [4;39maccount[0;0m.[4;39misActive[0;0m
    [0;36m|[0;0m                                     `- [1;31merror: [1;39mvalue of type 'FinancialAccount' has no member 'isActive'[0;0m
[0;36m571 |[0;0m             self.notes = account.notes
[0;36m572 |[0;0m         }

/Users/danielstevens/github-projects/tools-automation/MomentumFinance/Shared/Components/AccountDetailComponents.swift:571:34: [1;31merror: [1;39mvalue of type 'FinancialAccount' has no member 'notes'[0;0m
[0;36m569 |[0;0m             self.includeInTotal = account.includeInTotal
[0;36m570 |[0;0m             self.isActive = account.isActive
[0;36m571 |[0;0m             self.notes = [4;39maccount[0;0m.[4;39mnotes[0;0m
    [0;36m|[0;0m                                  `- [1;31merror: [1;39mvalue of type 'FinancialAccount' has no member 'notes'[0;0m
[0;36m572 |[0;0m         }
[0;36m573 |[0;0m     }

/Users/danielstevens/github-projects/tools-automation/MomentumFinance/Shared/Components/BudgetComponents.swift:53:28: [1;31merror: [1;39mreference to member 'systemBackground' cannot be resolved without a contextual type[0;0m
[0;36m51 |[0;0m         }
[0;36m52 |[0;0m         .padding()
[0;36m53 |[0;0m         .background(Color(.systemBackground))
   [0;36m|[0;0m                            `- [1;31merror: [1;39mreference to member 'systemBackground' cannot be resolved without a contextual type[0;0m
[0;36m54 |[0;0m         .cornerRadius(10)
[0;36m55 |[0;0m         .shadow(radius: 2)

/Users/danielstevens/github-projects/tools-automation/MomentumFinance/Shared/Components/Dashboard/DashboardUIComponents.swift:42:15: [1;31merror: [1;39minvalid redeclaration of 'DashboardAccountsSummary'[0;0m
 [0;36m40 |[0;0m // MARK: - Dashboard Accounts Summary
 [0;36m41 |[0;0m 
 [0;36m42 |[0;0m public struct DashboardAccountsSummary: View {
    [0;36m|[0;0m               `- [1;31merror: [1;39minvalid redeclaration of 'DashboardAccountsSummary'[0;0m
 [0;36m43 |[0;0m     public let accounts: [FinancialAccount]
 [0;36m44 |[0;0m     public let onAccountTap: (UUID) -> Void

/Users/danielstevens/github-projects/tools-automation/MomentumFinance/Shared/Components/Dashboard/DashboardUIComponents.swift:203:14: [1;31merror: [1;39minvalid redeclaration of 'formatCurrency'[0;0m
[0;36m201 |[0;0m // MARK: - Helper Functions
[0;36m202 |[0;0m 
[0;36m203 |[0;0m private func formatCurrency(_ amount: Double) -> String {
    [0;36m|[0;0m              `- [1;31merror: [1;39minvalid redeclaration of 'formatCurrency'[0;0m
[0;36m204 |[0;0m     let formatter = NumberFormatter()
[0;36m205 |[0;0m     formatter.numberStyle = .currency

/Users/danielstevens/github-projects/tools-automation/MomentumFinance/Shared/Components/Dashboard/DashboardUIComponents.swift:57:59: [1;31merror: [1;39mcannot convert value of type 'PersistentIdentifier' to expected argument type 'UUID'[0;0m
 [0;36m55 |[0;0m                         AccountSummaryCard(account: account)
 [0;36m56 |[0;0m                             .onTapGesture {
 [0;36m57 |[0;0m                                 self.onAccountTap(account.id)
    [0;36m|[0;0m                                                           `- [1;31merror: [1;39mcannot convert value of type 'PersistentIdentifier' to expected argument type 'UUID'[0;0m
 [0;36m58 |[0;0m                             }
 [0;36m59 |[0;0m                     }

/Users/danielstevens/github-projects/tools-automation/MomentumFinance/Shared/Components/Dashboard/DashboardUIComponents.swift:97:27: [1;31merror: [1;39mcannot find 'UIColor' in scope[0;0m
 [0;36m95 |[0;0m         }
 [0;36m96 |[0;0m         .padding()
 [0;36m97 |[0;0m         .background(Color([4;39mUIColor[0;0m.systemGray6))
    [0;36m|[0;0m                           `- [1;31merror: [1;39mcannot find 'UIColor' in scope[0;0m
 [0;36m98 |[0;0m         .cornerRadius(12)
 [0;36m99 |[0;0m         .frame(width: 160)

/Users/danielstevens/github-projects/tools-automation/MomentumFinance/Shared/Components/Dashboard/DashboardUIComponents.swift:92:31: [1;31merror: [1;39mvalue of type 'FinancialAccount' has no member 'type'[0;0m
 [0;36m90 |[0;0m                 .foregroundColor(self.account.balance >= 0 ? .green : .red)
 [0;36m91 |[0;0m 
 [0;36m92 |[0;0m             Text([4;39mself.account[0;0m.[4;39mtype[0;0m.rawValue.capitalized)
    [0;36m|[0;0m                               `- [1;31merror: [1;39mvalue of type 'FinancialAccount' has no member 'type'[0;0m
 [0;36m93 |[0;0m                 .font(.caption)
 [0;36m94 |[0;0m                 .foregroundColor(.secondary)

/Users/danielstevens/github-projects/tools-automation/MomentumFinance/Shared/Components/Dashboard/DashboardUIComponents.swift:103:29: [1;31merror: [1;39mvalue of type 'FinancialAccount' has no member 'type'[0;0m
[0;36m101 |[0;0m 
[0;36m102 |[0;0m     private var iconName: String {
[0;36m103 |[0;0m         switch [4;39mself.account[0;0m.[4;39mtype[0;0m {
    [0;36m|[0;0m                             `- [1;31merror: [1;39mvalue of type 'FinancialAccount' has no member 'type'[0;0m
[0;36m104 |[0;0m         case .checking:
[0;36m105 |[0;0m             "creditcard"

/Users/danielstevens/github-projects/tools-automation/MomentumFinance/Shared/Components/Dashboard/DashboardUIComponents.swift:189:27: [1;31merror: [1;39mcannot find 'UIColor' in scope[0;0m
[0;36m187 |[0;0m         }
[0;36m188 |[0;0m         .padding()
[0;36m189 |[0;0m         .background(Color([4;39mUIColor[0;0m.systemGray6))
    [0;36m|[0;0m                           `- [1;31merror: [1;39mcannot find 'UIColor' in scope[0;0m
[0;36m190 |[0;0m         .cornerRadius(12)
[0;36m191 |[0;0m     }

/Users/danielstevens/github-projects/tools-automation/MomentumFinance/Shared/Components/DetailViewComponents.swift:39:63: [1;31merror: [1;39mvalue of type 'ExpenseCategory' has no member 'colorHex'[0;0m
 [0;36m37 |[0;0m             HStack(spacing: 4) {
 [0;36m38 |[0;0m                 Circle()
 [0;36m39 |[0;0m                     .fill(self.getCategoryColor([4;39mself.category[0;0m.[4;39mcolorHex[0;0m))
    [0;36m|[0;0m                                                               `- [1;31merror: [1;39mvalue of type 'ExpenseCategory' has no member 'colorHex'[0;0m
 [0;36m40 |[0;0m                     .frame(width: 10, height: 10)
 [0;36m41 |[0;0m 

/Users/danielstevens/github-projects/tools-automation/MomentumFinance/Shared/Components/DetailViewComponents.swift:47:61: [1;31merror: [1;39mvalue of type 'ExpenseCategory' has no member 'colorHex'[0;0m
 [0;36m45 |[0;0m             .padding(.horizontal, 8)
 [0;36m46 |[0;0m             .padding(.vertical, 2)
 [0;36m47 |[0;0m             .background(self.getCategoryColor([4;39mself.category[0;0m.[4;39mcolorHex[0;0m).opacity(0.1))
    [0;36m|[0;0m                                                             `- [1;31merror: [1;39mvalue of type 'ExpenseCategory' has no member 'colorHex'[0;0m
 [0;36m48 |[0;0m             .cornerRadius(4)
 [0;36m49 |[0;0m         }

/Users/danielstevens/github-projects/tools-automation/MomentumFinance/Shared/Components/DetailViewComponents.swift:52:23: [1;33mwarning: [1;39mvalue 'hex' was defined but never used; consider replacing with boolean test[0;0m [#no-usage]
 [0;36m50 |[0;0m 
 [0;36m51 |[0;0m         private func getCategoryColor(_ hex: String?) -> Color {
 [0;36m52 |[0;0m             guard let hex else { return .gray }
    [0;36m|[0;0m                       `- [1;33mwarning: [1;39mvalue 'hex' was defined but never used; consider replacing with boolean test[0;0m [#no-usage]
 [0;36m53 |[0;0m             // This would parse the hex color string
 [0;36m54 |[0;0m             return .blue

/Users/danielstevens/github-projects/tools-automation/MomentumFinance/Shared/Components/DetailViewComponents.swift:81:28: [1;31merror: [1;39mmissing argument for parameter #1 in call[0;0m
 [0;36m79 |[0;0m 
 [0;36m80 |[0;0m                 if self.showDeleteButton {
 [0;36m81 |[0;0m                     Button(action: {}).accessibilityLabel("Button").accessibilityLabel("Button") {
    [0;36m|[0;0m                            `- [1;31merror: [1;39mmissing argument for parameter #1 in call[0;0m
 [0;36m82 |[0;0m                         Image(systemName: "xmark.circle.fill")
 [0;36m83 |[0;0m                             .foregroundStyle(.red)

SwiftUI.Button.init:2:36: [1;39mnote: [1;39m'init(_:action:)' declared here[0;0m
[0;36m1 |[0;0m generic struct Button {
[0;36m2 |[0;0m @preconcurrency nonisolated public init(_ titleKey: LocalizedStringKey, action: @escaping @MainActor () -> Void)}
  [0;36m|[0;0m                                    `- [1;39mnote: [1;39m'init(_:action:)' declared here[0;0m
[0;36m3 |[0;0m 

/Users/danielstevens/github-projects/tools-automation/MomentumFinance/Shared/Components/DetailViewComponents.swift:81:98: [1;31merror: [1;39mtype '_' cannot be used as a boolean; test for '!= 0' instead[0;0m
 [0;36m79 |[0;0m 
 [0;36m80 |[0;0m                 if self.showDeleteButton {
 [0;36m81 |[0;0m                     Button(action: {}).accessibilityLabel("Button").accessibilityLabel("Button") {
    [0;36m|[0;0m                                                                                                  `- [1;31merror: [1;39mtype '_' cannot be used as a boolean; test for '!= 0' instead[0;0m
 [0;36m82 |[0;0m                         Image(systemName: "xmark.circle.fill")
 [0;36m83 |[0;0m                             .foregroundStyle(.red)

/Users/danielstevens/github-projects/tools-automation/MomentumFinance/Shared/Components/DetailViewComponents.swift:287:28: [1;31merror: [1;39mcannot convert value of type 'String' to expected argument type 'PrimitiveButtonStyleConfiguration'[0;0m
[0;36m285 |[0;0m 
[0;36m286 |[0;0m                 HStack {
[0;36m287 |[0;0m                     Button("Cancel").accessibilityLabel("Button").accessibilityLabel("Button") {
    [0;36m|[0;0m                            `- [1;31merror: [1;39mcannot convert value of type 'String' to expected argument type 'PrimitiveButtonStyleConfiguration'[0;0m
[0;36m288 |[0;0m                         self.dismiss()
[0;36m289 |[0;0m                     }

/Users/danielstevens/github-projects/tools-automation/MomentumFinance/Shared/Components/DetailViewComponents.swift:287:96: [1;31merror: [1;39mtype '_' cannot be used as a boolean; test for '!= 0' instead[0;0m
[0;36m285 |[0;0m 
[0;36m286 |[0;0m                 HStack {
[0;36m287 |[0;0m                     Button("Cancel").accessibilityLabel("Button").accessibilityLabel("Button") {
    [0;36m|[0;0m                                                                                                `- [1;31merror: [1;39mtype '_' cannot be used as a boolean; test for '!= 0' instead[0;0m
[0;36m288 |[0;0m                         self.dismiss()
[0;36m289 |[0;0m                     }

/Users/danielstevens/github-projects/tools-automation/MomentumFinance/Shared/Components/DetailViewComponents.swift:322:67: [1;31merror: [1;39mvalue of type 'FinancialTransaction' has no member 'name'[0;0m
[0;36m320 |[0;0m         var body: some View {
[0;36m321 |[0;0m             VStack {
[0;36m322 |[0;0m                 Text("Transactions Similar to '\([4;39mself.transaction[0;0m.[4;39mname[0;0m)'")
    [0;36m|[0;0m                                                                   `- [1;31merror: [1;39mvalue of type 'FinancialTransaction' has no member 'name'[0;0m
[0;36m323 |[0;0m                     .font(.headline)
[0;36m324 |[0;0m                     .padding()

/Users/danielstevens/github-projects/tools-automation/MomentumFinance/Shared/Components/DetailViewComponents.swift:358:37: [1;31merror: [1;39mvalue of type 'FinancialTransaction' has no member 'name'[0;0m
[0;36m356 |[0;0m 
[0;36m357 |[0;0m         init(from transaction: FinancialTransaction) {
[0;36m358 |[0;0m             self.name = [4;39mtransaction[0;0m.[4;39mname[0;0m
    [0;36m|[0;0m                                     `- [1;31merror: [1;39mvalue of type 'FinancialTransaction' has no member 'name'[0;0m
[0;36m359 |[0;0m             self.amount = transaction.amount
[0;36m360 |[0;0m             self.date = transaction.date

/Users/danielstevens/github-projects/tools-automation/MomentumFinance/Shared/Components/DetailViewComponents.swift:361:38: [1;31merror: [1;39mvalue of optional type 'String?' must be unwrapped to a value of type 'String'[0;0m
[0;36m359 |[0;0m             self.amount = transaction.amount
[0;36m360 |[0;0m             self.date = transaction.date
[0;36m361 |[0;0m             self.notes = transaction.notes
    [0;36m|[0;0m                                      |- [1;31merror: [1;39mvalue of optional type 'String?' must be unwrapped to a value of type 'String'[0;0m
    [0;36m|[0;0m                                      |- [1;39mnote: [1;39mcoalesce using '??' to provide a default when the optional value contains 'nil'[0;0m
    [0;36m|[0;0m                                      `- [1;39mnote: [1;39mforce-unwrap using '!' to abort execution if the optional value contains 'nil'[0;0m
[0;36m362 |[0;0m             self.categoryId = transaction.category?.id ?? ""
[0;36m363 |[0;0m             self.accountId = transaction.account?.id ?? ""

/Users/danielstevens/github-projects/tools-automation/MomentumFinance/Shared/Components/DetailViewComponents.swift:362:53: [1;31merror: [1;39mcannot convert value of type 'UUID?' to expected argument type 'String?'[0;0m
[0;36m360 |[0;0m             self.date = transaction.date
[0;36m361 |[0;0m             self.notes = transaction.notes
[0;36m362 |[0;0m             self.categoryId = transaction.category?.id ?? ""
    [0;36m|[0;0m                                                     `- [1;31merror: [1;39mcannot convert value of type 'UUID?' to expected argument type 'String?'[0;0m
[0;36m363 |[0;0m             self.accountId = transaction.account?.id ?? ""
[0;36m364 |[0;0m             self.isReconciled = transaction.isReconciled

/Users/danielstevens/github-projects/tools-automation/MomentumFinance/Shared/Components/DetailViewComponents.swift:363:51: [1;31merror: [1;39mcannot convert value of type 'PersistentIdentifier?' to expected argument type 'String?'[0;0m
[0;36m361 |[0;0m             self.notes = transaction.notes
[0;36m362 |[0;0m             self.categoryId = transaction.category?.id ?? ""
[0;36m363 |[0;0m             self.accountId = transaction.account?.id ?? ""
    [0;36m|[0;0m                                                   `- [1;31merror: [1;39mcannot convert value of type 'PersistentIdentifier?' to expected argument type 'String?'[0;0m
[0;36m364 |[0;0m             self.isReconciled = transaction.isReconciled
[0;36m365 |[0;0m             self.isRecurring = transaction.isRecurring

/Users/danielstevens/github-projects/tools-automation/MomentumFinance/Shared/Components/DetailViewComponents.swift:364:45: [1;31merror: [1;39mvalue of type 'FinancialTransaction' has no member 'isReconciled'[0;0m
[0;36m362 |[0;0m             self.categoryId = transaction.category?.id ?? ""
[0;36m363 |[0;0m             self.accountId = transaction.account?.id ?? ""
[0;36m364 |[0;0m             self.isReconciled = [4;39mtransaction[0;0m.[4;39misReconciled[0;0m
    [0;36m|[0;0m                                             `- [1;31merror: [1;39mvalue of type 'FinancialTransaction' has no member 'isReconciled'[0;0m
[0;36m365 |[0;0m             self.isRecurring = transaction.isRecurring
[0;36m366 |[0;0m             self.location = transaction.location

/Users/danielstevens/github-projects/tools-automation/MomentumFinance/Shared/Components/DetailViewComponents.swift:365:44: [1;31merror: [1;39mvalue of type 'FinancialTransaction' has no member 'isRecurring'[0;0m
[0;36m363 |[0;0m             self.accountId = transaction.account?.id ?? ""
[0;36m364 |[0;0m             self.isReconciled = transaction.isReconciled
[0;36m365 |[0;0m             self.isRecurring = [4;39mtransaction[0;0m.[4;39misRecurring[0;0m
    [0;36m|[0;0m                                            `- [1;31merror: [1;39mvalue of type 'FinancialTransaction' has no member 'isRecurring'[0;0m
[0;36m366 |[0;0m             self.location = transaction.location
[0;36m367 |[0;0m             self.subcategory = transaction.subcategory

/Users/danielstevens/github-projects/tools-automation/MomentumFinance/Shared/Components/DetailViewComponents.swift:366:41: [1;31merror: [1;39mvalue of type 'FinancialTransaction' has no member 'location'[0;0m
[0;36m364 |[0;0m             self.isReconciled = transaction.isReconciled
[0;36m365 |[0;0m             self.isRecurring = transaction.isRecurring
[0;36m366 |[0;0m             self.location = [4;39mtransaction[0;0m.[4;39mlocation[0;0m
    [0;36m|[0;0m                                         `- [1;31merror: [1;39mvalue of type 'FinancialTransaction' has no member 'location'[0;0m
[0;36m367 |[0;0m             self.subcategory = transaction.subcategory
[0;36m368 |[0;0m         }

/Users/danielstevens/github-projects/tools-automation/MomentumFinance/Shared/Components/DetailViewComponents.swift:367:44: [1;31merror: [1;39mvalue of type 'FinancialTransaction' has no member 'subcategory'[0;0m
[0;36m365 |[0;0m             self.isRecurring = transaction.isRecurring
[0;36m366 |[0;0m             self.location = transaction.location
[0;36m367 |[0;0m             self.subcategory = [4;39mtransaction[0;0m.[4;39msubcategory[0;0m
    [0;36m|[0;0m                                            `- [1;31merror: [1;39mvalue of type 'FinancialTransaction' has no member 'subcategory'[0;0m
[0;36m368 |[0;0m         }
[0;36m369 |[0;0m     }

/Users/danielstevens/github-projects/tools-automation/MomentumFinance/Shared/Components/Settings/AccessibilitySettingsSection.swift:7:9: [1;31merror: [1;39mproperty 'body' must be declared public because it matches a requirement in public protocol 'View'[0;0m
 [0;36m5 |[0;0m     @Binding var reducedMotion: Bool
 [0;36m6 |[0;0m 
 [0;36m7 |[0;0m     var body: some View {
   [0;36m|[0;0m         |- [1;31merror: [1;39mproperty 'body' must be declared public because it matches a requirement in public protocol 'View'[0;0m
   [0;36m|[0;0m         `- [1;39mnote: [1;39mmark the property as 'public' to satisfy the requirement[0;0m
 [0;36m8 |[0;0m         Section(header: Text("Accessibility")) {
 [0;36m9 |[0;0m             Toggle("Haptic Feedback", isOn: self.$hapticFeedbackEnabled)

/Users/danielstevens/github-projects/tools-automation/MomentumFinance/Shared/Components/Settings/AppearanceSettingsSection.swift:6:9: [1;31merror: [1;39mproperty 'body' must be declared public because it matches a requirement in public protocol 'View'[0;0m
 [0;36m4 |[0;0m     var darkModePreference: DarkModePreference
 [0;36m5 |[0;0m 
 [0;36m6 |[0;0m     var body: some View {
   [0;36m|[0;0m         |- [1;31merror: [1;39mproperty 'body' must be declared public because it matches a requirement in public protocol 'View'[0;0m
   [0;36m|[0;0m         `- [1;39mnote: [1;39mmark the property as 'public' to satisfy the requirement[0;0m
 [0;36m7 |[0;0m         Section(header: Text("Appearance")) {
 [0;36m8 |[0;0m             Picker("Theme", selection: .constant(self.darkModePreference)) {

[#MutableGlobalVariable]: <https://docs.swift.org/compiler/documentation/diagnostics/mutable-global-variable>
[147/148] Compiling Shared AccessibilitySettingsSection.swift
/Users/danielstevens/github-projects/tools-automation/MomentumFinance/Shared/Animations/AnimationManager.swift:267:10: [1;31merror: [1;39mmethod 'body(content:)' must be declared public because it matches a requirement in public protocol 'ViewModifier'[0;0m
[0;36m265 |[0;0m     /// <#Description#>
[0;36m266 |[0;0m     /// - Returns: <#description#>
[0;36m267 |[0;0m     func body(content: Content) -> some View {
    [0;36m|[0;0m          |- [1;31merror: [1;39mmethod 'body(content:)' must be declared public because it matches a requirement in public protocol 'ViewModifier'[0;0m
    [0;36m|[0;0m          `- [1;39mnote: [1;39mmark the instance method as 'public' to satisfy the requirement[0;0m
[0;36m268 |[0;0m         content
[0;36m269 |[0;0m             .rotation3DEffect(

/Users/danielstevens/github-projects/tools-automation/MomentumFinance/Shared/Animations/AnimationManager.swift:287:9: [1;31merror: [1;39mproperty 'body' must be declared public because it matches a requirement in public protocol 'View'[0;0m
[0;36m285 |[0;0m     }
[0;36m286 |[0;0m 
[0;36m287 |[0;0m     var body: some View {
    [0;36m|[0;0m         |- [1;31merror: [1;39mproperty 'body' must be declared public because it matches a requirement in public protocol 'View'[0;0m
    [0;36m|[0;0m         `- [1;39mnote: [1;39mmark the property as 'public' to satisfy the requirement[0;0m
[0;36m288 |[0;0m         Group {
[0;36m289 |[0;0m             switch self.style {

/Users/danielstevens/github-projects/tools-automation/MomentumFinance/Shared/Animations/AnimationManager.swift:345:9: [1;31merror: [1;39mproperty 'body' must be declared public because it matches a requirement in public protocol 'View'[0;0m
[0;36m343 |[0;0m     @State private var animatedProgress: Double = 0
[0;36m344 |[0;0m 
[0;36m345 |[0;0m     var body: some View {
    [0;36m|[0;0m         |- [1;31merror: [1;39mproperty 'body' must be declared public because it matches a requirement in public protocol 'View'[0;0m
    [0;36m|[0;0m         `- [1;39mnote: [1;39mmark the property as 'public' to satisfy the requirement[0;0m
[0;36m346 |[0;0m         GeometryReader { geometry in
[0;36m347 |[0;0m             ZStack(alignment: .leading) {

/Users/danielstevens/github-projects/tools-automation/MomentumFinance/Shared/Animations/AnimationManager.swift:376:13: [1;31merror: [1;39mvar 'objectPool' is not concurrency-safe because it is nonisolated global shared mutable state[0;0m [#]8;;https://docs.swift.org/compiler/documentation/diagnostics/mutable-global-variable\MutableGlobalVariable]8;;\]
[0;36m374 |[0;0m 
[0;36m375 |[0;0m /// Object pool for performance optimization
[0;36m376 |[0;0m private var objectPool: [Any] = []
    [0;36m|[0;0m             |- [1;31merror: [1;39mvar 'objectPool' is not concurrency-safe because it is nonisolated global shared mutable state[0;0m [#]8;;https://docs.swift.org/compiler/documentation/diagnostics/mutable-global-variable\MutableGlobalVariable]8;;\]
    [0;36m|[0;0m             |- [1;39mnote: [1;39mconvert 'objectPool' to a 'let' constant to make 'Sendable' shared state immutable[0;0m
    [0;36m|[0;0m             |- [1;39mnote: [1;39madd '@MainActor' to make var 'objectPool' part of global actor 'MainActor'[0;0m
    [0;36m|[0;0m             `- [1;39mnote: [1;39mdisable concurrency-safety checks if accesses are protected by an external synchronization mechanism[0;0m
[0;36m377 |[0;0m private let maxPoolSize = 50
[0;36m378 |[0;0m 

/Users/danielstevens/github-projects/tools-automation/MomentumFinance/Shared/Components/AccountDetailComponents.swift:547:36: [1;31merror: [1;39m'AccountType' is not a member type of class 'MomentumFinanceCore.FinancialAccount'[0;0m
[0;36m545 |[0;0m     struct AccountEditModel {
[0;36m546 |[0;0m         var name: String
[0;36m547 |[0;0m         var type: [4;39mFinancialAccount[0;0m.AccountType
    [0;36m|[0;0m                                    `- [1;31merror: [1;39m'AccountType' is not a member type of class 'MomentumFinanceCore.FinancialAccount'[0;0m
[0;36m548 |[0;0m         var balance: Double
[0;36m549 |[0;0m         var currencyCode: String

/Users/danielstevens/github-projects/tools-automation/MomentumFinance/Sources/MomentumFinanceCore/Models.swift:93:20: [1;39mnote: [1;39m'FinancialAccount' declared here[0;0m
 [0;36m91 |[0;0m 
 [0;36m92 |[0;0m @Model
 [0;36m93 |[0;0m public final class FinancialAccount: Hashable, Encodable {
    [0;36m|[0;0m                    `- [1;39mnote: [1;39m'FinancialAccount' declared here[0;0m
 [0;36m94 |[0;0m     enum CodingKeys: String, CodingKey {
 [0;36m95 |[0;0m         case name, balance, iconName, createdDate, accountType, currencyCode, creditLimit

/Users/danielstevens/github-projects/tools-automation/MomentumFinance/Shared/Components/AccountDetailComponents.swift:31:13: [1;31merror: [1;39mswitch must be exhaustive[0;0m
 [0;36m29 |[0;0m 
 [0;36m30 |[0;0m         private var text: String {
 [0;36m31 |[0;0m             switch self.type {
    [0;36m|[0;0m             |- [1;31merror: [1;39mswitch must be exhaustive[0;0m
    [0;36m|[0;0m             `- [1;39mnote: [1;39madd missing case: '.cash'[0;0m
 [0;36m32 |[0;0m             case .checking: "Checking"
 [0;36m33 |[0;0m             case .savings: "Savings"

/Users/danielstevens/github-projects/tools-automation/MomentumFinance/Shared/Components/AccountDetailComponents.swift:40:13: [1;31merror: [1;39mswitch must be exhaustive[0;0m
 [0;36m38 |[0;0m 
 [0;36m39 |[0;0m         private var color: Color {
 [0;36m40 |[0;0m             switch self.type {
    [0;36m|[0;0m             |- [1;31merror: [1;39mswitch must be exhaustive[0;0m
    [0;36m|[0;0m             `- [1;39mnote: [1;39madd missing case: '.cash'[0;0m
 [0;36m41 |[0;0m             case .checking: .green
 [0;36m42 |[0;0m             case .savings: .blue

/Users/danielstevens/github-projects/tools-automation/MomentumFinance/Shared/Components/AccountDetailComponents.swift:354:51: [1;31merror: [1;39mvalue of type 'FinancialAccount' has no member 'interestRate'[0;0m
[0;36m352 |[0;0m                         DetailField(
[0;36m353 |[0;0m                             label: "Interest Rate",
[0;36m354 |[0;0m                             value: (([4;39mself.account[0;0m.[4;39minterestRate[0;0m ?? 0) * 100)
    [0;36m|[0;0m                                                   `- [1;31merror: [1;39mvalue of type 'FinancialAccount' has no member 'interestRate'[0;0m
[0;36m355 |[0;0m                                 .formatted(.number.precision(.fractionLength(2))) + "%"
[0;36m356 |[0;0m                         )

/Users/danielstevens/github-projects/tools-automation/MomentumFinance/Shared/Components/AccountDetailComponents.swift:522:28: [1;31merror: [1;39mcannot convert value of type 'String' to expected argument type 'PrimitiveButtonStyleConfiguration'[0;0m
[0;36m520 |[0;0m 
[0;36m521 |[0;0m                 HStack {
[0;36m522 |[0;0m                     Button("Cancel").accessibilityLabel("Button").accessibilityLabel("Button") {
    [0;36m|[0;0m                            `- [1;31merror: [1;39mcannot convert value of type 'String' to expected argument type 'PrimitiveButtonStyleConfiguration'[0;0m
[0;36m523 |[0;0m                         self.dismiss()
[0;36m524 |[0;0m                     }

/Users/danielstevens/github-projects/tools-automation/MomentumFinance/Shared/Components/AccountDetailComponents.swift:522:96: [1;31merror: [1;39mtype '_' cannot be used as a boolean; test for '!= 0' instead[0;0m
[0;36m520 |[0;0m 
[0;36m521 |[0;0m                 HStack {
[0;36m522 |[0;0m                     Button("Cancel").accessibilityLabel("Button").accessibilityLabel("Button") {
    [0;36m|[0;0m                                                                                                `- [1;31merror: [1;39mtype '_' cannot be used as a boolean; test for '!= 0' instead[0;0m
[0;36m523 |[0;0m                         self.dismiss()
[0;36m524 |[0;0m                     }

/Users/danielstevens/github-projects/tools-automation/MomentumFinance/Shared/Components/AccountDetailComponents.swift:561:33: [1;31merror: [1;39mvalue of type 'FinancialAccount' has no member 'type'[0;0m
[0;36m559 |[0;0m         init(from account: FinancialAccount) {
[0;36m560 |[0;0m             self.name = account.name
[0;36m561 |[0;0m             self.type = [4;39maccount[0;0m.[4;39mtype[0;0m
    [0;36m|[0;0m                                 `- [1;31merror: [1;39mvalue of type 'FinancialAccount' has no member 'type'[0;0m
[0;36m562 |[0;0m             self.balance = account.balance
[0;36m563 |[0;0m             self.currencyCode = account.currencyCode

/Users/danielstevens/github-projects/tools-automation/MomentumFinance/Shared/Components/AccountDetailComponents.swift:564:40: [1;31merror: [1;39mvalue of type 'FinancialAccount' has no member 'institution'[0;0m
[0;36m562 |[0;0m             self.balance = account.balance
[0;36m563 |[0;0m             self.currencyCode = account.currencyCode
[0;36m564 |[0;0m             self.institution = [4;39maccount[0;0m.[4;39minstitution[0;0m
    [0;36m|[0;0m                                        `- [1;31merror: [1;39mvalue of type 'FinancialAccount' has no member 'institution'[0;0m
[0;36m565 |[0;0m             self.accountNumber = account.accountNumber
[0;36m566 |[0;0m             self.interestRate = account.interestRate

/Users/danielstevens/github-projects/tools-automation/MomentumFinance/Shared/Components/AccountDetailComponents.swift:565:42: [1;31merror: [1;39mvalue of type 'FinancialAccount' has no member 'accountNumber'[0;0m
[0;36m563 |[0;0m             self.currencyCode = account.currencyCode
[0;36m564 |[0;0m             self.institution = account.institution
[0;36m565 |[0;0m             self.accountNumber = [4;39maccount[0;0m.[4;39maccountNumber[0;0m
    [0;36m|[0;0m                                          `- [1;31merror: [1;39mvalue of type 'FinancialAccount' has no member 'accountNumber'[0;0m
[0;36m566 |[0;0m             self.interestRate = account.interestRate
[0;36m567 |[0;0m             self.creditLimit = account.creditLimit

/Users/danielstevens/github-projects/tools-automation/MomentumFinance/Shared/Components/AccountDetailComponents.swift:566:41: [1;31merror: [1;39mvalue of type 'FinancialAccount' has no member 'interestRate'[0;0m
[0;36m564 |[0;0m             self.institution = account.institution
[0;36m565 |[0;0m             self.accountNumber = account.accountNumber
[0;36m566 |[0;0m             self.interestRate = [4;39maccount[0;0m.[4;39minterestRate[0;0m
    [0;36m|[0;0m                                         `- [1;31merror: [1;39mvalue of type 'FinancialAccount' has no member 'interestRate'[0;0m
[0;36m567 |[0;0m             self.creditLimit = account.creditLimit
[0;36m568 |[0;0m             self.dueDate = account.dueDate

/Users/danielstevens/github-projects/tools-automation/MomentumFinance/Shared/Components/AccountDetailComponents.swift:568:36: [1;31merror: [1;39mvalue of type 'FinancialAccount' has no member 'dueDate'[0;0m
[0;36m566 |[0;0m             self.interestRate = account.interestRate
[0;36m567 |[0;0m             self.creditLimit = account.creditLimit
[0;36m568 |[0;0m             self.dueDate = [4;39maccount[0;0m.[4;39mdueDate[0;0m
    [0;36m|[0;0m                                    `- [1;31merror: [1;39mvalue of type 'FinancialAccount' has no member 'dueDate'[0;0m
[0;36m569 |[0;0m             self.includeInTotal = account.includeInTotal
[0;36m570 |[0;0m             self.isActive = account.isActive

/Users/danielstevens/github-projects/tools-automation/MomentumFinance/Shared/Components/AccountDetailComponents.swift:569:43: [1;31merror: [1;39mvalue of type 'FinancialAccount' has no member 'includeInTotal'[0;0m
[0;36m567 |[0;0m             self.creditLimit = account.creditLimit
[0;36m568 |[0;0m             self.dueDate = account.dueDate
[0;36m569 |[0;0m             self.includeInTotal = [4;39maccount[0;0m.[4;39mincludeInTotal[0;0m
    [0;36m|[0;0m                                           `- [1;31merror: [1;39mvalue of type 'FinancialAccount' has no member 'includeInTotal'[0;0m
[0;36m570 |[0;0m             self.isActive = account.isActive
[0;36m571 |[0;0m             self.notes = account.notes

/Users/danielstevens/github-projects/tools-automation/MomentumFinance/Shared/Components/AccountDetailComponents.swift:570:37: [1;31merror: [1;39mvalue of type 'FinancialAccount' has no member 'isActive'[0;0m
[0;36m568 |[0;0m             self.dueDate = account.dueDate
[0;36m569 |[0;0m             self.includeInTotal = account.includeInTotal
[0;36m570 |[0;0m             self.isActive = [4;39maccount[0;0m.[4;39misActive[0;0m
    [0;36m|[0;0m                                     `- [1;31merror: [1;39mvalue of type 'FinancialAccount' has no member 'isActive'[0;0m
[0;36m571 |[0;0m             self.notes = account.notes
[0;36m572 |[0;0m         }

/Users/danielstevens/github-projects/tools-automation/MomentumFinance/Shared/Components/AccountDetailComponents.swift:571:34: [1;31merror: [1;39mvalue of type 'FinancialAccount' has no member 'notes'[0;0m
[0;36m569 |[0;0m             self.includeInTotal = account.includeInTotal
[0;36m570 |[0;0m             self.isActive = account.isActive
[0;36m571 |[0;0m             self.notes = [4;39maccount[0;0m.[4;39mnotes[0;0m
    [0;36m|[0;0m                                  `- [1;31merror: [1;39mvalue of type 'FinancialAccount' has no member 'notes'[0;0m
[0;36m572 |[0;0m         }
[0;36m573 |[0;0m     }

/Users/danielstevens/github-projects/tools-automation/MomentumFinance/Shared/Components/BudgetComponents.swift:53:28: [1;31merror: [1;39mreference to member 'systemBackground' cannot be resolved without a contextual type[0;0m
[0;36m51 |[0;0m         }
[0;36m52 |[0;0m         .padding()
[0;36m53 |[0;0m         .background(Color(.systemBackground))
   [0;36m|[0;0m                            `- [1;31merror: [1;39mreference to member 'systemBackground' cannot be resolved without a contextual type[0;0m
[0;36m54 |[0;0m         .cornerRadius(10)
[0;36m55 |[0;0m         .shadow(radius: 2)

/Users/danielstevens/github-projects/tools-automation/MomentumFinance/Shared/Components/Dashboard/DashboardUIComponents.swift:42:15: [1;31merror: [1;39minvalid redeclaration of 'DashboardAccountsSummary'[0;0m
 [0;36m40 |[0;0m // MARK: - Dashboard Accounts Summary
 [0;36m41 |[0;0m 
 [0;36m42 |[0;0m public struct DashboardAccountsSummary: View {
    [0;36m|[0;0m               `- [1;31merror: [1;39minvalid redeclaration of 'DashboardAccountsSummary'[0;0m
 [0;36m43 |[0;0m     public let accounts: [FinancialAccount]
 [0;36m44 |[0;0m     public let onAccountTap: (UUID) -> Void

/Users/danielstevens/github-projects/tools-automation/MomentumFinance/Shared/Components/Dashboard/DashboardUIComponents.swift:203:14: [1;31merror: [1;39minvalid redeclaration of 'formatCurrency'[0;0m
[0;36m201 |[0;0m // MARK: - Helper Functions
[0;36m202 |[0;0m 
[0;36m203 |[0;0m private func formatCurrency(_ amount: Double) -> String {
    [0;36m|[0;0m              `- [1;31merror: [1;39minvalid redeclaration of 'formatCurrency'[0;0m
[0;36m204 |[0;0m     let formatter = NumberFormatter()
[0;36m205 |[0;0m     formatter.numberStyle = .currency

/Users/danielstevens/github-projects/tools-automation/MomentumFinance/Shared/Components/Dashboard/DashboardUIComponents.swift:57:59: [1;31merror: [1;39mcannot convert value of type 'PersistentIdentifier' to expected argument type 'UUID'[0;0m
 [0;36m55 |[0;0m                         AccountSummaryCard(account: account)
 [0;36m56 |[0;0m                             .onTapGesture {
 [0;36m57 |[0;0m                                 self.onAccountTap(account.id)
    [0;36m|[0;0m                                                           `- [1;31merror: [1;39mcannot convert value of type 'PersistentIdentifier' to expected argument type 'UUID'[0;0m
 [0;36m58 |[0;0m                             }
 [0;36m59 |[0;0m                     }

/Users/danielstevens/github-projects/tools-automation/MomentumFinance/Shared/Components/Dashboard/DashboardUIComponents.swift:97:27: [1;31merror: [1;39mcannot find 'UIColor' in scope[0;0m
 [0;36m95 |[0;0m         }
 [0;36m96 |[0;0m         .padding()
 [0;36m97 |[0;0m         .background(Color([4;39mUIColor[0;0m.systemGray6))
    [0;36m|[0;0m                           `- [1;31merror: [1;39mcannot find 'UIColor' in scope[0;0m
 [0;36m98 |[0;0m         .cornerRadius(12)
 [0;36m99 |[0;0m         .frame(width: 160)

/Users/danielstevens/github-projects/tools-automation/MomentumFinance/Shared/Components/Dashboard/DashboardUIComponents.swift:92:31: [1;31merror: [1;39mvalue of type 'FinancialAccount' has no member 'type'[0;0m
 [0;36m90 |[0;0m                 .foregroundColor(self.account.balance >= 0 ? .green : .red)
 [0;36m91 |[0;0m 
 [0;36m92 |[0;0m             Text([4;39mself.account[0;0m.[4;39mtype[0;0m.rawValue.capitalized)
    [0;36m|[0;0m                               `- [1;31merror: [1;39mvalue of type 'FinancialAccount' has no member 'type'[0;0m
 [0;36m93 |[0;0m                 .font(.caption)
 [0;36m94 |[0;0m                 .foregroundColor(.secondary)

/Users/danielstevens/github-projects/tools-automation/MomentumFinance/Shared/Components/Dashboard/DashboardUIComponents.swift:103:29: [1;31merror: [1;39mvalue of type 'FinancialAccount' has no member 'type'[0;0m
[0;36m101 |[0;0m 
[0;36m102 |[0;0m     private var iconName: String {
[0;36m103 |[0;0m         switch [4;39mself.account[0;0m.[4;39mtype[0;0m {
    [0;36m|[0;0m                             `- [1;31merror: [1;39mvalue of type 'FinancialAccount' has no member 'type'[0;0m
[0;36m104 |[0;0m         case .checking:
[0;36m105 |[0;0m             "creditcard"

/Users/danielstevens/github-projects/tools-automation/MomentumFinance/Shared/Components/Dashboard/DashboardUIComponents.swift:189:27: [1;31merror: [1;39mcannot find 'UIColor' in scope[0;0m
[0;36m187 |[0;0m         }
[0;36m188 |[0;0m         .padding()
[0;36m189 |[0;0m         .background(Color([4;39mUIColor[0;0m.systemGray6))
    [0;36m|[0;0m                           `- [1;31merror: [1;39mcannot find 'UIColor' in scope[0;0m
[0;36m190 |[0;0m         .cornerRadius(12)
[0;36m191 |[0;0m     }

/Users/danielstevens/github-projects/tools-automation/MomentumFinance/Shared/Components/DetailViewComponents.swift:39:63: [1;31merror: [1;39mvalue of type 'ExpenseCategory' has no member 'colorHex'[0;0m
 [0;36m37 |[0;0m             HStack(spacing: 4) {
 [0;36m38 |[0;0m                 Circle()
 [0;36m39 |[0;0m                     .fill(self.getCategoryColor([4;39mself.category[0;0m.[4;39mcolorHex[0;0m))
    [0;36m|[0;0m                                                               `- [1;31merror: [1;39mvalue of type 'ExpenseCategory' has no member 'colorHex'[0;0m
 [0;36m40 |[0;0m                     .frame(width: 10, height: 10)
 [0;36m41 |[0;0m 

/Users/danielstevens/github-projects/tools-automation/MomentumFinance/Shared/Components/DetailViewComponents.swift:47:61: [1;31merror: [1;39mvalue of type 'ExpenseCategory' has no member 'colorHex'[0;0m
 [0;36m45 |[0;0m             .padding(.horizontal, 8)
 [0;36m46 |[0;0m             .padding(.vertical, 2)
 [0;36m47 |[0;0m             .background(self.getCategoryColor([4;39mself.category[0;0m.[4;39mcolorHex[0;0m).opacity(0.1))
    [0;36m|[0;0m                                                             `- [1;31merror: [1;39mvalue of type 'ExpenseCategory' has no member 'colorHex'[0;0m
 [0;36m48 |[0;0m             .cornerRadius(4)
 [0;36m49 |[0;0m         }

/Users/danielstevens/github-projects/tools-automation/MomentumFinance/Shared/Components/DetailViewComponents.swift:52:23: [1;33mwarning: [1;39mvalue 'hex' was defined but never used; consider replacing with boolean test[0;0m [#no-usage]
 [0;36m50 |[0;0m 
 [0;36m51 |[0;0m         private func getCategoryColor(_ hex: String?) -> Color {
 [0;36m52 |[0;0m             guard let hex else { return .gray }
    [0;36m|[0;0m                       `- [1;33mwarning: [1;39mvalue 'hex' was defined but never used; consider replacing with boolean test[0;0m [#no-usage]
 [0;36m53 |[0;0m             // This would parse the hex color string
 [0;36m54 |[0;0m             return .blue

/Users/danielstevens/github-projects/tools-automation/MomentumFinance/Shared/Components/DetailViewComponents.swift:81:28: [1;31merror: [1;39mmissing argument for parameter #1 in call[0;0m
 [0;36m79 |[0;0m 
 [0;36m80 |[0;0m                 if self.showDeleteButton {
 [0;36m81 |[0;0m                     Button(action: {}).accessibilityLabel("Button").accessibilityLabel("Button") {
    [0;36m|[0;0m                            `- [1;31merror: [1;39mmissing argument for parameter #1 in call[0;0m
 [0;36m82 |[0;0m                         Image(systemName: "xmark.circle.fill")
 [0;36m83 |[0;0m                             .foregroundStyle(.red)

SwiftUI.Button.init:2:36: [1;39mnote: [1;39m'init(_:action:)' declared here[0;0m
[0;36m1 |[0;0m generic struct Button {
[0;36m2 |[0;0m @preconcurrency nonisolated public init(_ titleKey: LocalizedStringKey, action: @escaping @MainActor () -> Void)}
  [0;36m|[0;0m                                    `- [1;39mnote: [1;39m'init(_:action:)' declared here[0;0m
[0;36m3 |[0;0m 

/Users/danielstevens/github-projects/tools-automation/MomentumFinance/Shared/Components/DetailViewComponents.swift:81:98: [1;31merror: [1;39mtype '_' cannot be used as a boolean; test for '!= 0' instead[0;0m
 [0;36m79 |[0;0m 
 [0;36m80 |[0;0m                 if self.showDeleteButton {
 [0;36m81 |[0;0m                     Button(action: {}).accessibilityLabel("Button").accessibilityLabel("Button") {
    [0;36m|[0;0m                                                                                                  `- [1;31merror: [1;39mtype '_' cannot be used as a boolean; test for '!= 0' instead[0;0m
 [0;36m82 |[0;0m                         Image(systemName: "xmark.circle.fill")
 [0;36m83 |[0;0m                             .foregroundStyle(.red)

/Users/danielstevens/github-projects/tools-automation/MomentumFinance/Shared/Components/DetailViewComponents.swift:287:28: [1;31merror: [1;39mcannot convert value of type 'String' to expected argument type 'PrimitiveButtonStyleConfiguration'[0;0m
[0;36m285 |[0;0m 
[0;36m286 |[0;0m                 HStack {
[0;36m287 |[0;0m                     Button("Cancel").accessibilityLabel("Button").accessibilityLabel("Button") {
    [0;36m|[0;0m                            `- [1;31merror: [1;39mcannot convert value of type 'String' to expected argument type 'PrimitiveButtonStyleConfiguration'[0;0m
[0;36m288 |[0;0m                         self.dismiss()
[0;36m289 |[0;0m                     }

/Users/danielstevens/github-projects/tools-automation/MomentumFinance/Shared/Components/DetailViewComponents.swift:287:96: [1;31merror: [1;39mtype '_' cannot be used as a boolean; test for '!= 0' instead[0;0m
[0;36m285 |[0;0m 
[0;36m286 |[0;0m                 HStack {
[0;36m287 |[0;0m                     Button("Cancel").accessibilityLabel("Button").accessibilityLabel("Button") {
    [0;36m|[0;0m                                                                                                `- [1;31merror: [1;39mtype '_' cannot be used as a boolean; test for '!= 0' instead[0;0m
[0;36m288 |[0;0m                         self.dismiss()
[0;36m289 |[0;0m                     }

/Users/danielstevens/github-projects/tools-automation/MomentumFinance/Shared/Components/DetailViewComponents.swift:322:67: [1;31merror: [1;39mvalue of type 'FinancialTransaction' has no member 'name'[0;0m
[0;36m320 |[0;0m         var body: some View {
[0;36m321 |[0;0m             VStack {
[0;36m322 |[0;0m                 Text("Transactions Similar to '\([4;39mself.transaction[0;0m.[4;39mname[0;0m)'")
    [0;36m|[0;0m                                                                   `- [1;31merror: [1;39mvalue of type 'FinancialTransaction' has no member 'name'[0;0m
[0;36m323 |[0;0m                     .font(.headline)
[0;36m324 |[0;0m                     .padding()

/Users/danielstevens/github-projects/tools-automation/MomentumFinance/Shared/Components/DetailViewComponents.swift:358:37: [1;31merror: [1;39mvalue of type 'FinancialTransaction' has no member 'name'[0;0m
[0;36m356 |[0;0m 
[0;36m357 |[0;0m         init(from transaction: FinancialTransaction) {
[0;36m358 |[0;0m             self.name = [4;39mtransaction[0;0m.[4;39mname[0;0m
    [0;36m|[0;0m                                     `- [1;31merror: [1;39mvalue of type 'FinancialTransaction' has no member 'name'[0;0m
[0;36m359 |[0;0m             self.amount = transaction.amount
[0;36m360 |[0;0m             self.date = transaction.date

/Users/danielstevens/github-projects/tools-automation/MomentumFinance/Shared/Components/DetailViewComponents.swift:361:38: [1;31merror: [1;39mvalue of optional type 'String?' must be unwrapped to a value of type 'String'[0;0m
[0;36m359 |[0;0m             self.amount = transaction.amount
[0;36m360 |[0;0m             self.date = transaction.date
[0;36m361 |[0;0m             self.notes = transaction.notes
    [0;36m|[0;0m                                      |- [1;31merror: [1;39mvalue of optional type 'String?' must be unwrapped to a value of type 'String'[0;0m
    [0;36m|[0;0m                                      |- [1;39mnote: [1;39mcoalesce using '??' to provide a default when the optional value contains 'nil'[0;0m
    [0;36m|[0;0m                                      `- [1;39mnote: [1;39mforce-unwrap using '!' to abort execution if the optional value contains 'nil'[0;0m
[0;36m362 |[0;0m             self.categoryId = transaction.category?.id ?? ""
[0;36m363 |[0;0m             self.accountId = transaction.account?.id ?? ""

/Users/danielstevens/github-projects/tools-automation/MomentumFinance/Shared/Components/DetailViewComponents.swift:362:53: [1;31merror: [1;39mcannot convert value of type 'UUID?' to expected argument type 'String?'[0;0m
[0;36m360 |[0;0m             self.date = transaction.date
[0;36m361 |[0;0m             self.notes = transaction.notes
[0;36m362 |[0;0m             self.categoryId = transaction.category?.id ?? ""
    [0;36m|[0;0m                                                     `- [1;31merror: [1;39mcannot convert value of type 'UUID?' to expected argument type 'String?'[0;0m
[0;36m363 |[0;0m             self.accountId = transaction.account?.id ?? ""
[0;36m364 |[0;0m             self.isReconciled = transaction.isReconciled

/Users/danielstevens/github-projects/tools-automation/MomentumFinance/Shared/Components/DetailViewComponents.swift:363:51: [1;31merror: [1;39mcannot convert value of type 'PersistentIdentifier?' to expected argument type 'String?'[0;0m
[0;36m361 |[0;0m             self.notes = transaction.notes
[0;36m362 |[0;0m             self.categoryId = transaction.category?.id ?? ""
[0;36m363 |[0;0m             self.accountId = transaction.account?.id ?? ""
    [0;36m|[0;0m                                                   `- [1;31merror: [1;39mcannot convert value of type 'PersistentIdentifier?' to expected argument type 'String?'[0;0m
[0;36m364 |[0;0m             self.isReconciled = transaction.isReconciled
[0;36m365 |[0;0m             self.isRecurring = transaction.isRecurring

/Users/danielstevens/github-projects/tools-automation/MomentumFinance/Shared/Components/DetailViewComponents.swift:364:45: [1;31merror: [1;39mvalue of type 'FinancialTransaction' has no member 'isReconciled'[0;0m
[0;36m362 |[0;0m             self.categoryId = transaction.category?.id ?? ""
[0;36m363 |[0;0m             self.accountId = transaction.account?.id ?? ""
[0;36m364 |[0;0m             self.isReconciled = [4;39mtransaction[0;0m.[4;39misReconciled[0;0m
    [0;36m|[0;0m                                             `- [1;31merror: [1;39mvalue of type 'FinancialTransaction' has no member 'isReconciled'[0;0m
[0;36m365 |[0;0m             self.isRecurring = transaction.isRecurring
[0;36m366 |[0;0m             self.location = transaction.location

/Users/danielstevens/github-projects/tools-automation/MomentumFinance/Shared/Components/DetailViewComponents.swift:365:44: [1;31merror: [1;39mvalue of type 'FinancialTransaction' has no member 'isRecurring'[0;0m
[0;36m363 |[0;0m             self.accountId = transaction.account?.id ?? ""
[0;36m364 |[0;0m             self.isReconciled = transaction.isReconciled
[0;36m365 |[0;0m             self.isRecurring = [4;39mtransaction[0;0m.[4;39misRecurring[0;0m
    [0;36m|[0;0m                                            `- [1;31merror: [1;39mvalue of type 'FinancialTransaction' has no member 'isRecurring'[0;0m
[0;36m366 |[0;0m             self.location = transaction.location
[0;36m367 |[0;0m             self.subcategory = transaction.subcategory

/Users/danielstevens/github-projects/tools-automation/MomentumFinance/Shared/Components/DetailViewComponents.swift:366:41: [1;31merror: [1;39mvalue of type 'FinancialTransaction' has no member 'location'[0;0m
[0;36m364 |[0;0m             self.isReconciled = transaction.isReconciled
[0;36m365 |[0;0m             self.isRecurring = transaction.isRecurring
[0;36m366 |[0;0m             self.location = [4;39mtransaction[0;0m.[4;39mlocation[0;0m
    [0;36m|[0;0m                                         `- [1;31merror: [1;39mvalue of type 'FinancialTransaction' has no member 'location'[0;0m
[0;36m367 |[0;0m             self.subcategory = transaction.subcategory
[0;36m368 |[0;0m         }

/Users/danielstevens/github-projects/tools-automation/MomentumFinance/Shared/Components/DetailViewComponents.swift:367:44: [1;31merror: [1;39mvalue of type 'FinancialTransaction' has no member 'subcategory'[0;0m
[0;36m365 |[0;0m             self.isRecurring = transaction.isRecurring
[0;36m366 |[0;0m             self.location = transaction.location
[0;36m367 |[0;0m             self.subcategory = [4;39mtransaction[0;0m.[4;39msubcategory[0;0m
    [0;36m|[0;0m                                            `- [1;31merror: [1;39mvalue of type 'FinancialTransaction' has no member 'subcategory'[0;0m
[0;36m368 |[0;0m         }
[0;36m369 |[0;0m     }

/Users/danielstevens/github-projects/tools-automation/MomentumFinance/Shared/Components/Settings/AccessibilitySettingsSection.swift:7:9: [1;31merror: [1;39mproperty 'body' must be declared public because it matches a requirement in public protocol 'View'[0;0m
 [0;36m5 |[0;0m     @Binding var reducedMotion: Bool
 [0;36m6 |[0;0m 
 [0;36m7 |[0;0m     var body: some View {
   [0;36m|[0;0m         |- [1;31merror: [1;39mproperty 'body' must be declared public because it matches a requirement in public protocol 'View'[0;0m
   [0;36m|[0;0m         `- [1;39mnote: [1;39mmark the property as 'public' to satisfy the requirement[0;0m
 [0;36m8 |[0;0m         Section(header: Text("Accessibility")) {
 [0;36m9 |[0;0m             Toggle("Haptic Feedback", isOn: self.$hapticFeedbackEnabled)

/Users/danielstevens/github-projects/tools-automation/MomentumFinance/Shared/Components/Settings/AppearanceSettingsSection.swift:6:9: [1;31merror: [1;39mproperty 'body' must be declared public because it matches a requirement in public protocol 'View'[0;0m
 [0;36m4 |[0;0m     var darkModePreference: DarkModePreference
 [0;36m5 |[0;0m 
 [0;36m6 |[0;0m     var body: some View {
   [0;36m|[0;0m         |- [1;31merror: [1;39mproperty 'body' must be declared public because it matches a requirement in public protocol 'View'[0;0m
   [0;36m|[0;0m         `- [1;39mnote: [1;39mmark the property as 'public' to satisfy the requirement[0;0m
 [0;36m7 |[0;0m         Section(header: Text("Appearance")) {
 [0;36m8 |[0;0m             Picker("Theme", selection: .constant(self.darkModePreference)) {

[#MutableGlobalVariable]: <https://docs.swift.org/compiler/documentation/diagnostics/mutable-global-variable>
[148/148] Compiling Shared AppearanceSettingsSection.swift
/Users/danielstevens/github-projects/tools-automation/MomentumFinance/Shared/Animations/AnimationManager.swift:267:10: [1;31merror: [1;39mmethod 'body(content:)' must be declared public because it matches a requirement in public protocol 'ViewModifier'[0;0m
[0;36m265 |[0;0m     /// <#Description#>
[0;36m266 |[0;0m     /// - Returns: <#description#>
[0;36m267 |[0;0m     func body(content: Content) -> some View {
    [0;36m|[0;0m          |- [1;31merror: [1;39mmethod 'body(content:)' must be declared public because it matches a requirement in public protocol 'ViewModifier'[0;0m
    [0;36m|[0;0m          `- [1;39mnote: [1;39mmark the instance method as 'public' to satisfy the requirement[0;0m
[0;36m268 |[0;0m         content
[0;36m269 |[0;0m             .rotation3DEffect(

/Users/danielstevens/github-projects/tools-automation/MomentumFinance/Shared/Animations/AnimationManager.swift:287:9: [1;31merror: [1;39mproperty 'body' must be declared public because it matches a requirement in public protocol 'View'[0;0m
[0;36m285 |[0;0m     }
[0;36m286 |[0;0m 
[0;36m287 |[0;0m     var body: some View {
    [0;36m|[0;0m         |- [1;31merror: [1;39mproperty 'body' must be declared public because it matches a requirement in public protocol 'View'[0;0m
    [0;36m|[0;0m         `- [1;39mnote: [1;39mmark the property as 'public' to satisfy the requirement[0;0m
[0;36m288 |[0;0m         Group {
[0;36m289 |[0;0m             switch self.style {

/Users/danielstevens/github-projects/tools-automation/MomentumFinance/Shared/Animations/AnimationManager.swift:345:9: [1;31merror: [1;39mproperty 'body' must be declared public because it matches a requirement in public protocol 'View'[0;0m
[0;36m343 |[0;0m     @State private var animatedProgress: Double = 0
[0;36m344 |[0;0m 
[0;36m345 |[0;0m     var body: some View {
    [0;36m|[0;0m         |- [1;31merror: [1;39mproperty 'body' must be declared public because it matches a requirement in public protocol 'View'[0;0m
    [0;36m|[0;0m         `- [1;39mnote: [1;39mmark the property as 'public' to satisfy the requirement[0;0m
[0;36m346 |[0;0m         GeometryReader { geometry in
[0;36m347 |[0;0m             ZStack(alignment: .leading) {

/Users/danielstevens/github-projects/tools-automation/MomentumFinance/Shared/Animations/AnimationManager.swift:376:13: [1;31merror: [1;39mvar 'objectPool' is not concurrency-safe because it is nonisolated global shared mutable state[0;0m [#]8;;https://docs.swift.org/compiler/documentation/diagnostics/mutable-global-variable\MutableGlobalVariable]8;;\]
[0;36m374 |[0;0m 
[0;36m375 |[0;0m /// Object pool for performance optimization
[0;36m376 |[0;0m private var objectPool: [Any] = []
    [0;36m|[0;0m             |- [1;31merror: [1;39mvar 'objectPool' is not concurrency-safe because it is nonisolated global shared mutable state[0;0m [#]8;;https://docs.swift.org/compiler/documentation/diagnostics/mutable-global-variable\MutableGlobalVariable]8;;\]
    [0;36m|[0;0m             |- [1;39mnote: [1;39mconvert 'objectPool' to a 'let' constant to make 'Sendable' shared state immutable[0;0m
    [0;36m|[0;0m             |- [1;39mnote: [1;39madd '@MainActor' to make var 'objectPool' part of global actor 'MainActor'[0;0m
    [0;36m|[0;0m             `- [1;39mnote: [1;39mdisable concurrency-safety checks if accesses are protected by an external synchronization mechanism[0;0m
[0;36m377 |[0;0m private let maxPoolSize = 50
[0;36m378 |[0;0m 

/Users/danielstevens/github-projects/tools-automation/MomentumFinance/Shared/Components/AccountDetailComponents.swift:547:36: [1;31merror: [1;39m'AccountType' is not a member type of class 'MomentumFinanceCore.FinancialAccount'[0;0m
[0;36m545 |[0;0m     struct AccountEditModel {
[0;36m546 |[0;0m         var name: String
[0;36m547 |[0;0m         var type: [4;39mFinancialAccount[0;0m.AccountType
    [0;36m|[0;0m                                    `- [1;31merror: [1;39m'AccountType' is not a member type of class 'MomentumFinanceCore.FinancialAccount'[0;0m
[0;36m548 |[0;0m         var balance: Double
[0;36m549 |[0;0m         var currencyCode: String

/Users/danielstevens/github-projects/tools-automation/MomentumFinance/Sources/MomentumFinanceCore/Models.swift:93:20: [1;39mnote: [1;39m'FinancialAccount' declared here[0;0m
 [0;36m91 |[0;0m 
 [0;36m92 |[0;0m @Model
 [0;36m93 |[0;0m public final class FinancialAccount: Hashable, Encodable {
    [0;36m|[0;0m                    `- [1;39mnote: [1;39m'FinancialAccount' declared here[0;0m
 [0;36m94 |[0;0m     enum CodingKeys: String, CodingKey {
 [0;36m95 |[0;0m         case name, balance, iconName, createdDate, accountType, currencyCode, creditLimit

/Users/danielstevens/github-projects/tools-automation/MomentumFinance/Shared/Components/AccountDetailComponents.swift:31:13: [1;31merror: [1;39mswitch must be exhaustive[0;0m
 [0;36m29 |[0;0m 
 [0;36m30 |[0;0m         private var text: String {
 [0;36m31 |[0;0m             switch self.type {
    [0;36m|[0;0m             |- [1;31merror: [1;39mswitch must be exhaustive[0;0m
    [0;36m|[0;0m             `- [1;39mnote: [1;39madd missing case: '.cash'[0;0m
 [0;36m32 |[0;0m             case .checking: "Checking"
 [0;36m33 |[0;0m             case .savings: "Savings"

/Users/danielstevens/github-projects/tools-automation/MomentumFinance/Shared/Components/AccountDetailComponents.swift:40:13: [1;31merror: [1;39mswitch must be exhaustive[0;0m
 [0;36m38 |[0;0m 
 [0;36m39 |[0;0m         private var color: Color {
 [0;36m40 |[0;0m             switch self.type {
    [0;36m|[0;0m             |- [1;31merror: [1;39mswitch must be exhaustive[0;0m
    [0;36m|[0;0m             `- [1;39mnote: [1;39madd missing case: '.cash'[0;0m
 [0;36m41 |[0;0m             case .checking: .green
 [0;36m42 |[0;0m             case .savings: .blue

/Users/danielstevens/github-projects/tools-automation/MomentumFinance/Shared/Components/AccountDetailComponents.swift:354:51: [1;31merror: [1;39mvalue of type 'FinancialAccount' has no member 'interestRate'[0;0m
[0;36m352 |[0;0m                         DetailField(
[0;36m353 |[0;0m                             label: "Interest Rate",
[0;36m354 |[0;0m                             value: (([4;39mself.account[0;0m.[4;39minterestRate[0;0m ?? 0) * 100)
    [0;36m|[0;0m                                                   `- [1;31merror: [1;39mvalue of type 'FinancialAccount' has no member 'interestRate'[0;0m
[0;36m355 |[0;0m                                 .formatted(.number.precision(.fractionLength(2))) + "%"
[0;36m356 |[0;0m                         )

/Users/danielstevens/github-projects/tools-automation/MomentumFinance/Shared/Components/AccountDetailComponents.swift:522:28: [1;31merror: [1;39mcannot convert value of type 'String' to expected argument type 'PrimitiveButtonStyleConfiguration'[0;0m
[0;36m520 |[0;0m 
[0;36m521 |[0;0m                 HStack {
[0;36m522 |[0;0m                     Button("Cancel").accessibilityLabel("Button").accessibilityLabel("Button") {
    [0;36m|[0;0m                            `- [1;31merror: [1;39mcannot convert value of type 'String' to expected argument type 'PrimitiveButtonStyleConfiguration'[0;0m
[0;36m523 |[0;0m                         self.dismiss()
[0;36m524 |[0;0m                     }

/Users/danielstevens/github-projects/tools-automation/MomentumFinance/Shared/Components/AccountDetailComponents.swift:522:96: [1;31merror: [1;39mtype '_' cannot be used as a boolean; test for '!= 0' instead[0;0m
[0;36m520 |[0;0m 
[0;36m521 |[0;0m                 HStack {
[0;36m522 |[0;0m                     Button("Cancel").accessibilityLabel("Button").accessibilityLabel("Button") {
    [0;36m|[0;0m                                                                                                `- [1;31merror: [1;39mtype '_' cannot be used as a boolean; test for '!= 0' instead[0;0m
[0;36m523 |[0;0m                         self.dismiss()
[0;36m524 |[0;0m                     }

/Users/danielstevens/github-projects/tools-automation/MomentumFinance/Shared/Components/AccountDetailComponents.swift:561:33: [1;31merror: [1;39mvalue of type 'FinancialAccount' has no member 'type'[0;0m
[0;36m559 |[0;0m         init(from account: FinancialAccount) {
[0;36m560 |[0;0m             self.name = account.name
[0;36m561 |[0;0m             self.type = [4;39maccount[0;0m.[4;39mtype[0;0m
    [0;36m|[0;0m                                 `- [1;31merror: [1;39mvalue of type 'FinancialAccount' has no member 'type'[0;0m
[0;36m562 |[0;0m             self.balance = account.balance
[0;36m563 |[0;0m             self.currencyCode = account.currencyCode

/Users/danielstevens/github-projects/tools-automation/MomentumFinance/Shared/Components/AccountDetailComponents.swift:564:40: [1;31merror: [1;39mvalue of type 'FinancialAccount' has no member 'institution'[0;0m
[0;36m562 |[0;0m             self.balance = account.balance
[0;36m563 |[0;0m             self.currencyCode = account.currencyCode
[0;36m564 |[0;0m             self.institution = [4;39maccount[0;0m.[4;39minstitution[0;0m
    [0;36m|[0;0m                                        `- [1;31merror: [1;39mvalue of type 'FinancialAccount' has no member 'institution'[0;0m
[0;36m565 |[0;0m             self.accountNumber = account.accountNumber
[0;36m566 |[0;0m             self.interestRate = account.interestRate

/Users/danielstevens/github-projects/tools-automation/MomentumFinance/Shared/Components/AccountDetailComponents.swift:565:42: [1;31merror: [1;39mvalue of type 'FinancialAccount' has no member 'accountNumber'[0;0m
[0;36m563 |[0;0m             self.currencyCode = account.currencyCode
[0;36m564 |[0;0m             self.institution = account.institution
[0;36m565 |[0;0m             self.accountNumber = [4;39maccount[0;0m.[4;39maccountNumber[0;0m
    [0;36m|[0;0m                                          `- [1;31merror: [1;39mvalue of type 'FinancialAccount' has no member 'accountNumber'[0;0m
[0;36m566 |[0;0m             self.interestRate = account.interestRate
[0;36m567 |[0;0m             self.creditLimit = account.creditLimit

/Users/danielstevens/github-projects/tools-automation/MomentumFinance/Shared/Components/AccountDetailComponents.swift:566:41: [1;31merror: [1;39mvalue of type 'FinancialAccount' has no member 'interestRate'[0;0m
[0;36m564 |[0;0m             self.institution = account.institution
[0;36m565 |[0;0m             self.accountNumber = account.accountNumber
[0;36m566 |[0;0m             self.interestRate = [4;39maccount[0;0m.[4;39minterestRate[0;0m
    [0;36m|[0;0m                                         `- [1;31merror: [1;39mvalue of type 'FinancialAccount' has no member 'interestRate'[0;0m
[0;36m567 |[0;0m             self.creditLimit = account.creditLimit
[0;36m568 |[0;0m             self.dueDate = account.dueDate

/Users/danielstevens/github-projects/tools-automation/MomentumFinance/Shared/Components/AccountDetailComponents.swift:568:36: [1;31merror: [1;39mvalue of type 'FinancialAccount' has no member 'dueDate'[0;0m
[0;36m566 |[0;0m             self.interestRate = account.interestRate
[0;36m567 |[0;0m             self.creditLimit = account.creditLimit
[0;36m568 |[0;0m             self.dueDate = [4;39maccount[0;0m.[4;39mdueDate[0;0m
    [0;36m|[0;0m                                    `- [1;31merror: [1;39mvalue of type 'FinancialAccount' has no member 'dueDate'[0;0m
[0;36m569 |[0;0m             self.includeInTotal = account.includeInTotal
[0;36m570 |[0;0m             self.isActive = account.isActive

/Users/danielstevens/github-projects/tools-automation/MomentumFinance/Shared/Components/AccountDetailComponents.swift:569:43: [1;31merror: [1;39mvalue of type 'FinancialAccount' has no member 'includeInTotal'[0;0m
[0;36m567 |[0;0m             self.creditLimit = account.creditLimit
[0;36m568 |[0;0m             self.dueDate = account.dueDate
[0;36m569 |[0;0m             self.includeInTotal = [4;39maccount[0;0m.[4;39mincludeInTotal[0;0m
    [0;36m|[0;0m                                           `- [1;31merror: [1;39mvalue of type 'FinancialAccount' has no member 'includeInTotal'[0;0m
[0;36m570 |[0;0m             self.isActive = account.isActive
[0;36m571 |[0;0m             self.notes = account.notes

/Users/danielstevens/github-projects/tools-automation/MomentumFinance/Shared/Components/AccountDetailComponents.swift:570:37: [1;31merror: [1;39mvalue of type 'FinancialAccount' has no member 'isActive'[0;0m
[0;36m568 |[0;0m             self.dueDate = account.dueDate
[0;36m569 |[0;0m             self.includeInTotal = account.includeInTotal
[0;36m570 |[0;0m             self.isActive = [4;39maccount[0;0m.[4;39misActive[0;0m
    [0;36m|[0;0m                                     `- [1;31merror: [1;39mvalue of type 'FinancialAccount' has no member 'isActive'[0;0m
[0;36m571 |[0;0m             self.notes = account.notes
[0;36m572 |[0;0m         }

/Users/danielstevens/github-projects/tools-automation/MomentumFinance/Shared/Components/AccountDetailComponents.swift:571:34: [1;31merror: [1;39mvalue of type 'FinancialAccount' has no member 'notes'[0;0m
[0;36m569 |[0;0m             self.includeInTotal = account.includeInTotal
[0;36m570 |[0;0m             self.isActive = account.isActive
[0;36m571 |[0;0m             self.notes = [4;39maccount[0;0m.[4;39mnotes[0;0m
    [0;36m|[0;0m                                  `- [1;31merror: [1;39mvalue of type 'FinancialAccount' has no member 'notes'[0;0m
[0;36m572 |[0;0m         }
[0;36m573 |[0;0m     }

/Users/danielstevens/github-projects/tools-automation/MomentumFinance/Shared/Components/BudgetComponents.swift:53:28: [1;31merror: [1;39mreference to member 'systemBackground' cannot be resolved without a contextual type[0;0m
[0;36m51 |[0;0m         }
[0;36m52 |[0;0m         .padding()
[0;36m53 |[0;0m         .background(Color(.systemBackground))
   [0;36m|[0;0m                            `- [1;31merror: [1;39mreference to member 'systemBackground' cannot be resolved without a contextual type[0;0m
[0;36m54 |[0;0m         .cornerRadius(10)
[0;36m55 |[0;0m         .shadow(radius: 2)

/Users/danielstevens/github-projects/tools-automation/MomentumFinance/Shared/Components/Dashboard/DashboardUIComponents.swift:42:15: [1;31merror: [1;39minvalid redeclaration of 'DashboardAccountsSummary'[0;0m
 [0;36m40 |[0;0m // MARK: - Dashboard Accounts Summary
 [0;36m41 |[0;0m 
 [0;36m42 |[0;0m public struct DashboardAccountsSummary: View {
    [0;36m|[0;0m               `- [1;31merror: [1;39minvalid redeclaration of 'DashboardAccountsSummary'[0;0m
 [0;36m43 |[0;0m     public let accounts: [FinancialAccount]
 [0;36m44 |[0;0m     public let onAccountTap: (UUID) -> Void

/Users/danielstevens/github-projects/tools-automation/MomentumFinance/Shared/Components/Dashboard/DashboardUIComponents.swift:203:14: [1;31merror: [1;39minvalid redeclaration of 'formatCurrency'[0;0m
[0;36m201 |[0;0m // MARK: - Helper Functions
[0;36m202 |[0;0m 
[0;36m203 |[0;0m private func formatCurrency(_ amount: Double) -> String {
    [0;36m|[0;0m              `- [1;31merror: [1;39minvalid redeclaration of 'formatCurrency'[0;0m
[0;36m204 |[0;0m     let formatter = NumberFormatter()
[0;36m205 |[0;0m     formatter.numberStyle = .currency

/Users/danielstevens/github-projects/tools-automation/MomentumFinance/Shared/Components/Dashboard/DashboardUIComponents.swift:57:59: [1;31merror: [1;39mcannot convert value of type 'PersistentIdentifier' to expected argument type 'UUID'[0;0m
 [0;36m55 |[0;0m                         AccountSummaryCard(account: account)
 [0;36m56 |[0;0m                             .onTapGesture {
 [0;36m57 |[0;0m                                 self.onAccountTap(account.id)
    [0;36m|[0;0m                                                           `- [1;31merror: [1;39mcannot convert value of type 'PersistentIdentifier' to expected argument type 'UUID'[0;0m
 [0;36m58 |[0;0m                             }
 [0;36m59 |[0;0m                     }

/Users/danielstevens/github-projects/tools-automation/MomentumFinance/Shared/Components/Dashboard/DashboardUIComponents.swift:97:27: [1;31merror: [1;39mcannot find 'UIColor' in scope[0;0m
 [0;36m95 |[0;0m         }
 [0;36m96 |[0;0m         .padding()
 [0;36m97 |[0;0m         .background(Color([4;39mUIColor[0;0m.systemGray6))
    [0;36m|[0;0m                           `- [1;31merror: [1;39mcannot find 'UIColor' in scope[0;0m
 [0;36m98 |[0;0m         .cornerRadius(12)
 [0;36m99 |[0;0m         .frame(width: 160)

/Users/danielstevens/github-projects/tools-automation/MomentumFinance/Shared/Components/Dashboard/DashboardUIComponents.swift:92:31: [1;31merror: [1;39mvalue of type 'FinancialAccount' has no member 'type'[0;0m
 [0;36m90 |[0;0m                 .foregroundColor(self.account.balance >= 0 ? .green : .red)
 [0;36m91 |[0;0m 
 [0;36m92 |[0;0m             Text([4;39mself.account[0;0m.[4;39mtype[0;0m.rawValue.capitalized)
    [0;36m|[0;0m                               `- [1;31merror: [1;39mvalue of type 'FinancialAccount' has no member 'type'[0;0m
 [0;36m93 |[0;0m                 .font(.caption)
 [0;36m94 |[0;0m                 .foregroundColor(.secondary)

/Users/danielstevens/github-projects/tools-automation/MomentumFinance/Shared/Components/Dashboard/DashboardUIComponents.swift:103:29: [1;31merror: [1;39mvalue of type 'FinancialAccount' has no member 'type'[0;0m
[0;36m101 |[0;0m 
[0;36m102 |[0;0m     private var iconName: String {
[0;36m103 |[0;0m         switch [4;39mself.account[0;0m.[4;39mtype[0;0m {
    [0;36m|[0;0m                             `- [1;31merror: [1;39mvalue of type 'FinancialAccount' has no member 'type'[0;0m
[0;36m104 |[0;0m         case .checking:
[0;36m105 |[0;0m             "creditcard"

/Users/danielstevens/github-projects/tools-automation/MomentumFinance/Shared/Components/Dashboard/DashboardUIComponents.swift:189:27: [1;31merror: [1;39mcannot find 'UIColor' in scope[0;0m
[0;36m187 |[0;0m         }
[0;36m188 |[0;0m         .padding()
[0;36m189 |[0;0m         .background(Color([4;39mUIColor[0;0m.systemGray6))
    [0;36m|[0;0m                           `- [1;31merror: [1;39mcannot find 'UIColor' in scope[0;0m
[0;36m190 |[0;0m         .cornerRadius(12)
[0;36m191 |[0;0m     }

/Users/danielstevens/github-projects/tools-automation/MomentumFinance/Shared/Components/DetailViewComponents.swift:39:63: [1;31merror: [1;39mvalue of type 'ExpenseCategory' has no member 'colorHex'[0;0m
 [0;36m37 |[0;0m             HStack(spacing: 4) {
 [0;36m38 |[0;0m                 Circle()
 [0;36m39 |[0;0m                     .fill(self.getCategoryColor([4;39mself.category[0;0m.[4;39mcolorHex[0;0m))
    [0;36m|[0;0m                                                               `- [1;31merror: [1;39mvalue of type 'ExpenseCategory' has no member 'colorHex'[0;0m
 [0;36m40 |[0;0m                     .frame(width: 10, height: 10)
 [0;36m41 |[0;0m 

/Users/danielstevens/github-projects/tools-automation/MomentumFinance/Shared/Components/DetailViewComponents.swift:47:61: [1;31merror: [1;39mvalue of type 'ExpenseCategory' has no member 'colorHex'[0;0m
 [0;36m45 |[0;0m             .padding(.horizontal, 8)
 [0;36m46 |[0;0m             .padding(.vertical, 2)
 [0;36m47 |[0;0m             .background(self.getCategoryColor([4;39mself.category[0;0m.[4;39mcolorHex[0;0m).opacity(0.1))
    [0;36m|[0;0m                                                             `- [1;31merror: [1;39mvalue of type 'ExpenseCategory' has no member 'colorHex'[0;0m
 [0;36m48 |[0;0m             .cornerRadius(4)
 [0;36m49 |[0;0m         }

/Users/danielstevens/github-projects/tools-automation/MomentumFinance/Shared/Components/DetailViewComponents.swift:52:23: [1;33mwarning: [1;39mvalue 'hex' was defined but never used; consider replacing with boolean test[0;0m [#no-usage]
 [0;36m50 |[0;0m 
 [0;36m51 |[0;0m         private func getCategoryColor(_ hex: String?) -> Color {
 [0;36m52 |[0;0m             guard let hex else { return .gray }
    [0;36m|[0;0m                       `- [1;33mwarning: [1;39mvalue 'hex' was defined but never used; consider replacing with boolean test[0;0m [#no-usage]
 [0;36m53 |[0;0m             // This would parse the hex color string
 [0;36m54 |[0;0m             return .blue

/Users/danielstevens/github-projects/tools-automation/MomentumFinance/Shared/Components/DetailViewComponents.swift:81:28: [1;31merror: [1;39mmissing argument for parameter #1 in call[0;0m
 [0;36m79 |[0;0m 
 [0;36m80 |[0;0m                 if self.showDeleteButton {
 [0;36m81 |[0;0m                     Button(action: {}).accessibilityLabel("Button").accessibilityLabel("Button") {
    [0;36m|[0;0m                            `- [1;31merror: [1;39mmissing argument for parameter #1 in call[0;0m
 [0;36m82 |[0;0m                         Image(systemName: "xmark.circle.fill")
 [0;36m83 |[0;0m                             .foregroundStyle(.red)

SwiftUI.Button.init:2:36: [1;39mnote: [1;39m'init(_:action:)' declared here[0;0m
[0;36m1 |[0;0m generic struct Button {
[0;36m2 |[0;0m @preconcurrency nonisolated public init(_ titleKey: LocalizedStringKey, action: @escaping @MainActor () -> Void)}
  [0;36m|[0;0m                                    `- [1;39mnote: [1;39m'init(_:action:)' declared here[0;0m
[0;36m3 |[0;0m 

/Users/danielstevens/github-projects/tools-automation/MomentumFinance/Shared/Components/DetailViewComponents.swift:81:98: [1;31merror: [1;39mtype '_' cannot be used as a boolean; test for '!= 0' instead[0;0m
 [0;36m79 |[0;0m 
 [0;36m80 |[0;0m                 if self.showDeleteButton {
 [0;36m81 |[0;0m                     Button(action: {}).accessibilityLabel("Button").accessibilityLabel("Button") {
    [0;36m|[0;0m                                                                                                  `- [1;31merror: [1;39mtype '_' cannot be used as a boolean; test for '!= 0' instead[0;0m
 [0;36m82 |[0;0m                         Image(systemName: "xmark.circle.fill")
 [0;36m83 |[0;0m                             .foregroundStyle(.red)

/Users/danielstevens/github-projects/tools-automation/MomentumFinance/Shared/Components/DetailViewComponents.swift:287:28: [1;31merror: [1;39mcannot convert value of type 'String' to expected argument type 'PrimitiveButtonStyleConfiguration'[0;0m
[0;36m285 |[0;0m 
[0;36m286 |[0;0m                 HStack {
[0;36m287 |[0;0m                     Button("Cancel").accessibilityLabel("Button").accessibilityLabel("Button") {
    [0;36m|[0;0m                            `- [1;31merror: [1;39mcannot convert value of type 'String' to expected argument type 'PrimitiveButtonStyleConfiguration'[0;0m
[0;36m288 |[0;0m                         self.dismiss()
[0;36m289 |[0;0m                     }

/Users/danielstevens/github-projects/tools-automation/MomentumFinance/Shared/Components/DetailViewComponents.swift:287:96: [1;31merror: [1;39mtype '_' cannot be used as a boolean; test for '!= 0' instead[0;0m
[0;36m285 |[0;0m 
[0;36m286 |[0;0m                 HStack {
[0;36m287 |[0;0m                     Button("Cancel").accessibilityLabel("Button").accessibilityLabel("Button") {
    [0;36m|[0;0m                                                                                                `- [1;31merror: [1;39mtype '_' cannot be used as a boolean; test for '!= 0' instead[0;0m
[0;36m288 |[0;0m                         self.dismiss()
[0;36m289 |[0;0m                     }

/Users/danielstevens/github-projects/tools-automation/MomentumFinance/Shared/Components/DetailViewComponents.swift:322:67: [1;31merror: [1;39mvalue of type 'FinancialTransaction' has no member 'name'[0;0m
[0;36m320 |[0;0m         var body: some View {
[0;36m321 |[0;0m             VStack {
[0;36m322 |[0;0m                 Text("Transactions Similar to '\([4;39mself.transaction[0;0m.[4;39mname[0;0m)'")
    [0;36m|[0;0m                                                                   `- [1;31merror: [1;39mvalue of type 'FinancialTransaction' has no member 'name'[0;0m
[0;36m323 |[0;0m                     .font(.headline)
[0;36m324 |[0;0m                     .padding()

/Users/danielstevens/github-projects/tools-automation/MomentumFinance/Shared/Components/DetailViewComponents.swift:358:37: [1;31merror: [1;39mvalue of type 'FinancialTransaction' has no member 'name'[0;0m
[0;36m356 |[0;0m 
[0;36m357 |[0;0m         init(from transaction: FinancialTransaction) {
[0;36m358 |[0;0m             self.name = [4;39mtransaction[0;0m.[4;39mname[0;0m
    [0;36m|[0;0m                                     `- [1;31merror: [1;39mvalue of type 'FinancialTransaction' has no member 'name'[0;0m
[0;36m359 |[0;0m             self.amount = transaction.amount
[0;36m360 |[0;0m             self.date = transaction.date

/Users/danielstevens/github-projects/tools-automation/MomentumFinance/Shared/Components/DetailViewComponents.swift:361:38: [1;31merror: [1;39mvalue of optional type 'String?' must be unwrapped to a value of type 'String'[0;0m
[0;36m359 |[0;0m             self.amount = transaction.amount
[0;36m360 |[0;0m             self.date = transaction.date
[0;36m361 |[0;0m             self.notes = transaction.notes
    [0;36m|[0;0m                                      |- [1;31merror: [1;39mvalue of optional type 'String?' must be unwrapped to a value of type 'String'[0;0m
    [0;36m|[0;0m                                      |- [1;39mnote: [1;39mcoalesce using '??' to provide a default when the optional value contains 'nil'[0;0m
    [0;36m|[0;0m                                      `- [1;39mnote: [1;39mforce-unwrap using '!' to abort execution if the optional value contains 'nil'[0;0m
[0;36m362 |[0;0m             self.categoryId = transaction.category?.id ?? ""
[0;36m363 |[0;0m             self.accountId = transaction.account?.id ?? ""

/Users/danielstevens/github-projects/tools-automation/MomentumFinance/Shared/Components/DetailViewComponents.swift:362:53: [1;31merror: [1;39mcannot convert value of type 'UUID?' to expected argument type 'String?'[0;0m
[0;36m360 |[0;0m             self.date = transaction.date
[0;36m361 |[0;0m             self.notes = transaction.notes
[0;36m362 |[0;0m             self.categoryId = transaction.category?.id ?? ""
    [0;36m|[0;0m                                                     `- [1;31merror: [1;39mcannot convert value of type 'UUID?' to expected argument type 'String?'[0;0m
[0;36m363 |[0;0m             self.accountId = transaction.account?.id ?? ""
[0;36m364 |[0;0m             self.isReconciled = transaction.isReconciled

/Users/danielstevens/github-projects/tools-automation/MomentumFinance/Shared/Components/DetailViewComponents.swift:363:51: [1;31merror: [1;39mcannot convert value of type 'PersistentIdentifier?' to expected argument type 'String?'[0;0m
[0;36m361 |[0;0m             self.notes = transaction.notes
[0;36m362 |[0;0m             self.categoryId = transaction.category?.id ?? ""
[0;36m363 |[0;0m             self.accountId = transaction.account?.id ?? ""
    [0;36m|[0;0m                                                   `- [1;31merror: [1;39mcannot convert value of type 'PersistentIdentifier?' to expected argument type 'String?'[0;0m
[0;36m364 |[0;0m             self.isReconciled = transaction.isReconciled
[0;36m365 |[0;0m             self.isRecurring = transaction.isRecurring

/Users/danielstevens/github-projects/tools-automation/MomentumFinance/Shared/Components/DetailViewComponents.swift:364:45: [1;31merror: [1;39mvalue of type 'FinancialTransaction' has no member 'isReconciled'[0;0m
[0;36m362 |[0;0m             self.categoryId = transaction.category?.id ?? ""
[0;36m363 |[0;0m             self.accountId = transaction.account?.id ?? ""
[0;36m364 |[0;0m             self.isReconciled = [4;39mtransaction[0;0m.[4;39misReconciled[0;0m
    [0;36m|[0;0m                                             `- [1;31merror: [1;39mvalue of type 'FinancialTransaction' has no member 'isReconciled'[0;0m
[0;36m365 |[0;0m             self.isRecurring = transaction.isRecurring
[0;36m366 |[0;0m             self.location = transaction.location

/Users/danielstevens/github-projects/tools-automation/MomentumFinance/Shared/Components/DetailViewComponents.swift:365:44: [1;31merror: [1;39mvalue of type 'FinancialTransaction' has no member 'isRecurring'[0;0m
[0;36m363 |[0;0m             self.accountId = transaction.account?.id ?? ""
[0;36m364 |[0;0m             self.isReconciled = transaction.isReconciled
[0;36m365 |[0;0m             self.isRecurring = [4;39mtransaction[0;0m.[4;39misRecurring[0;0m
    [0;36m|[0;0m                                            `- [1;31merror: [1;39mvalue of type 'FinancialTransaction' has no member 'isRecurring'[0;0m
[0;36m366 |[0;0m             self.location = transaction.location
[0;36m367 |[0;0m             self.subcategory = transaction.subcategory

/Users/danielstevens/github-projects/tools-automation/MomentumFinance/Shared/Components/DetailViewComponents.swift:366:41: [1;31merror: [1;39mvalue of type 'FinancialTransaction' has no member 'location'[0;0m
[0;36m364 |[0;0m             self.isReconciled = transaction.isReconciled
[0;36m365 |[0;0m             self.isRecurring = transaction.isRecurring
[0;36m366 |[0;0m             self.location = [4;39mtransaction[0;0m.[4;39mlocation[0;0m
    [0;36m|[0;0m                                         `- [1;31merror: [1;39mvalue of type 'FinancialTransaction' has no member 'location'[0;0m
[0;36m367 |[0;0m             self.subcategory = transaction.subcategory
[0;36m368 |[0;0m         }

/Users/danielstevens/github-projects/tools-automation/MomentumFinance/Shared/Components/DetailViewComponents.swift:367:44: [1;31merror: [1;39mvalue of type 'FinancialTransaction' has no member 'subcategory'[0;0m
[0;36m365 |[0;0m             self.isRecurring = transaction.isRecurring
[0;36m366 |[0;0m             self.location = transaction.location
[0;36m367 |[0;0m             self.subcategory = [4;39mtransaction[0;0m.[4;39msubcategory[0;0m
    [0;36m|[0;0m                                            `- [1;31merror: [1;39mvalue of type 'FinancialTransaction' has no member 'subcategory'[0;0m
[0;36m368 |[0;0m         }
[0;36m369 |[0;0m     }

/Users/danielstevens/github-projects/tools-automation/MomentumFinance/Shared/Components/Settings/AccessibilitySettingsSection.swift:7:9: [1;31merror: [1;39mproperty 'body' must be declared public because it matches a requirement in public protocol 'View'[0;0m
 [0;36m5 |[0;0m     @Binding var reducedMotion: Bool
 [0;36m6 |[0;0m 
 [0;36m7 |[0;0m     var body: some View {
   [0;36m|[0;0m         |- [1;31merror: [1;39mproperty 'body' must be declared public because it matches a requirement in public protocol 'View'[0;0m
   [0;36m|[0;0m         `- [1;39mnote: [1;39mmark the property as 'public' to satisfy the requirement[0;0m
 [0;36m8 |[0;0m         Section(header: Text("Accessibility")) {
 [0;36m9 |[0;0m             Toggle("Haptic Feedback", isOn: self.$hapticFeedbackEnabled)

/Users/danielstevens/github-projects/tools-automation/MomentumFinance/Shared/Components/Settings/AppearanceSettingsSection.swift:6:9: [1;31merror: [1;39mproperty 'body' must be declared public because it matches a requirement in public protocol 'View'[0;0m
 [0;36m4 |[0;0m     var darkModePreference: DarkModePreference
 [0;36m5 |[0;0m 
 [0;36m6 |[0;0m     var body: some View {
   [0;36m|[0;0m         |- [1;31merror: [1;39mproperty 'body' must be declared public because it matches a requirement in public protocol 'View'[0;0m
   [0;36m|[0;0m         `- [1;39mnote: [1;39mmark the property as 'public' to satisfy the requirement[0;0m
 [0;36m7 |[0;0m         Section(header: Text("Appearance")) {
 [0;36m8 |[0;0m             Picker("Theme", selection: .constant(self.darkModePreference)) {

[#MutableGlobalVariable]: <https://docs.swift.org/compiler/documentation/diagnostics/mutable-global-variable>
