Command line invocation:
    /Applications/Xcode-beta.app/Contents/Developer/usr/bin/xcodebuild test -scheme MomentumFinance -destination platform=macOS

--- xcodebuild: WARNING: Using the first of multiple matching destinations:
{ platform:macOS, arch:arm64, id:00006000-001649660AE2801E, name:My Mac }
{ platform:macOS, arch:x86_64, id:00006000-001649660AE2801E, name:My Mac }
ComputePackagePrebuildTargetDependencyGraph

Prepare packages

CreateBuildRequest

SendProjectDescription

CreateBuildOperation

ComputeTargetDependencyGraph
note: Building targets in dependency order
note: Target dependency graph (3 targets)
    Target 'MomentumFinanceTests' in project 'MomentumFinance'
        ➜ Explicit dependency on target 'MomentumFinance' in project 'MomentumFinance'
        ➜ Explicit dependency on target 'MomentumFinanceCore' in project 'MomentumFinance'
    Target 'MomentumFinance' in project 'MomentumFinance'
        ➜ Explicit dependency on target 'MomentumFinanceCore' in project 'MomentumFinance'
    Target 'MomentumFinanceCore' in project 'MomentumFinance' (no dependencies)

GatherProvisioningInputs

CreateBuildDescription

ExecuteExternalTool /Applications/Xcode-beta.app/Contents/Developer/Toolchains/XcodeDefault.xctoolchain/usr/bin/clang -v -E -dM -isysroot /Applications/Xcode-beta.app/Contents/Developer/Platforms/MacOSX.platform/Developer/SDKs/MacOSX26.1.sdk -x c -c /dev/null

ExecuteExternalTool /Applications/Xcode-beta.app/Contents/Developer/Toolchains/XcodeDefault.xctoolchain/usr/bin/swiftc --version

ExecuteExternalTool /Applications/Xcode-beta.app/Contents/Developer/usr/bin/actool --version --output-format xml1

ExecuteExternalTool /Applications/Xcode-beta.app/Contents/Developer/Toolchains/XcodeDefault.xctoolchain/usr/bin/ld -version_details

ExecuteExternalTool /Applications/Xcode-beta.app/Contents/Developer/Toolchains/XcodeDefault.xctoolchain/usr/bin/libtool -V

Build description signature: b3d88cc09c2b760522b26f45858737ed
Build description path: /Users/danielstevens/Library/Developer/Xcode/DerivedData/MomentumFinance-dbvplmepuyroisccmfovuxanpkmn/Build/Intermediates.noindex/XCBuildData/b3d88cc09c2b760522b26f45858737ed.xcbuilddata
ClangStatCache /Applications/Xcode-beta.app/Contents/Developer/Toolchains/XcodeDefault.xctoolchain/usr/bin/clang-stat-cache /Applications/Xcode-beta.app/Contents/Developer/Platforms/MacOSX.platform/Developer/SDKs/MacOSX26.1.sdk /Users/danielstevens/Library/Developer/Xcode/DerivedData/SDKStatCaches.noindex/macosx26.1-25B5042i-3885c01c3e6b6a337905948deab2002ed77eb18e28310dc39e4af1f069d89823.sdkstatcache
    cd /Users/danielstevens/Desktop/Quantum-workspace/Projects/MomentumFinance/MomentumFinance.xcodeproj
    /Applications/Xcode-beta.app/Contents/Developer/Toolchains/XcodeDefault.xctoolchain/usr/bin/clang-stat-cache /Applications/Xcode-beta.app/Contents/Developer/Platforms/MacOSX.platform/Developer/SDKs/MacOSX26.1.sdk -o /Users/danielstevens/Library/Developer/Xcode/DerivedData/SDKStatCaches.noindex/macosx26.1-25B5042i-3885c01c3e6b6a337905948deab2002ed77eb18e28310dc39e4af1f069d89823.sdkstatcache

ProcessInfoPlistFile /Users/danielstevens/Library/Developer/Xcode/DerivedData/MomentumFinance-dbvplmepuyroisccmfovuxanpkmn/Build/Products/Debug/MomentumFinanceCore.framework/Versions/A/Resources/Info.plist /Users/danielstevens/Library/Developer/Xcode/DerivedData/MomentumFinance-dbvplmepuyroisccmfovuxanpkmn/Build/Intermediates.noindex/MomentumFinance.build/Debug/MomentumFinanceCore.build/empty-MomentumFinanceCore.plist (in target 'MomentumFinanceCore' from project 'MomentumFinance')
    cd /Users/danielstevens/Desktop/Quantum-workspace/Projects/MomentumFinance
    builtin-infoPlistUtility /Users/danielstevens/Library/Developer/Xcode/DerivedData/MomentumFinance-dbvplmepuyroisccmfovuxanpkmn/Build/Intermediates.noindex/MomentumFinance.build/Debug/MomentumFinanceCore.build/empty-MomentumFinanceCore.plist -producttype com.apple.product-type.framework -expandbuildsettings -platform macosx -o /Users/danielstevens/Library/Developer/Xcode/DerivedData/MomentumFinance-dbvplmepuyroisccmfovuxanpkmn/Build/Products/Debug/MomentumFinanceCore.framework/Versions/A/Resources/Info.plist

SwiftDriver\ Compilation\ Requirements MomentumFinanceCore normal arm64 com.apple.xcode.tools.swift.compiler (in target 'MomentumFinanceCore' from project 'MomentumFinance')
    cd /Users/danielstevens/Desktop/Quantum-workspace/Projects/MomentumFinance
    builtin-Swift-Compilation-Requirements -- /Applications/Xcode-beta.app/Contents/Developer/Toolchains/XcodeDefault.xctoolchain/usr/bin/swiftc -module-name MomentumFinanceCore -Onone -enforce-exclusivity\=checked @/Users/danielstevens/Library/Developer/Xcode/DerivedData/MomentumFinance-dbvplmepuyroisccmfovuxanpkmn/Build/Intermediates.noindex/MomentumFinance.build/Debug/MomentumFinanceCore.build/Objects-normal/arm64/MomentumFinanceCore.SwiftFileList -DDEBUG -enable-experimental-feature DebugDescriptionMacro -sdk /Applications/Xcode-beta.app/Contents/Developer/Platforms/MacOSX.platform/Developer/SDKs/MacOSX26.1.sdk -target arm64-apple-macos26.1 -g -module-cache-path /Users/danielstevens/Library/Developer/Xcode/DerivedData/ModuleCache.noindex -Xfrontend -serialize-debugging-options -enable-testing -index-store-path /Users/danielstevens/Library/Developer/Xcode/DerivedData/MomentumFinance-dbvplmepuyroisccmfovuxanpkmn/Index.noindex/DataStore -Xcc -D_LIBCPP_HARDENING_MODE\=_LIBCPP_HARDENING_MODE_DEBUG -swift-version 6 -I /Users/danielstevens/Library/Developer/Xcode/DerivedData/MomentumFinance-dbvplmepuyroisccmfovuxanpkmn/Build/Products/Debug -F /Users/danielstevens/Library/Developer/Xcode/DerivedData/MomentumFinance-dbvplmepuyroisccmfovuxanpkmn/Build/Products/Debug -c -j10 -enable-batch-mode -incremental -Xcc -ivfsstatcache -Xcc /Users/danielstevens/Library/Developer/Xcode/DerivedData/SDKStatCaches.noindex/macosx26.1-25B5042i-3885c01c3e6b6a337905948deab2002ed77eb18e28310dc39e4af1f069d89823.sdkstatcache -output-file-map /Users/danielstevens/Library/Developer/Xcode/DerivedData/MomentumFinance-dbvplmepuyroisccmfovuxanpkmn/Build/Intermediates.noindex/MomentumFinance.build/Debug/MomentumFinanceCore.build/Objects-normal/arm64/MomentumFinanceCore-OutputFileMap.json -use-frontend-parseable-output -save-temps -no-color-diagnostics -explicit-module-build -module-cache-path /Users/danielstevens/Library/Developer/Xcode/DerivedData/MomentumFinance-dbvplmepuyroisccmfovuxanpkmn/Build/Intermediates.noindex/SwiftExplicitPrecompiledModules -clang-scanner-module-cache-path /Users/danielstevens/Library/Developer/Xcode/DerivedData/ModuleCache.noindex -sdk-module-cache-path /Users/danielstevens/Library/Developer/Xcode/DerivedData/ModuleCache.noindex -serialize-diagnostics -emit-dependencies -emit-module -emit-module-path /Users/danielstevens/Library/Developer/Xcode/DerivedData/MomentumFinance-dbvplmepuyroisccmfovuxanpkmn/Build/Intermediates.noindex/MomentumFinance.build/Debug/MomentumFinanceCore.build/Objects-normal/arm64/MomentumFinanceCore.swiftmodule -validate-clang-modules-once -clang-build-session-file /Users/danielstevens/Library/Developer/Xcode/DerivedData/ModuleCache.noindex/Session.modulevalidation -Xcc -I/Users/danielstevens/Library/Developer/Xcode/DerivedData/MomentumFinance-dbvplmepuyroisccmfovuxanpkmn/Build/Intermediates.noindex/MomentumFinance.build/Debug/MomentumFinanceCore.build/swift-overrides.hmap -emit-const-values -Xfrontend -const-gather-protocols-file -Xfrontend /Users/danielstevens/Library/Developer/Xcode/DerivedData/MomentumFinance-dbvplmepuyroisccmfovuxanpkmn/Build/Intermediates.noindex/MomentumFinance.build/Debug/MomentumFinanceCore.build/Objects-normal/arm64/MomentumFinanceCore_const_extract_protocols.json -Xcc -iquote -Xcc /Users/danielstevens/Library/Developer/Xcode/DerivedData/MomentumFinance-dbvplmepuyroisccmfovuxanpkmn/Build/Intermediates.noindex/MomentumFinance.build/Debug/MomentumFinanceCore.build/MomentumFinanceCore-generated-files.hmap -Xcc -I/Users/danielstevens/Library/Developer/Xcode/DerivedData/MomentumFinance-dbvplmepuyroisccmfovuxanpkmn/Build/Intermediates.noindex/MomentumFinance.build/Debug/MomentumFinanceCore.build/MomentumFinanceCore-own-target-headers.hmap -Xcc -I/Users/danielstevens/Library/Developer/Xcode/DerivedData/MomentumFinance-dbvplmepuyroisccmfovuxanpkmn/Build/Intermediates.noindex/MomentumFinance.build/Debug/MomentumFinanceCore.build/MomentumFinanceCore-all-target-headers.hmap -Xcc -iquote -Xcc /Users/danielstevens/Library/Developer/Xcode/DerivedData/MomentumFinance-dbvplmepuyroisccmfovuxanpkmn/Build/Intermediates.noindex/MomentumFinance.build/Debug/MomentumFinanceCore.build/MomentumFinanceCore-project-headers.hmap -Xcc -I/Users/danielstevens/Library/Developer/Xcode/DerivedData/MomentumFinance-dbvplmepuyroisccmfovuxanpkmn/Build/Products/Debug/include -Xcc -I/Users/danielstevens/Library/Developer/Xcode/DerivedData/MomentumFinance-dbvplmepuyroisccmfovuxanpkmn/Build/Intermediates.noindex/MomentumFinance.build/Debug/MomentumFinanceCore.build/DerivedSources-normal/arm64 -Xcc -I/Users/danielstevens/Library/Developer/Xcode/DerivedData/MomentumFinance-dbvplmepuyroisccmfovuxanpkmn/Build/Intermediates.noindex/MomentumFinance.build/Debug/MomentumFinanceCore.build/DerivedSources/arm64 -Xcc -I/Users/danielstevens/Library/Developer/Xcode/DerivedData/MomentumFinance-dbvplmepuyroisccmfovuxanpkmn/Build/Intermediates.noindex/MomentumFinance.build/Debug/MomentumFinanceCore.build/DerivedSources -Xcc -DDEBUG\=1 -emit-objc-header -emit-objc-header-path /Users/danielstevens/Library/Developer/Xcode/DerivedData/MomentumFinance-dbvplmepuyroisccmfovuxanpkmn/Build/Intermediates.noindex/MomentumFinance.build/Debug/MomentumFinanceCore.build/Objects-normal/arm64/MomentumFinanceCore-Swift.h -working-directory /Users/danielstevens/Desktop/Quantum-workspace/Projects/MomentumFinance -experimental-emit-module-separately -disable-cmo
error: Build input files cannot be found: '/Users/danielstevens/Desktop/Quantum-workspace/Projects/MomentumFinance/test_modelsTests.swift', '/Users/danielstevens/Desktop/Quantum-workspace/Projects/MomentumFinance/test_minimal_appTests.swift', '/Users/danielstevens/Desktop/Quantum-workspace/Projects/MomentumFinance/UpdatedMomentumFinanceAppTests.swift', '/Users/danielstevens/Desktop/Quantum-workspace/Projects/MomentumFinance/TransactionsViewModelTests.swift', '/Users/danielstevens/Desktop/Quantum-workspace/Projects/MomentumFinance/TransactionStatsCardTests.swift', '/Users/danielstevens/Desktop/Quantum-workspace/Projects/MomentumFinance/TransactionRowViewTests.swift', '/Users/danielstevens/Desktop/Quantum-workspace/Projects/MomentumFinance/TransactionPatternDetectionTests.swift', '/Users/danielstevens/Desktop/Quantum-workspace/Projects/MomentumFinance/TransactionPatternAnalyzerTests.swift', '/Users/danielstevens/Desktop/Quantum-workspace/Projects/MomentumFinance/TransactionListViewTests.swift', '/Users/danielstevens/Desktop/Quantum-workspace/Projects/MomentumFinance/TransactionFilterTests.swift', '/Users/danielstevens/Desktop/Quantum-workspace/Projects/MomentumFinance/TransactionEmptyStateViewTests.swift', '/Users/danielstevens/Desktop/Quantum-workspace/Projects/MomentumFinance/TransactionDetailViewTests.swift', '/Users/danielstevens/Desktop/Quantum-workspace/Projects/MomentumFinance/TransactionComponentsTests.swift', '/Users/danielstevens/Desktop/Quantum-workspace/Projects/MomentumFinance/TabSectionTests.swift', '/Users/danielstevens/Desktop/Quantum-workspace/Projects/MomentumFinance/SubscriptionsViewTests.swift', '/Users/danielstevens/Desktop/Quantum-workspace/Projects/MomentumFinance/SubscriptionsViewModelTests.swift', '/Users/danielstevens/Desktop/Quantum-workspace/Projects/MomentumFinance/SubscriptionSummaryViewsTests.swift', '/Users/danielstevens/Desktop/Quantum-workspace/Projects/MomentumFinance/SubscriptionRowViewsTests.swift', '/Users/danielstevens/Desktop/Quantum-workspace/Projects/MomentumFinance/SubscriptionManagementViewsTests.swift', '/Users/danielstevens/Desktop/Quantum-workspace/Projects/MomentumFinance/SimpleTransactionSectionHeaderTests.swift', '/Users/danielstevens/Desktop/Quantum-workspace/Projects/MomentumFinance/SimpleDashboardViewTests.swift', '/Users/danielstevens/Desktop/Quantum-workspace/Projects/MomentumFinance/SearchTypesTests.swift', '/Users/danielstevens/Desktop/Quantum-workspace/Projects/MomentumFinance/SearchResultsComponentTests.swift', '/Users/danielstevens/Desktop/Quantum-workspace/Projects/MomentumFinance/SearchHeaderComponentTests.swift', '/Users/danielstevens/Desktop/Quantum-workspace/Projects/MomentumFinance/SearchEngineServiceTests.swift', '/Users/danielstevens/Desktop/Quantum-workspace/Projects/MomentumFinance/SearchAndFilterSectionTests.swift', '/Users/danielstevens/Desktop/Quantum-workspace/Projects/MomentumFinance/SavingsGoalViewsTests.swift', '/Users/danielstevens/Desktop/Quantum-workspace/Projects/MomentumFinance/SavingsGoalManagementViewsTests.swift', '/Users/danielstevens/Desktop/Quantum-workspace/Projects/MomentumFinance/ReportsViewsTests.swift', '/Users/danielstevens/Desktop/Quantum-workspace/Projects/MomentumFinance/PerformanceManagerTests.swift', '/Users/danielstevens/Desktop/Quantum-workspace/Projects/MomentumFinance/OptimizationSuggestionsTests.swift', '/Users/danielstevens/Desktop/Quantum-workspace/Projects/MomentumFinance/NotificationsViewTests.swift', '/Users/danielstevens/Desktop/Quantum-workspace/Projects/MomentumFinance/NotificationCenterViewTests.swift', '/Users/danielstevens/Desktop/Quantum-workspace/Projects/MomentumFinance/NavigationTypesTests.swift', '/Users/danielstevens/Desktop/Quantum-workspace/Projects/MomentumFinance/NavigationCoordinatorTests.swift', '/Users/danielstevens/Desktop/Quantum-workspace/Projects/MomentumFinance/MomentumFinanceTypesTests.swift', '/Users/danielstevens/Desktop/Quantum-workspace/Projects/MomentumFinance/MacOS_UI_EnhancementsTests.swift', '/Users/danielstevens/Desktop/Quantum-workspace/Projects/MomentumFinance/MacOSUIIntegrationTests.swift', '/Users/danielstevens/Desktop/Quantum-workspace/Projects/MomentumFinance/MacOSNavigationTypesTests.swift', '/Users/danielstevens/Desktop/Quantum-workspace/Projects/MomentumFinance/KeyboardShortcutManagerTests.swift', '/Users/danielstevens/Desktop/Quantum-workspace/Projects/MomentumFinance/InsightsWidgetTests.swift', '/Users/danielstevens/Desktop/Quantum-workspace/Projects/MomentumFinance/InsightsViewTests.swift', '/Users/danielstevens/Desktop/Quantum-workspace/Projects/MomentumFinance/InsightsSummaryWidgetTests.swift', '/Users/danielstevens/Desktop/Quantum-workspace/Projects/MomentumFinance/InsightsLoadingViewTests.swift', '/Users/danielstevens/Desktop/Quantum-workspace/Projects/MomentumFinance/InsightsFilterBarTests.swift', '/Users/danielstevens/Desktop/Quantum-workspace/Projects/MomentumFinance/InsightsEmptyStateViewTests.swift', '/Users/danielstevens/Desktop/Quantum-workspace/Projects/MomentumFinance/InsightRowViewTests.swift', '/Users/danielstevens/Desktop/Quantum-workspace/Projects/MomentumFinance/InsightDetailViewTests.swift', '/Users/danielstevens/Desktop/Quantum-workspace/Projects/MomentumFinance/ImportValidatorTests.swift', '/Users/danielstevens/Desktop/Quantum-workspace/Projects/MomentumFinance/HapticManagerTests.swift', '/Users/danielstevens/Desktop/Quantum-workspace/Projects/MomentumFinance/GoalsAndReportsViewTests.swift', '/Users/danielstevens/Desktop/Quantum-workspace/Projects/MomentumFinance/GoalsAndReportsViewModelTests.swift', '/Users/danielstevens/Desktop/Quantum-workspace/Projects/MomentumFinance/GoalUtilityViewsTests.swift', '/Users/danielstevens/Desktop/Quantum-workspace/Projects/MomentumFinance/GlobalSearchViewTests.swift', '/Users/danielstevens/Desktop/Quantum-workspace/Projects/MomentumFinance/FormattingUtilitiesTests.swift', '/Users/danielstevens/Desktop/Quantum-workspace/Projects/MomentumFinance/FinancialSummaryCardTests.swift', '/Users/danielstevens/Desktop/Quantum-workspace/Projects/MomentumFinance/FinancialMLModelsTests.swift', '/Users/danielstevens/Desktop/Quantum-workspace/Projects/MomentumFinance/FinancialIntelligenceServiceTests.swift', '/Users/danielstevens/Desktop/Quantum-workspace/Projects/MomentumFinance/FinancialIntelligenceService.SpendingTests.swift', '/Users/danielstevens/Desktop/Quantum-workspace/Projects/MomentumFinance/FinancialIntelligenceService.HelpersTests.swift', '/Users/danielstevens/Desktop/Quantum-workspace/Projects/MomentumFinance/FinancialIntelligenceService.ForecastingTests.swift', '/Users/danielstevens/Desktop/Quantum-workspace/Projects/MomentumFinance/FinancialIntelligenceService.AnomalyTests.swift', '/Users/danielstevens/Desktop/Quantum-workspace/Projects/MomentumFinance/FinancialInsightModelsTests.swift', '/Users/danielstevens/Desktop/Quantum-workspace/Projects/MomentumFinance/FinancialForecastingTests.swift', '/Users/danielstevens/Desktop/Quantum-workspace/Projects/MomentumFinance/FeaturesTests.swift', '/Users/danielstevens/Desktop/Quantum-workspace/Projects/MomentumFinance/EntityManagerTests.swift', '/Users/danielstevens/Desktop/Quantum-workspace/Projects/MomentumFinance/EnhancedSubscriptionDetailViewTests.swift', '/Users/danielstevens/Desktop/Quantum-workspace/Projects/MomentumFinance/EnhancedReportsSectionViewsTests.swift', '/Users/danielstevens/Desktop/Quantum-workspace/Projects/MomentumFinance/EnhancedGoalsSectionViewsTests.swift', '/Users/danielstevens/Desktop/Quantum-workspace/Projects/MomentumFinance/EnhancedDetailViewsTests.swift', '/Users/danielstevens/Desktop/Quantum-workspace/Projects/MomentumFinance/EnhancedContentView_macOSTests.swift', '/Users/danielstevens/Desktop/Quantum-workspace/Projects/MomentumFinance/EnhancedBudgetDetailViewTests.swift', '/Users/danielstevens/Desktop/Quantum-workspace/Projects/MomentumFinance/EnhancedAccountDetailViewTests.swift', '/Users/danielstevens/Desktop/Quantum-workspace/Projects/MomentumFinance/DragAndDropSupportTests.swift', '/Users/danielstevens/Desktop/Quantum-workspace/Projects/MomentumFinance/DependenciesTests.swift', '/Users/danielstevens/Desktop/Quantum-workspace/Projects/MomentumFinance/DataParserTests.swift', '/Users/danielstevens/Desktop/Quantum-workspace/Projects/MomentumFinance/DataImportHelpersTests.swift', '/Users/danielstevens/Desktop/Quantum-workspace/Projects/MomentumFinance/DataExporter_OriginalTests.swift', '/Users/danielstevens/Desktop/Quantum-workspace/Projects/MomentumFinance/DashboardWelcomeHeaderTests.swift', '/Users/danielstevens/Desktop/Quantum-workspace/Projects/MomentumFinance/DashboardViewTests.swift', '/Users/danielstevens/Desktop/Quantum-workspace/Projects/MomentumFinance/DashboardViewModelTests.swift', '/Users/danielstevens/Desktop/Quantum-workspace/Projects/MomentumFinance/DashboardUpcomingSubscriptionsTests.swift', '/Users/danielstevens/Desktop/Quantum-workspace/Projects/MomentumFinance/DashboardSubscriptionsSectionTests.swift', '/Users/danielstevens/Desktop/Quantum-workspace/Projects/MomentumFinance/DashboardQuickActionsTests.swift', '/Users/danielstevens/Desktop/Quantum-workspace/Projects/MomentumFinance/DashboardInsightsTests.swift', '/Users/danielstevens/Desktop/Quantum-workspace/Projects/MomentumFinance/DashboardComponentsTests.swift', '/Users/danielstevens/Desktop/Quantum-workspace/Projects/MomentumFinance/DashboardBudgetProgressTests.swift', '/Users/danielstevens/Desktop/Quantum-workspace/Projects/MomentumFinance/DashboardAccountsSummaryTests.swift', '/Users/danielstevens/Desktop/Quantum-workspace/Projects/MomentumFinance/ContentView_macOSTests.swift', '/Users/danielstevens/Desktop/Quantum-workspace/Projects/MomentumFinance/CategoryTransactionsViewTests.swift', '/Users/danielstevens/Desktop/Quantum-workspace/Projects/MomentumFinance/BudgetsViewTests.swift', '/Users/danielstevens/Desktop/Quantum-workspace/Projects/MomentumFinance/BudgetsViewModelTests.swift', '/Users/danielstevens/Desktop/Quantum-workspace/Projects/MomentumFinance/BudgetRecommendationsTests.swift', '/Users/danielstevens/Desktop/Quantum-workspace/Projects/MomentumFinance/BreadcrumbNavigationTests.swift', '/Users/danielstevens/Desktop/Quantum-workspace/Projects/MomentumFinance/AnomalyDetectionTests.swift', '/Users/danielstevens/Desktop/Quantum-workspace/Projects/MomentumFinance/AdvancedFinancialIntelligenceTests.swift', '/Users/danielstevens/Desktop/Quantum-workspace/Projects/MomentumFinance/AddTransactionViewTests.swift', '/Users/danielstevens/Desktop/Quantum-workspace/Projects/MomentumFinance/AccountsListViewTests.swift', '/Users/danielstevens/Desktop/Quantum-workspace/Projects/MomentumFinance/AccountDetailViewTests.swift'. Did you forget to declare these files as outputs of any script phases or custom build rules which produce them? (in target 'MomentumFinanceCore' from project 'MomentumFinance')

SwiftDriver\ Compilation MomentumFinanceCore normal arm64 com.apple.xcode.tools.swift.compiler (in target 'MomentumFinanceCore' from project 'MomentumFinance')
    cd /Users/danielstevens/Desktop/Quantum-workspace/Projects/MomentumFinance
    builtin-Swift-Compilation -- /Applications/Xcode-beta.app/Contents/Developer/Toolchains/XcodeDefault.xctoolchain/usr/bin/swiftc -module-name MomentumFinanceCore -Onone -enforce-exclusivity\=checked @/Users/danielstevens/Library/Developer/Xcode/DerivedData/MomentumFinance-dbvplmepuyroisccmfovuxanpkmn/Build/Intermediates.noindex/MomentumFinance.build/Debug/MomentumFinanceCore.build/Objects-normal/arm64/MomentumFinanceCore.SwiftFileList -DDEBUG -enable-experimental-feature DebugDescriptionMacro -sdk /Applications/Xcode-beta.app/Contents/Developer/Platforms/MacOSX.platform/Developer/SDKs/MacOSX26.1.sdk -target arm64-apple-macos26.1 -g -module-cache-path /Users/danielstevens/Library/Developer/Xcode/DerivedData/ModuleCache.noindex -Xfrontend -serialize-debugging-options -enable-testing -index-store-path /Users/danielstevens/Library/Developer/Xcode/DerivedData/MomentumFinance-dbvplmepuyroisccmfovuxanpkmn/Index.noindex/DataStore -Xcc -D_LIBCPP_HARDENING_MODE\=_LIBCPP_HARDENING_MODE_DEBUG -swift-version 6 -I /Users/danielstevens/Library/Developer/Xcode/DerivedData/MomentumFinance-dbvplmepuyroisccmfovuxanpkmn/Build/Products/Debug -F /Users/danielstevens/Library/Developer/Xcode/DerivedData/MomentumFinance-dbvplmepuyroisccmfovuxanpkmn/Build/Products/Debug -c -j10 -enable-batch-mode -incremental -Xcc -ivfsstatcache -Xcc /Users/danielstevens/Library/Developer/Xcode/DerivedData/SDKStatCaches.noindex/macosx26.1-25B5042i-3885c01c3e6b6a337905948deab2002ed77eb18e28310dc39e4af1f069d89823.sdkstatcache -output-file-map /Users/danielstevens/Library/Developer/Xcode/DerivedData/MomentumFinance-dbvplmepuyroisccmfovuxanpkmn/Build/Intermediates.noindex/MomentumFinance.build/Debug/MomentumFinanceCore.build/Objects-normal/arm64/MomentumFinanceCore-OutputFileMap.json -use-frontend-parseable-output -save-temps -no-color-diagnostics -explicit-module-build -module-cache-path /Users/danielstevens/Library/Developer/Xcode/DerivedData/MomentumFinance-dbvplmepuyroisccmfovuxanpkmn/Build/Intermediates.noindex/SwiftExplicitPrecompiledModules -clang-scanner-module-cache-path /Users/danielstevens/Library/Developer/Xcode/DerivedData/ModuleCache.noindex -sdk-module-cache-path /Users/danielstevens/Library/Developer/Xcode/DerivedData/ModuleCache.noindex -serialize-diagnostics -emit-dependencies -emit-module -emit-module-path /Users/danielstevens/Library/Developer/Xcode/DerivedData/MomentumFinance-dbvplmepuyroisccmfovuxanpkmn/Build/Intermediates.noindex/MomentumFinance.build/Debug/MomentumFinanceCore.build/Objects-normal/arm64/MomentumFinanceCore.swiftmodule -validate-clang-modules-once -clang-build-session-file /Users/danielstevens/Library/Developer/Xcode/DerivedData/ModuleCache.noindex/Session.modulevalidation -Xcc -I/Users/danielstevens/Library/Developer/Xcode/DerivedData/MomentumFinance-dbvplmepuyroisccmfovuxanpkmn/Build/Intermediates.noindex/MomentumFinance.build/Debug/MomentumFinanceCore.build/swift-overrides.hmap -emit-const-values -Xfrontend -const-gather-protocols-file -Xfrontend /Users/danielstevens/Library/Developer/Xcode/DerivedData/MomentumFinance-dbvplmepuyroisccmfovuxanpkmn/Build/Intermediates.noindex/MomentumFinance.build/Debug/MomentumFinanceCore.build/Objects-normal/arm64/MomentumFinanceCore_const_extract_protocols.json -Xcc -iquote -Xcc /Users/danielstevens/Library/Developer/Xcode/DerivedData/MomentumFinance-dbvplmepuyroisccmfovuxanpkmn/Build/Intermediates.noindex/MomentumFinance.build/Debug/MomentumFinanceCore.build/MomentumFinanceCore-generated-files.hmap -Xcc -I/Users/danielstevens/Library/Developer/Xcode/DerivedData/MomentumFinance-dbvplmepuyroisccmfovuxanpkmn/Build/Intermediates.noindex/MomentumFinance.build/Debug/MomentumFinanceCore.build/MomentumFinanceCore-own-target-headers.hmap -Xcc -I/Users/danielstevens/Library/Developer/Xcode/DerivedData/MomentumFinance-dbvplmepuyroisccmfovuxanpkmn/Build/Intermediates.noindex/MomentumFinance.build/Debug/MomentumFinanceCore.build/MomentumFinanceCore-all-target-headers.hmap -Xcc -iquote -Xcc /Users/danielstevens/Library/Developer/Xcode/DerivedData/MomentumFinance-dbvplmepuyroisccmfovuxanpkmn/Build/Intermediates.noindex/MomentumFinance.build/Debug/MomentumFinanceCore.build/MomentumFinanceCore-project-headers.hmap -Xcc -I/Users/danielstevens/Library/Developer/Xcode/DerivedData/MomentumFinance-dbvplmepuyroisccmfovuxanpkmn/Build/Products/Debug/include -Xcc -I/Users/danielstevens/Library/Developer/Xcode/DerivedData/MomentumFinance-dbvplmepuyroisccmfovuxanpkmn/Build/Intermediates.noindex/MomentumFinance.build/Debug/MomentumFinanceCore.build/DerivedSources-normal/arm64 -Xcc -I/Users/danielstevens/Library/Developer/Xcode/DerivedData/MomentumFinance-dbvplmepuyroisccmfovuxanpkmn/Build/Intermediates.noindex/MomentumFinance.build/Debug/MomentumFinanceCore.build/DerivedSources/arm64 -Xcc -I/Users/danielstevens/Library/Developer/Xcode/DerivedData/MomentumFinance-dbvplmepuyroisccmfovuxanpkmn/Build/Intermediates.noindex/MomentumFinance.build/Debug/MomentumFinanceCore.build/DerivedSources -Xcc -DDEBUG\=1 -emit-objc-header -emit-objc-header-path /Users/danielstevens/Library/Developer/Xcode/DerivedData/MomentumFinance-dbvplmepuyroisccmfovuxanpkmn/Build/Intermediates.noindex/MomentumFinance.build/Debug/MomentumFinanceCore.build/Objects-normal/arm64/MomentumFinanceCore-Swift.h -working-directory /Users/danielstevens/Desktop/Quantum-workspace/Projects/MomentumFinance -experimental-emit-module-separately -disable-cmo
error: Build input files cannot be found: '/Users/danielstevens/Desktop/Quantum-workspace/Projects/MomentumFinance/test_modelsTests.swift', '/Users/danielstevens/Desktop/Quantum-workspace/Projects/MomentumFinance/test_minimal_appTests.swift', '/Users/danielstevens/Desktop/Quantum-workspace/Projects/MomentumFinance/UpdatedMomentumFinanceAppTests.swift', '/Users/danielstevens/Desktop/Quantum-workspace/Projects/MomentumFinance/TransactionsViewModelTests.swift', '/Users/danielstevens/Desktop/Quantum-workspace/Projects/MomentumFinance/TransactionStatsCardTests.swift', '/Users/danielstevens/Desktop/Quantum-workspace/Projects/MomentumFinance/TransactionRowViewTests.swift', '/Users/danielstevens/Desktop/Quantum-workspace/Projects/MomentumFinance/TransactionPatternDetectionTests.swift', '/Users/danielstevens/Desktop/Quantum-workspace/Projects/MomentumFinance/TransactionPatternAnalyzerTests.swift', '/Users/danielstevens/Desktop/Quantum-workspace/Projects/MomentumFinance/TransactionListViewTests.swift', '/Users/danielstevens/Desktop/Quantum-workspace/Projects/MomentumFinance/TransactionFilterTests.swift', '/Users/danielstevens/Desktop/Quantum-workspace/Projects/MomentumFinance/TransactionEmptyStateViewTests.swift', '/Users/danielstevens/Desktop/Quantum-workspace/Projects/MomentumFinance/TransactionDetailViewTests.swift', '/Users/danielstevens/Desktop/Quantum-workspace/Projects/MomentumFinance/TransactionComponentsTests.swift', '/Users/danielstevens/Desktop/Quantum-workspace/Projects/MomentumFinance/TabSectionTests.swift', '/Users/danielstevens/Desktop/Quantum-workspace/Projects/MomentumFinance/SubscriptionsViewTests.swift', '/Users/danielstevens/Desktop/Quantum-workspace/Projects/MomentumFinance/SubscriptionsViewModelTests.swift', '/Users/danielstevens/Desktop/Quantum-workspace/Projects/MomentumFinance/SubscriptionSummaryViewsTests.swift', '/Users/danielstevens/Desktop/Quantum-workspace/Projects/MomentumFinance/SubscriptionRowViewsTests.swift', '/Users/danielstevens/Desktop/Quantum-workspace/Projects/MomentumFinance/SubscriptionManagementViewsTests.swift', '/Users/danielstevens/Desktop/Quantum-workspace/Projects/MomentumFinance/SimpleTransactionSectionHeaderTests.swift', '/Users/danielstevens/Desktop/Quantum-workspace/Projects/MomentumFinance/SimpleDashboardViewTests.swift', '/Users/danielstevens/Desktop/Quantum-workspace/Projects/MomentumFinance/SearchTypesTests.swift', '/Users/danielstevens/Desktop/Quantum-workspace/Projects/MomentumFinance/SearchResultsComponentTests.swift', '/Users/danielstevens/Desktop/Quantum-workspace/Projects/MomentumFinance/SearchHeaderComponentTests.swift', '/Users/danielstevens/Desktop/Quantum-workspace/Projects/MomentumFinance/SearchEngineServiceTests.swift', '/Users/danielstevens/Desktop/Quantum-workspace/Projects/MomentumFinance/SearchAndFilterSectionTests.swift', '/Users/danielstevens/Desktop/Quantum-workspace/Projects/MomentumFinance/SavingsGoalViewsTests.swift', '/Users/danielstevens/Desktop/Quantum-workspace/Projects/MomentumFinance/SavingsGoalManagementViewsTests.swift', '/Users/danielstevens/Desktop/Quantum-workspace/Projects/MomentumFinance/ReportsViewsTests.swift', '/Users/danielstevens/Desktop/Quantum-workspace/Projects/MomentumFinance/PerformanceManagerTests.swift', '/Users/danielstevens/Desktop/Quantum-workspace/Projects/MomentumFinance/OptimizationSuggestionsTests.swift', '/Users/danielstevens/Desktop/Quantum-workspace/Projects/MomentumFinance/NotificationsViewTests.swift', '/Users/danielstevens/Desktop/Quantum-workspace/Projects/MomentumFinance/NotificationCenterViewTests.swift', '/Users/danielstevens/Desktop/Quantum-workspace/Projects/MomentumFinance/NavigationTypesTests.swift', '/Users/danielstevens/Desktop/Quantum-workspace/Projects/MomentumFinance/NavigationCoordinatorTests.swift', '/Users/danielstevens/Desktop/Quantum-workspace/Projects/MomentumFinance/MomentumFinanceTypesTests.swift', '/Users/danielstevens/Desktop/Quantum-workspace/Projects/MomentumFinance/MacOS_UI_EnhancementsTests.swift', '/Users/danielstevens/Desktop/Quantum-workspace/Projects/MomentumFinance/MacOSUIIntegrationTests.swift', '/Users/danielstevens/Desktop/Quantum-workspace/Projects/MomentumFinance/MacOSNavigationTypesTests.swift', '/Users/danielstevens/Desktop/Quantum-workspace/Projects/MomentumFinance/KeyboardShortcutManagerTests.swift', '/Users/danielstevens/Desktop/Quantum-workspace/Projects/MomentumFinance/InsightsWidgetTests.swift', '/Users/danielstevens/Desktop/Quantum-workspace/Projects/MomentumFinance/InsightsViewTests.swift', '/Users/danielstevens/Desktop/Quantum-workspace/Projects/MomentumFinance/InsightsSummaryWidgetTests.swift', '/Users/danielstevens/Desktop/Quantum-workspace/Projects/MomentumFinance/InsightsLoadingViewTests.swift', '/Users/danielstevens/Desktop/Quantum-workspace/Projects/MomentumFinance/InsightsFilterBarTests.swift', '/Users/danielstevens/Desktop/Quantum-workspace/Projects/MomentumFinance/InsightsEmptyStateViewTests.swift', '/Users/danielstevens/Desktop/Quantum-workspace/Projects/MomentumFinance/InsightRowViewTests.swift', '/Users/danielstevens/Desktop/Quantum-workspace/Projects/MomentumFinance/InsightDetailViewTests.swift', '/Users/danielstevens/Desktop/Quantum-workspace/Projects/MomentumFinance/ImportValidatorTests.swift', '/Users/danielstevens/Desktop/Quantum-workspace/Projects/MomentumFinance/HapticManagerTests.swift', '/Users/danielstevens/Desktop/Quantum-workspace/Projects/MomentumFinance/GoalsAndReportsViewTests.swift', '/Users/danielstevens/Desktop/Quantum-workspace/Projects/MomentumFinance/GoalsAndReportsViewModelTests.swift', '/Users/danielstevens/Desktop/Quantum-workspace/Projects/MomentumFinance/GoalUtilityViewsTests.swift', '/Users/danielstevens/Desktop/Quantum-workspace/Projects/MomentumFinance/GlobalSearchViewTests.swift', '/Users/danielstevens/Desktop/Quantum-workspace/Projects/MomentumFinance/FormattingUtilitiesTests.swift', '/Users/danielstevens/Desktop/Quantum-workspace/Projects/MomentumFinance/FinancialSummaryCardTests.swift', '/Users/danielstevens/Desktop/Quantum-workspace/Projects/MomentumFinance/FinancialMLModelsTests.swift', '/Users/danielstevens/Desktop/Quantum-workspace/Projects/MomentumFinance/FinancialIntelligenceServiceTests.swift', '/Users/danielstevens/Desktop/Quantum-workspace/Projects/MomentumFinance/FinancialIntelligenceService.SpendingTests.swift', '/Users/danielstevens/Desktop/Quantum-workspace/Projects/MomentumFinance/FinancialIntelligenceService.HelpersTests.swift', '/Users/danielstevens/Desktop/Quantum-workspace/Projects/MomentumFinance/FinancialIntelligenceService.ForecastingTests.swift', '/Users/danielstevens/Desktop/Quantum-workspace/Projects/MomentumFinance/FinancialIntelligenceService.AnomalyTests.swift', '/Users/danielstevens/Desktop/Quantum-workspace/Projects/MomentumFinance/FinancialInsightModelsTests.swift', '/Users/danielstevens/Desktop/Quantum-workspace/Projects/MomentumFinance/FinancialForecastingTests.swift', '/Users/danielstevens/Desktop/Quantum-workspace/Projects/MomentumFinance/FeaturesTests.swift', '/Users/danielstevens/Desktop/Quantum-workspace/Projects/MomentumFinance/EntityManagerTests.swift', '/Users/danielstevens/Desktop/Quantum-workspace/Projects/MomentumFinance/EnhancedSubscriptionDetailViewTests.swift', '/Users/danielstevens/Desktop/Quantum-workspace/Projects/MomentumFinance/EnhancedReportsSectionViewsTests.swift', '/Users/danielstevens/Desktop/Quantum-workspace/Projects/MomentumFinance/EnhancedGoalsSectionViewsTests.swift', '/Users/danielstevens/Desktop/Quantum-workspace/Projects/MomentumFinance/EnhancedDetailViewsTests.swift', '/Users/danielstevens/Desktop/Quantum-workspace/Projects/MomentumFinance/EnhancedContentView_macOSTests.swift', '/Users/danielstevens/Desktop/Quantum-workspace/Projects/MomentumFinance/EnhancedBudgetDetailViewTests.swift', '/Users/danielstevens/Desktop/Quantum-workspace/Projects/MomentumFinance/EnhancedAccountDetailViewTests.swift', '/Users/danielstevens/Desktop/Quantum-workspace/Projects/MomentumFinance/DragAndDropSupportTests.swift', '/Users/danielstevens/Desktop/Quantum-workspace/Projects/MomentumFinance/DependenciesTests.swift', '/Users/danielstevens/Desktop/Quantum-workspace/Projects/MomentumFinance/DataParserTests.swift', '/Users/danielstevens/Desktop/Quantum-workspace/Projects/MomentumFinance/DataImportHelpersTests.swift', '/Users/danielstevens/Desktop/Quantum-workspace/Projects/MomentumFinance/DataExporter_OriginalTests.swift', '/Users/danielstevens/Desktop/Quantum-workspace/Projects/MomentumFinance/DashboardWelcomeHeaderTests.swift', '/Users/danielstevens/Desktop/Quantum-workspace/Projects/MomentumFinance/DashboardViewTests.swift', '/Users/danielstevens/Desktop/Quantum-workspace/Projects/MomentumFinance/DashboardViewModelTests.swift', '/Users/danielstevens/Desktop/Quantum-workspace/Projects/MomentumFinance/DashboardUpcomingSubscriptionsTests.swift', '/Users/danielstevens/Desktop/Quantum-workspace/Projects/MomentumFinance/DashboardSubscriptionsSectionTests.swift', '/Users/danielstevens/Desktop/Quantum-workspace/Projects/MomentumFinance/DashboardQuickActionsTests.swift', '/Users/danielstevens/Desktop/Quantum-workspace/Projects/MomentumFinance/DashboardInsightsTests.swift', '/Users/danielstevens/Desktop/Quantum-workspace/Projects/MomentumFinance/DashboardComponentsTests.swift', '/Users/danielstevens/Desktop/Quantum-workspace/Projects/MomentumFinance/DashboardBudgetProgressTests.swift', '/Users/danielstevens/Desktop/Quantum-workspace/Projects/MomentumFinance/DashboardAccountsSummaryTests.swift', '/Users/danielstevens/Desktop/Quantum-workspace/Projects/MomentumFinance/ContentView_macOSTests.swift', '/Users/danielstevens/Desktop/Quantum-workspace/Projects/MomentumFinance/CategoryTransactionsViewTests.swift', '/Users/danielstevens/Desktop/Quantum-workspace/Projects/MomentumFinance/BudgetsViewTests.swift', '/Users/danielstevens/Desktop/Quantum-workspace/Projects/MomentumFinance/BudgetsViewModelTests.swift', '/Users/danielstevens/Desktop/Quantum-workspace/Projects/MomentumFinance/BudgetRecommendationsTests.swift', '/Users/danielstevens/Desktop/Quantum-workspace/Projects/MomentumFinance/BreadcrumbNavigationTests.swift', '/Users/danielstevens/Desktop/Quantum-workspace/Projects/MomentumFinance/AnomalyDetectionTests.swift', '/Users/danielstevens/Desktop/Quantum-workspace/Projects/MomentumFinance/AdvancedFinancialIntelligenceTests.swift', '/Users/danielstevens/Desktop/Quantum-workspace/Projects/MomentumFinance/AddTransactionViewTests.swift', '/Users/danielstevens/Desktop/Quantum-workspace/Projects/MomentumFinance/AccountsListViewTests.swift', '/Users/danielstevens/Desktop/Quantum-workspace/Projects/MomentumFinance/AccountDetailViewTests.swift'. Did you forget to declare these files as outputs of any script phases or custom build rules which produce them? (in target 'MomentumFinanceCore' from project 'MomentumFinance')


Test session results, code coverage, and logs:
	/Users/danielstevens/Library/Developer/Xcode/DerivedData/MomentumFinance-dbvplmepuyroisccmfovuxanpkmn/Logs/Test/Test-MomentumFinance-2025.11.04_07-43-21--0600.xcresult

Testing failed:
	Build input files cannot be found: '/Users/danielstevens/Desktop/Quantum-workspace/Projects/MomentumFinance/test_modelsTests.swift', '/Users/danielstevens/Desktop/Quantum-workspace/Projects/MomentumFinance/test_minimal_appTests.swift', '/Users/danielstevens/Desktop/Quantum-workspace/Projects/MomentumFinance/UpdatedMomentumFinanceAppTests.swift', '/Users/danielstevens/Desktop/Quantum-workspace/Projects/MomentumFinance/TransactionsViewModelTests.swift', '/Users/danielstevens/Desktop/Quantum-workspace/Projects/MomentumFinance/TransactionStatsCardTests.swift', '/Users/danielstevens/Desktop/Quantum-workspace/Projects/MomentumFinance/TransactionRowViewTests.swift', '/Users/danielstevens/Desktop/Quantum-workspace/Projects/MomentumFinance/TransactionPatternDetectionTests.swift', '/Users/danielstevens/Desktop/Quantum-workspace/Projects/MomentumFinance/TransactionPatternAnalyzerTests.swift', '/Users/danielstevens/Desktop/Quantum-workspace/Projects/MomentumFinance/TransactionListViewTests.swift', '/Users/danielstevens/Desktop/Quantum-workspace/Projects/MomentumFinance/TransactionFilterTests.swift', '/Users/danielstevens/Desktop/Quantum-workspace/Projects/MomentumFinance/TransactionEmptyStateViewTests.swift', '/Users/danielstevens/Desktop/Quantum-workspace/Projects/MomentumFinance/TransactionDetailViewTests.swift', '/Users/danielstevens/Desktop/Quantum-workspace/Projects/MomentumFinance/TransactionComponentsTests.swift', '/Users/danielstevens/Desktop/Quantum-workspace/Projects/MomentumFinance/TabSectionTests.swift', '/Users/danielstevens/Desktop/Quantum-workspace/Projects/MomentumFinance/SubscriptionsViewTests.swift', '/Users/danielstevens/Desktop/Quantum-workspace/Projects/MomentumFinance/SubscriptionsViewModelTests.swift', '/Users/danielstevens/Desktop/Quantum-workspace/Projects/MomentumFinance/SubscriptionSummaryViewsTests.swift', '/Users/danielstevens/Desktop/Quantum-workspace/Projects/MomentumFinance/SubscriptionRowViewsTests.swift', '/Users/danielstevens/Desktop/Quantum-workspace/Projects/MomentumFinance/SubscriptionManagementViewsTests.swift', '/Users/danielstevens/Desktop/Quantum-workspace/Projects/MomentumFinance/SimpleTransactionSectionHeaderTests.swift', '/Users/danielstevens/Desktop/Quantum-workspace/Projects/MomentumFinance/SimpleDashboardViewTests.swift', '/Users/danielstevens/Desktop/Quantum-workspace/Projects/MomentumFinance/SearchTypesTests.swift', '/Users/danielstevens/Desktop/Quantum-workspace/Projects/MomentumFinance/SearchResultsComponentTests.swift', '/Users/danielstevens/Desktop/Quantum-workspace/Projects/MomentumFinance/SearchHeaderComponentTests.swift', '/Users/danielstevens/Desktop/Quantum-workspace/Projects/MomentumFinance/SearchEngineServiceTests.swift', '/Users/danielstevens/Desktop/Quantum-workspace/Projects/MomentumFinance/SearchAndFilterSectionTests.swift', '/Users/danielstevens/Desktop/Quantum-workspace/Projects/MomentumFinance/SavingsGoalViewsTests.swift', '/Users/danielstevens/Desktop/Quantum-workspace/Projects/MomentumFinance/SavingsGoalManagementViewsTests.swift', '/Users/danielstevens/Desktop/Quantum-workspace/Projects/MomentumFinance/ReportsViewsTests.swift', '/Users/danielstevens/Desktop/Quantum-workspace/Projects/MomentumFinance/PerformanceManagerTests.swift', '/Users/danielstevens/Desktop/Quantum-workspace/Projects/MomentumFinance/OptimizationSuggestionsTests.swift', '/Users/danielstevens/Desktop/Quantum-workspace/Projects/MomentumFinance/NotificationsViewTests.swift', '/Users/danielstevens/Desktop/Quantum-workspace/Projects/MomentumFinance/NotificationCenterViewTests.swift', '/Users/danielstevens/Desktop/Quantum-workspace/Projects/MomentumFinance/NavigationTypesTests.swift', '/Users/danielstevens/Desktop/Quantum-workspace/Projects/MomentumFinance/NavigationCoordinatorTests.swift', '/Users/danielstevens/Desktop/Quantum-workspace/Projects/MomentumFinance/MomentumFinanceTypesTests.swift', '/Users/danielstevens/Desktop/Quantum-workspace/Projects/MomentumFinance/MacOS_UI_EnhancementsTests.swift', '/Users/danielstevens/Desktop/Quantum-workspace/Projects/MomentumFinance/MacOSUIIntegrationTests.swift', '/Users/danielstevens/Desktop/Quantum-workspace/Projects/MomentumFinance/MacOSNavigationTypesTests.swift', '/Users/danielstevens/Desktop/Quantum-workspace/Projects/MomentumFinance/KeyboardShortcutManagerTests.swift', '/Users/danielstevens/Desktop/Quantum-workspace/Projects/MomentumFinance/InsightsWidgetTests.swift', '/Users/danielstevens/Desktop/Quantum-workspace/Projects/MomentumFinance/InsightsViewTests.swift', '/Users/danielstevens/Desktop/Quantum-workspace/Projects/MomentumFinance/InsightsSummaryWidgetTests.swift', '/Users/danielstevens/Desktop/Quantum-workspace/Projects/MomentumFinance/InsightsLoadingViewTests.swift', '/Users/danielstevens/Desktop/Quantum-workspace/Projects/MomentumFinance/InsightsFilterBarTests.swift', '/Users/danielstevens/Desktop/Quantum-workspace/Projects/MomentumFinance/InsightsEmptyStateViewTests.swift', '/Users/danielstevens/Desktop/Quantum-workspace/Projects/MomentumFinance/InsightRowViewTests.swift', '/Users/danielstevens/Desktop/Quantum-workspace/Projects/MomentumFinance/InsightDetailViewTests.swift', '/Users/danielstevens/Desktop/Quantum-workspace/Projects/MomentumFinance/ImportValidatorTests.swift', '/Users/danielstevens/Desktop/Quantum-workspace/Projects/MomentumFinance/HapticManagerTests.swift', '/Users/danielstevens/Desktop/Quantum-workspace/Projects/MomentumFinance/GoalsAndReportsViewTests.swift', '/Users/danielstevens/Desktop/Quantum-workspace/Projects/MomentumFinance/GoalsAndReportsViewModelTests.swift', '/Users/danielstevens/Desktop/Quantum-workspace/Projects/MomentumFinance/GoalUtilityViewsTests.swift', '/Users/danielstevens/Desktop/Quantum-workspace/Projects/MomentumFinance/GlobalSearchViewTests.swift', '/Users/danielstevens/Desktop/Quantum-workspace/Projects/MomentumFinance/FormattingUtilitiesTests.swift', '/Users/danielstevens/Desktop/Quantum-workspace/Projects/MomentumFinance/FinancialSummaryCardTests.swift', '/Users/danielstevens/Desktop/Quantum-workspace/Projects/MomentumFinance/FinancialMLModelsTests.swift', '/Users/danielstevens/Desktop/Quantum-workspace/Projects/MomentumFinance/FinancialIntelligenceServiceTests.swift', '/Users/danielstevens/Desktop/Quantum-workspace/Projects/MomentumFinance/FinancialIntelligenceService.SpendingTests.swift', '/Users/danielstevens/Desktop/Quantum-workspace/Projects/MomentumFinance/FinancialIntelligenceService.HelpersTests.swift', '/Users/danielstevens/Desktop/Quantum-workspace/Projects/MomentumFinance/FinancialIntelligenceService.ForecastingTests.swift', '/Users/danielstevens/Desktop/Quantum-workspace/Projects/MomentumFinance/FinancialIntelligenceService.AnomalyTests.swift', '/Users/danielstevens/Desktop/Quantum-workspace/Projects/MomentumFinance/FinancialInsightModelsTests.swift', '/Users/danielstevens/Desktop/Quantum-workspace/Projects/MomentumFinance/FinancialForecastingTests.swift', '/Users/danielstevens/Desktop/Quantum-workspace/Projects/MomentumFinance/FeaturesTests.swift', '/Users/danielstevens/Desktop/Quantum-workspace/Projects/MomentumFinance/EntityManagerTests.swift', '/Users/danielstevens/Desktop/Quantum-workspace/Projects/MomentumFinance/EnhancedSubscriptionDetailViewTests.swift', '/Users/danielstevens/Desktop/Quantum-workspace/Projects/MomentumFinance/EnhancedReportsSectionViewsTests.swift', '/Users/danielstevens/Desktop/Quantum-workspace/Projects/MomentumFinance/EnhancedGoalsSectionViewsTests.swift', '/Users/danielstevens/Desktop/Quantum-workspace/Projects/MomentumFinance/EnhancedDetailViewsTests.swift', '/Users/danielstevens/Desktop/Quantum-workspace/Projects/MomentumFinance/EnhancedContentView_macOSTests.swift', '/Users/danielstevens/Desktop/Quantum-workspace/Projects/MomentumFinance/EnhancedBudgetDetailViewTests.swift', '/Users/danielstevens/Desktop/Quantum-workspace/Projects/MomentumFinance/EnhancedAccountDetailViewTests.swift', '/Users/danielstevens/Desktop/Quantum-workspace/Projects/MomentumFinance/DragAndDropSupportTests.swift', '/Users/danielstevens/Desktop/Quantum-workspace/Projects/MomentumFinance/DependenciesTests.swift', '/Users/danielstevens/Desktop/Quantum-workspace/Projects/MomentumFinance/DataParserTests.swift', '/Users/danielstevens/Desktop/Quantum-workspace/Projects/MomentumFinance/DataImportHelpersTests.swift', '/Users/danielstevens/Desktop/Quantum-workspace/Projects/MomentumFinance/DataExporter_OriginalTests.swift', '/Users/danielstevens/Desktop/Quantum-workspace/Projects/MomentumFinance/DashboardWelcomeHeaderTests.swift', '/Users/danielstevens/Desktop/Quantum-workspace/Projects/MomentumFinance/DashboardViewTests.swift', '/Users/danielstevens/Desktop/Quantum-workspace/Projects/MomentumFinance/DashboardViewModelTests.swift', '/Users/danielstevens/Desktop/Quantum-workspace/Projects/MomentumFinance/DashboardUpcomingSubscriptionsTests.swift', '/Users/danielstevens/Desktop/Quantum-workspace/Projects/MomentumFinance/DashboardSubscriptionsSectionTests.swift', '/Users/danielstevens/Desktop/Quantum-workspace/Projects/MomentumFinance/DashboardQuickActionsTests.swift', '/Users/danielstevens/Desktop/Quantum-workspace/Projects/MomentumFinance/DashboardInsightsTests.swift', '/Users/danielstevens/Desktop/Quantum-workspace/Projects/MomentumFinance/DashboardComponentsTests.swift', '/Users/danielstevens/Desktop/Quantum-workspace/Projects/MomentumFinance/DashboardBudgetProgressTests.swift', '/Users/danielstevens/Desktop/Quantum-workspace/Projects/MomentumFinance/DashboardAccountsSummaryTests.swift', '/Users/danielstevens/Desktop/Quantum-workspace/Projects/MomentumFinance/ContentView_macOSTests.swift', '/Users/danielstevens/Desktop/Quantum-workspace/Projects/MomentumFinance/CategoryTransactionsViewTests.swift', '/Users/danielstevens/Desktop/Quantum-workspace/Projects/MomentumFinance/BudgetsViewTests.swift', '/Users/danielstevens/Desktop/Quantum-workspace/Projects/MomentumFinance/BudgetsViewModelTests.swift', '/Users/danielstevens/Desktop/Quantum-workspace/Projects/MomentumFinance/BudgetRecommendationsTests.swift', '/Users/danielstevens/Desktop/Quantum-workspace/Projects/MomentumFinance/BreadcrumbNavigationTests.swift', '/Users/danielstevens/Desktop/Quantum-workspace/Projects/MomentumFinance/AnomalyDetectionTests.swift', '/Users/danielstevens/Desktop/Quantum-workspace/Projects/MomentumFinance/AdvancedFinancialIntelligenceTests.swift', '/Users/danielstevens/Desktop/Quantum-workspace/Projects/MomentumFinance/AddTransactionViewTests.swift', '/Users/danielstevens/Desktop/Quantum-workspace/Projects/MomentumFinance/AccountsListViewTests.swift', '/Users/danielstevens/Desktop/Quantum-workspace/Projects/MomentumFinance/AccountDetailViewTests.swift'. Did you forget to declare these files as outputs of any script phases or custom build rules which produce them?
	Testing cancelled because the build failed.

** TEST FAILED **


The following build commands failed:
	SwiftDriver\ Compilation\ Requirements MomentumFinanceCore normal arm64 com.apple.xcode.tools.swift.compiler (in target 'MomentumFinanceCore' from project 'MomentumFinance')
	SwiftDriver\ Compilation MomentumFinanceCore normal arm64 com.apple.xcode.tools.swift.compiler (in target 'MomentumFinanceCore' from project 'MomentumFinance')
	Testing project MomentumFinance with scheme MomentumFinance
(3 failures)
